06-02 21:38:32.629 D/qdgralloc( 7609): GetTransportSize: num fds: 2 num ints: 22 err:0
06-02 21:38:32.630 D/qdgralloc( 1279): Imported handle: 0xe8e81a10 id: 1642
06-02 21:38:32.631 D/qdgralloc( 1279): GetTransportSize: num fds: 2 num ints: 22 err:0
06-02 21:38:32.632 D/qdgralloc(  710): Imported handle: 0xe05c3790 id: 1642
06-02 21:38:32.634 E/mm-camera(  710): <MCT   ><ERROR> 4828: mct_pipeline_process_serv_msg: pipeline blackjoe data->sessionid 3 pipeline->session 3 msgid 3
06-02 21:38:32.635 E/mm-camera(  710): <MCT   ><ERROR> 4299: mct_pipeline_process_set: command is 0x8000014 blackjoe CAM_PRIV_PARM 0x8000014
06-02 21:38:32.640 D/qdgralloc( 7609): Imported handle: 0x7c2ffe2b70 id: 1643
06-02 21:38:32.640 D/qdgralloc( 7609): GetTransportSize: num fds: 2 num ints: 22 err:0
06-02 21:38:32.600 E/        (    0): frame_src is 1 frame_id is 2 blackjoe
06-02 21:38:32.641 D/qdgralloc( 1279): Imported handle: 0xe8e80d90 id: 1643
06-02 21:38:32.642 D/qdgralloc( 1279): GetTransportSize: num fds: 2 num ints: 22 err:0
06-02 21:38:32.643 D/qdgralloc(  710): Imported handle: 0xe05c0590 id: 1643
06-02 21:38:32.645 E/mm-camera(  710): <MCT   ><ERROR> 4828: mct_pipeline_process_serv_msg: pipeline blackjoe data->sessionid 3 pipeline->session 3 msgid 3
06-02 21:38:32.645 E/mm-camera(  710): <MCT   ><ERROR> 4299: mct_pipeline_process_set: command is 0x8000014 blackjoe CAM_PRIV_PARM 0x8000014
06-02 21:38:32.650 D/qdgralloc( 7609): Imported handle: 0x7c2ffe9c80 id: 1644
06-02 21:38:32.650 D/qdgralloc( 7609): GetTransportSize: num fds: 2 num ints: 22 err:0
06-02 21:38:32.650 E/mm-camera(  710): <SENSOR><ERROR> 4883: sensor_get_frame_duration: resolution is invalid, it seems stream has stopped.
06-02 21:38:32.651 E/mm-camera(  710): <SENSOR><ERROR> 884: sensor_fc_report_meta: Failed to get frame duration
06-02 21:38:32.651 E/mm-camera(  710): <SENSOR><ERROR> 4805: sensor_get_exposure_time: resolution is invalid, it seems stream has stopped.
06-02 21:38:32.651 E/mm-camera(  710): <SENSOR><ERROR> 904: sensor_fc_report_meta: Failed to get exposure time
06-02 21:38:32.651 D/qdgralloc( 1279): Imported handle: 0xe8e81110 id: 1644
06-02 21:38:32.651 D/qdgralloc( 1279): GetTransportSize: num fds: 2 num ints: 22 err:0
06-02 21:38:32.652 E/mm-camera(  710): <MCT   ><ERROR> 2722: mct_stream_process_bus_msg: Check the runing function blackjoe 
06-02 21:38:32.652 E/mm-camera(  710): <MCT   ><ERROR> 2755: mct_stream_process_bus_msg: isp_sof_bus_msg is 0xe88013c0
06-02 21:38:32.653 E/mm-camera(  710): <MCT   ><ERROR> 2757: mct_stream_process_bus_msg: frameid is 2 hal_version is 3
06-02 21:38:32.653 E/mm-camera(  710): <MCT   ><ERROR> 2759: mct_stream_process_bus_msg: kstate_ptr is 0xe5a85a84, isp_kstate_ptr is 0xe9788000
06-02 21:38:32.653 D/qdgralloc(  710): Imported handle: 0xe05c0890 id: 1644
06-02 21:38:32.653 E/mm-camera(  710): <MCT   ><ERROR> 2765: mct_stream_process_bus_msg: frame_id is 2
06-02 21:38:32.653 E/QCamera (  710): <MCI><ERROR> mm_stream_data_notify: 337: E, my_handle = 0x8100, fd = 68, state = 6 blackjoe
06-02 21:38:32.654 E/QCamera (  710): <MCI><ERROR> mm_stream_read_msm_frame: 1723: E, my_handle = 0x8100, fd = 68, state = 6 blackjoe
06-02 21:38:32.654 I/QCamera (  710): <MCI><INFO> mm_stream_read_msm_frame: 1770: VIDIOC_DQBUF buf_index 1, frame_idx 1, stream type 7, rc 0,queued: 17, buf_type = 0 flags = 8192 FD = 68 my_num 0 buf fd 84
06-02 21:38:32.654 E/QCamera (  710): <MCI><ERROR> mm_stream_read_msm_frame: 1790: X rc = 0
06-02 21:38:32.654 I/QCamera (  710): <MCI><INFO> mm_stream_handle_rcvd_buf: 220: E, my_handle = 0x8100, fd = 68, state = 6
06-02 21:38:32.654 I/QCamera (  710): <MCI><INFO> mm_stream_handle_rcvd_buf: 244: has cb and it is active by blackjoe
06-02 21:38:32.655 I/QCamera (  710): <MCI><INFO> mm_stream_dispatch_app_data: 415: E, my_handle = 0x8100, fd = 68, state = 6
06-02 21:38:32.655 I/QCamera (  710): <MCI><INFO> mm_stream_dispatch_app_data: 436: frame_sync.is_active = 0, is_cb_active = 1
06-02 21:38:32.655 I/QCamera (  710): <MCI><INFO> mm_stream_dispatch_app_data: 457: Enter callback by blackjoe
06-02 21:38:32.656 E/mm-camera(  710): <STATS_AIS ><ERROR> 1316: dsps_process_response_gyro: Query request denied, error code = 5, QId_valid = 1, QueryId = 0x20a, AckNak_valid = 1, AckNak = 3
06-02 21:38:32.656 E/mm-camera(  710): <MCT   ><ERROR> 4828: mct_pipeline_process_serv_msg: pipeline blackjoe data->sessionid 3 pipeline->session 3 msgid 3
06-02 21:38:32.657 E/mm-camera(  710): <MCT   ><ERROR> 4299: mct_pipeline_process_set: command is 0x8000014 blackjoe CAM_PRIV_PARM 0x8000014
06-02 21:38:32.634 E/        (    0): frame_src is 1 frame_id is 3 blackjoe
06-02 21:38:32.685 E/mm-camera(  710): <SENSOR><ERROR> 4883: sensor_get_frame_duration: resolution is invalid, it seems stream has stopped.
06-02 21:38:32.685 E/mm-camera(  710): <SENSOR><ERROR> 884: sensor_fc_report_meta: Failed to get frame duration
06-02 21:38:32.685 E/mm-camera(  710): <SENSOR><ERROR> 4805: sensor_get_exposure_time: resolution is invalid, it seems stream has stopped.
06-02 21:38:32.685 E/mm-camera(  710): <SENSOR><ERROR> 904: sensor_fc_report_meta: Failed to get exposure time
06-02 21:38:32.686 E/mm-camera(  710): <MCT   ><ERROR> 2722: mct_stream_process_bus_msg: Check the runing function blackjoe 
06-02 21:38:32.687 E/mm-camera(  710): <MCT   ><ERROR> 2755: mct_stream_process_bus_msg: isp_sof_bus_msg is 0xe88018d0
06-02 21:38:32.687 E/mm-camera(  710): <MCT   ><ERROR> 2757: mct_stream_process_bus_msg: frameid is 3 hal_version is 3
06-02 21:38:32.687 E/mm-camera(  710): <MCT   ><ERROR> 2759: mct_stream_process_bus_msg: kstate_ptr is 0xe5a85a84, isp_kstate_ptr is 0xe9788000
06-02 21:38:32.687 E/mm-camera(  710): <MCT   ><ERROR> 2765: mct_stream_process_bus_msg: frame_id is 3
06-02 21:38:32.688 E/QCamera (  710): <MCI><ERROR> mm_stream_data_notify: 337: E, my_handle = 0x8100, fd = 68, state = 6 blackjoe
06-02 21:38:32.688 E/QCamera (  710): <MCI><ERROR> mm_stream_read_msm_frame: 1723: E, my_handle = 0x8100, fd = 68, state = 6 blackjoe
06-02 21:38:32.688 I/QCamera (  710): <MCI><INFO> mm_stream_read_msm_frame: 1770: VIDIOC_DQBUF buf_index 2, frame_idx 2, stream type 7, rc 0,queued: 17, buf_type = 0 flags = 8192 FD = 68 my_num 0 buf fd 86
06-02 21:38:32.688 E/QCamera (  710): <MCI><ERROR> mm_stream_read_msm_frame: 1790: X rc = 0
06-02 21:38:32.689 I/QCamera (  710): <MCI><INFO> mm_stream_handle_rcvd_buf: 220: E, my_handle = 0x8100, fd = 68, state = 6
06-02 21:38:32.689 I/QCamera (  710): <MCI><INFO> mm_stream_handle_rcvd_buf: 244: has cb and it is active by blackjoe
06-02 21:38:32.689 I/QCamera (  710): <MCI><INFO> mm_stream_dispatch_app_data: 415: E, my_handle = 0x8100, fd = 68, state = 6
06-02 21:38:32.689 I/QCamera (  710): <MCI><INFO> mm_stream_dispatch_app_data: 436: frame_sync.is_active = 0, is_cb_active = 1
06-02 21:38:32.690 I/QCamera (  710): <MCI><INFO> mm_stream_dispatch_app_data: 457: Enter callback by blackjoe
06-02 21:38:32.692 E/mm-camera(  710): <STATS_AIS ><ERROR> 1316: dsps_process_response_gyro: Query request denied, error code = 5, QId_valid = 1, QueryId = 0x30a, AckNak_valid = 1, AckNak = 3
06-02 21:38:32.679 D/logd    (    0): logdr: UID=0 GID=0 PID=27809 n tail=0 logMask=99 pid=0 start=0ns timeout=0ns
06-02 21:38:32.706 E/        (    0): frame_src is 1 frame_id is 4 blackjoe
06-02 21:38:32.757 E/QCamera (  710): <MCI><ERROR> mm_stream_data_notify: 337: E, my_handle = 0x8201, fd = 78, state = 6 blackjoe
06-02 21:38:32.757 E/QCamera (  710): <MCI><ERROR> mm_stream_read_msm_frame: 1723: E, my_handle = 0x8201, fd = 78, state = 6 blackjoe
06-02 21:38:32.757 E/mm-camera(  710): <SENSOR><ERROR> 4883: sensor_get_frame_duration: resolution is invalid, it seems stream has stopped.
06-02 21:38:32.757 I/QCamera (  710): <MCI><INFO> mm_stream_read_msm_frame: 1770: VIDIOC_DQBUF buf_index 6, frame_idx 3, stream type 8, rc 0,queued: 5, buf_type = 0 flags = 8192 FD = 78 my_num 0 buf fd 76
06-02 21:38:32.757 E/mm-camera(  710): <SENSOR><ERROR> 884: sensor_fc_report_meta: Failed to get frame duration
06-02 21:38:32.757 E/QCamera (  710): <MCI><ERROR> mm_stream_read_msm_frame: 1790: X rc = 0
06-02 21:38:32.758 E/mm-camera(  710): <SENSOR><ERROR> 4805: sensor_get_exposure_time: resolution is invalid, it seems stream has stopped.
06-02 21:38:32.758 I/QCamera (  710): <MCI><INFO> mm_stream_handle_rcvd_buf: 220: E, my_handle = 0x8201, fd = 78, state = 6
06-02 21:38:32.758 E/mm-camera(  710): <SENSOR><ERROR> 904: sensor_fc_report_meta: Failed to get exposure time
06-02 21:38:32.758 I/QCamera (  710): <MCI><INFO> mm_stream_handle_rcvd_buf: 244: has cb and it is active by blackjoe
06-02 21:38:32.758 I/QCamera (  710): <MCI><INFO> mm_stream_dispatch_app_data: 415: E, my_handle = 0x8201, fd = 78, state = 6
06-02 21:38:32.758 I/QCamera (  710): <MCI><INFO> mm_stream_dispatch_app_data: 436: frame_sync.is_active = 0, is_cb_active = 1
06-02 21:38:32.759 I/QCamera (  710): <MCI><INFO> mm_stream_dispatch_app_data: 457: Enter callback by blackjoe
06-02 21:38:32.759 E/mm-camera(  710): <MCT   ><ERROR> 2722: mct_stream_process_bus_msg: Check the runing function blackjoe 
06-02 21:38:32.759 E/mm-camera(  710): <MCT   ><ERROR> 2755: mct_stream_process_bus_msg: isp_sof_bus_msg is 0xe8800400
06-02 21:38:32.759 E/mm-camera(  710): <MCT   ><ERROR> 2757: mct_stream_process_bus_msg: frameid is 4 hal_version is 3
06-02 21:38:32.759 E/mm-camera(  710): <MCT   ><ERROR> 2759: mct_stream_process_bus_msg: kstate_ptr is 0xe5a85a84, isp_kstate_ptr is 0xe9788000
06-02 21:38:32.760 E/mm-camera(  710): <MCT   ><ERROR> 2765: mct_stream_process_bus_msg: frame_id is 4
06-02 21:38:32.760 E/QCamera (  710): <MCI><ERROR> mm_stream_data_notify: 337: E, my_handle = 0x8100, fd = 68, state = 6 blackjoe
06-02 21:38:32.760 E/QCamera (  710): <MCI><ERROR> mm_stream_read_msm_frame: 1723: E, my_handle = 0x8100, fd = 68, state = 6 blackjoe
06-02 21:38:32.761 I/QCamera (  710): <MCI><INFO> mm_stream_read_msm_frame: 1770: VIDIOC_DQBUF buf_index 3, frame_idx 3, stream type 7, rc 0,queued: 17, buf_type = 0 flags = 8192 FD = 68 my_num 0 buf fd 88
06-02 21:38:32.761 E/QCamera (  710): <MCI><ERROR> mm_stream_read_msm_frame: 1790: X rc = 0
06-02 21:38:32.761 I/QCamera (  710): <MCI><INFO> mm_stream_handle_rcvd_buf: 220: E, my_handle = 0x8100, fd = 68, state = 6
06-02 21:38:32.761 I/QCamera (  710): <MCI><INFO> mm_stream_handle_rcvd_buf: 244: has cb and it is active by blackjoe
06-02 21:38:32.762 I/QCamera (  710): <MCI><INFO> mm_stream_dispatch_app_data: 415: E, my_handle = 0x8100, fd = 68, state = 6
06-02 21:38:32.762 I/QCamera (  710): <MCI><INFO> mm_stream_dispatch_app_data: 436: frame_sync.is_active = 0, is_cb_active = 1
06-02 21:38:32.762 I/QCamera (  710): <MCI><INFO> mm_stream_dispatch_app_data: 457: Enter callback by blackjoe
06-02 21:38:32.764 E/mm-camera(  710): <STATS_AIS ><ERROR> 1316: dsps_process_response_gyro: Query request denied, error code = 5, QId_valid = 1, QueryId = 0x40a, AckNak_valid = 1, AckNak = 3
06-02 21:38:32.791 E/QCamera (  710): <MCI><ERROR> mm_stream_data_notify: 337: E, my_handle = 0x8201, fd = 78, state = 6 blackjoe
06-02 21:38:32.791 E/QCamera (  710): <MCI><ERROR> mm_stream_read_msm_frame: 1723: E, my_handle = 0x8201, fd = 78, state = 6 blackjoe
06-02 21:38:32.792 I/QCamera (  710): <MCI><INFO> mm_stream_read_msm_frame: 1770: VIDIOC_DQBUF buf_index 7, frame_idx 4, stream type 8, rc 0,queued: 4, buf_type = 0 flags = 8192 FD = 78 my_num 0 buf fd 127
06-02 21:38:32.793 E/QCamera (  710): <MCI><ERROR> mm_stream_read_msm_frame: 1790: X rc = 0
06-02 21:38:32.793 E/mm-camera(  710): <MCT   ><ERROR> 4828: mct_pipeline_process_serv_msg: pipeline blackjoe data->sessionid 3 pipeline->session 3 msgid 3
06-02 21:38:32.794 I/QCamera (  710): <MCI><INFO> mm_stream_handle_rcvd_buf: 220: E, my_handle = 0x8201, fd = 78, state = 6
06-02 21:38:32.794 E/mm-camera(  710): <MCT   ><ERROR> 4299: mct_pipeline_process_set: command is 0x8000014 blackjoe CAM_PRIV_PARM 0x8000014
06-02 21:38:32.794 I/QCamera (  710): <MCI><INFO> mm_stream_handle_rcvd_buf: 244: has cb and it is active by blackjoe
06-02 21:38:32.794 I/QCamera (  710): <MCI><INFO> mm_stream_dispatch_app_data: 415: E, my_handle = 0x8201, fd = 78, state = 6
06-02 21:38:32.794 I/QCamera (  710): <MCI><INFO> mm_stream_dispatch_app_data: 436: frame_sync.is_active = 0, is_cb_active = 1
06-02 21:38:32.795 I/QCamera (  710): <MCI><INFO> mm_stream_dispatch_app_data: 457: Enter callback by blackjoe
06-02 21:38:32.795 E/mm-camera(  710): <SENSOR><ERROR> 4883: sensor_get_frame_duration: resolution is invalid, it seems stream has stopped.
06-02 21:38:32.741 E/        (    0): frame_src is 1 frame_id is 5 blackjoe
06-02 21:38:32.795 I/BarCodeReader( 7609): Event message: 400, arg1=0x1, arg2=0
06-02 21:38:32.796 I/BarCodeReader( 7609): Event message: 10000, arg1=0x8b, arg2=18
06-02 21:38:32.798 E/mm-camera(  710): <SENSOR><ERROR> 884: sensor_fc_report_meta: Failed to get frame duration
06-02 21:38:32.798 E/mm-camera(  710): <SENSOR><ERROR> 4805: sensor_get_exposure_time: resolution is invalid, it seems stream has stopped.
06-02 21:38:32.799 E/mm-camera(  710): <SENSOR><ERROR> 904: sensor_fc_report_meta: Failed to get exposure time
06-02 21:38:32.800 E/mm-camera(  710): <MCT   ><ERROR> 2722: mct_stream_process_bus_msg: Check the runing function blackjoe 
06-02 21:38:32.800 E/mm-camera(  710): <MCT   ><ERROR> 2755: mct_stream_process_bus_msg: isp_sof_bus_msg is 0xe8800e20
06-02 21:38:32.803 E/mm-camera(  710): <MCT   ><ERROR> 2757: mct_stream_process_bus_msg: frameid is 5 hal_version is 3
06-02 21:38:32.804 E/mm-camera(  710): <MCT   ><ERROR> 2759: mct_stream_process_bus_msg: kstate_ptr is 0xe5a85a84, isp_kstate_ptr is 0xe9788000
06-02 21:38:32.804 E/mm-camera(  710): <MCT   ><ERROR> 2765: mct_stream_process_bus_msg: frame_id is 5
06-02 21:38:32.804 E/QCamera (  710): <MCI><ERROR> mm_stream_data_notify: 337: E, my_handle = 0x8100, fd = 68, state = 6 blackjoe
06-02 21:38:32.804 E/QCamera (  710): <MCI><ERROR> mm_stream_read_msm_frame: 1723: E, my_handle = 0x8100, fd = 68, state = 6 blackjoe
06-02 21:38:32.805 I/QCamera (  710): <MCI><INFO> mm_stream_read_msm_frame: 1770: VIDIOC_DQBUF buf_index 4, frame_idx 4, stream type 7, rc 0,queued: 17, buf_type = 0 flags = 8192 FD = 68 my_num 0 buf fd 90
06-02 21:38:32.805 E/QCamera (  710): <MCI><ERROR> mm_stream_read_msm_frame: 1790: X rc = 0
06-02 21:38:32.806 I/QCamera (  710): <MCI><INFO> mm_stream_handle_rcvd_buf: 220: E, my_handle = 0x8100, fd = 68, state = 6
06-02 21:38:32.806 I/QCamera (  710): <MCI><INFO> mm_stream_handle_rcvd_buf: 244: has cb and it is active by blackjoe
06-02 21:38:32.806 I/QCamera (  710): <MCI><INFO> mm_stream_dispatch_app_data: 415: E, my_handle = 0x8100, fd = 68, state = 6
06-02 21:38:32.806 I/QCamera (  710): <MCI><INFO> mm_stream_dispatch_app_data: 436: frame_sync.is_active = 0, is_cb_active = 1
06-02 21:38:32.807 E/mm-camera(  710): <STATS_AIS ><ERROR> 1316: dsps_process_response_gyro: Query request denied, error code = 5, QId_valid = 1, QueryId = 0x50a, AckNak_valid = 1, AckNak = 3
06-02 21:38:32.807 I/QCamera (  710): <MCI><INFO> mm_stream_dispatch_app_data: 457: Enter callback by blackjoe
06-02 21:38:32.810 I/EffectsFactory(  706): EffectCreate() create_effect
06-02 21:38:32.775 E/        (    0): frame_src is 1 frame_id is 6 blackjoe
06-02 21:38:32.814 W/APM::AudioPolicyEngine(  840): getDevicesForStrategy() unknown strategy: -1
06-02 21:38:32.804 E/qcom-lpi-pinctrl 15070000.lpi_pinctrl(    0): lpi_pinctrl_runtime_resume: unable to get core clk handle -2
06-02 21:38:32.810 I/__afe_port_start(    0): port id: 0x102e
06-02 21:38:32.810 I/afe_find_cal_topo_id_by_port(    0): port id: 0x102e, dev_acdb_id: 0
06-02 21:38:32.810 I/afe_find_cal_topo_id_by_port(    0): top_id:1025e acdb_id:15 afe_port:0x102e
06-02 21:38:32.810 I/afe_get_cal_topology_id(    0): port_id = 0x102e acdb_id = 15 topology_id = 0x1025e cal_type_index=8 ret=0
06-02 21:38:32.815 W/APM::AudioPolicyEngine(  840): getDevicesForStrategy() unknown strategy: -1
06-02 21:38:32.821 E/volume_listener(  706): check_and_set_gain_dep_cal: Failed to set gain dep cal level
06-02 21:38:32.821 D/audio_hw_primary(  706): start_output_stream: enter: stream(0xef9c21a0)usecase(1: low-latency-playback) devices(0x2) is_haptic_usecase(0)
06-02 21:38:32.822 D/audio_hw_primary(  706): select_devices for use case (low-latency-playback)
06-02 21:38:32.811 I/afe_send_port_topology_id(    0): AFE set topology id 0x1025e  enable for port 0x102e ret 0
06-02 21:38:32.811 I/send_afe_cal_type(    0): cal_index is 0
06-02 21:38:32.811 I/send_afe_cal_type(    0): dev_acdb_id[130] is 0
06-02 21:38:32.811 I/send_afe_cal_type(    0): Sending cal_index cal 0
06-02 21:38:32.813 I/afe_send_hw_delay(    0): port_id 0x102e rate 48000 delay_usec 474 status 0
06-02 21:38:32.823 I/msm8974_platform(  706): platform_check_and_set_codec_backend_cfg:becf: afe: bitwidth 16, samplerate 48000 channels 2, backend_idx 0 usecase = 1 device (speaker)
06-02 21:38:32.848 E/        (    0): frame_src is 1 frame_id is 7 blackjoe
06-02 21:38:32.823 I/msm8974_platform(  706): platform_check_and_set_codec_backend_cfg: new_snd_devices[0] is 2
06-02 21:38:32.823 I/msm8974_platform(  706): platform_check_codec_backend_cfg:becf: afe: bitwidth 16, samplerate 48000 channels 2, backend_idx 0 usecase = 1 device (speaker)
06-02 21:38:32.826 E/mm-camera(  710): <SENSOR><ERROR> 4883: sensor_get_frame_duration: resolution is invalid, it seems stream has stopped.
06-02 21:38:32.826 E/mm-camera(  710): <SENSOR><ERROR> 884: sensor_fc_report_meta: Failed to get frame duration
06-02 21:38:32.826 E/mm-camera(  710): <SENSOR><ERROR> 4805: sensor_get_exposure_time: resolution is invalid, it seems stream has stopped.
06-02 21:38:32.826 E/mm-camera(  710): <SENSOR><ERROR> 904: sensor_fc_report_meta: Failed to get exposure time
06-02 21:38:32.827 E/mm-camera(  710): <MCT   ><ERROR> 2722: mct_stream_process_bus_msg: Check the runing function blackjoe 
06-02 21:38:32.828 D/msm8974_platform(  706): platform_check_codec_backend_cfg:becf: updated afe: bitwidth 16, samplerate 48000 channels 2,backend_idx 0 usecase = 1 device (speaker)
06-02 21:38:32.828 E/mm-camera(  710): <MCT   ><ERROR> 2755: mct_stream_process_bus_msg: isp_sof_bus_msg is 0xe8800d00
06-02 21:38:32.828 I/msm8974_platform(  706): platform_check_codec_backend_cfg:becf: afe: Codec selected backend: 0 updated bit width: 16 and sample rate: 48000
06-02 21:38:32.828 E/mm-camera(  710): <MCT   ><ERROR> 2757: mct_stream_process_bus_msg: frameid is 6 hal_version is 3
06-02 21:38:32.828 D/audio_hw_primary(  706): check_usecases_codec_backend:becf: force routing 0
06-02 21:38:32.828 E/mm-camera(  710): <MCT   ><ERROR> 2759: mct_stream_process_bus_msg: kstate_ptr is 0xe5a85a84, isp_kstate_ptr is 0xe9788000
06-02 21:38:32.828 D/audio_hw_primary(  706): check_usecases_codec_backend:becf: (84) check_usecases curr device: speaker, usecase device: backends match 0
06-02 21:38:32.828 E/mm-camera(  710): <MCT   ><ERROR> 2765: mct_stream_process_bus_msg: frame_id is 6
06-02 21:38:32.828 D/audio_hw_primary(  706): check_usecases_codec_backend:becf: check_usecases num.of Usecases to switch 0
06-02 21:38:32.828 D/hardware_info(  706): hw_info_append_hw_type : device_name = speaker
06-02 21:38:32.829 D/audio_hw_primary(  706): enable_snd_device: snd_device(2: speaker)
06-02 21:38:32.829 D/msm8974_platform(  706): platform_get_island_cfg_on_device:island cfg status on snd_device = (speaker 0)
06-02 21:38:32.829 I/soundtrigger(  706): audio_extn_sound_trigger_update_device_status: device 0x2 of type 0 for Event 1, with Raise=0
06-02 21:38:32.829 D/audio_route(  706): Apply path: speaker
06-02 21:38:32.833 D/audio_hw_primary(  706): audio_is_true_native_stream_active:napb: (0) (low-latency-playback)id (1) sr 48000 bw (16) device speaker
06-02 21:38:32.834 D/soundtrigger(  706): audio_extn_sound_trigger_update_stream_status: uc_info->id 1 of type 0 for Event 3, with Raise=0
06-02 21:38:32.834 D/audio_hw_utils(  706): audio_extn_utils_send_app_type_cfg: usecase->out_snd_device speaker
06-02 21:38:32.835 I/audio_hw_utils(  706): send_app_type_cfg_for_device PLAYBACK app_type 69937, acdb_dev_id 15, sample_rate 48000, snd_device_be_idx 170
06-02 21:38:32.838 D/ACDB-LOADER(  706): ACDB -> send_audio_cal, acdb_id = 15, path = 0, app id = 0x11131, sample rate = 48000, afe_sample_rate = 48000
06-02 21:38:32.838 D/ACDB-LOADER(  706): ACDB -> send_asm_topology
06-02 21:38:32.838 D/ACDB-LOADER(  706): ACDB -> ACDB_CMD_GET_AUDPROC_STREAM_TOPOLOGY_ID
06-02 21:38:32.838 D/ACDB-LOADER(  706): ACDB -> send_adm_topology
06-02 21:38:32.839 D/ACDB-LOADER(  706): ACDB -> ACDB_CMD_GET_AUDPROC_COMMON_TOPOLOGY_ID
06-02 21:38:32.839 D/ACDB-LOADER(  706): ACDB -> send_audtable
06-02 21:38:32.839 D/SDL_SCAN( 7609): 449876530153512345
06-02 21:38:32.839 D/ACDB-LOADER(  706): ACDB -> ACDB_CMD_GET_AUDPROC_COMMON_TABLE_SIZE
06-02 21:38:32.839 D/SDL_SCAN( 7609): Scan_Complete
06-02 21:38:32.839 D/ACDB-LOADER(  706): ACDB -> ACDB_CMD_GET_AUDPROC_COMMON_TABLE
06-02 21:38:32.839 D/ACDB-LOADER(  706): ACDB -> AUDIO_SET_AUDPROC_CAL cal_type[11] acdb_id[15] app_type[69937]
06-02 21:38:32.840 D/ACDB-LOADER(  706): ACDB -> send_audvoltable
06-02 21:38:32.840 D/ACDB-LOADER(  706): ACDB -> ACDB_CMD_GET_AUDPROC_GAIN_DEP_STEP_TABLE_SIZE
06-02 21:38:32.840 D/ACDB-LOADER(  706): ACDB -> ACDB_CMD_GET_AUDPROC_GAIN_DEP_STEP_TABLE, vol index 0
06-02 21:38:32.840 D/ACDB-LOADER(  706): ACDB -> AUDIO_SET_VOL_CAL cal type = 12
06-02 21:38:32.840 D/ACDB-LOADER(  706): ACDB -> ACDB_CMD_GET_AUDPROC_STREAM_TABLE_SIZE
06-02 21:38:32.841 D/ACDB-LOADER(  706): ACDB -> send_audstrmtable
06-02 21:38:32.841 D/ACDB-LOADER(  706): ACDB -> ACDB_CMD_GET_AUDPROC_STREAM_TABLE_V2
06-02 21:38:32.841 D/ACDB-LOADER(  706): ACDB -> audstrm_cal->cal_type.cal_data.cal_size = 16
06-02 21:38:32.841 D/ACDB-LOADER(  706): ACDB -> send_afe_topology
06-02 21:38:32.841 D/ACDB-LOADER(  706): ACDB -> ACDB_CMD_GET_AFE_TOPOLOGY_ID
06-02 21:38:32.841 D/ACDB-LOADER(  706): ACDB -> GET_AFE_TOPOLOGY_ID for adcd_id 15, Topology Id 1025e
06-02 21:38:32.842 D/ACDB-LOADER(  706): ACDB -> send_afe_cal
06-02 21:38:32.842 D/ACDB-LOADER(  706): ACDB -> ACDB_CMD_GET_AFE_COMMON_TABLE_SIZE
06-02 21:38:32.842 D/ACDB-LOADER(  706): ACDB -> ACDB_CMD_GET_AFE_COMMON_TABLE
06-02 21:38:32.842 D/ACDB-LOADER(  706): ACDB -> AUDIO_SET_AFE_CAL cal_type[16] acdb_id[15]
06-02 21:38:32.842 D/ACDB-LOADER(  706): ACDB -> send_hw_delay : acdb_id = 15 path = 0
06-02 21:38:32.842 D/ACDB-LOADER(  706): ACDB -> ACDB_AVSYNC_INFO: ACDB_CMD_GET_DEVICE_PROPERTY
06-02 21:38:32.843 D/audio_hw_primary(  706): enable_audio_route: apply mixer and update path: low-latency-playback
06-02 21:38:32.843 D/audio_route(  706): Apply path: low-latency-playback
06-02 21:38:32.850 E/mm-camera(  710): <STATS_AIS ><ERROR> 1316: dsps_process_response_gyro: Query request denied, error code = 5, QId_valid = 1, QueryId = 0x60a, AckNak_valid = 1, AckNak = 3
06-02 21:38:32.831 E/QCamera (  710): <MCI><ERROR> mm_stream_data_notify: 337: E, my_handle = 0x8100, fd = 68, state = 6 blackjoe
06-02 21:38:32.853 E/QCamera (  710): <MCI><ERROR> mm_stream_read_msm_frame: 1723: E, my_handle = 0x8100, fd = 68, state = 6 blackjoe
06-02 21:38:32.854 I/QCamera (  710): <MCI><INFO> mm_stream_read_msm_frame: 1770: VIDIOC_DQBUF buf_index 5, frame_idx 5, stream type 7, rc 0,queued: 17, buf_type = 0 flags = 8192 FD = 68 my_num 0 buf fd 92
06-02 21:38:32.854 E/QCamera (  710): <MCI><ERROR> mm_stream_read_msm_frame: 1790: X rc = 0
06-02 21:38:32.854 I/QCamera (  710): <MCI><INFO> mm_stream_handle_rcvd_buf: 220: E, my_handle = 0x8100, fd = 68, state = 6
06-02 21:38:32.855 D/qdgralloc( 7609): Imported handle: 0x7c2ffebed0 id: 1645
06-02 21:38:32.855 I/QCamera (  710): <MCI><INFO> mm_stream_handle_rcvd_buf: 244: has cb and it is active by blackjoe
06-02 21:38:32.856 D/qdgralloc( 7609): GetTransportSize: num fds: 2 num ints: 22 err:0
06-02 21:38:32.857 D/qdgralloc( 1279): Imported handle: 0xe8e80a10 id: 1645
06-02 21:38:32.857 D/qdgralloc( 1279): GetTransportSize: num fds: 2 num ints: 22 err:0
06-02 21:38:32.858 D/qdgralloc(  710): Imported handle: 0xe05c1990 id: 1645
06-02 21:38:32.859 I/system_server( 1599): oneway function results will be dropped but finished with status OK and parcel size 4
06-02 21:38:32.861 E/mm-camera(  710): <MCT   ><ERROR> 4828: mct_pipeline_process_serv_msg: pipeline blackjoe data->sessionid 3 pipeline->session 3 msgid 3
06-02 21:38:32.861 E/mm-camera(  710): <MCT   ><ERROR> 4299: mct_pipeline_process_set: command is 0x8000014 blackjoe CAM_PRIV_PARM 0x8000014
06-02 21:38:32.863 I/system_server( 1599): oneway function results will be dropped but finished with status OK and parcel size 4
06-02 21:38:32.870 I/QCamera (  710): <MCI><INFO> mm_stream_dispatch_app_data: 415: E, my_handle = 0x8100, fd = 68, state = 6
06-02 21:38:32.870 I/QCamera (  710): <MCI><INFO> mm_stream_dispatch_app_data: 436: frame_sync.is_active = 0, is_cb_active = 1
06-02 21:38:32.870 I/QCamera (  710): <MCI><INFO> mm_stream_dispatch_app_data: 457: Enter callback by blackjoe
06-02 21:38:32.874 E/QCamera (  710): <MCI><ERROR> mm_stream_data_notify: 337: E, my_handle = 0x8201, fd = 78, state = 6 blackjoe
06-02 21:38:32.874 E/QCamera (  710): <MCI><ERROR> mm_stream_read_msm_frame: 1723: E, my_handle = 0x8201, fd = 78, state = 6 blackjoe
06-02 21:38:32.875 I/QCamera (  710): <MCI><INFO> mm_stream_read_msm_frame: 1770: VIDIOC_DQBUF buf_index 8, frame_idx 5, stream type 8, rc 0,queued: 5, buf_type = 0 flags = 8192 FD = 78 my_num 0 buf fd 130
06-02 21:38:32.875 E/QCamera (  710): <MCI><ERROR> mm_stream_read_msm_frame: 1790: X rc = 0
06-02 21:38:32.875 I/QCamera (  710): <MCI><INFO> mm_stream_handle_rcvd_buf: 220: E, my_handle = 0x8201, fd = 78, state = 6
06-02 21:38:32.875 I/QCamera (  710): <MCI><INFO> mm_stream_handle_rcvd_buf: 244: has cb and it is active by blackjoe
06-02 21:38:32.875 I/QCamera (  710): <MCI><INFO> mm_stream_dispatch_app_data: 415: E, my_handle = 0x8201, fd = 78, state = 6
06-02 21:38:32.876 I/QCamera (  710): <MCI><INFO> mm_stream_dispatch_app_data: 436: frame_sync.is_active = 0, is_cb_active = 1
06-02 21:38:32.876 I/QCamera (  710): <MCI><INFO> mm_stream_dispatch_app_data: 457: Enter callback by blackjoe
06-02 21:38:32.898 E/QCamera (  710): <MCI><ERROR> mm_stream_data_notify: 337: E, my_handle = 0x8201, fd = 78, state = 6 blackjoe
06-02 21:38:32.898 E/QCamera (  710): <MCI><ERROR> mm_stream_read_msm_frame: 1723: E, my_handle = 0x8201, fd = 78, state = 6 blackjoe
06-02 21:38:32.899 I/QCamera (  710): <MCI><INFO> mm_stream_read_msm_frame: 1770: VIDIOC_DQBUF buf_index 9, frame_idx 6, stream type 8, rc 0,queued: 4, buf_type = 0 flags = 8192 FD = 78 my_num 0 buf fd 134
06-02 21:38:32.899 E/QCamera (  710): <MCI><ERROR> mm_stream_read_msm_frame: 1790: X rc = 0
06-02 21:38:32.899 I/QCamera (  710): <MCI><INFO> mm_stream_handle_rcvd_buf: 220: E, my_handle = 0x8201, fd = 78, state = 6
06-02 21:38:32.899 I/QCamera (  710): <MCI><INFO> mm_stream_handle_rcvd_buf: 244: has cb and it is active by blackjoe
06-02 21:38:32.899 I/QCamera (  710): <MCI><INFO> mm_stream_dispatch_app_data: 415: E, my_handle = 0x8201, fd = 78, state = 6
06-02 21:38:32.899 I/QCamera (  710): <MCI><INFO> mm_stream_dispatch_app_data: 436: frame_sync.is_active = 0, is_cb_active = 1
06-02 21:38:32.900 I/QCamera (  710): <MCI><INFO> mm_stream_dispatch_app_data: 457: Enter callback by blackjoe
06-02 21:38:32.900 E/mm-camera(  710): <SENSOR><ERROR> 4883: sensor_get_frame_duration: resolution is invalid, it seems stream has stopped.
06-02 21:38:32.882 E/        (    0): frame_src is 1 frame_id is 8 blackjoe
06-02 21:38:32.897 E/qcom-lpi-pinctrl 15070000.lpi_pinctrl(    0): lpi_pinctrl_runtime_suspend: unable to get core clk handle -2
06-02 21:38:32.916 E/        (    0): frame_src is 1 frame_id is 9 blackjoe
06-02 21:38:32.900 E/mm-camera(  710): <SENSOR><ERROR> 884: sensor_fc_report_meta: Failed to get frame duration
06-02 21:38:32.900 E/mm-camera(  710): <SENSOR><ERROR> 4805: sensor_get_exposure_time: resolution is invalid, it seems stream has stopped.
06-02 21:38:32.900 E/mm-camera(  710): <SENSOR><ERROR> 904: sensor_fc_report_meta: Failed to get exposure time
06-02 21:38:32.901 E/mm-camera(  710): <MCT   ><ERROR> 2722: mct_stream_process_bus_msg: Check the runing function blackjoe 
06-02 21:38:32.901 E/mm-camera(  710): <MCT   ><ERROR> 2755: mct_stream_process_bus_msg: isp_sof_bus_msg is 0xe8801a80
06-02 21:38:32.901 E/mm-camera(  710): <MCT   ><ERROR> 2757: mct_stream_process_bus_msg: frameid is 7 hal_version is 3
06-02 21:38:32.902 E/mm-camera(  710): <MCT   ><ERROR> 2759: mct_stream_process_bus_msg: kstate_ptr is 0xe5a85a84, isp_kstate_ptr is 0xe9788000
06-02 21:38:32.902 E/mm-camera(  710): <MCT   ><ERROR> 2765: mct_stream_process_bus_msg: frame_id is 7
06-02 21:38:32.902 E/QCamera (  710): <MCI><ERROR> mm_stream_data_notify: 337: E, my_handle = 0x8100, fd = 68, state = 6 blackjoe
06-02 21:38:32.902 E/QCamera (  710): <MCI><ERROR> mm_stream_read_msm_frame: 1723: E, my_handle = 0x8100, fd = 68, state = 6 blackjoe
06-02 21:38:32.903 I/QCamera (  710): <MCI><INFO> mm_stream_read_msm_frame: 1770: VIDIOC_DQBUF buf_index 6, frame_idx 6, stream type 7, rc 0,queued: 17, buf_type = 0 flags = 8192 FD = 68 my_num 0 buf fd 94
06-02 21:38:32.903 E/QCamera (  710): <MCI><ERROR> mm_stream_read_msm_frame: 1790: X rc = 0
06-02 21:38:32.903 I/QCamera (  710): <MCI><INFO> mm_stream_handle_rcvd_buf: 220: E, my_handle = 0x8100, fd = 68, state = 6
06-02 21:38:32.903 I/QCamera (  710): <MCI><INFO> mm_stream_handle_rcvd_buf: 244: has cb and it is active by blackjoe
06-02 21:38:32.904 I/QCamera (  710): <MCI><INFO> mm_stream_dispatch_app_data: 415: E, my_handle = 0x8100, fd = 68, state = 6
06-02 21:38:32.904 I/QCamera (  710): <MCI><INFO> mm_stream_dispatch_app_data: 436: frame_sync.is_active = 0, is_cb_active = 1
06-02 21:38:32.904 I/QCamera (  710): <MCI><INFO> mm_stream_dispatch_app_data: 457: Enter callback by blackjoe
06-02 21:38:32.906 E/mm-camera(  710): <STATS_AIS ><ERROR> 1316: dsps_process_response_gyro: Query request denied, error code = 5, QId_valid = 1, QueryId = 0x70a, AckNak_valid = 1, AckNak = 3
06-02 21:38:32.907 D/msm8974_platform(  706): platform_set_channel_map mixer_ctl_name:Playback Channel Map13
06-02 21:38:32.908 D/msm8974_platform(  706): platform_set_channel_map: set mapping(1 2 0 0 0 0 0 0) for channel:2
06-02 21:38:32.911 D/audio_hw_primary(  706): start_output_stream: stream_handle(0xef9c21a0) usecase(1: low-latency-playback) out_snd_device(2: speaker)             acdb_id(15) sample_rate(48000) channel_mask(0x3) app_type(69937)             audio_mode(0 : MODE_NORMAL) out_flags(0x6 : OUTPUT_FLAG_PRIMARY|OUTPUT_FLAG_FAST) out_devices(0x2 : OUT_SPEAKER) 
06-02 21:38:32.912 D/audio_hw_primary(  706): start_output_stream: exit
06-02 21:38:32.912 D/audio_hw_primary(  706): out_write: retry previous failed cal level set
06-02 21:38:32.912 D/ACDB-LOADER(  706): ACDB -> send_audvoltable
06-02 21:38:32.912 D/ACDB-LOADER(  706): ACDB -> ACDB_CMD_GET_AUDPROC_GAIN_DEP_STEP_TABLE_SIZE
06-02 21:38:32.912 D/ACDB-LOADER(  706): ACDB -> ACDB_CMD_GET_AUDPROC_GAIN_DEP_STEP_TABLE, vol index 5
06-02 21:38:32.912 D/ACDB-LOADER(  706): ACDB -> AUDIO_SET_VOL_CAL cal type = 40
06-02 21:38:32.932 E/QCamera (  710): <MCI><ERROR> mm_stream_data_notify: 337: E, my_handle = 0x8201, fd = 78, state = 6 blackjoe
06-02 21:38:32.932 E/QCamera (  710): <MCI><ERROR> mm_stream_read_msm_frame: 1723: E, my_handle = 0x8201, fd = 78, state = 6 blackjoe
06-02 21:38:32.932 E/mm-camera(  710): <SENSOR><ERROR> 4883: sensor_get_frame_duration: resolution is invalid, it seems stream has stopped.
06-02 21:38:32.933 E/mm-camera(  710): <SENSOR><ERROR> 884: sensor_fc_report_meta: Failed to get frame duration
06-02 21:38:32.933 E/mm-camera(  710): <SENSOR><ERROR> 4805: sensor_get_exposure_time: resolution is invalid, it seems stream has stopped.
06-02 21:38:32.933 E/mm-camera(  710): <SENSOR><ERROR> 904: sensor_fc_report_meta: Failed to get exposure time
06-02 21:38:32.934 E/mm-camera(  710): <MCT   ><ERROR> 2722: mct_stream_process_bus_msg: Check the runing function blackjoe 
06-02 21:38:32.934 I/QCamera (  710): <MCI><INFO> mm_stream_read_msm_frame: 1770: VIDIOC_DQBUF buf_index 10, frame_idx 7, stream type 8, rc 0,queued: 3, buf_type = 0 flags = 8192 FD = 78 my_num 0 buf fd 137
06-02 21:38:32.934 E/mm-camera(  710): <MCT   ><ERROR> 2755: mct_stream_process_bus_msg: isp_sof_bus_msg is 0xe8801c30
06-02 21:38:32.935 E/mm-camera(  710): <MCT   ><ERROR> 2757: mct_stream_process_bus_msg: frameid is 8 hal_version is 3
06-02 21:38:32.935 E/mm-camera(  710): <MCT   ><ERROR> 2759: mct_stream_process_bus_msg: kstate_ptr is 0xe5a85a84, isp_kstate_ptr is 0xe9788000
06-02 21:38:32.935 E/mm-camera(  710): <MCT   ><ERROR> 2765: mct_stream_process_bus_msg: frame_id is 8
06-02 21:38:32.936 E/mm-camera(  710): <STATS_AIS ><ERROR> 1316: dsps_process_response_gyro: Query request denied, error code = 5, QId_valid = 1, QueryId = 0x80a, AckNak_valid = 1, AckNak = 3
06-02 21:38:32.936 E/QCamera (  710): <MCI><ERROR> mm_stream_read_msm_frame: 1790: X rc = 0
06-02 21:38:32.936 I/QCamera (  710): <MCI><INFO> mm_stream_handle_rcvd_buf: 220: E, my_handle = 0x8201, fd = 78, state = 6
06-02 21:38:32.937 I/QCamera (  710): <MCI><INFO> mm_stream_handle_rcvd_buf: 244: has cb and it is active by blackjoe
06-02 21:38:32.940 I/QCamera (  710): <MCI><INFO> mm_stream_dispatch_app_data: 415: E, my_handle = 0x8201, fd = 78, state = 6
06-02 21:38:32.940 E/QCamera (  710): <MCI><ERROR> mm_stream_data_notify: 337: E, my_handle = 0x8100, fd = 68, state = 6 blackjoe
06-02 21:38:32.940 I/QCamera (  710): <MCI><INFO> mm_stream_dispatch_app_data: 436: frame_sync.is_active = 0, is_cb_active = 1
06-02 21:38:32.940 E/QCamera (  710): <MCI><ERROR> mm_stream_read_msm_frame: 1723: E, my_handle = 0x8100, fd = 68, state = 6 blackjoe
06-02 21:38:32.940 I/QCamera (  710): <MCI><INFO> mm_stream_dispatch_app_data: 457: Enter callback by blackjoe
06-02 21:38:32.942 I/QCamera (  710): <MCI><INFO> mm_stream_read_msm_frame: 1770: VIDIOC_DQBUF buf_index 7, frame_idx 7, stream type 7, rc 0,queued: 17, buf_type = 0 flags = 8192 FD = 68 my_num 0 buf fd 96
06-02 21:38:32.942 E/QCamera (  710): <MCI><ERROR> mm_stream_read_msm_frame: 1790: X rc = 0
06-02 21:38:32.943 I/QCamera (  710): <MCI><INFO> mm_stream_handle_rcvd_buf: 220: E, my_handle = 0x8100, fd = 68, state = 6
06-02 21:38:32.943 I/QCamera (  710): <MCI><INFO> mm_stream_handle_rcvd_buf: 244: has cb and it is active by blackjoe
06-02 21:38:32.943 I/QCamera (  710): <MCI><INFO> mm_stream_dispatch_app_data: 415: E, my_handle = 0x8100, fd = 68, state = 6
06-02 21:38:32.943 I/QCamera (  710): <MCI><INFO> mm_stream_dispatch_app_data: 436: frame_sync.is_active = 0, is_cb_active = 1
06-02 21:38:32.943 I/QCamera (  710): <MCI><INFO> mm_stream_dispatch_app_data: 457: Enter callback by blackjoe
06-02 21:38:32.966 E/QCamera (  710): <MCI><ERROR> mm_stream_data_notify: 337: E, my_handle = 0x8201, fd = 78, state = 6 blackjoe
06-02 21:38:32.967 E/QCamera (  710): <MCI><ERROR> mm_stream_read_msm_frame: 1723: E, my_handle = 0x8201, fd = 78, state = 6 blackjoe
06-02 21:38:32.967 I/QCamera (  710): <MCI><INFO> mm_stream_read_msm_frame: 1770: VIDIOC_DQBUF buf_index 11, frame_idx 8, stream type 8, rc 0,queued: 2, buf_type = 0 flags = 8192 FD = 78 my_num 0 buf fd 140
06-02 21:38:32.967 E/QCamera (  710): <MCI><ERROR> mm_stream_read_msm_frame: 1790: X rc = 0
06-02 21:38:32.968 I/QCamera (  710): <MCI><INFO> mm_stream_handle_rcvd_buf: 220: E, my_handle = 0x8201, fd = 78, state = 6
06-02 21:38:32.968 I/QCamera (  710): <MCI><INFO> mm_stream_handle_rcvd_buf: 244: has cb and it is active by blackjoe
06-02 21:38:32.968 I/QCamera (  710): <MCI><INFO> mm_stream_dispatch_app_data: 415: E, my_handle = 0x8201, fd = 78, state = 6
06-02 21:38:32.968 I/QCamera (  710): <MCI><INFO> mm_stream_dispatch_app_data: 436: frame_sync.is_active = 0, is_cb_active = 1
06-02 21:38:32.968 I/QCamera (  710): <MCI><INFO> mm_stream_dispatch_app_data: 457: Enter callback by blackjoe
06-02 21:38:32.969 E/mm-camera(  710): <SENSOR><ERROR> 4883: sensor_get_frame_duration: resolution is invalid, it seems stream has stopped.
06-02 21:38:32.969 E/mm-camera(  710): <SENSOR><ERROR> 884: sensor_fc_report_meta: Failed to get frame duration
06-02 21:38:32.969 E/mm-camera(  710): <SENSOR><ERROR> 4805: sensor_get_exposure_time: resolution is invalid, it seems stream has stopped.
06-02 21:38:32.970 E/mm-camera(  710): <SENSOR><ERROR> 904: sensor_fc_report_meta: Failed to get exposure time
06-02 21:38:32.971 E/mm-camera(  710): <MCT   ><ERROR> 2722: mct_stream_process_bus_msg: Check the runing function blackjoe 
06-02 21:38:32.972 E/mm-camera(  710): <MCT   ><ERROR> 2755: mct_stream_process_bus_msg: isp_sof_bus_msg is 0xe8800010
06-02 21:38:32.972 E/mm-camera(  710): <MCT   ><ERROR> 2757: mct_stream_process_bus_msg: frameid is 9 hal_version is 3
06-02 21:38:32.972 E/mm-camera(  710): <MCT   ><ERROR> 2759: mct_stream_process_bus_msg: kstate_ptr is 0xe5a85a84, isp_kstate_ptr is 0xe9788000
06-02 21:38:32.972 E/mm-camera(  710): <MCT   ><ERROR> 2765: mct_stream_process_bus_msg: frame_id is 9
06-02 21:38:32.973 E/QCamera (  710): <MCI><ERROR> mm_stream_data_notify: 337: E, my_handle = 0x8100, fd = 68, state = 6 blackjoe
06-02 21:38:32.973 E/QCamera (  710): <MCI><ERROR> mm_stream_read_msm_frame: 1723: E, my_handle = 0x8100, fd = 68, state = 6 blackjoe
06-02 21:38:32.973 I/QCamera (  710): <MCI><INFO> mm_stream_read_msm_frame: 1770: VIDIOC_DQBUF buf_index 8, frame_idx 8, stream type 7, rc 0,queued: 17, buf_type = 0 flags = 8192 FD = 68 my_num 0 buf fd 98
06-02 21:38:32.973 E/mm-camera(  710): <STATS_AIS ><ERROR> 1316: dsps_process_response_gyro: Query request denied, error code = 5, QId_valid = 1, QueryId = 0x90a, AckNak_valid = 1, AckNak = 3
06-02 21:38:32.973 E/QCamera (  710): <MCI><ERROR> mm_stream_read_msm_frame: 1790: X rc = 0
06-02 21:38:32.974 I/QCamera (  710): <MCI><INFO> mm_stream_handle_rcvd_buf: 220: E, my_handle = 0x8100, fd = 68, state = 6
06-02 21:38:32.974 I/QCamera (  710): <MCI><INFO> mm_stream_handle_rcvd_buf: 244: has cb and it is active by blackjoe
06-02 21:38:32.974 I/QCamera (  710): <MCI><INFO> mm_stream_dispatch_app_data: 415: E, my_handle = 0x8100, fd = 68, state = 6
06-02 21:38:32.975 I/QCamera (  710): <MCI><INFO> mm_stream_dispatch_app_data: 436: frame_sync.is_active = 0, is_cb_active = 1
06-02 21:38:32.975 I/QCamera (  710): <MCI><INFO> mm_stream_dispatch_app_data: 457: Enter callback by blackjoe
06-02 21:38:33.039 E/QCamera (  710): <MCI><ERROR> mm_stream_data_notify: 337: E, my_handle = 0x8201, fd = 78, state = 6 blackjoe
06-02 21:38:33.039 E/QCamera (  710): <MCI><ERROR> mm_stream_read_msm_frame: 1723: E, my_handle = 0x8201, fd = 78, state = 6 blackjoe
06-02 21:38:33.039 E/mm-camera(  710): <SENSOR><ERROR> 4883: sensor_get_frame_duration: resolution is invalid, it seems stream has stopped.
06-02 21:38:33.039 I/QCamera (  710): <MCI><INFO> mm_stream_read_msm_frame: 1770: VIDIOC_DQBUF buf_index 6, frame_idx 9, stream type 8, rc 0,queued: 1, buf_type = 0 flags = 8192 FD = 78 my_num 0 buf fd 76
06-02 21:38:33.039 E/mm-camera(  710): <SENSOR><ERROR> 884: sensor_fc_report_meta: Failed to get frame duration
06-02 21:38:33.039 E/QCamera (  710): <MCI><ERROR> mm_stream_read_msm_frame: 1790: X rc = 0
06-02 21:38:33.040 E/mm-camera(  710): <SENSOR><ERROR> 4805: sensor_get_exposure_time: resolution is invalid, it seems stream has stopped.
06-02 21:38:33.040 I/QCamera (  710): <MCI><INFO> mm_stream_handle_rcvd_buf: 220: E, my_handle = 0x8201, fd = 78, state = 6
06-02 21:38:33.040 E/mm-camera(  710): <SENSOR><ERROR> 904: sensor_fc_report_meta: Failed to get exposure time
06-02 21:38:33.040 I/QCamera (  710): <MCI><INFO> mm_stream_handle_rcvd_buf: 244: has cb and it is active by blackjoe
06-02 21:38:33.040 I/QCamera (  710): <MCI><INFO> mm_stream_dispatch_app_data: 415: E, my_handle = 0x8201, fd = 78, state = 6
06-02 21:38:33.040 I/QCamera (  710): <MCI><INFO> mm_stream_dispatch_app_data: 436: frame_sync.is_active = 0, is_cb_active = 1
06-02 21:38:33.040 I/QCamera (  710): <MCI><INFO> mm_stream_dispatch_app_data: 457: Enter callback by blackjoe
06-02 21:38:33.041 E/mm-camera(  710): <MCT   ><ERROR> 2722: mct_stream_process_bus_msg: Check the runing function blackjoe 
06-02 21:38:33.041 E/mm-camera(  710): <MCT   ><ERROR> 2755: mct_stream_process_bus_msg: isp_sof_bus_msg is 0xe8800370
06-02 21:38:33.041 E/mm-camera(  710): <MCT   ><ERROR> 2757: mct_stream_process_bus_msg: frameid is 10 hal_version is 3
06-02 21:38:33.041 E/mm-camera(  710): <MCT   ><ERROR> 2759: mct_stream_process_bus_msg: kstate_ptr is 0xe5a85a84, isp_kstate_ptr is 0xe9788000
06-02 21:38:33.041 E/mm-camera(  710): <MCT   ><ERROR> 2765: mct_stream_process_bus_msg: frame_id is 10
06-02 21:38:33.042 E/QCamera (  710): <MCI><ERROR> mm_stream_data_notify: 337: E, my_handle = 0x8100, fd = 68, state = 6 blackjoe
06-02 21:38:33.042 E/QCamera (  710): <MCI><ERROR> mm_stream_read_msm_frame: 1723: E, my_handle = 0x8100, fd = 68, state = 6 blackjoe
06-02 21:38:33.043 E/mm-camera(  710): <STATS_AIS ><ERROR> 1316: dsps_process_response_gyro: Query request denied, error code = 5, QId_valid = 1, QueryId = 0xa0a, AckNak_valid = 1, AckNak = 3
06-02 21:38:33.043 I/QCamera (  710): <MCI><INFO> mm_stream_read_msm_frame: 1770: VIDIOC_DQBUF buf_index 9, frame_idx 9, stream type 7, rc 0,queued: 17, buf_type = 0 flags = 8192 FD = 68 my_num 0 buf fd 100
06-02 21:38:33.043 E/QCamera (  710): <MCI><ERROR> mm_stream_read_msm_frame: 1790: X rc = 0
06-02 21:38:33.043 I/QCamera (  710): <MCI><INFO> mm_stream_handle_rcvd_buf: 220: E, my_handle = 0x8100, fd = 68, state = 6
06-02 21:38:33.044 I/QCamera (  710): <MCI><INFO> mm_stream_handle_rcvd_buf: 244: has cb and it is active by blackjoe
06-02 21:38:32.989 E/        (    0): frame_src is 1 frame_id is 10 blackjoe
06-02 21:38:33.045 I/QCamera (  710): <MCI><INFO> mm_stream_dispatch_app_data: 415: E, my_handle = 0x8100, fd = 68, state = 6
06-02 21:38:33.045 I/QCamera (  710): <MCI><INFO> mm_stream_dispatch_app_data: 436: frame_sync.is_active = 0, is_cb_active = 1
06-02 21:38:33.045 I/QCamera (  710): <MCI><INFO> mm_stream_dispatch_app_data: 457: Enter callback by blackjoe
06-02 21:38:33.073 E/QCamera (  710): <MCI><ERROR> mm_stream_data_notify: 337: E, my_handle = 0x8201, fd = 78, state = 6 blackjoe
06-02 21:38:33.073 E/QCamera (  710): <MCI><ERROR> mm_stream_read_msm_frame: 1723: E, my_handle = 0x8201, fd = 78, state = 6 blackjoe
06-02 21:38:33.073 E/mm-camera(  710): <SENSOR><ERROR> 4883: sensor_get_frame_duration: resolution is invalid, it seems stream has stopped.
06-02 21:38:33.073 E/mm-camera(  710): <SENSOR><ERROR> 884: sensor_fc_report_meta: Failed to get frame duration
06-02 21:38:33.074 E/mm-camera(  710): <SENSOR><ERROR> 4805: sensor_get_exposure_time: resolution is invalid, it seems stream has stopped.
06-02 21:38:33.074 I/QCamera (  710): <MCI><INFO> mm_stream_read_msm_frame: 1770: VIDIOC_DQBUF buf_index 7, frame_idx 10, stream type 8, rc 0,queued: 0, buf_type = 0 flags = 8192 FD = 78 my_num 0 buf fd 129
06-02 21:38:33.023 E/        (    0): frame_src is 1 frame_id is 11 blackjoe
06-02 21:38:33.075 E/mm-camera(  710): <SENSOR><ERROR> 904: sensor_fc_report_meta: Failed to get exposure time
06-02 21:38:33.075 E/QCamera (  710): <MCI><ERROR> mm_stream_read_msm_frame: 1790: X rc = 0
06-02 21:38:33.075 I/QCamera (  710): <MCI><INFO> mm_stream_handle_rcvd_buf: 220: E, my_handle = 0x8201, fd = 78, state = 6
06-02 21:38:33.076 E/mm-camera(  710): <MCT   ><ERROR> 2722: mct_stream_process_bus_msg: Check the runing function blackjoe 
06-02 21:38:33.076 I/QCamera (  710): <MCI><INFO> mm_stream_handle_rcvd_buf: 244: has cb and it is active by blackjoe
06-02 21:38:33.076 E/mm-camera(  710): <MCT   ><ERROR> 2755: mct_stream_process_bus_msg: isp_sof_bus_msg is 0xe8800f40
06-02 21:38:33.076 E/mm-camera(  710): <MCT   ><ERROR> 2757: mct_stream_process_bus_msg: frameid is 11 hal_version is 3
06-02 21:38:33.076 I/QCamera (  710): <MCI><INFO> mm_stream_dispatch_app_data: 415: E, my_handle = 0x8201, fd = 78, state = 6
06-02 21:38:33.077 E/mm-camera(  710): <MCT   ><ERROR> 2759: mct_stream_process_bus_msg: kstate_ptr is 0xe5a85a84, isp_kstate_ptr is 0xe9788000
06-02 21:38:33.077 I/QCamera (  710): <MCI><INFO> mm_stream_dispatch_app_data: 436: frame_sync.is_active = 0, is_cb_active = 1
06-02 21:38:33.077 E/mm-camera(  710): <MCT   ><ERROR> 2765: mct_stream_process_bus_msg: frame_id is 11
06-02 21:38:33.077 I/QCamera (  710): <MCI><INFO> mm_stream_dispatch_app_data: 457: Enter callback by blackjoe
06-02 21:38:33.077 E/QCamera (  710): <MCI><ERROR> mm_stream_data_notify: 337: E, my_handle = 0x8100, fd = 68, state = 6 blackjoe
06-02 21:38:33.078 E/QCamera (  710): <MCI><ERROR> mm_stream_read_msm_frame: 1723: E, my_handle = 0x8100, fd = 68, state = 6 blackjoe
06-02 21:38:33.079 E/mm-camera(  710): <STATS_AIS ><ERROR> 1316: dsps_process_response_gyro: Query request denied, error code = 5, QId_valid = 1, QueryId = 0xb0a, AckNak_valid = 1, AckNak = 3
06-02 21:38:33.079 I/QCamera (  710): <MCI><INFO> mm_stream_read_msm_frame: 1770: VIDIOC_DQBUF buf_index 10, frame_idx 10, stream type 7, rc 0,queued: 17, buf_type = 0 flags = 8192 FD = 68 my_num 0 buf fd 102
06-02 21:38:33.079 E/QCamera (  710): <MCI><ERROR> mm_stream_read_msm_frame: 1790: X rc = 0
06-02 21:38:33.079 I/QCamera (  710): <MCI><INFO> mm_stream_handle_rcvd_buf: 220: E, my_handle = 0x8100, fd = 68, state = 6
06-02 21:38:33.079 I/QCamera (  710): <MCI><INFO> mm_stream_handle_rcvd_buf: 244: has cb and it is active by blackjoe
06-02 21:38:33.080 I/QCamera (  710): <MCI><INFO> mm_stream_dispatch_app_data: 415: E, my_handle = 0x8100, fd = 68, state = 6
06-02 21:38:33.080 I/QCamera (  710): <MCI><INFO> mm_stream_dispatch_app_data: 436: frame_sync.is_active = 0, is_cb_active = 1
06-02 21:38:33.080 I/QCamera (  710): <MCI><INFO> mm_stream_dispatch_app_data: 457: Enter callback by blackjoe
06-02 21:38:33.085 E/ACameraDevice( 7609): onDeviceIdle sending state cb
06-02 21:38:33.086 E/NdkCameraCaptureSession( 7609): ACameraCaptureSession_getDevice: session 0x7c40014340 is already closed
06-02 21:38:33.086 I/BCReader-JNI( 7609): onReady Getting camera device from session callback failed!
06-02 21:38:33.088 E/NdkCameraDevice( 7609): ACameraDevice_getId: invalid argument! device is null
06-02 21:38:33.088 I/BCReader-JNI( 7609): Session for camera (null) is ready!
06-02 21:38:33.093 I/CameraLatencyHistogram( 1279): Stream 366 dequeueBuffer latency histogram (8) samples:
06-02 21:38:33.093 I/CameraLatencyHistogram( 1279):         5     10     15     20     25     30     35     40     45    inf (max ms)
06-02 21:38:33.093 I/CameraLatencyHistogram( 1279):      37.50   50.00   0.00   0.00   0.00   0.00   0.00   0.00   12.50   0.00 (%)
06-02 21:38:33.093 I/CameraLatencyHistogram( 1279): Stream 366 latency histogram for wait on max_buffers (2) samples:
06-02 21:38:33.094 I/CameraLatencyHistogram( 1279):        33     66     99    132    165    198    231    264    297    inf (max ms)
06-02 21:38:33.095 I/CameraLatencyHistogram( 1279):      50.00   0.00   0.00   50.00   0.00   0.00   0.00   0.00   0.00   0.00 (%)
06-02 21:38:33.103 E/mm-camera(  710): <MCT   ><ERROR> 4828: mct_pipeline_process_serv_msg: pipeline blackjoe data->sessionid 3 pipeline->session 3 msgid 3
06-02 21:38:33.103 E/mm-camera(  710): <MCT   ><ERROR> 4299: mct_pipeline_process_set: command is 0x8000009 blackjoe CAM_PRIV_PARM 0x8000014
06-02 21:38:33.103 I/mm-camera(  710): <MCT   >< INFO> 4302: mct_pipeline_process_set: command=8000009
06-02 21:38:33.104 I/mm-camera(  710): <MCT   >< INFO> 4465: mct_pipeline_process_set:  STREAM-OFF on stream 0x30002 stream type=8
06-02 21:38:33.104 I/mm-camera(  710): <IFACE >< INFO> 1841: iface_streamoff_to_thread: iface_streamoff_to_thread: E, session id = 3, user stream id = 2
06-02 21:38:33.104 I/mm-camera(  710): <IFACE >< INFO> 2472: iface_streamoff: E, session_id 3 mct_stream_id = 2
06-02 21:38:33.104 I/mm-camera(  710): <IFACE >< INFO> 12256: iface_util_get_user_streams_by_bundle: streamoff, first bundled streamoff all bindled streams!
06-02 21:38:33.110 I/mm-camera(  710): <IFACE >< INFO> 2718: iface_streamoff: session_id = 3, active_streams = 0
06-02 21:38:33.111 I/mm-camera(  710): <IFACE >< INFO> 2722: iface_streamoff: all bundled stream streamoff, clear hal bundled mask
06-02 21:38:33.111 I/mm-camera(  710): <IFACE >< INFO> 2727: iface_streamoff: X
06-02 21:38:33.111 I/mm-camera(  710): <IFACE >< INFO> 1867: iface_streamoff_to_thread: iface_streamoff_to_thread: X, session id = 3, user stream id = 2
06-02 21:38:33.112 E/mm-camera(  710): <ISP   ><ERROR> 1197: isp_handler_control_streamoff: Bundle streamon count is less than zero
06-02 21:38:33.112 E/mm-camera(  710): <ISP   ><ERROR> 1201: isp_handler_control_streamoff: invalid stream_on_count 0
06-02 21:38:33.112 I/mm-camera(  710): <IFACE >< INFO> 11005: iface_util_release_resource: camif_cnt= 0, rdi_cnt= 0, used mask 2
06-02 21:38:33.112 I/mm-camera(  710): <IFACE >< INFO> 4047: iface_destroy_hw: iface_destroy_hw: Destroy axi hw on VFE :0
06-02 21:38:33.129 I/mm-camera(  710): <MCT   >< INFO> 4482: mct_pipeline_process_set:  STREAM-OFF success for stream 0x30002, stream type=8
06-02 21:38:33.132 E/mm-camera(  710): <MCT   ><ERROR> 4828: mct_pipeline_process_serv_msg: pipeline blackjoe data->sessionid 3 pipeline->session 3 msgid 3
06-02 21:38:33.132 E/mm-camera(  710): <MCT   ><ERROR> 4299: mct_pipeline_process_set: command is 0x8000009 blackjoe CAM_PRIV_PARM 0x8000014
06-02 21:38:33.133 I/mm-camera(  710): <MCT   >< INFO> 4302: mct_pipeline_process_set: command=8000009
06-02 21:38:33.133 I/mm-camera(  710): <MCT   >< INFO> 4465: mct_pipeline_process_set:  STREAM-OFF on stream 0x30001 stream type=7
06-02 21:38:33.133 I/mm-camera(  710): <MCT   >< INFO> 4482: mct_pipeline_process_set:  STREAM-OFF success for stream 0x30001, stream type=7
