06-02 21:40:00.474 I/QCamera (  710): <MCI><INFO> mm_stream_dispatch_app_data: 457: Enter callback by blackjoe
06-02 21:40:00.474 E/mm-camera(  710): <MCT   ><ERROR> 2757: mct_stream_process_bus_msg: frameid is 15 hal_version is 3
06-02 21:40:00.474 E/mm-camera(  710): <MCT   ><ERROR> 2759: mct_stream_process_bus_msg: kstate_ptr is 0xe5a85a84, isp_kstate_ptr is 0xe9788000
06-02 21:40:00.476 E/mm-camera(  710): <MCT   ><ERROR> 2765: mct_stream_process_bus_msg: frame_id is 15
06-02 21:40:00.476 E/QCamera (  710): <MCI><ERROR> mm_stream_data_notify: 337: E, my_handle = 0x8900, fd = 68, state = 6 blackjoe
06-02 21:40:00.477 E/QCamera (  710): <MCI><ERROR> mm_stream_read_msm_frame: 1723: E, my_handle = 0x8900, fd = 68, state = 6 blackjoe
06-02 21:40:00.477 I/QCamera (  710): <MCI><INFO> mm_stream_read_msm_frame: 1770: VIDIOC_DQBUF buf_index 14, frame_idx 14, stream type 7, rc 0,queued: 17, buf_type = 0 flags = 8192 FD = 68 my_num 0 buf fd 110
06-02 21:40:00.477 E/mm-camera(  710): <STATS_AIS ><ERROR> 1316: dsps_process_response_gyro: Query request denied, error code = 5, QId_valid = 1, QueryId = 0xf0a, AckNak_valid = 1, AckNak = 3
06-02 21:40:00.478 E/QCamera (  710): <MCI><ERROR> mm_stream_read_msm_frame: 1790: X rc = 0
06-02 21:40:00.478 I/QCamera (  710): <MCI><INFO> mm_stream_handle_rcvd_buf: 220: E, my_handle = 0x8900, fd = 68, state = 6
06-02 21:40:00.478 I/QCamera (  710): <MCI><INFO> mm_stream_handle_rcvd_buf: 244: has cb and it is active by blackjoe
06-02 21:40:00.479 I/QCamera (  710): <MCI><INFO> mm_stream_dispatch_app_data: 415: E, my_handle = 0x8900, fd = 68, state = 6
06-02 21:40:00.479 I/QCamera (  710): <MCI><INFO> mm_stream_dispatch_app_data: 436: frame_sync.is_active = 0, is_cb_active = 1
06-02 21:40:00.479 I/QCamera (  710): <MCI><INFO> mm_stream_dispatch_app_data: 457: Enter callback by blackjoe
06-02 21:40:00.496 E/mm-camera(  710): <MCT   ><ERROR> 4828: mct_pipeline_process_serv_msg: pipeline blackjoe data->sessionid 3 pipeline->session 3 msgid 3
06-02 21:40:00.497 E/mm-camera(  710): <MCT   ><ERROR> 4299: mct_pipeline_process_set: command is 0x8000014 blackjoe CAM_PRIV_PARM 0x8000014
06-02 21:40:00.544 E/QCamera (  710): <MCI><ERROR> mm_stream_data_notify: 337: E, my_handle = 0x8a01, fd = 78, state = 6 blackjoe
06-02 21:40:00.544 E/QCamera (  710): <MCI><ERROR> mm_stream_read_msm_frame: 1723: E, my_handle = 0x8a01, fd = 78, state = 6 blackjoe
06-02 21:40:00.544 E/mm-camera(  710): <SENSOR><ERROR> 4883: sensor_get_frame_duration: resolution is invalid, it seems stream has stopped.
06-02 21:40:00.544 I/QCamera (  710): <MCI><INFO> mm_stream_read_msm_frame: 1770: VIDIOC_DQBUF buf_index 6, frame_idx 15, stream type 8, rc 0,queued: 5, buf_type = 0 flags = 8192 FD = 78 my_num 0 buf fd 140
06-02 21:40:00.545 E/mm-camera(  710): <SENSOR><ERROR> 884: sensor_fc_report_meta: Failed to get frame duration
06-02 21:40:00.545 E/QCamera (  710): <MCI><ERROR> mm_stream_read_msm_frame: 1790: X rc = 0
06-02 21:40:00.545 E/mm-camera(  710): <SENSOR><ERROR> 4805: sensor_get_exposure_time: resolution is invalid, it seems stream has stopped.
06-02 21:40:00.545 I/QCamera (  710): <MCI><INFO> mm_stream_handle_rcvd_buf: 220: E, my_handle = 0x8a01, fd = 78, state = 6
06-02 21:40:00.545 E/mm-camera(  710): <SENSOR><ERROR> 904: sensor_fc_report_meta: Failed to get exposure time
06-02 21:40:00.545 I/QCamera (  710): <MCI><INFO> mm_stream_handle_rcvd_buf: 244: has cb and it is active by blackjoe
06-02 21:40:00.545 I/QCamera (  710): <MCI><INFO> mm_stream_dispatch_app_data: 415: E, my_handle = 0x8a01, fd = 78, state = 6
06-02 21:40:00.546 I/QCamera (  710): <MCI><INFO> mm_stream_dispatch_app_data: 436: frame_sync.is_active = 0, is_cb_active = 1
06-02 21:40:00.546 I/QCamera (  710): <MCI><INFO> mm_stream_dispatch_app_data: 457: Enter callback by blackjoe
06-02 21:40:00.547 E/mm-camera(  710): <MCT   ><ERROR> 2722: mct_stream_process_bus_msg: Check the runing function blackjoe 
06-02 21:40:00.547 E/mm-camera(  710): <MCT   ><ERROR> 2755: mct_stream_process_bus_msg: isp_sof_bus_msg is 0xe8800d00
06-02 21:40:00.547 E/mm-camera(  710): <MCT   ><ERROR> 2757: mct_stream_process_bus_msg: frameid is 16 hal_version is 3
06-02 21:40:00.547 E/mm-camera(  710): <MCT   ><ERROR> 2759: mct_stream_process_bus_msg: kstate_ptr is 0xe5a85a84, isp_kstate_ptr is 0xe9788000
06-02 21:40:00.548 E/mm-camera(  710): <MCT   ><ERROR> 2765: mct_stream_process_bus_msg: frame_id is 16
06-02 21:40:00.548 E/QCamera (  710): <MCI><ERROR> mm_stream_data_notify: 337: E, my_handle = 0x8900, fd = 68, state = 6 blackjoe
06-02 21:40:00.549 E/QCamera (  710): <MCI><ERROR> mm_stream_read_msm_frame: 1723: E, my_handle = 0x8900, fd = 68, state = 6 blackjoe
06-02 21:40:00.549 I/QCamera (  710): <MCI><INFO> mm_stream_read_msm_frame: 1770: VIDIOC_DQBUF buf_index 15, frame_idx 15, stream type 7, rc 0,queued: 17, buf_type = 0 flags = 8192 FD = 68 my_num 0 buf fd 112
06-02 21:40:00.549 E/QCamera (  710): <MCI><ERROR> mm_stream_read_msm_frame: 1790: X rc = 0
06-02 21:40:00.550 I/QCamera (  710): <MCI><INFO> mm_stream_handle_rcvd_buf: 220: E, my_handle = 0x8900, fd = 68, state = 6
06-02 21:40:00.550 I/QCamera (  710): <MCI><INFO> mm_stream_handle_rcvd_buf: 244: has cb and it is active by blackjoe
06-02 21:40:00.550 I/QCamera (  710): <MCI><INFO> mm_stream_dispatch_app_data: 415: E, my_handle = 0x8900, fd = 68, state = 6
06-02 21:40:00.550 E/mm-camera(  710): <STATS_AIS ><ERROR> 1316: dsps_process_response_gyro: Query request denied, error code = 5, QId_valid = 1, QueryId = 0x100a, AckNak_valid = 1, AckNak = 3
06-02 21:40:00.550 I/QCamera (  710): <MCI><INFO> mm_stream_dispatch_app_data: 436: frame_sync.is_active = 0, is_cb_active = 1
06-02 21:40:00.551 I/QCamera (  710): <MCI><INFO> mm_stream_dispatch_app_data: 457: Enter callback by blackjoe
06-02 21:40:00.560 E/mm-camera(  710): <MCT   ><ERROR> 4828: mct_pipeline_process_serv_msg: pipeline blackjoe data->sessionid 3 pipeline->session 3 msgid 3
06-02 21:40:00.561 E/mm-camera(  710): <MCT   ><ERROR> 4299: mct_pipeline_process_set: command is 0x8000014 blackjoe CAM_PRIV_PARM 0x8000014
06-02 21:40:00.578 E/QCamera (  710): <MCI><ERROR> mm_stream_data_notify: 337: E, my_handle = 0x8a01, fd = 78, state = 6 blackjoe
06-02 21:40:00.578 E/QCamera (  710): <MCI><ERROR> mm_stream_read_msm_frame: 1723: E, my_handle = 0x8a01, fd = 78, state = 6 blackjoe
06-02 21:40:00.579 E/mm-camera(  710): <SENSOR><ERROR> 4883: sensor_get_frame_duration: resolution is invalid, it seems stream has stopped.
06-02 21:40:00.579 I/QCamera (  710): <MCI><INFO> mm_stream_read_msm_frame: 1770: VIDIOC_DQBUF buf_index 7, frame_idx 16, stream type 8, rc 0,queued: 5, buf_type = 0 flags = 8192 FD = 78 my_num 0 buf fd 76
06-02 21:40:00.579 E/mm-camera(  710): <SENSOR><ERROR> 884: sensor_fc_report_meta: Failed to get frame duration
06-02 21:40:00.579 E/QCamera (  710): <MCI><ERROR> mm_stream_read_msm_frame: 1790: X rc = 0
06-02 21:40:00.579 E/mm-camera(  710): <SENSOR><ERROR> 4805: sensor_get_exposure_time: resolution is invalid, it seems stream has stopped.
06-02 21:40:00.579 I/QCamera (  710): <MCI><INFO> mm_stream_handle_rcvd_buf: 220: E, my_handle = 0x8a01, fd = 78, state = 6
06-02 21:40:00.579 I/QCamera (  710): <MCI><INFO> mm_stream_handle_rcvd_buf: 244: has cb and it is active by blackjoe
06-02 21:40:00.579 E/mm-camera(  710): <SENSOR><ERROR> 904: sensor_fc_report_meta: Failed to get exposure time
06-02 21:40:00.580 I/QCamera (  710): <MCI><INFO> mm_stream_dispatch_app_data: 415: E, my_handle = 0x8a01, fd = 78, state = 6
06-02 21:40:00.580 I/QCamera (  710): <MCI><INFO> mm_stream_dispatch_app_data: 436: frame_sync.is_active = 0, is_cb_active = 1
06-02 21:40:00.580 I/QCamera (  710): <MCI><INFO> mm_stream_dispatch_app_data: 457: Enter callback by blackjoe
06-02 21:40:00.581 E/mm-camera(  710): <MCT   ><ERROR> 2722: mct_stream_process_bus_msg: Check the runing function blackjoe 
06-02 21:40:00.581 E/mm-camera(  710): <MCT   ><ERROR> 2755: mct_stream_process_bus_msg: isp_sof_bus_msg is 0xe8800e20
06-02 21:40:00.581 E/mm-camera(  710): <MCT   ><ERROR> 2757: mct_stream_process_bus_msg: frameid is 17 hal_version is 3
06-02 21:40:00.582 E/mm-camera(  710): <MCT   ><ERROR> 2759: mct_stream_process_bus_msg: kstate_ptr is 0xe5a85a84, isp_kstate_ptr is 0xe9788000
06-02 21:40:00.582 E/mm-camera(  710): <MCT   ><ERROR> 2765: mct_stream_process_bus_msg: frame_id is 17
06-02 21:40:00.586 E/mm-camera(  710): <STATS_AIS ><ERROR> 1316: dsps_process_response_gyro: Query request denied, error code = 5, QId_valid = 1, QueryId = 0x110a, AckNak_valid = 1, AckNak = 3
06-02 21:40:00.588 E/QCamera (  710): <MCI><ERROR> mm_stream_data_notify: 337: E, my_handle = 0x8900, fd = 68, state = 6 blackjoe
06-02 21:40:00.589 E/QCamera (  710): <MCI><ERROR> mm_stream_read_msm_frame: 1723: E, my_handle = 0x8900, fd = 68, state = 6 blackjoe
06-02 21:40:00.589 I/QCamera (  710): <MCI><INFO> mm_stream_read_msm_frame: 1770: VIDIOC_DQBUF buf_index 16, frame_idx 16, stream type 7, rc 0,queued: 17, buf_type = 0 flags = 8192 FD = 68 my_num 0 buf fd 114
06-02 21:40:00.589 E/QCamera (  710): <MCI><ERROR> mm_stream_read_msm_frame: 1790: X rc = 0
06-02 21:40:00.590 I/QCamera (  710): <MCI><INFO> mm_stream_handle_rcvd_buf: 220: E, my_handle = 0x8900, fd = 68, state = 6
06-02 21:40:00.590 I/QCamera (  710): <MCI><INFO> mm_stream_handle_rcvd_buf: 244: has cb and it is active by blackjoe
06-02 21:40:00.590 I/QCamera (  710): <MCI><INFO> mm_stream_dispatch_app_data: 415: E, my_handle = 0x8900, fd = 68, state = 6
06-02 21:40:00.635 E/        (    0): frame_src is 1 frame_id is 19 blackjoe
06-02 21:40:00.591 I/QCamera (  710): <MCI><INFO> mm_stream_dispatch_app_data: 436: frame_sync.is_active = 0, is_cb_active = 1
06-02 21:40:00.591 I/QCamera (  710): <MCI><INFO> mm_stream_dispatch_app_data: 457: Enter callback by blackjoe
06-02 21:40:00.603 E/mm-camera(  710): <MCT   ><ERROR> 4828: mct_pipeline_process_serv_msg: pipeline blackjoe data->sessionid 3 pipeline->session 3 msgid 3
06-02 21:40:00.603 E/mm-camera(  710): <MCT   ><ERROR> 4299: mct_pipeline_process_set: command is 0x8000014 blackjoe CAM_PRIV_PARM 0x8000014
06-02 21:40:00.613 E/QCamera (  710): <MCI><ERROR> mm_stream_data_notify: 337: E, my_handle = 0x8a01, fd = 78, state = 6 blackjoe
06-02 21:40:00.613 E/mm-camera(  710): <SENSOR><ERROR> 4883: sensor_get_frame_duration: resolution is invalid, it seems stream has stopped.
06-02 21:40:00.613 E/QCamera (  710): <MCI><ERROR> mm_stream_read_msm_frame: 1723: E, my_handle = 0x8a01, fd = 78, state = 6 blackjoe
06-02 21:40:00.613 E/mm-camera(  710): <SENSOR><ERROR> 884: sensor_fc_report_meta: Failed to get frame duration
06-02 21:40:00.613 E/mm-camera(  710): <SENSOR><ERROR> 4805: sensor_get_exposure_time: resolution is invalid, it seems stream has stopped.
06-02 21:40:00.614 E/mm-camera(  710): <SENSOR><ERROR> 904: sensor_fc_report_meta: Failed to get exposure time
06-02 21:40:00.616 I/QCamera (  710): <MCI><INFO> mm_stream_read_msm_frame: 1770: VIDIOC_DQBUF buf_index 8, frame_idx 17, stream type 8, rc 0,queued: 5, buf_type = 0 flags = 8192 FD = 78 my_num 0 buf fd 127
06-02 21:40:00.617 E/QCamera (  710): <MCI><ERROR> mm_stream_read_msm_frame: 1790: X rc = 0
06-02 21:40:00.617 I/QCamera (  710): <MCI><INFO> mm_stream_handle_rcvd_buf: 220: E, my_handle = 0x8a01, fd = 78, state = 6
06-02 21:40:00.617 I/QCamera (  710): <MCI><INFO> mm_stream_handle_rcvd_buf: 244: has cb and it is active by blackjoe
06-02 21:40:00.618 I/QCamera (  710): <MCI><INFO> mm_stream_dispatch_app_data: 415: E, my_handle = 0x8a01, fd = 78, state = 6
06-02 21:40:00.618 I/QCamera (  710): <MCI><INFO> mm_stream_dispatch_app_data: 436: frame_sync.is_active = 0, is_cb_active = 1
06-02 21:40:00.618 I/QCamera (  710): <MCI><INFO> mm_stream_dispatch_app_data: 457: Enter callback by blackjoe
06-02 21:40:00.619 E/mm-camera(  710): <STATS_AIS ><ERROR> 1316: dsps_process_response_gyro: Query request denied, error code = 5, QId_valid = 1, QueryId = 0x120a, AckNak_valid = 1, AckNak = 3
06-02 21:40:00.619 E/mm-camera(  710): <MCT   ><ERROR> 2722: mct_stream_process_bus_msg: Check the runing function blackjoe 
06-02 21:40:00.619 E/mm-camera(  710): <MCT   ><ERROR> 2755: mct_stream_process_bus_msg: isp_sof_bus_msg is 0xe8800400
06-02 21:40:00.619 E/mm-camera(  710): <MCT   ><ERROR> 2757: mct_stream_process_bus_msg: frameid is 18 hal_version is 3
06-02 21:40:00.620 E/mm-camera(  710): <MCT   ><ERROR> 2759: mct_stream_process_bus_msg: kstate_ptr is 0xe5a85a84, isp_kstate_ptr is 0xe9788000
06-02 21:40:00.620 E/mm-camera(  710): <MCT   ><ERROR> 2765: mct_stream_process_bus_msg: frame_id is 18
06-02 21:40:00.622 E/QCamera (  710): <MCI><ERROR> mm_stream_data_notify: 337: E, my_handle = 0x8900, fd = 68, state = 6 blackjoe
06-02 21:40:00.622 E/QCamera (  710): <MCI><ERROR> mm_stream_read_msm_frame: 1723: E, my_handle = 0x8900, fd = 68, state = 6 blackjoe
06-02 21:40:00.623 I/QCamera (  710): <MCI><INFO> mm_stream_read_msm_frame: 1770: VIDIOC_DQBUF buf_index 17, frame_idx 17, stream type 7, rc 0,queued: 17, buf_type = 0 flags = 8192 FD = 68 my_num 0 buf fd 116
06-02 21:40:00.623 E/QCamera (  710): <MCI><ERROR> mm_stream_read_msm_frame: 1790: X rc = 0
06-02 21:40:00.624 I/QCamera (  710): <MCI><INFO> mm_stream_handle_rcvd_buf: 220: E, my_handle = 0x8900, fd = 68, state = 6
06-02 21:40:00.624 I/QCamera (  710): <MCI><INFO> mm_stream_handle_rcvd_buf: 244: has cb and it is active by blackjoe
06-02 21:40:00.624 I/QCamera (  710): <MCI><INFO> mm_stream_dispatch_app_data: 415: E, my_handle = 0x8900, fd = 68, state = 6
06-02 21:40:00.624 I/QCamera (  710): <MCI><INFO> mm_stream_dispatch_app_data: 436: frame_sync.is_active = 0, is_cb_active = 1
06-02 21:40:00.625 I/QCamera (  710): <MCI><INFO> mm_stream_dispatch_app_data: 457: Enter callback by blackjoe
06-02 21:40:00.638 E/mm-camera(  710): <MCT   ><ERROR> 4828: mct_pipeline_process_serv_msg: pipeline blackjoe data->sessionid 3 pipeline->session 3 msgid 3
06-02 21:40:00.669 E/        (    0): frame_src is 1 frame_id is 20 blackjoe
06-02 21:40:00.704 E/        (    0): frame_src is 1 frame_id is 21 blackjoe
06-02 21:40:00.638 E/mm-camera(  710): <MCT   ><ERROR> 4299: mct_pipeline_process_set: command is 0x8000014 blackjoe CAM_PRIV_PARM 0x8000014
06-02 21:40:00.685 E/QCamera (  710): <MCI><ERROR> mm_stream_data_notify: 337: E, my_handle = 0x8a01, fd = 78, state = 6 blackjoe
06-02 21:40:00.685 E/QCamera (  710): <MCI><ERROR> mm_stream_read_msm_frame: 1723: E, my_handle = 0x8a01, fd = 78, state = 6 blackjoe
06-02 21:40:00.686 E/mm-camera(  710): <SENSOR><ERROR> 4883: sensor_get_frame_duration: resolution is invalid, it seems stream has stopped.
06-02 21:40:00.686 E/mm-camera(  710): <SENSOR><ERROR> 884: sensor_fc_report_meta: Failed to get frame duration
06-02 21:40:00.686 I/QCamera (  710): <MCI><INFO> mm_stream_read_msm_frame: 1770: VIDIOC_DQBUF buf_index 9, frame_idx 18, stream type 8, rc 0,queued: 5, buf_type = 0 flags = 8192 FD = 78 my_num 0 buf fd 133
06-02 21:40:00.686 E/mm-camera(  710): <SENSOR><ERROR> 4805: sensor_get_exposure_time: resolution is invalid, it seems stream has stopped.
06-02 21:40:00.686 E/QCamera (  710): <MCI><ERROR> mm_stream_read_msm_frame: 1790: X rc = 0
06-02 21:40:00.687 E/mm-camera(  710): <SENSOR><ERROR> 904: sensor_fc_report_meta: Failed to get exposure time
06-02 21:40:00.687 I/QCamera (  710): <MCI><INFO> mm_stream_handle_rcvd_buf: 220: E, my_handle = 0x8a01, fd = 78, state = 6
06-02 21:40:00.687 I/QCamera (  710): <MCI><INFO> mm_stream_handle_rcvd_buf: 244: has cb and it is active by blackjoe
06-02 21:40:00.687 I/QCamera (  710): <MCI><INFO> mm_stream_dispatch_app_data: 415: E, my_handle = 0x8a01, fd = 78, state = 6
06-02 21:40:00.687 I/QCamera (  710): <MCI><INFO> mm_stream_dispatch_app_data: 436: frame_sync.is_active = 0, is_cb_active = 1
06-02 21:40:00.688 I/QCamera (  710): <MCI><INFO> mm_stream_dispatch_app_data: 457: Enter callback by blackjoe
06-02 21:40:00.690 E/mm-camera(  710): <MCT   ><ERROR> 2722: mct_stream_process_bus_msg: Check the runing function blackjoe 
06-02 21:40:00.690 E/mm-camera(  710): <MCT   ><ERROR> 2755: mct_stream_process_bus_msg: isp_sof_bus_msg is 0xe88018d0
06-02 21:40:00.691 E/mm-camera(  710): <MCT   ><ERROR> 2757: mct_stream_process_bus_msg: frameid is 19 hal_version is 3
06-02 21:40:00.691 E/mm-camera(  710): <MCT   ><ERROR> 2759: mct_stream_process_bus_msg: kstate_ptr is 0xe5a85a84, isp_kstate_ptr is 0xe9788000
06-02 21:40:00.692 E/mm-camera(  710): <MCT   ><ERROR> 2765: mct_stream_process_bus_msg: frame_id is 19
06-02 21:40:00.692 E/mm-camera(  710): <STATS_AIS ><ERROR> 1316: dsps_process_response_gyro: Query request denied, error code = 5, QId_valid = 1, QueryId = 0x130a, AckNak_valid = 1, AckNak = 3
06-02 21:40:00.692 E/QCamera (  710): <MCI><ERROR> mm_stream_data_notify: 337: E, my_handle = 0x8900, fd = 68, state = 6 blackjoe
06-02 21:40:00.693 E/QCamera (  710): <MCI><ERROR> mm_stream_read_msm_frame: 1723: E, my_handle = 0x8900, fd = 68, state = 6 blackjoe
06-02 21:40:00.693 I/QCamera (  710): <MCI><INFO> mm_stream_read_msm_frame: 1770: VIDIOC_DQBUF buf_index 0, frame_idx 18, stream type 7, rc 0,queued: 17, buf_type = 0 flags = 8192 FD = 68 my_num 0 buf fd 82
06-02 21:40:00.694 E/QCamera (  710): <MCI><ERROR> mm_stream_read_msm_frame: 1790: X rc = 0
06-02 21:40:00.694 I/QCamera (  710): <MCI><INFO> mm_stream_handle_rcvd_buf: 220: E, my_handle = 0x8900, fd = 68, state = 6
06-02 21:40:00.694 I/QCamera (  710): <MCI><INFO> mm_stream_handle_rcvd_buf: 244: has cb and it is active by blackjoe
06-02 21:40:00.694 I/QCamera (  710): <MCI><INFO> mm_stream_dispatch_app_data: 415: E, my_handle = 0x8900, fd = 68, state = 6
06-02 21:40:00.695 I/QCamera (  710): <MCI><INFO> mm_stream_dispatch_app_data: 436: frame_sync.is_active = 0, is_cb_active = 1
06-02 21:40:00.695 I/QCamera (  710): <MCI><INFO> mm_stream_dispatch_app_data: 457: Enter callback by blackjoe
06-02 21:40:00.709 E/mm-camera(  710): <MCT   ><ERROR> 4828: mct_pipeline_process_serv_msg: pipeline blackjoe data->sessionid 3 pipeline->session 3 msgid 3
06-02 21:40:00.709 E/mm-camera(  710): <MCT   ><ERROR> 4299: mct_pipeline_process_set: command is 0x8000014 blackjoe CAM_PRIV_PARM 0x8000014
06-02 21:40:00.719 E/QCamera (  710): <MCI><ERROR> mm_stream_data_notify: 337: E, my_handle = 0x8a01, fd = 78, state = 6 blackjoe
06-02 21:40:00.720 E/QCamera (  710): <MCI><ERROR> mm_stream_read_msm_frame: 1723: E, my_handle = 0x8a01, fd = 78, state = 6 blackjoe
06-02 21:40:00.720 I/QCamera (  710): <MCI><INFO> mm_stream_read_msm_frame: 1770: VIDIOC_DQBUF buf_index 10, frame_idx 19, stream type 8, rc 0,queued: 5, buf_type = 0 flags = 8192 FD = 78 my_num 0 buf fd 130
06-02 21:40:00.720 E/QCamera (  710): <MCI><ERROR> mm_stream_read_msm_frame: 1790: X rc = 0
06-02 21:40:00.721 I/QCamera (  710): <MCI><INFO> mm_stream_handle_rcvd_buf: 220: E, my_handle = 0x8a01, fd = 78, state = 6
06-02 21:40:00.721 E/mm-camera(  710): <SENSOR><ERROR> 4883: sensor_get_frame_duration: resolution is invalid, it seems stream has stopped.
06-02 21:40:00.721 I/QCamera (  710): <MCI><INFO> mm_stream_handle_rcvd_buf: 244: has cb and it is active by blackjoe
06-02 21:40:00.721 E/mm-camera(  710): <SENSOR><ERROR> 884: sensor_fc_report_meta: Failed to get frame duration
06-02 21:40:00.721 I/QCamera (  710): <MCI><INFO> mm_stream_dispatch_app_data: 415: E, my_handle = 0x8a01, fd = 78, state = 6
06-02 21:40:00.721 E/mm-camera(  710): <SENSOR><ERROR> 4805: sensor_get_exposure_time: resolution is invalid, it seems stream has stopped.
06-02 21:40:00.721 I/QCamera (  710): <MCI><INFO> mm_stream_dispatch_app_data: 436: frame_sync.is_active = 0, is_cb_active = 1
06-02 21:40:00.721 E/mm-camera(  710): <SENSOR><ERROR> 904: sensor_fc_report_meta: Failed to get exposure time
06-02 21:40:00.722 I/QCamera (  710): <MCI><INFO> mm_stream_dispatch_app_data: 457: Enter callback by blackjoe
06-02 21:40:00.723 E/mm-camera(  710): <MCT   ><ERROR> 2722: mct_stream_process_bus_msg: Check the runing function blackjoe 
06-02 21:40:00.723 E/mm-camera(  710): <MCT   ><ERROR> 2755: mct_stream_process_bus_msg: isp_sof_bus_msg is 0xe88013c0
06-02 21:40:00.723 E/mm-camera(  710): <MCT   ><ERROR> 2757: mct_stream_process_bus_msg: frameid is 20 hal_version is 3
06-02 21:40:00.724 E/mm-camera(  710): <MCT   ><ERROR> 2759: mct_stream_process_bus_msg: kstate_ptr is 0xe5a85a84, isp_kstate_ptr is 0xe9788000
06-02 21:40:00.724 E/mm-camera(  710): <MCT   ><ERROR> 2765: mct_stream_process_bus_msg: frame_id is 20
06-02 21:40:00.724 E/QCamera (  710): <MCI><ERROR> mm_stream_data_notify: 337: E, my_handle = 0x8900, fd = 68, state = 6 blackjoe
06-02 21:40:00.725 E/QCamera (  710): <MCI><ERROR> mm_stream_read_msm_frame: 1723: E, my_handle = 0x8900, fd = 68, state = 6 blackjoe
06-02 21:40:00.725 I/QCamera (  710): <MCI><INFO> mm_stream_read_msm_frame: 1770: VIDIOC_DQBUF buf_index 1, frame_idx 19, stream type 7, rc 0,queued: 17, buf_type = 0 flags = 8192 FD = 68 my_num 0 buf fd 84
06-02 21:40:00.726 E/QCamera (  710): <MCI><ERROR> mm_stream_read_msm_frame: 1790: X rc = 0
06-02 21:40:00.726 I/QCamera (  710): <MCI><INFO> mm_stream_handle_rcvd_buf: 220: E, my_handle = 0x8900, fd = 68, state = 6
06-02 21:40:00.726 I/QCamera (  710): <MCI><INFO> mm_stream_handle_rcvd_buf: 244: has cb and it is active by blackjoe
06-02 21:40:00.727 E/mm-camera(  710): <STATS_AIS ><ERROR> 1316: dsps_process_response_gyro: Query request denied, error code = 5, QId_valid = 1, QueryId = 0x140a, AckNak_valid = 1, AckNak = 3
06-02 21:40:00.727 I/QCamera (  710): <MCI><INFO> mm_stream_dispatch_app_data: 415: E, my_handle = 0x8900, fd = 68, state = 6
06-02 21:40:00.728 I/QCamera (  710): <MCI><INFO> mm_stream_dispatch_app_data: 436: frame_sync.is_active = 0, is_cb_active = 1
06-02 21:40:00.728 I/QCamera (  710): <MCI><INFO> mm_stream_dispatch_app_data: 457: Enter callback by blackjoe
06-02 21:40:00.742 E/mm-camera(  710): <MCT   ><ERROR> 4828: mct_pipeline_process_serv_msg: pipeline blackjoe data->sessionid 3 pipeline->session 3 msgid 3
06-02 21:40:00.742 E/mm-camera(  710): <MCT   ><ERROR> 4299: mct_pipeline_process_set: command is 0x8000014 blackjoe CAM_PRIV_PARM 0x8000014
06-02 21:40:00.754 E/QCamera (  710): <MCI><ERROR> mm_stream_data_notify: 337: E, my_handle = 0x8a01, fd = 78, state = 6 blackjoe
06-02 21:40:00.754 E/QCamera (  710): <MCI><ERROR> mm_stream_read_msm_frame: 1723: E, my_handle = 0x8a01, fd = 78, state = 6 blackjoe
06-02 21:40:00.754 E/mm-camera(  710): <SENSOR><ERROR> 4883: sensor_get_frame_duration: resolution is invalid, it seems stream has stopped.
06-02 21:40:00.754 E/mm-camera(  710): <SENSOR><ERROR> 884: sensor_fc_report_meta: Failed to get frame duration
06-02 21:40:00.755 I/QCamera (  710): <MCI><INFO> mm_stream_read_msm_frame: 1770: VIDIOC_DQBUF buf_index 11, frame_idx 20, stream type 8, rc 0,queued: 5, buf_type = 0 flags = 8192 FD = 78 my_num 0 buf fd 134
06-02 21:40:00.755 E/mm-camera(  710): <SENSOR><ERROR> 4805: sensor_get_exposure_time: resolution is invalid, it seems stream has stopped.
06-02 21:40:00.755 E/QCamera (  710): <MCI><ERROR> mm_stream_read_msm_frame: 1790: X rc = 0
06-02 21:40:00.755 E/mm-camera(  710): <SENSOR><ERROR> 904: sensor_fc_report_meta: Failed to get exposure time
06-02 21:40:00.755 I/QCamera (  710): <MCI><INFO> mm_stream_handle_rcvd_buf: 220: E, my_handle = 0x8a01, fd = 78, state = 6
06-02 21:40:00.755 I/QCamera (  710): <MCI><INFO> mm_stream_handle_rcvd_buf: 244: has cb and it is active by blackjoe
06-02 21:40:00.756 I/QCamera (  710): <MCI><INFO> mm_stream_dispatch_app_data: 415: E, my_handle = 0x8a01, fd = 78, state = 6
06-02 21:40:00.756 I/QCamera (  710): <MCI><INFO> mm_stream_dispatch_app_data: 436: frame_sync.is_active = 0, is_cb_active = 1
06-02 21:40:00.756 I/QCamera (  710): <MCI><INFO> mm_stream_dispatch_app_data: 457: Enter callback by blackjoe
06-02 21:40:00.756 E/mm-camera(  710): <MCT   ><ERROR> 2722: mct_stream_process_bus_msg: Check the runing function blackjoe 
06-02 21:40:00.757 E/mm-camera(  710): <MCT   ><ERROR> 2755: mct_stream_process_bus_msg: isp_sof_bus_msg is 0xe8801720
06-02 21:40:00.757 E/mm-camera(  710): <MCT   ><ERROR> 2757: mct_stream_process_bus_msg: frameid is 21 hal_version is 3
06-02 21:40:00.757 E/mm-camera(  710): <MCT   ><ERROR> 2759: mct_stream_process_bus_msg: kstate_ptr is 0xe5a85a84, isp_kstate_ptr is 0xe9788000
06-02 21:40:00.758 E/mm-camera(  710): <MCT   ><ERROR> 2765: mct_stream_process_bus_msg: frame_id is 21
06-02 21:40:00.759 E/QCamera (  710): <MCI><ERROR> mm_stream_data_notify: 337: E, my_handle = 0x8900, fd = 68, state = 6 blackjoe
06-02 21:40:00.759 E/QCamera (  710): <MCI><ERROR> mm_stream_read_msm_frame: 1723: E, my_handle = 0x8900, fd = 68, state = 6 blackjoe
06-02 21:40:00.760 I/QCamera (  710): <MCI><INFO> mm_stream_read_msm_frame: 1770: VIDIOC_DQBUF buf_index 2, frame_idx 20, stream type 7, rc 0,queued: 17, buf_type = 0 flags = 8192 FD = 68 my_num 0 buf fd 86
06-02 21:40:00.760 E/QCamera (  710): <MCI><ERROR> mm_stream_read_msm_frame: 1790: X rc = 0
06-02 21:40:00.760 I/QCamera (  710): <MCI><INFO> mm_stream_handle_rcvd_buf: 220: E, my_handle = 0x8900, fd = 68, state = 6
06-02 21:40:00.761 I/QCamera (  710): <MCI><INFO> mm_stream_handle_rcvd_buf: 244: has cb and it is active by blackjoe
06-02 21:40:00.761 I/QCamera (  710): <MCI><INFO> mm_stream_dispatch_app_data: 415: E, my_handle = 0x8900, fd = 68, state = 6
06-02 21:40:00.761 E/mm-camera(  710): <STATS_AIS ><ERROR> 1316: dsps_process_response_gyro: Query request denied, error code = 5, QId_valid = 1, QueryId = 0x150a, AckNak_valid = 1, AckNak = 3
06-02 21:40:00.761 I/QCamera (  710): <MCI><INFO> mm_stream_dispatch_app_data: 436: frame_sync.is_active = 0, is_cb_active = 1
06-02 21:40:00.761 I/QCamera (  710): <MCI><INFO> mm_stream_dispatch_app_data: 457: Enter callback by blackjoe
06-02 21:40:00.778 E/mm-camera(  710): <MCT   ><ERROR> 4828: mct_pipeline_process_serv_msg: pipeline blackjoe data->sessionid 3 pipeline->session 3 msgid 3
06-02 21:40:00.778 E/mm-camera(  710): <MCT   ><ERROR> 4299: mct_pipeline_process_set: command is 0x8000014 blackjoe CAM_PRIV_PARM 0x8000014
06-02 21:40:00.776 E/        (    0): frame_src is 1 frame_id is 22 blackjoe
06-02 21:40:00.826 E/QCamera (  710): <MCI><ERROR> mm_stream_data_notify: 337: E, my_handle = 0x8a01, fd = 78, state = 6 blackjoe
06-02 21:40:00.827 E/QCamera (  710): <MCI><ERROR> mm_stream_read_msm_frame: 1723: E, my_handle = 0x8a01, fd = 78, state = 6 blackjoe
06-02 21:40:00.827 E/mm-camera(  710): <SENSOR><ERROR> 4883: sensor_get_frame_duration: resolution is invalid, it seems stream has stopped.
06-02 21:40:00.827 E/mm-camera(  710): <SENSOR><ERROR> 884: sensor_fc_report_meta: Failed to get frame duration
06-02 21:40:00.828 I/QCamera (  710): <MCI><INFO> mm_stream_read_msm_frame: 1770: VIDIOC_DQBUF buf_index 6, frame_idx 21, stream type 8, rc 0,queued: 5, buf_type = 0 flags = 8192 FD = 78 my_num 0 buf fd 137
06-02 21:40:00.828 E/mm-camera(  710): <SENSOR><ERROR> 4805: sensor_get_exposure_time: resolution is invalid, it seems stream has stopped.
06-02 21:40:00.810 E/        (    0): frame_src is 1 frame_id is 23 blackjoe
06-02 21:40:00.828 E/QCamera (  710): <MCI><ERROR> mm_stream_read_msm_frame: 1790: X rc = 0
06-02 21:40:00.828 E/mm-camera(  710): <SENSOR><ERROR> 904: sensor_fc_report_meta: Failed to get exposure time
06-02 21:40:00.828 I/QCamera (  710): <MCI><INFO> mm_stream_handle_rcvd_buf: 220: E, my_handle = 0x8a01, fd = 78, state = 6
06-02 21:40:00.828 I/QCamera (  710): <MCI><INFO> mm_stream_handle_rcvd_buf: 244: has cb and it is active by blackjoe
06-02 21:40:00.829 I/QCamera (  710): <MCI><INFO> mm_stream_dispatch_app_data: 415: E, my_handle = 0x8a01, fd = 78, state = 6
06-02 21:40:00.829 I/QCamera (  710): <MCI><INFO> mm_stream_dispatch_app_data: 436: frame_sync.is_active = 0, is_cb_active = 1
06-02 21:40:00.829 I/QCamera (  710): <MCI><INFO> mm_stream_dispatch_app_data: 457: Enter callback by blackjoe
06-02 21:40:00.829 E/mm-camera(  710): <MCT   ><ERROR> 2722: mct_stream_process_bus_msg: Check the runing function blackjoe 
06-02 21:40:00.830 E/mm-camera(  710): <MCT   ><ERROR> 2755: mct_stream_process_bus_msg: isp_sof_bus_msg is 0xe8800ac0
06-02 21:40:00.830 E/mm-camera(  710): <MCT   ><ERROR> 2757: mct_stream_process_bus_msg: frameid is 22 hal_version is 3
06-02 21:40:00.830 E/mm-camera(  710): <MCT   ><ERROR> 2759: mct_stream_process_bus_msg: kstate_ptr is 0xe5a85a84, isp_kstate_ptr is 0xe9788000
06-02 21:40:00.830 E/mm-camera(  710): <MCT   ><ERROR> 2765: mct_stream_process_bus_msg: frame_id is 22
06-02 21:40:00.832 E/QCamera (  710): <MCI><ERROR> mm_stream_data_notify: 337: E, my_handle = 0x8900, fd = 68, state = 6 blackjoe
06-02 21:40:00.832 E/QCamera (  710): <MCI><ERROR> mm_stream_read_msm_frame: 1723: E, my_handle = 0x8900, fd = 68, state = 6 blackjoe
06-02 21:40:00.834 I/QCamera (  710): <MCI><INFO> mm_stream_read_msm_frame: 1770: VIDIOC_DQBUF buf_index 3, frame_idx 21, stream type 7, rc 0,queued: 17, buf_type = 0 flags = 8192 FD = 68 my_num 0 buf fd 88
06-02 21:40:00.834 E/QCamera (  710): <MCI><ERROR> mm_stream_read_msm_frame: 1790: X rc = 0
06-02 21:40:00.835 E/mm-camera(  710): <STATS_AIS ><ERROR> 1316: dsps_process_response_gyro: Query request denied, error code = 5, QId_valid = 1, QueryId = 0x160a, AckNak_valid = 1, AckNak = 3
06-02 21:40:00.835 I/QCamera (  710): <MCI><INFO> mm_stream_handle_rcvd_buf: 220: E, my_handle = 0x8900, fd = 68, state = 6
06-02 21:40:00.835 I/QCamera (  710): <MCI><INFO> mm_stream_handle_rcvd_buf: 244: has cb and it is active by blackjoe
06-02 21:40:00.836 I/QCamera (  710): <MCI><INFO> mm_stream_dispatch_app_data: 415: E, my_handle = 0x8900, fd = 68, state = 6
06-02 21:40:00.836 I/QCamera (  710): <MCI><INFO> mm_stream_dispatch_app_data: 436: frame_sync.is_active = 0, is_cb_active = 1
06-02 21:40:00.836 I/QCamera (  710): <MCI><INFO> mm_stream_dispatch_app_data: 457: Enter callback by blackjoe
06-02 21:40:00.868 E/mm-camera(  710): <SENSOR><ERROR> 4883: sensor_get_frame_duration: resolution is invalid, it seems stream has stopped.
06-02 21:40:00.868 E/mm-camera(  710): <SENSOR><ERROR> 884: sensor_fc_report_meta: Failed to get frame duration
06-02 21:40:00.869 E/mm-camera(  710): <SENSOR><ERROR> 4805: sensor_get_exposure_time: resolution is invalid, it seems stream has stopped.
06-02 21:40:00.869 E/mm-camera(  710): <SENSOR><ERROR> 904: sensor_fc_report_meta: Failed to get exposure time
06-02 21:40:00.871 E/mm-camera(  710): <MCT   ><ERROR> 2722: mct_stream_process_bus_msg: Check the runing function blackjoe 
06-02 21:40:00.871 E/mm-camera(  710): <MCT   ><ERROR> 2755: mct_stream_process_bus_msg: isp_sof_bus_msg is 0xe8800fd0
06-02 21:40:00.872 E/mm-camera(  710): <MCT   ><ERROR> 2757: mct_stream_process_bus_msg: frameid is 23 hal_version is 3
06-02 21:40:00.872 E/mm-camera(  710): <MCT   ><ERROR> 2759: mct_stream_process_bus_msg: kstate_ptr is 0xe5a85a84, isp_kstate_ptr is 0xe9788000
06-02 21:40:00.872 E/mm-camera(  710): <MCT   ><ERROR> 2765: mct_stream_process_bus_msg: frame_id is 23
06-02 21:40:00.872 E/mm-camera(  710): <MCT   ><ERROR> 4828: mct_pipeline_process_serv_msg: pipeline blackjoe data->sessionid 3 pipeline->session 3 msgid 3
06-02 21:40:00.873 E/mm-camera(  710): <MCT   ><ERROR> 4299: mct_pipeline_process_set: command is 0x8000014 blackjoe CAM_PRIV_PARM 0x8000014
06-02 21:40:00.874 E/mm-camera(  710): <STATS_AIS ><ERROR> 1316: dsps_process_response_gyro: Query request denied, error code = 5, QId_valid = 1, QueryId = 0x170a, AckNak_valid = 1, AckNak = 3
06-02 21:40:00.880 E/QCamera (  710): <MCI><ERROR> mm_stream_data_notify: 337: E, my_handle = 0x8900, fd = 68, state = 6 blackjoe
06-02 21:40:00.881 E/QCamera (  710): <MCI><ERROR> mm_stream_read_msm_frame: 1723: E, my_handle = 0x8900, fd = 68, state = 6 blackjoe
06-02 21:40:00.845 E/        (    0): frame_src is 1 frame_id is 24 blackjoe
06-02 21:40:00.881 I/QCamera (  710): <MCI><INFO> mm_stream_read_msm_frame: 1770: VIDIOC_DQBUF buf_index 4, frame_idx 22, stream type 7, rc 0,queued: 17, buf_type = 0 flags = 8192 FD = 68 my_num 0 buf fd 90
06-02 21:40:00.881 E/QCamera (  710): <MCI><ERROR> mm_stream_read_msm_frame: 1790: X rc = 0
06-02 21:40:00.882 I/QCamera (  710): <MCI><INFO> mm_stream_handle_rcvd_buf: 220: E, my_handle = 0x8900, fd = 68, state = 6
06-02 21:40:00.882 I/QCamera (  710): <MCI><INFO> mm_stream_handle_rcvd_buf: 244: has cb and it is active by blackjoe
06-02 21:40:00.882 E/QCamera (  710): <MCI><ERROR> mm_stream_data_notify: 337: E, my_handle = 0x8a01, fd = 78, state = 6 blackjoe
06-02 21:40:00.882 I/QCamera (  710): <MCI><INFO> mm_stream_dispatch_app_data: 415: E, my_handle = 0x8900, fd = 68, state = 6
06-02 21:40:00.883 E/QCamera (  710): <MCI><ERROR> mm_stream_read_msm_frame: 1723: E, my_handle = 0x8a01, fd = 78, state = 6 blackjoe
06-02 21:40:00.883 I/QCamera (  710): <MCI><INFO> mm_stream_dispatch_app_data: 436: frame_sync.is_active = 0, is_cb_active = 1
06-02 21:40:00.883 I/QCamera (  710): <MCI><INFO> mm_stream_dispatch_app_data: 457: Enter callback by blackjoe
06-02 21:40:00.883 I/QCamera (  710): <MCI><INFO> mm_stream_read_msm_frame: 1770: VIDIOC_DQBUF buf_index 7, frame_idx 22, stream type 8, rc 0,queued: 5, buf_type = 0 flags = 8192 FD = 78 my_num 0 buf fd 140
06-02 21:40:00.883 E/QCamera (  710): <MCI><ERROR> mm_stream_read_msm_frame: 1790: X rc = 0
06-02 21:40:00.883 I/QCamera (  710): <MCI><INFO> mm_stream_handle_rcvd_buf: 220: E, my_handle = 0x8a01, fd = 78, state = 6
06-02 21:40:00.884 I/QCamera (  710): <MCI><INFO> mm_stream_handle_rcvd_buf: 244: has cb and it is active by blackjoe
06-02 21:40:00.885 I/QCamera (  710): <MCI><INFO> mm_stream_dispatch_app_data: 415: E, my_handle = 0x8a01, fd = 78, state = 6
06-02 21:40:00.885 I/QCamera (  710): <MCI><INFO> mm_stream_dispatch_app_data: 436: frame_sync.is_active = 0, is_cb_active = 1
06-02 21:40:00.885 I/QCamera (  710): <MCI><INFO> mm_stream_dispatch_app_data: 457: Enter callback by blackjoe
06-02 21:40:00.895 E/QCamera (  710): <MCI><ERROR> mm_stream_data_notify: 337: E, my_handle = 0x8a01, fd = 78, state = 6 blackjoe
06-02 21:40:00.895 E/QCamera (  710): <MCI><ERROR> mm_stream_read_msm_frame: 1723: E, my_handle = 0x8a01, fd = 78, state = 6 blackjoe
06-02 21:40:00.896 I/QCamera (  710): <MCI><INFO> mm_stream_read_msm_frame: 1770: VIDIOC_DQBUF buf_index 8, frame_idx 23, stream type 8, rc 0,queued: 4, buf_type = 0 flags = 8192 FD = 78 my_num 0 buf fd 76
06-02 21:40:00.896 E/QCamera (  710): <MCI><ERROR> mm_stream_read_msm_frame: 1790: X rc = 0
06-02 21:40:00.896 I/QCamera (  710): <MCI><INFO> mm_stream_handle_rcvd_buf: 220: E, my_handle = 0x8a01, fd = 78, state = 6
06-02 21:40:00.897 I/QCamera (  710): <MCI><INFO> mm_stream_handle_rcvd_buf: 244: has cb and it is active by blackjoe
06-02 21:40:00.897 I/QCamera (  710): <MCI><INFO> mm_stream_dispatch_app_data: 415: E, my_handle = 0x8a01, fd = 78, state = 6
06-02 21:40:00.897 I/QCamera (  710): <MCI><INFO> mm_stream_dispatch_app_data: 436: frame_sync.is_active = 0, is_cb_active = 1
06-02 21:40:00.898 I/QCamera (  710): <MCI><INFO> mm_stream_dispatch_app_data: 457: Enter callback by blackjoe
06-02 21:40:00.898 E/mm-camera(  710): <SENSOR><ERROR> 4883: sensor_get_frame_duration: resolution is invalid, it seems stream has stopped.
06-02 21:40:00.898 E/mm-camera(  710): <SENSOR><ERROR> 884: sensor_fc_report_meta: Failed to get frame duration
06-02 21:40:00.898 E/mm-camera(  710): <SENSOR><ERROR> 4805: sensor_get_exposure_time: resolution is invalid, it seems stream has stopped.
06-02 21:40:00.899 E/mm-camera(  710): <SENSOR><ERROR> 904: sensor_fc_report_meta: Failed to get exposure time
06-02 21:40:00.900 E/mm-camera(  710): <MCT   ><ERROR> 2722: mct_stream_process_bus_msg: Check the runing function blackjoe 
06-02 21:40:00.901 E/mm-camera(  710): <MCT   ><ERROR> 2755: mct_stream_process_bus_msg: isp_sof_bus_msg is 0xe8800760
06-02 21:40:00.901 E/mm-camera(  710): <MCT   ><ERROR> 2757: mct_stream_process_bus_msg: frameid is 24 hal_version is 3
06-02 21:40:00.901 E/mm-camera(  710): <MCT   ><ERROR> 2759: mct_stream_process_bus_msg: kstate_ptr is 0xe5a85a84, isp_kstate_ptr is 0xe9788000
06-02 21:40:00.902 E/mm-camera(  710): <MCT   ><ERROR> 2765: mct_stream_process_bus_msg: frame_id is 24
06-02 21:40:00.903 E/QCamera (  710): <MCI><ERROR> mm_stream_data_notify: 337: E, my_handle = 0x8900, fd = 68, state = 6 blackjoe
06-02 21:40:00.903 E/QCamera (  710): <MCI><ERROR> mm_stream_read_msm_frame: 1723: E, my_handle = 0x8900, fd = 68, state = 6 blackjoe
06-02 21:40:00.904 I/QCamera (  710): <MCI><INFO> mm_stream_read_msm_frame: 1770: VIDIOC_DQBUF buf_index 5, frame_idx 23, stream type 7, rc 0,queued: 17, buf_type = 0 flags = 8192 FD = 68 my_num 0 buf fd 92
06-02 21:40:00.904 E/QCamera (  710): <MCI><ERROR> mm_stream_read_msm_frame: 1790: X rc = 0
06-02 21:40:00.904 I/QCamera (  710): <MCI><INFO> mm_stream_handle_rcvd_buf: 220: E, my_handle = 0x8900, fd = 68, state = 6
06-02 21:40:00.904 I/QCamera (  710): <MCI><INFO> mm_stream_handle_rcvd_buf: 244: has cb and it is active by blackjoe
06-02 21:40:00.905 E/mm-camera(  710): <STATS_AIS ><ERROR> 1316: dsps_process_response_gyro: Query request denied, error code = 5, QId_valid = 1, QueryId = 0x180a, AckNak_valid = 1, AckNak = 3
06-02 21:40:00.905 I/QCamera (  710): <MCI><INFO> mm_stream_dispatch_app_data: 415: E, my_handle = 0x8900, fd = 68, state = 6
06-02 21:40:00.905 I/QCamera (  710): <MCI><INFO> mm_stream_dispatch_app_data: 436: frame_sync.is_active = 0, is_cb_active = 1
06-02 21:40:00.905 E/mm-camera(  710): <MCT   ><ERROR> 4828: mct_pipeline_process_serv_msg: pipeline blackjoe data->sessionid 3 pipeline->session 3 msgid 3
06-02 21:40:00.905 I/QCamera (  710): <MCI><INFO> mm_stream_dispatch_app_data: 457: Enter callback by blackjoe
06-02 21:40:00.906 E/mm-camera(  710): <MCT   ><ERROR> 4299: mct_pipeline_process_set: command is 0x8000014 blackjoe CAM_PRIV_PARM 0x8000014
06-02 21:40:00.917 E/mm-camera(  710): <MCT   ><ERROR> 4828: mct_pipeline_process_serv_msg: pipeline blackjoe data->sessionid 3 pipeline->session 3 msgid 3
06-02 21:40:00.917 E/mm-camera(  710): <MCT   ><ERROR> 4299: mct_pipeline_process_set: command is 0x8000014 blackjoe CAM_PRIV_PARM 0x8000014
06-02 21:40:00.968 E/QCamera (  710): <MCI><ERROR> mm_stream_data_notify: 337: E, my_handle = 0x8a01, fd = 78, state = 6 blackjoe
06-02 21:40:00.968 E/QCamera (  710): <MCI><ERROR> mm_stream_read_msm_frame: 1723: E, my_handle = 0x8a01, fd = 78, state = 6 blackjoe
06-02 21:40:00.968 E/mm-camera(  710): <SENSOR><ERROR> 4883: sensor_get_frame_duration: resolution is invalid, it seems stream has stopped.
06-02 21:40:00.968 E/mm-camera(  710): <SENSOR><ERROR> 884: sensor_fc_report_meta: Failed to get frame duration
06-02 21:40:00.969 I/QCamera (  710): <MCI><INFO> mm_stream_read_msm_frame: 1770: VIDIOC_DQBUF buf_index 9, frame_idx 24, stream type 8, rc 0,queued: 5, buf_type = 0 flags = 8192 FD = 78 my_num 0 buf fd 127
06-02 21:40:00.969 E/mm-camera(  710): <SENSOR><ERROR> 4805: sensor_get_exposure_time: resolution is invalid, it seems stream has stopped.
06-02 21:40:00.969 E/QCamera (  710): <MCI><ERROR> mm_stream_read_msm_frame: 1790: X rc = 0
06-02 21:40:00.969 E/mm-camera(  710): <SENSOR><ERROR> 904: sensor_fc_report_meta: Failed to get exposure time
06-02 21:40:00.969 I/QCamera (  710): <MCI><INFO> mm_stream_handle_rcvd_buf: 220: E, my_handle = 0x8a01, fd = 78, state = 6
06-02 21:40:00.969 I/QCamera (  710): <MCI><INFO> mm_stream_handle_rcvd_buf: 244: has cb and it is active by blackjoe
06-02 21:40:00.970 I/QCamera (  710): <MCI><INFO> mm_stream_dispatch_app_data: 415: E, my_handle = 0x8a01, fd = 78, state = 6
06-02 21:40:00.970 I/QCamera (  710): <MCI><INFO> mm_stream_dispatch_app_data: 436: frame_sync.is_active = 0, is_cb_active = 1
06-02 21:40:00.970 E/mm-camera(  710): <MCT   ><ERROR> 2722: mct_stream_process_bus_msg: Check the runing function blackjoe 
06-02 21:40:00.918 E/        (    0): frame_src is 1 frame_id is 25 blackjoe
06-02 21:40:00.970 I/QCamera (  710): <MCI><INFO> mm_stream_dispatch_app_data: 457: Enter callback by blackjoe
06-02 21:40:00.971 E/mm-camera(  710): <MCT   ><ERROR> 2755: mct_stream_process_bus_msg: isp_sof_bus_msg is 0xe8800760
06-02 21:40:00.971 E/mm-camera(  710): <MCT   ><ERROR> 2757: mct_stream_process_bus_msg: frameid is 25 hal_version is 3
06-02 21:40:00.971 E/mm-camera(  710): <MCT   ><ERROR> 2759: mct_stream_process_bus_msg: kstate_ptr is 0xe5a85a84, isp_kstate_ptr is 0xe9788000
06-02 21:40:00.971 E/mm-camera(  710): <MCT   ><ERROR> 2765: mct_stream_process_bus_msg: frame_id is 25
06-02 21:40:00.972 E/QCamera (  710): <MCI><ERROR> mm_stream_data_notify: 337: E, my_handle = 0x8900, fd = 68, state = 6 blackjoe
06-02 21:40:00.972 E/QCamera (  710): <MCI><ERROR> mm_stream_read_msm_frame: 1723: E, my_handle = 0x8900, fd = 68, state = 6 blackjoe
06-02 21:40:00.973 I/QCamera (  710): <MCI><INFO> mm_stream_read_msm_frame: 1770: VIDIOC_DQBUF buf_index 6, frame_idx 24, stream type 7, rc 0,queued: 17, buf_type = 0 flags = 8192 FD = 68 my_num 0 buf fd 94
06-02 21:40:00.973 E/QCamera (  710): <MCI><ERROR> mm_stream_read_msm_frame: 1790: X rc = 0
06-02 21:40:00.973 I/QCamera (  710): <MCI><INFO> mm_stream_handle_rcvd_buf: 220: E, my_handle = 0x8900, fd = 68, state = 6
06-02 21:40:00.973 I/QCamera (  710): <MCI><INFO> mm_stream_handle_rcvd_buf: 244: has cb and it is active by blackjoe
06-02 21:40:00.974 I/QCamera (  710): <MCI><INFO> mm_stream_dispatch_app_data: 415: E, my_handle = 0x8900, fd = 68, state = 6
06-02 21:40:00.974 I/QCamera (  710): <MCI><INFO> mm_stream_dispatch_app_data: 436: frame_sync.is_active = 0, is_cb_active = 1
06-02 21:40:00.974 I/QCamera (  710): <MCI><INFO> mm_stream_dispatch_app_data: 457: Enter callback by blackjoe
06-02 21:40:00.976 E/mm-camera(  710): <STATS_AIS ><ERROR> 1316: dsps_process_response_gyro: Query request denied, error code = 5, QId_valid = 1, QueryId = 0x190a, AckNak_valid = 1, AckNak = 3
06-02 21:40:00.988 E/mm-camera(  710): <MCT   ><ERROR> 4828: mct_pipeline_process_serv_msg: pipeline blackjoe data->sessionid 3 pipeline->session 3 msgid 3
06-02 21:40:00.989 E/mm-camera(  710): <MCT   ><ERROR> 4299: mct_pipeline_process_set: command is 0x8000014 blackjoe CAM_PRIV_PARM 0x8000014
06-02 21:40:01.002 E/QCamera (  710): <MCI><ERROR> mm_stream_data_notify: 337: E, my_handle = 0x8a01, fd = 78, state = 6 blackjoe
06-02 21:40:01.002 E/QCamera (  710): <MCI><ERROR> mm_stream_read_msm_frame: 1723: E, my_handle = 0x8a01, fd = 78, state = 6 blackjoe
06-02 21:40:01.002 E/mm-camera(  710): <SENSOR><ERROR> 4883: sensor_get_frame_duration: resolution is invalid, it seems stream has stopped.
06-02 21:40:01.003 E/mm-camera(  710): <SENSOR><ERROR> 884: sensor_fc_report_meta: Failed to get frame duration
06-02 21:40:01.003 I/QCamera (  710): <MCI><INFO> mm_stream_read_msm_frame: 1770: VIDIOC_DQBUF buf_index 10, frame_idx 25, stream type 8, rc 0,queued: 5, buf_type = 0 flags = 8192 FD = 78 my_num 0 buf fd 133
06-02 21:40:01.003 E/mm-camera(  710): <SENSOR><ERROR> 4805: sensor_get_exposure_time: resolution is invalid, it seems stream has stopped.
06-02 21:40:01.003 E/QCamera (  710): <MCI><ERROR> mm_stream_read_msm_frame: 1790: X rc = 0
06-02 21:40:01.003 E/mm-camera(  710): <SENSOR><ERROR> 904: sensor_fc_report_meta: Failed to get exposure time
06-02 21:40:01.003 I/QCamera (  710): <MCI><INFO> mm_stream_handle_rcvd_buf: 220: E, my_handle = 0x8a01, fd = 78, state = 6
06-02 21:40:01.003 I/QCamera (  710): <MCI><INFO> mm_stream_handle_rcvd_buf: 244: has cb and it is active by blackjoe
06-02 21:40:01.004 I/QCamera (  710): <MCI><INFO> mm_stream_dispatch_app_data: 415: E, my_handle = 0x8a01, fd = 78, state = 6
06-02 21:40:01.004 I/QCamera (  710): <MCI><INFO> mm_stream_dispatch_app_data: 436: frame_sync.is_active = 0, is_cb_active = 1
06-02 21:40:01.004 I/QCamera (  710): <MCI><INFO> mm_stream_dispatch_app_data: 457: Enter callback by blackjoe
06-02 21:40:01.005 E/mm-camera(  710): <MCT   ><ERROR> 2722: mct_stream_process_bus_msg: Check the runing function blackjoe 
06-02 21:40:01.005 E/mm-camera(  710): <MCT   ><ERROR> 2755: mct_stream_process_bus_msg: isp_sof_bus_msg is 0xe8800760
06-02 21:40:01.005 E/mm-camera(  710): <MCT   ><ERROR> 2757: mct_stream_process_bus_msg: frameid is 26 hal_version is 3
06-02 21:40:01.006 E/mm-camera(  710): <MCT   ><ERROR> 2759: mct_stream_process_bus_msg: kstate_ptr is 0xe5a85a84, isp_kstate_ptr is 0xe9788000
06-02 21:40:00.952 E/        (    0): frame_src is 1 frame_id is 26 blackjoe
06-02 21:40:01.006 E/mm-camera(  710): <MCT   ><ERROR> 2765: mct_stream_process_bus_msg: frame_id is 26
06-02 21:40:01.007 E/QCamera (  710): <MCI><ERROR> mm_stream_data_notify: 337: E, my_handle = 0x8900, fd = 68, state = 6 blackjoe
06-02 21:40:01.007 E/QCamera (  710): <MCI><ERROR> mm_stream_read_msm_frame: 1723: E, my_handle = 0x8900, fd = 68, state = 6 blackjoe
06-02 21:40:01.007 I/QCamera (  710): <MCI><INFO> mm_stream_read_msm_frame: 1770: VIDIOC_DQBUF buf_index 7, frame_idx 25, stream type 7, rc 0,queued: 17, buf_type = 0 flags = 8192 FD = 68 my_num 0 buf fd 96
06-02 21:40:01.008 E/QCamera (  710): <MCI><ERROR> mm_stream_read_msm_frame: 1790: X rc = 0
06-02 21:40:01.008 I/QCamera (  710): <MCI><INFO> mm_stream_handle_rcvd_buf: 220: E, my_handle = 0x8900, fd = 68, state = 6
06-02 21:40:01.008 I/QCamera (  710): <MCI><INFO> mm_stream_handle_rcvd_buf: 244: has cb and it is active by blackjoe
06-02 21:40:01.009 E/mm-camera(  710): <STATS_AIS ><ERROR> 1316: dsps_process_response_gyro: Query request denied, error code = 5, QId_valid = 1, QueryId = 0x1a0a, AckNak_valid = 1, AckNak = 3
06-02 21:40:01.009 I/QCamera (  710): <MCI><INFO> mm_stream_dispatch_app_data: 415: E, my_handle = 0x8900, fd = 68, state = 6
06-02 21:40:01.010 I/QCamera (  710): <MCI><INFO> mm_stream_dispatch_app_data: 436: frame_sync.is_active = 0, is_cb_active = 1
06-02 21:40:01.010 I/QCamera (  710): <MCI><INFO> mm_stream_dispatch_app_data: 457: Enter callback by blackjoe
06-02 21:40:01.022 E/mm-camera(  710): <MCT   ><ERROR> 4828: mct_pipeline_process_serv_msg: pipeline blackjoe data->sessionid 3 pipeline->session 3 msgid 3
06-02 21:40:01.022 E/mm-camera(  710): <MCT   ><ERROR> 4299: mct_pipeline_process_set: command is 0x8000014 blackjoe CAM_PRIV_PARM 0x8000014
06-02 21:40:00.986 E/        (    0): frame_src is 1 frame_id is 27 blackjoe
06-02 21:40:01.036 E/QCamera (  710): <MCI><ERROR> mm_stream_data_notify: 337: E, my_handle = 0x8a01, fd = 78, state = 6 blackjoe
06-02 21:40:01.037 E/QCamera (  710): <MCI><ERROR> mm_stream_read_msm_frame: 1723: E, my_handle = 0x8a01, fd = 78, state = 6 blackjoe
06-02 21:40:01.037 E/mm-camera(  710): <SENSOR><ERROR> 4883: sensor_get_frame_duration: resolution is invalid, it seems stream has stopped.
06-02 21:40:01.037 I/QCamera (  710): <MCI><INFO> mm_stream_read_msm_frame: 1770: VIDIOC_DQBUF buf_index 11, frame_idx 26, stream type 8, rc 0,queued: 5, buf_type = 0 flags = 8192 FD = 78 my_num 0 buf fd 130
06-02 21:40:01.038 E/mm-camera(  710): <SENSOR><ERROR> 884: sensor_fc_report_meta: Failed to get frame duration
06-02 21:40:01.038 E/mm-camera(  710): <SENSOR><ERROR> 4805: sensor_get_exposure_time: resolution is invalid, it seems stream has stopped.
06-02 21:40:01.038 E/QCamera (  710): <MCI><ERROR> mm_stream_read_msm_frame: 1790: X rc = 0
06-02 21:40:01.038 E/mm-camera(  710): <SENSOR><ERROR> 904: sensor_fc_report_meta: Failed to get exposure time
06-02 21:40:01.038 I/QCamera (  710): <MCI><INFO> mm_stream_handle_rcvd_buf: 220: E, my_handle = 0x8a01, fd = 78, state = 6
06-02 21:40:01.038 I/QCamera (  710): <MCI><INFO> mm_stream_handle_rcvd_buf: 244: has cb and it is active by blackjoe
06-02 21:40:01.039 I/QCamera (  710): <MCI><INFO> mm_stream_dispatch_app_data: 415: E, my_handle = 0x8a01, fd = 78, state = 6
06-02 21:40:01.039 I/QCamera (  710): <MCI><INFO> mm_stream_dispatch_app_data: 436: frame_sync.is_active = 0, is_cb_active = 1
06-02 21:40:01.039 E/mm-camera(  710): <MCT   ><ERROR> 2722: mct_stream_process_bus_msg: Check the runing function blackjoe 
06-02 21:40:01.039 I/QCamera (  710): <MCI><INFO> mm_stream_dispatch_app_data: 457: Enter callback by blackjoe
06-02 21:40:01.040 E/mm-camera(  710): <MCT   ><ERROR> 2755: mct_stream_process_bus_msg: isp_sof_bus_msg is 0xe8800760
06-02 21:40:01.040 E/mm-camera(  710): <MCT   ><ERROR> 2757: mct_stream_process_bus_msg: frameid is 27 hal_version is 3
06-02 21:40:01.040 E/mm-camera(  710): <MCT   ><ERROR> 2759: mct_stream_process_bus_msg: kstate_ptr is 0xe5a85a84, isp_kstate_ptr is 0xe9788000
06-02 21:40:01.040 E/mm-camera(  710): <MCT   ><ERROR> 2765: mct_stream_process_bus_msg: frame_id is 27
06-02 21:40:01.042 E/QCamera (  710): <MCI><ERROR> mm_stream_data_notify: 337: E, my_handle = 0x8900, fd = 68, state = 6 blackjoe
06-02 21:40:01.043 E/QCamera (  710): <MCI><ERROR> mm_stream_read_msm_frame: 1723: E, my_handle = 0x8900, fd = 68, state = 6 blackjoe
06-02 21:40:01.043 E/mm-camera(  710): <STATS_AIS ><ERROR> 1316: dsps_process_response_gyro: Query request denied, error code = 5, QId_valid = 1, QueryId = 0x1b0a, AckNak_valid = 1, AckNak = 3
06-02 21:40:01.044 I/QCamera (  710): <MCI><INFO> mm_stream_read_msm_frame: 1770: VIDIOC_DQBUF buf_index 8, frame_idx 26, stream type 7, rc 0,queued: 17, buf_type = 0 flags = 8192 FD = 68 my_num 0 buf fd 98
06-02 21:40:01.044 E/QCamera (  710): <MCI><ERROR> mm_stream_read_msm_frame: 1790: X rc = 0
06-02 21:40:01.045 I/QCamera (  710): <MCI><INFO> mm_stream_handle_rcvd_buf: 220: E, my_handle = 0x8900, fd = 68, state = 6
06-02 21:40:01.045 I/QCamera (  710): <MCI><INFO> mm_stream_handle_rcvd_buf: 244: has cb and it is active by blackjoe
06-02 21:40:01.046 I/QCamera (  710): <MCI><INFO> mm_stream_dispatch_app_data: 415: E, my_handle = 0x8900, fd = 68, state = 6
06-02 21:40:01.046 I/QCamera (  710): <MCI><INFO> mm_stream_dispatch_app_data: 436: frame_sync.is_active = 0, is_cb_active = 1
06-02 21:40:01.046 I/QCamera (  710): <MCI><INFO> mm_stream_dispatch_app_data: 457: Enter callback by blackjoe
