01-18 12:59:59.355 E/mm-camera(  722): <MCT   ><ERROR> 2759: mct_stream_process_bus_msg: kstate_ptr is 0xe9d5f254, isp_kstate_ptr is 0xeda49000
01-18 12:59:59.355 E/mm-camera(  722): <MCT   ><ERROR> 2765: mct_stream_process_bus_msg: frame_id is 402
01-18 12:59:59.356 E/QCamera (  722): <MCI><ERROR> mm_stream_data_notify: 337: E, my_handle = 0x7200, fd = 69, state = 6 blackjoe
01-18 12:59:59.356 E/QCamera (  722): <MCI><ERROR> mm_stream_read_msm_frame: 1723: E, my_handle = 0x7200, fd = 69, state = 6 blackjoe
01-18 12:59:59.356 I/QCamera (  722): <MCI><INFO> mm_stream_read_msm_frame: 1770: VIDIOC_DQBUF buf_index 5, frame_idx 401, stream type 7, rc 0,queued: 17, buf_type = 0 flags = 8192 FD = 69 my_num 0 buf fd 92
01-18 12:59:59.357 E/QCamera (  722): <MCI><ERROR> mm_stream_read_msm_frame: 1790: X rc = 0
01-18 12:59:59.357 I/QCamera (  722): <MCI><INFO> mm_stream_handle_rcvd_buf: 220: E, my_handle = 0x7200, fd = 69, state = 6
01-18 12:59:59.357 I/QCamera (  722): <MCI><INFO> mm_stream_handle_rcvd_buf: 244: has cb and it is active by blackjoe
01-18 12:59:59.358 I/QCamera (  722): <MCI><INFO> mm_stream_dispatch_app_data: 415: E, my_handle = 0x7200, fd = 69, state = 6
01-18 12:59:59.358 I/QCamera (  722): <MCI><INFO> mm_stream_dispatch_app_data: 436: frame_sync.is_active = 0, is_cb_active = 1
01-18 12:59:59.358 I/QCamera (  722): <MCI><INFO> mm_stream_dispatch_app_data: 457: Enter callback by blackjoe
01-18 12:59:59.359 E/QCamera (  722): <HAL><ERROR> handleMetadataWithLock: 4863: Cancel missing frame = 4096, buffer = 0xed88fd70,stream type = 8, stream format = 36
01-18 12:59:59.359 E/QCamera (  722): <HAL><ERROR> handleMetadataWithLock: 4863: Cancel missing frame = 4097, buffer = 0xed898fb0,stream type = 8, stream format = 36
01-18 12:59:59.359 E/QCamera (  722): <HAL><ERROR> handleMetadataWithLock: 4863: Cancel missing frame = 4098, buffer = 0xed895680,stream type = 8, stream format = 36
01-18 12:59:59.359 E/QCamera (  722): <MCI><ERROR> cancelBuffer: 884: Calling cancel buf on idx:9 for stream type:8
01-18 12:59:59.359 E/mm-camera(  722): <STATS_AIS ><ERROR> 1316: dsps_process_response_gyro: Query request denied, error code = 5, QId_valid = 1, QueryId = 0x920a, AckNak_valid = 1, AckNak = 3
01-18 12:59:59.359 E/QCamera (  722): <MCI><ERROR> mm_stream_cancel_buf: 5156: mm_stream_cancel_buf(idx=9) err=-1
01-18 12:59:59.360 E/QCamera (  722): <MCI><ERROR> cancelBuffer: 884: Calling cancel buf on idx:10 for stream type:8
01-18 12:59:59.359 E/QCamera (  722): <HAL><ERROR> handleMetadataWithLock: 4863: Cancel missing frame = 4099, buffer = 0xed8949c0,stream type = 8, stream format = 36
01-18 12:59:59.360 E/QCamera (  722): <MCI><ERROR> mm_stream_cancel_buf: 5125: Error Trying to extract a frame already sent to HAL(idx=10) count=1
01-18 12:59:59.360 E/QCamera (  722): <MCI><ERROR> cancelBuffer: 884: Calling cancel buf on idx:11 for stream type:8
01-18 12:59:59.360 E/QCamera (  722): <HAL><ERROR> handleMetadataWithLock: 4863: Cancel missing frame = 4100, buffer = 0xed89bef0,stream type = 8, stream format = 36
01-18 12:59:59.360 E/QCamera (  722): <MCI><ERROR> mm_stream_cancel_buf: 5125: Error Trying to extract a frame already sent to HAL(idx=11) count=1
01-18 12:59:59.360 E/QCamera (  722): <MCI><ERROR> cancelBuffer: 884: Calling cancel buf on idx:6 for stream type:8
01-18 12:59:59.360 E/QCamera (  722): <MCI><ERROR> mm_stream_cancel_buf: 5125: Error Trying to extract a frame already sent to HAL(idx=6) count=1
01-18 12:59:59.360 E/QCamera (  722): <MCI><ERROR> cancelBuffer: 884: Calling cancel buf on idx:7 for stream type:8
01-18 12:59:59.360 E/QCamera (  722): <MCI><ERROR> mm_stream_cancel_buf: 5125: Error Trying to extract a frame already sent to HAL(idx=7) count=1
01-18 12:59:59.377 E/        (    0): frame_src is 1 frame_id is 403 blackjoe
01-18 12:59:59.369 E/mm-camera(  722): <SENSOR><ERROR> 4883: sensor_get_frame_duration: resolution is invalid, it seems stream has stopped.
01-18 12:59:59.369 E/mm-camera(  722): <SENSOR><ERROR> 884: sensor_fc_report_meta: Failed to get frame duration
01-18 12:59:59.369 E/mm-camera(  722): <SENSOR><ERROR> 4805: sensor_get_exposure_time: resolution is invalid, it seems stream has stopped.
01-18 12:59:59.370 E/mm-camera(  722): <SENSOR><ERROR> 904: sensor_fc_report_meta: Failed to get exposure time
01-18 12:59:59.370 E/mm-camera(  722): <MCT   ><ERROR> 2722: mct_stream_process_bus_msg: Check the runing function blackjoe 
01-18 12:59:59.378 D/logd    (    0): logdr: UID=0 GID=0 PID=29781 n tail=0 logMask=99 pid=0 start=0ns timeout=0ns
01-18 12:59:59.393 E/        (    0): frame_src is 1 frame_id is 404 blackjoe
01-18 12:59:59.371 E/mm-camera(  722): <MCT   ><ERROR> 2755: mct_stream_process_bus_msg: isp_sof_bus_msg is 0xecac1ba0
01-18 12:59:59.371 E/mm-camera(  722): <MCT   ><ERROR> 2757: mct_stream_process_bus_msg: frameid is 403 hal_version is 3
01-18 12:59:59.371 E/mm-camera(  722): <MCT   ><ERROR> 2759: mct_stream_process_bus_msg: kstate_ptr is 0xe9d5f254, isp_kstate_ptr is 0xeda49000
01-18 12:59:59.371 E/mm-camera(  722): <MCT   ><ERROR> 2765: mct_stream_process_bus_msg: frame_id is 403
01-18 12:59:59.372 E/QCamera (  722): <MCI><ERROR> mm_stream_data_notify: 337: E, my_handle = 0x7200, fd = 69, state = 6 blackjoe
01-18 12:59:59.372 E/QCamera (  722): <MCI><ERROR> mm_stream_read_msm_frame: 1723: E, my_handle = 0x7200, fd = 69, state = 6 blackjoe
01-18 12:59:59.373 I/QCamera (  722): <MCI><INFO> mm_stream_read_msm_frame: 1770: VIDIOC_DQBUF buf_index 6, frame_idx 402, stream type 7, rc 0,queued: 17, buf_type = 0 flags = 8192 FD = 69 my_num 0 buf fd 94
01-18 12:59:59.373 E/QCamera (  722): <MCI><ERROR> mm_stream_read_msm_frame: 1790: X rc = 0
01-18 12:59:59.373 I/QCamera (  722): <MCI><INFO> mm_stream_handle_rcvd_buf: 220: E, my_handle = 0x7200, fd = 69, state = 6
01-18 12:59:59.373 I/QCamera (  722): <MCI><INFO> mm_stream_handle_rcvd_buf: 244: has cb and it is active by blackjoe
01-18 12:59:59.373 I/QCamera (  722): <MCI><INFO> mm_stream_dispatch_app_data: 415: E, my_handle = 0x7200, fd = 69, state = 6
01-18 12:59:59.374 I/QCamera (  722): <MCI><INFO> mm_stream_dispatch_app_data: 436: frame_sync.is_active = 0, is_cb_active = 1
01-18 12:59:59.374 I/QCamera (  722): <MCI><INFO> mm_stream_dispatch_app_data: 457: Enter callback by blackjoe
01-18 12:59:59.374 E/QCamera (  722): <HAL><ERROR> handleMetadataWithLock: 4863: Cancel missing frame = 4096, buffer = 0xed88fd70,stream type = 8, stream format = 36
01-18 12:59:59.375 E/QCamera (  722): <HAL><ERROR> handleMetadataWithLock: 4863: Cancel missing frame = 4097, buffer = 0xed898fb0,stream type = 8, stream format = 36
01-18 12:59:59.375 E/QCamera (  722): <MCI><ERROR> cancelBuffer: 884: Calling cancel buf on idx:9 for stream type:8
01-18 12:59:59.375 E/QCamera (  722): <HAL><ERROR> handleMetadataWithLock: 4863: Cancel missing frame = 4098, buffer = 0xed895680,stream type = 8, stream format = 36
01-18 12:59:59.375 E/QCamera (  722): <HAL><ERROR> handleMetadataWithLock: 4863: Cancel missing frame = 4099, buffer = 0xed8949c0,stream type = 8, stream format = 36
01-18 12:59:59.375 E/QCamera (  722): <HAL><ERROR> handleMetadataWithLock: 4863: Cancel missing frame = 4100, buffer = 0xed89bef0,stream type = 8, stream format = 36
01-18 12:59:59.376 E/QCamera (  722): <MCI><ERROR> mm_stream_cancel_buf: 5156: mm_stream_cancel_buf(idx=9) err=-1
01-18 12:59:59.376 E/mm-camera(  722): <STATS_AIS ><ERROR> 1316: dsps_process_response_gyro: Query request denied, error code = 5, QId_valid = 1, QueryId = 0x930a, AckNak_valid = 1, AckNak = 3
01-18 12:59:59.376 E/QCamera (  722): <MCI><ERROR> cancelBuffer: 884: Calling cancel buf on idx:10 for stream type:8
01-18 12:59:59.376 E/QCamera (  722): <MCI><ERROR> mm_stream_cancel_buf: 5125: Error Trying to extract a frame already sent to HAL(idx=10) count=1
01-18 12:59:59.377 E/QCamera (  722): <MCI><ERROR> cancelBuffer: 884: Calling cancel buf on idx:11 for stream type:8
01-18 12:59:59.377 E/QCamera (  722): <MCI><ERROR> mm_stream_cancel_buf: 5125: Error Trying to extract a frame already sent to HAL(idx=11) count=1
01-18 12:59:59.377 E/QCamera (  722): <MCI><ERROR> cancelBuffer: 884: Calling cancel buf on idx:6 for stream type:8
01-18 12:59:59.377 E/QCamera (  722): <MCI><ERROR> mm_stream_cancel_buf: 5125: Error Trying to extract a frame already sent to HAL(idx=6) count=1
01-18 12:59:59.377 E/QCamera (  722): <MCI><ERROR> cancelBuffer: 884: Calling cancel buf on idx:7 for stream type:8
01-18 12:59:59.377 E/QCamera (  722): <MCI><ERROR> mm_stream_cancel_buf: 5125: Error Trying to extract a frame already sent to HAL(idx=7) count=1
01-18 12:59:59.385 E/mm-camera(  722): <SENSOR><ERROR> 4883: sensor_get_frame_duration: resolution is invalid, it seems stream has stopped.
01-18 12:59:59.386 E/mm-camera(  722): <SENSOR><ERROR> 884: sensor_fc_report_meta: Failed to get frame duration
01-18 12:59:59.386 E/mm-camera(  722): <SENSOR><ERROR> 4805: sensor_get_exposure_time: resolution is invalid, it seems stream has stopped.
01-18 12:59:59.386 E/mm-camera(  722): <SENSOR><ERROR> 904: sensor_fc_report_meta: Failed to get exposure time
01-18 12:59:59.388 E/mm-camera(  722): <MCT   ><ERROR> 2722: mct_stream_process_bus_msg: Check the runing function blackjoe 
01-18 12:59:59.388 E/mm-camera(  722): <MCT   ><ERROR> 2755: mct_stream_process_bus_msg: isp_sof_bus_msg is 0xecac1ba0
01-18 12:59:59.388 E/mm-camera(  722): <MCT   ><ERROR> 2757: mct_stream_process_bus_msg: frameid is 404 hal_version is 3
01-18 12:59:59.388 E/mm-camera(  722): <MCT   ><ERROR> 2759: mct_stream_process_bus_msg: kstate_ptr is 0xe9d5f254, isp_kstate_ptr is 0xeda49000
01-18 12:59:59.389 E/mm-camera(  722): <MCT   ><ERROR> 2765: mct_stream_process_bus_msg: frame_id is 404
01-18 12:59:59.389 E/QCamera (  722): <MCI><ERROR> mm_stream_data_notify: 337: E, my_handle = 0x7200, fd = 69, state = 6 blackjoe
01-18 12:59:59.390 E/QCamera (  722): <MCI><ERROR> mm_stream_read_msm_frame: 1723: E, my_handle = 0x7200, fd = 69, state = 6 blackjoe
01-18 12:59:59.390 I/QCamera (  722): <MCI><INFO> mm_stream_read_msm_frame: 1770: VIDIOC_DQBUF buf_index 7, frame_idx 403, stream type 7, rc 0,queued: 17, buf_type = 0 flags = 8192 FD = 69 my_num 0 buf fd 96
01-18 12:59:59.390 E/QCamera (  722): <MCI><ERROR> mm_stream_read_msm_frame: 1790: X rc = 0
01-18 12:59:59.390 I/QCamera (  722): <MCI><INFO> mm_stream_handle_rcvd_buf: 220: E, my_handle = 0x7200, fd = 69, state = 6
01-18 12:59:59.390 I/QCamera (  722): <MCI><INFO> mm_stream_handle_rcvd_buf: 244: has cb and it is active by blackjoe
01-18 12:59:59.391 I/QCamera (  722): <MCI><INFO> mm_stream_dispatch_app_data: 415: E, my_handle = 0x7200, fd = 69, state = 6
01-18 12:59:59.391 I/QCamera (  722): <MCI><INFO> mm_stream_dispatch_app_data: 436: frame_sync.is_active = 0, is_cb_active = 1
01-18 12:59:59.391 I/QCamera (  722): <MCI><INFO> mm_stream_dispatch_app_data: 457: Enter callback by blackjoe
01-18 12:59:59.391 E/QCamera (  722): <HAL><ERROR> handleMetadataWithLock: 4863: Cancel missing frame = 4096, buffer = 0xed88fd70,stream type = 8, stream format = 36
01-18 12:59:59.391 E/QCamera (  722): <HAL><ERROR> handleMetadataWithLock: 4863: Cancel missing frame = 4097, buffer = 0xed898fb0,stream type = 8, stream format = 36
01-18 12:59:59.392 E/QCamera (  722): <HAL><ERROR> handleMetadataWithLock: 4863: Cancel missing frame = 4098, buffer = 0xed895680,stream type = 8, stream format = 36
01-18 12:59:59.391 E/QCamera (  722): <MCI><ERROR> cancelBuffer: 884: Calling cancel buf on idx:9 for stream type:8
01-18 12:59:59.392 E/QCamera (  722): <HAL><ERROR> handleMetadataWithLock: 4863: Cancel missing frame = 4099, buffer = 0xed8949c0,stream type = 8, stream format = 36
01-18 12:59:59.392 E/QCamera (  722): <HAL><ERROR> handleMetadataWithLock: 4863: Cancel missing frame = 4100, buffer = 0xed89bef0,stream type = 8, stream format = 36
01-18 12:59:59.392 E/QCamera (  722): <MCI><ERROR> mm_stream_cancel_buf: 5156: mm_stream_cancel_buf(idx=9) err=-1
01-18 12:59:59.392 E/QCamera (  722): <MCI><ERROR> cancelBuffer: 884: Calling cancel buf on idx:10 for stream type:8
01-18 12:59:59.392 E/QCamera (  722): <MCI><ERROR> mm_stream_cancel_buf: 5125: Error Trying to extract a frame already sent to HAL(idx=10) count=1
01-18 12:59:59.392 E/QCamera (  722): <MCI><ERROR> cancelBuffer: 884: Calling cancel buf on idx:11 for stream type:8
01-18 12:59:59.393 E/QCamera (  722): <MCI><ERROR> mm_stream_cancel_buf: 5125: Error Trying to extract a frame already sent to HAL(idx=11) count=1
01-18 12:59:59.393 E/QCamera (  722): <MCI><ERROR> cancelBuffer: 884: Calling cancel buf on idx:6 for stream type:8
01-18 12:59:59.393 E/mm-camera(  722): <STATS_AIS ><ERROR> 1316: dsps_process_response_gyro: Query request denied, error code = 5, QId_valid = 1, QueryId = 0x940a, AckNak_valid = 1, AckNak = 3
01-18 12:59:59.393 E/QCamera (  722): <MCI><ERROR> mm_stream_cancel_buf: 5125: Error Trying to extract a frame already sent to HAL(idx=6) count=1
01-18 12:59:59.393 E/QCamera (  722): <MCI><ERROR> cancelBuffer: 884: Calling cancel buf on idx:7 for stream type:8
01-18 12:59:59.393 E/QCamera (  722): <MCI><ERROR> mm_stream_cancel_buf: 5125: Error Trying to extract a frame already sent to HAL(idx=7) count=1
01-18 12:59:59.402 E/mm-camera(  722): <SENSOR><ERROR> 4883: sensor_get_frame_duration: resolution is invalid, it seems stream has stopped.
01-18 12:59:59.402 E/mm-camera(  722): <SENSOR><ERROR> 884: sensor_fc_report_meta: Failed to get frame duration
01-18 12:59:59.402 E/mm-camera(  722): <SENSOR><ERROR> 4805: sensor_get_exposure_time: resolution is invalid, it seems stream has stopped.
01-18 12:59:59.402 E/mm-camera(  722): <SENSOR><ERROR> 904: sensor_fc_report_meta: Failed to get exposure time
01-18 12:59:59.403 E/mm-camera(  722): <MCT   ><ERROR> 2722: mct_stream_process_bus_msg: Check the runing function blackjoe 
01-18 12:59:59.403 E/mm-camera(  722): <MCT   ><ERROR> 2755: mct_stream_process_bus_msg: isp_sof_bus_msg is 0xecac1ba0
01-18 12:59:59.403 E/mm-camera(  722): <MCT   ><ERROR> 2757: mct_stream_process_bus_msg: frameid is 405 hal_version is 3
01-18 12:59:59.403 E/mm-camera(  722): <MCT   ><ERROR> 2759: mct_stream_process_bus_msg: kstate_ptr is 0xe9d5f254, isp_kstate_ptr is 0xeda49000
01-18 12:59:59.404 E/mm-camera(  722): <MCT   ><ERROR> 2765: mct_stream_process_bus_msg: frame_id is 405
01-18 12:59:59.404 E/QCamera (  722): <MCI><ERROR> mm_stream_data_notify: 337: E, my_handle = 0x7200, fd = 69, state = 6 blackjoe
01-18 12:59:59.404 E/QCamera (  722): <MCI><ERROR> mm_stream_read_msm_frame: 1723: E, my_handle = 0x7200, fd = 69, state = 6 blackjoe
01-18 12:59:59.404 I/QCamera (  722): <MCI><INFO> mm_stream_read_msm_frame: 1770: VIDIOC_DQBUF buf_index 8, frame_idx 404, stream type 7, rc 0,queued: 17, buf_type = 0 flags = 8192 FD = 69 my_num 0 buf fd 98
01-18 12:59:59.405 E/QCamera (  722): <MCI><ERROR> mm_stream_read_msm_frame: 1790: X rc = 0
01-18 12:59:59.405 I/QCamera (  722): <MCI><INFO> mm_stream_handle_rcvd_buf: 220: E, my_handle = 0x7200, fd = 69, state = 6
01-18 12:59:59.405 I/QCamera (  722): <MCI><INFO> mm_stream_handle_rcvd_buf: 244: has cb and it is active by blackjoe
01-18 12:59:59.405 I/QCamera (  722): <MCI><INFO> mm_stream_dispatch_app_data: 415: E, my_handle = 0x7200, fd = 69, state = 6
01-18 12:59:59.406 I/QCamera (  722): <MCI><INFO> mm_stream_dispatch_app_data: 436: frame_sync.is_active = 0, is_cb_active = 1
01-18 12:59:59.406 I/QCamera (  722): <MCI><INFO> mm_stream_dispatch_app_data: 457: Enter callback by blackjoe
01-18 12:59:59.406 E/QCamera (  722): <HAL><ERROR> handleMetadataWithLock: 4863: Cancel missing frame = 4096, buffer = 0xed88fd70,stream type = 8, stream format = 36
01-18 12:59:59.406 E/QCamera (  722): <HAL><ERROR> handleMetadataWithLock: 4863: Cancel missing frame = 4097, buffer = 0xed898fb0,stream type = 8, stream format = 36
01-18 12:59:59.407 E/QCamera (  722): <HAL><ERROR> handleMetadataWithLock: 4863: Cancel missing frame = 4098, buffer = 0xed895680,stream type = 8, stream format = 36
01-18 12:59:59.407 E/QCamera (  722): <MCI><ERROR> cancelBuffer: 884: Calling cancel buf on idx:9 for stream type:8
01-18 12:59:59.407 E/QCamera (  722): <HAL><ERROR> handleMetadataWithLock: 4863: Cancel missing frame = 4099, buffer = 0xed8949c0,stream type = 8, stream format = 36
01-18 12:59:59.407 E/QCamera (  722): <MCI><ERROR> mm_stream_cancel_buf: 5156: mm_stream_cancel_buf(idx=9) err=-1
01-18 12:59:59.407 E/QCamera (  722): <MCI><ERROR> cancelBuffer: 884: Calling cancel buf on idx:10 for stream type:8
01-18 12:59:59.407 E/QCamera (  722): <MCI><ERROR> mm_stream_cancel_buf: 5125: Error Trying to extract a frame already sent to HAL(idx=10) count=1
01-18 12:59:59.407 E/QCamera (  722): <HAL><ERROR> handleMetadataWithLock: 4863: Cancel missing frame = 4100, buffer = 0xed89bef0,stream type = 8, stream format = 36
01-18 12:59:59.407 E/QCamera (  722): <MCI><ERROR> cancelBuffer: 884: Calling cancel buf on idx:11 for stream type:8
01-18 12:59:59.407 E/QCamera (  722): <MCI><ERROR> mm_stream_cancel_buf: 5125: Error Trying to extract a frame already sent to HAL(idx=11) count=1
01-18 12:59:59.407 E/QCamera (  722): <MCI><ERROR> cancelBuffer: 884: Calling cancel buf on idx:6 for stream type:8
01-18 12:59:59.407 E/QCamera (  722): <MCI><ERROR> mm_stream_cancel_buf: 5125: Error Trying to extract a frame already sent to HAL(idx=6) count=1
01-18 12:59:59.407 E/QCamera (  722): <MCI><ERROR> cancelBuffer: 884: Calling cancel buf on idx:7 for stream type:8
01-18 12:59:59.407 E/QCamera (  722): <MCI><ERROR> mm_stream_cancel_buf: 5125: Error Trying to extract a frame already sent to HAL(idx=7) count=1
01-18 12:59:59.408 E/mm-camera(  722): <STATS_AIS ><ERROR> 1316: dsps_process_response_gyro: Query request denied, error code = 5, QId_valid = 1, QueryId = 0x950a, AckNak_valid = 1, AckNak = 3
01-18 12:59:59.410 E/        (    0): frame_src is 1 frame_id is 405 blackjoe
01-18 12:59:59.460 E/        (    0): frame_src is 1 frame_id is 406 blackjoe
01-18 12:59:59.451 E/mm-camera(  722): <SENSOR><ERROR> 4883: sensor_get_frame_duration: resolution is invalid, it seems stream has stopped.
01-18 12:59:59.452 E/mm-camera(  722): <SENSOR><ERROR> 884: sensor_fc_report_meta: Failed to get frame duration
01-18 12:59:59.452 E/mm-camera(  722): <SENSOR><ERROR> 4805: sensor_get_exposure_time: resolution is invalid, it seems stream has stopped.
01-18 12:59:59.452 E/mm-camera(  722): <SENSOR><ERROR> 904: sensor_fc_report_meta: Failed to get exposure time
01-18 12:59:59.452 E/mm-camera(  722): <MCT   ><ERROR> 2722: mct_stream_process_bus_msg: Check the runing function blackjoe 
01-18 12:59:59.452 E/mm-camera(  722): <MCT   ><ERROR> 2755: mct_stream_process_bus_msg: isp_sof_bus_msg is 0xecac1ba0
01-18 12:59:59.452 E/mm-camera(  722): <MCT   ><ERROR> 2757: mct_stream_process_bus_msg: frameid is 406 hal_version is 3
01-18 12:59:59.452 E/mm-camera(  722): <MCT   ><ERROR> 2759: mct_stream_process_bus_msg: kstate_ptr is 0xe9d5f254, isp_kstate_ptr is 0xeda49000
01-18 12:59:59.453 E/mm-camera(  722): <MCT   ><ERROR> 2765: mct_stream_process_bus_msg: frame_id is 406
01-18 12:59:59.453 E/QCamera (  722): <MCI><ERROR> mm_stream_data_notify: 337: E, my_handle = 0x7200, fd = 69, state = 6 blackjoe
01-18 12:59:59.453 E/QCamera (  722): <MCI><ERROR> mm_stream_read_msm_frame: 1723: E, my_handle = 0x7200, fd = 69, state = 6 blackjoe
01-18 12:59:59.453 I/QCamera (  722): <MCI><INFO> mm_stream_read_msm_frame: 1770: VIDIOC_DQBUF buf_index 9, frame_idx 405, stream type 7, rc 0,queued: 17, buf_type = 0 flags = 8192 FD = 69 my_num 0 buf fd 100
01-18 12:59:59.454 E/QCamera (  722): <MCI><ERROR> mm_stream_read_msm_frame: 1790: X rc = 0
01-18 12:59:59.454 I/QCamera (  722): <MCI><INFO> mm_stream_handle_rcvd_buf: 220: E, my_handle = 0x7200, fd = 69, state = 6
01-18 12:59:59.454 I/QCamera (  722): <MCI><INFO> mm_stream_handle_rcvd_buf: 244: has cb and it is active by blackjoe
01-18 12:59:59.454 I/QCamera (  722): <MCI><INFO> mm_stream_dispatch_app_data: 415: E, my_handle = 0x7200, fd = 69, state = 6
01-18 12:59:59.454 I/QCamera (  722): <MCI><INFO> mm_stream_dispatch_app_data: 436: frame_sync.is_active = 0, is_cb_active = 1
01-18 12:59:59.455 I/QCamera (  722): <MCI><INFO> mm_stream_dispatch_app_data: 457: Enter callback by blackjoe
01-18 12:59:59.455 E/QCamera (  722): <HAL><ERROR> handleMetadataWithLock: 4863: Cancel missing frame = 4096, buffer = 0xed88fd70,stream type = 8, stream format = 36
01-18 12:59:59.455 E/QCamera (  722): <HAL><ERROR> handleMetadataWithLock: 4863: Cancel missing frame = 4097, buffer = 0xed898fb0,stream type = 8, stream format = 36
01-18 12:59:59.455 E/QCamera (  722): <MCI><ERROR> cancelBuffer: 884: Calling cancel buf on idx:9 for stream type:8
01-18 12:59:59.455 E/QCamera (  722): <HAL><ERROR> handleMetadataWithLock: 4863: Cancel missing frame = 4098, buffer = 0xed895680,stream type = 8, stream format = 36
01-18 12:59:59.455 E/QCamera (  722): <MCI><ERROR> mm_stream_cancel_buf: 5156: mm_stream_cancel_buf(idx=9) err=-1
01-18 12:59:59.455 E/QCamera (  722): <HAL><ERROR> handleMetadataWithLock: 4863: Cancel missing frame = 4099, buffer = 0xed8949c0,stream type = 8, stream format = 36
01-18 12:59:59.456 E/QCamera (  722): <MCI><ERROR> cancelBuffer: 884: Calling cancel buf on idx:10 for stream type:8
01-18 12:59:59.456 E/QCamera (  722): <HAL><ERROR> handleMetadataWithLock: 4863: Cancel missing frame = 4100, buffer = 0xed89bef0,stream type = 8, stream format = 36
01-18 12:59:59.456 E/QCamera (  722): <MCI><ERROR> mm_stream_cancel_buf: 5125: Error Trying to extract a frame already sent to HAL(idx=10) count=1
01-18 12:59:59.456 E/QCamera (  722): <MCI><ERROR> cancelBuffer: 884: Calling cancel buf on idx:11 for stream type:8
01-18 12:59:59.456 E/QCamera (  722): <MCI><ERROR> mm_stream_cancel_buf: 5125: Error Trying to extract a frame already sent to HAL(idx=11) count=1
01-18 12:59:59.456 E/QCamera (  722): <MCI><ERROR> cancelBuffer: 884: Calling cancel buf on idx:6 for stream type:8
01-18 12:59:59.456 E/QCamera (  722): <MCI><ERROR> mm_stream_cancel_buf: 5125: Error Trying to extract a frame already sent to HAL(idx=6) count=1
01-18 12:59:59.456 E/QCamera (  722): <MCI><ERROR> cancelBuffer: 884: Calling cancel buf on idx:7 for stream type:8
01-18 12:59:59.457 E/QCamera (  722): <MCI><ERROR> mm_stream_cancel_buf: 5125: Error Trying to extract a frame already sent to HAL(idx=7) count=1
01-18 12:59:59.457 E/mm-camera(  722): <STATS_AIS ><ERROR> 1316: dsps_process_response_gyro: Query request denied, error code = 5, QId_valid = 1, QueryId = 0x960a, AckNak_valid = 1, AckNak = 3
01-18 12:59:59.468 E/mm-camera(  722): <SENSOR><ERROR> 4883: sensor_get_frame_duration: resolution is invalid, it seems stream has stopped.
01-18 12:59:59.468 E/mm-camera(  722): <SENSOR><ERROR> 884: sensor_fc_report_meta: Failed to get frame duration
01-18 12:59:59.469 E/mm-camera(  722): <SENSOR><ERROR> 4805: sensor_get_exposure_time: resolution is invalid, it seems stream has stopped.
01-18 12:59:59.469 E/mm-camera(  722): <SENSOR><ERROR> 904: sensor_fc_report_meta: Failed to get exposure time
01-18 12:59:59.469 E/mm-camera(  722): <MCT   ><ERROR> 2722: mct_stream_process_bus_msg: Check the runing function blackjoe 
01-18 12:59:59.470 E/mm-camera(  722): <MCT   ><ERROR> 2755: mct_stream_process_bus_msg: isp_sof_bus_msg is 0xecac1ba0
01-18 12:59:59.470 E/mm-camera(  722): <MCT   ><ERROR> 2757: mct_stream_process_bus_msg: frameid is 407 hal_version is 3
01-18 12:59:59.470 E/mm-camera(  722): <MCT   ><ERROR> 2759: mct_stream_process_bus_msg: kstate_ptr is 0xe9d5f254, isp_kstate_ptr is 0xeda49000
01-18 12:59:59.470 E/mm-camera(  722): <MCT   ><ERROR> 2765: mct_stream_process_bus_msg: frame_id is 407
01-18 12:59:59.471 E/QCamera (  722): <MCI><ERROR> mm_stream_data_notify: 337: E, my_handle = 0x7200, fd = 69, state = 6 blackjoe
01-18 12:59:59.471 E/QCamera (  722): <MCI><ERROR> mm_stream_read_msm_frame: 1723: E, my_handle = 0x7200, fd = 69, state = 6 blackjoe
01-18 12:59:59.471 I/QCamera (  722): <MCI><INFO> mm_stream_read_msm_frame: 1770: VIDIOC_DQBUF buf_index 10, frame_idx 406, stream type 7, rc 0,queued: 17, buf_type = 0 flags = 8192 FD = 69 my_num 0 buf fd 102
01-18 12:59:59.471 E/QCamera (  722): <MCI><ERROR> mm_stream_read_msm_frame: 1790: X rc = 0
01-18 12:59:59.472 I/QCamera (  722): <MCI><INFO> mm_stream_handle_rcvd_buf: 220: E, my_handle = 0x7200, fd = 69, state = 6
01-18 12:59:59.472 I/QCamera (  722): <MCI><INFO> mm_stream_handle_rcvd_buf: 244: has cb and it is active by blackjoe
01-18 12:59:59.472 I/QCamera (  722): <MCI><INFO> mm_stream_dispatch_app_data: 415: E, my_handle = 0x7200, fd = 69, state = 6
01-18 12:59:59.472 I/QCamera (  722): <MCI><INFO> mm_stream_dispatch_app_data: 436: frame_sync.is_active = 0, is_cb_active = 1
01-18 12:59:59.472 I/QCamera (  722): <MCI><INFO> mm_stream_dispatch_app_data: 457: Enter callback by blackjoe
01-18 12:59:59.473 E/QCamera (  722): <HAL><ERROR> handleMetadataWithLock: 4863: Cancel missing frame = 4096, buffer = 0xed88fd70,stream type = 8, stream format = 36
01-18 12:59:59.473 E/QCamera (  722): <HAL><ERROR> handleMetadataWithLock: 4863: Cancel missing frame = 4097, buffer = 0xed898fb0,stream type = 8, stream format = 36
01-18 12:59:59.473 E/QCamera (  722): <MCI><ERROR> cancelBuffer: 884: Calling cancel buf on idx:9 for stream type:8
01-18 12:59:59.473 E/QCamera (  722): <HAL><ERROR> handleMetadataWithLock: 4863: Cancel missing frame = 4098, buffer = 0xed895680,stream type = 8, stream format = 36
01-18 12:59:59.476 E/        (    0): frame_src is 1 frame_id is 407 blackjoe
01-18 12:59:59.473 E/QCamera (  722): <HAL><ERROR> handleMetadataWithLock: 4863: Cancel missing frame = 4099, buffer = 0xed8949c0,stream type = 8, stream format = 36
01-18 12:59:59.473 E/QCamera (  722): <MCI><ERROR> mm_stream_cancel_buf: 5156: mm_stream_cancel_buf(idx=9) err=-1
01-18 12:59:59.474 E/QCamera (  722): <HAL><ERROR> handleMetadataWithLock: 4863: Cancel missing frame = 4100, buffer = 0xed89bef0,stream type = 8, stream format = 36
01-18 12:59:59.474 E/QCamera (  722): <MCI><ERROR> cancelBuffer: 884: Calling cancel buf on idx:10 for stream type:8
01-18 12:59:59.474 E/QCamera (  722): <MCI><ERROR> mm_stream_cancel_buf: 5125: Error Trying to extract a frame already sent to HAL(idx=10) count=1
01-18 12:59:59.474 E/QCamera (  722): <MCI><ERROR> cancelBuffer: 884: Calling cancel buf on idx:11 for stream type:8
01-18 12:59:59.474 E/mm-camera(  722): <STATS_AIS ><ERROR> 1316: dsps_process_response_gyro: Query request denied, error code = 5, QId_valid = 1, QueryId = 0x970a, AckNak_valid = 1, AckNak = 3
01-18 12:59:59.474 E/QCamera (  722): <MCI><ERROR> mm_stream_cancel_buf: 5125: Error Trying to extract a frame already sent to HAL(idx=11) count=1
01-18 12:59:59.474 E/QCamera (  722): <MCI><ERROR> cancelBuffer: 884: Calling cancel buf on idx:6 for stream type:8
01-18 12:59:59.475 E/QCamera (  722): <MCI><ERROR> mm_stream_cancel_buf: 5125: Error Trying to extract a frame already sent to HAL(idx=6) count=1
01-18 12:59:59.475 E/QCamera (  722): <MCI><ERROR> cancelBuffer: 884: Calling cancel buf on idx:7 for stream type:8
01-18 12:59:59.475 E/QCamera (  722): <MCI><ERROR> mm_stream_cancel_buf: 5125: Error Trying to extract a frame already sent to HAL(idx=7) count=1
01-18 12:59:59.493 E/        (    0): frame_src is 1 frame_id is 408 blackjoe
01-18 12:59:59.485 E/mm-camera(  722): <SENSOR><ERROR> 4883: sensor_get_frame_duration: resolution is invalid, it seems stream has stopped.
01-18 12:59:59.485 E/mm-camera(  722): <SENSOR><ERROR> 884: sensor_fc_report_meta: Failed to get frame duration
01-18 12:59:59.485 E/mm-camera(  722): <SENSOR><ERROR> 4805: sensor_get_exposure_time: resolution is invalid, it seems stream has stopped.
01-18 12:59:59.485 E/mm-camera(  722): <SENSOR><ERROR> 904: sensor_fc_report_meta: Failed to get exposure time
01-18 12:59:59.486 E/mm-camera(  722): <MCT   ><ERROR> 2722: mct_stream_process_bus_msg: Check the runing function blackjoe 
01-18 12:59:59.487 E/mm-camera(  722): <MCT   ><ERROR> 2755: mct_stream_process_bus_msg: isp_sof_bus_msg is 0xecac1ba0
01-18 12:59:59.487 E/mm-camera(  722): <MCT   ><ERROR> 2757: mct_stream_process_bus_msg: frameid is 408 hal_version is 3
01-18 12:59:59.487 E/mm-camera(  722): <MCT   ><ERROR> 2759: mct_stream_process_bus_msg: kstate_ptr is 0xe9d5f254, isp_kstate_ptr is 0xeda49000
01-18 12:59:59.487 E/mm-camera(  722): <MCT   ><ERROR> 2765: mct_stream_process_bus_msg: frame_id is 408
01-18 12:59:59.488 E/QCamera (  722): <MCI><ERROR> mm_stream_data_notify: 337: E, my_handle = 0x7200, fd = 69, state = 6 blackjoe
01-18 12:59:59.488 E/QCamera (  722): <MCI><ERROR> mm_stream_read_msm_frame: 1723: E, my_handle = 0x7200, fd = 69, state = 6 blackjoe
01-18 12:59:59.488 I/QCamera (  722): <MCI><INFO> mm_stream_read_msm_frame: 1770: VIDIOC_DQBUF buf_index 11, frame_idx 407, stream type 7, rc 0,queued: 17, buf_type = 0 flags = 8192 FD = 69 my_num 0 buf fd 104
01-18 12:59:59.488 E/QCamera (  722): <MCI><ERROR> mm_stream_read_msm_frame: 1790: X rc = 0
01-18 12:59:59.489 I/QCamera (  722): <MCI><INFO> mm_stream_handle_rcvd_buf: 220: E, my_handle = 0x7200, fd = 69, state = 6
01-18 12:59:59.489 I/QCamera (  722): <MCI><INFO> mm_stream_handle_rcvd_buf: 244: has cb and it is active by blackjoe
01-18 12:59:59.489 I/QCamera (  722): <MCI><INFO> mm_stream_dispatch_app_data: 415: E, my_handle = 0x7200, fd = 69, state = 6
01-18 12:59:59.489 E/mm-camera(  722): <STATS_AIS ><ERROR> 1316: dsps_process_response_gyro: Query request denied, error code = 5, QId_valid = 1, QueryId = 0x980a, AckNak_valid = 1, AckNak = 3
01-18 12:59:59.489 I/QCamera (  722): <MCI><INFO> mm_stream_dispatch_app_data: 436: frame_sync.is_active = 0, is_cb_active = 1
01-18 12:59:59.489 I/QCamera (  722): <MCI><INFO> mm_stream_dispatch_app_data: 457: Enter callback by blackjoe
01-18 12:59:59.490 E/QCamera (  722): <HAL><ERROR> handleMetadataWithLock: 4863: Cancel missing frame = 4096, buffer = 0xed88fd70,stream type = 8, stream format = 36
01-18 12:59:59.490 E/QCamera (  722): <HAL><ERROR> handleMetadataWithLock: 4863: Cancel missing frame = 4097, buffer = 0xed898fb0,stream type = 8, stream format = 36
01-18 12:59:59.490 E/QCamera (  722): <MCI><ERROR> cancelBuffer: 884: Calling cancel buf on idx:9 for stream type:8
01-18 12:59:59.490 E/QCamera (  722): <HAL><ERROR> handleMetadataWithLock: 4863: Cancel missing frame = 4098, buffer = 0xed895680,stream type = 8, stream format = 36
01-18 12:59:59.490 E/QCamera (  722): <MCI><ERROR> mm_stream_cancel_buf: 5156: mm_stream_cancel_buf(idx=9) err=-1
01-18 12:59:59.490 E/QCamera (  722): <HAL><ERROR> handleMetadataWithLock: 4863: Cancel missing frame = 4099, buffer = 0xed8949c0,stream type = 8, stream format = 36
01-18 12:59:59.491 E/QCamera (  722): <MCI><ERROR> cancelBuffer: 884: Calling cancel buf on idx:10 for stream type:8
01-18 12:59:59.491 E/QCamera (  722): <HAL><ERROR> handleMetadataWithLock: 4863: Cancel missing frame = 4100, buffer = 0xed89bef0,stream type = 8, stream format = 36
01-18 12:59:59.491 E/QCamera (  722): <MCI><ERROR> mm_stream_cancel_buf: 5125: Error Trying to extract a frame already sent to HAL(idx=10) count=1
01-18 12:59:59.491 E/QCamera (  722): <MCI><ERROR> cancelBuffer: 884: Calling cancel buf on idx:11 for stream type:8
01-18 12:59:59.491 E/QCamera (  722): <MCI><ERROR> mm_stream_cancel_buf: 5125: Error Trying to extract a frame already sent to HAL(idx=11) count=1
01-18 12:59:59.491 E/QCamera (  722): <MCI><ERROR> cancelBuffer: 884: Calling cancel buf on idx:6 for stream type:8
01-18 12:59:59.491 E/QCamera (  722): <MCI><ERROR> mm_stream_cancel_buf: 5125: Error Trying to extract a frame already sent to HAL(idx=6) count=1
01-18 12:59:59.491 E/QCamera (  722): <MCI><ERROR> cancelBuffer: 884: Calling cancel buf on idx:7 for stream type:8
01-18 12:59:59.492 E/QCamera (  722): <MCI><ERROR> mm_stream_cancel_buf: 5125: Error Trying to extract a frame already sent to HAL(idx=7) count=1
01-18 12:59:59.543 E/        (    0): frame_src is 1 frame_id is 409 blackjoe
01-18 12:59:59.535 E/mm-camera(  722): <SENSOR><ERROR> 4883: sensor_get_frame_duration: resolution is invalid, it seems stream has stopped.
01-18 12:59:59.535 E/mm-camera(  722): <SENSOR><ERROR> 884: sensor_fc_report_meta: Failed to get frame duration
01-18 12:59:59.535 E/mm-camera(  722): <SENSOR><ERROR> 4805: sensor_get_exposure_time: resolution is invalid, it seems stream has stopped.
01-18 12:59:59.536 E/mm-camera(  722): <SENSOR><ERROR> 904: sensor_fc_report_meta: Failed to get exposure time
01-18 12:59:59.536 E/mm-camera(  722): <MCT   ><ERROR> 2722: mct_stream_process_bus_msg: Check the runing function blackjoe 
01-18 12:59:59.537 E/mm-camera(  722): <MCT   ><ERROR> 2755: mct_stream_process_bus_msg: isp_sof_bus_msg is 0xecac1ba0
01-18 12:59:59.537 E/mm-camera(  722): <MCT   ><ERROR> 2757: mct_stream_process_bus_msg: frameid is 409 hal_version is 3
01-18 12:59:59.537 E/mm-camera(  722): <MCT   ><ERROR> 2759: mct_stream_process_bus_msg: kstate_ptr is 0xe9d5f254, isp_kstate_ptr is 0xeda49000
01-18 12:59:59.537 E/mm-camera(  722): <MCT   ><ERROR> 2765: mct_stream_process_bus_msg: frame_id is 409
01-18 12:59:59.537 E/QCamera (  722): <MCI><ERROR> mm_stream_data_notify: 337: E, my_handle = 0x7200, fd = 69, state = 6 blackjoe
01-18 12:59:59.538 E/QCamera (  722): <MCI><ERROR> mm_stream_read_msm_frame: 1723: E, my_handle = 0x7200, fd = 69, state = 6 blackjoe
01-18 12:59:59.538 I/QCamera (  722): <MCI><INFO> mm_stream_read_msm_frame: 1770: VIDIOC_DQBUF buf_index 12, frame_idx 408, stream type 7, rc 0,queued: 17, buf_type = 0 flags = 8192 FD = 69 my_num 0 buf fd 106
01-18 12:59:59.538 E/QCamera (  722): <MCI><ERROR> mm_stream_read_msm_frame: 1790: X rc = 0
01-18 12:59:59.538 I/QCamera (  722): <MCI><INFO> mm_stream_handle_rcvd_buf: 220: E, my_handle = 0x7200, fd = 69, state = 6
01-18 12:59:59.538 I/QCamera (  722): <MCI><INFO> mm_stream_handle_rcvd_buf: 244: has cb and it is active by blackjoe
01-18 12:59:59.539 I/QCamera (  722): <MCI><INFO> mm_stream_dispatch_app_data: 415: E, my_handle = 0x7200, fd = 69, state = 6
01-18 12:59:59.539 I/QCamera (  722): <MCI><INFO> mm_stream_dispatch_app_data: 436: frame_sync.is_active = 0, is_cb_active = 1
01-18 12:59:59.539 I/QCamera (  722): <MCI><INFO> mm_stream_dispatch_app_data: 457: Enter callback by blackjoe
01-18 12:59:59.539 E/QCamera (  722): <HAL><ERROR> handleMetadataWithLock: 4863: Cancel missing frame = 4096, buffer = 0xed88fd70,stream type = 8, stream format = 36
01-18 12:59:59.540 E/QCamera (  722): <HAL><ERROR> handleMetadataWithLock: 4863: Cancel missing frame = 4097, buffer = 0xed898fb0,stream type = 8, stream format = 36
01-18 12:59:59.540 E/QCamera (  722): <HAL><ERROR> handleMetadataWithLock: 4863: Cancel missing frame = 4098, buffer = 0xed895680,stream type = 8, stream format = 36
01-18 12:59:59.540 E/QCamera (  722): <MCI><ERROR> cancelBuffer: 884: Calling cancel buf on idx:9 for stream type:8
01-18 12:59:59.540 E/QCamera (  722): <HAL><ERROR> handleMetadataWithLock: 4863: Cancel missing frame = 4099, buffer = 0xed8949c0,stream type = 8, stream format = 36
01-18 12:59:59.540 E/QCamera (  722): <HAL><ERROR> handleMetadataWithLock: 4863: Cancel missing frame = 4100, buffer = 0xed89bef0,stream type = 8, stream format = 36
01-18 12:59:59.540 E/QCamera (  722): <MCI><ERROR> mm_stream_cancel_buf: 5156: mm_stream_cancel_buf(idx=9) err=-1
01-18 12:59:59.540 E/QCamera (  722): <MCI><ERROR> cancelBuffer: 884: Calling cancel buf on idx:10 for stream type:8
01-18 12:59:59.540 E/QCamera (  722): <MCI><ERROR> mm_stream_cancel_buf: 5125: Error Trying to extract a frame already sent to HAL(idx=10) count=1
01-18 12:59:59.540 E/QCamera (  722): <MCI><ERROR> cancelBuffer: 884: Calling cancel buf on idx:11 for stream type:8
01-18 12:59:59.541 E/QCamera (  722): <MCI><ERROR> mm_stream_cancel_buf: 5125: Error Trying to extract a frame already sent to HAL(idx=11) count=1
01-18 12:59:59.541 E/QCamera (  722): <MCI><ERROR> cancelBuffer: 884: Calling cancel buf on idx:6 for stream type:8
01-18 12:59:59.541 E/mm-camera(  722): <STATS_AIS ><ERROR> 1316: dsps_process_response_gyro: Query request denied, error code = 5, QId_valid = 1, QueryId = 0x990a, AckNak_valid = 1, AckNak = 3
01-18 12:59:59.541 E/QCamera (  722): <MCI><ERROR> mm_stream_cancel_buf: 5125: Error Trying to extract a frame already sent to HAL(idx=6) count=1
01-18 12:59:59.541 E/QCamera (  722): <MCI><ERROR> cancelBuffer: 884: Calling cancel buf on idx:7 for stream type:8
01-18 12:59:59.541 E/QCamera (  722): <MCI><ERROR> mm_stream_cancel_buf: 5125: Error Trying to extract a frame already sent to HAL(idx=7) count=1
01-18 12:59:59.551 E/mm-camera(  722): <SENSOR><ERROR> 4883: sensor_get_frame_duration: resolution is invalid, it seems stream has stopped.
01-18 12:59:59.552 E/mm-camera(  722): <SENSOR><ERROR> 884: sensor_fc_report_meta: Failed to get frame duration
01-18 12:59:59.552 E/mm-camera(  722): <SENSOR><ERROR> 4805: sensor_get_exposure_time: resolution is invalid, it seems stream has stopped.
01-18 12:59:59.552 E/mm-camera(  722): <SENSOR><ERROR> 904: sensor_fc_report_meta: Failed to get exposure time
01-18 12:59:59.553 E/mm-camera(  722): <MCT   ><ERROR> 2722: mct_stream_process_bus_msg: Check the runing function blackjoe 
01-18 12:59:59.553 E/mm-camera(  722): <MCT   ><ERROR> 2755: mct_stream_process_bus_msg: isp_sof_bus_msg is 0xecac1ba0
01-18 12:59:59.553 E/mm-camera(  722): <MCT   ><ERROR> 2757: mct_stream_process_bus_msg: frameid is 410 hal_version is 3
01-18 12:59:59.553 E/mm-camera(  722): <MCT   ><ERROR> 2759: mct_stream_process_bus_msg: kstate_ptr is 0xe9d5f254, isp_kstate_ptr is 0xeda49000
01-18 12:59:59.553 E/mm-camera(  722): <MCT   ><ERROR> 2765: mct_stream_process_bus_msg: frame_id is 410
01-18 12:59:59.554 E/QCamera (  722): <MCI><ERROR> mm_stream_data_notify: 337: E, my_handle = 0x7200, fd = 69, state = 6 blackjoe
01-18 12:59:59.554 E/QCamera (  722): <MCI><ERROR> mm_stream_read_msm_frame: 1723: E, my_handle = 0x7200, fd = 69, state = 6 blackjoe
01-18 12:59:59.554 I/QCamera (  722): <MCI><INFO> mm_stream_read_msm_frame: 1770: VIDIOC_DQBUF buf_index 13, frame_idx 409, stream type 7, rc 0,queued: 17, buf_type = 0 flags = 8192 FD = 69 my_num 0 buf fd 108
01-18 12:59:59.555 E/QCamera (  722): <MCI><ERROR> mm_stream_read_msm_frame: 1790: X rc = 0
01-18 12:59:59.555 I/QCamera (  722): <MCI><INFO> mm_stream_handle_rcvd_buf: 220: E, my_handle = 0x7200, fd = 69, state = 6
01-18 12:59:59.555 I/QCamera (  722): <MCI><INFO> mm_stream_handle_rcvd_buf: 244: has cb and it is active by blackjoe
01-18 12:59:59.559 E/        (    0): frame_src is 1 frame_id is 410 blackjoe
01-18 12:59:59.555 I/QCamera (  722): <MCI><INFO> mm_stream_dispatch_app_data: 415: E, my_handle = 0x7200, fd = 69, state = 6
01-18 12:59:59.556 I/QCamera (  722): <MCI><INFO> mm_stream_dispatch_app_data: 436: frame_sync.is_active = 0, is_cb_active = 1
01-18 12:59:59.556 I/QCamera (  722): <MCI><INFO> mm_stream_dispatch_app_data: 457: Enter callback by blackjoe
01-18 12:59:59.557 E/QCamera (  722): <HAL><ERROR> handleMetadataWithLock: 4863: Cancel missing frame = 4096, buffer = 0xed88fd70,stream type = 8, stream format = 36
01-18 12:59:59.557 E/QCamera (  722): <MCI><ERROR> cancelBuffer: 884: Calling cancel buf on idx:9 for stream type:8
01-18 12:59:59.557 E/QCamera (  722): <HAL><ERROR> handleMetadataWithLock: 4863: Cancel missing frame = 4097, buffer = 0xed898fb0,stream type = 8, stream format = 36
01-18 12:59:59.557 E/QCamera (  722): <MCI><ERROR> mm_stream_cancel_buf: 5156: mm_stream_cancel_buf(idx=9) err=-1
01-18 12:59:59.557 E/QCamera (  722): <HAL><ERROR> handleMetadataWithLock: 4863: Cancel missing frame = 4098, buffer = 0xed895680,stream type = 8, stream format = 36
01-18 12:59:59.557 E/QCamera (  722): <MCI><ERROR> cancelBuffer: 884: Calling cancel buf on idx:10 for stream type:8
01-18 12:59:59.557 E/QCamera (  722): <HAL><ERROR> handleMetadataWithLock: 4863: Cancel missing frame = 4099, buffer = 0xed8949c0,stream type = 8, stream format = 36
01-18 12:59:59.557 E/QCamera (  722): <MCI><ERROR> mm_stream_cancel_buf: 5125: Error Trying to extract a frame already sent to HAL(idx=10) count=1
01-18 12:59:59.558 E/QCamera (  722): <HAL><ERROR> handleMetadataWithLock: 4863: Cancel missing frame = 4100, buffer = 0xed89bef0,stream type = 8, stream format = 36
01-18 12:59:59.558 E/QCamera (  722): <MCI><ERROR> cancelBuffer: 884: Calling cancel buf on idx:11 for stream type:8
01-18 12:59:59.558 E/mm-camera(  722): <STATS_AIS ><ERROR> 1316: dsps_process_response_gyro: Query request denied, error code = 5, QId_valid = 1, QueryId = 0x9a0a, AckNak_valid = 1, AckNak = 3
01-18 12:59:59.558 E/QCamera (  722): <MCI><ERROR> mm_stream_cancel_buf: 5125: Error Trying to extract a frame already sent to HAL(idx=11) count=1
01-18 12:59:59.558 E/QCamera (  722): <MCI><ERROR> cancelBuffer: 884: Calling cancel buf on idx:6 for stream type:8
01-18 12:59:59.558 E/QCamera (  722): <MCI><ERROR> mm_stream_cancel_buf: 5125: Error Trying to extract a frame already sent to HAL(idx=6) count=1
01-18 12:59:59.558 E/QCamera (  722): <MCI><ERROR> cancelBuffer: 884: Calling cancel buf on idx:7 for stream type:8
01-18 12:59:59.558 E/QCamera (  722): <MCI><ERROR> mm_stream_cancel_buf: 5125: Error Trying to extract a frame already sent to HAL(idx=7) count=1
01-18 12:59:59.568 E/mm-camera(  722): <SENSOR><ERROR> 4883: sensor_get_frame_duration: resolution is invalid, it seems stream has stopped.
01-18 12:59:59.568 E/mm-camera(  722): <SENSOR><ERROR> 884: sensor_fc_report_meta: Failed to get frame duration
01-18 12:59:59.569 E/mm-camera(  722): <SENSOR><ERROR> 4805: sensor_get_exposure_time: resolution is invalid, it seems stream has stopped.
01-18 12:59:59.569 E/mm-camera(  722): <SENSOR><ERROR> 904: sensor_fc_report_meta: Failed to get exposure time
01-18 12:59:59.570 E/mm-camera(  722): <MCT   ><ERROR> 2722: mct_stream_process_bus_msg: Check the runing function blackjoe 
01-18 12:59:59.570 E/mm-camera(  722): <MCT   ><ERROR> 2755: mct_stream_process_bus_msg: isp_sof_bus_msg is 0xecac1ba0
01-18 12:59:59.570 E/mm-camera(  722): <MCT   ><ERROR> 2757: mct_stream_process_bus_msg: frameid is 411 hal_version is 3
01-18 12:59:59.570 E/mm-camera(  722): <MCT   ><ERROR> 2759: mct_stream_process_bus_msg: kstate_ptr is 0xe9d5f254, isp_kstate_ptr is 0xeda49000
01-18 12:59:59.570 E/mm-camera(  722): <MCT   ><ERROR> 2765: mct_stream_process_bus_msg: frame_id is 411
01-18 12:59:59.571 E/QCamera (  722): <MCI><ERROR> mm_stream_data_notify: 337: E, my_handle = 0x7200, fd = 69, state = 6 blackjoe
01-18 12:59:59.571 E/QCamera (  722): <MCI><ERROR> mm_stream_read_msm_frame: 1723: E, my_handle = 0x7200, fd = 69, state = 6 blackjoe
01-18 12:59:59.576 E/        (    0): frame_src is 1 frame_id is 411 blackjoe
01-18 12:59:59.572 I/QCamera (  722): <MCI><INFO> mm_stream_read_msm_frame: 1770: VIDIOC_DQBUF buf_index 14, frame_idx 410, stream type 7, rc 0,queued: 17, buf_type = 0 flags = 8192 FD = 69 my_num 0 buf fd 110
01-18 12:59:59.573 E/QCamera (  722): <MCI><ERROR> mm_stream_read_msm_frame: 1790: X rc = 0
01-18 12:59:59.573 I/QCamera (  722): <MCI><INFO> mm_stream_handle_rcvd_buf: 220: E, my_handle = 0x7200, fd = 69, state = 6
01-18 12:59:59.573 E/mm-camera(  722): <STATS_AIS ><ERROR> 1316: dsps_process_response_gyro: Query request denied, error code = 5, QId_valid = 1, QueryId = 0x9b0a, AckNak_valid = 1, AckNak = 3
01-18 12:59:59.573 I/QCamera (  722): <MCI><INFO> mm_stream_handle_rcvd_buf: 244: has cb and it is active by blackjoe
01-18 12:59:59.573 I/QCamera (  722): <MCI><INFO> mm_stream_dispatch_app_data: 415: E, my_handle = 0x7200, fd = 69, state = 6
01-18 12:59:59.573 I/QCamera (  722): <MCI><INFO> mm_stream_dispatch_app_data: 436: frame_sync.is_active = 0, is_cb_active = 1
01-18 12:59:59.573 I/QCamera (  722): <MCI><INFO> mm_stream_dispatch_app_data: 457: Enter callback by blackjoe
01-18 12:59:59.574 E/QCamera (  722): <HAL><ERROR> handleMetadataWithLock: 4863: Cancel missing frame = 4096, buffer = 0xed88fd70,stream type = 8, stream format = 36
01-18 12:59:59.574 E/QCamera (  722): <HAL><ERROR> handleMetadataWithLock: 4863: Cancel missing frame = 4097, buffer = 0xed898fb0,stream type = 8, stream format = 36
01-18 12:59:59.574 E/QCamera (  722): <HAL><ERROR> handleMetadataWithLock: 4863: Cancel missing frame = 4098, buffer = 0xed895680,stream type = 8, stream format = 36
01-18 12:59:59.574 E/QCamera (  722): <HAL><ERROR> handleMetadataWithLock: 4863: Cancel missing frame = 4099, buffer = 0xed8949c0,stream type = 8, stream format = 36
01-18 12:59:59.575 E/QCamera (  722): <HAL><ERROR> handleMetadataWithLock: 4863: Cancel missing frame = 4100, buffer = 0xed89bef0,stream type = 8, stream format = 36
01-18 12:59:59.575 E/QCamera (  722): <MCI><ERROR> cancelBuffer: 884: Calling cancel buf on idx:9 for stream type:8
01-18 12:59:59.575 E/QCamera (  722): <MCI><ERROR> mm_stream_cancel_buf: 5156: mm_stream_cancel_buf(idx=9) err=-1
01-18 12:59:59.576 E/QCamera (  722): <MCI><ERROR> cancelBuffer: 884: Calling cancel buf on idx:10 for stream type:8
01-18 12:59:59.576 E/QCamera (  722): <MCI><ERROR> mm_stream_cancel_buf: 5125: Error Trying to extract a frame already sent to HAL(idx=10) count=1
01-18 12:59:59.576 E/QCamera (  722): <MCI><ERROR> cancelBuffer: 884: Calling cancel buf on idx:11 for stream type:8
01-18 12:59:59.576 E/QCamera (  722): <MCI><ERROR> mm_stream_cancel_buf: 5125: Error Trying to extract a frame already sent to HAL(idx=11) count=1
01-18 12:59:59.576 E/QCamera (  722): <MCI><ERROR> cancelBuffer: 884: Calling cancel buf on idx:6 for stream type:8
01-18 12:59:59.576 E/QCamera (  722): <MCI><ERROR> mm_stream_cancel_buf: 5125: Error Trying to extract a frame already sent to HAL(idx=6) count=1
01-18 12:59:59.577 E/QCamera (  722): <MCI><ERROR> cancelBuffer: 884: Calling cancel buf on idx:7 for stream type:8
01-18 12:59:59.577 E/QCamera (  722): <MCI><ERROR> mm_stream_cancel_buf: 5125: Error Trying to extract a frame already sent to HAL(idx=7) count=1
01-18 12:59:59.593 E/        (    0): frame_src is 1 frame_id is 412 blackjoe
01-18 12:59:59.585 E/mm-camera(  722): <SENSOR><ERROR> 4883: sensor_get_frame_duration: resolution is invalid, it seems stream has stopped.
01-18 12:59:59.585 E/mm-camera(  722): <SENSOR><ERROR> 884: sensor_fc_report_meta: Failed to get frame duration
01-18 12:59:59.585 E/mm-camera(  722): <SENSOR><ERROR> 4805: sensor_get_exposure_time: resolution is invalid, it seems stream has stopped.
01-18 12:59:59.585 E/mm-camera(  722): <SENSOR><ERROR> 904: sensor_fc_report_meta: Failed to get exposure time
01-18 12:59:59.586 E/mm-camera(  722): <MCT   ><ERROR> 2722: mct_stream_process_bus_msg: Check the runing function blackjoe 
01-18 12:59:59.586 E/mm-camera(  722): <MCT   ><ERROR> 2755: mct_stream_process_bus_msg: isp_sof_bus_msg is 0xecac1ba0
01-18 12:59:59.586 E/mm-camera(  722): <MCT   ><ERROR> 2757: mct_stream_process_bus_msg: frameid is 412 hal_version is 3
01-18 12:59:59.586 E/mm-camera(  722): <MCT   ><ERROR> 2759: mct_stream_process_bus_msg: kstate_ptr is 0xe9d5f254, isp_kstate_ptr is 0xeda49000
01-18 12:59:59.586 E/mm-camera(  722): <MCT   ><ERROR> 2765: mct_stream_process_bus_msg: frame_id is 412
01-18 12:59:59.587 E/QCamera (  722): <MCI><ERROR> mm_stream_data_notify: 337: E, my_handle = 0x7200, fd = 69, state = 6 blackjoe
01-18 12:59:59.587 E/QCamera (  722): <MCI><ERROR> mm_stream_read_msm_frame: 1723: E, my_handle = 0x7200, fd = 69, state = 6 blackjoe
01-18 12:59:59.587 I/QCamera (  722): <MCI><INFO> mm_stream_read_msm_frame: 1770: VIDIOC_DQBUF buf_index 15, frame_idx 411, stream type 7, rc 0,queued: 17, buf_type = 0 flags = 8192 FD = 69 my_num 0 buf fd 112
01-18 12:59:59.587 E/QCamera (  722): <MCI><ERROR> mm_stream_read_msm_frame: 1790: X rc = 0
01-18 12:59:59.587 I/QCamera (  722): <MCI><INFO> mm_stream_handle_rcvd_buf: 220: E, my_handle = 0x7200, fd = 69, state = 6
01-18 12:59:59.587 I/QCamera (  722): <MCI><INFO> mm_stream_handle_rcvd_buf: 244: has cb and it is active by blackjoe
01-18 12:59:59.587 I/QCamera (  722): <MCI><INFO> mm_stream_dispatch_app_data: 415: E, my_handle = 0x7200, fd = 69, state = 6
01-18 12:59:59.587 I/QCamera (  722): <MCI><INFO> mm_stream_dispatch_app_data: 436: frame_sync.is_active = 0, is_cb_active = 1
01-18 12:59:59.588 I/QCamera (  722): <MCI><INFO> mm_stream_dispatch_app_data: 457: Enter callback by blackjoe
01-18 12:59:59.588 E/QCamera (  722): <HAL><ERROR> handleMetadataWithLock: 4863: Cancel missing frame = 4096, buffer = 0xed88fd70,stream type = 8, stream format = 36
01-18 12:59:59.588 E/QCamera (  722): <HAL><ERROR> handleMetadataWithLock: 4863: Cancel missing frame = 4097, buffer = 0xed898fb0,stream type = 8, stream format = 36
01-18 12:59:59.588 E/QCamera (  722): <MCI><ERROR> cancelBuffer: 884: Calling cancel buf on idx:9 for stream type:8
01-18 12:59:59.588 E/QCamera (  722): <HAL><ERROR> handleMetadataWithLock: 4863: Cancel missing frame = 4098, buffer = 0xed895680,stream type = 8, stream format = 36
01-18 12:59:59.588 E/QCamera (  722): <HAL><ERROR> handleMetadataWithLock: 4863: Cancel missing frame = 4099, buffer = 0xed8949c0,stream type = 8, stream format = 36
01-18 12:59:59.588 E/QCamera (  722): <HAL><ERROR> handleMetadataWithLock: 4863: Cancel missing frame = 4100, buffer = 0xed89bef0,stream type = 8, stream format = 36
01-18 12:59:59.589 E/QCamera (  722): <MCI><ERROR> mm_stream_cancel_buf: 5156: mm_stream_cancel_buf(idx=9) err=-1
01-18 12:59:59.589 E/QCamera (  722): <MCI><ERROR> cancelBuffer: 884: Calling cancel buf on idx:10 for stream type:8
01-18 12:59:59.589 E/QCamera (  722): <MCI><ERROR> mm_stream_cancel_buf: 5125: Error Trying to extract a frame already sent to HAL(idx=10) count=1
01-18 12:59:59.589 E/QCamera (  722): <MCI><ERROR> cancelBuffer: 884: Calling cancel buf on idx:11 for stream type:8
01-18 12:59:59.589 E/QCamera (  722): <MCI><ERROR> mm_stream_cancel_buf: 5125: Error Trying to extract a frame already sent to HAL(idx=11) count=1
01-18 12:59:59.589 E/QCamera (  722): <MCI><ERROR> cancelBuffer: 884: Calling cancel buf on idx:6 for stream type:8
