01-18 12:50:48.034 I/QCamera (  722): <MCI><INFO> mm_stream_dispatch_app_data: 457: Enter callback by blackjoe
01-18 12:50:48.035 D/qdgralloc( 4265): Imported handle: 0x7baea30090 id: 2204
01-18 12:50:48.036 D/qdgralloc( 4265): GetTransportSize: num fds: 2 num ints: 22 err:0
01-18 12:50:48.036 D/qdgralloc( 1374): Imported handle: 0xe8740610 id: 2204
01-18 12:50:48.036 D/qdgralloc( 1374): GetTransportSize: num fds: 2 num ints: 22 err:0
01-18 12:50:48.037 D/qdgralloc(  722): Imported handle: 0xe4901a10 id: 2204
01-18 12:50:48.038 E/mm-camera(  722): <STATS_AIS ><ERROR> 1316: dsps_process_response_gyro: Query request denied, error code = 5, QId_valid = 1, QueryId = 0x10a, AckNak_valid = 1, AckNak = 3
01-18 12:50:48.039 E/mm-camera(  722): <MCT   ><ERROR> 4828: mct_pipeline_process_serv_msg: pipeline blackjoe data->sessionid 3 pipeline->session 3 msgid 3
01-18 12:50:48.039 E/mm-camera(  722): <MCT   ><ERROR> 4299: mct_pipeline_process_set: command is 0x8000014 blackjoe CAM_PRIV_PARM 0x8000014
01-18 12:50:48.041 D/qdgralloc( 4265): Imported handle: 0x7baea2f940 id: 2205
01-18 12:50:48.041 D/qdgralloc( 4265): GetTransportSize: num fds: 2 num ints: 22 err:0
01-18 12:50:48.041 D/qdgralloc( 1374): Imported handle: 0xe8740b10 id: 2205
01-18 12:50:48.042 D/qdgralloc( 1374): GetTransportSize: num fds: 2 num ints: 22 err:0
01-18 12:50:48.043 D/qdgralloc(  722): Imported handle: 0xe4901990 id: 2205
01-18 12:50:48.051 E/        (    0): frame_src is 1 frame_id is 2 blackjoe
01-18 12:50:48.043 E/mm-camera(  722): <SENSOR><ERROR> 4883: sensor_get_frame_duration: resolution is invalid, it seems stream has stopped.
01-18 12:50:48.044 E/mm-camera(  722): <SENSOR><ERROR> 884: sensor_fc_report_meta: Failed to get frame duration
01-18 12:50:48.044 E/mm-camera(  722): <MCT   ><ERROR> 4828: mct_pipeline_process_serv_msg: pipeline blackjoe data->sessionid 3 pipeline->session 3 msgid 3
01-18 12:50:48.044 E/mm-camera(  722): <SENSOR><ERROR> 4805: sensor_get_exposure_time: resolution is invalid, it seems stream has stopped.
01-18 12:50:48.044 E/mm-camera(  722): <MCT   ><ERROR> 4299: mct_pipeline_process_set: command is 0x8000014 blackjoe CAM_PRIV_PARM 0x8000014
01-18 12:50:48.044 E/mm-camera(  722): <SENSOR><ERROR> 904: sensor_fc_report_meta: Failed to get exposure time
01-18 12:50:48.045 E/mm-camera(  722): <MCT   ><ERROR> 2722: mct_stream_process_bus_msg: Check the runing function blackjoe 
01-18 12:50:48.045 E/mm-camera(  722): <MCT   ><ERROR> 2755: mct_stream_process_bus_msg: isp_sof_bus_msg is 0xecac1690
01-18 12:50:48.045 E/mm-camera(  722): <MCT   ><ERROR> 2757: mct_stream_process_bus_msg: frameid is 2 hal_version is 3
01-18 12:50:48.045 E/mm-camera(  722): <MCT   ><ERROR> 2759: mct_stream_process_bus_msg: kstate_ptr is 0xe9d5f254, isp_kstate_ptr is 0xeda49000
01-18 12:50:48.046 D/qdgralloc( 4265): Imported handle: 0x7baea2f280 id: 2206
01-18 12:50:48.046 E/mm-camera(  722): <MCT   ><ERROR> 2765: mct_stream_process_bus_msg: frame_id is 2
01-18 12:50:48.046 D/qdgralloc( 4265): GetTransportSize: num fds: 2 num ints: 22 err:0
01-18 12:50:48.046 E/QCamera (  722): <MCI><ERROR> mm_stream_data_notify: 337: E, my_handle = 0x4200, fd = 69, state = 6 blackjoe
01-18 12:50:48.046 E/QCamera (  722): <MCI><ERROR> mm_stream_read_msm_frame: 1723: E, my_handle = 0x4200, fd = 69, state = 6 blackjoe
01-18 12:50:48.046 I/QCamera (  722): <MCI><INFO> mm_stream_read_msm_frame: 1770: VIDIOC_DQBUF buf_index 1, frame_idx 1, stream type 7, rc 0,queued: 17, buf_type = 0 flags = 8192 FD = 69 my_num 0 buf fd 84
01-18 12:50:48.046 E/QCamera (  722): <MCI><ERROR> mm_stream_read_msm_frame: 1790: X rc = 0
01-18 12:50:48.047 I/QCamera (  722): <MCI><INFO> mm_stream_handle_rcvd_buf: 220: E, my_handle = 0x4200, fd = 69, state = 6
01-18 12:50:48.047 D/qdgralloc( 1374): Imported handle: 0xe8741810 id: 2206
01-18 12:50:48.047 I/QCamera (  722): <MCI><INFO> mm_stream_handle_rcvd_buf: 244: has cb and it is active by blackjoe
01-18 12:50:48.047 D/qdgralloc( 1374): GetTransportSize: num fds: 2 num ints: 22 err:0
01-18 12:50:48.047 I/QCamera (  722): <MCI><INFO> mm_stream_dispatch_app_data: 415: E, my_handle = 0x4200, fd = 69, state = 6
01-18 12:50:48.047 I/QCamera (  722): <MCI><INFO> mm_stream_dispatch_app_data: 436: frame_sync.is_active = 0, is_cb_active = 1
01-18 12:50:48.048 I/QCamera (  722): <MCI><INFO> mm_stream_dispatch_app_data: 457: Enter callback by blackjoe
01-18 12:50:48.048 E/mm-camera(  722): <STATS_AIS ><ERROR> 1316: dsps_process_response_gyro: Query request denied, error code = 5, QId_valid = 1, QueryId = 0x20a, AckNak_valid = 1, AckNak = 3
01-18 12:50:48.048 D/qdgralloc(  722): Imported handle: 0xe4901d10 id: 2206
01-18 12:50:48.049 E/mm-camera(  722): <MCT   ><ERROR> 4828: mct_pipeline_process_serv_msg: pipeline blackjoe data->sessionid 3 pipeline->session 3 msgid 3
01-18 12:50:48.049 E/mm-camera(  722): <MCT   ><ERROR> 4299: mct_pipeline_process_set: command is 0x8000014 blackjoe CAM_PRIV_PARM 0x8000014
01-18 12:50:48.051 D/qdgralloc( 4265): Imported handle: 0x7baea2ee00 id: 2207
01-18 12:50:48.051 D/qdgralloc( 4265): GetTransportSize: num fds: 2 num ints: 22 err:0
01-18 12:50:48.052 D/qdgralloc( 1374): Imported handle: 0xe8741990 id: 2207
01-18 12:50:48.052 D/qdgralloc( 1374): GetTransportSize: num fds: 2 num ints: 22 err:0
01-18 12:50:48.053 D/qdgralloc(  722): Imported handle: 0xe4903190 id: 2207
01-18 12:50:48.054 E/mm-camera(  722): <MCT   ><ERROR> 4828: mct_pipeline_process_serv_msg: pipeline blackjoe data->sessionid 3 pipeline->session 3 msgid 3
01-18 12:50:48.054 E/mm-camera(  722): <MCT   ><ERROR> 4299: mct_pipeline_process_set: command is 0x8000014 blackjoe CAM_PRIV_PARM 0x8000014
01-18 12:50:48.060 E/mm-camera(  722): <SENSOR><ERROR> 4883: sensor_get_frame_duration: resolution is invalid, it seems stream has stopped.
01-18 12:50:48.060 E/mm-camera(  722): <SENSOR><ERROR> 884: sensor_fc_report_meta: Failed to get frame duration
01-18 12:50:48.060 E/mm-camera(  722): <SENSOR><ERROR> 4805: sensor_get_exposure_time: resolution is invalid, it seems stream has stopped.
01-18 12:50:48.060 E/mm-camera(  722): <SENSOR><ERROR> 904: sensor_fc_report_meta: Failed to get exposure time
01-18 12:50:48.061 E/mm-camera(  722): <MCT   ><ERROR> 2722: mct_stream_process_bus_msg: Check the runing function blackjoe 
01-18 12:50:48.061 E/mm-camera(  722): <MCT   ><ERROR> 2755: mct_stream_process_bus_msg: isp_sof_bus_msg is 0xecac1690
01-18 12:50:48.062 E/mm-camera(  722): <MCT   ><ERROR> 2757: mct_stream_process_bus_msg: frameid is 3 hal_version is 3
01-18 12:50:48.062 E/mm-camera(  722): <MCT   ><ERROR> 2759: mct_stream_process_bus_msg: kstate_ptr is 0xe9d5f254, isp_kstate_ptr is 0xeda49000
01-18 12:50:48.062 E/mm-camera(  722): <MCT   ><ERROR> 2765: mct_stream_process_bus_msg: frame_id is 3
01-18 12:50:48.062 E/QCamera (  722): <MCI><ERROR> mm_stream_data_notify: 337: E, my_handle = 0x4200, fd = 69, state = 6 blackjoe
01-18 12:50:48.062 E/QCamera (  722): <MCI><ERROR> mm_stream_read_msm_frame: 1723: E, my_handle = 0x4200, fd = 69, state = 6 blackjoe
01-18 12:50:48.063 I/QCamera (  722): <MCI><INFO> mm_stream_read_msm_frame: 1770: VIDIOC_DQBUF buf_index 2, frame_idx 2, stream type 7, rc 0,queued: 17, buf_type = 0 flags = 8192 FD = 69 my_num 0 buf fd 86
01-18 12:50:48.063 E/QCamera (  722): <MCI><ERROR> mm_stream_read_msm_frame: 1790: X rc = 0
01-18 12:50:48.063 I/QCamera (  722): <MCI><INFO> mm_stream_handle_rcvd_buf: 220: E, my_handle = 0x4200, fd = 69, state = 6
01-18 12:50:48.068 E/        (    0): frame_src is 1 frame_id is 3 blackjoe
01-18 12:50:48.063 I/QCamera (  722): <MCI><INFO> mm_stream_handle_rcvd_buf: 244: has cb and it is active by blackjoe
01-18 12:50:48.063 I/QCamera (  722): <MCI><INFO> mm_stream_dispatch_app_data: 415: E, my_handle = 0x4200, fd = 69, state = 6
01-18 12:50:48.064 I/QCamera (  722): <MCI><INFO> mm_stream_dispatch_app_data: 436: frame_sync.is_active = 0, is_cb_active = 1
01-18 12:50:48.064 I/QCamera (  722): <MCI><INFO> mm_stream_dispatch_app_data: 457: Enter callback by blackjoe
01-18 12:50:48.065 E/mm-camera(  722): <STATS_AIS ><ERROR> 1316: dsps_process_response_gyro: Query request denied, error code = 5, QId_valid = 1, QueryId = 0x30a, AckNak_valid = 1, AckNak = 3
01-18 12:50:48.076 E/QCamera (  722): <MCI><ERROR> mm_stream_data_notify: 337: E, my_handle = 0x4301, fd = 78, state = 6 blackjoe
01-18 12:50:48.076 E/QCamera (  722): <MCI><ERROR> mm_stream_read_msm_frame: 1723: E, my_handle = 0x4301, fd = 78, state = 6 blackjoe
01-18 12:50:48.077 E/mm-camera(  722): <SENSOR><ERROR> 4883: sensor_get_frame_duration: resolution is invalid, it seems stream has stopped.
01-18 12:50:48.077 I/QCamera (  722): <MCI><INFO> mm_stream_read_msm_frame: 1770: VIDIOC_DQBUF buf_index 6, frame_idx 3, stream type 8, rc 0,queued: 5, buf_type = 0 flags = 8192 FD = 78 my_num 0 buf fd 76
01-18 12:50:48.077 E/mm-camera(  722): <SENSOR><ERROR> 884: sensor_fc_report_meta: Failed to get frame duration
01-18 12:50:48.077 E/QCamera (  722): <MCI><ERROR> mm_stream_read_msm_frame: 1790: X rc = 0
01-18 12:50:48.077 E/mm-camera(  722): <SENSOR><ERROR> 4805: sensor_get_exposure_time: resolution is invalid, it seems stream has stopped.
01-18 12:50:48.077 I/QCamera (  722): <MCI><INFO> mm_stream_handle_rcvd_buf: 220: E, my_handle = 0x4301, fd = 78, state = 6
01-18 12:50:48.077 E/mm-camera(  722): <SENSOR><ERROR> 904: sensor_fc_report_meta: Failed to get exposure time
01-18 12:50:48.077 I/QCamera (  722): <MCI><INFO> mm_stream_handle_rcvd_buf: 244: has cb and it is active by blackjoe
01-18 12:50:48.078 I/QCamera (  722): <MCI><INFO> mm_stream_dispatch_app_data: 415: E, my_handle = 0x4301, fd = 78, state = 6
01-18 12:50:48.078 I/QCamera (  722): <MCI><INFO> mm_stream_dispatch_app_data: 436: frame_sync.is_active = 0, is_cb_active = 1
01-18 12:50:48.078 I/QCamera (  722): <MCI><INFO> mm_stream_dispatch_app_data: 457: Enter callback by blackjoe
01-18 12:50:48.078 E/mm-camera(  722): <MCT   ><ERROR> 2722: mct_stream_process_bus_msg: Check the runing function blackjoe 
01-18 12:50:48.078 E/mm-camera(  722): <MCT   ><ERROR> 2755: mct_stream_process_bus_msg: isp_sof_bus_msg is 0xecac1690
01-18 12:50:48.078 E/mm-camera(  722): <MCT   ><ERROR> 2757: mct_stream_process_bus_msg: frameid is 4 hal_version is 3
01-18 12:50:48.079 E/mm-camera(  722): <MCT   ><ERROR> 2759: mct_stream_process_bus_msg: kstate_ptr is 0xe9d5f254, isp_kstate_ptr is 0xeda49000
01-18 12:50:48.079 E/mm-camera(  722): <MCT   ><ERROR> 2765: mct_stream_process_bus_msg: frame_id is 4
01-18 12:50:48.079 E/QCamera (  722): <MCI><ERROR> mm_stream_data_notify: 337: E, my_handle = 0x4200, fd = 69, state = 6 blackjoe
01-18 12:50:48.079 E/QCamera (  722): <MCI><ERROR> mm_stream_read_msm_frame: 1723: E, my_handle = 0x4200, fd = 69, state = 6 blackjoe
01-18 12:50:48.080 I/QCamera (  722): <MCI><INFO> mm_stream_read_msm_frame: 1770: VIDIOC_DQBUF buf_index 3, frame_idx 3, stream type 7, rc 0,queued: 17, buf_type = 0 flags = 8192 FD = 69 my_num 0 buf fd 88
01-18 12:50:48.080 E/QCamera (  722): <MCI><ERROR> mm_stream_read_msm_frame: 1790: X rc = 0
01-18 12:50:48.080 I/QCamera (  722): <MCI><INFO> mm_stream_handle_rcvd_buf: 220: E, my_handle = 0x4200, fd = 69, state = 6
01-18 12:50:48.080 I/QCamera (  722): <MCI><INFO> mm_stream_handle_rcvd_buf: 244: has cb and it is active by blackjoe
01-18 12:50:48.081 I/QCamera (  722): <MCI><INFO> mm_stream_dispatch_app_data: 415: E, my_handle = 0x4200, fd = 69, state = 6
01-18 12:50:48.081 I/QCamera (  722): <MCI><INFO> mm_stream_dispatch_app_data: 436: frame_sync.is_active = 0, is_cb_active = 1
01-18 12:50:48.081 I/QCamera (  722): <MCI><INFO> mm_stream_dispatch_app_data: 457: Enter callback by blackjoe
01-18 12:50:48.083 E/mm-camera(  722): <STATS_AIS ><ERROR> 1316: dsps_process_response_gyro: Query request denied, error code = 5, QId_valid = 1, QueryId = 0x40a, AckNak_valid = 1, AckNak = 3
01-18 12:50:48.087 I/BarCodeReader( 4265): Event message: 400, arg1=0x1, arg2=0
01-18 12:50:48.087 I/BarCodeReader( 4265): Event message: 10000, arg1=0x3, arg2=7
01-18 12:50:48.087 E/mm-camera(  722): <MCT   ><ERROR> 4828: mct_pipeline_process_serv_msg: pipeline blackjoe data->sessionid 3 pipeline->session 3 msgid 3
01-18 12:50:48.087 E/mm-camera(  722): <MCT   ><ERROR> 4299: mct_pipeline_process_set: command is 0x8000014 blackjoe CAM_PRIV_PARM 0x8000014
01-18 12:50:48.097 I/EffectsFactory(  718): EffectCreate() create_effect
01-18 12:50:48.100 W/APM::AudioPolicyEngine(  855): getDevicesForStrategy() unknown strategy: -1
01-18 12:50:48.100 W/APM::AudioPolicyEngine(  855): getDevicesForStrategy() unknown strategy: -1
01-18 12:50:48.102 I/system_server( 1670): oneway function results will be dropped but finished with status OK and parcel size 4
01-18 12:50:48.103 I/system_server( 1670): oneway function results will be dropped but finished with status OK and parcel size 4
01-18 12:50:48.104 D/SDL_SCAN( 4265): ABCabcz
01-18 12:50:48.104 D/SDL_SCAN( 4265): Scan_Complete
01-18 12:50:48.104 E/volume_listener(  718): check_and_set_gain_dep_cal: Failed to set gain dep cal level
01-18 12:50:48.105 D/audio_hw_primary(  718): start_output_stream: enter: stream(0xf1a864c0)usecase(1: low-latency-playback) devices(0x2) is_haptic_usecase(0)
01-18 12:50:48.106 D/audio_hw_primary(  718): select_devices for use case (low-latency-playback)
01-18 12:50:48.106 I/msm8974_platform(  718): platform_check_and_set_codec_backend_cfg:becf: afe: bitwidth 16, samplerate 48000 channels 2, backend_idx 0 usecase = 1 device (speaker)
01-18 12:50:48.106 I/msm8974_platform(  718): platform_check_and_set_codec_backend_cfg: new_snd_devices[0] is 2
01-18 12:50:48.106 I/msm8974_platform(  718): platform_check_codec_backend_cfg:becf: afe: bitwidth 16, samplerate 48000 channels 2, backend_idx 0 usecase = 1 device (speaker)
01-18 12:50:48.110 D/msm8974_platform(  718): platform_check_codec_backend_cfg:becf: updated afe: bitwidth 16, samplerate 48000 channels 2,backend_idx 0 usecase = 1 device (speaker)
01-18 12:50:48.110 I/msm8974_platform(  718): platform_check_codec_backend_cfg:becf: afe: Codec selected backend: 0 updated bit width: 16 and sample rate: 48000
01-18 12:50:48.110 D/audio_hw_primary(  718): check_usecases_codec_backend:becf: force routing 0
01-18 12:50:48.110 D/audio_hw_primary(  718): check_usecases_codec_backend:becf: (84) check_usecases curr device: speaker, usecase device: backends match 0
01-18 12:50:48.111 D/audio_hw_primary(  718): check_usecases_codec_backend:becf: check_usecases num.of Usecases to switch 0
01-18 12:50:48.111 D/hardware_info(  718): hw_info_append_hw_type : device_name = speaker
01-18 12:50:48.111 D/audio_hw_primary(  718): enable_snd_device: snd_device(2: speaker)
01-18 12:50:48.111 D/msm8974_platform(  718): platform_get_island_cfg_on_device:island cfg status on snd_device = (speaker 0)
01-18 12:50:48.111 I/soundtrigger(  718): audio_extn_sound_trigger_update_device_status: device 0x2 of type 0 for Event 1, with Raise=0
01-18 12:50:48.111 D/audio_route(  718): Apply path: speaker
01-18 12:50:48.127 E/        (    0): tavil_codec tavil_codec: ASoC: DAPM unknown pin Lineout_3 amp
01-18 12:50:48.127 D/soundtrigger(  718): audio_extn_sound_trigger_update_stream_status: uc_info->id 1 of type 0 for Event 3, with Raise=0
01-18 12:50:48.127 D/audio_hw_utils(  718): audio_extn_utils_send_app_type_cfg: usecase->out_snd_device speaker
01-18 12:50:48.128 I/audio_hw_utils(  718): send_app_type_cfg_for_device PLAYBACK app_type 69937, acdb_dev_id 14, sample_rate 48000, snd_device_be_idx 2
01-18 12:50:48.129 W/MessageQueue( 4265): Handler (android.view.textservice.SpellCheckerSession$1) {e9a3bf8} sending message to a Handler on a dead thread
01-18 12:50:48.129 W/MessageQueue( 4265): java.lang.IllegalStateException: Handler (android.view.textservice.SpellCheckerSession$1) {e9a3bf8} sending message to a Handler on a dead thread
01-18 12:50:48.129 W/MessageQueue( 4265): 	at android.os.MessageQueue.enqueueMessage(MessageQueue.java:560)
01-18 12:50:48.129 W/MessageQueue( 4265): 	at android.os.Handler.enqueueMessage(Handler.java:778)
01-18 12:50:48.129 W/MessageQueue( 4265): 	at android.os.Handler.sendMessageAtTime(Handler.java:727)
01-18 12:50:48.129 W/MessageQueue( 4265): 	at android.os.Handler.sendMessageDelayed(Handler.java:697)
01-18 12:50:48.129 W/MessageQueue( 4265): 	at android.os.Handler.sendMessage(Handler.java:635)
01-18 12:50:48.129 W/MessageQueue( 4265): 	at android.view.textservice.SpellCheckerSession$SpellCheckerSessionListenerImpl.onGetSentenceSuggestions(SpellCheckerSession.java:507)
01-18 12:50:48.129 W/MessageQueue( 4265): 	at com.android.internal.textservice.ISpellCheckerSessionListener$Stub.onTransact(ISpellCheckerSessionListener.java:99)
01-18 12:50:48.129 W/MessageQueue( 4265): 	at android.os.Binder.execTransactInternal(Binder.java:1159)
01-18 12:50:48.129 W/MessageQueue( 4265): 	at android.os.Binder.execTransact(Binder.java:1123)
01-18 12:50:48.138 E/        (    0): frame_src is 1 frame_id is 5 blackjoe
01-18 12:50:48.130 D/ACDB-LOADER(  718): ACDB -> send_audio_cal, acdb_id = 14, path = 0, app id = 0x11131, sample rate = 48000, afe_sample_rate = 48000
01-18 12:50:48.130 E/QCamera (  722): <MCI><ERROR> mm_stream_data_notify: 337: E, my_handle = 0x4301, fd = 78, state = 6 blackjoe
01-18 12:50:48.130 D/ACDB-LOADER(  718): ACDB -> send_asm_topology
01-18 12:50:48.130 E/QCamera (  722): <MCI><ERROR> mm_stream_read_msm_frame: 1723: E, my_handle = 0x4301, fd = 78, state = 6 blackjoe
01-18 12:50:48.130 D/ACDB-LOADER(  718): ACDB -> ACDB_CMD_GET_AUDPROC_STREAM_TOPOLOGY_ID
01-18 12:50:48.130 D/ACDB-LOADER(  718): ACDB -> send_adm_topology
01-18 12:50:48.130 I/QCamera (  722): <MCI><INFO> mm_stream_read_msm_frame: 1770: VIDIOC_DQBUF buf_index 7, frame_idx 4, stream type 8, rc 0,queued: 5, buf_type = 0 flags = 8192 FD = 78 my_num 0 buf fd 126
01-18 12:50:48.130 D/ACDB-LOADER(  718): ACDB -> ACDB_CMD_GET_AUDPROC_COMMON_TOPOLOGY_ID
01-18 12:50:48.130 E/QCamera (  722): <MCI><ERROR> mm_stream_read_msm_frame: 1790: X rc = 0
01-18 12:50:48.130 I/QCamera (  722): <MCI><INFO> mm_stream_handle_rcvd_buf: 220: E, my_handle = 0x4301, fd = 78, state = 6
01-18 12:50:48.130 D/ACDB-LOADER(  718): ACDB -> send_audtable
01-18 12:50:48.130 I/QCamera (  722): <MCI><INFO> mm_stream_handle_rcvd_buf: 244: has cb and it is active by blackjoe
01-18 12:50:48.130 D/ACDB-LOADER(  718): ACDB -> ACDB_CMD_GET_AUDPROC_COMMON_TABLE_SIZE
01-18 12:50:48.130 D/ACDB-LOADER(  718): ACDB -> ACDB_CMD_GET_AUDPROC_COMMON_TABLE
01-18 12:50:48.130 D/ACDB-LOADER(  718): ACDB -> AUDIO_SET_AUDPROC_CAL cal_type[11] acdb_id[14] app_type[69937]
01-18 12:50:48.131 D/ACDB-LOADER(  718): ACDB -> send_audvoltable
01-18 12:50:48.131 E/mm-camera(  722): <SENSOR><ERROR> 4883: sensor_get_frame_duration: resolution is invalid, it seems stream has stopped.
01-18 12:50:48.131 D/ACDB-LOADER(  718): ACDB -> ACDB_CMD_GET_AUDPROC_GAIN_DEP_STEP_TABLE_SIZE
01-18 12:50:48.131 E/mm-camera(  722): <SENSOR><ERROR> 884: sensor_fc_report_meta: Failed to get frame duration
01-18 12:50:48.131 D/ACDB-LOADER(  718): ACDB -> ACDB_CMD_GET_AUDPROC_GAIN_DEP_STEP_TABLE, vol index 0
01-18 12:50:48.131 E/mm-camera(  722): <SENSOR><ERROR> 4805: sensor_get_exposure_time: resolution is invalid, it seems stream has stopped.
01-18 12:50:48.131 D/ACDB-LOADER(  718): ACDB -> AUDIO_SET_VOL_CAL cal type = 12
01-18 12:50:48.131 E/mm-camera(  722): <SENSOR><ERROR> 904: sensor_fc_report_meta: Failed to get exposure time
01-18 12:50:48.131 D/ACDB-LOADER(  718): ACDB -> ACDB_CMD_GET_AUDPROC_STREAM_TABLE_SIZE
01-18 12:50:48.131 D/ACDB-LOADER(  718): ACDB -> send_audstrmtable
01-18 12:50:48.131 D/ACDB-LOADER(  718): ACDB -> ACDB_CMD_GET_AUDPROC_STREAM_TABLE_V2
01-18 12:50:48.131 D/ACDB-LOADER(  718): ACDB -> audstrm_cal->cal_type.cal_data.cal_size = 16
01-18 12:50:48.131 D/ACDB-LOADER(  718): ACDB -> send_afe_topology
01-18 12:50:48.131 D/ACDB-LOADER(  718): ACDB -> ACDB_CMD_GET_AFE_TOPOLOGY_ID
01-18 12:50:48.131 D/ACDB-LOADER(  718): ACDB -> GET_AFE_TOPOLOGY_ID for adcd_id 14, Topology Id 1025e
01-18 12:50:48.131 E/mm-camera(  722): <MCT   ><ERROR> 2722: mct_stream_process_bus_msg: Check the runing function blackjoe 
01-18 12:50:48.131 D/ACDB-LOADER(  718): ACDB -> send_afe_cal
01-18 12:50:48.131 D/ACDB-LOADER(  718): ACDB -> ACDB_CMD_GET_AFE_COMMON_TABLE_SIZE
01-18 12:50:48.132 E/mm-camera(  722): <MCT   ><ERROR> 2755: mct_stream_process_bus_msg: isp_sof_bus_msg is 0xecac1690
01-18 12:50:48.132 D/ACDB-LOADER(  718): ACDB -> ACDB_CMD_GET_AFE_COMMON_TABLE
01-18 12:50:48.132 E/mm-camera(  722): <MCT   ><ERROR> 2757: mct_stream_process_bus_msg: frameid is 5 hal_version is 3
01-18 12:50:48.132 D/ACDB-LOADER(  718): ACDB -> AUDIO_SET_AFE_CAL cal_type[16] acdb_id[14]
01-18 12:50:48.132 E/mm-camera(  722): <MCT   ><ERROR> 2759: mct_stream_process_bus_msg: kstate_ptr is 0xe9d5f254, isp_kstate_ptr is 0xeda49000
01-18 12:50:48.132 E/mm-camera(  722): <MCT   ><ERROR> 2765: mct_stream_process_bus_msg: frame_id is 5
01-18 12:50:48.132 D/ACDB-LOADER(  718): ACDB -> send_hw_delay : acdb_id = 14 path = 0
01-18 12:50:48.132 D/ACDB-LOADER(  718): ACDB -> ACDB_AVSYNC_INFO: ACDB_CMD_GET_DEVICE_PROPERTY
01-18 12:50:48.132 I/QCamera (  722): <MCI><INFO> mm_stream_dispatch_app_data: 415: E, my_handle = 0x4301, fd = 78, state = 6
01-18 12:50:48.132 D/audio_hw_primary(  718): enable_audio_route: apply mixer and update path: low-latency-playback
01-18 12:50:48.132 I/QCamera (  722): <MCI><INFO> mm_stream_dispatch_app_data: 436: frame_sync.is_active = 0, is_cb_active = 1
01-18 12:50:48.132 D/audio_route(  718): Apply path: low-latency-playback
01-18 12:50:48.132 I/QCamera (  722): <MCI><INFO> mm_stream_dispatch_app_data: 457: Enter callback by blackjoe
01-18 12:50:48.134 E/mm-camera(  722): <STATS_AIS ><ERROR> 1316: dsps_process_response_gyro: Query request denied, error code = 5, QId_valid = 1, QueryId = 0x50a, AckNak_valid = 1, AckNak = 3
01-18 12:50:48.134 E/QCamera (  722): <MCI><ERROR> mm_stream_data_notify: 337: E, my_handle = 0x4200, fd = 69, state = 6 blackjoe
01-18 12:50:48.134 E/QCamera (  722): <MCI><ERROR> mm_stream_read_msm_frame: 1723: E, my_handle = 0x4200, fd = 69, state = 6 blackjoe
01-18 12:50:48.134 I/QCamera (  722): <MCI><INFO> mm_stream_read_msm_frame: 1770: VIDIOC_DQBUF buf_index 4, frame_idx 4, stream type 7, rc 0,queued: 17, buf_type = 0 flags = 8192 FD = 69 my_num 0 buf fd 90
01-18 12:50:48.134 E/QCamera (  722): <MCI><ERROR> mm_stream_read_msm_frame: 1790: X rc = 0
01-18 12:50:48.134 I/QCamera (  722): <MCI><INFO> mm_stream_handle_rcvd_buf: 220: E, my_handle = 0x4200, fd = 69, state = 6
01-18 12:50:48.134 I/QCamera (  722): <MCI><INFO> mm_stream_handle_rcvd_buf: 244: has cb and it is active by blackjoe
01-18 12:50:48.134 I/QCamera (  722): <MCI><INFO> mm_stream_dispatch_app_data: 415: E, my_handle = 0x4200, fd = 69, state = 6
01-18 12:50:48.134 I/QCamera (  722): <MCI><INFO> mm_stream_dispatch_app_data: 436: frame_sync.is_active = 0, is_cb_active = 1
01-18 12:50:48.134 I/QCamera (  722): <MCI><INFO> mm_stream_dispatch_app_data: 457: Enter callback by blackjoe
01-18 12:50:48.138 D/qdgralloc( 4265): Imported handle: 0x7baea30bd0 id: 2208
01-18 12:50:48.138 D/qdgralloc( 4265): GetTransportSize: num fds: 2 num ints: 22 err:0
01-18 12:50:48.139 D/qdgralloc( 1374): Imported handle: 0xe8741610 id: 2208
01-18 12:50:48.139 D/qdgralloc( 1374): GetTransportSize: num fds: 2 num ints: 22 err:0
01-18 12:50:48.140 D/qdgralloc(  722): Imported handle: 0xe4900a10 id: 2208
01-18 12:50:48.141 E/mm-camera(  722): <MCT   ><ERROR> 4828: mct_pipeline_process_serv_msg: pipeline blackjoe data->sessionid 3 pipeline->session 3 msgid 3
01-18 12:50:48.141 E/mm-camera(  722): <MCT   ><ERROR> 4299: mct_pipeline_process_set: command is 0x8000014 blackjoe CAM_PRIV_PARM 0x8000014
01-18 12:50:48.146 E/QCamera (  722): <MCI><ERROR> mm_stream_data_notify: 337: E, my_handle = 0x4301, fd = 78, state = 6 blackjoe
01-18 12:50:48.146 E/QCamera (  722): <MCI><ERROR> mm_stream_read_msm_frame: 1723: E, my_handle = 0x4301, fd = 78, state = 6 blackjoe
01-18 12:50:48.147 E/mm-camera(  722): <SENSOR><ERROR> 4883: sensor_get_frame_duration: resolution is invalid, it seems stream has stopped.
01-18 12:50:48.147 E/mm-camera(  722): <SENSOR><ERROR> 884: sensor_fc_report_meta: Failed to get frame duration
01-18 12:50:48.147 E/mm-camera(  722): <SENSOR><ERROR> 4805: sensor_get_exposure_time: resolution is invalid, it seems stream has stopped.
01-18 12:50:48.147 E/mm-camera(  722): <SENSOR><ERROR> 904: sensor_fc_report_meta: Failed to get exposure time
01-18 12:50:48.147 I/QCamera (  722): <MCI><INFO> mm_stream_read_msm_frame: 1770: VIDIOC_DQBUF buf_index 8, frame_idx 5, stream type 8, rc 0,queued: 5, buf_type = 0 flags = 8192 FD = 78 my_num 0 buf fd 129
01-18 12:50:48.147 E/QCamera (  722): <MCI><ERROR> mm_stream_read_msm_frame: 1790: X rc = 0
01-18 12:50:48.147 I/QCamera (  722): <MCI><INFO> mm_stream_handle_rcvd_buf: 220: E, my_handle = 0x4301, fd = 78, state = 6
01-18 12:50:48.147 I/QCamera (  722): <MCI><INFO> mm_stream_handle_rcvd_buf: 244: has cb and it is active by blackjoe
01-18 12:50:48.148 I/QCamera (  722): <MCI><INFO> mm_stream_dispatch_app_data: 415: E, my_handle = 0x4301, fd = 78, state = 6
01-18 12:50:48.148 I/QCamera (  722): <MCI><INFO> mm_stream_dispatch_app_data: 436: frame_sync.is_active = 0, is_cb_active = 1
01-18 12:50:48.148 E/mm-camera(  722): <MCT   ><ERROR> 2722: mct_stream_process_bus_msg: Check the runing function blackjoe 
01-18 12:50:48.148 I/QCamera (  722): <MCI><INFO> mm_stream_dispatch_app_data: 457: Enter callback by blackjoe
01-18 12:50:48.148 E/mm-camera(  722): <MCT   ><ERROR> 2755: mct_stream_process_bus_msg: isp_sof_bus_msg is 0xecac1690
01-18 12:50:48.148 E/mm-camera(  722): <MCT   ><ERROR> 2757: mct_stream_process_bus_msg: frameid is 6 hal_version is 3
01-18 12:50:48.148 E/mm-camera(  722): <MCT   ><ERROR> 2759: mct_stream_process_bus_msg: kstate_ptr is 0xe9d5f254, isp_kstate_ptr is 0xeda49000
01-18 12:50:48.149 E/mm-camera(  722): <MCT   ><ERROR> 2765: mct_stream_process_bus_msg: frame_id is 6
01-18 12:50:48.149 E/QCamera (  722): <MCI><ERROR> mm_stream_data_notify: 337: E, my_handle = 0x4200, fd = 69, state = 6 blackjoe
01-18 12:50:48.149 E/QCamera (  722): <MCI><ERROR> mm_stream_read_msm_frame: 1723: E, my_handle = 0x4200, fd = 69, state = 6 blackjoe
01-18 12:50:48.149 I/QCamera (  722): <MCI><INFO> mm_stream_read_msm_frame: 1770: VIDIOC_DQBUF buf_index 5, frame_idx 5, stream type 7, rc 0,queued: 17, buf_type = 0 flags = 8192 FD = 69 my_num 0 buf fd 92
01-18 12:50:48.150 E/QCamera (  722): <MCI><ERROR> mm_stream_read_msm_frame: 1790: X rc = 0
01-18 12:50:48.150 I/QCamera (  722): <MCI><INFO> mm_stream_handle_rcvd_buf: 220: E, my_handle = 0x4200, fd = 69, state = 6
01-18 12:50:48.150 E/mm-camera(  722): <STATS_AIS ><ERROR> 1316: dsps_process_response_gyro: Query request denied, error code = 5, QId_valid = 1, QueryId = 0x60a, AckNak_valid = 1, AckNak = 3
01-18 12:50:48.150 I/QCamera (  722): <MCI><INFO> mm_stream_handle_rcvd_buf: 244: has cb and it is active by blackjoe
01-18 12:50:48.150 I/QCamera (  722): <MCI><INFO> mm_stream_dispatch_app_data: 415: E, my_handle = 0x4200, fd = 69, state = 6
01-18 12:50:48.150 I/QCamera (  722): <MCI><INFO> mm_stream_dispatch_app_data: 436: frame_sync.is_active = 0, is_cb_active = 1
01-18 12:50:48.150 I/QCamera (  722): <MCI><INFO> mm_stream_dispatch_app_data: 457: Enter callback by blackjoe
01-18 12:50:48.168 I/__afe_port_start(    0): port id: 0x4000
01-18 12:50:48.163 E/QCamera (  722): <MCI><ERROR> mm_stream_data_notify: 337: E, my_handle = 0x4301, fd = 78, state = 6 blackjoe
01-18 12:50:48.168 I/afe_get_cal_topology_id(    0): port_id = 0x4000 acdb_id = 14 topology_id = 0x1025e cal_type_index=8 ret=0
01-18 12:50:48.169 I/send_afe_cal_type(    0): dev_acdb_id[15] is 14
01-18 12:50:48.169 I/afe_find_cal(    0): cal block is a match, size is 1372
01-18 12:50:48.163 E/QCamera (  722): <MCI><ERROR> mm_stream_read_msm_frame: 1723: E, my_handle = 0x4301, fd = 78, state = 6 blackjoe
01-18 12:50:48.171 E/        (    0): frame_src is 1 frame_id is 7 blackjoe
01-18 12:50:48.163 E/mm-camera(  722): <SENSOR><ERROR> 4883: sensor_get_frame_duration: resolution is invalid, it seems stream has stopped.
01-18 12:50:48.163 I/QCamera (  722): <MCI><INFO> mm_stream_read_msm_frame: 1770: VIDIOC_DQBUF buf_index 9, frame_idx 6, stream type 8, rc 0,queued: 4, buf_type = 0 flags = 8192 FD = 78 my_num 0 buf fd 132
01-18 12:50:48.163 E/mm-camera(  722): <SENSOR><ERROR> 884: sensor_fc_report_meta: Failed to get frame duration
01-18 12:50:48.163 E/QCamera (  722): <MCI><ERROR> mm_stream_read_msm_frame: 1790: X rc = 0
01-18 12:50:48.163 E/mm-camera(  722): <SENSOR><ERROR> 4805: sensor_get_exposure_time: resolution is invalid, it seems stream has stopped.
01-18 12:50:48.163 I/QCamera (  722): <MCI><INFO> mm_stream_handle_rcvd_buf: 220: E, my_handle = 0x4301, fd = 78, state = 6
01-18 12:50:48.163 E/mm-camera(  722): <SENSOR><ERROR> 904: sensor_fc_report_meta: Failed to get exposure time
01-18 12:50:48.163 I/QCamera (  722): <MCI><INFO> mm_stream_handle_rcvd_buf: 244: has cb and it is active by blackjoe
01-18 12:50:48.163 I/QCamera (  722): <MCI><INFO> mm_stream_dispatch_app_data: 415: E, my_handle = 0x4301, fd = 78, state = 6
01-18 12:50:48.163 I/QCamera (  722): <MCI><INFO> mm_stream_dispatch_app_data: 436: frame_sync.is_active = 0, is_cb_active = 1
01-18 12:50:48.163 I/QCamera (  722): <MCI><INFO> mm_stream_dispatch_app_data: 457: Enter callback by blackjoe
01-18 12:50:48.164 E/mm-camera(  722): <MCT   ><ERROR> 2722: mct_stream_process_bus_msg: Check the runing function blackjoe 
01-18 12:50:48.164 E/mm-camera(  722): <MCT   ><ERROR> 2755: mct_stream_process_bus_msg: isp_sof_bus_msg is 0xecac1690
01-18 12:50:48.164 E/mm-camera(  722): <MCT   ><ERROR> 2757: mct_stream_process_bus_msg: frameid is 7 hal_version is 3
01-18 12:50:48.164 E/mm-camera(  722): <MCT   ><ERROR> 2759: mct_stream_process_bus_msg: kstate_ptr is 0xe9d5f254, isp_kstate_ptr is 0xeda49000
01-18 12:50:48.164 E/mm-camera(  722): <MCT   ><ERROR> 2765: mct_stream_process_bus_msg: frame_id is 7
01-18 12:50:48.164 E/QCamera (  722): <MCI><ERROR> mm_stream_data_notify: 337: E, my_handle = 0x4200, fd = 69, state = 6 blackjoe
01-18 12:50:48.164 E/QCamera (  722): <MCI><ERROR> mm_stream_read_msm_frame: 1723: E, my_handle = 0x4200, fd = 69, state = 6 blackjoe
01-18 12:50:48.165 I/QCamera (  722): <MCI><INFO> mm_stream_read_msm_frame: 1770: VIDIOC_DQBUF buf_index 6, frame_idx 6, stream type 7, rc 0,queued: 17, buf_type = 0 flags = 8192 FD = 69 my_num 0 buf fd 94
01-18 12:50:48.165 E/QCamera (  722): <MCI><ERROR> mm_stream_read_msm_frame: 1790: X rc = 0
01-18 12:50:48.165 I/QCamera (  722): <MCI><INFO> mm_stream_handle_rcvd_buf: 220: E, my_handle = 0x4200, fd = 69, state = 6
01-18 12:50:48.165 I/QCamera (  722): <MCI><INFO> mm_stream_handle_rcvd_buf: 244: has cb and it is active by blackjoe
01-18 12:50:48.165 I/QCamera (  722): <MCI><INFO> mm_stream_dispatch_app_data: 415: E, my_handle = 0x4200, fd = 69, state = 6
01-18 12:50:48.165 I/QCamera (  722): <MCI><INFO> mm_stream_dispatch_app_data: 436: frame_sync.is_active = 0, is_cb_active = 1
01-18 12:50:48.165 I/QCamera (  722): <MCI><INFO> mm_stream_dispatch_app_data: 457: Enter callback by blackjoe
01-18 12:50:48.167 E/mm-camera(  722): <STATS_AIS ><ERROR> 1316: dsps_process_response_gyro: Query request denied, error code = 5, QId_valid = 1, QueryId = 0x70a, AckNak_valid = 1, AckNak = 3
01-18 12:50:48.179 E/QCamera (  722): <MCI><ERROR> mm_stream_data_notify: 337: E, my_handle = 0x4301, fd = 78, state = 6 blackjoe
01-18 12:50:48.179 E/QCamera (  722): <MCI><ERROR> mm_stream_read_msm_frame: 1723: E, my_handle = 0x4301, fd = 78, state = 6 blackjoe
01-18 12:50:48.180 E/mm-camera(  722): <SENSOR><ERROR> 4883: sensor_get_frame_duration: resolution is invalid, it seems stream has stopped.
01-18 12:50:48.180 I/QCamera (  722): <MCI><INFO> mm_stream_read_msm_frame: 1770: VIDIOC_DQBUF buf_index 10, frame_idx 7, stream type 8, rc 0,queued: 3, buf_type = 0 flags = 8192 FD = 78 my_num 0 buf fd 137
01-18 12:50:48.180 E/QCamera (  722): <MCI><ERROR> mm_stream_read_msm_frame: 1790: X rc = 0
01-18 12:50:48.180 E/mm-camera(  722): <SENSOR><ERROR> 884: sensor_fc_report_meta: Failed to get frame duration
01-18 12:50:48.180 I/QCamera (  722): <MCI><INFO> mm_stream_handle_rcvd_buf: 220: E, my_handle = 0x4301, fd = 78, state = 6
01-18 12:50:48.180 E/mm-camera(  722): <SENSOR><ERROR> 4805: sensor_get_exposure_time: resolution is invalid, it seems stream has stopped.
01-18 12:50:48.180 E/mm-camera(  722): <SENSOR><ERROR> 904: sensor_fc_report_meta: Failed to get exposure time
01-18 12:50:48.180 I/QCamera (  722): <MCI><INFO> mm_stream_handle_rcvd_buf: 244: has cb and it is active by blackjoe
01-18 12:50:48.180 I/QCamera (  722): <MCI><INFO> mm_stream_dispatch_app_data: 415: E, my_handle = 0x4301, fd = 78, state = 6
01-18 12:50:48.180 I/QCamera (  722): <MCI><INFO> mm_stream_dispatch_app_data: 436: frame_sync.is_active = 0, is_cb_active = 1
01-18 12:50:48.180 I/QCamera (  722): <MCI><INFO> mm_stream_dispatch_app_data: 457: Enter callback by blackjoe
01-18 12:50:48.180 E/mm-camera(  722): <MCT   ><ERROR> 2722: mct_stream_process_bus_msg: Check the runing function blackjoe 
01-18 12:50:48.180 E/mm-camera(  722): <MCT   ><ERROR> 2755: mct_stream_process_bus_msg: isp_sof_bus_msg is 0xecac1690
01-18 12:50:48.181 E/mm-camera(  722): <MCT   ><ERROR> 2757: mct_stream_process_bus_msg: frameid is 8 hal_version is 3
01-18 12:50:48.181 E/mm-camera(  722): <MCT   ><ERROR> 2759: mct_stream_process_bus_msg: kstate_ptr is 0xe9d5f254, isp_kstate_ptr is 0xeda49000
01-18 12:50:48.181 E/mm-camera(  722): <MCT   ><ERROR> 2765: mct_stream_process_bus_msg: frame_id is 8
01-18 12:50:48.181 E/QCamera (  722): <MCI><ERROR> mm_stream_data_notify: 337: E, my_handle = 0x4200, fd = 69, state = 6 blackjoe
01-18 12:50:48.181 E/QCamera (  722): <MCI><ERROR> mm_stream_read_msm_frame: 1723: E, my_handle = 0x4200, fd = 69, state = 6 blackjoe
01-18 12:50:48.182 I/QCamera (  722): <MCI><INFO> mm_stream_read_msm_frame: 1770: VIDIOC_DQBUF buf_index 7, frame_idx 7, stream type 7, rc 0,queued: 17, buf_type = 0 flags = 8192 FD = 69 my_num 0 buf fd 96
01-18 12:50:48.182 E/QCamera (  722): <MCI><ERROR> mm_stream_read_msm_frame: 1790: X rc = 0
01-18 12:50:48.182 I/QCamera (  722): <MCI><INFO> mm_stream_handle_rcvd_buf: 220: E, my_handle = 0x4200, fd = 69, state = 6
01-18 12:50:48.182 I/QCamera (  722): <MCI><INFO> mm_stream_handle_rcvd_buf: 244: has cb and it is active by blackjoe
01-18 12:50:48.182 I/QCamera (  722): <MCI><INFO> mm_stream_dispatch_app_data: 415: E, my_handle = 0x4200, fd = 69, state = 6
01-18 12:50:48.182 I/QCamera (  722): <MCI><INFO> mm_stream_dispatch_app_data: 436: frame_sync.is_active = 0, is_cb_active = 1
01-18 12:50:48.182 I/QCamera (  722): <MCI><INFO> mm_stream_dispatch_app_data: 457: Enter callback by blackjoe
01-18 12:50:48.188 E/        (    0): frame_src is 1 frame_id is 8 blackjoe
01-18 12:50:48.187 E/mm-camera(  722): <STATS_AIS ><ERROR> 1316: dsps_process_response_gyro: Query request denied, error code = 5, QId_valid = 1, QueryId = 0x80a, AckNak_valid = 1, AckNak = 3
01-18 12:50:48.196 E/QCamera (  722): <MCI><ERROR> mm_stream_data_notify: 337: E, my_handle = 0x4301, fd = 78, state = 6 blackjoe
01-18 12:50:48.196 E/mm-camera(  722): <SENSOR><ERROR> 4883: sensor_get_frame_duration: resolution is invalid, it seems stream has stopped.
01-18 12:50:48.196 E/QCamera (  722): <MCI><ERROR> mm_stream_read_msm_frame: 1723: E, my_handle = 0x4301, fd = 78, state = 6 blackjoe
01-18 12:50:48.196 E/mm-camera(  722): <SENSOR><ERROR> 884: sensor_fc_report_meta: Failed to get frame duration
01-18 12:50:48.196 E/mm-camera(  722): <SENSOR><ERROR> 4805: sensor_get_exposure_time: resolution is invalid, it seems stream has stopped.
01-18 12:50:48.196 I/QCamera (  722): <MCI><INFO> mm_stream_read_msm_frame: 1770: VIDIOC_DQBUF buf_index 11, frame_idx 8, stream type 8, rc 0,queued: 2, buf_type = 0 flags = 8192 FD = 78 my_num 0 buf fd 140
01-18 12:50:48.196 E/mm-camera(  722): <SENSOR><ERROR> 904: sensor_fc_report_meta: Failed to get exposure time
01-18 12:50:48.196 E/QCamera (  722): <MCI><ERROR> mm_stream_read_msm_frame: 1790: X rc = 0
01-18 12:50:48.197 I/QCamera (  722): <MCI><INFO> mm_stream_handle_rcvd_buf: 220: E, my_handle = 0x4301, fd = 78, state = 6
01-18 12:50:48.197 I/QCamera (  722): <MCI><INFO> mm_stream_handle_rcvd_buf: 244: has cb and it is active by blackjoe
01-18 12:50:48.197 I/QCamera (  722): <MCI><INFO> mm_stream_dispatch_app_data: 415: E, my_handle = 0x4301, fd = 78, state = 6
01-18 12:50:48.197 I/QCamera (  722): <MCI><INFO> mm_stream_dispatch_app_data: 436: frame_sync.is_active = 0, is_cb_active = 1
01-18 12:50:48.197 E/mm-camera(  722): <MCT   ><ERROR> 2722: mct_stream_process_bus_msg: Check the runing function blackjoe 
01-18 12:50:48.197 I/QCamera (  722): <MCI><INFO> mm_stream_dispatch_app_data: 457: Enter callback by blackjoe
01-18 12:50:48.197 E/mm-camera(  722): <MCT   ><ERROR> 2755: mct_stream_process_bus_msg: isp_sof_bus_msg is 0xecac1690
01-18 12:50:48.197 E/mm-camera(  722): <MCT   ><ERROR> 2757: mct_stream_process_bus_msg: frameid is 9 hal_version is 3
01-18 12:50:48.197 E/mm-camera(  722): <MCT   ><ERROR> 2759: mct_stream_process_bus_msg: kstate_ptr is 0xe9d5f254, isp_kstate_ptr is 0xeda49000
01-18 12:50:48.197 E/mm-camera(  722): <MCT   ><ERROR> 2765: mct_stream_process_bus_msg: frame_id is 9
01-18 12:50:48.198 E/QCamera (  722): <MCI><ERROR> mm_stream_data_notify: 337: E, my_handle = 0x4200, fd = 69, state = 6 blackjoe
01-18 12:50:48.198 E/QCamera (  722): <MCI><ERROR> mm_stream_read_msm_frame: 1723: E, my_handle = 0x4200, fd = 69, state = 6 blackjoe
01-18 12:50:48.198 I/QCamera (  722): <MCI><INFO> mm_stream_read_msm_frame: 1770: VIDIOC_DQBUF buf_index 8, frame_idx 8, stream type 7, rc 0,queued: 17, buf_type = 0 flags = 8192 FD = 69 my_num 0 buf fd 98
01-18 12:50:48.198 E/QCamera (  722): <MCI><ERROR> mm_stream_read_msm_frame: 1790: X rc = 0
01-18 12:50:48.198 I/QCamera (  722): <MCI><INFO> mm_stream_handle_rcvd_buf: 220: E, my_handle = 0x4200, fd = 69, state = 6
01-18 12:50:48.198 I/QCamera (  722): <MCI><INFO> mm_stream_handle_rcvd_buf: 244: has cb and it is active by blackjoe
01-18 12:50:48.199 I/QCamera (  722): <MCI><INFO> mm_stream_dispatch_app_data: 415: E, my_handle = 0x4200, fd = 69, state = 6
01-18 12:50:48.199 I/QCamera (  722): <MCI><INFO> mm_stream_dispatch_app_data: 436: frame_sync.is_active = 0, is_cb_active = 1
01-18 12:50:48.199 I/QCamera (  722): <MCI><INFO> mm_stream_dispatch_app_data: 457: Enter callback by blackjoe
01-18 12:50:48.201 D/msm8974_platform(  718): platform_set_channel_map mixer_ctl_name:Playback Channel Map13
01-18 12:50:48.201 D/msm8974_platform(  718): platform_set_channel_map: set mapping(1 2 0 0 0 0 0 0) for channel:2
01-18 12:50:48.202 E/mm-camera(  722): <STATS_AIS ><ERROR> 1316: dsps_process_response_gyro: Query request denied, error code = 5, QId_valid = 1, QueryId = 0x90a, AckNak_valid = 1, AckNak = 3
01-18 12:50:48.203 D/audio_hw_primary(  718): start_output_stream: stream_handle(0xf1a864c0) usecase(1: low-latency-playback) out_snd_device(2: speaker)             acdb_id(14) sample_rate(48000) channel_mask(0x3) app_type(69937)             audio_mode(0 : MODE_NORMAL) out_flags(0x6 : OUTPUT_FLAG_PRIMARY|OUTPUT_FLAG_FAST) out_devices(0x2 : OUT_SPEAKER) 
01-18 12:50:48.204 D/audio_hw_primary(  718): start_output_stream: exit
01-18 12:50:48.204 D/audio_hw_primary(  718): out_write: retry previous failed cal level set
01-18 12:50:48.204 D/ACDB-LOADER(  718): ACDB -> send_audvoltable
01-18 12:50:48.204 D/ACDB-LOADER(  718): ACDB -> ACDB_CMD_GET_AUDPROC_GAIN_DEP_STEP_TABLE_SIZE
01-18 12:50:48.204 D/ACDB-LOADER(  718): ACDB -> ACDB_CMD_GET_AUDPROC_GAIN_DEP_STEP_TABLE, vol index 5
01-18 12:50:48.204 D/ACDB-LOADER(  718): ACDB -> AUDIO_SET_VOL_CAL cal type = 40
01-18 12:50:48.213 E/mm-camera(  722): <SENSOR><ERROR> 4883: sensor_get_frame_duration: resolution is invalid, it seems stream has stopped.
01-18 12:50:48.213 E/QCamera (  722): <MCI><ERROR> mm_stream_data_notify: 337: E, my_handle = 0x4301, fd = 78, state = 6 blackjoe
01-18 12:50:48.213 E/mm-camera(  722): <SENSOR><ERROR> 884: sensor_fc_report_meta: Failed to get frame duration
01-18 12:50:48.213 E/mm-camera(  722): <SENSOR><ERROR> 4805: sensor_get_exposure_time: resolution is invalid, it seems stream has stopped.
01-18 12:50:48.213 E/QCamera (  722): <MCI><ERROR> mm_stream_read_msm_frame: 1723: E, my_handle = 0x4301, fd = 78, state = 6 blackjoe
01-18 12:50:48.213 E/mm-camera(  722): <SENSOR><ERROR> 904: sensor_fc_report_meta: Failed to get exposure time
01-18 12:50:48.213 I/QCamera (  722): <MCI><INFO> mm_stream_read_msm_frame: 1770: VIDIOC_DQBUF buf_index 6, frame_idx 9, stream type 8, rc 0,queued: 1, buf_type = 0 flags = 8192 FD = 78 my_num 0 buf fd 76
01-18 12:50:48.213 E/mm-camera(  722): <MCT   ><ERROR> 2722: mct_stream_process_bus_msg: Check the runing function blackjoe 
01-18 12:50:48.213 E/QCamera (  722): <MCI><ERROR> mm_stream_read_msm_frame: 1790: X rc = 0
01-18 12:50:48.214 E/mm-camera(  722): <MCT   ><ERROR> 2755: mct_stream_process_bus_msg: isp_sof_bus_msg is 0xecac1690
01-18 12:50:48.214 E/mm-camera(  722): <MCT   ><ERROR> 2757: mct_stream_process_bus_msg: frameid is 10 hal_version is 3
01-18 12:50:48.214 I/QCamera (  722): <MCI><INFO> mm_stream_handle_rcvd_buf: 220: E, my_handle = 0x4301, fd = 78, state = 6
01-18 12:50:48.214 E/mm-camera(  722): <MCT   ><ERROR> 2759: mct_stream_process_bus_msg: kstate_ptr is 0xe9d5f254, isp_kstate_ptr is 0xeda49000
01-18 12:50:48.214 E/mm-camera(  722): <MCT   ><ERROR> 2765: mct_stream_process_bus_msg: frame_id is 10
01-18 12:50:48.214 I/QCamera (  722): <MCI><INFO> mm_stream_handle_rcvd_buf: 244: has cb and it is active by blackjoe
01-18 12:50:48.214 I/QCamera (  722): <MCI><INFO> mm_stream_dispatch_app_data: 415: E, my_handle = 0x4301, fd = 78, state = 6
01-18 12:50:48.214 E/QCamera (  722): <MCI><ERROR> mm_stream_data_notify: 337: E, my_handle = 0x4200, fd = 69, state = 6 blackjoe
01-18 12:50:48.214 I/QCamera (  722): <MCI><INFO> mm_stream_dispatch_app_data: 436: frame_sync.is_active = 0, is_cb_active = 1
01-18 12:50:48.214 I/QCamera (  722): <MCI><INFO> mm_stream_dispatch_app_data: 457: Enter callback by blackjoe
01-18 12:50:48.214 E/QCamera (  722): <MCI><ERROR> mm_stream_read_msm_frame: 1723: E, my_handle = 0x4200, fd = 69, state = 6 blackjoe
01-18 12:50:48.215 I/QCamera (  722): <MCI><INFO> mm_stream_read_msm_frame: 1770: VIDIOC_DQBUF buf_index 9, frame_idx 9, stream type 7, rc 0,queued: 17, buf_type = 0 flags = 8192 FD = 69 my_num 0 buf fd 100
01-18 12:50:48.215 E/QCamera (  722): <MCI><ERROR> mm_stream_read_msm_frame: 1790: X rc = 0
01-18 12:50:48.215 I/QCamera (  722): <MCI><INFO> mm_stream_handle_rcvd_buf: 220: E, my_handle = 0x4200, fd = 69, state = 6
01-18 12:50:48.215 I/QCamera (  722): <MCI><INFO> mm_stream_handle_rcvd_buf: 244: has cb and it is active by blackjoe
01-18 12:50:48.215 I/QCamera (  722): <MCI><INFO> mm_stream_dispatch_app_data: 415: E, my_handle = 0x4200, fd = 69, state = 6
01-18 12:50:48.216 I/QCamera (  722): <MCI><INFO> mm_stream_dispatch_app_data: 436: frame_sync.is_active = 0, is_cb_active = 1
01-18 12:50:48.216 I/QCamera (  722): <MCI><INFO> mm_stream_dispatch_app_data: 457: Enter callback by blackjoe
01-18 12:50:48.218 E/mm-camera(  722): <STATS_AIS ><ERROR> 1316: dsps_process_response_gyro: Query request denied, error code = 5, QId_valid = 1, QueryId = 0xa0a, AckNak_valid = 1, AckNak = 3
01-18 12:50:48.229 E/QCamera (  722): <MCI><ERROR> mm_stream_data_notify: 337: E, my_handle = 0x4301, fd = 78, state = 6 blackjoe
01-18 12:50:48.229 E/QCamera (  722): <MCI><ERROR> mm_stream_read_msm_frame: 1723: E, my_handle = 0x4301, fd = 78, state = 6 blackjoe
01-18 12:50:48.229 E/mm-camera(  722): <SENSOR><ERROR> 4883: sensor_get_frame_duration: resolution is invalid, it seems stream has stopped.
01-18 12:50:48.230 E/mm-camera(  722): <SENSOR><ERROR> 884: sensor_fc_report_meta: Failed to get frame duration
01-18 12:50:48.230 I/QCamera (  722): <MCI><INFO> mm_stream_read_msm_frame: 1770: VIDIOC_DQBUF buf_index 7, frame_idx 10, stream type 8, rc 0,queued: 0, buf_type = 0 flags = 8192 FD = 78 my_num 0 buf fd 128
01-18 12:50:48.230 E/mm-camera(  722): <SENSOR><ERROR> 4805: sensor_get_exposure_time: resolution is invalid, it seems stream has stopped.
01-18 12:50:48.230 E/QCamera (  722): <MCI><ERROR> mm_stream_read_msm_frame: 1790: X rc = 0
01-18 12:50:48.230 E/mm-camera(  722): <SENSOR><ERROR> 904: sensor_fc_report_meta: Failed to get exposure time
01-18 12:50:48.230 I/QCamera (  722): <MCI><INFO> mm_stream_handle_rcvd_buf: 220: E, my_handle = 0x4301, fd = 78, state = 6
01-18 12:50:48.230 I/QCamera (  722): <MCI><INFO> mm_stream_handle_rcvd_buf: 244: has cb and it is active by blackjoe
01-18 12:50:48.231 I/QCamera (  722): <MCI><INFO> mm_stream_dispatch_app_data: 415: E, my_handle = 0x4301, fd = 78, state = 6
01-18 12:50:48.231 I/QCamera (  722): <MCI><INFO> mm_stream_dispatch_app_data: 436: frame_sync.is_active = 0, is_cb_active = 1
01-18 12:50:48.231 E/mm-camera(  722): <MCT   ><ERROR> 2722: mct_stream_process_bus_msg: Check the runing function blackjoe 
01-18 12:50:48.231 I/QCamera (  722): <MCI><INFO> mm_stream_dispatch_app_data: 457: Enter callback by blackjoe
01-18 12:50:48.231 E/mm-camera(  722): <MCT   ><ERROR> 2755: mct_stream_process_bus_msg: isp_sof_bus_msg is 0xecac1690
01-18 12:50:48.231 E/mm-camera(  722): <MCT   ><ERROR> 2757: mct_stream_process_bus_msg: frameid is 11 hal_version is 3
01-18 12:50:48.231 E/mm-camera(  722): <MCT   ><ERROR> 2759: mct_stream_process_bus_msg: kstate_ptr is 0xe9d5f254, isp_kstate_ptr is 0xeda49000
01-18 12:50:48.231 E/mm-camera(  722): <MCT   ><ERROR> 2765: mct_stream_process_bus_msg: frame_id is 11
01-18 12:50:48.232 E/QCamera (  722): <MCI><ERROR> mm_stream_data_notify: 337: E, my_handle = 0x4200, fd = 69, state = 6 blackjoe
01-18 12:50:48.232 E/mm-camera(  722): <STATS_AIS ><ERROR> 1316: dsps_process_response_gyro: Query request denied, error code = 5, QId_valid = 1, QueryId = 0xb0a, AckNak_valid = 1, AckNak = 3
01-18 12:50:48.232 E/QCamera (  722): <MCI><ERROR> mm_stream_read_msm_frame: 1723: E, my_handle = 0x4200, fd = 69, state = 6 blackjoe
01-18 12:50:48.233 I/QCamera (  722): <MCI><INFO> mm_stream_read_msm_frame: 1770: VIDIOC_DQBUF buf_index 10, frame_idx 10, stream type 7, rc 0,queued: 17, buf_type = 0 flags = 8192 FD = 69 my_num 0 buf fd 102
01-18 12:50:48.233 E/QCamera (  722): <MCI><ERROR> mm_stream_read_msm_frame: 1790: X rc = 0
01-18 12:50:48.233 I/QCamera (  722): <MCI><INFO> mm_stream_handle_rcvd_buf: 220: E, my_handle = 0x4200, fd = 69, state = 6
01-18 12:50:48.233 I/QCamera (  722): <MCI><INFO> mm_stream_handle_rcvd_buf: 244: has cb and it is active by blackjoe
01-18 12:50:48.234 I/QCamera (  722): <MCI><INFO> mm_stream_dispatch_app_data: 415: E, my_handle = 0x4200, fd = 69, state = 6
01-18 12:50:48.234 I/QCamera (  722): <MCI><INFO> mm_stream_dispatch_app_data: 436: frame_sync.is_active = 0, is_cb_active = 1
01-18 12:50:48.234 I/QCamera (  722): <MCI><INFO> mm_stream_dispatch_app_data: 457: Enter callback by blackjoe
01-18 12:50:48.236 E/ACameraDevice( 4265): onDeviceIdle sending state cb
01-18 12:50:48.236 E/NdkCameraCaptureSession( 4265): ACameraCaptureSession_getDevice: session 0x7bbe9eddd0 is already closed
01-18 12:50:48.236 I/BCReader-JNI( 4265): onReady Getting camera device from session callback failed!
01-18 12:50:48.236 E/NdkCameraDevice( 4265): ACameraDevice_getId: invalid argument! device is null
01-18 12:50:48.236 I/BCReader-JNI( 4265): Session for camera (null) is ready!
01-18 12:50:48.238 I/CameraLatencyHistogram( 1374): Stream 78 dequeueBuffer latency histogram (8) samples:
01-18 12:50:48.238 I/CameraLatencyHistogram( 1374):         5     10     15     20     25     30     35     40     45    inf (max ms)
01-18 12:50:48.238 I/CameraLatencyHistogram( 1374):      100.00   0.00   0.00   0.00   0.00   0.00   0.00   0.00   0.00   0.00 (%)
01-18 12:50:48.238 I/CameraLatencyHistogram( 1374): Stream 78 latency histogram for wait on max_buffers (2) samples:
01-18 12:50:48.238 I/CameraLatencyHistogram( 1374):        33     66     99    132    165    198    231    264    297    inf (max ms)
01-18 12:50:48.238 I/CameraLatencyHistogram( 1374):      50.00   50.00   0.00   0.00   0.00   0.00   0.00   0.00   0.00   0.00 (%)
01-18 12:50:48.241 E/mm-camera(  722): <MCT   ><ERROR> 4828: mct_pipeline_process_serv_msg: pipeline blackjoe data->sessionid 3 pipeline->session 3 msgid 3
01-18 12:50:48.241 E/mm-camera(  722): <MCT   ><ERROR> 4299: mct_pipeline_process_set: command is 0x8000009 blackjoe CAM_PRIV_PARM 0x8000014
01-18 12:50:48.241 I/mm-camera(  722): <MCT   >< INFO> 4302: mct_pipeline_process_set: command=8000009
01-18 12:50:48.242 I/mm-camera(  722): <MCT   >< INFO> 4465: mct_pipeline_process_set:  STREAM-OFF on stream 0x30002 stream type=8
01-18 12:50:48.242 I/mm-camera(  722): <IFACE >< INFO> 1841: iface_streamoff_to_thread: iface_streamoff_to_thread: E, session id = 3, user stream id = 2
01-18 12:50:48.242 I/mm-camera(  722): <IFACE >< INFO> 2472: iface_streamoff: E, session_id 3 mct_stream_id = 2
01-18 12:50:48.242 I/mm-camera(  722): <IFACE >< INFO> 12256: iface_util_get_user_streams_by_bundle: streamoff, first bundled streamoff all bindled streams!
01-18 12:50:48.246 I/mm-camera(  722): <IFACE >< INFO> 2718: iface_streamoff: session_id = 3, active_streams = 0
01-18 12:50:48.246 I/mm-camera(  722): <IFACE >< INFO> 2722: iface_streamoff: all bundled stream streamoff, clear hal bundled mask
01-18 12:50:48.246 I/mm-camera(  722): <IFACE >< INFO> 2727: iface_streamoff: X
01-18 12:50:48.247 I/mm-camera(  722): <IFACE >< INFO> 1867: iface_streamoff_to_thread: iface_streamoff_to_thread: X, session id = 3, user stream id = 2
01-18 12:50:48.247 E/mm-camera(  722): <ISP   ><ERROR> 1197: isp_handler_control_streamoff: Bundle streamon count is less than zero
