--------- beginning of main
01-18 12:47:17.268 D/audio_hw_primary(  718): out_standby: enter: stream (0xf1a864c0) usecase(1: low-latency-playback)
--------- beginning of kernel
01-18 12:47:17.337 I/afe_close(    0): port_id = 0x4000
01-18 12:47:17.343 D/audio_hw_primary(  718): disable_audio_route: reset and update mixer path: low-latency-playback
01-18 12:47:17.346 D/soundtrigger(  718): audio_extn_sound_trigger_update_stream_status: uc_info->id 1 of type 0 for Event 2, with Raise=0
01-18 12:47:17.346 D/hardware_info(  718): hw_info_append_hw_type : device_name = speaker
01-18 12:47:17.346 D/audio_hw_primary(  718): disable_snd_device: snd_device(2: speaker)
01-18 12:47:17.360 I/soundtrigger(  718): audio_extn_sound_trigger_update_device_status: device 0x2 of type 0 for Event 0, with Raise=0
01-18 12:47:17.363 I/system_server( 1670): oneway function results will be dropped but finished with status OK and parcel size 4
01-18 12:47:17.364 E/        (    0): tavil_codec tavil_codec: ASoC: DAPM unknown pin Lineout_3 amp
01-18 12:47:17.368 I/init    (    0): starting service 'smartmu'...
01-18 12:47:17.409 I/init    (    0): starting service 'qccsyshalservice'...
01-18 12:47:17.439 I/init    (    0): starting service 'qccvndhalservice'...
01-18 12:47:17.480 I/qccsyshalservice(26451): Start with system binder
01-18 12:47:17.482 I/qccsyshalservice(26451): Registering qccsyshal service...
01-18 12:47:17.485 I/hwservicemanager(  512): getTransport: Cannot find entry vendor.qti.hardware.qccsyshal@1.0::IQccsyshal/qccsyshal in either framework or device manifest.
01-18 12:47:17.486 E/HidlServiceManagement(26451): Service vendor.qti.hardware.qccsyshal@1.0::IQccsyshal/qccsyshal must be in VINTF manifest in order to register/get.
01-18 12:47:17.487 E/qccsyshalservice(26451): [ERROR] registerAsService() failed with status: -2147483648
01-18 12:47:17.500 D/SMARTMU (26450): #(26450) [ main.cpp : 25] SmartMU Version , 
01-18 12:47:17.502 E/AsymmetricDecrypt(26450): [AsymmetricDecrypt::acquireKeyFile] KeyPath - /system/vendor/keys/TC52AXANF/proxyframework 
01-18 12:47:17.505 E/AsymmetricDecrypt(26450): [AsymmetricDecrypt::ObtainSeedText] Buffer - Zebra Technologies/TC52AXANF/TC52AX/proxyframework 
01-18 12:47:17.510 I/init    (    0): Service 'qccsyshalservice' (pid 26451) exited with status 1
01-18 12:47:17.505 E/AsymmetricDecrypt(26450): [AsymmetricDecrypt::NativeAuthenticate] Authentication failed. zDecodedText returned by ReadAndDecodeEncryptedText = Zebra Technologies/TC52AX/TC52AX/proxyframework, zBuf returned by ObtainSeedText = Zebra Technologies/TC52AXANF/TC52AX/proxyframework
01-18 12:47:17.505 D/SMARTMU (26450): #(26450) [ main.cpp : 31] Authentication failed
01-18 12:47:17.510 I/init    (    0): Sending signal 9 to service 'qccsyshalservice' (pid 26451) process group...
01-18 12:47:17.511 I/libprocessgroup(    0): Successfully killed process cgroup uid 1000 pid 26451 in 0ms
01-18 12:47:17.501 I/vendor.qti.hard(26452): type=1400 audit(0.0:11194): avc: denied { search } for name="/" dev="sda10" ino=2 scontext=u:r:vendor_hal_qccvndhal_qti:s0 tcontext=u:object_r:factory_file:s0 tclass=dir permissive=1
01-18 12:47:17.529 I/init    (    0): Service 'smartmu' (pid 26450) exited with status 0
01-18 12:47:17.529 I/init    (    0): Sending signal 9 to service 'smartmu' (pid 26450) process group...
01-18 12:47:17.530 I/libprocessgroup(    0): Successfully killed process cgroup uid 0 pid 26450 in 0ms
01-18 12:47:17.550 I/vendor.qti.hardware.qccvndhal@1.0-service(26452): Start with vendor binder
01-18 12:47:17.551 I/vendor.qti.hardware.qccvndhal@1.0-service(26452): Registering qccvndhal service...
01-18 12:47:17.554 I/hwservicemanager(  512): getTransport: Cannot find entry vendor.qti.hardware.qccvndhal@1.0::IQccvndhal/qccvndhal in either framework or device manifest.
01-18 12:47:17.555 E/HidlServiceManagement(26452): Service vendor.qti.hardware.qccvndhal@1.0::IQccvndhal/qccvndhal must be in VINTF manifest in order to register/get.
01-18 12:47:17.555 E/vendor.qti.hardware.qccvndhal@1.0-service(26452): [ERROR] registerAsService() failed with status: -2147483648
01-18 12:47:17.572 I/init    (    0): Service 'qccvndhalservice' (pid 26452) exited with status 1
01-18 12:47:18.954 W/healthd (    0): battery l=42 v=3548 t=42.0 h=2 st=2 c=-372558 fc=4008000 cc=2 chg=u
--------- beginning of system
01-18 12:47:18.985 D/BatteryService( 1670): level : 42 / status : 2/Health : 2/Decommission : 0
01-18 12:47:18.989 D/BatterySwapServ( 3346): onReceive BATTERY_CHANGED
01-18 12:47:18.989 D/BatterySwapServ( 3346): battery changed: present=true level=42 plugType=2 shutdownLevel=4 batteryType = 201 serialnumber =T6560
01-18 12:47:18.989 W/ContextImpl( 3183): Calling a method in the system process without a qualified user: android.app.ContextImpl.startService:1669 android.content.ContextWrapper.startService:720 com.symbol.batterymanager.model.BatteryManagerReceiver.startBatteryApplicationService:81 com.symbol.batterymanager.model.BatteryManagerReceiver.onReceive:47 android.app.LoadedApk$ReceiverDispatcher$Args.lambda$getRunnable$0$LoadedApk$ReceiverDispatcher$Args:1580 
01-18 12:47:18.990 D/UsbCradleMode(20319): onReceive:Battery change, status:2
01-18 12:47:18.992 D/HighTemperatureReceiver(11246): Receive action: android.intent.action.BATTERY_CHANGED
01-18 12:47:18.992 V/BatteryApplicationService( 3183): BatteryType  201
01-18 12:47:18.995 D/com.symbol.dataanalytics.a.a.d.b( 4979): Received battery event
01-18 12:47:18.995 D/com.symbol.dataanalytics.a.a.d.b( 4979): BatteryFactory event action = android.intent.action.BATTERY_CHANGED
01-18 12:47:19.011 D/BatteryService( 1670): level : 42 / status : 2/Health : 2/Decommission : 0
01-18 12:47:19.014 D/BatterySwapServ( 3346): onReceive BATTERY_CHANGED
01-18 12:47:19.014 D/BatterySwapServ( 3346): battery changed: present=true level=42 plugType=2 shutdownLevel=4 batteryType = 201 serialnumber =T6560
01-18 12:47:19.014 D/com.symbol.dataanalytics.a.a.d.b( 4979): Received battery event
01-18 12:47:19.015 D/com.symbol.dataanalytics.a.a.d.b( 4979): BatteryFactory event action = android.intent.action.BATTERY_CHANGED
01-18 12:47:19.015 D/HighTemperatureReceiver(11246): Receive action: android.intent.action.BATTERY_CHANGED
01-18 12:47:19.016 D/UsbCradleMode(20319): onReceive:Battery change, status:2
01-18 12:47:19.018 W/ContextImpl( 3183): Calling a method in the system process without a qualified user: android.app.ContextImpl.startService:1669 android.content.ContextWrapper.startService:720 com.symbol.batterymanager.model.BatteryManagerReceiver.startBatteryApplicationService:81 com.symbol.batterymanager.model.BatteryManagerReceiver.onReceive:47 android.app.LoadedApk$ReceiverDispatcher$Args.lambda$getRunnable$0$LoadedApk$ReceiverDispatcher$Args:1580 
01-18 12:47:19.021 V/BatteryApplicationService( 3183): BatteryType  201
01-18 12:47:19.037 D/BatteryService( 1670): level : 42 / status : 2/Health : 2/Decommission : 0
01-18 12:47:19.041 W/ContextImpl( 3183): Calling a method in the system process without a qualified user: android.app.ContextImpl.startService:1669 android.content.ContextWrapper.startService:720 com.symbol.batterymanager.model.BatteryManagerReceiver.startBatteryApplicationService:81 com.symbol.batterymanager.model.BatteryManagerReceiver.onReceive:47 android.app.LoadedApk$ReceiverDispatcher$Args.lambda$getRunnable$0$LoadedApk$ReceiverDispatcher$Args:1580 
01-18 12:47:19.041 D/com.symbol.dataanalytics.a.a.d.b( 4979): Received battery event
01-18 12:47:19.041 D/BatterySwapServ( 3346): onReceive BATTERY_CHANGED
01-18 12:47:19.042 D/com.symbol.dataanalytics.a.a.d.b( 4979): BatteryFactory event action = android.intent.action.BATTERY_CHANGED
01-18 12:47:19.042 D/BatterySwapServ( 3346): battery changed: present=true level=42 plugType=2 shutdownLevel=4 batteryType = 201 serialnumber =T6560
01-18 12:47:19.042 D/HighTemperatureReceiver(11246): Receive action: android.intent.action.BATTERY_CHANGED
01-18 12:47:19.042 D/UsbCradleMode(20319): onReceive:Battery change, status:2
01-18 12:47:19.044 D/BatteryService( 1670): level : 42 / status : 2/Health : 2/Decommission : 0
01-18 12:47:19.044 V/BatteryApplicationService( 3183): BatteryType  201
01-18 12:47:19.047 D/BatterySwapServ( 3346): onReceive BATTERY_CHANGED
01-18 12:47:19.047 D/BatterySwapServ( 3346): battery changed: present=true level=42 plugType=2 shutdownLevel=4 batteryType = 201 serialnumber =T6560
01-18 12:47:19.048 W/ContextImpl( 3183): Calling a method in the system process without a qualified user: android.app.ContextImpl.startService:1669 android.content.ContextWrapper.startService:720 com.symbol.batterymanager.model.BatteryManagerReceiver.startBatteryApplicationService:81 com.symbol.batterymanager.model.BatteryManagerReceiver.onReceive:47 android.app.LoadedApk$ReceiverDispatcher$Args.lambda$getRunnable$0$LoadedApk$ReceiverDispatcher$Args:1580 
01-18 12:47:19.049 D/OSUService( 3114): dev-dbg:is_charging current_now -372558, batteryLevel: 42, isCharging(isCharging): true
01-18 12:47:19.049 D/OSUService( 3114): dev-dbg:is_charging ADAPTER_CHARGE_LIMIIT 500000
01-18 12:47:19.049 D/OSUService( 3114): dev-dbg:is_charging current_now > ADAPTER_CHARGE_LIMIIT false
01-18 12:47:19.049 D/OSUService( 3114): dev-dbg:is_charging conditionCheck false
01-18 12:47:19.050 D/OSUService( 3114): dev-dbg: battery change intent batteryLevel: 42, is_charging(context): true, STATE: 1
01-18 12:47:19.050 D/UsbCradleMode(20319): onReceive:Battery change, status:2
01-18 12:47:19.050 D/HighTemperatureReceiver(11246): Receive action: android.intent.action.BATTERY_CHANGED
01-18 12:47:19.051 D/KeyguardUpdateMonitor( 1897): received broadcast android.intent.action.BATTERY_CHANGED
01-18 12:47:19.047 D/com.symbol.dataanalytics.a.a.d.b( 4979): Received battery event
01-18 12:47:19.051 D/com.symbol.dataanalytics.a.a.d.b( 4979): BatteryFactory event action = android.intent.action.BATTERY_CHANGED
01-18 12:47:19.052 V/BatteryApplicationService( 3183): BatteryType  201
01-18 12:47:19.066 D/BatteryService( 1670): level : 42 / status : 2/Health : 2/Decommission : 0
01-18 12:47:19.070 D/BatterySwapServ( 3346): onReceive BATTERY_CHANGED
01-18 12:47:19.071 D/BatterySwapServ( 3346): battery changed: present=true level=42 plugType=2 shutdownLevel=4 batteryType = 201 serialnumber =T6560
01-18 12:47:19.072 D/UsbCradleMode(20319): onReceive:Battery change, status:2
01-18 12:47:19.072 W/ContextImpl( 3183): Calling a method in the system process without a qualified user: android.app.ContextImpl.startService:1669 android.content.ContextWrapper.startService:720 com.symbol.batterymanager.model.BatteryManagerReceiver.startBatteryApplicationService:81 com.symbol.batterymanager.model.BatteryManagerReceiver.onReceive:47 android.app.LoadedApk$ReceiverDispatcher$Args.lambda$getRunnable$0$LoadedApk$ReceiverDispatcher$Args:1580 
01-18 12:47:19.072 D/HighTemperatureReceiver(11246): Receive action: android.intent.action.BATTERY_CHANGED
01-18 12:47:19.073 D/com.symbol.dataanalytics.a.a.d.b( 4979): Received battery event
01-18 12:47:19.073 D/com.symbol.dataanalytics.a.a.d.b( 4979): BatteryFactory event action = android.intent.action.BATTERY_CHANGED
01-18 12:47:19.074 D/KeyguardUpdateMonitor( 1897): received broadcast android.intent.action.BATTERY_CHANGED
01-18 12:47:19.078 I/chatty  ( 1897): uid=10184(com.android.systemui) identical 1 line
01-18 12:47:19.083 D/KeyguardUpdateMonitor( 1897): received broadcast android.intent.action.BATTERY_CHANGED
01-18 12:47:19.083 D/KeyguardUpdateMonitor( 1897): handleBatteryUpdate
01-18 12:47:19.086 V/BatteryApplicationService( 3183): BatteryType  201
01-18 12:47:19.097 D/BatteryService( 1670): level : 42 / status : 2/Health : 2/Decommission : 0
01-18 12:47:19.098 D/KeyguardUpdateMonitor( 1897): received broadcast android.intent.action.BATTERY_CHANGED
01-18 12:47:19.098 D/KeyguardUpdateMonitor( 1897): handleBatteryUpdate
01-18 12:47:19.099 I/chatty  ( 1897): uid=10184(com.android.systemui) identical 1 line
01-18 12:47:19.099 D/KeyguardUpdateMonitor( 1897): handleBatteryUpdate
01-18 12:47:19.100 D/BatterySwapServ( 3346): onReceive BATTERY_CHANGED
01-18 12:47:19.100 D/BatterySwapServ( 3346): battery changed: present=true level=42 plugType=2 shutdownLevel=4 batteryType = 201 serialnumber =T6560
01-18 12:47:19.101 D/UsbCradleMode(20319): onReceive:Battery change, status:2
01-18 12:47:19.101 W/ContextImpl( 3183): Calling a method in the system process without a qualified user: android.app.ContextImpl.startService:1669 android.content.ContextWrapper.startService:720 com.symbol.batterymanager.model.BatteryManagerReceiver.startBatteryApplicationService:81 com.symbol.batterymanager.model.BatteryManagerReceiver.onReceive:47 android.app.LoadedApk$ReceiverDispatcher$Args.lambda$getRunnable$0$LoadedApk$ReceiverDispatcher$Args:1580 
01-18 12:47:19.101 D/HighTemperatureReceiver(11246): Receive action: android.intent.action.BATTERY_CHANGED
01-18 12:47:19.102 D/com.symbol.dataanalytics.a.a.d.b( 4979): Received battery event
01-18 12:47:19.102 D/com.symbol.dataanalytics.a.a.d.b( 4979): BatteryFactory event action = android.intent.action.BATTERY_CHANGED
01-18 12:47:19.106 D/KeyguardUpdateMonitor( 1897): handleBatteryUpdate
01-18 12:47:19.106 V/BatteryApplicationService( 3183): BatteryType  201
01-18 12:47:19.108 D/OSUService( 3114): dev-dbg:is_charging current_now -372558, batteryLevel: 42, isCharging(isCharging): true
01-18 12:47:19.108 D/OSUService( 3114): dev-dbg:is_charging ADAPTER_CHARGE_LIMIIT 500000
01-18 12:47:19.108 D/OSUService( 3114): dev-dbg:is_charging current_now > ADAPTER_CHARGE_LIMIIT false
01-18 12:47:19.108 D/OSUService( 3114): dev-dbg:is_charging conditionCheck false
01-18 12:47:19.108 D/OSUService( 3114): dev-dbg: calling for resume
01-18 12:47:19.108 I/OSUService( 3114): handle_ab_resume -1 3
01-18 12:47:19.108 I/OSUService( 3114): handle_ab_resume state 1 last_state 0
01-18 12:47:19.108 E/OSUService( 3114): Can't resume - there are no update in suspended state
01-18 12:47:19.108 D/OSUService( 3114): dev-dbg: battery change intent finished
01-18 12:47:19.122 D/KeyguardUpdateMonitor( 1897): received broadcast android.intent.action.BATTERY_CHANGED
01-18 12:47:19.128 D/KeyguardUpdateMonitor( 1897): handleBatteryUpdate
01-18 12:47:19.164 D/OSUService( 3114): dev-dbg:is_charging current_now -372558, batteryLevel: 42, isCharging(isCharging): true
01-18 12:47:19.165 D/OSUService( 3114): dev-dbg:is_charging ADAPTER_CHARGE_LIMIIT 500000
01-18 12:47:19.165 D/OSUService( 3114): dev-dbg:is_charging current_now > ADAPTER_CHARGE_LIMIIT false
01-18 12:47:19.165 D/OSUService( 3114): dev-dbg:is_charging conditionCheck false
01-18 12:47:19.165 D/OSUService( 3114): dev-dbg: battery change intent batteryLevel: 42, is_charging(context): true, STATE: 1
01-18 12:47:19.200 D/OSUService( 3114): dev-dbg:is_charging current_now -372558, batteryLevel: 42, isCharging(isCharging): true
01-18 12:47:19.200 D/OSUService( 3114): dev-dbg:is_charging ADAPTER_CHARGE_LIMIIT 500000
01-18 12:47:19.200 D/OSUService( 3114): dev-dbg:is_charging current_now > ADAPTER_CHARGE_LIMIIT false
01-18 12:47:19.200 D/OSUService( 3114): dev-dbg:is_charging conditionCheck false
01-18 12:47:19.200 D/OSUService( 3114): dev-dbg: calling for resume
01-18 12:47:19.200 I/OSUService( 3114): handle_ab_resume -1 3
01-18 12:47:19.200 I/OSUService( 3114): handle_ab_resume state 1 last_state 0
01-18 12:47:19.200 E/OSUService( 3114): Can't resume - there are no update in suspended state
01-18 12:47:19.200 D/OSUService( 3114): dev-dbg: battery change intent finished
01-18 12:47:19.218 D/OSUService( 3114): dev-dbg:is_charging current_now -372558, batteryLevel: 42, isCharging(isCharging): true
01-18 12:47:19.218 D/OSUService( 3114): dev-dbg:is_charging ADAPTER_CHARGE_LIMIIT 500000
01-18 12:47:19.218 D/OSUService( 3114): dev-dbg:is_charging current_now > ADAPTER_CHARGE_LIMIIT false
01-18 12:47:19.219 D/OSUService( 3114): dev-dbg:is_charging conditionCheck false
01-18 12:47:19.219 D/OSUService( 3114): dev-dbg: battery change intent batteryLevel: 42, is_charging(context): true, STATE: 1
01-18 12:47:19.222 D/OSUService( 3114): dev-dbg:is_charging current_now -372558, batteryLevel: 42, isCharging(isCharging): true
01-18 12:47:19.222 D/OSUService( 3114): dev-dbg:is_charging ADAPTER_CHARGE_LIMIIT 500000
01-18 12:47:19.222 D/OSUService( 3114): dev-dbg:is_charging current_now > ADAPTER_CHARGE_LIMIIT false
01-18 12:47:19.222 D/OSUService( 3114): dev-dbg:is_charging conditionCheck false
01-18 12:47:19.222 D/OSUService( 3114): dev-dbg: calling for resume
01-18 12:47:19.222 I/OSUService( 3114): handle_ab_resume -1 3
01-18 12:47:19.222 I/OSUService( 3114): handle_ab_resume state 1 last_state 0
01-18 12:47:19.222 E/OSUService( 3114): Can't resume - there are no update in suspended state
01-18 12:47:19.223 D/OSUService( 3114): dev-dbg: battery change intent finished
01-18 12:47:19.224 D/OSUService( 3114): dev-dbg:is_charging current_now -372558, batteryLevel: 42, isCharging(isCharging): true
01-18 12:47:19.225 D/OSUService( 3114): dev-dbg:is_charging ADAPTER_CHARGE_LIMIIT 500000
01-18 12:47:19.225 D/OSUService( 3114): dev-dbg:is_charging current_now > ADAPTER_CHARGE_LIMIIT false
01-18 12:47:19.225 D/OSUService( 3114): dev-dbg:is_charging conditionCheck false
01-18 12:47:19.225 D/OSUService( 3114): dev-dbg: battery change intent batteryLevel: 42, is_charging(context): true, STATE: 1
01-18 12:47:19.227 D/OSUService( 3114): dev-dbg:is_charging current_now -372558, batteryLevel: 42, isCharging(isCharging): true
01-18 12:47:19.227 D/OSUService( 3114): dev-dbg:is_charging ADAPTER_CHARGE_LIMIIT 500000
01-18 12:47:19.228 D/OSUService( 3114): dev-dbg:is_charging current_now > ADAPTER_CHARGE_LIMIIT false
01-18 12:47:19.228 D/OSUService( 3114): dev-dbg:is_charging conditionCheck false
01-18 12:47:19.228 D/OSUService( 3114): dev-dbg: calling for resume
01-18 12:47:19.228 I/OSUService( 3114): handle_ab_resume -1 3
01-18 12:47:19.228 I/OSUService( 3114): handle_ab_resume state 1 last_state 0
01-18 12:47:19.228 E/OSUService( 3114): Can't resume - there are no update in suspended state
01-18 12:47:19.228 D/OSUService( 3114): dev-dbg: battery change intent finished
01-18 12:47:19.230 D/OSUService( 3114): dev-dbg:is_charging current_now -372558, batteryLevel: 42, isCharging(isCharging): true
01-18 12:47:19.230 D/OSUService( 3114): dev-dbg:is_charging ADAPTER_CHARGE_LIMIIT 500000
01-18 12:47:19.230 D/OSUService( 3114): dev-dbg:is_charging current_now > ADAPTER_CHARGE_LIMIIT false
01-18 12:47:19.230 D/OSUService( 3114): dev-dbg:is_charging conditionCheck false
01-18 12:47:19.230 D/OSUService( 3114): dev-dbg: battery change intent batteryLevel: 42, is_charging(context): true, STATE: 1
01-18 12:47:19.235 D/OSUService( 3114): dev-dbg:is_charging current_now -372558, batteryLevel: 42, isCharging(isCharging): true
01-18 12:47:19.235 D/OSUService( 3114): dev-dbg:is_charging ADAPTER_CHARGE_LIMIIT 500000
01-18 12:47:19.235 D/OSUService( 3114): dev-dbg:is_charging current_now > ADAPTER_CHARGE_LIMIIT false
01-18 12:47:19.235 D/OSUService( 3114): dev-dbg:is_charging conditionCheck false
01-18 12:47:19.235 D/OSUService( 3114): dev-dbg: calling for resume
01-18 12:47:19.235 I/OSUService( 3114): handle_ab_resume -1 3
01-18 12:47:19.235 I/OSUService( 3114): handle_ab_resume state 1 last_state 0
01-18 12:47:19.236 E/OSUService( 3114): Can't resume - there are no update in suspended state
01-18 12:47:19.236 D/OSUService( 3114): dev-dbg: battery change intent finished
01-18 12:47:19.242 D/OSUService( 3114): dev-dbg:is_charging current_now -372558, batteryLevel: 42, isCharging(isCharging): true
01-18 12:47:19.242 D/OSUService( 3114): dev-dbg:is_charging ADAPTER_CHARGE_LIMIIT 500000
01-18 12:47:19.242 D/OSUService( 3114): dev-dbg:is_charging current_now > ADAPTER_CHARGE_LIMIIT false
01-18 12:47:19.242 D/OSUService( 3114): dev-dbg:is_charging conditionCheck false
01-18 12:47:19.242 D/OSUService( 3114): dev-dbg: battery change intent batteryLevel: 42, is_charging(context): true, STATE: 1
01-18 12:47:19.244 D/OSUService( 3114): dev-dbg:is_charging current_now -372558, batteryLevel: 42, isCharging(isCharging): true
01-18 12:47:19.244 D/OSUService( 3114): dev-dbg:is_charging ADAPTER_CHARGE_LIMIIT 500000
01-18 12:47:19.244 D/OSUService( 3114): dev-dbg:is_charging current_now > ADAPTER_CHARGE_LIMIIT false
01-18 12:47:19.244 D/OSUService( 3114): dev-dbg:is_charging conditionCheck false
01-18 12:47:19.244 D/OSUService( 3114): dev-dbg: calling for resume
01-18 12:47:19.244 I/OSUService( 3114): handle_ab_resume -1 3
01-18 12:47:19.244 I/OSUService( 3114): handle_ab_resume state 1 last_state 0
01-18 12:47:19.244 E/OSUService( 3114): Can't resume - there are no update in suspended state
01-18 12:47:19.244 D/OSUService( 3114): dev-dbg: battery change intent finished
01-18 12:47:19.410 D/CompatibilityInfo( 1670): mCompatibilityFlags - 0
01-18 12:47:19.411 D/CompatibilityInfo( 1670): applicationDensity - 480
01-18 12:47:19.411 D/CompatibilityInfo( 1670): applicationScale - 1.0
01-18 12:47:19.416 I/NextSubtest service( 4265): hit
01-18 12:47:19.145 I/chatty  (    0): uid=0(root) logd identical 8 lines
01-18 12:47:19.163 W/healthd (    0): battery l=42 v=3548 t=42.0 h=2 st=2 c=-372558 fc=4008000 cc=2 chg=u
01-18 12:47:19.425 E/        (    0): [SDL] misc_ioctl msg.len is 3 : 0x58 0x00 0xa8
01-18 12:47:19.427 E/        (    0): [SDL] misc_ioctl msg.len is 2 : 0xa7 0x00
01-18 12:47:19.431 E/        (    0): [SDL] misc_ioctl msg.len is 3 : 0x77 0x03 0x86
01-18 12:47:19.436 E/        (    0): [SDL] misc_ioctl msg.len is 2 : 0x88 0x00
01-18 12:47:19.441 E/        (    0): [SDL] misc_ioctl msg.len is 3 : 0x77 0x08 0x81
01-18 12:47:19.446 E/        (    0): [SDL] misc_ioctl msg.len is 2 : 0x88 0x00
01-18 12:47:19.452 E/        (    0): [SDL] misc_ioctl msg.len is 3 : 0x58 0x00 0xa8
01-18 12:47:19.457 E/        (    0): [SDL] misc_ioctl msg.len is 2 : 0xa7 0x00
01-18 12:47:19.462 E/        (    0): [SDL] misc_ioctl msg.len is 3 : 0x58 0x00 0xa8
01-18 12:47:19.468 E/        (    0): [SDL] misc_ioctl msg.len is 2 : 0xa7 0x00
01-18 12:47:19.473 E/        (    0): [SDL] misc_ioctl msg.len is 3 : 0x77 0x03 0x86
01-18 12:47:19.478 E/        (    0): [SDL] misc_ioctl msg.len is 2 : 0x88 0x00
01-18 12:47:19.484 E/        (    0): [SDL] misc_ioctl msg.len is 3 : 0x77 0x08 0x81
01-18 12:47:19.489 E/        (    0): [SDL] misc_ioctl msg.len is 2 : 0x88 0x00
01-18 12:47:19.494 E/        (    0): [SDL] misc_ioctl msg.len is 3 : 0x58 0x00 0xa8
01-18 12:47:19.500 E/        (    0): [SDL] misc_ioctl msg.len is 2 : 0xa7 0x00
01-18 12:47:19.854 D/logd    (    0): logdr: UID=0 GID=0 PID=26463 b tail=0 logMask=99 pid=0 start=0ns timeout=0ns
01-18 12:47:20.865 W/adbd    ( 3678): timeout expired while flushing socket, closing
01-18 12:47:22.501 I/qccsyshalservic(26473): type=1400 audit(0.0:11195): avc: denied { search } for name="/" dev="sda10" ino=2 scontext=u:r:vendor_qccsyshal_qti:s0 tcontext=u:object_r:factory_file:s0 tclass=dir permissive=1
01-18 12:47:22.529 D/SMARTMU (26472): #(26472) [ main.cpp : 25] SmartMU Version , 
01-18 12:47:22.531 E/AsymmetricDecrypt(26472): [AsymmetricDecrypt::acquireKeyFile] KeyPath - /system/vendor/keys/TC52AXANF/proxyframework 
01-18 12:47:22.534 E/AsymmetricDecrypt(26472): [AsymmetricDecrypt::ObtainSeedText] Buffer - Zebra Technologies/TC52AXANF/TC52AX/proxyframework 
01-18 12:47:22.535 E/AsymmetricDecrypt(26472): [AsymmetricDecrypt::NativeAuthenticate] Authentication failed. zDecodedText returned by ReadAndDecodeEncryptedText = Zebra Technologies/TC52AX/TC52AX/proxyframework, zBuf returned by ObtainSeedText = Zebra Technologies/TC52AXANF/TC52AX/proxyframework
01-18 12:47:22.535 D/SMARTMU (26472): #(26472) [ main.cpp : 31] Authentication failed
01-18 12:47:22.549 I/qccsyshalservice(26473): Start with system binder
01-18 12:47:22.550 I/qccsyshalservice(26473): Registering qccsyshal service...
01-18 12:47:22.552 I/hwservicemanager(  512): getTransport: Cannot find entry vendor.qti.hardware.qccsyshal@1.0::IQccsyshal/qccsyshal in either framework or device manifest.
01-18 12:47:22.553 E/HidlServiceManagement(26473): Service vendor.qti.hardware.qccsyshal@1.0::IQccsyshal/qccsyshal must be in VINTF manifest in order to register/get.
01-18 12:47:22.554 E/qccsyshalservice(26473): [ERROR] registerAsService() failed with status: -2147483648
01-18 12:47:22.575 I/vendor.qti.hardware.qccvndhal@1.0-service(26474): Start with vendor binder
01-18 12:47:22.577 I/vendor.qti.hardware.qccvndhal@1.0-service(26474): Registering qccvndhal service...
01-18 12:47:22.579 I/hwservicemanager(  512): getTransport: Cannot find entry vendor.qti.hardware.qccvndhal@1.0::IQccvndhal/qccvndhal in either framework or device manifest.
01-18 12:47:22.581 E/HidlServiceManagement(26474): Service vendor.qti.hardware.qccvndhal@1.0::IQccvndhal/qccvndhal must be in VINTF manifest in order to register/get.
01-18 12:47:22.581 E/vendor.qti.hardware.qccvndhal@1.0-service(26474): [ERROR] registerAsService() failed with status: -2147483648
01-18 12:47:22.599 I/init    (    0): Service 'qccvndhalservice' (pid 26474) exited with status 1
01-18 12:47:22.704 I/ActivityTaskManager( 1670): START u0 {flg=0x10000000 cmp=sdl.android.testapp/.SW_Decode_Android_TestApp_Activity} from uid 0
01-18 12:47:22.705 D/EventSequenceValidator( 1670): Transition from INTENT_FAILED to INTENT_STARTED
01-18 12:47:22.714 D/EventSequenceValidator( 1670): Transition from INTENT_STARTED to INTENT_FAILED
01-18 12:47:22.724 I/perfetto( 1016): ing_service_impl.cc:758 Configured tracing session 148, #sources:1, duration:5000 ms, #buffers:1, total buffer size:4096 KB, total sessions:1, uid:1071 session name: ""
01-18 12:47:22.726 I/perfetto( 1013): probes_producer.cc:230  Ftrace setup (target_buf=148)
01-18 12:47:22.727 E/perfetto( 1013): ace_config_muxer.cc:443 ftrace in use by non-Perfetto.
01-18 12:47:22.728 E/perfetto( 1013): probes_producer.cc:238  Failed to setup ftrace
01-18 12:47:22.728 E/perfetto( 1013): probes_producer.cc:176  Failed to create data source 'linux.ftrace'
01-18 12:47:22.730 E/perfetto( 1013): probes_producer.cc:191  Data source id=148 not found
01-18 12:47:24.951 I/swapper/3(    0): type=1400 audit(0.0:11196): avc: denied { kill } for capability=5 scontext=u:r:kernel:s0 tcontext=u:r:kernel:s0 tclass=capability permissive=1
01-18 12:47:27.448 I/init    (    0): starting service 'smartmu'...
01-18 12:47:27.570 D/SMARTMU (26488): #(26488) [ main.cpp : 25] SmartMU Version , 
01-18 12:47:27.572 E/AsymmetricDecrypt(26488): [AsymmetricDecrypt::acquireKeyFile] KeyPath - /system/vendor/keys/TC52AXANF/proxyframework 
01-18 12:47:27.575 E/AsymmetricDecrypt(26488): [AsymmetricDecrypt::ObtainSeedText] Buffer - Zebra Technologies/TC52AXANF/TC52AX/proxyframework 
01-18 12:47:27.575 E/AsymmetricDecrypt(26488): [AsymmetricDecrypt::NativeAuthenticate] Authentication failed. zDecodedText returned by ReadAndDecodeEncryptedText = Zebra Technologies/TC52AX/TC52AX/proxyframework, zBuf returned by ObtainSeedText = Zebra Technologies/TC52AXANF/TC52AX/proxyframework
01-18 12:47:27.575 D/SMARTMU (26488): #(26488) [ main.cpp : 31] Authentication failed
01-18 12:47:27.597 I/qccsyshalservice(26489): Start with system binder
01-18 12:47:27.598 I/qccsyshalservice(26489): Registering qccsyshal service...
01-18 12:47:27.600 I/hwservicemanager(  512): getTransport: Cannot find entry vendor.qti.hardware.qccsyshal@1.0::IQccsyshal/qccsyshal in either framework or device manifest.
01-18 12:47:27.601 E/HidlServiceManagement(26489): Service vendor.qti.hardware.qccsyshal@1.0::IQccsyshal/qccsyshal must be in VINTF manifest in order to register/get.
01-18 12:47:27.601 E/qccsyshalservice(26489): [ERROR] registerAsService() failed with status: -2147483648
01-18 12:47:27.618 I/init    (    0): Service 'qccsyshalservice' (pid 26489) exited with status 1
01-18 12:47:27.618 I/init    (    0): Sending signal 9 to service 'qccsyshalservice' (pid 26489) process group...
01-18 12:47:27.620 I/libprocessgroup(    0): Successfully killed process cgroup uid 1000 pid 26489 in 1ms
01-18 12:47:27.633 I/vendor.qti.hardware.qccvndhal@1.0-service(26490): Start with vendor binder
01-18 12:47:27.636 I/vendor.qti.hardware.qccvndhal@1.0-service(26490): Registering qccvndhal service...
01-18 12:47:27.642 I/hwservicemanager(  512): getTransport: Cannot find entry vendor.qti.hardware.qccvndhal@1.0::IQccvndhal/qccvndhal in either framework or device manifest.
01-18 12:47:27.644 E/HidlServiceManagement(26490): Service vendor.qti.hardware.qccvndhal@1.0::IQccvndhal/qccvndhal must be in VINTF manifest in order to register/get.
01-18 12:47:27.644 E/vendor.qti.hardware.qccvndhal@1.0-service(26490): [ERROR] registerAsService() failed with status: -2147483648
01-18 12:47:27.730 I/perfetto( 1013): probes_producer.cc:329  Producer stop (id=148)
01-18 12:47:27.731 E/perfetto( 1013): probes_producer.cc:333  Cannot stop data source id=148, not found
01-18 12:47:32.493 I/init    (    0): starting service 'smartmu'...
01-18 12:47:32.609 D/SMARTMU (26494): #(26494) [ main.cpp : 25] SmartMU Version , 
01-18 12:47:32.610 E/AsymmetricDecrypt(26494): [AsymmetricDecrypt::acquireKeyFile] KeyPath - /system/vendor/keys/TC52AXANF/proxyframework 
01-18 12:47:32.613 E/AsymmetricDecrypt(26494): [AsymmetricDecrypt::ObtainSeedText] Buffer - Zebra Technologies/TC52AXANF/TC52AX/proxyframework 
01-18 12:47:32.614 E/AsymmetricDecrypt(26494): [AsymmetricDecrypt::NativeAuthenticate] Authentication failed. zDecodedText returned by ReadAndDecodeEncryptedText = Zebra Technologies/TC52AX/TC52AX/proxyframework, zBuf returned by ObtainSeedText = Zebra Technologies/TC52AXANF/TC52AX/proxyframework
01-18 12:47:32.614 D/SMARTMU (26494): #(26494) [ main.cpp : 31] Authentication failed
01-18 12:47:32.633 I/qccsyshalservice(26495): Start with system binder
01-18 12:47:32.643 I/init    (    0): Service 'smartmu' (pid 26494) exited with status 0
01-18 12:47:32.643 I/init    (    0): Sending signal 9 to service 'smartmu' (pid 26494) process group...
01-18 12:47:32.635 I/qccsyshalservice(26495): Registering qccsyshal service...
01-18 12:47:32.644 I/libprocessgroup(    0): Successfully killed process cgroup uid 0 pid 26494 in 1ms
01-18 12:47:32.638 I/hwservicemanager(  512): getTransport: Cannot find entry vendor.qti.hardware.qccsyshal@1.0::IQccsyshal/qccsyshal in either framework or device manifest.
01-18 12:47:32.639 E/HidlServiceManagement(26495): Service vendor.qti.hardware.qccsyshal@1.0::IQccsyshal/qccsyshal must be in VINTF manifest in order to register/get.
01-18 12:47:32.639 E/qccsyshalservice(26495): [ERROR] registerAsService() failed with status: -2147483648
01-18 12:47:32.660 I/vendor.qti.hardware.qccvndhal@1.0-service(26496): Start with vendor binder
01-18 12:47:32.663 I/vendor.qti.hardware.qccvndhal@1.0-service(26496): Registering qccvndhal service...
01-18 12:47:32.667 I/hwservicemanager(  512): getTransport: Cannot find entry vendor.qti.hardware.qccvndhal@1.0::IQccvndhal/qccvndhal in either framework or device manifest.
01-18 12:47:32.669 E/HidlServiceManagement(26496): Service vendor.qti.hardware.qccvndhal@1.0::IQccvndhal/qccvndhal must be in VINTF manifest in order to register/get.
01-18 12:47:32.669 E/vendor.qti.hardware.qccvndhal@1.0-service(26496): [ERROR] registerAsService() failed with status: -2147483648
01-18 12:47:32.732 W/perfetto( 1016): ng_service_impl.cc:1275 Timeout while waiting for ACKs for tracing session 148
01-18 12:47:32.741 I/perfetto( 1016): ng_service_impl.cc:1948 Tracing session 148 ended, total sessions:0
01-18 12:47:33.113 D/CompatibilityInfo( 1670): mCompatibilityFlags - 0
01-18 12:47:33.113 D/CompatibilityInfo( 1670): applicationDensity - 480
01-18 12:47:33.113 D/CompatibilityInfo( 1670): applicationScale - 1.0
01-18 12:47:33.121 I/NextSubtest service( 4265): hit
01-18 12:47:33.124 D/SW_Decode_Android_TestApp_Activity( 4265): GetLastDecodedImageTests : 0
01-18 12:47:33.124 E/BCReader-JNI( 4265): mCancelCaptSession=0
01-18 12:47:33.136 E/        (    0): [SDL] misc_ioctl msg.len is 3 : 0x77 0x03 0x86
01-18 12:47:33.141 E/        (    0): [SDL] misc_ioctl msg.len is 2 : 0x88 0x00
01-18 12:47:33.157 E/        (    0): [SDL] misc_ioctl msg.len is 3 : 0x58 0x00 0xa8
01-18 12:47:33.162 E/        (    0): [SDL] misc_ioctl msg.len is 2 : 0xa7 0x00
01-18 12:47:33.168 E/        (    0): [SDL] misc_ioctl msg.len is 3 : 0x58 0x00 0xa8
01-18 12:47:33.173 E/        (    0): [SDL] misc_ioctl msg.len is 2 : 0xa7 0x00
01-18 12:47:33.178 E/        (    0): [SDL] misc_ioctl msg.len is 3 : 0x77 0x03 0x86
01-18 12:47:33.184 E/        (    0): [SDL] misc_ioctl msg.len is 2 : 0x88 0x00
01-18 12:47:33.189 E/        (    0): [SDL] misc_ioctl msg.len is 3 : 0x77 0x08 0x81
01-18 12:47:33.194 E/        (    0): [SDL] misc_ioctl msg.len is 2 : 0x88 0x00
01-18 12:47:33.200 E/        (    0): [SDL] misc_ioctl msg.len is 3 : 0x58 0x00 0xa8
01-18 12:47:33.205 E/        (    0): [SDL] misc_ioctl msg.len is 2 : 0xa7 0x00
01-18 12:47:33.210 E/        (    0): [SDL] misc_ioctl msg.len is 3 : 0x58 0x00 0xa8
01-18 12:47:33.216 E/        (    0): [SDL] misc_ioctl msg.len is 2 : 0xa7 0x00
01-18 12:47:33.221 E/        (    0): [SDL] misc_ioctl msg.len is 4 : 0x7b 0x00 0x00 0x85
01-18 12:47:33.226 E/        (    0): [SDL] misc_ioctl msg.len is 2 : 0x84 0x00
01-18 12:47:33.232 E/        (    0): [SDL] misc_ioctl msg.len is 4 : 0x82 0x00 0x00 0x7e
01-18 12:47:33.238 E/        (    0): [SDL] misc_ioctl msg.len is 2 : 0x7d 0x80
01-18 12:47:33.235 D/BCReader-JNI( 4265): CHECK camera_status_t ZebraCamera::createCaptureSession() /swdec/SDL/MR-2022/Release/SDL-ALAS00-011-R00-D01/Framework.SDL_standard/project/Android/proj_BarCodeReaderSDL/jni/camera2.h 1741
01-18 12:47:33.235 D/BCReader-JNI( 4265): CHECK camera_status_t ZebraCamera::createCaptureSession() /swdec/SDL/MR-2022/Release/SDL-ALAS00-011-R00-D01/Framework.SDL_standard/project/Android/proj_BarCodeReaderSDL/jni/camera2.h 1757
01-18 12:47:33.235 D/BCReader-JNI( 4265): CHECK camera_status_t ZebraCamera::createCaptureSession() /swdec/SDL/MR-2022/Release/SDL-ALAS00-011-R00-D01/Framework.SDL_standard/project/Android/proj_BarCodeReaderSDL/jni/camera2.h 1769
01-18 12:47:33.235 D/BCReader-JNI( 4265): Call ACameraDevice_createCaptureSession createCaptureSession:1819
01-18 12:47:33.243 E/QCamera (  722): <HAL><ERROR> stop: 1656: Attempt to stop inactive channel
01-18 12:47:33.243 E/QCamera (  722): <HAL><ERROR> stop: 277: Attempt to stop inactive channel
01-18 12:47:33.243 I/QCamera (  722): <HAL><INFO> configureStreamsPerfLocked: 2399: stream[0] type = 0, format = 36, width = 1344, height = 760, rotation = 0, usage = 0x3
01-18 12:47:33.244 E/mm-camera(  722): <MCT   ><ERROR> 4828: mct_pipeline_process_serv_msg: pipeline blackjoe data->sessionid 3 pipeline->session 3 msgid 3
01-18 12:47:33.245 E/mm-camera(  722): <MCT   ><ERROR> 4299: mct_pipeline_process_set: command is 0x800000b blackjoe CAM_PRIV_PARM 0x8000014
01-18 12:47:33.245 I/mm-camera(  722): <MCT   >< INFO> 4302: mct_pipeline_process_set: command=800000b
01-18 12:47:33.245 I/mm-camera(  722): <MCT   >< INFO> 4547: mct_pipeline_process_set: Issuing DEL_STREAM on stream 0x30002 and stream type=8
01-18 12:47:33.245 I/mm-camera(  722): <IFACE >< INFO> 705: iface_unreserve_sink_port: stream_id 2 mode 0 
01-18 12:47:33.246 I/mm-camera(  722): <ISP   >< INFO> 948: isp_port_check_caps_unreserve: ide 30002 port 0xec997110
01-18 12:47:33.246 I/mm-camera(  722): <MCT   >< INFO> 4570: mct_pipeline_process_set: Stream 0x30002 and stream type=8, successfully deleted
01-18 12:47:33.247 E/mm-camera(  722): <MCT   ><ERROR> 4828: mct_pipeline_process_serv_msg: pipeline blackjoe data->sessionid 3 pipeline->session 3 msgid 3
01-18 12:47:33.248 E/mm-camera(  722): <MCT   ><ERROR> 4299: mct_pipeline_process_set: command is 0x800000b blackjoe CAM_PRIV_PARM 0x8000014
01-18 12:47:33.248 I/mm-camera(  722): <MCT   >< INFO> 4302: mct_pipeline_process_set: command=800000b
01-18 12:47:33.248 I/mm-camera(  722): <MCT   >< INFO> 4547: mct_pipeline_process_set: Issuing DEL_STREAM on stream 0x30001 and stream type=7
01-18 12:47:33.248 I/mm-camera(  722): <MCT   >< INFO> 4570: mct_pipeline_process_set: Stream 0x30001 and stream type=7, successfully deleted
01-18 12:47:33.249 E/mm-camera(  722): <MCT   ><ERROR> 4828: mct_pipeline_process_serv_msg: pipeline blackjoe data->sessionid 3 pipeline->session 3 msgid 3
01-18 12:47:33.249 E/mm-camera(  722): <MCT   ><ERROR> 4299: mct_pipeline_process_set: command is 0x800000a blackjoe CAM_PRIV_PARM 0x8000014
01-18 12:47:33.250 I/mm-camera(  722): <MCT   >< INFO> 4302: mct_pipeline_process_set: command=800000a
01-18 12:47:33.301 D/logd    (    0): logdr: UID=0 GID=0 PID=26506 n tail=0 logMask=99 pid=0 start=0ns timeout=0ns
01-18 12:47:33.303 D/blackjoe callstack(  722): #00 pc 0000b1c5  /vendor/lib/libmmcamera_interface.so (dump_stack_android+36)
01-18 12:47:33.303 D/blackjoe callstack(  722): #01 pc 0001a2af  /vendor/lib/libmmcamera_interface.so (mm_stream_config+66)
01-18 12:47:33.303 D/blackjoe callstack(  722): #02 pc 00019a71  /vendor/lib/libmmcamera_interface.so (mm_stream_fsm_acquired+100)
01-18 12:47:33.303 D/blackjoe callstack(  722): #03 pc 00019771  /vendor/lib/libmmcamera_interface.so (mm_stream_fsm_fn+168)
01-18 12:47:33.303 D/blackjoe callstack(  722): #04 pc 0001600d  /vendor/lib/libmmcamera_interface.so (mm_channel_config_stream+128)
01-18 12:47:33.303 D/blackjoe callstack(  722): #05 pc 00015117  /vendor/lib/libmmcamera_interface.so (mm_channel_fsm_fn_stopped+126)
01-18 12:47:33.303 D/blackjoe callstack(  722): #06 pc 00014fc3  /vendor/lib/libmmcamera_interface.so (mm_channel_fsm_fn+142)
01-18 12:47:33.303 D/blackjoe callstack(  722): #07 pc 00011479  /vendor/lib/libmmcamera_interface.so (mm_camera_config_stream+92)
01-18 12:47:33.303 D/blackjoe callstack(  722): #08 pc 0000e3a7  /vendor/lib/libmmcamera_interface.so (mm_camera_intf_config_stream+198)
01-18 12:47:33.303 D/blackjoe callstack(  722): #09 pc 000a1539  /vendor/lib/hw/camera.sdm660.so (qcamera::QCamera3Stream::init(cam_stream_type_t, cam_format_t, cam_dimension_t, cam_rotation_t, cam_stream_reproc_config_t*, unsigned char, unsigned long long, cam_is_type_t, unsigned int, void (*)(mm_camera_super_buf_t*, qcamera::QCamera3Stream*, void*), void*, bool, bool)+816)
01-18 12:47:33.304 D/blackjoe callstack(  722): #10 pc 000a28ad  /vendor/lib/hw/camera.sdm660.so (qcamera::QCamera3Channel::addStream(cam_stream_type_t, cam_format_t, cam_dimension_t, cam_rotation_t, unsigned char, unsigned long long, cam_is_type_t, unsigned int, bool, bool)+208)
01-18 12:47:33.304 D/blackjoe callstack(  722): #11 pc 000a5c8d  /vendor/lib/hw/camera.sdm660.so (qcamera::QCamera3MetadataChannel::initialize(cam_is_type_t)+192)
01-18 12:47:33.304 D/blackjoe callstack(  722): #12 pc 00082889  /vendor/lib/hw/camera.sdm660.so (qcamera::QCamera3HardwareInterface::configureStreamsPerfLocked(camera3_stream_configuration*)+3912)
01-18 12:47:33.304 D/blackjoe callstack(  722): #13 pc 000818fb  /vendor/lib/hw/camera.sdm660.so (qcamera::QCamera3HardwareInterface::configureStreams(camera3_stream_configuration*)+70)
01-18 12:47:33.304 D/blackjoe callstack(  722): #14 pc 0007e24b  /vendor/lib/hw/camera.sdm660.so (qcamera::QCamera3HardwareInterface::configure_streams(camera3_device const*, camera3_stream_configuration*)+46)
01-18 12:47:33.304 D/blackjoe callstack(  722): #15 pc 00011787  /vendor/lib/camera.device@3.4-impl.so (android::hardware::camera::device::V3_4::implementation::CameraDeviceSession::configureStreams_3_4_Impl(android::hardware::camera::device::V3_4::StreamConfiguration const&, std::__1::function<void (android::hardware::camera::common::V1_0::Status, android::hardware::camera::device::V3_4::HalStreamConfiguration const&)>, unsigned int, bool)+422)
01-18 12:47:33.304 D/blackjoe callstack(  722): #16 pc 00014f37  /vendor/lib/camera.device@3.4-impl.so (android::hardware::camera::device::V3_4::implementation::CameraDeviceSession::TrampolineSessionInterface_3_4::configureStreams_3_4(android::hardware::camera::device::V3_4::StreamConfiguration const&, std::__1::function<void (android::hardware::camera::common::V1_0::Status, android::hardware::camera::device::V3_4::HalStreamConfiguration const&)>)+98)
01-18 12:47:33.304 D/blackjoe callstack(  722): #17 pc 0001735b  /apex/com.android.vndk.v30/lib/android.hardware.camera.device@3.4.so (android::hardware::camera::device::V3_4::BnHwCameraDeviceSession::_hidl_configureStreams_3_4(android::hidl::base::V1_0::BnHwBase*, android::hardware::Parcel const&, android::hardware::Parcel*, std::__1::function<void (android::hardware::Parcel&)>)+222)
01-18 12:47:33.304 D/blackjoe callstack(  722): #18 pc 00017a85  /apex/com.android.vndk.v30/lib/android.hardware.camera.device@3.4.so (android::hardware::camera::device::V3_4::BnHwCameraDeviceSession::onTransact(unsigned int, android::hardware::Parcel const&, android::hardware::Parcel*, unsigned int, std::__1::function<void (android::hardware::Parcel&)>)+680)
01-18 12:47:33.304 D/blackjoe callstack(  722): #19 pc 0006d0fb  /apex/com.android.vndk.v30/lib/libhidlbase.so (android::hardware::BHwBinder::transact(unsigned int, android::hardware::Parcel const&, android::hardware::Parcel*, unsigned int, std::__1::function<void (android::hardware::Parcel&)>)+46)
01-18 12:47:33.304 D/blackjoe callstack(  722): #20 pc 000700ad  /apex/com.android.vndk.v30/lib/libhidlbase.so (android::hardware::IPCThreadState::executeCommand(int)+1936)
01-18 12:47:33.304 D/blackjoe callstack(  722): #21 pc 0006f79f  /apex/com.android.vndk.v30/lib/libhidlbase.so (android::hardware::IPCThreadState::getAndExecuteCommand()+138)
01-18 12:47:33.304 D/blackjoe callstack(  722): #22 pc 0007060b  /apex/com.android.vndk.v30/lib/libhidlbase.so (android::hardware::IPCThreadState::joinThreadPool(bool)+110)
01-18 12:47:33.304 D/blackjoe callstack(  722): #23 pc 000019b1  /vendor/bin/hw/android.hardware.camera.provider@2.4-service (main+124)
01-18 12:47:33.305 D/blackjoe callstack(  722): #24 pc 00033641  /apex/com.android.runtime/lib/bionic/libc.so (__libc_init+68)
01-18 12:47:33.305 E/mm-camera(  722): <MCT   ><ERROR> 4828: mct_pipeline_process_serv_msg: pipeline blackjoe data->sessionid 3 pipeline->session 3 msgid 3
01-18 12:47:33.305 E/mm-camera(  722): <MCT   ><ERROR> 4299: mct_pipeline_process_set: command is 0x8000018 blackjoe CAM_PRIV_PARM 0x8000014
01-18 12:47:33.305 I/mm-camera(  722): <MCT   >< INFO> 4302: mct_pipeline_process_set: command=8000018
01-18 12:47:33.305 E/mm-camera(  722): <MCT   ><ERROR> 503: mct_stream_start_link: mct_stream_start_link blackjoe stream_type is 7
01-18 12:47:33.306 I/mm-camera(  722): <MCT   >< INFO> 640: mct_stream_start_link: Link Metadata stream 0x30001: do nothing
01-18 12:47:33.306 E/mm-camera(  722): <MCT   ><ERROR> 862: mct_stream_start_link: call link_module_array blackjoe 0x0
01-18 12:47:33.306 I/mm-camera(  722): <MCT   >< INFO> 4400: mct_pipeline_process_set: Linking successful for stream 0x30001 stream type=7
01-18 12:47:33.306 E/mm-camera(  722): <MCT   ><ERROR> 4828: mct_pipeline_process_serv_msg: pipeline blackjoe data->sessionid 3 pipeline->session 3 msgid 3
01-18 12:47:33.306 E/mm-camera(  722): <MCT   ><ERROR> 4299: mct_pipeline_process_set: command is 0x8000004 blackjoe CAM_PRIV_PARM 0x8000014
01-18 12:47:33.307 I/mm-camera(  722): <MCT   >< INFO> 4302: mct_pipeline_process_set: command=8000004
01-18 12:47:33.314 D/Camera3-Device( 1374): Set real time priority for request queue thread (tid 18340)
01-18 12:47:33.314 D/BCReader-JNI( 4265): End ACameraDevice_createCaptureSession createCaptureSession:1822
01-18 12:47:33.314 D/BCReader-JNI( 4265): This is preallocated Preview Session
01-18 12:47:33.316 I/BCReader-JNI( 4265): Session for camera 0 is busy!
01-18 12:47:33.317 D/qdgralloc( 4265): Imported handle: 0x7baea2b800 id: 2133
01-18 12:47:33.318 D/qdgralloc( 4265): GetTransportSize: num fds: 2 num ints: 22 err:0
01-18 12:47:33.319 D/qdgralloc( 1374): Imported handle: 0xe8740290 id: 2133
01-18 12:47:33.319 D/qdgralloc( 1374): GetTransportSize: num fds: 2 num ints: 22 err:0
01-18 12:47:33.321 D/qdgralloc(  722): Imported handle: 0xe4900e90 id: 2133
01-18 12:47:33.322 E/mm-camera(  722): <MCT   ><ERROR> 4828: mct_pipeline_process_serv_msg: pipeline blackjoe data->sessionid 3 pipeline->session 3 msgid 3
01-18 12:47:33.322 E/mm-camera(  722): <MCT   ><ERROR> 4299: mct_pipeline_process_set: command is 0x8000014 blackjoe CAM_PRIV_PARM 0x8000014
01-18 12:47:33.323 I/mm-camera(  722): <ISP   >< INFO> 7159: isp_util_print_meta_stream_info: Deallocate resources
01-18 12:47:33.323 E/mm-camera(  722): <IMGLIB><ERROR> 297: AllocateBuffers: Invalid dimensions 0x0
01-18 12:47:33.324 E/        (    0): [SDL] misc_ioctl msg.len is 3 : 0x77 0x02 0x87
01-18 12:47:33.323 I/mm-camera(  722): <ISP   >< INFO> 7490: isp_util_handle_stream_info: streams_desc num_streams is 0 
01-18 12:47:33.327 E/        (    0): [SDL] misc_ioctl msg.len is 2 : 0x88 0x00
01-18 12:47:33.323 E/mm-camera(  722): <IMGLIB><ERROR> 197: img_algo_preload: Preload: Failed to allocate buffer, rc -4
01-18 12:47:33.323 I/mm-camera(  722): <IFACE >< INFO> 6386: iface_util_handle_meta_stream_info: iface_util_handle_meta_stream_info: ms_type 0 num streams 0
01-18 12:47:33.324 E/mm-camera(  722): <IMGLIB><ERROR> 127: module_imgbase_client_preload_exec: IMG_CORE_PRELOAD failed -4
01-18 12:47:33.327 E/mm-camera(  722): <MCT   ><ERROR> 4828: mct_pipeline_process_serv_msg: pipeline blackjoe data->sessionid 3 pipeline->session 3 msgid 3
01-18 12:47:33.327 E/mm-camera(  722): <MCT   ><ERROR> 4299: mct_pipeline_process_set: command is 0x8000014 blackjoe CAM_PRIV_PARM 0x8000014
01-18 12:47:33.328 I/mm-camera(  722): <ISP   >< INFO> 7159: isp_util_print_meta_stream_info: Deallocate resources
01-18 12:47:33.328 I/mm-camera(  722): <ISP   >< INFO> 7490: isp_util_handle_stream_info: streams_desc num_streams is 0 
01-18 12:47:33.328 I/mm-camera(  722): <IFACE >< INFO> 6386: iface_util_handle_meta_stream_info: iface_util_handle_meta_stream_info: ms_type 0 num streams 0
01-18 12:47:33.329 E/QCamera (  722): <HAL><ERROR> processCaptureRequest: 7218: Check processCaptureRequest:7218 blackjoe
01-18 12:47:33.329 E/QCamera (  722): <HAL><ERROR> setHalFpsRange: 14639: E : setHalFpsRange: min_fps 0, max_fps 0 => will be 60 blackjoe 
01-18 12:47:33.329 I/QCamera (  722): <HAL><INFO> setHalFpsRange: 14674: aeTargetFpsRange fps: [5.000000 60.000000]
01-18 12:47:33.329 I/QCamera (  722): <HAL><INFO> setHalFpsRange: 14752: fps: [5.000000 60.000000] vid_fps: [5.000000 60.000000]
01-18 12:47:33.329 I/QCamera (  722): <HAL><INFO> setSensorHDR: 16388: send sensor HDR setting 0 blackjoe
01-18 12:47:33.329 I/QCamera (  722): <HAL><INFO> processCaptureRequest: 7346: STREAM INFO 0: type 8, wxh: 1344 x 760, pp_mask: 0x0, Format:0 is_type: 0 sync_type 0
01-18 12:47:33.330 E/mm-camera(  722): <MCT   ><ERROR> 4828: mct_pipeline_process_serv_msg: pipeline blackjoe data->sessionid 3 pipeline->session 3 msgid 3
01-18 12:47:33.330 E/mm-camera(  722): <MCT   ><ERROR> 4299: mct_pipeline_process_set: command is 0x8000014 blackjoe CAM_PRIV_PARM 0x8000014
01-18 12:47:33.330 E/mm-camera(  722): <IMGLIB><ERROR> 322: module_depth_map_handle_ctrl_parm: E
01-18 12:47:33.330 E/mm-camera(  722): <IMGLIB><ERROR> 430: module_depth_map_set_config_param: X
01-18 12:47:33.331 E/mm-camera(  722): <IMGLIB><ERROR> 254: module_depth_map_send_config_data: CAM_STREAM_TYPE_DEPTH not set !!
01-18 12:47:33.331 E/mm-camera(  722): <IMGLIB><ERROR> 369: module_depth_map_handle_ctrl_parm: Error module_depth_map_send_config_data
01-18 12:47:33.331 E/mm-camera(  722): <IMGLIB><ERROR> 373: module_depth_map_handle_ctrl_parm: X
01-18 12:47:33.331 E/mm-camera(  722): <IMGLIB><ERROR> 880: module_imgbase_process_param: [depth_map] handle_ctrl_parm error : type=10, rc=-5
01-18 12:47:33.332 E/mm-camera(  722): <IMGLIB><ERROR> 297: AllocateBuffers: Invalid dimensions 0x0
01-18 12:47:33.332 E/mm-camera(  722): <IMGLIB><ERROR> 197: img_algo_preload: Preload: Failed to allocate buffer, rc -4
01-18 12:47:33.332 E/mm-camera(  722): <IMGLIB><ERROR> 127: module_imgbase_client_preload_exec: IMG_CORE_PRELOAD failed -4
01-18 12:47:33.369 D/blackjoe callstack(  722): #00 pc 00004085  /vendor/lib/libmmcamera_dbg.so (dump_stack_android+36)
01-18 12:47:33.370 D/blackjoe callstack(  722): #01 pc 0001d06f  /vendor/lib/libmmcamera2_iface_modules.so (iface_util_set_dis_enable_flag+10)
01-18 12:47:33.370 D/blackjoe callstack(  722): #02 pc 00033f03  /vendor/lib/libmmcamera2_iface_modules.so (port_iface_event_func+1690)
01-18 12:47:33.370 D/blackjoe callstack(  722): #03 pc 0004c917  /vendor/lib/libmmcamera2_sensor_modules.so (port_sensor_port_process_event+286)
01-18 12:47:33.370 D/blackjoe callstack(  722): #04 pc 0000c8d1  /vendor/lib/libmmcamera2_mct.so (mct_list_traverse+24)
01-18 12:47:33.370 D/blackjoe callstack(  722): #05 pc 000450af  /vendor/lib/libmmcamera2_sensor_modules.so (module_sensor_module_process_event+3894)
01-18 12:47:33.370 D/blackjoe callstack(  722): #06 pc 00010cc7  /vendor/lib/libmmcamera2_mct.so (mct_stream_send_event+470)
01-18 12:47:33.370 D/blackjoe callstack(  722): #07 pc 00019ac5  /vendor/lib/libmmcamera2_mct.so (mct_pipeline_send_event+64)
01-18 12:47:33.370 D/blackjoe callstack(  722): #08 pc 00014d43  /vendor/lib/libmmcamera2_mct.so (mct_pipeline_send_ctrl_events+678)
01-18 12:47:33.370 D/blackjoe callstack(  722): #09 pc 000179d5  /vendor/lib/libmmcamera2_mct.so (mct_pipeline_process_serv_msg+2500)
01-18 12:47:33.370 D/blackjoe callstack(  722): #10 pc 0001b5ef  /vendor/lib/libmmcamera2_mct.so (mct_controller_thread_run+362)
01-18 12:47:33.370 D/blackjoe callstack(  722): #11 pc 00083d87  /apex/com.android.runtime/lib/bionic/libc.so (__pthread_start(void*)+40)
01-18 12:47:33.371 D/blackjoe callstack(  722): #12 pc 0003a307  /apex/com.android.runtime/lib/bionic/libc.so (__start_thread+30)
01-18 12:47:33.371 I/mm-camera(  722): <IFACE >< INFO> 6276: iface_util_set_dis_enable_flag: iface_util_set_dis_enable_flag:6276 DIS enable flag = 0
