--------- beginning of kernel
01-18 12:45:30.001 I/afe_close(    0): port_id = 0x4000
--------- beginning of main
01-18 12:45:30.009 D/audio_hw_primary(  718): disable_audio_route: reset and update mixer path: low-latency-playback
01-18 12:45:30.030 E/        (    0): tavil_codec tavil_codec: ASoC: DAPM unknown pin Lineout_3 amp
01-18 12:45:30.011 D/soundtrigger(  718): audio_extn_sound_trigger_update_stream_status: uc_info->id 1 of type 0 for Event 2, with Raise=0
01-18 12:45:30.011 D/hardware_info(  718): hw_info_append_hw_type : device_name = speaker
01-18 12:45:30.012 D/audio_hw_primary(  718): disable_snd_device: snd_device(2: speaker)
01-18 12:45:30.025 I/soundtrigger(  718): audio_extn_sound_trigger_update_device_status: device 0x2 of type 0 for Event 0, with Raise=0
01-18 12:45:30.028 I/system_server( 1670): oneway function results will be dropped but finished with status OK and parcel size 4
01-18 12:45:31.511 I/init    (    0): starting service 'smartmu'...
01-18 12:45:31.556 I/init    (    0): starting service 'qccsyshalservice'...
01-18 12:45:31.589 I/init    (    0): starting service 'qccvndhalservice'...
01-18 12:45:31.631 D/SMARTMU (25951): #(25951) [ main.cpp : 25] SmartMU Version , 
01-18 12:45:31.633 E/AsymmetricDecrypt(25951): [AsymmetricDecrypt::acquireKeyFile] KeyPath - /system/vendor/keys/TC52AXANF/proxyframework 
01-18 12:45:31.636 E/AsymmetricDecrypt(25951): [AsymmetricDecrypt::ObtainSeedText] Buffer - Zebra Technologies/TC52AXANF/TC52AX/proxyframework 
01-18 12:45:31.636 E/AsymmetricDecrypt(25951): [AsymmetricDecrypt::NativeAuthenticate] Authentication failed. zDecodedText returned by ReadAndDecodeEncryptedText = Zebra Technologies/TC52AX/TC52AX/proxyframework, zBuf returned by ObtainSeedText = Zebra Technologies/TC52AXANF/TC52AX/proxyframework
01-18 12:45:31.636 D/SMARTMU (25951): #(25951) [ main.cpp : 31] Authentication failed
01-18 12:45:31.651 I/qccsyshalservice(25952): Start with system binder
01-18 12:45:31.653 I/qccsyshalservice(25952): Registering qccsyshal service...
01-18 12:45:31.663 I/init    (    0): Service 'smartmu' (pid 25951) exited with status 0
01-18 12:45:31.663 I/init    (    0): Sending signal 9 to service 'smartmu' (pid 25951) process group...
01-18 12:45:31.655 I/hwservicemanager(  512): getTransport: Cannot find entry vendor.qti.hardware.qccsyshal@1.0::IQccsyshal/qccsyshal in either framework or device manifest.
01-18 12:45:31.656 E/HidlServiceManagement(25952): Service vendor.qti.hardware.qccsyshal@1.0::IQccsyshal/qccsyshal must be in VINTF manifest in order to register/get.
01-18 12:45:31.656 E/qccsyshalservice(25952): [ERROR] registerAsService() failed with status: -2147483648
01-18 12:45:31.664 I/libprocessgroup(    0): Successfully killed process cgroup uid 0 pid 25951 in 0ms
01-18 12:45:31.671 I/init    (    0): Service 'qccsyshalservice' (pid 25952) exited with status 1
01-18 12:45:31.671 I/init    (    0): Sending signal 9 to service 'qccsyshalservice' (pid 25952) process group...
01-18 12:45:31.672 I/libprocessgroup(    0): Successfully killed process cgroup uid 1000 pid 25952 in 0ms
01-18 12:45:31.679 I/vendor.qti.hardware.qccvndhal@1.0-service(25953): Start with vendor binder
01-18 12:45:31.681 I/vendor.qti.hardware.qccvndhal@1.0-service(25953): Registering qccvndhal service...
01-18 12:45:31.684 I/hwservicemanager(  512): getTransport: Cannot find entry vendor.qti.hardware.qccvndhal@1.0::IQccvndhal/qccvndhal in either framework or device manifest.
01-18 12:45:31.686 E/HidlServiceManagement(25953): Service vendor.qti.hardware.qccvndhal@1.0::IQccvndhal/qccvndhal must be in VINTF manifest in order to register/get.
01-18 12:45:31.686 E/vendor.qti.hardware.qccvndhal@1.0-service(25953): [ERROR] registerAsService() failed with status: -2147483648
01-18 12:45:31.707 I/init    (    0): Service 'qccvndhalservice' (pid 25953) exited with status 1
01-18 12:45:32.610 I/perfetto( 1013): probes_producer.cc:329  Producer stop (id=146)
01-18 12:45:32.611 E/perfetto( 1013): probes_producer.cc:333  Cannot stop data source id=146, not found
01-18 12:45:32.913 D/CompatibilityInfo( 1670): mCompatibilityFlags - 0
01-18 12:45:32.914 D/CompatibilityInfo( 1670): applicationDensity - 480
01-18 12:45:32.914 D/CompatibilityInfo( 1670): applicationScale - 1.0
01-18 12:45:32.920 I/NextSubtest service( 4265): hit
01-18 12:45:32.929 E/        (    0): [SDL] misc_ioctl msg.len is 3 : 0x58 0x00 0xa8
01-18 12:45:32.931 E/        (    0): [SDL] misc_ioctl msg.len is 2 : 0xa7 0x00
01-18 12:45:32.935 E/        (    0): [SDL] misc_ioctl msg.len is 3 : 0x77 0x03 0x86
01-18 12:45:32.939 E/        (    0): [SDL] misc_ioctl msg.len is 2 : 0x88 0x00
01-18 12:45:32.945 E/        (    0): [SDL] misc_ioctl msg.len is 3 : 0x77 0x08 0x81
01-18 12:45:32.950 E/        (    0): [SDL] misc_ioctl msg.len is 2 : 0x88 0x00
01-18 12:45:32.956 E/        (    0): [SDL] misc_ioctl msg.len is 3 : 0x58 0x00 0xa8
01-18 12:45:32.961 E/        (    0): [SDL] misc_ioctl msg.len is 2 : 0xa7 0x00
01-18 12:45:33.392 D/logd    (    0): logdr: UID=0 GID=0 PID=25964 b tail=0 logMask=99 pid=0 start=0ns timeout=0ns
01-18 12:45:34.405 W/adbd    ( 3678): timeout expired while flushing socket, closing
--------- beginning of system
01-18 12:45:35.714 I/ActivityTaskManager( 1670): START u0 {flg=0x10000000 cmp=sdl.android.testapp/.SW_Decode_Android_TestApp_Activity} from uid 0
01-18 12:45:35.715 D/EventSequenceValidator( 1670): Transition from INTENT_FAILED to INTENT_STARTED
01-18 12:45:35.719 D/EventSequenceValidator( 1670): Transition from INTENT_STARTED to INTENT_FAILED
01-18 12:45:36.671 D/SMARTMU (25981): #(25981) [ main.cpp : 25] SmartMU Version , 
01-18 12:45:36.674 E/AsymmetricDecrypt(25981): [AsymmetricDecrypt::acquireKeyFile] KeyPath - /system/vendor/keys/TC52AXANF/proxyframework 
01-18 12:45:36.678 E/AsymmetricDecrypt(25981): [AsymmetricDecrypt::ObtainSeedText] Buffer - Zebra Technologies/TC52AXANF/TC52AX/proxyframework 
01-18 12:45:36.678 E/AsymmetricDecrypt(25981): [AsymmetricDecrypt::NativeAuthenticate] Authentication failed. zDecodedText returned by ReadAndDecodeEncryptedText = Zebra Technologies/TC52AX/TC52AX/proxyframework, zBuf returned by ObtainSeedText = Zebra Technologies/TC52AXANF/TC52AX/proxyframework
01-18 12:45:36.678 D/SMARTMU (25981): #(25981) [ main.cpp : 31] Authentication failed
01-18 12:45:36.684 I/qccsyshalservice(25982): Start with system binder
01-18 12:45:36.686 I/qccsyshalservice(25982): Registering qccsyshal service...
01-18 12:45:36.688 I/hwservicemanager(  512): getTransport: Cannot find entry vendor.qti.hardware.qccsyshal@1.0::IQccsyshal/qccsyshal in either framework or device manifest.
01-18 12:45:36.690 E/HidlServiceManagement(25982): Service vendor.qti.hardware.qccsyshal@1.0::IQccsyshal/qccsyshal must be in VINTF manifest in order to register/get.
01-18 12:45:36.690 E/qccsyshalservice(25982): [ERROR] registerAsService() failed with status: -2147483648
01-18 12:45:36.709 I/init    (    0): Service 'qccsyshalservice' (pid 25982) exited with status 1
01-18 12:45:36.709 I/init    (    0): Sending signal 9 to service 'qccsyshalservice' (pid 25982) process group...
01-18 12:45:36.710 I/libprocessgroup(    0): Successfully killed process cgroup uid 1000 pid 25982 in 0ms
01-18 12:45:36.736 I/vendor.qti.hardware.qccvndhal@1.0-service(25983): Start with vendor binder
01-18 12:45:36.738 I/vendor.qti.hardware.qccvndhal@1.0-service(25983): Registering qccvndhal service...
01-18 12:45:36.742 I/hwservicemanager(  512): getTransport: Cannot find entry vendor.qti.hardware.qccvndhal@1.0::IQccvndhal/qccvndhal in either framework or device manifest.
01-18 12:45:36.743 E/HidlServiceManagement(25983): Service vendor.qti.hardware.qccvndhal@1.0::IQccvndhal/qccvndhal must be in VINTF manifest in order to register/get.
01-18 12:45:36.744 E/vendor.qti.hardware.qccvndhal@1.0-service(25983): [ERROR] registerAsService() failed with status: -2147483648
01-18 12:45:36.765 I/init    (    0): Service 'qccvndhalservice' (pid 25983) exited with status 1
01-18 12:45:37.612 W/perfetto( 1016): ng_service_impl.cc:1275 Timeout while waiting for ACKs for tracing session 146
01-18 12:45:37.617 I/perfetto( 1016): ng_service_impl.cc:1948 Tracing session 146 ended, total sessions:0
01-18 12:45:41.596 I/init    (    0): starting service 'smartmu'...
01-18 12:45:41.638 I/init    (    0): starting service 'qccsyshalservice'...
01-18 12:45:41.668 I/init    (    0): starting service 'qccvndhalservice'...
01-18 12:45:41.708 D/SMARTMU (25987): #(25987) [ main.cpp : 25] SmartMU Version , 
01-18 12:45:41.712 E/AsymmetricDecrypt(25987): [AsymmetricDecrypt::acquireKeyFile] KeyPath - /system/vendor/keys/TC52AXANF/proxyframework 
01-18 12:45:41.719 E/AsymmetricDecrypt(25987): [AsymmetricDecrypt::ObtainSeedText] Buffer - Zebra Technologies/TC52AXANF/TC52AX/proxyframework 
01-18 12:45:41.719 E/AsymmetricDecrypt(25987): [AsymmetricDecrypt::NativeAuthenticate] Authentication failed. zDecodedText returned by ReadAndDecodeEncryptedText = Zebra Technologies/TC52AX/TC52AX/proxyframework, zBuf returned by ObtainSeedText = Zebra Technologies/TC52AXANF/TC52AX/proxyframework
01-18 12:45:41.719 D/SMARTMU (25987): #(25987) [ main.cpp : 31] Authentication failed
01-18 12:45:41.733 I/qccsyshalservice(25988): Start with system binder
01-18 12:45:41.734 I/qccsyshalservice(25988): Registering qccsyshal service...
01-18 12:45:41.738 I/hwservicemanager(  512): getTransport: Cannot find entry vendor.qti.hardware.qccsyshal@1.0::IQccsyshal/qccsyshal in either framework or device manifest.
01-18 12:45:41.739 E/HidlServiceManagement(25988): Service vendor.qti.hardware.qccsyshal@1.0::IQccsyshal/qccsyshal must be in VINTF manifest in order to register/get.
01-18 12:45:41.739 E/qccsyshalservice(25988): [ERROR] registerAsService() failed with status: -2147483648
01-18 12:45:41.750 I/init    (    0): Service 'smartmu' (pid 25987) exited with status 0
01-18 12:45:41.750 I/init    (    0): Sending signal 9 to service 'smartmu' (pid 25987) process group...
01-18 12:45:41.751 I/libprocessgroup(    0): Successfully killed process cgroup uid 0 pid 25987 in 0ms
01-18 12:45:41.757 I/init    (    0): Service 'qccsyshalservice' (pid 25988) exited with status 1
01-18 12:45:41.757 I/init    (    0): Sending signal 9 to service 'qccsyshalservice' (pid 25988) process group...
01-18 12:45:41.758 I/libprocessgroup(    0): Successfully killed process cgroup uid 1000 pid 25988 in 0ms
01-18 12:45:41.756 I/vendor.qti.hardware.qccvndhal@1.0-service(25989): Start with vendor binder
01-18 12:45:41.759 I/vendor.qti.hardware.qccvndhal@1.0-service(25989): Registering qccvndhal service...
01-18 12:45:41.763 I/hwservicemanager(  512): getTransport: Cannot find entry vendor.qti.hardware.qccvndhal@1.0::IQccvndhal/qccvndhal in either framework or device manifest.
01-18 12:45:41.765 E/HidlServiceManagement(25989): Service vendor.qti.hardware.qccvndhal@1.0::IQccvndhal/qccvndhal must be in VINTF manifest in order to register/get.
01-18 12:45:41.766 E/vendor.qti.hardware.qccvndhal@1.0-service(25989): [ERROR] registerAsService() failed with status: -2147483648
01-18 12:45:41.789 I/init    (    0): Service 'qccvndhalservice' (pid 25989) exited with status 1
01-18 12:45:46.093 D/CompatibilityInfo( 1670): mCompatibilityFlags - 0
01-18 12:45:46.094 D/CompatibilityInfo( 1670): applicationDensity - 480
01-18 12:45:46.094 D/CompatibilityInfo( 1670): applicationScale - 1.0
01-18 12:45:46.098 I/NextSubtest service( 4265): hit
01-18 12:45:46.108 E/        (    0): [SDL] misc_ioctl msg.len is 3 : 0x58 0x00 0xa8
01-18 12:45:46.109 E/        (    0): [SDL] misc_ioctl msg.len is 2 : 0xa7 0x00
01-18 12:45:46.101 D/SW_Decode_Android_TestApp_Activity( 4265): GetLastDecodedImageTests : 0
01-18 12:45:46.102 E/BCReader-JNI( 4265): mCancelCaptSession=0
01-18 12:45:46.113 E/        (    0): [SDL] misc_ioctl msg.len is 3 : 0x77 0x03 0x86
01-18 12:45:46.118 E/        (    0): [SDL] misc_ioctl msg.len is 2 : 0x88 0x00
01-18 12:45:46.123 E/        (    0): [SDL] misc_ioctl msg.len is 3 : 0x77 0x08 0x81
01-18 12:45:46.128 E/        (    0): [SDL] misc_ioctl msg.len is 2 : 0x88 0x00
01-18 12:45:46.134 E/        (    0): [SDL] misc_ioctl msg.len is 3 : 0x58 0x00 0xa8
01-18 12:45:46.139 E/        (    0): [SDL] misc_ioctl msg.len is 2 : 0xa7 0x00
01-18 12:45:46.145 E/        (    0): [SDL] misc_ioctl msg.len is 3 : 0x58 0x00 0xa8
01-18 12:45:46.150 E/        (    0): [SDL] misc_ioctl msg.len is 2 : 0xa7 0x00
01-18 12:45:46.156 E/        (    0): [SDL] misc_ioctl msg.len is 3 : 0x77 0x03 0x86
01-18 12:45:46.160 E/        (    0): [SDL] misc_ioctl msg.len is 2 : 0x88 0x00
01-18 12:45:46.166 E/        (    0): [SDL] misc_ioctl msg.len is 3 : 0x77 0x08 0x81
01-18 12:45:46.171 E/        (    0): [SDL] misc_ioctl msg.len is 2 : 0x88 0x00
01-18 12:45:46.177 E/        (    0): [SDL] misc_ioctl msg.len is 3 : 0x58 0x00 0xa8
01-18 12:45:46.182 E/        (    0): [SDL] misc_ioctl msg.len is 2 : 0xa7 0x00
01-18 12:45:46.188 E/        (    0): [SDL] misc_ioctl msg.len is 3 : 0x58 0x00 0xa8
01-18 12:45:46.193 E/        (    0): [SDL] misc_ioctl msg.len is 2 : 0xa7 0x00
01-18 12:45:46.199 E/        (    0): [SDL] misc_ioctl msg.len is 4 : 0x7b 0x00 0x00 0x85
01-18 12:45:46.204 E/        (    0): [SDL] misc_ioctl msg.len is 2 : 0x84 0x00
01-18 12:45:46.210 E/        (    0): [SDL] misc_ioctl msg.len is 4 : 0x82 0x00 0x00 0x7e
01-18 12:45:46.215 E/        (    0): [SDL] misc_ioctl msg.len is 2 : 0x7d 0x80
01-18 12:45:46.212 D/BCReader-JNI( 4265): CHECK camera_status_t ZebraCamera::createCaptureSession() /swdec/SDL/MR-2022/Release/SDL-ALAS00-011-R00-D01/Framework.SDL_standard/project/Android/proj_BarCodeReaderSDL/jni/camera2.h 1741
01-18 12:45:46.212 D/BCReader-JNI( 4265): CHECK camera_status_t ZebraCamera::createCaptureSession() /swdec/SDL/MR-2022/Release/SDL-ALAS00-011-R00-D01/Framework.SDL_standard/project/Android/proj_BarCodeReaderSDL/jni/camera2.h 1757
01-18 12:45:46.212 D/BCReader-JNI( 4265): CHECK camera_status_t ZebraCamera::createCaptureSession() /swdec/SDL/MR-2022/Release/SDL-ALAS00-011-R00-D01/Framework.SDL_standard/project/Android/proj_BarCodeReaderSDL/jni/camera2.h 1769
01-18 12:45:46.212 D/BCReader-JNI( 4265): Call ACameraDevice_createCaptureSession createCaptureSession:1819
01-18 12:45:46.226 E/QCamera (  722): <HAL><ERROR> stop: 1656: Attempt to stop inactive channel
01-18 12:45:46.226 E/QCamera (  722): <HAL><ERROR> stop: 277: Attempt to stop inactive channel
01-18 12:45:46.227 I/QCamera (  722): <HAL><INFO> configureStreamsPerfLocked: 2399: stream[0] type = 0, format = 36, width = 1344, height = 760, rotation = 0, usage = 0x3
01-18 12:45:46.227 E/mm-camera(  722): <MCT   ><ERROR> 4828: mct_pipeline_process_serv_msg: pipeline blackjoe data->sessionid 3 pipeline->session 3 msgid 3
01-18 12:45:46.228 E/mm-camera(  722): <MCT   ><ERROR> 4299: mct_pipeline_process_set: command is 0x800000b blackjoe CAM_PRIV_PARM 0x8000014
01-18 12:45:46.228 I/mm-camera(  722): <MCT   >< INFO> 4302: mct_pipeline_process_set: command=800000b
01-18 12:45:46.228 I/mm-camera(  722): <MCT   >< INFO> 4547: mct_pipeline_process_set: Issuing DEL_STREAM on stream 0x30002 and stream type=8
01-18 12:45:46.228 I/mm-camera(  722): <IFACE >< INFO> 705: iface_unreserve_sink_port: stream_id 2 mode 0 
01-18 12:45:46.228 I/mm-camera(  722): <ISP   >< INFO> 948: isp_port_check_caps_unreserve: ide 30002 port 0xec997110
01-18 12:45:46.229 I/mm-camera(  722): <MCT   >< INFO> 4570: mct_pipeline_process_set: Stream 0x30002 and stream type=8, successfully deleted
01-18 12:45:46.231 E/mm-camera(  722): <MCT   ><ERROR> 4828: mct_pipeline_process_serv_msg: pipeline blackjoe data->sessionid 3 pipeline->session 3 msgid 3
01-18 12:45:46.231 E/mm-camera(  722): <MCT   ><ERROR> 4299: mct_pipeline_process_set: command is 0x800000b blackjoe CAM_PRIV_PARM 0x8000014
01-18 12:45:46.232 I/mm-camera(  722): <MCT   >< INFO> 4302: mct_pipeline_process_set: command=800000b
01-18 12:45:46.232 I/mm-camera(  722): <MCT   >< INFO> 4547: mct_pipeline_process_set: Issuing DEL_STREAM on stream 0x30001 and stream type=7
01-18 12:45:46.232 I/mm-camera(  722): <MCT   >< INFO> 4570: mct_pipeline_process_set: Stream 0x30001 and stream type=7, successfully deleted
01-18 12:45:46.233 E/mm-camera(  722): <MCT   ><ERROR> 4828: mct_pipeline_process_serv_msg: pipeline blackjoe data->sessionid 3 pipeline->session 3 msgid 3
01-18 12:45:46.233 E/mm-camera(  722): <MCT   ><ERROR> 4299: mct_pipeline_process_set: command is 0x800000a blackjoe CAM_PRIV_PARM 0x8000014
01-18 12:45:46.233 I/mm-camera(  722): <MCT   >< INFO> 4302: mct_pipeline_process_set: command=800000a
01-18 12:45:46.235 I/IRQ 6   (    0): no longer affine to CPU4
01-18 12:45:46.285 D/blackjoe callstack(  722): #00 pc 0000b1c5  /vendor/lib/libmmcamera_interface.so (dump_stack_android+36)
01-18 12:45:46.285 D/blackjoe callstack(  722): #01 pc 0001a2af  /vendor/lib/libmmcamera_interface.so (mm_stream_config+66)
01-18 12:45:46.286 D/blackjoe callstack(  722): #02 pc 00019a71  /vendor/lib/libmmcamera_interface.so (mm_stream_fsm_acquired+100)
01-18 12:45:46.286 D/blackjoe callstack(  722): #03 pc 00019771  /vendor/lib/libmmcamera_interface.so (mm_stream_fsm_fn+168)
01-18 12:45:46.286 D/blackjoe callstack(  722): #04 pc 0001600d  /vendor/lib/libmmcamera_interface.so (mm_channel_config_stream+128)
01-18 12:45:46.286 D/blackjoe callstack(  722): #05 pc 00015117  /vendor/lib/libmmcamera_interface.so (mm_channel_fsm_fn_stopped+126)
01-18 12:45:46.288 D/logd    (    0): logdr: UID=0 GID=0 PID=26001 n tail=0 logMask=99 pid=0 start=0ns timeout=0ns
01-18 12:45:46.286 D/blackjoe callstack(  722): #06 pc 00014fc3  /vendor/lib/libmmcamera_interface.so (mm_channel_fsm_fn+142)
01-18 12:45:46.286 D/blackjoe callstack(  722): #07 pc 00011479  /vendor/lib/libmmcamera_interface.so (mm_camera_config_stream+92)
01-18 12:45:46.286 D/blackjoe callstack(  722): #08 pc 0000e3a7  /vendor/lib/libmmcamera_interface.so (mm_camera_intf_config_stream+198)
01-18 12:45:46.286 D/blackjoe callstack(  722): #09 pc 000a1539  /vendor/lib/hw/camera.sdm660.so (qcamera::QCamera3Stream::init(cam_stream_type_t, cam_format_t, cam_dimension_t, cam_rotation_t, cam_stream_reproc_config_t*, unsigned char, unsigned long long, cam_is_type_t, unsigned int, void (*)(mm_camera_super_buf_t*, qcamera::QCamera3Stream*, void*), void*, bool, bool)+816)
01-18 12:45:46.286 D/blackjoe callstack(  722): #10 pc 000a28ad  /vendor/lib/hw/camera.sdm660.so (qcamera::QCamera3Channel::addStream(cam_stream_type_t, cam_format_t, cam_dimension_t, cam_rotation_t, unsigned char, unsigned long long, cam_is_type_t, unsigned int, bool, bool)+208)
01-18 12:45:46.286 D/blackjoe callstack(  722): #11 pc 000a5c8d  /vendor/lib/hw/camera.sdm660.so (qcamera::QCamera3MetadataChannel::initialize(cam_is_type_t)+192)
01-18 12:45:46.286 D/blackjoe callstack(  722): #12 pc 00082889  /vendor/lib/hw/camera.sdm660.so (qcamera::QCamera3HardwareInterface::configureStreamsPerfLocked(camera3_stream_configuration*)+3912)
01-18 12:45:46.286 D/blackjoe callstack(  722): #13 pc 000818fb  /vendor/lib/hw/camera.sdm660.so (qcamera::QCamera3HardwareInterface::configureStreams(camera3_stream_configuration*)+70)
01-18 12:45:46.286 D/blackjoe callstack(  722): #14 pc 0007e24b  /vendor/lib/hw/camera.sdm660.so (qcamera::QCamera3HardwareInterface::configure_streams(camera3_device const*, camera3_stream_configuration*)+46)
01-18 12:45:46.286 D/blackjoe callstack(  722): #15 pc 00011787  /vendor/lib/camera.device@3.4-impl.so (android::hardware::camera::device::V3_4::implementation::CameraDeviceSession::configureStreams_3_4_Impl(android::hardware::camera::device::V3_4::StreamConfiguration const&, std::__1::function<void (android::hardware::camera::common::V1_0::Status, android::hardware::camera::device::V3_4::HalStreamConfiguration const&)>, unsigned int, bool)+422)
01-18 12:45:46.287 D/blackjoe callstack(  722): #16 pc 00014f37  /vendor/lib/camera.device@3.4-impl.so (android::hardware::camera::device::V3_4::implementation::CameraDeviceSession::TrampolineSessionInterface_3_4::configureStreams_3_4(android::hardware::camera::device::V3_4::StreamConfiguration const&, std::__1::function<void (android::hardware::camera::common::V1_0::Status, android::hardware::camera::device::V3_4::HalStreamConfiguration const&)>)+98)
01-18 12:45:46.287 D/blackjoe callstack(  722): #17 pc 0001735b  /apex/com.android.vndk.v30/lib/android.hardware.camera.device@3.4.so (android::hardware::camera::device::V3_4::BnHwCameraDeviceSession::_hidl_configureStreams_3_4(android::hidl::base::V1_0::BnHwBase*, android::hardware::Parcel const&, android::hardware::Parcel*, std::__1::function<void (android::hardware::Parcel&)>)+222)
01-18 12:45:46.287 D/blackjoe callstack(  722): #18 pc 00017a85  /apex/com.android.vndk.v30/lib/android.hardware.camera.device@3.4.so (android::hardware::camera::device::V3_4::BnHwCameraDeviceSession::onTransact(unsigned int, android::hardware::Parcel const&, android::hardware::Parcel*, unsigned int, std::__1::function<void (android::hardware::Parcel&)>)+680)
01-18 12:45:46.287 D/blackjoe callstack(  722): #19 pc 0006d0fb  /apex/com.android.vndk.v30/lib/libhidlbase.so (android::hardware::BHwBinder::transact(unsigned int, android::hardware::Parcel const&, android::hardware::Parcel*, unsigned int, std::__1::function<void (android::hardware::Parcel&)>)+46)
01-18 12:45:46.287 D/blackjoe callstack(  722): #20 pc 000700ad  /apex/com.android.vndk.v30/lib/libhidlbase.so (android::hardware::IPCThreadState::executeCommand(int)+1936)
01-18 12:45:46.287 D/blackjoe callstack(  722): #21 pc 0006f79f  /apex/com.android.vndk.v30/lib/libhidlbase.so (android::hardware::IPCThreadState::getAndExecuteCommand()+138)
01-18 12:45:46.287 D/blackjoe callstack(  722): #22 pc 0007060b  /apex/com.android.vndk.v30/lib/libhidlbase.so (android::hardware::IPCThreadState::joinThreadPool(bool)+110)
01-18 12:45:46.287 D/blackjoe callstack(  722): #23 pc 000019b1  /vendor/bin/hw/android.hardware.camera.provider@2.4-service (main+124)
01-18 12:45:46.287 D/blackjoe callstack(  722): #24 pc 00033641  /apex/com.android.runtime/lib/bionic/libc.so (__libc_init+68)
01-18 12:45:46.287 E/mm-camera(  722): <MCT   ><ERROR> 4828: mct_pipeline_process_serv_msg: pipeline blackjoe data->sessionid 3 pipeline->session 3 msgid 3
01-18 12:45:46.309 E/        (    0): [SDL] misc_ioctl msg.len is 3 : 0x77 0x02 0x87
01-18 12:45:46.288 E/mm-camera(  722): <MCT   ><ERROR> 4299: mct_pipeline_process_set: command is 0x8000018 blackjoe CAM_PRIV_PARM 0x8000014
01-18 12:45:46.310 E/        (    0): [SDL] misc_ioctl msg.len is 2 : 0x88 0x00
01-18 12:45:46.288 I/mm-camera(  722): <MCT   >< INFO> 4302: mct_pipeline_process_set: command=8000018
01-18 12:45:46.288 E/mm-camera(  722): <MCT   ><ERROR> 503: mct_stream_start_link: mct_stream_start_link blackjoe stream_type is 7
01-18 12:45:46.288 I/mm-camera(  722): <MCT   >< INFO> 640: mct_stream_start_link: Link Metadata stream 0x30001: do nothing
01-18 12:45:46.288 E/mm-camera(  722): <MCT   ><ERROR> 862: mct_stream_start_link: call link_module_array blackjoe 0x0
01-18 12:45:46.288 I/mm-camera(  722): <MCT   >< INFO> 4400: mct_pipeline_process_set: Linking successful for stream 0x30001 stream type=7
01-18 12:45:46.289 E/mm-camera(  722): <MCT   ><ERROR> 4828: mct_pipeline_process_serv_msg: pipeline blackjoe data->sessionid 3 pipeline->session 3 msgid 3
01-18 12:45:46.289 E/mm-camera(  722): <MCT   ><ERROR> 4299: mct_pipeline_process_set: command is 0x8000004 blackjoe CAM_PRIV_PARM 0x8000014
01-18 12:45:46.289 I/mm-camera(  722): <MCT   >< INFO> 4302: mct_pipeline_process_set: command=8000004
01-18 12:45:46.297 D/Camera3-Device( 1374): Set real time priority for request queue thread (tid 18340)
01-18 12:45:46.298 D/BCReader-JNI( 4265): End ACameraDevice_createCaptureSession createCaptureSession:1822
01-18 12:45:46.298 D/BCReader-JNI( 4265): This is preallocated Preview Session
01-18 12:45:46.300 I/BCReader-JNI( 4265): Session for camera 0 is busy!
01-18 12:45:46.301 D/qdgralloc( 4265): Imported handle: 0x7baea27000 id: 2091
01-18 12:45:46.302 D/qdgralloc( 4265): GetTransportSize: num fds: 2 num ints: 22 err:0
01-18 12:45:46.303 D/qdgralloc( 1374): Imported handle: 0xe8741090 id: 2091
01-18 12:45:46.303 D/qdgralloc( 1374): GetTransportSize: num fds: 2 num ints: 22 err:0
01-18 12:45:46.306 D/qdgralloc(  722): Imported handle: 0xe4900a90 id: 2091
01-18 12:45:46.307 E/mm-camera(  722): <MCT   ><ERROR> 4828: mct_pipeline_process_serv_msg: pipeline blackjoe data->sessionid 3 pipeline->session 3 msgid 3
01-18 12:45:46.307 E/mm-camera(  722): <MCT   ><ERROR> 4299: mct_pipeline_process_set: command is 0x8000014 blackjoe CAM_PRIV_PARM 0x8000014
01-18 12:45:46.308 I/mm-camera(  722): <ISP   >< INFO> 7159: isp_util_print_meta_stream_info: Deallocate resources
01-18 12:45:46.308 E/mm-camera(  722): <IMGLIB><ERROR> 297: AllocateBuffers: Invalid dimensions 0x0
01-18 12:45:46.308 I/mm-camera(  722): <ISP   >< INFO> 7490: isp_util_handle_stream_info: streams_desc num_streams is 0 
01-18 12:45:46.308 E/mm-camera(  722): <IMGLIB><ERROR> 197: img_algo_preload: Preload: Failed to allocate buffer, rc -4
01-18 12:45:46.309 I/mm-camera(  722): <IFACE >< INFO> 6386: iface_util_handle_meta_stream_info: iface_util_handle_meta_stream_info: ms_type 0 num streams 0
01-18 12:45:46.309 E/mm-camera(  722): <IMGLIB><ERROR> 127: module_imgbase_client_preload_exec: IMG_CORE_PRELOAD failed -4
01-18 12:45:46.312 E/mm-camera(  722): <MCT   ><ERROR> 4828: mct_pipeline_process_serv_msg: pipeline blackjoe data->sessionid 3 pipeline->session 3 msgid 3
01-18 12:45:46.312 E/mm-camera(  722): <MCT   ><ERROR> 4299: mct_pipeline_process_set: command is 0x8000014 blackjoe CAM_PRIV_PARM 0x8000014
01-18 12:45:46.313 E/mm-camera(  722): <IMGLIB><ERROR> 297: AllocateBuffers: Invalid dimensions 0x0
01-18 12:45:46.313 E/mm-camera(  722): <IMGLIB><ERROR> 197: img_algo_preload: Preload: Failed to allocate buffer, rc -4
01-18 12:45:46.313 E/mm-camera(  722): <IMGLIB><ERROR> 127: module_imgbase_client_preload_exec: IMG_CORE_PRELOAD failed -4
01-18 12:45:46.314 I/mm-camera(  722): <ISP   >< INFO> 7159: isp_util_print_meta_stream_info: Deallocate resources
01-18 12:45:46.314 I/mm-camera(  722): <ISP   >< INFO> 7490: isp_util_handle_stream_info: streams_desc num_streams is 0 
01-18 12:45:46.314 I/mm-camera(  722): <IFACE >< INFO> 6386: iface_util_handle_meta_stream_info: iface_util_handle_meta_stream_info: ms_type 0 num streams 0
01-18 12:45:46.315 E/QCamera (  722): <HAL><ERROR> processCaptureRequest: 7218: Check processCaptureRequest:7218 blackjoe
01-18 12:45:46.315 E/QCamera (  722): <HAL><ERROR> setHalFpsRange: 14639: E : setHalFpsRange: min_fps 0, max_fps 0 => will be 60 blackjoe 
01-18 12:45:46.315 I/QCamera (  722): <HAL><INFO> setHalFpsRange: 14674: aeTargetFpsRange fps: [5.000000 60.000000]
01-18 12:45:46.315 I/QCamera (  722): <HAL><INFO> setHalFpsRange: 14752: fps: [5.000000 60.000000] vid_fps: [5.000000 60.000000]
01-18 12:45:46.315 I/QCamera (  722): <HAL><INFO> setSensorHDR: 16388: send sensor HDR setting 0 blackjoe
01-18 12:45:46.315 I/QCamera (  722): <HAL><INFO> processCaptureRequest: 7346: STREAM INFO 0: type 8, wxh: 1344 x 760, pp_mask: 0x0, Format:0 is_type: 0 sync_type 0
01-18 12:45:46.316 E/mm-camera(  722): <MCT   ><ERROR> 4828: mct_pipeline_process_serv_msg: pipeline blackjoe data->sessionid 3 pipeline->session 3 msgid 3
01-18 12:45:46.316 E/mm-camera(  722): <MCT   ><ERROR> 4299: mct_pipeline_process_set: command is 0x8000014 blackjoe CAM_PRIV_PARM 0x8000014
01-18 12:45:46.316 E/mm-camera(  722): <IMGLIB><ERROR> 322: module_depth_map_handle_ctrl_parm: E
01-18 12:45:46.316 E/mm-camera(  722): <IMGLIB><ERROR> 430: module_depth_map_set_config_param: X
01-18 12:45:46.317 E/mm-camera(  722): <IMGLIB><ERROR> 254: module_depth_map_send_config_data: CAM_STREAM_TYPE_DEPTH not set !!
01-18 12:45:46.317 E/mm-camera(  722): <IMGLIB><ERROR> 369: module_depth_map_handle_ctrl_parm: Error module_depth_map_send_config_data
01-18 12:45:46.317 E/mm-camera(  722): <IMGLIB><ERROR> 373: module_depth_map_handle_ctrl_parm: X
01-18 12:45:46.317 E/mm-camera(  722): <IMGLIB><ERROR> 880: module_imgbase_process_param: [depth_map] handle_ctrl_parm error : type=10, rc=-5
01-18 12:45:46.342 D/blackjoe callstack(  722): #00 pc 00004085  /vendor/lib/libmmcamera_dbg.so (dump_stack_android+36)
01-18 12:45:46.342 D/blackjoe callstack(  722): #01 pc 0001d06f  /vendor/lib/libmmcamera2_iface_modules.so (iface_util_set_dis_enable_flag+10)
01-18 12:45:46.342 D/blackjoe callstack(  722): #02 pc 00033f03  /vendor/lib/libmmcamera2_iface_modules.so (port_iface_event_func+1690)
01-18 12:45:46.342 D/blackjoe callstack(  722): #03 pc 0004c917  /vendor/lib/libmmcamera2_sensor_modules.so (port_sensor_port_process_event+286)
01-18 12:45:46.342 D/blackjoe callstack(  722): #04 pc 0000c8d1  /vendor/lib/libmmcamera2_mct.so (mct_list_traverse+24)
01-18 12:45:46.342 D/blackjoe callstack(  722): #05 pc 000450af  /vendor/lib/libmmcamera2_sensor_modules.so (module_sensor_module_process_event+3894)
01-18 12:45:46.342 D/blackjoe callstack(  722): #06 pc 00010cc7  /vendor/lib/libmmcamera2_mct.so (mct_stream_send_event+470)
01-18 12:45:46.343 D/blackjoe callstack(  722): #07 pc 00019ac5  /vendor/lib/libmmcamera2_mct.so (mct_pipeline_send_event+64)
01-18 12:45:46.343 D/blackjoe callstack(  722): #08 pc 00014d43  /vendor/lib/libmmcamera2_mct.so (mct_pipeline_send_ctrl_events+678)
01-18 12:45:46.343 D/blackjoe callstack(  722): #09 pc 000179d5  /vendor/lib/libmmcamera2_mct.so (mct_pipeline_process_serv_msg+2500)
01-18 12:45:46.343 D/blackjoe callstack(  722): #10 pc 0001b5ef  /vendor/lib/libmmcamera2_mct.so (mct_controller_thread_run+362)
01-18 12:45:46.343 D/blackjoe callstack(  722): #11 pc 00083d87  /apex/com.android.runtime/lib/bionic/libc.so (__pthread_start(void*)+40)
01-18 12:45:46.343 D/blackjoe callstack(  722): #12 pc 0003a307  /apex/com.android.runtime/lib/bionic/libc.so (__start_thread+30)
01-18 12:45:46.343 I/mm-camera(  722): <IFACE >< INFO> 6276: iface_util_set_dis_enable_flag: iface_util_set_dis_enable_flag:6276 DIS enable flag = 0
01-18 12:45:46.343 E/mm-camera(  722): <SENSOR><ERROR> 5247: module_sensor_event_control_set_parm: Calling SENSOR_GET_RESOLUTION_INFO blackjoe module_sensor_event_control_set_parm:5247 cur_res -1
01-18 12:45:46.343 I/mm-camera(  722): <SENSOR>< INFO> 3926: sensor_get_resolution_info: Forced cur_res print out blackjoe
01-18 12:45:46.343 I/mm-camera(  722): <SENSOR>< INFO> 4269: sensor_get_resolution_info: sensor info: name: selowe, res: 0, max_fps: 54.000000, w: 1344, h: 760 op pix clk: 400000000, FLL: 787, LLPCK: 1424, mode: 1, PDAF support: 0
01-18 12:45:46.344 I/mm-camera(  722): <C2D   >< INFO> 1970: c2d_module_handle_set_parm_event: META_STREAM_INFO type = 8 w x h : 1344 x 760 pp_mask = 0x0
01-18 12:45:46.344 E/mm-camera(  722): <IMGLIB><ERROR> 297: AllocateBuffers: Invalid dimensions 0x0
01-18 12:45:46.344 I/mm-camera(  722): <ISP   >< INFO> 7155: isp_util_print_meta_stream_info: Stream type 8 Resolution: 1344x760 pp_mask: 0x0
01-18 12:45:46.344 E/mm-camera(  722): <ISP   ><ERROR> 7525: isp_util_handle_stream_info: <non-fatal> failed: isp resource allocate for mipi stream
01-18 12:45:46.344 E/mm-camera(  722): <IMGLIB><ERROR> 197: img_algo_preload: Preload: Failed to allocate buffer, rc -4
01-18 12:45:46.344 I/mm-camera(  722): <IFACE >< INFO> 6386: iface_util_handle_meta_stream_info: iface_util_handle_meta_stream_info: ms_type 0 num streams 1
01-18 12:45:46.344 E/mm-camera(  722): <IMGLIB><ERROR> 127: module_imgbase_client_preload_exec: IMG_CORE_PRELOAD failed -4
01-18 12:45:46.344 E/mm-camera(  722): <MCT   ><ERROR> 4828: mct_pipeline_process_serv_msg: pipeline blackjoe data->sessionid 3 pipeline->session 3 msgid 3
01-18 12:45:46.344 E/mm-camera(  722): <MCT   ><ERROR> 4299: mct_pipeline_process_set: command is 0x8000014 blackjoe CAM_PRIV_PARM 0x8000014
01-18 12:45:46.345 E/mm-camera(  722): <MCT   ><ERROR> 4828: mct_pipeline_process_serv_msg: pipeline blackjoe data->sessionid 3 pipeline->session 3 msgid 4
01-18 12:45:46.345 E/mm-camera(  722): <MCT   ><ERROR> 4856: mct_pipeline_process_serv_msg: CHECK Get PARAM blackjoe
01-18 12:45:46.345 E/mm-camera(  722): <MCT   ><ERROR> 4735: mct_pipeline_process_get: command is 0x8000014 blackjoe CAM_PRIV_PARM 0x8000014
01-18 12:45:46.345 E/mm-camera(  722): <MCT   ><ERROR> 4736: mct_pipeline_process_get: command is 134217748 blackjoe
01-18 12:45:46.345 E/mm-camera(  722): <MCT   ><ERROR> 4828: mct_pipeline_process_serv_msg: pipeline blackjoe data->sessionid 3 pipeline->session 3 msgid 3
01-18 12:45:46.345 E/mm-camera(  722): <MCT   ><ERROR> 4299: mct_pipeline_process_set: command is 0x800000a blackjoe CAM_PRIV_PARM 0x8000014
01-18 12:45:46.346 I/mm-camera(  722): <MCT   >< INFO> 4302: mct_pipeline_process_set: command=800000a
01-18 12:45:46.412 D/blackjoe callstack(  722): #00 pc 0000b1c5  /vendor/lib/libmmcamera_interface.so (dump_stack_android+36)
01-18 12:45:46.413 D/blackjoe callstack(  722): #01 pc 0001a2af  /vendor/lib/libmmcamera_interface.so (mm_stream_config+66)
01-18 12:45:46.413 D/blackjoe callstack(  722): #02 pc 00019a71  /vendor/lib/libmmcamera_interface.so (mm_stream_fsm_acquired+100)
01-18 12:45:46.413 D/blackjoe callstack(  722): #03 pc 00019771  /vendor/lib/libmmcamera_interface.so (mm_stream_fsm_fn+168)
01-18 12:45:46.413 D/blackjoe callstack(  722): #04 pc 0001600d  /vendor/lib/libmmcamera_interface.so (mm_channel_config_stream+128)
01-18 12:45:46.413 D/blackjoe callstack(  722): #05 pc 00015117  /vendor/lib/libmmcamera_interface.so (mm_channel_fsm_fn_stopped+126)
01-18 12:45:46.413 D/blackjoe callstack(  722): #06 pc 00014fc3  /vendor/lib/libmmcamera_interface.so (mm_channel_fsm_fn+142)
01-18 12:45:46.414 D/blackjoe callstack(  722): #07 pc 00011479  /vendor/lib/libmmcamera_interface.so (mm_camera_config_stream+92)
01-18 12:45:46.414 D/blackjoe callstack(  722): #08 pc 0000e3a7  /vendor/lib/libmmcamera_interface.so (mm_camera_intf_config_stream+198)
01-18 12:45:46.414 D/blackjoe callstack(  722): #09 pc 000a1539  /vendor/lib/hw/camera.sdm660.so (qcamera::QCamera3Stream::init(cam_stream_type_t, cam_format_t, cam_dimension_t, cam_rotation_t, cam_stream_reproc_config_t*, unsigned char, unsigned long long, cam_is_type_t, unsigned int, void (*)(mm_camera_super_buf_t*, qcamera::QCamera3Stream*, void*), void*, bool, bool)+816)
01-18 12:45:46.414 D/blackjoe callstack(  722): #10 pc 000a28ad  /vendor/lib/hw/camera.sdm660.so (qcamera::QCamera3Channel::addStream(cam_stream_type_t, cam_format_t, cam_dimension_t, cam_rotation_t, unsigned char, unsigned long long, cam_is_type_t, unsigned int, bool, bool)+208)
01-18 12:45:46.414 D/blackjoe callstack(  722): #11 pc 000a55a3  /vendor/lib/hw/camera.sdm660.so (qcamera::QCamera3RegularChannel::initialize(cam_is_type_t)+470)
01-18 12:45:46.414 D/blackjoe callstack(  722): #12 pc 0008debb  /vendor/lib/hw/camera.sdm660.so (qcamera::QCamera3HardwareInterface::processCaptureRequest(camera3_capture_request*, android::List<qcamera::QCamera3HardwareInterface::InternalRequest>&)+6378)
01-18 12:45:46.414 D/blackjoe callstack(  722): #13 pc 0008c515  /vendor/lib/hw/camera.sdm660.so (qcamera::QCamera3HardwareInterface::orchestrateRequest(camera3_capture_request*)+96)
01-18 12:45:46.415 D/blackjoe callstack(  722): #14 pc 0007e44f  /vendor/lib/hw/camera.sdm660.so (qcamera::QCamera3HardwareInterface::process_capture_request(camera3_device const*, camera3_capture_request*)+274)
01-18 12:45:46.415 D/blackjoe callstack(  722): #15 pc 0001300b  /vendor/lib/camera.device@3.4-impl.so (android::hardware::camera::device::V3_4::implementation::CameraDeviceSession::processOneCaptureRequest_3_4(android::hardware::camera::device::V3_4::CaptureRequest const&)+2070)
01-18 12:45:46.415 D/blackjoe callstack(  722): #16 pc 0001278d  /vendor/lib/camera.device@3.4-impl.so (android::hardware::camera::device::V3_4::implementation::CameraDeviceSession::processCaptureRequest_3_4(android::hardware::hidl_vec<android::hardware::camera::device::V3_4::CaptureRequest> const&, android::hardware::hidl_vec<android::hardware::camera::device::V3_2::BufferCache> const&, std::__1::function<void (android::hardware::camera::common::V1_0::Status, unsigned int)>)+52)
01-18 12:45:46.415 D/blackjoe callstack(  722): #17 pc 00014fdf  /vendor/lib/camera.device@3.4-impl.so (android::hardware::camera::device::V3_4::implementation::CameraDeviceSession::TrampolineSessionInterface_3_4::processCaptureRequest_3_4(android::hardware::hidl_vec<android::hardware::camera::device::V3_4::CaptureRequest> const&, android::hardware::hidl_vec<android::hardware::camera::device::V3_2::BufferCache> const&, std::__1::function<void (android::hardware::camera::common::V1_0::Status, unsigned int)>)+70)
01-18 12:45:46.415 D/blackjoe callstack(  722): #18 pc 000175f5  /apex/com.android.vndk.v30/lib/android.hardware.camera.device@3.4.so (android::hardware::camera::device::V3_4::BnHwCameraDeviceSession::_hidl_processCaptureRequest_3_4(android::hidl::base::V1_0::BnHwBase*, android::hardware::Parcel const&, android::hardware::Parcel*, std::__1::function<void (android::hardware::Parcel&)>)+356)
01-18 12:45:46.415 D/blackjoe callstack(  722): #19 pc 00017aad  /apex/com.android.vndk.v30/lib/android.hardware.camera.device@3.4.so (android::hardware::camera::device::V3_4::BnHwCameraDeviceSession::onTransact(unsigned int, android::hardware::Parcel const&, android::hardware::Parcel*, unsigned int, std::__1::function<void (android::hardware::Parcel&)>)+720)
01-18 12:45:46.415 D/blackjoe callstack(  722): #20 pc 0006d0fb  /apex/com.android.vndk.v30/lib/libhidlbase.so (android::hardware::BHwBinder::transact(unsigned int, android::hardware::Parcel const&, android::hardware::Parcel*, unsigned int, std::__1::function<void (android::hardware::Parcel&)>)+46)
01-18 12:45:46.416 D/blackjoe callstack(  722): #21 pc 000700ad  /apex/com.android.vndk.v30/lib/libhidlbase.so (android::hardware::IPCThreadState::executeCommand(int)+1936)
01-18 12:45:46.416 D/blackjoe callstack(  722): #22 pc 0006f79f  /apex/com.android.vndk.v30/lib/libhidlbase.so (android::hardware::IPCThreadState::getAndExecuteCommand()+138)
01-18 12:45:46.416 D/blackjoe callstack(  722): #23 pc 0007060b  /apex/com.android.vndk.v30/lib/libhidlbase.so (android::hardware::IPCThreadState::joinThreadPool(bool)+110)
01-18 12:45:46.416 D/blackjoe callstack(  722): #24 pc 000019b1  /vendor/bin/hw/android.hardware.camera.provider@2.4-service (main+124)
01-18 12:45:46.416 D/blackjoe callstack(  722): #25 pc 00033641  /apex/com.android.runtime/lib/bionic/libc.so (__libc_init+68)
01-18 12:45:46.417 E/mm-camera(  722): <MCT   ><ERROR> 4828: mct_pipeline_process_serv_msg: pipeline blackjoe data->sessionid 3 pipeline->session 3 msgid 3
01-18 12:45:46.417 E/mm-camera(  722): <MCT   ><ERROR> 4299: mct_pipeline_process_set: command is 0x8000018 blackjoe CAM_PRIV_PARM 0x8000014
01-18 12:45:46.418 I/mm-camera(  722): <MCT   >< INFO> 4302: mct_pipeline_process_set: command=8000018
01-18 12:45:46.418 E/mm-camera(  722): <MCT   ><ERROR> 503: mct_stream_start_link: mct_stream_start_link blackjoe stream_type is 8
01-18 12:45:46.418 E/mm-camera(  722): <MCT   ><ERROR> 608: mct_stream_start_link: Start linking raw stream 0x30002, blackjoe is_secure 0
01-18 12:45:46.418 E/mm-camera(  722): <MCT   ><ERROR> 862: mct_stream_start_link: call link_module_array blackjoe 0x0
01-18 12:45:46.418 E/mm-camera(  722): <IFACE ><ERROR> 645: iface_reserve_src_port: iface_reserve_src_port: iface_src_port is 0x0xe9565030, state is 1 use_pix 0 blackjoe
01-18 12:45:46.418 E/mm-camera(  722): <IFACE ><ERROR> 667: iface_reserve_src_port: iface_reserve_src_port: state is 1
01-18 12:45:46.419 I/mm-camera(  722): <ISP   >< INFO> 858: isp_port_check_caps_reserve: port 0xec997110 ide 30002 type 8 dim 1344 760
01-18 12:45:46.419 E/mm-camera(  722): <ISP   ><ERROR> 3417: isp_handler_get_hw_params: failed: num_hw_stream 0
01-18 12:45:46.421 I/chatty  (  722): uid=1047(cameraserver) CAM_MctServ_3 identical 12 lines
01-18 12:45:46.421 E/mm-camera(  722): <ISP   ><ERROR> 3417: isp_handler_get_hw_params: failed: num_hw_stream 0
01-18 12:45:46.421 I/mm-camera(  722): <MCT   >< INFO> 4400: mct_pipeline_process_set: Linking successful for stream 0x30002 stream type=8
01-18 12:45:46.421 E/QCamera (  722): <MCI><ERROR> mm_stream_get_v4l2_fmt: 2660: Unknown fmt=25
01-18 12:45:46.421 E/mm-camera(  722): <MCT   ><ERROR> 4828: mct_pipeline_process_serv_msg: pipeline blackjoe data->sessionid 3 pipeline->session 3 msgid 3
01-18 12:45:46.422 E/mm-camera(  722): <MCT   ><ERROR> 4299: mct_pipeline_process_set: command is 0x8000004 blackjoe CAM_PRIV_PARM 0x8000014
01-18 12:45:46.422 I/mm-camera(  722): <MCT   >< INFO> 4302: mct_pipeline_process_set: command=8000004
01-18 12:45:46.422 E/mm-camera(  722): <MCT   ><ERROR> 4828: mct_pipeline_process_serv_msg: pipeline blackjoe data->sessionid 3 pipeline->session 3 msgid 3
01-18 12:45:46.422 E/mm-camera(  722): <MCT   ><ERROR> 4299: mct_pipeline_process_set: command is 0x8000019 blackjoe CAM_PRIV_PARM 0x8000014
01-18 12:45:46.422 I/mm-camera(  722): <MCT   >< INFO> 4302: mct_pipeline_process_set: command=8000019
01-18 12:45:46.438 E/QCamera (  722): <MCI><ERROR> mm_stream_streamon: 1375: E, my_handle = 0x2200, fd = 69, state = 6 blackjoe
01-18 12:45:46.438 E/QCamera (  722): <MCI><ERROR> mm_stream_streamon: 1409: E, my_handle = 0x2200, fd = 69, state = 6 session_id:3 stream_id:1
01-18 12:45:46.438 E/mm-camera(  722): <MCT   ><ERROR> 4828: mct_pipeline_process_serv_msg: pipeline blackjoe data->sessionid 3 pipeline->session 3 msgid 3
01-18 12:45:46.438 E/mm-camera(  722): <MCT   ><ERROR> 4299: mct_pipeline_process_set: command is 0x8000008 blackjoe CAM_PRIV_PARM 0x8000014
01-18 12:45:46.439 I/mm-camera(  722): <MCT   >< INFO> 4302: mct_pipeline_process_set: command=8000008
01-18 12:45:46.439 I/mm-camera(  722): <MCT   >< INFO> 4465: mct_pipeline_process_set:  STREAM-ON on stream 0x30001 stream type=7
01-18 12:45:46.439 I/mm-camera(  722): <MCT   >< INFO> 4482: mct_pipeline_process_set:  STREAM-ON success for stream 0x30001, stream type=7
01-18 12:45:46.441 E/QCamera (  722): <MCI><ERROR> mm_stream_streamon: 1375: E, my_handle = 0x2301, fd = 78, state = 6 blackjoe
01-18 12:45:46.441 E/QCamera (  722): <MCI><ERROR> mm_stream_streamon: 1409: E, my_handle = 0x2301, fd = 78, state = 6 session_id:3 stream_id:2
01-18 12:45:46.441 E/mm-camera(  722): <MCT   ><ERROR> 4828: mct_pipeline_process_serv_msg: pipeline blackjoe data->sessionid 3 pipeline->session 3 msgid 3
01-18 12:45:46.441 E/mm-camera(  722): <MCT   ><ERROR> 4299: mct_pipeline_process_set: command is 0x8000008 blackjoe CAM_PRIV_PARM 0x8000014
01-18 12:45:46.442 I/mm-camera(  722): <MCT   >< INFO> 4302: mct_pipeline_process_set: command=8000008
01-18 12:45:46.442 I/mm-camera(  722): <MCT   >< INFO> 4465: mct_pipeline_process_set:  STREAM-ON on stream 0x30002 stream type=8
01-18 12:45:46.442 I/mm-camera(  722): <IFACE >< INFO> 430: iface_util_dump_sensor_cfg: iface_util_dump_sensor_cfg: sensor dim: width = 1344, heght = 760, fmt = 25, is_bayer = 1, init_skip = 0
01-18 12:45:46.442 E/mm-camera(  722): <ISP   ><ERROR> 1324: isp_resource_get_stats_type_mask: failed: num_isp 0
01-18 12:45:46.442 E/mm-camera(  722): <ISP   ><ERROR> 1793: isp_resource_iface_request_output_resource: failed: isp_util_get_stats_type_mask
01-18 12:45:46.442 E/mm-camera(  722): <ISP   ><ERROR> 1807: isp_resource_iface_request_output_resource: failed; pipeline 0x0
01-18 12:45:46.443 E/mm-camera(  722): <ISP   ><ERROR> 2413: isp_handler_module_iface_request_output_resource: failed: isp_resource_iface_request_output_resource
01-18 12:45:46.443 E/mm-camera(  722): <ISP   ><ERROR> 308: isp_port_process_downstream_module_event: failed: isp_handler_control_streamoff
01-18 12:45:46.443 E/mm-camera(  722): <ISP   ><ERROR> 2237: isp_handler_module_send_initial_crop_info: No VFE Resource, Do early exit
01-18 12:45:46.443 E/mm-camera(  722): <ISP   ><ERROR> 312: isp_port_process_downstream_module_event: failed: isp_handler_module_set_stream_config
01-18 12:45:46.443 E/mm-camera(  722): <ISP   ><ERROR> 446: isp_port_process_downstream_event: failed: isp_port_process_downstream_module_event
01-18 12:45:46.443 E/mm-camera(  722): <ISP   ><ERROR> 574: isp_port_event: failed: isp_port_process_downstream_event
01-18 12:45:46.443 E/mm-camera(  722): <IFACE ><ERROR> 1525: iface_util_request_isp_output_resource: iface_util_request_isp_output_resource: error in isp sink port event
01-18 12:45:46.444 E/mm-camera(  722): <IFACE ><ERROR> 4149: iface_util_set_hw_stream_config_pix: iface_util_set_hw_stream_config_pix: iface_util_request_isp_output_resource failed, rc = -1
01-18 12:45:46.444 I/mm-camera(  722): <IFACE >< INFO> 4087: iface_create_axi: iface_create_axi:4087: Create axi hw for session 3 on VFE 0
01-18 12:45:46.450 I/mm-camera(  722): <IFACE >< INFO> 571: iface_dump_axi_plane_config: === AXI DUMP: VFE session_id 3, hw_stream_id 2 ===
01-18 12:45:46.450 I/mm-camera(  722): <IFACE >< INFO> 575: iface_dump_axi_plane_config:     AXI DUMP Axi_src: RDI_0 hw_stream width 1344, height 760
01-18 12:45:46.451 I/mm-camera(  722): <IFACE >< INFO> 577: iface_dump_axi_plane_config: need buf divert = 0, burst count = 0
01-18 12:45:46.451 I/mm-camera(  722): <IFACE >< INFO> 580: iface_dump_axi_plane_config: hfr mode = 0, skip pattern = 0, init_frame_drop = 0
01-18 12:45:46.451 I/mm-camera(  722): <IFACE >< INFO> 613: iface_dump_axi_plane_config: plane[0]: plane_fmt 0(Y-0/CB-1/Cr-2/CrCb-3/CbCr-4)
01-18 12:45:46.452 I/mm-camera(  722): <IFACE >< INFO> 615: iface_dump_axi_plane_config: plane[0]: width = 1344, height = 760
01-18 12:45:46.452 I/mm-camera(  722): <IFACE >< INFO> 617: iface_dump_axi_plane_config: plane[0]: stride = 1344, scanlines = 768
01-18 12:45:46.452 I/mm-camera(  722): <IFACE >< INFO> 619: iface_dump_axi_plane_config: plane[0]: address_offset 0
01-18 12:45:46.454 E/msm_isp_open_node(    0): reset VFE
01-18 12:45:46.464 D/logd    (    0): logdr: UID=0 GID=0 PID=26007 n tail=0 logMask=99 pid=0 start=0ns timeout=0ns
01-18 12:45:46.464 E/msm_ispif_config(    0): 1061 Exit
01-18 12:45:46.452 I/mm-camera(  722): <IFACE >< INFO> 1786: iface_streamon_to_thread: iface_streamon_to_thread: E, session id = 3, user stream id = 2
01-18 12:45:46.465 E/msm_ispif_config2(    0): Exit
01-18 12:45:46.452 E/mm-camera(  722): <ISP   ><ERROR> 823: isp_handler_control_streamon: num_isp 0
01-18 12:45:46.452 I/mm-camera(  722): <IFACE >< INFO> 2133: iface_streamon: E, session_id 3 mct_stream_id = 2
01-18 12:45:46.453 I/mm-camera(  722): <IFACE >< INFO> 12242: iface_util_get_user_streams_by_bundle: streamon, got all bundled streamon!
01-18 12:45:46.458 I/mm-camera(  722): <IFACE >< INFO> 2426: iface_streamon: X
01-18 12:45:46.459 I/mm-camera(  722): <IFACE >< INFO> 1815: iface_streamon_to_thread: iface_streamon_to_thread: X, session id = 3, user stream id = 2
01-18 12:45:46.459 E/mm-camera(  722): <SENSOR><ERROR> 3759: module_sensor_stream_on: return by blackjoe
01-18 12:45:46.459 I/mm-camera(  722): <MCT   >< INFO> 4482: mct_pipeline_process_set:  STREAM-ON success for stream 0x30002, stream type=8
01-18 12:45:46.459 E/QCamera (  722): <HAL><ERROR> translateToHalMetadata: 14966: Check translateToHalMetadata:14966 blackjoe
01-18 12:45:46.459 E/QCamera (  722): <HAL><ERROR> setHalFpsRange: 14639: E : setHalFpsRange: min_fps 0, max_fps 0 => will be 60 blackjoe 
01-18 12:45:46.459 I/QCamera (  722): <HAL><INFO> setHalFpsRange: 14674: aeTargetFpsRange fps: [5.000000 60.000000]
01-18 12:45:46.475 E/        (    0): frame_src is 1 frame_id is 1 blackjoe
01-18 12:45:46.460 I/QCamera (  722): <HAL><INFO> setHalFpsRange: 14752: fps: [5.000000 60.000000] vid_fps: [5.000000 60.000000]
01-18 12:45:46.461 E/mm-camera(  722): <MCT   ><ERROR> 4828: mct_pipeline_process_serv_msg: pipeline blackjoe data->sessionid 3 pipeline->session 3 msgid 3
01-18 12:45:46.461 E/mm-camera(  722): <MCT   ><ERROR> 4299: mct_pipeline_process_set: command is 0x8000014 blackjoe CAM_PRIV_PARM 0x8000014
01-18 12:45:46.463 D/qdgralloc( 4265): Imported handle: 0x7baea291c0 id: 2092
01-18 12:45:46.463 D/qdgralloc( 4265): GetTransportSize: num fds: 2 num ints: 22 err:0
01-18 12:45:46.464 D/qdgralloc( 1374): Imported handle: 0xe8740590 id: 2092
01-18 12:45:46.464 D/qdgralloc( 1374): GetTransportSize: num fds: 2 num ints: 22 err:0
01-18 12:45:46.465 D/qdgralloc(  722): Imported handle: 0xe4901690 id: 2092
01-18 12:45:46.466 E/mm-camera(  722): <MCT   ><ERROR> 4828: mct_pipeline_process_serv_msg: pipeline blackjoe data->sessionid 3 pipeline->session 3 msgid 3
01-18 12:45:46.466 E/mm-camera(  722): <MCT   ><ERROR> 4299: mct_pipeline_process_set: command is 0x8000014 blackjoe CAM_PRIV_PARM 0x8000014
01-18 12:45:46.467 E/mm-camera(  722): <MCT   ><ERROR> 1263: mct_controller_handle_SOF_proc: Invalid case ! bus_msg frame_id 1 cannot be greater than kernel_sofid 0
01-18 12:45:46.467 E/mm-camera(  722): <MCT   ><ERROR> 225: mct_bus_sof_tracker: Invalid ISP SOF ID 1 received, prev ID is 257
01-18 12:45:46.467 E/mm-camera(  722): <MCT   ><ERROR> 1007: mct_controller_proc_bus_msg_internal: Failed to issue SOF cmd to all modules.
01-18 12:45:46.468 D/qdgralloc( 4265): Imported handle: 0x7baea26d30 id: 2093
01-18 12:45:46.468 D/qdgralloc( 4265): GetTransportSize: num fds: 2 num ints: 22 err:0
01-18 12:45:46.468 D/qdgralloc( 1374): Imported handle: 0xe8741890 id: 2093
01-18 12:45:46.468 D/qdgralloc( 1374): GetTransportSize: num fds: 2 num ints: 22 err:0
01-18 12:45:46.469 D/qdgralloc(  722): Imported handle: 0xe4901810 id: 2093
01-18 12:45:46.476 E/mm-camera(  722): <MCT   ><ERROR> 4828: mct_pipeline_process_serv_msg: pipeline blackjoe data->sessionid 3 pipeline->session 3 msgid 3
01-18 12:45:46.476 E/mm-camera(  722): <MCT   ><ERROR> 4299: mct_pipeline_process_set: command is 0x8000014 blackjoe CAM_PRIV_PARM 0x8000014
01-18 12:45:46.478 D/qdgralloc( 4265): Imported handle: 0x7baea29130 id: 2094
01-18 12:45:46.478 D/qdgralloc( 4265): GetTransportSize: num fds: 2 num ints: 22 err:0
