05-21 21:49:23.116 E/FUSIONWL(    0): : ==Regulatory_scan_country_list_db_reset==: Reset complete for scan country list
05-21 21:49:23.117 V/WifiHAL ( 2085): event received NL80211_CMD_NEW_SCAN_RESULTS
05-21 21:49:23.118 V/WifiHAL (  763): event received NL80211_CMD_NEW_SCAN_RESULTS
05-21 21:49:23.118 D/WifiNl80211Manager( 2276): Scan result ready event
05-21 21:49:23.118 D/WifiNative( 2276): Scan result ready event
05-21 21:49:23.122 D/WificondScannerImpl( 2276): Filtering out 2 scan results.
05-21 21:49:23.133 D/ZebraRttProvider.FusionEngine( 4482): receive broadcast intent, action: android.net.wifi.SCAN_RESULTS
05-21 21:49:23.133 D/FusionLoggerService( 5903): onReceive = android.net.wifi.SCAN_RESULTS
05-21 21:49:23.133 I/FusionManager( 5903): getCountry ENTER
05-21 21:49:23.134 D/vendor.zebra.fusion@1.0-service(  825): is80211dEnabled: returns 1
05-21 21:49:23.135 E/FusionServiceImpl( 5928): is80211dEnabled true
05-21 21:49:23.136 I/fusionconfd( 2085): getDriverCountry ENTER
05-21 21:49:23.139 D/FusionLoggerService( 5903): Country unchanged
05-21 21:49:23.521 I/DPMJ    ( 3144): |REQ:RCVR| DPM creating socket
05-21 21:49:23.990 E/WifiScoringParams( 2276): Invalid frequency(-1), using 5G as default rssi array
05-21 21:49:24.012 D/WifiNative( 2276): Scan trigered from WifiNative
05-21 21:49:24.017 V/WifiHAL ( 2085): event received NL80211_CMD_TRIGGER_SCAN
05-21 21:49:24.018 V/WifiHAL (  763): event received NL80211_CMD_TRIGGER_SCAN
05-21 21:49:24.025 I/FUSIONWL(    0): : ==ChannelMask_GetChannels==: Dropping channel 144, not valid
05-21 21:49:24.025 I/FUSIONWL(    0): : ==ChannelMask_GetChannels==: Band Auto, Ch list length 37
05-21 21:49:24.397 I/init    (    0): starting service 'qccsyshalservice'...
05-21 21:49:24.449 I/init    (    0): starting service 'qccvndhalservice'...
05-21 21:49:24.476 D/CompatibilityInfo( 2276): mCompatibilityFlags - 4
05-21 21:49:24.476 D/CompatibilityInfo( 2276): applicationDensity - 240
05-21 21:49:24.476 D/CompatibilityInfo( 2276): applicationScale - 1.0
05-21 21:49:24.481 I/NextSubtest service(15122): hit
05-21 21:49:24.481 I/cmd     (15205): oneway function results will be dropped but finished with status OK and parcel size 4
05-21 21:49:24.484 D/SW_Decode_Android_TestApp_Activity(15122): GetLastDecodedImageTests : 0
05-21 21:49:24.493 E/        (    0): [SDL] misc_ioctl msg.len is 3 : 0x77 0x03 0x86
05-21 21:49:24.503 E/        (    0): [SDL] misc_ioctl msg.len is 2 : 0x88 0x00
05-21 21:49:24.503 E/        (    0): [SDL] se47xx_misc_ioctl ret = -107
05-21 21:49:24.484 I/vendor.qti.hard(15207): type=1400 audit(0.0:11068): avc: denied { search } for name="/" dev="mmcblk0p37" ino=2 scontext=u:r:vendor_hal_qccvndhal_qti:s0 tcontext=u:object_r:factory_file:s0 tclass=dir permissive=1
05-21 21:49:24.505 I/qccsyshalservice(15206): Start with system binder
05-21 21:49:24.507 I/qccsyshalservice(15206): Registering qccsyshal service...
05-21 21:49:24.509 I/hwservicemanager(  503): getTransport: Cannot find entry vendor.qti.hardware.qccsyshal@1.0::IQccsyshal/qccsyshal in either framework or device manifest.
05-21 21:49:24.507 E/        (    0): [SDL] misc_ioctl msg.len is 2 : 0x88 0x00
05-21 21:49:24.512 E/        (    0): [SDL] misc_ioctl msg.len is 3 : 0x77 0x08 0x81
05-21 21:49:24.517 E/        (    0): [SDL] misc_ioctl msg.len is 2 : 0x88 0x00
05-21 21:49:24.512 E/HidlServiceManagement(15206): Service vendor.qti.hardware.qccsyshal@1.0::IQccsyshal/qccsyshal must be in VINTF manifest in order to register/get.
05-21 21:49:24.512 E/qccsyshalservice(15206): [ERROR] registerAsService() failed with status: -2147483648
05-21 21:49:24.522 E/        (    0): [SDL] misc_ioctl msg.len is 3 : 0x58 0x00 0xa8
05-21 21:49:24.528 E/        (    0): [SDL] misc_ioctl msg.len is 2 : 0xa7 0x00
05-21 21:49:24.531 I/init    (    0): Service 'qccsyshalservice' (pid 15206) exited with status 1
05-21 21:49:24.533 I/init    (    0): Sending signal 9 to service 'qccsyshalservice' (pid 15206) process group...
05-21 21:49:24.533 E/        (    0): [SDL] misc_ioctl msg.len is 3 : 0x77 0x03 0x86
05-21 21:49:24.534 I/libprocessgroup(    0): Successfully killed process cgroup uid 1000 pid 15206 in 0ms
05-21 21:49:24.538 E/        (    0): [SDL] misc_ioctl msg.len is 2 : 0x88 0x00
05-21 21:49:24.545 E/        (    0): [SDL] misc_ioctl msg.len is 3 : 0x77 0x08 0x81
05-21 21:49:24.549 E/        (    0): [SDL] misc_ioctl msg.len is 2 : 0x88 0x00
05-21 21:49:24.555 E/        (    0): [SDL] misc_ioctl msg.len is 3 : 0x58 0x00 0xa8
05-21 21:49:24.553 I/vendor.qti.hardware.qccvndhal@1.0-service(15207): Start with vendor binder
05-21 21:49:24.554 I/vendor.qti.hardware.qccvndhal@1.0-service(15207): Registering qccvndhal service...
05-21 21:49:24.560 E/        (    0): [SDL] misc_ioctl msg.len is 2 : 0xa7 0x00
05-21 21:49:24.565 E/        (    0): [SDL] misc_ioctl msg.len is 3 : 0x58 0x00 0xa8
05-21 21:49:24.556 I/hwservicemanager(  503): getTransport: Cannot find entry vendor.qti.hardware.qccvndhal@1.0::IQccvndhal/qccvndhal in either framework or device manifest.
05-21 21:49:24.557 E/HidlServiceManagement(15207): Service vendor.qti.hardware.qccvndhal@1.0::IQccvndhal/qccvndhal must be in VINTF manifest in order to register/get.
05-21 21:49:24.558 E/vendor.qti.hardware.qccvndhal@1.0-service(15207): [ERROR] registerAsService() failed with status: -2147483648
05-21 21:49:24.570 E/        (    0): [SDL] misc_ioctl msg.len is 2 : 0xa7 0x00
05-21 21:49:24.576 I/init    (    0): Service 'qccvndhalservice' (pid 15207) exited with status 1
05-21 21:49:24.576 I/init    (    0): Sending signal 9 to service 'qccvndhalservice' (pid 15207) process group...
05-21 21:49:24.577 I/libprocessgroup(    0): Successfully killed process cgroup uid 1000 pid 15207 in 0ms
05-21 21:49:24.575 I/QCamera (  723): <HAL><INFO> start_preview: 383: [KPI Perf]: E PROFILE_START_PREVIEW camera id 0
05-21 21:49:24.578 I/QCamera (  723): <HAL><INFO> preparePreview: 9389: E
05-21 21:49:24.579 I/QCamera (  723): <HAL><INFO> setStreamConfigure: 14901: STREAM INFO : type 11, wxh: 640 x 376, pp_mask: 0x882                 Format = 105, dt =0 cid =0 subformat =0, is_type 0
05-21 21:49:24.579 I/QCamera (  723): <HAL><INFO> setStreamConfigure: 14901: STREAM INFO : type 1, wxh: 1360 x 800, pp_mask: 0x100000882                 Format = 2, dt =0 cid =0 subformat =0, is_type 0
05-21 21:49:24.580 E/mm-camera(  723): <MCT   ><ERROR> 4828: mct_pipeline_process_serv_msg: pipeline blackjoe data->sessionid 3 pipeline->session 3 msgid 3
05-21 21:49:24.580 E/mm-camera(  723): <MCT   ><ERROR> 4299: mct_pipeline_process_set: command is 0x8000014 blackjoe CAM_PRIV_PARM 0x8000014
05-21 21:49:24.593 E/msm_isp_open_node(    0): reset VFE
05-21 21:49:24.581 I/mm-camera(  723): <C2D   >< INFO> 1970: c2d_module_handle_set_parm_event: META_STREAM_INFO type = 11 w x h : 640 x 376 pp_mask = 0x882
05-21 21:49:24.581 I/mm-camera(  723): <C2D   >< INFO> 1970: c2d_module_handle_set_parm_event: META_STREAM_INFO type = 1 w x h : 1360 x 800 pp_mask = 0x882
05-21 21:49:24.581 I/mm-camera(  723): <ISP   >< INFO> 7155: isp_util_print_meta_stream_info: Stream type 11 Resolution: 640x376 pp_mask: 0x882
05-21 21:49:24.581 I/mm-camera(  723): <ISP   >< INFO> 7155: isp_util_print_meta_stream_info: Stream type 1 Resolution: 1360x800 pp_mask: 0x882
05-21 21:49:24.582 I/mm-camera(  723): <ISP   >< INFO> 1179: isp_resource_reserve_isp: Allocate num_isp 1 for session 3 request_dual_isp 0
05-21 21:49:24.583 I/mm-camera(  723): <ISP   >< INFO> 2654: isp_resource_allocate: INFO: ISP resource acquired: session 3 num_isp 1
05-21 21:49:24.584 I/mm-camera(  723): <ISP   >< INFO> 2656: isp_resource_allocate: INFO: ISP resource acquired: hw_id 1
05-21 21:49:24.584 I/mm-camera(  723): <ISP   >< INFO> 7001: isp_util_decide_stream_mapping: stream_port_map num streams 2
05-21 21:49:24.584 I/mm-camera(  723): <ISP   >< INFO> 7015: isp_util_decide_stream_mapping: INFO: type 1 resolution 1360x800 hw_stream 0 need_native_buff 1 controllable_output 0 shared_output 0is_changed 0 changed_dim 1360x800
05-21 21:49:24.584 I/mm-camera(  723): <ISP   >< INFO> 7015: isp_util_decide_stream_mapping: INFO: type 11 resolution 640x376 hw_stream 2 need_native_buff 1 controllable_output 0 shared_output 0is_changed 0 changed_dim 640x376
05-21 21:49:24.584 I/mm-camera(  723): <ISP   >< INFO> 7626: isp_util_handle_stream_info: INFO: set VFE 1 in secure mode value 10200
05-21 21:49:24.586 I/mm-camera(  723): <IFACE >< INFO> 6386: iface_util_handle_meta_stream_info: iface_util_handle_meta_stream_info: ms_type 0 num streams 2
05-21 21:49:24.586 W/mm-camera(  723): <IFACE >< WARN> 2858: iface_util_modify_plane_info_for_native_buf: iface_util_modify_plane_info_for_native_buf: Invalid cam_format -2088533117
05-21 21:49:24.586 W/mm-camera(  723): <IFACE >< WARN> 2893: iface_util_calculate_frame_length_for_native_buf: iface_util_calculate_frame_length_for_native_buf: returned fail=-1
05-21 21:49:24.586 W/mm-camera(  723): <IFACE >< WARN> 2858: iface_util_modify_plane_info_for_native_buf: iface_util_modify_plane_info_for_native_buf: Invalid cam_format -2088533117
05-21 21:49:24.587 W/mm-camera(  723): <IFACE >< WARN> 2893: iface_util_calculate_frame_length_for_native_buf: iface_util_calculate_frame_length_for_native_buf: returned fail=-1
05-21 21:49:24.587 E/mm-camera(  723): <MCT   ><ERROR> 4828: mct_pipeline_process_serv_msg: pipeline blackjoe data->sessionid 3 pipeline->session 3 msgid 3
05-21 21:49:24.587 E/mm-camera(  723): <MCT   ><ERROR> 4299: mct_pipeline_process_set: command is 0x8000014 blackjoe CAM_PRIV_PARM 0x8000014
05-21 21:49:24.588 E/mm-camera(  723): <MCT   ><ERROR> 4828: mct_pipeline_process_serv_msg: pipeline blackjoe data->sessionid 3 pipeline->session 3 msgid 4
05-21 21:49:24.588 E/mm-camera(  723): <MCT   ><ERROR> 4856: mct_pipeline_process_serv_msg: CHECK Get PARAM blackjoe
05-21 21:49:24.588 E/mm-camera(  723): <MCT   ><ERROR> 4735: mct_pipeline_process_get: command is 0x8000014 blackjoe CAM_PRIV_PARM 0x8000014
05-21 21:49:24.588 E/mm-camera(  723): <MCT   ><ERROR> 4736: mct_pipeline_process_get: command is 134217748 blackjoe
05-21 21:49:24.626 D/blackjoe callstack(  723): #00 pc 0000b1c5  /vendor/lib/libmmcamera_interface.so (dump_stack_android+36)
05-21 21:49:24.626 D/blackjoe callstack(  723): #01 pc 000d74d3  /vendor/lib/hw/camera.sdm660.so (qcamera::QCameraStream::init(qcamera::QCameraHeapMemory*, qcamera::QCameraHeapMemory*, void (*)(mm_camera_super_buf_t*, qcamera::QCameraStream*, void*), void*, bool)+14)
05-21 21:49:24.626 D/blackjoe callstack(  723): #02 pc 000d3a05  /vendor/lib/hw/camera.sdm660.so (qcamera::QCameraChannel::addStream(qcamera::QCameraAllocator&, qcamera::QCameraHeapMemory*, qcamera::QCameraHeapMemory*, cam_padding_info_t*, void (*)(mm_camera_super_buf_t*, qcamera::QCameraStream*, void*), void*, bool, bool, cam_rotation_t, unsigned int)+188)
05-21 21:49:24.627 D/blackjoe callstack(  723): #03 pc 000c455b  /vendor/lib/hw/camera.sdm660.so (qcamera::QCamera2HardwareInterface::addStreamToChannel(qcamera::QCameraChannel*, cam_stream_type_t, void (*)(mm_camera_super_buf_t*, qcamera::QCameraStream*, void*), void*)+522)
05-21 21:49:24.627 D/blackjoe callstack(  723): #04 pc 000c4795  /vendor/lib/hw/camera.sdm660.so (qcamera::QCamera2HardwareInterface::addPreviewChannel()+136)
05-21 21:49:24.627 D/blackjoe callstack(  723): #05 pc 000beba1  /vendor/lib/hw/camera.sdm660.so (qcamera::QCamera2HardwareInterface::preparePreview()+360)
05-21 21:49:24.627 D/blackjoe callstack(  723): #06 pc 000d063b  /vendor/lib/hw/camera.sdm660.so (qcamera::QCameraStateMachine::procEvtPreviewStoppedState(qcamera::qcamera_sm_evt_enum_t, void*)+1670)
05-21 21:49:24.627 D/blackjoe callstack(  723): #07 pc 000cfbd3  /vendor/lib/hw/camera.sdm660.so (qcamera::QCameraStateMachine::stateMachine(qcamera::qcamera_sm_evt_enum_t, void*)+82)
05-21 21:49:24.627 D/blackjoe callstack(  723): #08 pc 000cfafb  /vendor/lib/hw/camera.sdm660.so (qcamera::QCameraStateMachine::smEvtProcRoutine(void*)+158)
05-21 21:49:24.627 D/blackjoe callstack(  723): #09 pc 00083d87  /apex/com.android.runtime/lib/bionic/libc.so (__pthread_start(void*)+40)
05-21 21:49:24.627 D/blackjoe callstack(  723): #10 pc 0003a307  /apex/com.android.runtime/lib/bionic/libc.so (__start_thread+30)
05-21 21:49:24.627 E/mm-camera(  723): <MCT   ><ERROR> 4828: mct_pipeline_process_serv_msg: pipeline blackjoe data->sessionid 3 pipeline->session 3 msgid 3
05-21 21:49:24.628 E/mm-camera(  723): <MCT   ><ERROR> 4299: mct_pipeline_process_set: command is 0x800000a blackjoe CAM_PRIV_PARM 0x8000014
05-21 21:49:24.628 I/mm-camera(  723): <MCT   >< INFO> 4302: mct_pipeline_process_set: command=800000a
05-21 21:49:24.644 D/logd    (    0): logdr: UID=0 GID=0 PID=15212 n tail=0 logMask=99 pid=0 start=0ns timeout=0ns
05-21 21:49:24.654 D/blackjoe callstack(  723): #00 pc 0000b1c5  /vendor/lib/libmmcamera_interface.so (dump_stack_android+36)
05-21 21:49:24.654 D/blackjoe callstack(  723): #01 pc 0001a2af  /vendor/lib/libmmcamera_interface.so (mm_stream_config+66)
05-21 21:49:24.654 D/blackjoe callstack(  723): #02 pc 00019a71  /vendor/lib/libmmcamera_interface.so (mm_stream_fsm_acquired+100)
05-21 21:49:24.654 D/blackjoe callstack(  723): #03 pc 00019771  /vendor/lib/libmmcamera_interface.so (mm_stream_fsm_fn+168)
05-21 21:49:24.654 D/blackjoe callstack(  723): #04 pc 0001600d  /vendor/lib/libmmcamera_interface.so (mm_channel_config_stream+128)
05-21 21:49:24.654 D/blackjoe callstack(  723): #05 pc 00015117  /vendor/lib/libmmcamera_interface.so (mm_channel_fsm_fn_stopped+126)
05-21 21:49:24.654 D/blackjoe callstack(  723): #06 pc 00014fc3  /vendor/lib/libmmcamera_interface.so (mm_channel_fsm_fn+142)
05-21 21:49:24.654 D/blackjoe callstack(  723): #07 pc 00011479  /vendor/lib/libmmcamera_interface.so (mm_camera_config_stream+92)
05-21 21:49:24.654 D/blackjoe callstack(  723): #08 pc 0000e3a7  /vendor/lib/libmmcamera_interface.so (mm_camera_intf_config_stream+198)
05-21 21:49:24.654 D/blackjoe callstack(  723): #09 pc 000d78ed  /vendor/lib/hw/camera.sdm660.so (qcamera::QCameraStream::configStream()+108)
05-21 21:49:24.654 D/blackjoe callstack(  723): #10 pc 000d758f  /vendor/lib/hw/camera.sdm660.so (qcamera::QCameraStream::init(qcamera::QCameraHeapMemory*, qcamera::QCameraHeapMemory*, void (*)(mm_camera_super_buf_t*, qcamera::QCameraStream*, void*), void*, bool)+202)
05-21 21:49:24.654 D/blackjoe callstack(  723): #11 pc 000d3a05  /vendor/lib/hw/camera.sdm660.so (qcamera::QCameraChannel::addStream(qcamera::QCameraAllocator&, qcamera::QCameraHeapMemory*, qcamera::QCameraHeapMemory*, cam_padding_info_t*, void (*)(mm_camera_super_buf_t*, qcamera::QCameraStream*, void*), void*, bool, bool, cam_rotation_t, unsigned int)+188)
05-21 21:49:24.654 D/blackjoe callstack(  723): #12 pc 000c455b  /vendor/lib/hw/camera.sdm660.so (qcamera::QCamera2HardwareInterface::addStreamToChannel(qcamera::QCameraChannel*, cam_stream_type_t, void (*)(mm_camera_super_buf_t*, qcamera::QCameraStream*, void*), void*)+522)
05-21 21:49:24.655 D/blackjoe callstack(  723): #13 pc 000c4795  /vendor/lib/hw/camera.sdm660.so (qcamera::QCamera2HardwareInterface::addPreviewChannel()+136)
05-21 21:49:24.655 D/blackjoe callstack(  723): #14 pc 000beba1  /vendor/lib/hw/camera.sdm660.so (qcamera::QCamera2HardwareInterface::preparePreview()+360)
05-21 21:49:24.655 D/blackjoe callstack(  723): #15 pc 000d063b  /vendor/lib/hw/camera.sdm660.so (qcamera::QCameraStateMachine::procEvtPreviewStoppedState(qcamera::qcamera_sm_evt_enum_t, void*)+1670)
05-21 21:49:24.655 D/blackjoe callstack(  723): #16 pc 000cfbd3  /vendor/lib/hw/camera.sdm660.so (qcamera::QCameraStateMachine::stateMachine(qcamera::qcamera_sm_evt_enum_t, void*)+82)
05-21 21:49:24.655 D/blackjoe callstack(  723): #17 pc 000cfafb  /vendor/lib/hw/camera.sdm660.so (qcamera::QCameraStateMachine::smEvtProcRoutine(void*)+158)
05-21 21:49:24.655 D/blackjoe callstack(  723): #18 pc 00083d87  /apex/com.android.runtime/lib/bionic/libc.so (__pthread_start(void*)+40)
05-21 21:49:24.655 D/blackjoe callstack(  723): #19 pc 0003a307  /apex/com.android.runtime/lib/bionic/libc.so (__start_thread+30)
05-21 21:49:24.655 E/mm-camera(  723): <MCT   ><ERROR> 4828: mct_pipeline_process_serv_msg: pipeline blackjoe data->sessionid 3 pipeline->session 3 msgid 3
05-21 21:49:24.655 E/mm-camera(  723): <MCT   ><ERROR> 4299: mct_pipeline_process_set: command is 0x8000018 blackjoe CAM_PRIV_PARM 0x8000014
05-21 21:49:24.655 I/mm-camera(  723): <MCT   >< INFO> 4302: mct_pipeline_process_set: command=8000018
05-21 21:49:24.655 E/mm-camera(  723): <MCT   ><ERROR> 503: mct_stream_start_link: mct_stream_start_link blackjoe stream_type is 7
05-21 21:49:24.656 I/mm-camera(  723): <MCT   >< INFO> 640: mct_stream_start_link: Link Metadata stream 0x30001: do nothing
05-21 21:49:24.656 E/mm-camera(  723): <MCT   ><ERROR> 862: mct_stream_start_link: call link_module_array blackjoe 0x0
05-21 21:49:24.656 I/mm-camera(  723): <MCT   >< INFO> 4400: mct_pipeline_process_set: Linking successful for stream 0x30001 stream type=7
05-21 21:49:24.656 E/mm-camera(  723): <MCT   ><ERROR> 4828: mct_pipeline_process_serv_msg: pipeline blackjoe data->sessionid 3 pipeline->session 3 msgid 3
05-21 21:49:24.656 E/mm-camera(  723): <MCT   ><ERROR> 4299: mct_pipeline_process_set: command is 0x8000004 blackjoe CAM_PRIV_PARM 0x8000014
05-21 21:49:24.656 I/mm-camera(  723): <MCT   >< INFO> 4302: mct_pipeline_process_set: command=8000004
05-21 21:49:24.656 I/QCamera (  723): <HAL><INFO> addPreviewChannel: 8127: RDI - rdi CB
05-21 21:49:24.657 E/mm-camera(  723): <MCT   ><ERROR> 4828: mct_pipeline_process_serv_msg: pipeline blackjoe data->sessionid 3 pipeline->session 3 msgid 3
05-21 21:49:24.657 E/mm-camera(  723): <MCT   ><ERROR> 4299: mct_pipeline_process_set: command is 0x8000014 blackjoe CAM_PRIV_PARM 0x8000014
05-21 21:49:24.657 E/mm-camera(  723): <MCT   ><ERROR> 4828: mct_pipeline_process_serv_msg: pipeline blackjoe data->sessionid 3 pipeline->session 3 msgid 4
05-21 21:49:24.657 E/mm-camera(  723): <MCT   ><ERROR> 4856: mct_pipeline_process_serv_msg: CHECK Get PARAM blackjoe
05-21 21:49:24.657 E/mm-camera(  723): <MCT   ><ERROR> 4735: mct_pipeline_process_get: command is 0x8000014 blackjoe CAM_PRIV_PARM 0x8000014
05-21 21:49:24.657 E/mm-camera(  723): <MCT   ><ERROR> 4736: mct_pipeline_process_get: command is 134217748 blackjoe
05-21 21:49:24.682 D/blackjoe callstack(  723): #00 pc 0000b1c5  /vendor/lib/libmmcamera_interface.so (dump_stack_android+36)
05-21 21:49:24.682 D/blackjoe callstack(  723): #01 pc 000d74d3  /vendor/lib/hw/camera.sdm660.so (qcamera::QCameraStream::init(qcamera::QCameraHeapMemory*, qcamera::QCameraHeapMemory*, void (*)(mm_camera_super_buf_t*, qcamera::QCameraStream*, void*), void*, bool)+14)
05-21 21:49:24.682 D/blackjoe callstack(  723): #02 pc 000d3a05  /vendor/lib/hw/camera.sdm660.so (qcamera::QCameraChannel::addStream(qcamera::QCameraAllocator&, qcamera::QCameraHeapMemory*, qcamera::QCameraHeapMemory*, cam_padding_info_t*, void (*)(mm_camera_super_buf_t*, qcamera::QCameraStream*, void*), void*, bool, bool, cam_rotation_t, unsigned int)+188)
05-21 21:49:24.682 D/blackjoe callstack(  723): #03 pc 000c455b  /vendor/lib/hw/camera.sdm660.so (qcamera::QCamera2HardwareInterface::addStreamToChannel(qcamera::QCameraChannel*, cam_stream_type_t, void (*)(mm_camera_super_buf_t*, qcamera::QCameraStream*, void*), void*)+522)
05-21 21:49:24.683 D/blackjoe callstack(  723): #04 pc 000c4889  /vendor/lib/hw/camera.sdm660.so (qcamera::QCamera2HardwareInterface::addPreviewChannel()+380)
05-21 21:49:24.683 D/blackjoe callstack(  723): #05 pc 000beba1  /vendor/lib/hw/camera.sdm660.so (qcamera::QCamera2HardwareInterface::preparePreview()+360)
05-21 21:49:24.683 D/blackjoe callstack(  723): #06 pc 000d063b  /vendor/lib/hw/camera.sdm660.so (qcamera::QCameraStateMachine::procEvtPreviewStoppedState(qcamera::qcamera_sm_evt_enum_t, void*)+1670)
05-21 21:49:24.683 D/blackjoe callstack(  723): #07 pc 000cfbd3  /vendor/lib/hw/camera.sdm660.so (qcamera::QCameraStateMachine::stateMachine(qcamera::qcamera_sm_evt_enum_t, void*)+82)
05-21 21:49:24.683 D/blackjoe callstack(  723): #08 pc 000cfafb  /vendor/lib/hw/camera.sdm660.so (qcamera::QCameraStateMachine::smEvtProcRoutine(void*)+158)
05-21 21:49:24.683 D/blackjoe callstack(  723): #09 pc 00083d87  /apex/com.android.runtime/lib/bionic/libc.so (__pthread_start(void*)+40)
05-21 21:49:24.683 D/blackjoe callstack(  723): #10 pc 0003a307  /apex/com.android.runtime/lib/bionic/libc.so (__start_thread+30)
05-21 21:49:24.684 E/mm-camera(  723): <MCT   ><ERROR> 4828: mct_pipeline_process_serv_msg: pipeline blackjoe data->sessionid 3 pipeline->session 3 msgid 3
05-21 21:49:24.684 E/mm-camera(  723): <MCT   ><ERROR> 4299: mct_pipeline_process_set: command is 0x800000a blackjoe CAM_PRIV_PARM 0x8000014
05-21 21:49:24.684 I/mm-camera(  723): <MCT   >< INFO> 4302: mct_pipeline_process_set: command=800000a
05-21 21:49:24.711 D/blackjoe callstack(  723): #00 pc 0000b1c5  /vendor/lib/libmmcamera_interface.so (dump_stack_android+36)
05-21 21:49:24.711 D/blackjoe callstack(  723): #01 pc 0001a2af  /vendor/lib/libmmcamera_interface.so (mm_stream_config+66)
05-21 21:49:24.711 D/blackjoe callstack(  723): #02 pc 00019a71  /vendor/lib/libmmcamera_interface.so (mm_stream_fsm_acquired+100)
05-21 21:49:24.711 D/blackjoe callstack(  723): #03 pc 00019771  /vendor/lib/libmmcamera_interface.so (mm_stream_fsm_fn+168)
05-21 21:49:24.711 D/blackjoe callstack(  723): #04 pc 0001600d  /vendor/lib/libmmcamera_interface.so (mm_channel_config_stream+128)
05-21 21:49:24.711 D/blackjoe callstack(  723): #05 pc 00015117  /vendor/lib/libmmcamera_interface.so (mm_channel_fsm_fn_stopped+126)
05-21 21:49:24.711 D/blackjoe callstack(  723): #06 pc 00014fc3  /vendor/lib/libmmcamera_interface.so (mm_channel_fsm_fn+142)
05-21 21:49:24.712 D/blackjoe callstack(  723): #07 pc 00011479  /vendor/lib/libmmcamera_interface.so (mm_camera_config_stream+92)
05-21 21:49:24.712 D/blackjoe callstack(  723): #08 pc 0000e3a7  /vendor/lib/libmmcamera_interface.so (mm_camera_intf_config_stream+198)
05-21 21:49:24.712 D/blackjoe callstack(  723): #09 pc 000d78ed  /vendor/lib/hw/camera.sdm660.so (qcamera::QCameraStream::configStream()+108)
05-21 21:49:24.712 D/blackjoe callstack(  723): #10 pc 000d758f  /vendor/lib/hw/camera.sdm660.so (qcamera::QCameraStream::init(qcamera::QCameraHeapMemory*, qcamera::QCameraHeapMemory*, void (*)(mm_camera_super_buf_t*, qcamera::QCameraStream*, void*), void*, bool)+202)
05-21 21:49:24.712 D/blackjoe callstack(  723): #11 pc 000d3a05  /vendor/lib/hw/camera.sdm660.so (qcamera::QCameraChannel::addStream(qcamera::QCameraAllocator&, qcamera::QCameraHeapMemory*, qcamera::QCameraHeapMemory*, cam_padding_info_t*, void (*)(mm_camera_super_buf_t*, qcamera::QCameraStream*, void*), void*, bool, bool, cam_rotation_t, unsigned int)+188)
05-21 21:49:24.712 D/blackjoe callstack(  723): #12 pc 000c455b  /vendor/lib/hw/camera.sdm660.so (qcamera::QCamera2HardwareInterface::addStreamToChannel(qcamera::QCameraChannel*, cam_stream_type_t, void (*)(mm_camera_super_buf_t*, qcamera::QCameraStream*, void*), void*)+522)
05-21 21:49:24.712 D/blackjoe callstack(  723): #13 pc 000c4889  /vendor/lib/hw/camera.sdm660.so (qcamera::QCamera2HardwareInterface::addPreviewChannel()+380)
05-21 21:49:24.712 D/blackjoe callstack(  723): #14 pc 000beba1  /vendor/lib/hw/camera.sdm660.so (qcamera::QCamera2HardwareInterface::preparePreview()+360)
05-21 21:49:24.712 D/blackjoe callstack(  723): #15 pc 000d063b  /vendor/lib/hw/camera.sdm660.so (qcamera::QCameraStateMachine::procEvtPreviewStoppedState(qcamera::qcamera_sm_evt_enum_t, void*)+1670)
05-21 21:49:24.712 D/blackjoe callstack(  723): #16 pc 000cfbd3  /vendor/lib/hw/camera.sdm660.so (qcamera::QCameraStateMachine::stateMachine(qcamera::qcamera_sm_evt_enum_t, void*)+82)
05-21 21:49:24.712 D/blackjoe callstack(  723): #17 pc 000cfafb  /vendor/lib/hw/camera.sdm660.so (qcamera::QCameraStateMachine::smEvtProcRoutine(void*)+158)
05-21 21:49:24.712 D/blackjoe callstack(  723): #18 pc 00083d87  /apex/com.android.runtime/lib/bionic/libc.so (__pthread_start(void*)+40)
05-21 21:49:24.712 D/blackjoe callstack(  723): #19 pc 0003a307  /apex/com.android.runtime/lib/bionic/libc.so (__start_thread+30)
05-21 21:49:24.713 E/mm-camera(  723): <MCT   ><ERROR> 4828: mct_pipeline_process_serv_msg: pipeline blackjoe data->sessionid 3 pipeline->session 3 msgid 3
05-21 21:49:24.713 E/mm-camera(  723): <MCT   ><ERROR> 4299: mct_pipeline_process_set: command is 0x8000018 blackjoe CAM_PRIV_PARM 0x8000014
05-21 21:49:24.713 I/mm-camera(  723): <MCT   >< INFO> 4302: mct_pipeline_process_set: command=8000018
05-21 21:49:24.713 E/mm-camera(  723): <MCT   ><ERROR> 503: mct_stream_start_link: mct_stream_start_link blackjoe stream_type is 8
05-21 21:49:24.713 E/mm-camera(  723): <MCT   ><ERROR> 608: mct_stream_start_link: Start linking raw stream 0x30002, blackjoe is_secure 0
05-21 21:49:24.714 E/mm-camera(  723): <MCT   ><ERROR> 862: mct_stream_start_link: call link_module_array blackjoe 0x0
05-21 21:49:24.714 E/mm-camera(  723): <IFACE ><ERROR> 645: iface_reserve_src_port: iface_reserve_src_port: iface_src_port is 0x0xf2c43030, state is 1 use_pix 0 blackjoe
05-21 21:49:24.714 E/mm-camera(  723): <IFACE ><ERROR> 667: iface_reserve_src_port: iface_reserve_src_port: state is 1
05-21 21:49:24.714 I/mm-camera(  723): <ISP   >< INFO> 858: isp_port_check_caps_reserve: port 0xf6095970 ide 30002 type 8 dim 1360 800
05-21 21:49:24.715 E/mm-camera(  723): <ISP   ><ERROR> 3417: isp_handler_get_hw_params: failed: num_hw_stream 0
05-21 21:49:24.716 I/chatty  (  723): uid=1047(cameraserver) CAM_MctServ_3 identical 12 lines
05-21 21:49:24.716 E/mm-camera(  723): <ISP   ><ERROR> 3417: isp_handler_get_hw_params: failed: num_hw_stream 0
05-21 21:49:24.716 I/mm-camera(  723): <MCT   >< INFO> 4400: mct_pipeline_process_set: Linking successful for stream 0x30002 stream type=8
05-21 21:49:24.717 E/QCamera (  723): <MCI><ERROR> mm_stream_get_v4l2_fmt: 2660: Unknown fmt=25
05-21 21:49:24.717 E/mm-camera(  723): <MCT   ><ERROR> 4828: mct_pipeline_process_serv_msg: pipeline blackjoe data->sessionid 3 pipeline->session 3 msgid 3
05-21 21:49:24.717 E/mm-camera(  723): <MCT   ><ERROR> 4299: mct_pipeline_process_set: command is 0x8000004 blackjoe CAM_PRIV_PARM 0x8000014
05-21 21:49:24.717 I/mm-camera(  723): <MCT   >< INFO> 4302: mct_pipeline_process_set: command=8000004
05-21 21:49:24.741 D/blackjoe callstack(  723): #00 pc 0000b1c5  /vendor/lib/libmmcamera_interface.so (dump_stack_android+36)
05-21 21:49:24.742 D/blackjoe callstack(  723): #01 pc 000d74d3  /vendor/lib/hw/camera.sdm660.so (qcamera::QCameraStream::init(qcamera::QCameraHeapMemory*, qcamera::QCameraHeapMemory*, void (*)(mm_camera_super_buf_t*, qcamera::QCameraStream*, void*), void*, bool)+14)
05-21 21:49:24.742 D/blackjoe callstack(  723): #02 pc 000d3a05  /vendor/lib/hw/camera.sdm660.so (qcamera::QCameraChannel::addStream(qcamera::QCameraAllocator&, qcamera::QCameraHeapMemory*, qcamera::QCameraHeapMemory*, cam_padding_info_t*, void (*)(mm_camera_super_buf_t*, qcamera::QCameraStream*, void*), void*, bool, bool, cam_rotation_t, unsigned int)+188)
05-21 21:49:24.742 D/blackjoe callstack(  723): #03 pc 000c455b  /vendor/lib/hw/camera.sdm660.so (qcamera::QCamera2HardwareInterface::addStreamToChannel(qcamera::QCameraChannel*, cam_stream_type_t, void (*)(mm_camera_super_buf_t*, qcamera::QCameraStream*, void*), void*)+522)
05-21 21:49:24.742 D/blackjoe callstack(  723): #04 pc 000c48f5  /vendor/lib/hw/camera.sdm660.so (qcamera::QCamera2HardwareInterface::addPreviewChannel()+488)
05-21 21:49:24.742 D/blackjoe callstack(  723): #05 pc 000beba1  /vendor/lib/hw/camera.sdm660.so (qcamera::QCamera2HardwareInterface::preparePreview()+360)
05-21 21:49:24.742 D/blackjoe callstack(  723): #06 pc 000d063b  /vendor/lib/hw/camera.sdm660.so (qcamera::QCameraStateMachine::procEvtPreviewStoppedState(qcamera::qcamera_sm_evt_enum_t, void*)+1670)
05-21 21:49:24.742 D/blackjoe callstack(  723): #07 pc 000cfbd3  /vendor/lib/hw/camera.sdm660.so (qcamera::QCameraStateMachine::stateMachine(qcamera::qcamera_sm_evt_enum_t, void*)+82)
05-21 21:49:24.742 D/blackjoe callstack(  723): #08 pc 000cfafb  /vendor/lib/hw/camera.sdm660.so (qcamera::QCameraStateMachine::smEvtProcRoutine(void*)+158)
05-21 21:49:24.742 D/blackjoe callstack(  723): #09 pc 00083d87  /apex/com.android.runtime/lib/bionic/libc.so (__pthread_start(void*)+40)
05-21 21:49:24.742 D/blackjoe callstack(  723): #10 pc 0003a307  /apex/com.android.runtime/lib/bionic/libc.so (__start_thread+30)
05-21 21:49:24.743 E/mm-camera(  723): <MCT   ><ERROR> 4828: mct_pipeline_process_serv_msg: pipeline blackjoe data->sessionid 3 pipeline->session 3 msgid 3
05-21 21:49:24.743 E/mm-camera(  723): <MCT   ><ERROR> 4299: mct_pipeline_process_set: command is 0x800000a blackjoe CAM_PRIV_PARM 0x8000014
05-21 21:49:24.743 I/mm-camera(  723): <MCT   >< INFO> 4302: mct_pipeline_process_set: command=800000a
05-21 21:49:24.770 D/blackjoe callstack(  723): #00 pc 0000b1c5  /vendor/lib/libmmcamera_interface.so (dump_stack_android+36)
05-21 21:49:24.770 D/blackjoe callstack(  723): #01 pc 0001a2af  /vendor/lib/libmmcamera_interface.so (mm_stream_config+66)
05-21 21:49:24.770 D/blackjoe callstack(  723): #02 pc 00019a71  /vendor/lib/libmmcamera_interface.so (mm_stream_fsm_acquired+100)
05-21 21:49:24.770 D/blackjoe callstack(  723): #03 pc 00019771  /vendor/lib/libmmcamera_interface.so (mm_stream_fsm_fn+168)
05-21 21:49:24.770 D/blackjoe callstack(  723): #04 pc 0001600d  /vendor/lib/libmmcamera_interface.so (mm_channel_config_stream+128)
05-21 21:49:24.770 D/blackjoe callstack(  723): #05 pc 00015117  /vendor/lib/libmmcamera_interface.so (mm_channel_fsm_fn_stopped+126)
05-21 21:49:24.770 D/blackjoe callstack(  723): #06 pc 00014fc3  /vendor/lib/libmmcamera_interface.so (mm_channel_fsm_fn+142)
05-21 21:49:24.771 D/blackjoe callstack(  723): #07 pc 00011479  /vendor/lib/libmmcamera_interface.so (mm_camera_config_stream+92)
05-21 21:49:24.771 D/blackjoe callstack(  723): #08 pc 0000e3a7  /vendor/lib/libmmcamera_interface.so (mm_camera_intf_config_stream+198)
05-21 21:49:24.771 D/blackjoe callstack(  723): #09 pc 000d78ed  /vendor/lib/hw/camera.sdm660.so (qcamera::QCameraStream::configStream()+108)
05-21 21:49:24.771 D/blackjoe callstack(  723): #10 pc 000d758f  /vendor/lib/hw/camera.sdm660.so (qcamera::QCameraStream::init(qcamera::QCameraHeapMemory*, qcamera::QCameraHeapMemory*, void (*)(mm_camera_super_buf_t*, qcamera::QCameraStream*, void*), void*, bool)+202)
05-21 21:49:24.771 D/blackjoe callstack(  723): #11 pc 000d3a05  /vendor/lib/hw/camera.sdm660.so (qcamera::QCameraChannel::addStream(qcamera::QCameraAllocator&, qcamera::QCameraHeapMemory*, qcamera::QCameraHeapMemory*, cam_padding_info_t*, void (*)(mm_camera_super_buf_t*, qcamera::QCameraStream*, void*), void*, bool, bool, cam_rotation_t, unsigned int)+188)
05-21 21:49:24.771 D/blackjoe callstack(  723): #12 pc 000c455b  /vendor/lib/hw/camera.sdm660.so (qcamera::QCamera2HardwareInterface::addStreamToChannel(qcamera::QCameraChannel*, cam_stream_type_t, void (*)(mm_camera_super_buf_t*, qcamera::QCameraStream*, void*), void*)+522)
05-21 21:49:24.771 D/blackjoe callstack(  723): #13 pc 000c48f5  /vendor/lib/hw/camera.sdm660.so (qcamera::QCamera2HardwareInterface::addPreviewChannel()+488)
05-21 21:49:24.771 D/blackjoe callstack(  723): #14 pc 000beba1  /vendor/lib/hw/camera.sdm660.so (qcamera::QCamera2HardwareInterface::preparePreview()+360)
05-21 21:49:24.771 D/blackjoe callstack(  723): #15 pc 000d063b  /vendor/lib/hw/camera.sdm660.so (qcamera::QCameraStateMachine::procEvtPreviewStoppedState(qcamera::qcamera_sm_evt_enum_t, void*)+1670)
05-21 21:49:24.771 D/blackjoe callstack(  723): #16 pc 000cfbd3  /vendor/lib/hw/camera.sdm660.so (qcamera::QCameraStateMachine::stateMachine(qcamera::qcamera_sm_evt_enum_t, void*)+82)
05-21 21:49:24.771 D/blackjoe callstack(  723): #17 pc 000cfafb  /vendor/lib/hw/camera.sdm660.so (qcamera::QCameraStateMachine::smEvtProcRoutine(void*)+158)
05-21 21:49:24.771 D/blackjoe callstack(  723): #18 pc 00083d87  /apex/com.android.runtime/lib/bionic/libc.so (__pthread_start(void*)+40)
05-21 21:49:24.771 D/blackjoe callstack(  723): #19 pc 0003a307  /apex/com.android.runtime/lib/bionic/libc.so (__start_thread+30)
05-21 21:49:24.772 E/mm-camera(  723): <MCT   ><ERROR> 4828: mct_pipeline_process_serv_msg: pipeline blackjoe data->sessionid 3 pipeline->session 3 msgid 3
05-21 21:49:24.772 E/mm-camera(  723): <MCT   ><ERROR> 4299: mct_pipeline_process_set: command is 0x8000018 blackjoe CAM_PRIV_PARM 0x8000014
05-21 21:49:24.772 I/mm-camera(  723): <MCT   >< INFO> 4302: mct_pipeline_process_set: command=8000018
05-21 21:49:24.772 E/mm-camera(  723): <MCT   ><ERROR> 503: mct_stream_start_link: mct_stream_start_link blackjoe stream_type is 11
05-21 21:49:24.772 I/mm-camera(  723): <MCT   >< INFO> 626: mct_stream_start_link: Starting Analysis stream linking
05-21 21:49:24.772 E/mm-camera(  723): <MCT   ><ERROR> 862: mct_stream_start_link: call link_module_array blackjoe 0x0
05-21 21:49:24.772 E/mm-camera(  723): <IFACE ><ERROR> 645: iface_reserve_src_port: iface_reserve_src_port: iface_src_port is 0x0xf2c43030, state is 1 use_pix 1 blackjoe
05-21 21:49:24.772 E/mm-camera(  723): <IFACE ><ERROR> 667: iface_reserve_src_port: iface_reserve_src_port: state is 1
05-21 21:49:24.772 I/mm-camera(  723): <ISP   >< INFO> 858: isp_port_check_caps_reserve: port 0xf6095970 ide 30003 type 11 dim 640 376
05-21 21:49:24.773 I/mm-camera(  723): <PPROC >< INFO> 449: pproc_port_add_modules_to_stream: in identity 30003 stream 11 int_link = 0xf6097b30
05-21 21:49:24.773 W/mm-camera(  723): <IMGLIB>< WARN> 5728: faceproc_hw_comp_create: Library not loaded, handle=0x0, p_ops=0xf68ab03c
05-21 21:49:24.773 W/mm-camera(  723): <IMGLIB>< WARN> 3899: module_faceproc_comp_create: create comp failed, eng_type=0
05-21 21:49:24.774 W/mm-camera(  723): <IMGLIB>< WARN> 1060: faceproc_dsp_comp_create: fddsp stub library not loaded
05-21 21:49:24.774 W/mm-camera(  723): <IMGLIB>< WARN> 3899: module_faceproc_comp_create: create comp failed, eng_type=1
05-21 21:49:24.774 I/mm-camera(  723): <MCT   >< INFO> 4400: mct_pipeline_process_set: Linking successful for stream 0x30003 stream type=11
05-21 21:49:24.774 E/mm-camera(  723): <MCT   ><ERROR> 4828: mct_pipeline_process_serv_msg: pipeline blackjoe data->sessionid 3 pipeline->session 3 msgid 3
05-21 21:49:24.774 E/mm-camera(  723): <MCT   ><ERROR> 4299: mct_pipeline_process_set: command is 0x8000004 blackjoe CAM_PRIV_PARM 0x8000014
05-21 21:49:24.774 I/mm-camera(  723): <MCT   >< INFO> 4302: mct_pipeline_process_set: command=8000004
05-21 21:49:24.774 I/QCamera (  723): <HAL><INFO> preparePreview: 9506: X rc = 0
05-21 21:49:24.774 I/QCamera (  723): <HAL><INFO> startPreview: 4007: E ZSL = 0 Recording Hint = 0
05-21 21:49:24.776 I/QCamera (  723): <MCI><INFO> startVsync: 413: Display sync event started
05-21 21:49:24.776 E/mm-camera(  723): <MCT   ><ERROR> 4828: mct_pipeline_process_serv_msg: pipeline blackjoe data->sessionid 3 pipeline->session 3 msgid 3
05-21 21:49:24.776 E/mm-camera(  723): <MCT   ><ERROR> 4299: mct_pipeline_process_set: command is 0x8000014 blackjoe CAM_PRIV_PARM 0x8000014
05-21 21:49:24.776 E/mm-camera(  723): <IMGLIB><ERROR> 322: module_depth_map_handle_ctrl_parm: E
05-21 21:49:24.776 E/mm-camera(  723): <IMGLIB><ERROR> 430: module_depth_map_set_config_param: X
05-21 21:49:24.776 E/mm-camera(  723): <IMGLIB><ERROR> 254: module_depth_map_send_config_data: CAM_STREAM_TYPE_DEPTH not set !!
05-21 21:49:24.776 E/mm-camera(  723): <IMGLIB><ERROR> 369: module_depth_map_handle_ctrl_parm: Error module_depth_map_send_config_data
05-21 21:49:24.776 E/mm-camera(  723): <IMGLIB><ERROR> 373: module_depth_map_handle_ctrl_parm: X
05-21 21:49:24.777 E/mm-camera(  723): <IMGLIB><ERROR> 880: module_imgbase_process_param: [depth_map] handle_ctrl_parm error : type=10, rc=-5
05-21 21:49:24.777 E/mm-camera(  723): <MCT   ><ERROR> 4828: mct_pipeline_process_serv_msg: pipeline blackjoe data->sessionid 3 pipeline->session 3 msgid 3
05-21 21:49:24.777 E/mm-camera(  723): <MCT   ><ERROR> 4299: mct_pipeline_process_set: command is 0x8000019 blackjoe CAM_PRIV_PARM 0x8000014
05-21 21:49:24.777 I/mm-camera(  723): <MCT   >< INFO> 4302: mct_pipeline_process_set: command=8000019
05-21 21:49:24.777 E/mm-camera(  723): <MCT   ><ERROR> 4828: mct_pipeline_process_serv_msg: pipeline blackjoe data->sessionid 3 pipeline->session 3 msgid 3
05-21 21:49:24.777 E/mm-camera(  723): <MCT   ><ERROR> 4299: mct_pipeline_process_set: command is 0x8000019 blackjoe CAM_PRIV_PARM 0x8000014
05-21 21:49:24.777 I/mm-camera(  723): <MCT   >< INFO> 4302: mct_pipeline_process_set: command=8000019
05-21 21:49:24.791 D/logd    (    0): logdr: UID=0 GID=0 PID=15218 n tail=0 logMask=99 pid=0 start=0ns timeout=0ns
05-21 21:49:24.784 E/QCamera (  723): <MCI><ERROR> mm_stream_streamon: 1375: E, my_handle = 0x5200, fd = 90, state = 6 blackjoe
05-21 21:49:24.784 E/QCamera (  723): <MCI><ERROR> mm_stream_streamon: 1409: E, my_handle = 0x5200, fd = 90, state = 6 session_id:3 stream_id:1
05-21 21:49:24.784 E/mm-camera(  723): <MCT   ><ERROR> 4828: mct_pipeline_process_serv_msg: pipeline blackjoe data->sessionid 3 pipeline->session 3 msgid 3
05-21 21:49:24.784 E/mm-camera(  723): <MCT   ><ERROR> 4299: mct_pipeline_process_set: command is 0x8000008 blackjoe CAM_PRIV_PARM 0x8000014
05-21 21:49:24.785 I/mm-camera(  723): <MCT   >< INFO> 4302: mct_pipeline_process_set: command=8000008
05-21 21:49:24.785 I/mm-camera(  723): <MCT   >< INFO> 4465: mct_pipeline_process_set:  STREAM-ON on stream 0x30001 stream type=7
05-21 21:49:24.785 I/mm-camera(  723): <MCT   >< INFO> 4482: mct_pipeline_process_set:  STREAM-ON success for stream 0x30001, stream type=7
05-21 21:49:24.794 E/QCamera (  723): <MCI><ERROR> mm_stream_streamon: 1375: E, my_handle = 0x5301, fd = 93, state = 6 blackjoe
05-21 21:49:24.794 E/QCamera (  723): <MCI><ERROR> mm_stream_streamon: 1409: E, my_handle = 0x5301, fd = 93, state = 6 session_id:3 stream_id:2
05-21 21:49:24.806 E/moto_se4750_sensor_config32(    0): 2407 se475x CFGTYPE : 2
05-21 21:49:24.806 E/        (    0): moto_se4750_sensor_config32 CFG_WRITE_I2C_ARRAY size= 0
05-21 21:49:24.809 I/        (    0): msm_csiphy_lane_config blackjoe csiphy_params, mask = 0x18 cnt = 1, data rate = 0
05-21 21:49:24.812 I/        (    0): msm_csiphy_lane_config blackjoe csiphy_params, settle cnt = 0x3d csid 3
05-21 21:49:24.794 E/mm-camera(  723): <MCT   ><ERROR> 4828: mct_pipeline_process_serv_msg: pipeline blackjoe data->sessionid 3 pipeline->session 3 msgid 3
05-21 21:49:24.794 E/mm-camera(  723): <MCT   ><ERROR> 4299: mct_pipeline_process_set: command is 0x8000008 blackjoe CAM_PRIV_PARM 0x8000014
05-21 21:49:24.794 I/mm-camera(  723): <MCT   >< INFO> 4302: mct_pipeline_process_set: command=8000008
05-21 21:49:24.795 I/mm-camera(  723): <MCT   >< INFO> 4465: mct_pipeline_process_set:  STREAM-ON on stream 0x30002 stream type=8
05-21 21:49:24.795 E/mm-camera(  723): <SENSOR><ERROR> 3780: module_sensor_stream_on: return by blackjoe
05-21 21:49:24.795 E/mm-camera(  723): <SENSOR><ERROR> 3929: module_sensor_set_new_resolution_stream_on: SENSOR_SET_NEW_RESOLUTION calling 0 blackjoe
05-21 21:49:24.795 E/mm-camera(  723): <SENSOR><ERROR> 2126: modules_sensor_set_new_resolution: SENSOR_SET_RESOLUTION:w*d:1360*800, mask:902,fast AEC:0,FastAec mode:0 blackjoe
05-21 21:49:24.795 E/mm-camera(  723): <SENSOR><ERROR> 2566: sensor_set_resolution: Enter sensor_set_resolution, blackjoe
05-21 21:49:24.795 E/mm-camera(  723): <SENSOR><ERROR> 2601: sensor_set_resolution: Curr Res ID:-1 New Res ID:0 New FPS 54.000000 blackjoe
05-21 21:49:24.796 E/mm-camera(  723): <SENSOR><ERROR> 2178: modules_sensor_set_new_resolution: Calling SENSOR_GET_RESOLUTION_INFO blackjoe modules_sensor_set_new_resolution:2178 cur_res 0
05-21 21:49:24.796 I/mm-camera(  723): <SENSOR>< INFO> 4269: sensor_get_resolution_info: sensor info: name: se4850, res: 0, max_fps: 54.000000, w: 1360, h: 800 op pix clk: 400000000, FLL: 827, LLPCK: 1360, mode: 1, PDAF support: 0
05-21 21:49:24.796 E/mm-camera(  723): <ISP   ><ERROR> 168: port_fovcrop46_config: failed, fovcrop46_config failed! ret = FALSE
05-21 21:49:24.796 E/mm-camera(  723): <ISP   ><ERROR> 216: port_fovcrop46_handle_set_stream_config: failed: port_fovcrop46_get_fovcrop_info
05-21 21:49:24.796 E/mm-camera(  723): <ISP   ><ERROR> 641: port_fovcrop46_process_downstream_module_event: failed: fovcrop46_handle_set_stream_config
05-21 21:49:24.797 I/mm-camera(  723): <STATS_AEC >< INFO> 2715: aec_set_param: SHDR LIMITS:0 0 (0 0) (0 0)
05-21 21:49:24.797 E/mm-camera(  723): <STATS_AF ><ERROR> 3495: af_port_handle_sensor_update: Depth_Err: actuator sensitivity: 0.000000 is invalid
05-21 21:49:24.797 I/mm-camera(  723): <CPP   >< INFO> 2395: cpp_module_handle_stream_cfg_event: frame_offset=1, input_fps=54.00, identity=0x3000f
05-21 21:49:24.797 E/mm-camera(  723): <SENSOR><ERROR> 3936: module_sensor_set_new_resolution_stream_on: SENSOR_SET_NEW_RESOLUTION returning 1 blackjoe
05-21 21:49:24.798 E/mm-camera(  723): <SENSOR><ERROR> 7911: module_sensor_set_decode_format_based_on_pack_mode: Pack mode is 0
05-21 21:49:24.801 D/QCameraQuadraCfa(  723): img_algo_preload:126 : E
05-21 21:49:24.801 D/QCameraQuadraCfa(  723): PresetConfig:498 : E
05-21 21:49:24.801 D/QCameraQuadraCfa(  723): PresetConfig:502 : custom_cal_data  0
05-21 21:49:24.801 D/QCameraQuadraCfa(  723): PresetConfig:503 : full_height  320
05-21 21:49:24.801 D/QCameraQuadraCfa(  723): PresetConfig:504 : full_width  550
05-21 21:49:24.802 D/QCameraQuadraCfa(  723): PresetConfig:505 : filter_arrangement  2
05-21 21:49:24.802 D/QCameraQuadraCfa(  723): PresetConfig:506 : pedestal  0
05-21 21:49:24.802 E/quadracfa_dummy(  723): inside dummy remosaic_init 1
05-21 21:49:24.802 E/quadracfa_dummy(  723): inside dummy remosaic_gainmap_gen 1
05-21 21:49:24.802 D/QCameraQuadraCfa(  723): PresetConfig:520 : X
05-21 21:49:24.802 D/QCameraQuadraCfa(  723): img_algo_preload:128 : X
05-21 21:49:24.805 I/mm-camera(  723): <STATS_AF >< INFO> 944: af_haf_update_tuning_data: Setting default init pos to far end
05-21 21:49:24.806 E/mm-camera(  723): <STATS_AF ><ERROR> 596: af_haf_default_mixer_active_algo_selection: ERROR! Unable to find active mixer algo !! 
05-21 21:49:24.806 E/mm-camera(  723): <SENSOR><ERROR> 1298: port_sensor_handle_upstream_module_event: failed
05-21 21:49:24.806 E/mm-camera(  723): <SENSOR><ERROR> 1622: port_sensor_port_process_event: failed: port_sensor_handle_upstream_module_event
05-21 21:49:24.806 E/mm-camera(  723): <ISP   ><ERROR> 1451: isp_util_forward_event: failed: mct_port_send_event_to_peer event->type 2
05-21 21:49:24.807 E/mm-camera(  723): <STATS_AEC ><ERROR> 1347: aec_set_fps_range: Aec_Error invalid input min_fps 0 max_fps 0default_exposure_table.valid_entries 0
05-21 21:49:24.807 E/mm-camera(  723): <STATS_AEC ><ERROR> 1807: aec_biz_map_set_param: aec set param failed for type=10
05-21 21:49:24.809 E/mm-camera(  723): <IFACE ><ERROR> 2270: iface_util_set_chromatix: iface_util_set_chromatix:2270 failed: iface_hvx_open rc 0
05-21 21:49:24.809 I/mm-camera(  723): <IFACE >< INFO> 430: iface_util_dump_sensor_cfg: iface_util_dump_sensor_cfg: sensor dim: width = 1360, heght = 800, fmt = 25, is_bayer = 1, init_skip = 0
05-21 21:49:24.809 E/mm-camera(  723): <ISP   ><ERROR> 168: port_fovcrop46_config: failed, fovcrop46_config failed! ret = FALSE
05-21 21:49:24.809 E/mm-camera(  723): <ISP   ><ERROR> 430: port_fovcrop46_handle_hal_set_parm: failed: port_fovcrop46_get_fovcrop_info
05-21 21:49:24.809 E/mm-camera(  723): <ISP   ><ERROR> 546: port_fovcrop46_process_downstream_ctrl_event: failed: port_fovcrop46_handle_streamon
05-21 21:49:24.810 E/mm-camera(  723): <ISP   ><ERROR> 1814: isp_util_forward_event_to_internal_pipeline: isp pipeline not support this stream identity 30002
05-21 21:49:24.810 E/mm-camera(  723): <ISP   ><ERROR> 1814: isp_util_forward_event_to_internal_pipeline: isp pipeline not support this stream identity 30002
05-21 21:49:24.811 I/mm-camera(  723): <IFACE >< INFO> 3643: iface_util_dump_isp_resource_request:  =====DUMP RESOURCE: PIX STREAM=== 
05-21 21:49:24.811 I/mm-camera(  723): <IFACE >< INFO> 3644: iface_util_dump_isp_resource_request: num pix stream = 1
05-21 21:49:24.811 I/mm-camera(  723): <IFACE >< INFO> 3647: iface_util_dump_isp_resource_request: num_isp = 1, isp_mask = 2, request_op_pix_clk = 0
05-21 21:49:24.811 I/mm-camera(  723): <IFACE >< INFO> 3651: iface_util_dump_isp_resource_request: ispif stripe info: split 0, overlap 0, stripe offset 0
05-21 21:49:24.811 I/mm-camera(  723): <IFACE >< INFO> 3654: iface_util_dump_isp_resource_request: pix stream 0
05-21 21:49:24.812 I/mm-camera(  723): <IFACE >< INFO> 3657: iface_util_dump_isp_resource_request: num mct stream mapped = 1(Mapped stream ID[0] = 3)
05-21 21:49:24.812 I/mm-camera(  723): <IFACE >< INFO> 3660: iface_util_dump_isp_resource_request: axi path = 2(ENC-0/VIEW-1/CAMIF-2/IDEAL-3), cam_fmt 105
05-21 21:49:24.812 I/mm-camera(  723): <IFACE >< INFO> 3682: iface_util_dump_isp_resource_request: num STATS stream = 5
05-21 21:49:24.812 I/mm-camera(  723): <IFACE >< INFO> 4087: iface_create_axi: iface_create_axi:4087: Create axi hw for session 3 on VFE 1
05-21 21:49:24.817 I/mm-camera(  723): <IFACE >< INFO> 10118: iface_util_io_cfg: dual_isp_sync enable = 0
05-21 21:49:24.817 I/mm-camera(  723): <IFACE >< INFO> 9667: iface_util_dump_camif_cfg: =====Camif DUMP cfg for PIX interface====
05-21 21:49:24.817 I/mm-camera(  723): <IFACE >< INFO> 9669: iface_util_dump_camif_cfg: camif input type = 3(MIPI=3), op_pix_clk = 423529411
05-21 21:49:24.817 I/mm-camera(  723): <IFACE >< INFO> 9671: iface_util_dump_camif_cfg: camif pix_pattern(RGRG-0/GRGR-1/BGBG-2/GBGB-3) = 1
05-21 21:49:24.817 I/mm-camera(  723): <IFACE >< INFO> 9673: iface_util_dump_camif_cfg: camif first_pix = 0, last_pix = 1359
05-21 21:49:24.817 I/mm-camera(  723): <IFACE >< INFO> 9675: iface_util_dump_camif_cfg: camif first_line = 0, last_line = 799
05-21 21:49:24.818 I/mm-camera(  723): <IFACE >< INFO> 9677: iface_util_dump_camif_cfg: camif pixels_per_line = 1360, lines_per_frame = 800
05-21 21:49:24.818 I/mm-camera(  723): <IFACE >< INFO> 9681: iface_util_dump_camif_cfg: camif irq subsample pattern = 0, period = 0 sof_step 1
05-21 21:49:24.818 I/mm-camera(  723): <IFACE >< INFO> 571: iface_dump_axi_plane_config: === AXI DUMP: VFE session_id 3, hw_stream_id 10003 ===
05-21 21:49:24.818 I/mm-camera(  723): <IFACE >< INFO> 575: iface_dump_axi_plane_config:     AXI DUMP Axi_src: VIDEO hw_stream width 640, height 376
05-21 21:49:24.819 I/mm-camera(  723): <IFACE >< INFO> 577: iface_dump_axi_plane_config: need buf divert = 1, burst count = 0
05-21 21:49:24.819 I/mm-camera(  723): <IFACE >< INFO> 580: iface_dump_axi_plane_config: hfr mode = 0, skip pattern = 0, init_frame_drop = 0
05-21 21:49:24.819 I/mm-camera(  723): <IFACE >< INFO> 613: iface_dump_axi_plane_config: plane[0]: plane_fmt 0(Y-0/CB-1/Cr-2/CrCb-3/CbCr-4)
05-21 21:49:24.819 I/mm-camera(  723): <IFACE >< INFO> 615: iface_dump_axi_plane_config: plane[0]: width = 640, height = 376
05-21 21:49:24.819 I/mm-camera(  723): <IFACE >< INFO> 617: iface_dump_axi_plane_config: plane[0]: stride = 640, scanlines = 384
05-21 21:49:24.819 I/mm-camera(  723): <IFACE >< INFO> 619: iface_dump_axi_plane_config: plane[0]: address_offset 0
05-21 21:49:24.819 I/mm-camera(  723): <IFACE >< INFO> 571: iface_dump_axi_plane_config: === AXI DUMP: VFE session_id 3, hw_stream_id 2 ===
05-21 21:49:24.819 I/mm-camera(  723): <IFACE >< INFO> 575: iface_dump_axi_plane_config:     AXI DUMP Axi_src: RDI_0 hw_stream width 1360, height 800
05-21 21:49:24.819 I/mm-camera(  723): <IFACE >< INFO> 577: iface_dump_axi_plane_config: need buf divert = 0, burst count = 0
05-21 21:49:24.819 I/mm-camera(  723): <IFACE >< INFO> 580: iface_dump_axi_plane_config: hfr mode = 0, skip pattern = 0, init_frame_drop = 0
05-21 21:49:24.819 I/mm-camera(  723): <IFACE >< INFO> 613: iface_dump_axi_plane_config: plane[0]: plane_fmt 0(Y-0/CB-1/Cr-2/CrCb-3/CbCr-4)
05-21 21:49:24.820 I/mm-camera(  723): <IFACE >< INFO> 615: iface_dump_axi_plane_config: plane[0]: width = 1360, height = 800
05-21 21:49:24.820 I/mm-camera(  723): <IFACE >< INFO> 617: iface_dump_axi_plane_config: plane[0]: stride = 1360, scanlines = 832
05-21 21:49:24.820 I/mm-camera(  723): <IFACE >< INFO> 619: iface_dump_axi_plane_config: plane[0]: address_offset 0
05-21 21:49:24.826 I/mm-camera(  723): <IFACE >< INFO> 1786: iface_streamon_to_thread: iface_streamon_to_thread: E, session id = 3, user stream id = 2
05-21 21:49:24.827 I/mm-camera(  723): <IFACE >< INFO> 2133: iface_streamon: E, session_id 3 mct_stream_id = 2
05-21 21:49:24.827 I/mm-camera(  723): <IFACE >< INFO> 12248: iface_util_get_user_streams_by_bundle: got No.1 bundled streamon, mct stream id 2total bundled stream num = 2
05-21 21:49:24.838 E/mm-camera(  723): <ISP   ><ERROR> 1814: isp_util_forward_event_to_internal_pipeline: isp pipeline not support this stream identity 30002
05-21 21:49:24.838 I/chatty  (  723): uid=1047(cameraserver) CAM_MctServ_3 identical 1 line
05-21 21:49:24.838 E/mm-camera(  723): <ISP   ><ERROR> 1814: isp_util_forward_event_to_internal_pipeline: isp pipeline not support this stream identity 30002
05-21 21:49:24.840 I/mm-camera(  723): <IFACE >< INFO> 1815: iface_streamon_to_thread: iface_streamon_to_thread: X, session id = 3, user stream id = 2
05-21 21:49:24.840 E/mm-camera(  723): <STATS_AEC ><ERROR> 7155: aec_process_real_gain_to_iso: Invalid gain values 0.000000
05-21 21:49:24.840 E/mm-camera(  723): <STATS_AEC ><ERROR> 7155: aec_process_real_gain_to_iso: Invalid gain values 0.000000
05-21 21:49:24.840 E/mm-camera(  723): <SENSOR><ERROR> 609: sensor_set_exposure: Invalid input parameters: real_gain=0.000000 line_count=1
05-21 21:49:24.840 I/mm-camera(  723): <MCT   >< INFO> 4482: mct_pipeline_process_set:  STREAM-ON success for stream 0x30002, stream type=8
