01-17 16:17:50.428 I/QCamera (  722): <MCI><INFO> mm_stream_dispatch_app_data: 457: Enter callback by blackjoe
01-17 16:17:50.428 E/mm-camera(  722): <SENSOR><ERROR> 4883: sensor_get_frame_duration: resolution is invalid, it seems stream has stopped.
01-17 16:17:50.428 E/mm-camera(  722): <SENSOR><ERROR> 884: sensor_fc_report_meta: Failed to get frame duration
01-17 16:17:50.429 E/mm-camera(  722): <SENSOR><ERROR> 4805: sensor_get_exposure_time: resolution is invalid, it seems stream has stopped.
01-17 16:17:50.429 E/mm-camera(  722): <SENSOR><ERROR> 904: sensor_fc_report_meta: Failed to get exposure time
01-17 16:17:50.430 E/mm-camera(  722): <MCT   ><ERROR> 2722: mct_stream_process_bus_msg: Check the runing function blackjoe 
01-17 16:17:50.430 E/mm-camera(  722): <MCT   ><ERROR> 2755: mct_stream_process_bus_msg: isp_sof_bus_msg is 0xecac0d00
01-17 16:17:50.430 E/mm-camera(  722): <MCT   ><ERROR> 2757: mct_stream_process_bus_msg: frameid is 35 hal_version is 3
01-17 16:17:50.431 E/mm-camera(  722): <MCT   ><ERROR> 2759: mct_stream_process_bus_msg: kstate_ptr is 0xe9d53d14, isp_kstate_ptr is 0xeda49000
01-17 16:17:50.431 E/mm-camera(  722): <MCT   ><ERROR> 2765: mct_stream_process_bus_msg: frame_id is 35
01-17 16:17:50.431 E/QCamera (  722): <MCI><ERROR> mm_stream_data_notify: 337: E, my_handle = 0x6300, fd = 69, state = 6 blackjoe
01-17 16:17:50.431 E/QCamera (  722): <MCI><ERROR> mm_stream_read_msm_frame: 1723: E, my_handle = 0x6300, fd = 69, state = 6 blackjoe
01-17 16:17:50.432 I/QCamera (  722): <MCI><INFO> mm_stream_read_msm_frame: 1770: VIDIOC_DQBUF buf_index 16, frame_idx 34, stream type 7, rc 0,queued: 17, buf_type = 0 flags = 8192 FD = 69 my_num 0 buf fd 114
01-17 16:17:50.432 E/QCamera (  722): <MCI><ERROR> mm_stream_read_msm_frame: 1790: X rc = 0
01-17 16:17:50.432 I/QCamera (  722): <MCI><INFO> mm_stream_handle_rcvd_buf: 220: E, my_handle = 0x6300, fd = 69, state = 6
01-17 16:17:50.432 I/QCamera (  722): <MCI><INFO> mm_stream_handle_rcvd_buf: 244: has cb and it is active by blackjoe
01-17 16:17:50.432 I/QCamera (  722): <MCI><INFO> mm_stream_dispatch_app_data: 415: E, my_handle = 0x6300, fd = 69, state = 6
01-17 16:17:50.432 I/QCamera (  722): <MCI><INFO> mm_stream_dispatch_app_data: 436: frame_sync.is_active = 0, is_cb_active = 1
01-17 16:17:50.433 I/QCamera (  722): <MCI><INFO> mm_stream_dispatch_app_data: 457: Enter callback by blackjoe
01-17 16:17:50.434 E/mm-camera(  722): <STATS_AIS ><ERROR> 1316: dsps_process_response_gyro: Query request denied, error code = 5, QId_valid = 1, QueryId = 0x230a, AckNak_valid = 1, AckNak = 3
01-17 16:17:50.442 E/mm-camera(  722): <MCT   ><ERROR> 4828: mct_pipeline_process_serv_msg: pipeline blackjoe data->sessionid 3 pipeline->session 3 msgid 3
01-17 16:17:50.442 E/mm-camera(  722): <MCT   ><ERROR> 4299: mct_pipeline_process_set: command is 0x8000014 blackjoe CAM_PRIV_PARM 0x8000014
01-17 16:17:50.453 E/        (    0): frame_src is 1 frame_id is 36 blackjoe
01-17 16:17:50.443 E/QCamera (  722): <MCI><ERROR> mm_stream_data_notify: 337: E, my_handle = 0x6401, fd = 78, state = 6 blackjoe
01-17 16:17:50.443 E/QCamera (  722): <MCI><ERROR> mm_stream_read_msm_frame: 1723: E, my_handle = 0x6401, fd = 78, state = 6 blackjoe
01-17 16:17:50.443 I/QCamera (  722): <MCI><INFO> mm_stream_read_msm_frame: 1770: VIDIOC_DQBUF buf_index 8, frame_idx 35, stream type 8, rc 0,queued: 5, buf_type = 0 flags = 8192 FD = 78 my_num 0 buf fd 137
01-17 16:17:50.444 E/QCamera (  722): <MCI><ERROR> mm_stream_read_msm_frame: 1790: X rc = 0
01-17 16:17:50.444 I/QCamera (  722): <MCI><INFO> mm_stream_handle_rcvd_buf: 220: E, my_handle = 0x6401, fd = 78, state = 6
01-17 16:17:50.444 I/QCamera (  722): <MCI><INFO> mm_stream_handle_rcvd_buf: 244: has cb and it is active by blackjoe
01-17 16:17:50.444 E/mm-camera(  722): <SENSOR><ERROR> 4883: sensor_get_frame_duration: resolution is invalid, it seems stream has stopped.
01-17 16:17:50.445 E/mm-camera(  722): <SENSOR><ERROR> 884: sensor_fc_report_meta: Failed to get frame duration
01-17 16:17:50.445 E/mm-camera(  722): <SENSOR><ERROR> 4805: sensor_get_exposure_time: resolution is invalid, it seems stream has stopped.
01-17 16:17:50.445 E/mm-camera(  722): <SENSOR><ERROR> 904: sensor_fc_report_meta: Failed to get exposure time
01-17 16:17:50.446 E/mm-camera(  722): <MCT   ><ERROR> 2722: mct_stream_process_bus_msg: Check the runing function blackjoe 
01-17 16:17:50.446 E/mm-camera(  722): <MCT   ><ERROR> 2755: mct_stream_process_bus_msg: isp_sof_bus_msg is 0xecac0d00
01-17 16:17:50.446 E/mm-camera(  722): <MCT   ><ERROR> 2757: mct_stream_process_bus_msg: frameid is 36 hal_version is 3
01-17 16:17:50.446 E/mm-camera(  722): <MCT   ><ERROR> 2759: mct_stream_process_bus_msg: kstate_ptr is 0xe9d53d14, isp_kstate_ptr is 0xeda49000
01-17 16:17:50.446 I/QCamera (  722): <MCI><INFO> mm_stream_dispatch_app_data: 415: E, my_handle = 0x6401, fd = 78, state = 6
01-17 16:17:50.446 E/mm-camera(  722): <MCT   ><ERROR> 2765: mct_stream_process_bus_msg: frame_id is 36
01-17 16:17:50.447 I/QCamera (  722): <MCI><INFO> mm_stream_dispatch_app_data: 436: frame_sync.is_active = 0, is_cb_active = 1
01-17 16:17:50.447 I/QCamera (  722): <MCI><INFO> mm_stream_dispatch_app_data: 457: Enter callback by blackjoe
01-17 16:17:50.447 E/QCamera (  722): <MCI><ERROR> mm_stream_data_notify: 337: E, my_handle = 0x6300, fd = 69, state = 6 blackjoe
01-17 16:17:50.447 E/QCamera (  722): <MCI><ERROR> mm_stream_read_msm_frame: 1723: E, my_handle = 0x6300, fd = 69, state = 6 blackjoe
01-17 16:17:50.447 I/QCamera (  722): <MCI><INFO> mm_stream_read_msm_frame: 1770: VIDIOC_DQBUF buf_index 17, frame_idx 35, stream type 7, rc 0,queued: 17, buf_type = 0 flags = 8192 FD = 69 my_num 0 buf fd 117
01-17 16:17:50.447 E/QCamera (  722): <MCI><ERROR> mm_stream_read_msm_frame: 1790: X rc = 0
01-17 16:17:50.447 I/QCamera (  722): <MCI><INFO> mm_stream_handle_rcvd_buf: 220: E, my_handle = 0x6300, fd = 69, state = 6
01-17 16:17:50.448 I/QCamera (  722): <MCI><INFO> mm_stream_handle_rcvd_buf: 244: has cb and it is active by blackjoe
01-17 16:17:50.448 I/QCamera (  722): <MCI><INFO> mm_stream_dispatch_app_data: 415: E, my_handle = 0x6300, fd = 69, state = 6
01-17 16:17:50.448 I/QCamera (  722): <MCI><INFO> mm_stream_dispatch_app_data: 436: frame_sync.is_active = 0, is_cb_active = 1
01-17 16:17:50.448 I/QCamera (  722): <MCI><INFO> mm_stream_dispatch_app_data: 457: Enter callback by blackjoe
01-17 16:17:50.451 E/mm-camera(  722): <STATS_AIS ><ERROR> 1316: dsps_process_response_gyro: Query request denied, error code = 5, QId_valid = 1, QueryId = 0x240a, AckNak_valid = 1, AckNak = 3
01-17 16:17:50.454 E/mm-camera(  722): <MCT   ><ERROR> 4828: mct_pipeline_process_serv_msg: pipeline blackjoe data->sessionid 3 pipeline->session 3 msgid 3
01-17 16:17:50.454 E/mm-camera(  722): <MCT   ><ERROR> 4299: mct_pipeline_process_set: command is 0x8000014 blackjoe CAM_PRIV_PARM 0x8000014
01-17 16:17:50.460 E/mm-camera(  722): <SENSOR><ERROR> 4883: sensor_get_frame_duration: resolution is invalid, it seems stream has stopped.
01-17 16:17:50.460 E/mm-camera(  722): <SENSOR><ERROR> 884: sensor_fc_report_meta: Failed to get frame duration
01-17 16:17:50.460 E/mm-camera(  722): <SENSOR><ERROR> 4805: sensor_get_exposure_time: resolution is invalid, it seems stream has stopped.
01-17 16:17:50.460 E/mm-camera(  722): <SENSOR><ERROR> 904: sensor_fc_report_meta: Failed to get exposure time
01-17 16:17:50.460 E/QCamera (  722): <MCI><ERROR> mm_stream_data_notify: 337: E, my_handle = 0x6401, fd = 78, state = 6 blackjoe
01-17 16:17:50.461 E/QCamera (  722): <MCI><ERROR> mm_stream_read_msm_frame: 1723: E, my_handle = 0x6401, fd = 78, state = 6 blackjoe
01-17 16:17:50.461 I/QCamera (  722): <MCI><INFO> mm_stream_read_msm_frame: 1770: VIDIOC_DQBUF buf_index 9, frame_idx 36, stream type 8, rc 0,queued: 5, buf_type = 0 flags = 8192 FD = 78 my_num 0 buf fd 140
01-17 16:17:50.461 E/QCamera (  722): <MCI><ERROR> mm_stream_read_msm_frame: 1790: X rc = 0
01-17 16:17:50.461 E/mm-camera(  722): <MCT   ><ERROR> 2722: mct_stream_process_bus_msg: Check the runing function blackjoe 
01-17 16:17:50.461 E/mm-camera(  722): <MCT   ><ERROR> 2755: mct_stream_process_bus_msg: isp_sof_bus_msg is 0xecac0d00
01-17 16:17:50.461 E/mm-camera(  722): <MCT   ><ERROR> 2757: mct_stream_process_bus_msg: frameid is 37 hal_version is 3
01-17 16:17:50.462 E/mm-camera(  722): <MCT   ><ERROR> 2759: mct_stream_process_bus_msg: kstate_ptr is 0xe9d53d14, isp_kstate_ptr is 0xeda49000
01-17 16:17:50.462 I/QCamera (  722): <MCI><INFO> mm_stream_handle_rcvd_buf: 220: E, my_handle = 0x6401, fd = 78, state = 6
01-17 16:17:50.470 E/        (    0): frame_src is 1 frame_id is 37 blackjoe
01-17 16:17:50.462 E/mm-camera(  722): <MCT   ><ERROR> 2765: mct_stream_process_bus_msg: frame_id is 37
01-17 16:17:50.462 I/QCamera (  722): <MCI><INFO> mm_stream_handle_rcvd_buf: 244: has cb and it is active by blackjoe
01-17 16:17:50.462 E/QCamera (  722): <MCI><ERROR> mm_stream_data_notify: 337: E, my_handle = 0x6300, fd = 69, state = 6 blackjoe
01-17 16:17:50.463 I/QCamera (  722): <MCI><INFO> mm_stream_dispatch_app_data: 415: E, my_handle = 0x6401, fd = 78, state = 6
01-17 16:17:50.463 E/QCamera (  722): <MCI><ERROR> mm_stream_read_msm_frame: 1723: E, my_handle = 0x6300, fd = 69, state = 6 blackjoe
01-17 16:17:50.463 I/QCamera (  722): <MCI><INFO> mm_stream_read_msm_frame: 1770: VIDIOC_DQBUF buf_index 0, frame_idx 36, stream type 7, rc 0,queued: 17, buf_type = 0 flags = 8192 FD = 69 my_num 0 buf fd 82
01-17 16:17:50.463 E/QCamera (  722): <MCI><ERROR> mm_stream_read_msm_frame: 1790: X rc = 0
01-17 16:17:50.464 I/QCamera (  722): <MCI><INFO> mm_stream_handle_rcvd_buf: 220: E, my_handle = 0x6300, fd = 69, state = 6
01-17 16:17:50.464 I/QCamera (  722): <MCI><INFO> mm_stream_dispatch_app_data: 436: frame_sync.is_active = 0, is_cb_active = 1
01-17 16:17:50.464 I/QCamera (  722): <MCI><INFO> mm_stream_dispatch_app_data: 457: Enter callback by blackjoe
01-17 16:17:50.464 I/QCamera (  722): <MCI><INFO> mm_stream_handle_rcvd_buf: 244: has cb and it is active by blackjoe
01-17 16:17:50.464 I/QCamera (  722): <MCI><INFO> mm_stream_dispatch_app_data: 415: E, my_handle = 0x6300, fd = 69, state = 6
01-17 16:17:50.464 I/QCamera (  722): <MCI><INFO> mm_stream_dispatch_app_data: 436: frame_sync.is_active = 0, is_cb_active = 1
01-17 16:17:50.464 I/QCamera (  722): <MCI><INFO> mm_stream_dispatch_app_data: 457: Enter callback by blackjoe
01-17 16:17:50.467 E/mm-camera(  722): <STATS_AIS ><ERROR> 1316: dsps_process_response_gyro: Query request denied, error code = 5, QId_valid = 1, QueryId = 0x250a, AckNak_valid = 1, AckNak = 3
01-17 16:17:50.470 E/mm-camera(  722): <MCT   ><ERROR> 4828: mct_pipeline_process_serv_msg: pipeline blackjoe data->sessionid 3 pipeline->session 3 msgid 3
01-17 16:17:50.470 E/mm-camera(  722): <MCT   ><ERROR> 4299: mct_pipeline_process_set: command is 0x8000014 blackjoe CAM_PRIV_PARM 0x8000014
01-17 16:17:50.486 E/        (    0): frame_src is 1 frame_id is 38 blackjoe
01-17 16:17:50.476 E/QCamera (  722): <MCI><ERROR> mm_stream_data_notify: 337: E, my_handle = 0x6401, fd = 78, state = 6 blackjoe
01-17 16:17:50.476 E/QCamera (  722): <MCI><ERROR> mm_stream_read_msm_frame: 1723: E, my_handle = 0x6401, fd = 78, state = 6 blackjoe
01-17 16:17:50.477 I/QCamera (  722): <MCI><INFO> mm_stream_read_msm_frame: 1770: VIDIOC_DQBUF buf_index 10, frame_idx 37, stream type 8, rc 0,queued: 5, buf_type = 0 flags = 8192 FD = 78 my_num 0 buf fd 76
01-17 16:17:50.477 E/QCamera (  722): <MCI><ERROR> mm_stream_read_msm_frame: 1790: X rc = 0
01-17 16:17:50.477 I/QCamera (  722): <MCI><INFO> mm_stream_handle_rcvd_buf: 220: E, my_handle = 0x6401, fd = 78, state = 6
01-17 16:17:50.477 I/QCamera (  722): <MCI><INFO> mm_stream_handle_rcvd_buf: 244: has cb and it is active by blackjoe
01-17 16:17:50.477 E/mm-camera(  722): <SENSOR><ERROR> 4883: sensor_get_frame_duration: resolution is invalid, it seems stream has stopped.
01-17 16:17:50.477 E/mm-camera(  722): <SENSOR><ERROR> 884: sensor_fc_report_meta: Failed to get frame duration
01-17 16:17:50.478 I/QCamera (  722): <MCI><INFO> mm_stream_dispatch_app_data: 415: E, my_handle = 0x6401, fd = 78, state = 6
01-17 16:17:50.478 E/mm-camera(  722): <SENSOR><ERROR> 4805: sensor_get_exposure_time: resolution is invalid, it seems stream has stopped.
01-17 16:17:50.478 I/QCamera (  722): <MCI><INFO> mm_stream_dispatch_app_data: 436: frame_sync.is_active = 0, is_cb_active = 1
01-17 16:17:50.478 E/mm-camera(  722): <SENSOR><ERROR> 904: sensor_fc_report_meta: Failed to get exposure time
01-17 16:17:50.478 I/QCamera (  722): <MCI><INFO> mm_stream_dispatch_app_data: 457: Enter callback by blackjoe
01-17 16:17:50.479 E/mm-camera(  722): <MCT   ><ERROR> 2722: mct_stream_process_bus_msg: Check the runing function blackjoe 
01-17 16:17:50.479 E/mm-camera(  722): <MCT   ><ERROR> 2755: mct_stream_process_bus_msg: isp_sof_bus_msg is 0xecac0d00
01-17 16:17:50.479 E/mm-camera(  722): <MCT   ><ERROR> 2757: mct_stream_process_bus_msg: frameid is 38 hal_version is 3
01-17 16:17:50.479 E/mm-camera(  722): <MCT   ><ERROR> 2759: mct_stream_process_bus_msg: kstate_ptr is 0xe9d53d14, isp_kstate_ptr is 0xeda49000
01-17 16:17:50.479 E/mm-camera(  722): <MCT   ><ERROR> 2765: mct_stream_process_bus_msg: frame_id is 38
01-17 16:17:50.480 E/QCamera (  722): <MCI><ERROR> mm_stream_data_notify: 337: E, my_handle = 0x6300, fd = 69, state = 6 blackjoe
01-17 16:17:50.480 E/QCamera (  722): <MCI><ERROR> mm_stream_read_msm_frame: 1723: E, my_handle = 0x6300, fd = 69, state = 6 blackjoe
01-17 16:17:50.480 I/QCamera (  722): <MCI><INFO> mm_stream_read_msm_frame: 1770: VIDIOC_DQBUF buf_index 1, frame_idx 37, stream type 7, rc 0,queued: 17, buf_type = 0 flags = 8192 FD = 69 my_num 0 buf fd 84
01-17 16:17:50.480 E/QCamera (  722): <MCI><ERROR> mm_stream_read_msm_frame: 1790: X rc = 0
01-17 16:17:50.480 I/QCamera (  722): <MCI><INFO> mm_stream_handle_rcvd_buf: 220: E, my_handle = 0x6300, fd = 69, state = 6
01-17 16:17:50.481 I/QCamera (  722): <MCI><INFO> mm_stream_handle_rcvd_buf: 244: has cb and it is active by blackjoe
01-17 16:17:50.481 I/QCamera (  722): <MCI><INFO> mm_stream_dispatch_app_data: 415: E, my_handle = 0x6300, fd = 69, state = 6
01-17 16:17:50.481 I/QCamera (  722): <MCI><INFO> mm_stream_dispatch_app_data: 436: frame_sync.is_active = 0, is_cb_active = 1
01-17 16:17:50.481 I/QCamera (  722): <MCI><INFO> mm_stream_dispatch_app_data: 457: Enter callback by blackjoe
01-17 16:17:50.484 E/mm-camera(  722): <STATS_AIS ><ERROR> 1316: dsps_process_response_gyro: Query request denied, error code = 5, QId_valid = 1, QueryId = 0x260a, AckNak_valid = 1, AckNak = 3
01-17 16:17:50.491 E/mm-camera(  722): <MCT   ><ERROR> 4828: mct_pipeline_process_serv_msg: pipeline blackjoe data->sessionid 3 pipeline->session 3 msgid 3
01-17 16:17:50.492 E/mm-camera(  722): <MCT   ><ERROR> 4299: mct_pipeline_process_set: command is 0x8000014 blackjoe CAM_PRIV_PARM 0x8000014
01-17 16:17:50.503 E/        (    0): frame_src is 1 frame_id is 39 blackjoe
01-17 16:17:50.493 E/QCamera (  722): <MCI><ERROR> mm_stream_data_notify: 337: E, my_handle = 0x6401, fd = 78, state = 6 blackjoe
01-17 16:17:50.493 E/QCamera (  722): <MCI><ERROR> mm_stream_read_msm_frame: 1723: E, my_handle = 0x6401, fd = 78, state = 6 blackjoe
01-17 16:17:50.493 I/QCamera (  722): <MCI><INFO> mm_stream_read_msm_frame: 1770: VIDIOC_DQBUF buf_index 11, frame_idx 38, stream type 8, rc 0,queued: 5, buf_type = 0 flags = 8192 FD = 78 my_num 0 buf fd 126
01-17 16:17:50.493 E/QCamera (  722): <MCI><ERROR> mm_stream_read_msm_frame: 1790: X rc = 0
01-17 16:17:50.494 I/QCamera (  722): <MCI><INFO> mm_stream_handle_rcvd_buf: 220: E, my_handle = 0x6401, fd = 78, state = 6
01-17 16:17:50.494 I/QCamera (  722): <MCI><INFO> mm_stream_handle_rcvd_buf: 244: has cb and it is active by blackjoe
01-17 16:17:50.494 I/QCamera (  722): <MCI><INFO> mm_stream_dispatch_app_data: 415: E, my_handle = 0x6401, fd = 78, state = 6
01-17 16:17:50.494 E/mm-camera(  722): <SENSOR><ERROR> 4883: sensor_get_frame_duration: resolution is invalid, it seems stream has stopped.
01-17 16:17:50.494 I/QCamera (  722): <MCI><INFO> mm_stream_dispatch_app_data: 436: frame_sync.is_active = 0, is_cb_active = 1
01-17 16:17:50.494 E/mm-camera(  722): <SENSOR><ERROR> 884: sensor_fc_report_meta: Failed to get frame duration
01-17 16:17:50.494 I/QCamera (  722): <MCI><INFO> mm_stream_dispatch_app_data: 457: Enter callback by blackjoe
01-17 16:17:50.494 E/mm-camera(  722): <SENSOR><ERROR> 4805: sensor_get_exposure_time: resolution is invalid, it seems stream has stopped.
01-17 16:17:50.495 E/mm-camera(  722): <SENSOR><ERROR> 904: sensor_fc_report_meta: Failed to get exposure time
01-17 16:17:50.495 E/mm-camera(  722): <MCT   ><ERROR> 2722: mct_stream_process_bus_msg: Check the runing function blackjoe 
01-17 16:17:50.496 E/mm-camera(  722): <MCT   ><ERROR> 2755: mct_stream_process_bus_msg: isp_sof_bus_msg is 0xecac0d00
01-17 16:17:50.496 E/mm-camera(  722): <MCT   ><ERROR> 2757: mct_stream_process_bus_msg: frameid is 39 hal_version is 3
01-17 16:17:50.496 E/mm-camera(  722): <MCT   ><ERROR> 2759: mct_stream_process_bus_msg: kstate_ptr is 0xe9d53d14, isp_kstate_ptr is 0xeda49000
01-17 16:17:50.496 E/mm-camera(  722): <MCT   ><ERROR> 2765: mct_stream_process_bus_msg: frame_id is 39
01-17 16:17:50.496 E/QCamera (  722): <MCI><ERROR> mm_stream_data_notify: 337: E, my_handle = 0x6300, fd = 69, state = 6 blackjoe
01-17 16:17:50.497 E/QCamera (  722): <MCI><ERROR> mm_stream_read_msm_frame: 1723: E, my_handle = 0x6300, fd = 69, state = 6 blackjoe
01-17 16:17:50.497 I/QCamera (  722): <MCI><INFO> mm_stream_read_msm_frame: 1770: VIDIOC_DQBUF buf_index 2, frame_idx 38, stream type 7, rc 0,queued: 17, buf_type = 0 flags = 8192 FD = 69 my_num 0 buf fd 86
01-17 16:17:50.497 E/QCamera (  722): <MCI><ERROR> mm_stream_read_msm_frame: 1790: X rc = 0
01-17 16:17:50.497 I/QCamera (  722): <MCI><INFO> mm_stream_handle_rcvd_buf: 220: E, my_handle = 0x6300, fd = 69, state = 6
01-17 16:17:50.498 I/QCamera (  722): <MCI><INFO> mm_stream_handle_rcvd_buf: 244: has cb and it is active by blackjoe
01-17 16:17:50.498 I/QCamera (  722): <MCI><INFO> mm_stream_dispatch_app_data: 415: E, my_handle = 0x6300, fd = 69, state = 6
01-17 16:17:50.498 I/QCamera (  722): <MCI><INFO> mm_stream_dispatch_app_data: 436: frame_sync.is_active = 0, is_cb_active = 1
01-17 16:17:50.498 I/QCamera (  722): <MCI><INFO> mm_stream_dispatch_app_data: 457: Enter callback by blackjoe
01-17 16:17:50.499 E/mm-camera(  722): <STATS_AIS ><ERROR> 1316: dsps_process_response_gyro: Query request denied, error code = 5, QId_valid = 1, QueryId = 0x270a, AckNak_valid = 1, AckNak = 3
01-17 16:17:50.506 E/mm-camera(  722): <MCT   ><ERROR> 4828: mct_pipeline_process_serv_msg: pipeline blackjoe data->sessionid 3 pipeline->session 3 msgid 3
01-17 16:17:50.506 E/mm-camera(  722): <MCT   ><ERROR> 4299: mct_pipeline_process_set: command is 0x8000014 blackjoe CAM_PRIV_PARM 0x8000014
01-17 16:17:50.519 D/logd    (    0): logdr: UID=0 GID=0 PID=26552 n tail=0 logMask=99 pid=0 start=0ns timeout=0ns
01-17 16:17:50.542 E/QCamera (  722): <MCI><ERROR> mm_stream_data_notify: 337: E, my_handle = 0x6401, fd = 78, state = 6 blackjoe
01-17 16:17:50.542 E/QCamera (  722): <MCI><ERROR> mm_stream_read_msm_frame: 1723: E, my_handle = 0x6401, fd = 78, state = 6 blackjoe
01-17 16:17:50.542 E/mm-camera(  722): <SENSOR><ERROR> 4883: sensor_get_frame_duration: resolution is invalid, it seems stream has stopped.
01-17 16:17:50.542 E/mm-camera(  722): <SENSOR><ERROR> 884: sensor_fc_report_meta: Failed to get frame duration
01-17 16:17:50.542 I/QCamera (  722): <MCI><INFO> mm_stream_read_msm_frame: 1770: VIDIOC_DQBUF buf_index 6, frame_idx 39, stream type 8, rc 0,queued: 5, buf_type = 0 flags = 8192 FD = 78 my_num 0 buf fd 129
01-17 16:17:50.542 E/mm-camera(  722): <SENSOR><ERROR> 4805: sensor_get_exposure_time: resolution is invalid, it seems stream has stopped.
01-17 16:17:50.543 E/QCamera (  722): <MCI><ERROR> mm_stream_read_msm_frame: 1790: X rc = 0
01-17 16:17:50.543 E/mm-camera(  722): <SENSOR><ERROR> 904: sensor_fc_report_meta: Failed to get exposure time
01-17 16:17:50.543 I/QCamera (  722): <MCI><INFO> mm_stream_handle_rcvd_buf: 220: E, my_handle = 0x6401, fd = 78, state = 6
01-17 16:17:50.543 I/QCamera (  722): <MCI><INFO> mm_stream_handle_rcvd_buf: 244: has cb and it is active by blackjoe
01-17 16:17:50.543 E/mm-camera(  722): <MCT   ><ERROR> 2722: mct_stream_process_bus_msg: Check the runing function blackjoe 
01-17 16:17:50.544 E/mm-camera(  722): <MCT   ><ERROR> 2755: mct_stream_process_bus_msg: isp_sof_bus_msg is 0xecac0d00
01-17 16:17:50.544 I/QCamera (  722): <MCI><INFO> mm_stream_dispatch_app_data: 415: E, my_handle = 0x6401, fd = 78, state = 6
01-17 16:17:50.544 I/QCamera (  722): <MCI><INFO> mm_stream_dispatch_app_data: 436: frame_sync.is_active = 0, is_cb_active = 1
01-17 16:17:50.544 E/mm-camera(  722): <MCT   ><ERROR> 2757: mct_stream_process_bus_msg: frameid is 40 hal_version is 3
01-17 16:17:50.544 I/QCamera (  722): <MCI><INFO> mm_stream_dispatch_app_data: 457: Enter callback by blackjoe
01-17 16:17:50.544 E/mm-camera(  722): <MCT   ><ERROR> 2759: mct_stream_process_bus_msg: kstate_ptr is 0xe9d53d14, isp_kstate_ptr is 0xeda49000
01-17 16:17:50.544 E/mm-camera(  722): <MCT   ><ERROR> 2765: mct_stream_process_bus_msg: frame_id is 40
01-17 16:17:50.544 E/QCamera (  722): <MCI><ERROR> mm_stream_data_notify: 337: E, my_handle = 0x6300, fd = 69, state = 6 blackjoe
01-17 16:17:50.544 E/QCamera (  722): <MCI><ERROR> mm_stream_read_msm_frame: 1723: E, my_handle = 0x6300, fd = 69, state = 6 blackjoe
01-17 16:17:50.545 I/QCamera (  722): <MCI><INFO> mm_stream_read_msm_frame: 1770: VIDIOC_DQBUF buf_index 3, frame_idx 39, stream type 7, rc 0,queued: 17, buf_type = 0 flags = 8192 FD = 69 my_num 0 buf fd 88
01-17 16:17:50.545 E/QCamera (  722): <MCI><ERROR> mm_stream_read_msm_frame: 1790: X rc = 0
01-17 16:17:50.545 I/QCamera (  722): <MCI><INFO> mm_stream_handle_rcvd_buf: 220: E, my_handle = 0x6300, fd = 69, state = 6
01-17 16:17:50.545 I/QCamera (  722): <MCI><INFO> mm_stream_handle_rcvd_buf: 244: has cb and it is active by blackjoe
01-17 16:17:50.552 E/        (    0): frame_src is 1 frame_id is 40 blackjoe
01-17 16:17:50.546 I/QCamera (  722): <MCI><INFO> mm_stream_dispatch_app_data: 415: E, my_handle = 0x6300, fd = 69, state = 6
01-17 16:17:50.546 I/QCamera (  722): <MCI><INFO> mm_stream_dispatch_app_data: 436: frame_sync.is_active = 0, is_cb_active = 1
01-17 16:17:50.546 I/QCamera (  722): <MCI><INFO> mm_stream_dispatch_app_data: 457: Enter callback by blackjoe
01-17 16:17:50.548 E/mm-camera(  722): <STATS_AIS ><ERROR> 1316: dsps_process_response_gyro: Query request denied, error code = 5, QId_valid = 1, QueryId = 0x280a, AckNak_valid = 1, AckNak = 3
01-17 16:17:50.551 E/mm-camera(  722): <MCT   ><ERROR> 4828: mct_pipeline_process_serv_msg: pipeline blackjoe data->sessionid 3 pipeline->session 3 msgid 3
01-17 16:17:50.552 E/mm-camera(  722): <MCT   ><ERROR> 4299: mct_pipeline_process_set: command is 0x8000014 blackjoe CAM_PRIV_PARM 0x8000014
01-17 16:17:50.569 E/        (    0): frame_src is 1 frame_id is 41 blackjoe
01-17 16:17:50.558 E/QCamera (  722): <MCI><ERROR> mm_stream_data_notify: 337: E, my_handle = 0x6401, fd = 78, state = 6 blackjoe
01-17 16:17:50.559 E/QCamera (  722): <MCI><ERROR> mm_stream_read_msm_frame: 1723: E, my_handle = 0x6401, fd = 78, state = 6 blackjoe
01-17 16:17:50.559 E/mm-camera(  722): <SENSOR><ERROR> 4883: sensor_get_frame_duration: resolution is invalid, it seems stream has stopped.
01-17 16:17:50.559 E/mm-camera(  722): <SENSOR><ERROR> 884: sensor_fc_report_meta: Failed to get frame duration
01-17 16:17:50.559 E/mm-camera(  722): <SENSOR><ERROR> 4805: sensor_get_exposure_time: resolution is invalid, it seems stream has stopped.
01-17 16:17:50.559 I/QCamera (  722): <MCI><INFO> mm_stream_read_msm_frame: 1770: VIDIOC_DQBUF buf_index 7, frame_idx 40, stream type 8, rc 0,queued: 5, buf_type = 0 flags = 8192 FD = 78 my_num 0 buf fd 136
01-17 16:17:50.559 E/mm-camera(  722): <SENSOR><ERROR> 904: sensor_fc_report_meta: Failed to get exposure time
01-17 16:17:50.559 E/QCamera (  722): <MCI><ERROR> mm_stream_read_msm_frame: 1790: X rc = 0
01-17 16:17:50.559 I/QCamera (  722): <MCI><INFO> mm_stream_handle_rcvd_buf: 220: E, my_handle = 0x6401, fd = 78, state = 6
01-17 16:17:50.560 E/mm-camera(  722): <MCT   ><ERROR> 2722: mct_stream_process_bus_msg: Check the runing function blackjoe 
01-17 16:17:50.560 I/QCamera (  722): <MCI><INFO> mm_stream_handle_rcvd_buf: 244: has cb and it is active by blackjoe
01-17 16:17:50.560 E/mm-camera(  722): <MCT   ><ERROR> 2755: mct_stream_process_bus_msg: isp_sof_bus_msg is 0xecac0d00
01-17 16:17:50.560 E/mm-camera(  722): <MCT   ><ERROR> 2757: mct_stream_process_bus_msg: frameid is 41 hal_version is 3
01-17 16:17:50.560 I/QCamera (  722): <MCI><INFO> mm_stream_dispatch_app_data: 415: E, my_handle = 0x6401, fd = 78, state = 6
01-17 16:17:50.560 E/mm-camera(  722): <MCT   ><ERROR> 2759: mct_stream_process_bus_msg: kstate_ptr is 0xe9d53d14, isp_kstate_ptr is 0xeda49000
01-17 16:17:50.560 E/mm-camera(  722): <MCT   ><ERROR> 2765: mct_stream_process_bus_msg: frame_id is 41
01-17 16:17:50.560 I/QCamera (  722): <MCI><INFO> mm_stream_dispatch_app_data: 436: frame_sync.is_active = 0, is_cb_active = 1
01-17 16:17:50.560 I/QCamera (  722): <MCI><INFO> mm_stream_dispatch_app_data: 457: Enter callback by blackjoe
01-17 16:17:50.560 E/QCamera (  722): <MCI><ERROR> mm_stream_data_notify: 337: E, my_handle = 0x6300, fd = 69, state = 6 blackjoe
01-17 16:17:50.560 E/QCamera (  722): <MCI><ERROR> mm_stream_read_msm_frame: 1723: E, my_handle = 0x6300, fd = 69, state = 6 blackjoe
01-17 16:17:50.561 I/QCamera (  722): <MCI><INFO> mm_stream_read_msm_frame: 1770: VIDIOC_DQBUF buf_index 4, frame_idx 40, stream type 7, rc 0,queued: 17, buf_type = 0 flags = 8192 FD = 69 my_num 0 buf fd 90
01-17 16:17:50.561 E/QCamera (  722): <MCI><ERROR> mm_stream_read_msm_frame: 1790: X rc = 0
01-17 16:17:50.561 I/QCamera (  722): <MCI><INFO> mm_stream_handle_rcvd_buf: 220: E, my_handle = 0x6300, fd = 69, state = 6
01-17 16:17:50.561 I/QCamera (  722): <MCI><INFO> mm_stream_handle_rcvd_buf: 244: has cb and it is active by blackjoe
01-17 16:17:50.561 I/QCamera (  722): <MCI><INFO> mm_stream_dispatch_app_data: 415: E, my_handle = 0x6300, fd = 69, state = 6
01-17 16:17:50.561 I/QCamera (  722): <MCI><INFO> mm_stream_dispatch_app_data: 436: frame_sync.is_active = 0, is_cb_active = 1
01-17 16:17:50.562 I/QCamera (  722): <MCI><INFO> mm_stream_dispatch_app_data: 457: Enter callback by blackjoe
01-17 16:17:50.564 E/mm-camera(  722): <STATS_AIS ><ERROR> 1316: dsps_process_response_gyro: Query request denied, error code = 5, QId_valid = 1, QueryId = 0x290a, AckNak_valid = 1, AckNak = 3
01-17 16:17:50.567 E/mm-camera(  722): <MCT   ><ERROR> 4828: mct_pipeline_process_serv_msg: pipeline blackjoe data->sessionid 3 pipeline->session 3 msgid 3
01-17 16:17:50.568 E/mm-camera(  722): <MCT   ><ERROR> 4299: mct_pipeline_process_set: command is 0x8000014 blackjoe CAM_PRIV_PARM 0x8000014
01-17 16:17:50.575 E/mm-camera(  722): <SENSOR><ERROR> 4883: sensor_get_frame_duration: resolution is invalid, it seems stream has stopped.
01-17 16:17:50.575 E/QCamera (  722): <MCI><ERROR> mm_stream_data_notify: 337: E, my_handle = 0x6401, fd = 78, state = 6 blackjoe
01-17 16:17:50.575 E/mm-camera(  722): <SENSOR><ERROR> 884: sensor_fc_report_meta: Failed to get frame duration
01-17 16:17:50.575 E/mm-camera(  722): <SENSOR><ERROR> 4805: sensor_get_exposure_time: resolution is invalid, it seems stream has stopped.
01-17 16:17:50.585 E/        (    0): frame_src is 1 frame_id is 42 blackjoe
01-17 16:17:50.575 E/QCamera (  722): <MCI><ERROR> mm_stream_read_msm_frame: 1723: E, my_handle = 0x6401, fd = 78, state = 6 blackjoe
01-17 16:17:50.576 E/mm-camera(  722): <SENSOR><ERROR> 904: sensor_fc_report_meta: Failed to get exposure time
01-17 16:17:50.576 I/QCamera (  722): <MCI><INFO> mm_stream_read_msm_frame: 1770: VIDIOC_DQBUF buf_index 8, frame_idx 41, stream type 8, rc 0,queued: 5, buf_type = 0 flags = 8192 FD = 78 my_num 0 buf fd 134
01-17 16:17:50.576 E/mm-camera(  722): <MCT   ><ERROR> 2722: mct_stream_process_bus_msg: Check the runing function blackjoe 
01-17 16:17:50.576 E/QCamera (  722): <MCI><ERROR> mm_stream_read_msm_frame: 1790: X rc = 0
01-17 16:17:50.576 E/mm-camera(  722): <MCT   ><ERROR> 2755: mct_stream_process_bus_msg: isp_sof_bus_msg is 0xecac0d00
01-17 16:17:50.576 I/QCamera (  722): <MCI><INFO> mm_stream_handle_rcvd_buf: 220: E, my_handle = 0x6401, fd = 78, state = 6
01-17 16:17:50.576 E/mm-camera(  722): <MCT   ><ERROR> 2757: mct_stream_process_bus_msg: frameid is 42 hal_version is 3
01-17 16:17:50.576 E/mm-camera(  722): <MCT   ><ERROR> 2759: mct_stream_process_bus_msg: kstate_ptr is 0xe9d53d14, isp_kstate_ptr is 0xeda49000
01-17 16:17:50.576 E/mm-camera(  722): <MCT   ><ERROR> 2765: mct_stream_process_bus_msg: frame_id is 42
01-17 16:17:50.576 I/QCamera (  722): <MCI><INFO> mm_stream_handle_rcvd_buf: 244: has cb and it is active by blackjoe
01-17 16:17:50.577 I/QCamera (  722): <MCI><INFO> mm_stream_dispatch_app_data: 415: E, my_handle = 0x6401, fd = 78, state = 6
01-17 16:17:50.577 E/QCamera (  722): <MCI><ERROR> mm_stream_data_notify: 337: E, my_handle = 0x6300, fd = 69, state = 6 blackjoe
01-17 16:17:50.577 I/QCamera (  722): <MCI><INFO> mm_stream_dispatch_app_data: 436: frame_sync.is_active = 0, is_cb_active = 1
01-17 16:17:50.577 E/QCamera (  722): <MCI><ERROR> mm_stream_read_msm_frame: 1723: E, my_handle = 0x6300, fd = 69, state = 6 blackjoe
01-17 16:17:50.577 I/QCamera (  722): <MCI><INFO> mm_stream_dispatch_app_data: 457: Enter callback by blackjoe
01-17 16:17:50.577 I/QCamera (  722): <MCI><INFO> mm_stream_read_msm_frame: 1770: VIDIOC_DQBUF buf_index 5, frame_idx 41, stream type 7, rc 0,queued: 17, buf_type = 0 flags = 8192 FD = 69 my_num 0 buf fd 92
01-17 16:17:50.577 E/QCamera (  722): <MCI><ERROR> mm_stream_read_msm_frame: 1790: X rc = 0
01-17 16:17:50.577 I/QCamera (  722): <MCI><INFO> mm_stream_handle_rcvd_buf: 220: E, my_handle = 0x6300, fd = 69, state = 6
01-17 16:17:50.577 I/QCamera (  722): <MCI><INFO> mm_stream_handle_rcvd_buf: 244: has cb and it is active by blackjoe
01-17 16:17:50.578 I/QCamera (  722): <MCI><INFO> mm_stream_dispatch_app_data: 415: E, my_handle = 0x6300, fd = 69, state = 6
01-17 16:17:50.578 I/QCamera (  722): <MCI><INFO> mm_stream_dispatch_app_data: 436: frame_sync.is_active = 0, is_cb_active = 1
01-17 16:17:50.578 I/QCamera (  722): <MCI><INFO> mm_stream_dispatch_app_data: 457: Enter callback by blackjoe
01-17 16:17:50.580 E/mm-camera(  722): <STATS_AIS ><ERROR> 1316: dsps_process_response_gyro: Query request denied, error code = 5, QId_valid = 1, QueryId = 0x2a0a, AckNak_valid = 1, AckNak = 3
01-17 16:17:50.591 I/BarCodeReader( 6187): Event message: 400, arg1=0x1, arg2=0
01-17 16:17:50.592 I/BarCodeReader( 6187): Event message: 10000, arg1=0xa1, arg2=7
01-17 16:17:50.594 E/mm-camera(  722): <MCT   ><ERROR> 4828: mct_pipeline_process_serv_msg: pipeline blackjoe data->sessionid 3 pipeline->session 3 msgid 3
01-17 16:17:50.595 E/mm-camera(  722): <MCT   ><ERROR> 4299: mct_pipeline_process_set: command is 0x8000014 blackjoe CAM_PRIV_PARM 0x8000014
01-17 16:17:50.602 I/EffectsFactory(  718): EffectCreate() create_effect
01-17 16:17:50.606 W/APM::AudioPolicyEngine(  855): getDevicesForStrategy() unknown strategy: -1
01-17 16:17:50.606 W/APM::AudioPolicyEngine(  855): getDevicesForStrategy() unknown strategy: -1
01-17 16:17:50.608 I/system_server( 1670): oneway function results will be dropped but finished with status OK and parcel size 4
01-17 16:17:50.609 I/system_server( 1670): oneway function results will be dropped but finished with status OK and parcel size 4
01-17 16:17:50.610 E/volume_listener(  718): check_and_set_gain_dep_cal: Failed to set gain dep cal level
01-17 16:17:50.610 D/audio_hw_primary(  718): start_output_stream: enter: stream(0xf1a864c0)usecase(1: low-latency-playback) devices(0x2) is_haptic_usecase(0)
01-17 16:17:50.611 D/audio_hw_primary(  718): select_devices for use case (low-latency-playback)
01-17 16:17:50.611 I/msm8974_platform(  718): platform_check_and_set_codec_backend_cfg:becf: afe: bitwidth 16, samplerate 48000 channels 2, backend_idx 0 usecase = 1 device (speaker)
01-17 16:17:50.612 I/msm8974_platform(  718): platform_check_and_set_codec_backend_cfg: new_snd_devices[0] is 2
01-17 16:17:50.612 I/msm8974_platform(  718): platform_check_codec_backend_cfg:becf: afe: bitwidth 16, samplerate 48000 channels 2, backend_idx 0 usecase = 1 device (speaker)
01-17 16:17:50.634 E/        (    0): tavil_codec tavil_codec: ASoC: DAPM unknown pin Lineout_3 amp
01-17 16:17:50.635 E/        (    0): frame_src is 1 frame_id is 43 blackjoe
01-17 16:17:50.615 D/msm8974_platform(  718): platform_check_codec_backend_cfg:becf: updated afe: bitwidth 16, samplerate 48000 channels 2,backend_idx 0 usecase = 1 device (speaker)
01-17 16:17:50.615 I/msm8974_platform(  718): platform_check_codec_backend_cfg:becf: afe: Codec selected backend: 0 updated bit width: 16 and sample rate: 48000
01-17 16:17:50.616 D/audio_hw_primary(  718): check_usecases_codec_backend:becf: force routing 0
01-17 16:17:50.616 D/audio_hw_primary(  718): check_usecases_codec_backend:becf: (84) check_usecases curr device: speaker, usecase device: backends match 0
01-17 16:17:50.616 D/audio_hw_primary(  718): check_usecases_codec_backend:becf: check_usecases num.of Usecases to switch 0
01-17 16:17:50.616 D/hardware_info(  718): hw_info_append_hw_type : device_name = speaker
01-17 16:17:50.616 D/audio_hw_primary(  718): enable_snd_device: snd_device(2: speaker)
01-17 16:17:50.616 D/msm8974_platform(  718): platform_get_island_cfg_on_device:island cfg status on snd_device = (speaker 0)
01-17 16:17:50.617 I/soundtrigger(  718): audio_extn_sound_trigger_update_device_status: device 0x2 of type 0 for Event 1, with Raise=0
01-17 16:17:50.617 D/audio_route(  718): Apply path: speaker
01-17 16:17:50.629 E/QCamera (  722): <MCI><ERROR> mm_stream_data_notify: 337: E, my_handle = 0x6401, fd = 78, state = 6 blackjoe
01-17 16:17:50.629 E/QCamera (  722): <MCI><ERROR> mm_stream_read_msm_frame: 1723: E, my_handle = 0x6401, fd = 78, state = 6 blackjoe
01-17 16:17:50.630 E/mm-camera(  722): <SENSOR><ERROR> 4883: sensor_get_frame_duration: resolution is invalid, it seems stream has stopped.
01-17 16:17:50.630 I/QCamera (  722): <MCI><INFO> mm_stream_read_msm_frame: 1770: VIDIOC_DQBUF buf_index 9, frame_idx 42, stream type 8, rc 0,queued: 5, buf_type = 0 flags = 8192 FD = 78 my_num 0 buf fd 137
01-17 16:17:50.630 E/mm-camera(  722): <SENSOR><ERROR> 884: sensor_fc_report_meta: Failed to get frame duration
01-17 16:17:50.630 E/QCamera (  722): <MCI><ERROR> mm_stream_read_msm_frame: 1790: X rc = 0
01-17 16:17:50.630 E/mm-camera(  722): <SENSOR><ERROR> 4805: sensor_get_exposure_time: resolution is invalid, it seems stream has stopped.
01-17 16:17:50.630 I/QCamera (  722): <MCI><INFO> mm_stream_handle_rcvd_buf: 220: E, my_handle = 0x6401, fd = 78, state = 6
01-17 16:17:50.630 E/mm-camera(  722): <SENSOR><ERROR> 904: sensor_fc_report_meta: Failed to get exposure time
01-17 16:17:50.630 I/QCamera (  722): <MCI><INFO> mm_stream_handle_rcvd_buf: 244: has cb and it is active by blackjoe
01-17 16:17:50.630 E/mm-camera(  722): <MCT   ><ERROR> 2722: mct_stream_process_bus_msg: Check the runing function blackjoe 
01-17 16:17:50.630 E/mm-camera(  722): <MCT   ><ERROR> 2755: mct_stream_process_bus_msg: isp_sof_bus_msg is 0xecac0d00
01-17 16:17:50.631 E/mm-camera(  722): <MCT   ><ERROR> 2757: mct_stream_process_bus_msg: frameid is 43 hal_version is 3
01-17 16:17:50.631 E/mm-camera(  722): <MCT   ><ERROR> 2759: mct_stream_process_bus_msg: kstate_ptr is 0xe9d53d14, isp_kstate_ptr is 0xeda49000
01-17 16:17:50.631 E/mm-camera(  722): <MCT   ><ERROR> 2765: mct_stream_process_bus_msg: frame_id is 43
01-17 16:17:50.631 I/QCamera (  722): <MCI><INFO> mm_stream_dispatch_app_data: 415: E, my_handle = 0x6401, fd = 78, state = 6
01-17 16:17:50.631 I/QCamera (  722): <MCI><INFO> mm_stream_dispatch_app_data: 436: frame_sync.is_active = 0, is_cb_active = 1
01-17 16:17:50.631 I/QCamera (  722): <MCI><INFO> mm_stream_dispatch_app_data: 457: Enter callback by blackjoe
01-17 16:17:50.633 D/soundtrigger(  718): audio_extn_sound_trigger_update_stream_status: uc_info->id 1 of type 0 for Event 3, with Raise=0
01-17 16:17:50.633 D/audio_hw_utils(  718): audio_extn_utils_send_app_type_cfg: usecase->out_snd_device speaker
01-17 16:17:50.634 I/audio_hw_utils(  718): send_app_type_cfg_for_device PLAYBACK app_type 69937, acdb_dev_id 14, sample_rate 48000, snd_device_be_idx 2
01-17 16:17:50.634 E/mm-camera(  722): <STATS_AIS ><ERROR> 1316: dsps_process_response_gyro: Query request denied, error code = 5, QId_valid = 1, QueryId = 0x2b0a, AckNak_valid = 1, AckNak = 3
01-17 16:17:50.635 D/ACDB-LOADER(  718): ACDB -> send_audio_cal, acdb_id = 14, path = 0, app id = 0x11131, sample rate = 48000, afe_sample_rate = 48000
01-17 16:17:50.636 D/ACDB-LOADER(  718): ACDB -> send_asm_topology
01-17 16:17:50.636 D/ACDB-LOADER(  718): ACDB -> ACDB_CMD_GET_AUDPROC_STREAM_TOPOLOGY_ID
01-17 16:17:50.636 D/ACDB-LOADER(  718): ACDB -> send_adm_topology
01-17 16:17:50.636 D/ACDB-LOADER(  718): ACDB -> ACDB_CMD_GET_AUDPROC_COMMON_TOPOLOGY_ID
01-17 16:17:50.636 D/ACDB-LOADER(  718): ACDB -> send_audtable
01-17 16:17:50.636 D/ACDB-LOADER(  718): ACDB -> ACDB_CMD_GET_AUDPROC_COMMON_TABLE_SIZE
01-17 16:17:50.636 D/ACDB-LOADER(  718): ACDB -> ACDB_CMD_GET_AUDPROC_COMMON_TABLE
01-17 16:17:50.636 D/ACDB-LOADER(  718): ACDB -> AUDIO_SET_AUDPROC_CAL cal_type[11] acdb_id[14] app_type[69937]
01-17 16:17:50.636 D/ACDB-LOADER(  718): ACDB -> send_audvoltable
01-17 16:17:50.636 D/ACDB-LOADER(  718): ACDB -> ACDB_CMD_GET_AUDPROC_GAIN_DEP_STEP_TABLE_SIZE
01-17 16:17:50.636 D/ACDB-LOADER(  718): ACDB -> ACDB_CMD_GET_AUDPROC_GAIN_DEP_STEP_TABLE, vol index 0
01-17 16:17:50.637 D/ACDB-LOADER(  718): ACDB -> AUDIO_SET_VOL_CAL cal type = 12
01-17 16:17:50.637 D/ACDB-LOADER(  718): ACDB -> ACDB_CMD_GET_AUDPROC_STREAM_TABLE_SIZE
01-17 16:17:50.637 D/ACDB-LOADER(  718): ACDB -> send_audstrmtable
01-17 16:17:50.637 D/ACDB-LOADER(  718): ACDB -> ACDB_CMD_GET_AUDPROC_STREAM_TABLE_V2
01-17 16:17:50.637 D/SDL_SCAN( 6187): TRY1B*-
01-17 16:17:50.637 D/ACDB-LOADER(  718): ACDB -> audstrm_cal->cal_type.cal_data.cal_size = 16
01-17 16:17:50.637 D/SDL_SCAN( 6187): Scan_Complete
01-17 16:17:50.637 D/ACDB-LOADER(  718): ACDB -> send_afe_topology
01-17 16:17:50.637 D/ACDB-LOADER(  718): ACDB -> ACDB_CMD_GET_AFE_TOPOLOGY_ID
01-17 16:17:50.637 D/ACDB-LOADER(  718): ACDB -> GET_AFE_TOPOLOGY_ID for adcd_id 14, Topology Id 1025e
01-17 16:17:50.637 D/ACDB-LOADER(  718): ACDB -> send_afe_cal
01-17 16:17:50.637 D/ACDB-LOADER(  718): ACDB -> ACDB_CMD_GET_AFE_COMMON_TABLE_SIZE
01-17 16:17:50.637 D/ACDB-LOADER(  718): ACDB -> ACDB_CMD_GET_AFE_COMMON_TABLE
01-17 16:17:50.637 D/ACDB-LOADER(  718): ACDB -> AUDIO_SET_AFE_CAL cal_type[16] acdb_id[14]
01-17 16:17:50.638 D/ACDB-LOADER(  718): ACDB -> send_hw_delay : acdb_id = 14 path = 0
01-17 16:17:50.638 D/ACDB-LOADER(  718): ACDB -> ACDB_AVSYNC_INFO: ACDB_CMD_GET_DEVICE_PROPERTY
01-17 16:17:50.638 D/audio_hw_primary(  718): enable_audio_route: apply mixer and update path: low-latency-playback
01-17 16:17:50.638 D/audio_route(  718): Apply path: low-latency-playback
01-17 16:17:50.639 E/QCamera (  722): <MCI><ERROR> mm_stream_data_notify: 337: E, my_handle = 0x6300, fd = 69, state = 6 blackjoe
01-17 16:17:50.640 E/QCamera (  722): <MCI><ERROR> mm_stream_read_msm_frame: 1723: E, my_handle = 0x6300, fd = 69, state = 6 blackjoe
01-17 16:17:50.640 I/QCamera (  722): <MCI><INFO> mm_stream_read_msm_frame: 1770: VIDIOC_DQBUF buf_index 6, frame_idx 42, stream type 7, rc 0,queued: 17, buf_type = 0 flags = 8192 FD = 69 my_num 0 buf fd 94
01-17 16:17:50.640 E/QCamera (  722): <MCI><ERROR> mm_stream_read_msm_frame: 1790: X rc = 0
01-17 16:17:50.640 I/QCamera (  722): <MCI><INFO> mm_stream_handle_rcvd_buf: 220: E, my_handle = 0x6300, fd = 69, state = 6
01-17 16:17:50.641 I/QCamera (  722): <MCI><INFO> mm_stream_handle_rcvd_buf: 244: has cb and it is active by blackjoe
01-17 16:17:50.651 E/        (    0): frame_src is 1 frame_id is 44 blackjoe
01-17 16:17:50.641 E/mm-camera(  722): <SENSOR><ERROR> 4883: sensor_get_frame_duration: resolution is invalid, it seems stream has stopped.
01-17 16:17:50.641 E/QCamera (  722): <MCI><ERROR> mm_stream_data_notify: 337: E, my_handle = 0x6401, fd = 78, state = 6 blackjoe
01-17 16:17:50.641 E/QCamera (  722): <MCI><ERROR> mm_stream_read_msm_frame: 1723: E, my_handle = 0x6401, fd = 78, state = 6 blackjoe
01-17 16:17:50.641 I/QCamera (  722): <MCI><INFO> mm_stream_read_msm_frame: 1770: VIDIOC_DQBUF buf_index 10, frame_idx 43, stream type 8, rc 0,queued: 4, buf_type = 0 flags = 8192 FD = 78 my_num 0 buf fd 140
01-17 16:17:50.642 E/QCamera (  722): <MCI><ERROR> mm_stream_read_msm_frame: 1790: X rc = 0
01-17 16:17:50.641 E/mm-camera(  722): <SENSOR><ERROR> 884: sensor_fc_report_meta: Failed to get frame duration
01-17 16:17:50.642 E/mm-camera(  722): <SENSOR><ERROR> 4805: sensor_get_exposure_time: resolution is invalid, it seems stream has stopped.
01-17 16:17:50.642 E/mm-camera(  722): <SENSOR><ERROR> 904: sensor_fc_report_meta: Failed to get exposure time
01-17 16:17:50.642 I/QCamera (  722): <MCI><INFO> mm_stream_handle_rcvd_buf: 220: E, my_handle = 0x6401, fd = 78, state = 6
01-17 16:17:50.642 I/QCamera (  722): <MCI><INFO> mm_stream_dispatch_app_data: 415: E, my_handle = 0x6300, fd = 69, state = 6
01-17 16:17:50.643 E/mm-camera(  722): <MCT   ><ERROR> 2722: mct_stream_process_bus_msg: Check the runing function blackjoe 
01-17 16:17:50.644 I/QCamera (  722): <MCI><INFO> mm_stream_dispatch_app_data: 436: frame_sync.is_active = 0, is_cb_active = 1
01-17 16:17:50.644 I/QCamera (  722): <MCI><INFO> mm_stream_dispatch_app_data: 457: Enter callback by blackjoe
01-17 16:17:50.644 E/mm-camera(  722): <MCT   ><ERROR> 2755: mct_stream_process_bus_msg: isp_sof_bus_msg is 0xecac0d00
01-17 16:17:50.644 E/mm-camera(  722): <MCT   ><ERROR> 2757: mct_stream_process_bus_msg: frameid is 44 hal_version is 3
01-17 16:17:50.644 E/mm-camera(  722): <MCT   ><ERROR> 2759: mct_stream_process_bus_msg: kstate_ptr is 0xe9d53d14, isp_kstate_ptr is 0xeda49000
01-17 16:17:50.644 E/mm-camera(  722): <MCT   ><ERROR> 2765: mct_stream_process_bus_msg: frame_id is 44
01-17 16:17:50.645 I/QCamera (  722): <MCI><INFO> mm_stream_handle_rcvd_buf: 244: has cb and it is active by blackjoe
01-17 16:17:50.645 E/mm-camera(  722): <STATS_AIS ><ERROR> 1316: dsps_process_response_gyro: Query request denied, error code = 5, QId_valid = 1, QueryId = 0x2c0a, AckNak_valid = 1, AckNak = 3
01-17 16:17:50.645 E/QCamera (  722): <MCI><ERROR> mm_stream_data_notify: 337: E, my_handle = 0x6300, fd = 69, state = 6 blackjoe
01-17 16:17:50.646 E/QCamera (  722): <MCI><ERROR> mm_stream_read_msm_frame: 1723: E, my_handle = 0x6300, fd = 69, state = 6 blackjoe
01-17 16:17:50.646 I/QCamera (  722): <MCI><INFO> mm_stream_read_msm_frame: 1770: VIDIOC_DQBUF buf_index 7, frame_idx 43, stream type 7, rc 0,queued: 16, buf_type = 0 flags = 8192 FD = 69 my_num 0 buf fd 96
01-17 16:17:50.646 E/QCamera (  722): <MCI><ERROR> mm_stream_read_msm_frame: 1790: X rc = 0
01-17 16:17:50.647 I/QCamera (  722): <MCI><INFO> mm_stream_handle_rcvd_buf: 220: E, my_handle = 0x6300, fd = 69, state = 6
01-17 16:17:50.647 I/QCamera (  722): <MCI><INFO> mm_stream_handle_rcvd_buf: 244: has cb and it is active by blackjoe
01-17 16:17:50.647 I/QCamera (  722): <MCI><INFO> mm_stream_dispatch_app_data: 415: E, my_handle = 0x6300, fd = 69, state = 6
01-17 16:17:50.647 I/QCamera (  722): <MCI><INFO> mm_stream_dispatch_app_data: 436: frame_sync.is_active = 0, is_cb_active = 1
01-17 16:17:50.647 I/QCamera (  722): <MCI><INFO> mm_stream_dispatch_app_data: 457: Enter callback by blackjoe
01-17 16:17:50.648 I/QCamera (  722): <MCI><INFO> mm_stream_dispatch_app_data: 415: E, my_handle = 0x6401, fd = 78, state = 6
01-17 16:17:50.649 I/QCamera (  722): <MCI><INFO> mm_stream_dispatch_app_data: 436: frame_sync.is_active = 0, is_cb_active = 1
01-17 16:17:50.649 I/QCamera (  722): <MCI><INFO> mm_stream_dispatch_app_data: 457: Enter callback by blackjoe
01-17 16:17:50.657 E/QCamera (  722): <MCI><ERROR> mm_stream_data_notify: 337: E, my_handle = 0x6401, fd = 78, state = 6 blackjoe
01-17 16:17:50.668 E/        (    0): frame_src is 1 frame_id is 45 blackjoe
01-17 16:17:50.658 E/QCamera (  722): <MCI><ERROR> mm_stream_read_msm_frame: 1723: E, my_handle = 0x6401, fd = 78, state = 6 blackjoe
01-17 16:17:50.658 E/mm-camera(  722): <SENSOR><ERROR> 4883: sensor_get_frame_duration: resolution is invalid, it seems stream has stopped.
01-17 16:17:50.658 I/QCamera (  722): <MCI><INFO> mm_stream_read_msm_frame: 1770: VIDIOC_DQBUF buf_index 11, frame_idx 44, stream type 8, rc 0,queued: 4, buf_type = 0 flags = 8192 FD = 78 my_num 0 buf fd 76
01-17 16:17:50.658 E/mm-camera(  722): <SENSOR><ERROR> 884: sensor_fc_report_meta: Failed to get frame duration
01-17 16:17:50.658 E/mm-camera(  722): <SENSOR><ERROR> 4805: sensor_get_exposure_time: resolution is invalid, it seems stream has stopped.
01-17 16:17:50.658 E/mm-camera(  722): <MCT   ><ERROR> 4828: mct_pipeline_process_serv_msg: pipeline blackjoe data->sessionid 3 pipeline->session 3 msgid 3
01-17 16:17:50.658 E/QCamera (  722): <MCI><ERROR> mm_stream_read_msm_frame: 1790: X rc = 0
01-17 16:17:50.658 E/mm-camera(  722): <SENSOR><ERROR> 904: sensor_fc_report_meta: Failed to get exposure time
01-17 16:17:50.658 E/mm-camera(  722): <MCT   ><ERROR> 4299: mct_pipeline_process_set: command is 0x8000014 blackjoe CAM_PRIV_PARM 0x8000014
01-17 16:17:50.658 I/QCamera (  722): <MCI><INFO> mm_stream_handle_rcvd_buf: 220: E, my_handle = 0x6401, fd = 78, state = 6
01-17 16:17:50.658 I/QCamera (  722): <MCI><INFO> mm_stream_handle_rcvd_buf: 244: has cb and it is active by blackjoe
01-17 16:17:50.659 I/QCamera (  722): <MCI><INFO> mm_stream_dispatch_app_data: 415: E, my_handle = 0x6401, fd = 78, state = 6
01-17 16:17:50.659 E/mm-camera(  722): <MCT   ><ERROR> 2722: mct_stream_process_bus_msg: Check the runing function blackjoe 
01-17 16:17:50.659 I/QCamera (  722): <MCI><INFO> mm_stream_dispatch_app_data: 436: frame_sync.is_active = 0, is_cb_active = 1
01-17 16:17:50.659 I/QCamera (  722): <MCI><INFO> mm_stream_dispatch_app_data: 457: Enter callback by blackjoe
01-17 16:17:50.659 E/mm-camera(  722): <MCT   ><ERROR> 2755: mct_stream_process_bus_msg: isp_sof_bus_msg is 0xecac0d00
01-17 16:17:50.659 E/mm-camera(  722): <MCT   ><ERROR> 2757: mct_stream_process_bus_msg: frameid is 45 hal_version is 3
01-17 16:17:50.659 E/mm-camera(  722): <MCT   ><ERROR> 2759: mct_stream_process_bus_msg: kstate_ptr is 0xe9d53d14, isp_kstate_ptr is 0xeda49000
01-17 16:17:50.659 E/mm-camera(  722): <MCT   ><ERROR> 2765: mct_stream_process_bus_msg: frame_id is 45
01-17 16:17:50.659 E/QCamera (  722): <MCI><ERROR> mm_stream_data_notify: 337: E, my_handle = 0x6300, fd = 69, state = 6 blackjoe
01-17 16:17:50.659 E/QCamera (  722): <MCI><ERROR> mm_stream_read_msm_frame: 1723: E, my_handle = 0x6300, fd = 69, state = 6 blackjoe
01-17 16:17:50.660 I/QCamera (  722): <MCI><INFO> mm_stream_read_msm_frame: 1770: VIDIOC_DQBUF buf_index 8, frame_idx 44, stream type 7, rc 0,queued: 17, buf_type = 0 flags = 8192 FD = 69 my_num 0 buf fd 98
01-17 16:17:50.660 E/QCamera (  722): <MCI><ERROR> mm_stream_read_msm_frame: 1790: X rc = 0
01-17 16:17:50.660 I/QCamera (  722): <MCI><INFO> mm_stream_handle_rcvd_buf: 220: E, my_handle = 0x6300, fd = 69, state = 6
01-17 16:17:50.660 I/QCamera (  722): <MCI><INFO> mm_stream_handle_rcvd_buf: 244: has cb and it is active by blackjoe
01-17 16:17:50.660 I/QCamera (  722): <MCI><INFO> mm_stream_dispatch_app_data: 415: E, my_handle = 0x6300, fd = 69, state = 6
01-17 16:17:50.660 I/QCamera (  722): <MCI><INFO> mm_stream_dispatch_app_data: 436: frame_sync.is_active = 0, is_cb_active = 1
01-17 16:17:50.660 I/QCamera (  722): <MCI><INFO> mm_stream_dispatch_app_data: 457: Enter callback by blackjoe
01-17 16:17:50.661 E/mm-camera(  722): <STATS_AIS ><ERROR> 1316: dsps_process_response_gyro: Query request denied, error code = 5, QId_valid = 1, QueryId = 0x2d0a, AckNak_valid = 1, AckNak = 3
01-17 16:17:50.674 I/__afe_port_start(    0): port id: 0x4000
01-17 16:17:50.674 I/afe_find_cal_topo_id_by_port(    0): port id: 0x4000, dev_acdb_id: 14
01-17 16:17:50.674 I/afe_find_cal_topo_id_by_port(    0): top_id:1025e acdb_id:14 afe_port_id:0x4000
01-17 16:17:50.674 I/afe_get_cal_topology_id(    0): port_id = 0x4000 acdb_id = 14 topology_id = 0x1025e cal_type_index=8 ret=0
01-17 16:17:50.675 I/afe_send_port_topology_id(    0): AFE set topology id 0x1025e  enable for port 0x4000 ret 0
01-17 16:17:50.675 I/send_afe_cal_type(    0): cal_index is 0
01-17 16:17:50.675 I/send_afe_cal_type(    0): dev_acdb_id[15] is 14
01-17 16:17:50.675 I/afe_find_cal(    0): cal_index 0 port_id 0x4000 port_index 15
01-17 16:17:50.675 I/afe_find_cal(    0): acdb_id 14 dev_acdb_id 14 sample_rate 48000 afe_sample_rates 48000
01-17 16:17:50.675 I/afe_find_cal(    0): cal block is a match, size is 1372
01-17 16:17:50.675 I/send_afe_cal_type(    0): Sending cal_index cal 0
01-17 16:17:50.676 I/afe_send_hw_delay(    0): port_id 0x4000 rate 48000 delay_usec 474 status 0
01-17 16:17:50.684 E/        (    0): frame_src is 1 frame_id is 46 blackjoe
01-17 16:17:50.674 E/QCamera (  722): <MCI><ERROR> mm_stream_data_notify: 337: E, my_handle = 0x6401, fd = 78, state = 6 blackjoe
01-17 16:17:50.674 E/QCamera (  722): <MCI><ERROR> mm_stream_read_msm_frame: 1723: E, my_handle = 0x6401, fd = 78, state = 6 blackjoe
01-17 16:17:50.674 I/QCamera (  722): <MCI><INFO> mm_stream_read_msm_frame: 1770: VIDIOC_DQBUF buf_index 6, frame_idx 45, stream type 8, rc 0,queued: 3, buf_type = 0 flags = 8192 FD = 78 my_num 0 buf fd 126
