--------- beginning of kernel
01-17 16:16:45.382 I/init    (    0): starting service 'qccsyshalservice'...
01-17 16:16:45.431 I/init    (    0): starting service 'qccvndhalservice'...
--------- beginning of main
01-17 16:16:45.434 I/qccsyshalservic(26242): type=1400 audit(0.0:4927): avc: denied { search } for name="/" dev="sda10" ino=2 scontext=u:r:vendor_qccsyshal_qti:s0 tcontext=u:object_r:factory_file:s0 tclass=dir permissive=1
01-17 16:16:45.468 I/init    (    0): starting service 'smartmu'...
01-17 16:16:45.502 I/qccsyshalservice(26242): Start with system binder
01-17 16:16:45.504 I/qccsyshalservice(26242): Registering qccsyshal service...
01-17 16:16:45.506 I/hwservicemanager(  512): getTransport: Cannot find entry vendor.qti.hardware.qccsyshal@1.0::IQccsyshal/qccsyshal in either framework or device manifest.
01-17 16:16:45.508 E/HidlServiceManagement(26242): Service vendor.qti.hardware.qccsyshal@1.0::IQccsyshal/qccsyshal must be in VINTF manifest in order to register/get.
01-17 16:16:45.508 E/qccsyshalservice(26242): [ERROR] registerAsService() failed with status: -2147483648
01-17 16:16:45.514 D/audio_hw_primary(  718): out_standby: enter: stream (0xf1a864c0) usecase(1: low-latency-playback)
01-17 16:16:45.518 I/vendor.qti.hardware.qccvndhal@1.0-service(26243): Start with vendor binder
01-17 16:16:45.520 I/vendor.qti.hardware.qccvndhal@1.0-service(26243): Registering qccvndhal service...
01-17 16:16:45.522 I/hwservicemanager(  512): getTransport: Cannot find entry vendor.qti.hardware.qccvndhal@1.0::IQccvndhal/qccvndhal in either framework or device manifest.
01-17 16:16:45.523 E/HidlServiceManagement(26243): Service vendor.qti.hardware.qccvndhal@1.0::IQccvndhal/qccvndhal must be in VINTF manifest in order to register/get.
01-17 16:16:45.523 E/vendor.qti.hardware.qccvndhal@1.0-service(26243): [ERROR] registerAsService() failed with status: -2147483648
01-17 16:16:45.526 I/init    (    0): Service 'qccsyshalservice' (pid 26242) exited with status 1
01-17 16:16:45.526 I/init    (    0): Sending signal 9 to service 'qccsyshalservice' (pid 26242) process group...
01-17 16:16:45.527 I/libprocessgroup(    0): Successfully killed process cgroup uid 1000 pid 26242 in 0ms
01-17 16:16:45.543 I/init    (    0): Service 'qccvndhalservice' (pid 26243) exited with status 1
01-17 16:16:45.543 I/init    (    0): Sending signal 9 to service 'qccvndhalservice' (pid 26243) process group...
01-17 16:16:45.544 I/libprocessgroup(    0): Successfully killed process cgroup uid 1000 pid 26243 in 0ms
01-17 16:16:45.586 I/afe_close(    0): port_id = 0x4000
01-17 16:16:45.592 D/audio_hw_primary(  718): disable_audio_route: reset and update mixer path: low-latency-playback
01-17 16:16:45.595 D/soundtrigger(  718): audio_extn_sound_trigger_update_stream_status: uc_info->id 1 of type 0 for Event 2, with Raise=0
01-17 16:16:45.596 D/hardware_info(  718): hw_info_append_hw_type : device_name = speaker
01-17 16:16:45.596 D/audio_hw_primary(  718): disable_snd_device: snd_device(2: speaker)
01-17 16:16:45.600 D/SMARTMU (26244): #(26244) [ main.cpp : 25] SmartMU Version , 
01-17 16:16:45.602 E/AsymmetricDecrypt(26244): [AsymmetricDecrypt::acquireKeyFile] KeyPath - /system/vendor/keys/TC52AXANF/proxyframework 
01-17 16:16:45.606 E/AsymmetricDecrypt(26244): [AsymmetricDecrypt::ObtainSeedText] Buffer - Zebra Technologies/TC52AXANF/TC52AX/proxyframework 
01-17 16:16:45.606 E/AsymmetricDecrypt(26244): [AsymmetricDecrypt::NativeAuthenticate] Authentication failed. zDecodedText returned by ReadAndDecodeEncryptedText = Zebra Technologies/TC52AX/TC52AX/proxyframework, zBuf returned by ObtainSeedText = Zebra Technologies/TC52AXANF/TC52AX/proxyframework
01-17 16:16:45.607 D/SMARTMU (26244): #(26244) [ main.cpp : 31] Authentication failed
01-17 16:16:45.622 E/        (    0): tavil_codec tavil_codec: ASoC: DAPM unknown pin Lineout_3 amp
01-17 16:16:45.618 I/soundtrigger(  718): audio_extn_sound_trigger_update_device_status: device 0x2 of type 0 for Event 0, with Raise=0
01-17 16:16:45.622 I/system_server( 1670): oneway function results will be dropped but finished with status OK and parcel size 4
01-17 16:16:45.636 I/init    (    0): Service 'smartmu' (pid 26244) exited with status 0
01-17 16:16:48.191 D/CompatibilityInfo( 1670): mCompatibilityFlags - 0
01-17 16:16:48.191 D/CompatibilityInfo( 1670): applicationDensity - 480
01-17 16:16:48.191 D/CompatibilityInfo( 1670): applicationScale - 1.0
01-17 16:16:48.200 I/NextSubtest service( 6187): hit
01-17 16:16:48.212 E/        (    0): [SDL] misc_ioctl msg.len is 3 : 0x58 0x00 0xa8
01-17 16:16:48.214 E/        (    0): [SDL] misc_ioctl msg.len is 2 : 0xa7 0x00
01-17 16:16:48.217 E/        (    0): [SDL] misc_ioctl msg.len is 3 : 0x77 0x03 0x86
01-17 16:16:48.222 E/        (    0): [SDL] misc_ioctl msg.len is 2 : 0x88 0x00
01-17 16:16:48.227 E/        (    0): [SDL] misc_ioctl msg.len is 3 : 0x77 0x08 0x81
01-17 16:16:48.233 E/        (    0): [SDL] misc_ioctl msg.len is 2 : 0x88 0x00
01-17 16:16:48.238 E/        (    0): [SDL] misc_ioctl msg.len is 3 : 0x58 0x00 0xa8
01-17 16:16:48.243 E/        (    0): [SDL] misc_ioctl msg.len is 2 : 0xa7 0x00
01-17 16:16:48.249 E/        (    0): [SDL] misc_ioctl msg.len is 3 : 0x58 0x00 0xa8
01-17 16:16:48.254 E/        (    0): [SDL] misc_ioctl msg.len is 2 : 0xa7 0x00
01-17 16:16:48.260 E/        (    0): [SDL] misc_ioctl msg.len is 3 : 0x77 0x03 0x86
01-17 16:16:48.265 E/        (    0): [SDL] misc_ioctl msg.len is 2 : 0x88 0x00
01-17 16:16:48.270 E/        (    0): [SDL] misc_ioctl msg.len is 3 : 0x77 0x08 0x81
01-17 16:16:48.276 E/        (    0): [SDL] misc_ioctl msg.len is 2 : 0x88 0x00
01-17 16:16:48.281 E/        (    0): [SDL] misc_ioctl msg.len is 3 : 0x58 0x00 0xa8
01-17 16:16:48.286 E/        (    0): [SDL] misc_ioctl msg.len is 2 : 0xa7 0x00
01-17 16:16:48.606 I/IRQ 6   (    0): no longer affine to CPU5
01-17 16:16:48.750 D/logd    (    0): logdr: UID=0 GID=0 PID=26254 b tail=0 logMask=99 pid=0 start=0ns timeout=0ns
01-17 16:16:48.954 I/swapper/0(    0): type=1400 audit(0.0:4928): avc: denied { kill } for capability=5 scontext=u:r:kernel:s0 tcontext=u:r:kernel:s0 tclass=capability permissive=1
01-17 16:16:49.962 W/adbd    ( 3678): timeout expired while flushing socket, closing
01-17 16:16:50.427 I/init    (    0): starting service 'qccsyshalservice'...
01-17 16:16:50.482 I/init    (    0): starting service 'qccvndhalservice'...
01-17 16:16:50.516 I/init    (    0): starting service 'smartmu'...
01-17 16:16:50.549 I/qccsyshalservice(26265): Start with system binder
01-17 16:16:50.551 I/qccsyshalservice(26265): Registering qccsyshal service...
01-17 16:16:50.554 I/hwservicemanager(  512): getTransport: Cannot find entry vendor.qti.hardware.qccsyshal@1.0::IQccsyshal/qccsyshal in either framework or device manifest.
01-17 16:16:50.556 E/HidlServiceManagement(26265): Service vendor.qti.hardware.qccsyshal@1.0::IQccsyshal/qccsyshal must be in VINTF manifest in order to register/get.
01-17 16:16:50.556 E/qccsyshalservice(26265): [ERROR] registerAsService() failed with status: -2147483648
01-17 16:16:50.572 I/vendor.qti.hardware.qccvndhal@1.0-service(26266): Start with vendor binder
01-17 16:16:50.573 I/vendor.qti.hardware.qccvndhal@1.0-service(26266): Registering qccvndhal service...
01-17 16:16:50.577 I/init    (    0): Service 'qccsyshalservice' (pid 26265) exited with status 1
01-17 16:16:50.578 I/init    (    0): Sending signal 9 to service 'qccsyshalservice' (pid 26265) process group...
01-17 16:16:50.579 I/libprocessgroup(    0): Successfully killed process cgroup uid 1000 pid 26265 in 1ms
01-17 16:16:50.577 I/hwservicemanager(  512): getTransport: Cannot find entry vendor.qti.hardware.qccvndhal@1.0::IQccvndhal/qccvndhal in either framework or device manifest.
01-17 16:16:50.579 E/HidlServiceManagement(26266): Service vendor.qti.hardware.qccvndhal@1.0::IQccvndhal/qccvndhal must be in VINTF manifest in order to register/get.
01-17 16:16:50.579 E/vendor.qti.hardware.qccvndhal@1.0-service(26266): [ERROR] registerAsService() failed with status: -2147483648
01-17 16:16:50.600 I/init    (    0): Service 'qccvndhalservice' (pid 26266) exited with status 1
01-17 16:16:50.600 I/init    (    0): Sending signal 9 to service 'qccvndhalservice' (pid 26266) process group...
01-17 16:16:50.601 I/libprocessgroup(    0): Successfully killed process cgroup uid 1000 pid 26266 in 0ms
01-17 16:16:50.649 D/SMARTMU (26267): #(26267) [ main.cpp : 25] SmartMU Version , 
01-17 16:16:50.653 E/AsymmetricDecrypt(26267): [AsymmetricDecrypt::acquireKeyFile] KeyPath - /system/vendor/keys/TC52AXANF/proxyframework 
01-17 16:16:50.657 E/AsymmetricDecrypt(26267): [AsymmetricDecrypt::ObtainSeedText] Buffer - Zebra Technologies/TC52AXANF/TC52AX/proxyframework 
01-17 16:16:50.657 E/AsymmetricDecrypt(26267): [AsymmetricDecrypt::NativeAuthenticate] Authentication failed. zDecodedText returned by ReadAndDecodeEncryptedText = Zebra Technologies/TC52AX/TC52AX/proxyframework, zBuf returned by ObtainSeedText = Zebra Technologies/TC52AXANF/TC52AX/proxyframework
01-17 16:16:50.658 D/SMARTMU (26267): #(26267) [ main.cpp : 31] Authentication failed
01-17 16:16:50.689 I/init    (    0): Service 'smartmu' (pid 26267) exited with status 0
01-17 16:16:50.706 I/IRQ 6   (    0): no longer affine to CPU7
01-17 16:16:51.127 D/EventSequenceValidator( 1670): Transition from INTENT_FAILED to INTENT_STARTED
01-17 16:16:51.133 D/EventSequenceValidator( 1670): Transition from INTENT_STARTED to INTENT_FAILED
01-17 16:16:51.137 I/cmd     (26271): oneway function results will be dropped but finished with status OK and parcel size 4
01-17 16:16:51.266 I/IRQ 6   (    0): no longer affine to CPU7
01-17 16:16:55.481 I/init    (    0): starting service 'qccsyshalservice'...
01-17 16:16:55.527 I/init    (    0): starting service 'qccvndhalservice'...
01-17 16:16:55.560 I/init    (    0): starting service 'smartmu'...
01-17 16:16:55.594 I/qccsyshalservice(26275): Start with system binder
01-17 16:16:55.595 I/qccsyshalservice(26275): Registering qccsyshal service...
01-17 16:16:55.598 I/hwservicemanager(  512): getTransport: Cannot find entry vendor.qti.hardware.qccsyshal@1.0::IQccsyshal/qccsyshal in either framework or device manifest.
01-17 16:16:55.600 E/HidlServiceManagement(26275): Service vendor.qti.hardware.qccsyshal@1.0::IQccsyshal/qccsyshal must be in VINTF manifest in order to register/get.
01-17 16:16:55.600 E/qccsyshalservice(26275): [ERROR] registerAsService() failed with status: -2147483648
01-17 16:16:55.628 I/init    (    0): Service 'qccsyshalservice' (pid 26275) exited with status 1
01-17 16:16:55.628 I/init    (    0): Sending signal 9 to service 'qccsyshalservice' (pid 26275) process group...
01-17 16:16:55.629 I/libprocessgroup(    0): Successfully killed process cgroup uid 1000 pid 26275 in 0ms
01-17 16:16:55.629 I/vendor.qti.hardware.qccvndhal@1.0-service(26276): Start with vendor binder
01-17 16:16:55.630 I/vendor.qti.hardware.qccvndhal@1.0-service(26276): Registering qccvndhal service...
01-17 16:16:55.633 I/hwservicemanager(  512): getTransport: Cannot find entry vendor.qti.hardware.qccvndhal@1.0::IQccvndhal/qccvndhal in either framework or device manifest.
01-17 16:16:55.634 E/HidlServiceManagement(26276): Service vendor.qti.hardware.qccvndhal@1.0::IQccvndhal/qccvndhal must be in VINTF manifest in order to register/get.
01-17 16:16:55.634 E/vendor.qti.hardware.qccvndhal@1.0-service(26276): [ERROR] registerAsService() failed with status: -2147483648
01-17 16:16:55.655 I/init    (    0): Service 'qccvndhalservice' (pid 26276) exited with status 1
01-17 16:16:55.655 I/init    (    0): Sending signal 9 to service 'qccvndhalservice' (pid 26276) process group...
01-17 16:16:55.656 I/libprocessgroup(    0): Successfully killed process cgroup uid 1000 pid 26276 in 0ms
01-17 16:16:55.678 D/SMARTMU (26277): #(26277) [ main.cpp : 25] SmartMU Version , 
01-17 16:16:55.683 E/AsymmetricDecrypt(26277): [AsymmetricDecrypt::acquireKeyFile] KeyPath - /system/vendor/keys/TC52AXANF/proxyframework 
01-17 16:16:55.688 E/AsymmetricDecrypt(26277): [AsymmetricDecrypt::ObtainSeedText] Buffer - Zebra Technologies/TC52AXANF/TC52AX/proxyframework 
01-17 16:16:55.688 E/AsymmetricDecrypt(26277): [AsymmetricDecrypt::NativeAuthenticate] Authentication failed. zDecodedText returned by ReadAndDecodeEncryptedText = Zebra Technologies/TC52AX/TC52AX/proxyframework, zBuf returned by ObtainSeedText = Zebra Technologies/TC52AXANF/TC52AX/proxyframework
01-17 16:16:55.688 D/SMARTMU (26277): #(26277) [ main.cpp : 31] Authentication failed
01-17 16:16:55.716 I/init    (    0): Service 'smartmu' (pid 26277) exited with status 0
01-17 16:17:00.006 D/KeyguardUpdateMonitor( 1897): received broadcast android.intent.action.TIME_TICK
01-17 16:17:00.032 D/CompatibilityInfo( 1670): mCompatibilityFlags - 0
01-17 16:17:00.033 D/CompatibilityInfo( 1670): applicationDensity - 480
01-17 16:17:00.033 D/CompatibilityInfo( 1670): applicationScale - 1.0
01-17 16:17:00.036 D/KeyguardUpdateMonitor( 1897): handleTimeUpdate
01-17 16:17:00.036 D/KeyguardClockSwitch( 1897): Updating clock: 417
01-17 16:17:00.290 D/CompatibilityInfo( 1670): mCompatibilityFlags - 0
01-17 16:17:00.290 D/CompatibilityInfo( 1670): applicationDensity - 480
01-17 16:17:00.291 D/CompatibilityInfo( 1670): applicationScale - 1.0
01-17 16:17:00.301 I/NextSubtest service( 6187): hit
01-17 16:17:00.312 E/        (    0): [SDL] misc_ioctl msg.len is 3 : 0x58 0x00 0xa8
01-17 16:17:00.315 E/ViewRootImpl( 6187): Accessibility content change on non-UI thread. Future Android versions will throw an exception.
01-17 16:17:00.315 E/ViewRootImpl( 6187): android.view.ViewRootImpl$CalledFromWrongThreadException: Only the original thread that created a view hierarchy can touch its views.
01-17 16:17:00.315 E/ViewRootImpl( 6187): 	at android.view.ViewRootImpl$SendWindowContentChangedAccessibilityEvent.runOrPost(ViewRootImpl.java:9692)
01-17 16:17:00.315 E/ViewRootImpl( 6187): 	at android.view.ViewRootImpl.postSendWindowContentChangedCallback(ViewRootImpl.java:8550)
01-17 16:17:00.315 E/ViewRootImpl( 6187): 	at android.view.ViewRootImpl.notifySubtreeAccessibilityStateChanged(ViewRootImpl.java:8730)
01-17 16:17:00.315 E/ViewRootImpl( 6187): 	at android.view.ViewGroup.notifySubtreeAccessibilityStateChanged(ViewGroup.java:3839)
01-17 16:17:00.315 E/ViewRootImpl( 6187): 	at android.view.ViewGroup.notifySubtreeAccessibilityStateChanged(ViewGroup.java:3839)
01-17 16:17:00.315 E/ViewRootImpl( 6187): 	at android.view.ViewGroup.notifySubtreeAccessibilityStateChanged(ViewGroup.java:3839)
01-17 16:17:00.315 E/ViewRootImpl( 6187): 	at android.view.ViewGroup.notifySubtreeAccessibilityStateChanged(ViewGroup.java:3839)
01-17 16:17:00.315 E/ViewRootImpl( 6187): 	at android.view.View.notifySubtreeAccessibilityStateChangedIfNeeded(View.java:13759)
01-17 16:17:00.315 E/ViewRootImpl( 6187): 	at android.view.View.onScrollChanged(View.java:16301)
01-17 16:17:00.315 E/ViewRootImpl( 6187): 	at android.widget.TextView.onScrollChanged(TextView.java:12505)
01-17 16:17:00.315 E/ViewRootImpl( 6187): 	at android.view.View.scrollTo(View.java:18216)
01-17 16:17:00.315 E/ViewRootImpl( 6187): 	at android.widget.TextView.bringPointIntoView(TextView.java:9985)
01-17 16:17:00.315 E/ViewRootImpl( 6187): 	at android.widget.TextView.updateAfterEdit(TextView.java:10745)
01-17 16:17:00.315 E/ViewRootImpl( 6187): 	at android.widget.TextView.handleTextChanged(TextView.java:10758)
01-17 16:17:00.315 E/ViewRootImpl( 6187): 	at android.widget.TextView$ChangeWatcher.onTextChanged(TextView.java:13655)
01-17 16:17:00.315 E/ViewRootImpl( 6187): 	at android.text.SpannableStringBuilder.sendTextChanged(SpannableStringBuilder.java:1267)
01-17 16:17:00.315 E/ViewRootImpl( 6187): 	at android.text.SpannableStringBuilder.replace(SpannableStringBuilder.java:576)
01-17 16:17:00.315 E/ViewRootImpl( 6187): 	at android.text.SpannableStringBuilder.append(SpannableStringBuilder.java:291)
01-17 16:17:00.315 E/ViewRootImpl( 6187): 	at android.text.SpannableStringBuilder.append(SpannableStringBuilder.java:37)
01-17 16:17:00.315 E/ViewRootImpl( 6187): 	at android.widget.TextView.append(TextView.java:5817)
01-17 16:17:00.315 E/ViewRootImpl( 6187): 	at android.widget.TextView.append(TextView.java:5798)
01-17 16:17:00.315 E/ViewRootImpl( 6187): 	at sdl.android.testapp.SW_Decode_Android_TestApp_Activity.OCRSubsetTemplatesTests(SW_Decode_Android_TestApp_Activity.java:1286)
01-17 16:17:00.315 E/ViewRootImpl( 6187): 	at sdl.android.testapp.SW_Decode_Android_TestApp_Activity$4.handleMessage(SW_Decode_Android_TestApp_Activity.java:232)
01-17 16:17:00.315 E/ViewRootImpl( 6187): 	at sdl.android.testapp.NextSubtestService.onHandleIntent(NextSubtestService.java:41)
01-17 16:17:00.315 E/ViewRootImpl( 6187): 	at android.app.IntentService$ServiceHandler.handleMessage(IntentService.java:77)
01-17 16:17:00.315 E/ViewRootImpl( 6187): 	at android.os.Handler.dispatchMessage(Handler.java:106)
01-17 16:17:00.315 E/ViewRootImpl( 6187): 	at android.os.Looper.loop(Looper.java:223)
01-17 16:17:00.315 E/ViewRootImpl( 6187): 	at android.os.HandlerThread.run(HandlerThread.java:67)
01-17 16:17:00.318 E/        (    0): [SDL] misc_ioctl msg.len is 2 : 0xa7 0x00
01-17 16:17:00.319 E/        (    0): [SDL] se47xx_misc_ioctl ret = -107
01-17 16:17:00.323 E/        (    0): [SDL] misc_ioctl msg.len is 2 : 0xa7 0x00
01-17 16:17:00.328 E/        (    0): [SDL] misc_ioctl msg.len is 3 : 0x77 0x03 0x86
01-17 16:17:00.332 E/        (    0): [SDL] misc_ioctl msg.len is 2 : 0x88 0x00
01-17 16:17:00.338 E/        (    0): [SDL] misc_ioctl msg.len is 3 : 0x77 0x08 0x81
01-17 16:17:00.343 E/        (    0): [SDL] misc_ioctl msg.len is 2 : 0x88 0x00
01-17 16:17:00.346 D/SW_Decode_Android_TestApp_Activity( 6187): GetLastDecodedImageTests : 0
01-17 16:17:00.347 E/BCReader-JNI( 6187): mCancelCaptSession=0
01-17 16:17:00.349 E/        (    0): [SDL] misc_ioctl msg.len is 3 : 0x58 0x00 0xa8
01-17 16:17:00.354 E/        (    0): [SDL] misc_ioctl msg.len is 2 : 0xa7 0x00
01-17 16:17:00.359 E/        (    0): [SDL] misc_ioctl msg.len is 3 : 0x58 0x00 0xa8
01-17 16:17:00.364 E/        (    0): [SDL] misc_ioctl msg.len is 2 : 0xa7 0x00
01-17 16:17:00.370 E/        (    0): [SDL] misc_ioctl msg.len is 3 : 0x77 0x03 0x86
01-17 16:17:00.375 E/        (    0): [SDL] misc_ioctl msg.len is 2 : 0x88 0x00
01-17 16:17:00.380 E/        (    0): [SDL] misc_ioctl msg.len is 3 : 0x77 0x08 0x81
01-17 16:17:00.386 E/        (    0): [SDL] misc_ioctl msg.len is 2 : 0x88 0x00
01-17 16:17:00.391 E/        (    0): [SDL] misc_ioctl msg.len is 3 : 0x58 0x00 0xa8
01-17 16:17:00.387 W/Binder  ( 1670): Caught a RuntimeException from the binder stub implementation.
01-17 16:17:00.387 W/Binder  ( 1670): java.lang.IndexOutOfBoundsException: setSpan (-1 ... -1) starts before 0
01-17 16:17:00.387 W/Binder  ( 1670): 	at android.text.SpannableStringInternal.checkRange(SpannableStringInternal.java:497)
01-17 16:17:00.387 W/Binder  ( 1670): 	at android.text.SpannableStringInternal.setSpan(SpannableStringInternal.java:197)
01-17 16:17:00.387 W/Binder  ( 1670): 	at android.text.SpannableStringInternal.setSpan(SpannableStringInternal.java:184)
01-17 16:17:00.387 W/Binder  ( 1670): 	at android.text.SpannableString.setSpan(SpannableString.java:60)
01-17 16:17:00.387 W/Binder  ( 1670): 	at android.text.TextUtils.readSpan(TextUtils.java:1146)
01-17 16:17:00.387 W/Binder  ( 1670): 	at android.text.TextUtils.access$000(TextUtils.java:85)
01-17 16:17:00.387 W/Binder  ( 1670): 	at android.text.TextUtils$1.createFromParcel(TextUtils.java:901)
01-17 16:17:00.387 W/Binder  ( 1670): 	at android.text.TextUtils$1.createFromParcel(TextUtils.java:802)
01-17 16:17:00.387 W/Binder  ( 1670): 	at android.os.Parcel.readCharSequence(Parcel.java:2476)
01-17 16:17:00.387 W/Binder  ( 1670): 	at android.os.Parcel.readValue(Parcel.java:3192)
01-17 16:17:00.387 W/Binder  ( 1670): 	at android.os.Parcel.readListInternal(Parcel.java:3630)
01-17 16:17:00.387 W/Binder  ( 1670): 	at android.os.Parcel.readList(Parcel.java:2559)
01-17 16:17:00.387 W/Binder  ( 1670): 	at android.view.accessibility.AccessibilityEvent.readAccessibilityRecordFromParcel(AccessibilityEvent.java:1295)
01-17 16:17:00.387 W/Binder  ( 1670): 	at android.view.accessibility.AccessibilityEvent.initFromParcel(AccessibilityEvent.java:1244)
01-17 16:17:00.387 W/Binder  ( 1670): 	at android.view.accessibility.AccessibilityEvent$1.createFromParcel(AccessibilityEvent.java:1488)
01-17 16:17:00.387 W/Binder  ( 1670): 	at android.view.accessibility.AccessibilityEvent$1.createFromParcel(AccessibilityEvent.java:1485)
01-17 16:17:00.387 W/Binder  ( 1670): 	at android.view.accessibility.IAccessibilityManager$Stub.onTransact(IAccessibilityManager.java:275)
01-17 16:17:00.387 W/Binder  ( 1670): 	at android.os.Binder.execTransactInternal(Binder.java:1159)
01-17 16:17:00.387 W/Binder  ( 1670): 	at android.os.Binder.execTransact(Binder.java:1123)
01-17 16:17:00.396 E/        (    0): [SDL] misc_ioctl msg.len is 2 : 0xa7 0x00
01-17 16:17:00.402 E/        (    0): [SDL] misc_ioctl msg.len is 3 : 0x58 0x00 0xa8
01-17 16:17:00.407 E/        (    0): [SDL] misc_ioctl msg.len is 2 : 0xa7 0x00
01-17 16:17:00.413 E/        (    0): [SDL] misc_ioctl msg.len is 4 : 0x7b 0x00 0x00 0x85
01-17 16:17:00.418 E/        (    0): [SDL] misc_ioctl msg.len is 2 : 0x84 0x00
01-17 16:17:00.424 E/        (    0): [SDL] misc_ioctl msg.len is 4 : 0x82 0x00 0x00 0x7e
01-17 16:17:00.429 E/        (    0): [SDL] misc_ioctl msg.len is 2 : 0x7d 0x80
01-17 16:17:00.425 D/BCReader-JNI( 6187): CHECK camera_status_t ZebraCamera::createCaptureSession() /swdec/SDL/MR-2022/Release/SDL-ALAS00-011-R00-D01/Framework.SDL_standard/project/Android/proj_BarCodeReaderSDL/jni/camera2.h 1741
01-17 16:17:00.425 D/BCReader-JNI( 6187): CHECK camera_status_t ZebraCamera::createCaptureSession() /swdec/SDL/MR-2022/Release/SDL-ALAS00-011-R00-D01/Framework.SDL_standard/project/Android/proj_BarCodeReaderSDL/jni/camera2.h 1757
01-17 16:17:00.425 D/BCReader-JNI( 6187): CHECK camera_status_t ZebraCamera::createCaptureSession() /swdec/SDL/MR-2022/Release/SDL-ALAS00-011-R00-D01/Framework.SDL_standard/project/Android/proj_BarCodeReaderSDL/jni/camera2.h 1769
01-17 16:17:00.425 D/BCReader-JNI( 6187): Call ACameraDevice_createCaptureSession createCaptureSession:1819
01-17 16:17:00.430 E/QCamera (  722): <HAL><ERROR> stop: 1656: Attempt to stop inactive channel
01-17 16:17:00.430 E/QCamera (  722): <HAL><ERROR> stop: 277: Attempt to stop inactive channel
01-17 16:17:00.430 I/QCamera (  722): <HAL><INFO> configureStreamsPerfLocked: 2399: stream[0] type = 0, format = 36, width = 1344, height = 760, rotation = 0, usage = 0x3
01-17 16:17:00.432 E/mm-camera(  722): <MCT   ><ERROR> 4828: mct_pipeline_process_serv_msg: pipeline blackjoe data->sessionid 3 pipeline->session 3 msgid 3
01-17 16:17:00.432 E/mm-camera(  722): <MCT   ><ERROR> 4299: mct_pipeline_process_set: command is 0x800000b blackjoe CAM_PRIV_PARM 0x8000014
01-17 16:17:00.432 I/mm-camera(  722): <MCT   >< INFO> 4302: mct_pipeline_process_set: command=800000b
01-17 16:17:00.432 I/mm-camera(  722): <MCT   >< INFO> 4547: mct_pipeline_process_set: Issuing DEL_STREAM on stream 0x30002 and stream type=8
01-17 16:17:00.433 I/mm-camera(  722): <IFACE >< INFO> 705: iface_unreserve_sink_port: stream_id 2 mode 0 
01-17 16:17:00.433 I/mm-camera(  722): <ISP   >< INFO> 948: isp_port_check_caps_unreserve: ide 30002 port 0xec997110
01-17 16:17:00.433 I/mm-camera(  722): <MCT   >< INFO> 4570: mct_pipeline_process_set: Stream 0x30002 and stream type=8, successfully deleted
01-17 16:17:00.436 E/mm-camera(  722): <MCT   ><ERROR> 4828: mct_pipeline_process_serv_msg: pipeline blackjoe data->sessionid 3 pipeline->session 3 msgid 3
01-17 16:17:00.436 E/mm-camera(  722): <MCT   ><ERROR> 4299: mct_pipeline_process_set: command is 0x800000b blackjoe CAM_PRIV_PARM 0x8000014
01-17 16:17:00.436 I/mm-camera(  722): <MCT   >< INFO> 4302: mct_pipeline_process_set: command=800000b
01-17 16:17:00.436 I/mm-camera(  722): <MCT   >< INFO> 4547: mct_pipeline_process_set: Issuing DEL_STREAM on stream 0x30001 and stream type=7
01-17 16:17:00.436 I/mm-camera(  722): <MCT   >< INFO> 4570: mct_pipeline_process_set: Stream 0x30001 and stream type=7, successfully deleted
01-17 16:17:00.437 E/mm-camera(  722): <MCT   ><ERROR> 4828: mct_pipeline_process_serv_msg: pipeline blackjoe data->sessionid 3 pipeline->session 3 msgid 3
01-17 16:17:00.437 E/mm-camera(  722): <MCT   ><ERROR> 4299: mct_pipeline_process_set: command is 0x800000a blackjoe CAM_PRIV_PARM 0x8000014
01-17 16:17:00.437 I/mm-camera(  722): <MCT   >< INFO> 4302: mct_pipeline_process_set: command=800000a
01-17 16:17:00.468 D/logd    (    0): logdr: UID=0 GID=0 PID=26290 n tail=0 logMask=99 pid=0 start=0ns timeout=0ns
01-17 16:17:00.496 D/blackjoe callstack(  722): #00 pc 0000b1c5  /vendor/lib/libmmcamera_interface.so (dump_stack_android+36)
01-17 16:17:00.496 D/blackjoe callstack(  722): #01 pc 0001a2af  /vendor/lib/libmmcamera_interface.so (mm_stream_config+66)
01-17 16:17:00.496 D/blackjoe callstack(  722): #02 pc 00019a71  /vendor/lib/libmmcamera_interface.so (mm_stream_fsm_acquired+100)
01-17 16:17:00.496 D/blackjoe callstack(  722): #03 pc 00019771  /vendor/lib/libmmcamera_interface.so (mm_stream_fsm_fn+168)
01-17 16:17:00.496 D/blackjoe callstack(  722): #04 pc 0001600d  /vendor/lib/libmmcamera_interface.so (mm_channel_config_stream+128)
01-17 16:17:00.497 D/blackjoe callstack(  722): #05 pc 00015117  /vendor/lib/libmmcamera_interface.so (mm_channel_fsm_fn_stopped+126)
01-17 16:17:00.497 D/blackjoe callstack(  722): #06 pc 00014fc3  /vendor/lib/libmmcamera_interface.so (mm_channel_fsm_fn+142)
01-17 16:17:00.497 D/blackjoe callstack(  722): #07 pc 00011479  /vendor/lib/libmmcamera_interface.so (mm_camera_config_stream+92)
01-17 16:17:00.497 D/blackjoe callstack(  722): #08 pc 0000e3a7  /vendor/lib/libmmcamera_interface.so (mm_camera_intf_config_stream+198)
01-17 16:17:00.497 D/blackjoe callstack(  722): #09 pc 000a1539  /vendor/lib/hw/camera.sdm660.so (qcamera::QCamera3Stream::init(cam_stream_type_t, cam_format_t, cam_dimension_t, cam_rotation_t, cam_stream_reproc_config_t*, unsigned char, unsigned long long, cam_is_type_t, unsigned int, void (*)(mm_camera_super_buf_t*, qcamera::QCamera3Stream*, void*), void*, bool, bool)+816)
01-17 16:17:00.497 D/blackjoe callstack(  722): #10 pc 000a28ad  /vendor/lib/hw/camera.sdm660.so (qcamera::QCamera3Channel::addStream(cam_stream_type_t, cam_format_t, cam_dimension_t, cam_rotation_t, unsigned char, unsigned long long, cam_is_type_t, unsigned int, bool, bool)+208)
01-17 16:17:00.497 D/blackjoe callstack(  722): #11 pc 000a5c8d  /vendor/lib/hw/camera.sdm660.so (qcamera::QCamera3MetadataChannel::initialize(cam_is_type_t)+192)
01-17 16:17:00.497 D/blackjoe callstack(  722): #12 pc 00082889  /vendor/lib/hw/camera.sdm660.so (qcamera::QCamera3HardwareInterface::configureStreamsPerfLocked(camera3_stream_configuration*)+3912)
01-17 16:17:00.497 D/blackjoe callstack(  722): #13 pc 000818fb  /vendor/lib/hw/camera.sdm660.so (qcamera::QCamera3HardwareInterface::configureStreams(camera3_stream_configuration*)+70)
01-17 16:17:00.497 D/blackjoe callstack(  722): #14 pc 0007e24b  /vendor/lib/hw/camera.sdm660.so (qcamera::QCamera3HardwareInterface::configure_streams(camera3_device const*, camera3_stream_configuration*)+46)
01-17 16:17:00.497 D/blackjoe callstack(  722): #15 pc 00011787  /vendor/lib/camera.device@3.4-impl.so (android::hardware::camera::device::V3_4::implementation::CameraDeviceSession::configureStreams_3_4_Impl(android::hardware::camera::device::V3_4::StreamConfiguration const&, std::__1::function<void (android::hardware::camera::common::V1_0::Status, android::hardware::camera::device::V3_4::HalStreamConfiguration const&)>, unsigned int, bool)+422)
01-17 16:17:00.497 D/blackjoe callstack(  722): #16 pc 00014f37  /vendor/lib/camera.device@3.4-impl.so (android::hardware::camera::device::V3_4::implementation::CameraDeviceSession::TrampolineSessionInterface_3_4::configureStreams_3_4(android::hardware::camera::device::V3_4::StreamConfiguration const&, std::__1::function<void (android::hardware::camera::common::V1_0::Status, android::hardware::camera::device::V3_4::HalStreamConfiguration const&)>)+98)
01-17 16:17:00.498 D/blackjoe callstack(  722): #17 pc 0001735b  /apex/com.android.vndk.v30/lib/android.hardware.camera.device@3.4.so (android::hardware::camera::device::V3_4::BnHwCameraDeviceSession::_hidl_configureStreams_3_4(android::hidl::base::V1_0::BnHwBase*, android::hardware::Parcel const&, android::hardware::Parcel*, std::__1::function<void (android::hardware::Parcel&)>)+222)
01-17 16:17:00.498 D/blackjoe callstack(  722): #18 pc 00017a85  /apex/com.android.vndk.v30/lib/android.hardware.camera.device@3.4.so (android::hardware::camera::device::V3_4::BnHwCameraDeviceSession::onTransact(unsigned int, android::hardware::Parcel const&, android::hardware::Parcel*, unsigned int, std::__1::function<void (android::hardware::Parcel&)>)+680)
01-17 16:17:00.498 D/blackjoe callstack(  722): #19 pc 0006d0fb  /apex/com.android.vndk.v30/lib/libhidlbase.so (android::hardware::BHwBinder::transact(unsigned int, android::hardware::Parcel const&, android::hardware::Parcel*, unsigned int, std::__1::function<void (android::hardware::Parcel&)>)+46)
01-17 16:17:00.498 D/blackjoe callstack(  722): #20 pc 000700ad  /apex/com.android.vndk.v30/lib/libhidlbase.so (android::hardware::IPCThreadState::executeCommand(int)+1936)
01-17 16:17:00.498 D/blackjoe callstack(  722): #21 pc 0006f79f  /apex/com.android.vndk.v30/lib/libhidlbase.so (android::hardware::IPCThreadState::getAndExecuteCommand()+138)
01-17 16:17:00.498 D/blackjoe callstack(  722): #22 pc 0007060b  /apex/com.android.vndk.v30/lib/libhidlbase.so (android::hardware::IPCThreadState::joinThreadPool(bool)+110)
01-17 16:17:00.498 D/blackjoe callstack(  722): #23 pc 00078965  /apex/com.android.vndk.v30/lib/libhidlbase.so (android::hardware::PoolThread::threadLoop()+12)
01-17 16:17:00.498 D/blackjoe callstack(  722): #24 pc 0000ebb1  /apex/com.android.vndk.v30/lib/libutils.so (android::Thread::_threadLoop(void*)+220)
01-17 16:17:00.498 D/blackjoe callstack(  722): #25 pc 0000e6c1  /apex/com.android.vndk.v30/lib/libutils.so (thread_data_t::trampoline(thread_data_t const*)+256)
01-17 16:17:00.498 D/blackjoe callstack(  722): #26 pc 00083d87  /apex/com.android.runtime/lib/bionic/libc.so (__pthread_start(void*)+40)
01-17 16:17:00.498 D/blackjoe callstack(  722): #27 pc 0003a307  /apex/com.android.runtime/lib/bionic/libc.so (__start_thread+30)
01-17 16:17:00.499 E/mm-camera(  722): <MCT   ><ERROR> 4828: mct_pipeline_process_serv_msg: pipeline blackjoe data->sessionid 3 pipeline->session 3 msgid 3
01-17 16:17:00.499 E/mm-camera(  722): <MCT   ><ERROR> 4299: mct_pipeline_process_set: command is 0x8000018 blackjoe CAM_PRIV_PARM 0x8000014
01-17 16:17:00.499 I/mm-camera(  722): <MCT   >< INFO> 4302: mct_pipeline_process_set: command=8000018
01-17 16:17:00.499 E/mm-camera(  722): <MCT   ><ERROR> 503: mct_stream_start_link: mct_stream_start_link blackjoe stream_type is 7
01-17 16:17:00.499 I/mm-camera(  722): <MCT   >< INFO> 640: mct_stream_start_link: Link Metadata stream 0x30001: do nothing
01-17 16:17:00.499 E/mm-camera(  722): <MCT   ><ERROR> 862: mct_stream_start_link: call link_module_array blackjoe 0x0
01-17 16:17:00.500 I/mm-camera(  722): <MCT   >< INFO> 4400: mct_pipeline_process_set: Linking successful for stream 0x30001 stream type=7
01-17 16:17:00.500 E/mm-camera(  722): <MCT   ><ERROR> 4828: mct_pipeline_process_serv_msg: pipeline blackjoe data->sessionid 3 pipeline->session 3 msgid 3
01-17 16:17:00.500 E/mm-camera(  722): <MCT   ><ERROR> 4299: mct_pipeline_process_set: command is 0x8000004 blackjoe CAM_PRIV_PARM 0x8000014
01-17 16:17:00.500 I/mm-camera(  722): <MCT   >< INFO> 4302: mct_pipeline_process_set: command=8000004
01-17 16:17:00.506 D/Camera3-Device( 1374): Set real time priority for request queue thread (tid 6631)
01-17 16:17:00.507 D/BCReader-JNI( 6187): End ACameraDevice_createCaptureSession createCaptureSession:1822
01-17 16:17:00.507 D/BCReader-JNI( 6187): This is preallocated Preview Session
01-17 16:17:00.509 I/BCReader-JNI( 6187): Session for camera 0 is busy!
01-17 16:17:00.515 D/qdgralloc( 6187): Imported handle: 0x7baea3f780 id: 1386
01-17 16:17:00.515 D/qdgralloc( 6187): GetTransportSize: num fds: 2 num ints: 22 err:0
01-17 16:17:00.516 D/qdgralloc( 1374): Imported handle: 0xe8740890 id: 1386
01-17 16:17:00.517 D/qdgralloc( 1374): GetTransportSize: num fds: 2 num ints: 22 err:0
01-17 16:17:00.518 D/qdgralloc(  722): Imported handle: 0xe4900f90 id: 1386
01-17 16:17:00.519 E/mm-camera(  722): <MCT   ><ERROR> 4828: mct_pipeline_process_serv_msg: pipeline blackjoe data->sessionid 3 pipeline->session 3 msgid 3
01-17 16:17:00.519 E/mm-camera(  722): <MCT   ><ERROR> 4299: mct_pipeline_process_set: command is 0x8000014 blackjoe CAM_PRIV_PARM 0x8000014
01-17 16:17:00.520 I/mm-camera(  722): <ISP   >< INFO> 7159: isp_util_print_meta_stream_info: Deallocate resources
01-17 16:17:00.520 E/mm-camera(  722): <IMGLIB><ERROR> 297: AllocateBuffers: Invalid dimensions 0x0
01-17 16:17:00.520 I/mm-camera(  722): <ISP   >< INFO> 7490: isp_util_handle_stream_info: streams_desc num_streams is 0 
01-17 16:17:00.520 E/mm-camera(  722): <IMGLIB><ERROR> 197: img_algo_preload: Preload: Failed to allocate buffer, rc -4
01-17 16:17:00.520 I/mm-camera(  722): <IFACE >< INFO> 6386: iface_util_handle_meta_stream_info: iface_util_handle_meta_stream_info: ms_type 0 num streams 0
01-17 16:17:00.520 E/mm-camera(  722): <IMGLIB><ERROR> 127: module_imgbase_client_preload_exec: IMG_CORE_PRELOAD failed -4
01-17 16:17:00.524 E/mm-camera(  722): <MCT   ><ERROR> 4828: mct_pipeline_process_serv_msg: pipeline blackjoe data->sessionid 3 pipeline->session 3 msgid 3
01-17 16:17:00.524 E/mm-camera(  722): <MCT   ><ERROR> 4299: mct_pipeline_process_set: command is 0x8000014 blackjoe CAM_PRIV_PARM 0x8000014
01-17 16:17:00.524 I/mm-camera(  722): <ISP   >< INFO> 7159: isp_util_print_meta_stream_info: Deallocate resources
01-17 16:17:00.525 I/mm-camera(  722): <ISP   >< INFO> 7490: isp_util_handle_stream_info: streams_desc num_streams is 0 
01-17 16:17:00.525 E/mm-camera(  722): <IMGLIB><ERROR> 297: AllocateBuffers: Invalid dimensions 0x0
01-17 16:17:00.525 I/mm-camera(  722): <IFACE >< INFO> 6386: iface_util_handle_meta_stream_info: iface_util_handle_meta_stream_info: ms_type 0 num streams 0
01-17 16:17:00.525 E/mm-camera(  722): <IMGLIB><ERROR> 197: img_algo_preload: Preload: Failed to allocate buffer, rc -4
01-17 16:17:00.525 E/mm-camera(  722): <IMGLIB><ERROR> 127: module_imgbase_client_preload_exec: IMG_CORE_PRELOAD failed -4
01-17 16:17:00.526 E/QCamera (  722): <HAL><ERROR> processCaptureRequest: 7218: Check processCaptureRequest:7218 blackjoe
01-17 16:17:00.526 E/QCamera (  722): <HAL><ERROR> setHalFpsRange: 14639: E : setHalFpsRange: min_fps 0, max_fps 0 => will be 60 blackjoe 
01-17 16:17:00.526 I/QCamera (  722): <HAL><INFO> setHalFpsRange: 14674: aeTargetFpsRange fps: [5.000000 60.000000]
01-17 16:17:00.526 I/QCamera (  722): <HAL><INFO> setHalFpsRange: 14752: fps: [5.000000 60.000000] vid_fps: [5.000000 60.000000]
01-17 16:17:00.526 I/QCamera (  722): <HAL><INFO> setSensorHDR: 16388: send sensor HDR setting 0 blackjoe
01-17 16:17:00.526 I/QCamera (  722): <HAL><INFO> processCaptureRequest: 7346: STREAM INFO 0: type 8, wxh: 1344 x 760, pp_mask: 0x0, Format:0 is_type: 0 sync_type 0
01-17 16:17:00.526 E/mm-camera(  722): <MCT   ><ERROR> 4828: mct_pipeline_process_serv_msg: pipeline blackjoe data->sessionid 3 pipeline->session 3 msgid 3
01-17 16:17:00.527 E/mm-camera(  722): <MCT   ><ERROR> 4299: mct_pipeline_process_set: command is 0x8000014 blackjoe CAM_PRIV_PARM 0x8000014
01-17 16:17:00.527 E/mm-camera(  722): <IMGLIB><ERROR> 322: module_depth_map_handle_ctrl_parm: E
01-17 16:17:00.527 E/mm-camera(  722): <IMGLIB><ERROR> 430: module_depth_map_set_config_param: X
01-17 16:17:00.527 E/mm-camera(  722): <IMGLIB><ERROR> 254: module_depth_map_send_config_data: CAM_STREAM_TYPE_DEPTH not set !!
01-17 16:17:00.527 E/mm-camera(  722): <IMGLIB><ERROR> 369: module_depth_map_handle_ctrl_parm: Error module_depth_map_send_config_data
01-17 16:17:00.528 E/mm-camera(  722): <IMGLIB><ERROR> 373: module_depth_map_handle_ctrl_parm: X
01-17 16:17:00.528 E/mm-camera(  722): <IMGLIB><ERROR> 880: module_imgbase_process_param: [depth_map] handle_ctrl_parm error : type=10, rc=-5
01-17 16:17:00.519 E/        (    0): [SDL] misc_ioctl msg.len is 3 : 0x77 0x02 0x87
01-17 16:17:00.520 E/        (    0): [SDL] misc_ioctl msg.len is 2 : 0x88 0x00
01-17 16:17:00.523 I/init    (    0): starting service 'qccsyshalservice'...
01-17 16:17:00.560 D/blackjoe callstack(  722): #00 pc 00004085  /vendor/lib/libmmcamera_dbg.so (dump_stack_android+36)
01-17 16:17:00.560 D/blackjoe callstack(  722): #01 pc 0001d06f  /vendor/lib/libmmcamera2_iface_modules.so (iface_util_set_dis_enable_flag+10)
01-17 16:17:00.561 D/blackjoe callstack(  722): #02 pc 00033f03  /vendor/lib/libmmcamera2_iface_modules.so (port_iface_event_func+1690)
01-17 16:17:00.561 D/blackjoe callstack(  722): #03 pc 0004c917  /vendor/lib/libmmcamera2_sensor_modules.so (port_sensor_port_process_event+286)
01-17 16:17:00.561 D/blackjoe callstack(  722): #04 pc 0000c8d1  /vendor/lib/libmmcamera2_mct.so (mct_list_traverse+24)
01-17 16:17:00.561 D/blackjoe callstack(  722): #05 pc 000450af  /vendor/lib/libmmcamera2_sensor_modules.so (module_sensor_module_process_event+3894)
01-17 16:17:00.561 D/blackjoe callstack(  722): #06 pc 00010cc7  /vendor/lib/libmmcamera2_mct.so (mct_stream_send_event+470)
01-17 16:17:00.561 D/blackjoe callstack(  722): #07 pc 00019ac5  /vendor/lib/libmmcamera2_mct.so (mct_pipeline_send_event+64)
01-17 16:17:00.561 D/blackjoe callstack(  722): #08 pc 00014d43  /vendor/lib/libmmcamera2_mct.so (mct_pipeline_send_ctrl_events+678)
01-17 16:17:00.561 D/blackjoe callstack(  722): #09 pc 000179d5  /vendor/lib/libmmcamera2_mct.so (mct_pipeline_process_serv_msg+2500)
01-17 16:17:00.561 D/blackjoe callstack(  722): #10 pc 0001b5ef  /vendor/lib/libmmcamera2_mct.so (mct_controller_thread_run+362)
01-17 16:17:00.561 D/blackjoe callstack(  722): #11 pc 00083d87  /apex/com.android.runtime/lib/bionic/libc.so (__pthread_start(void*)+40)
01-17 16:17:00.561 D/blackjoe callstack(  722): #12 pc 0003a307  /apex/com.android.runtime/lib/bionic/libc.so (__start_thread+30)
01-17 16:17:00.561 I/mm-camera(  722): <IFACE >< INFO> 6276: iface_util_set_dis_enable_flag: iface_util_set_dis_enable_flag:6276 DIS enable flag = 0
01-17 16:17:00.562 E/mm-camera(  722): <SENSOR><ERROR> 5247: module_sensor_event_control_set_parm: Calling SENSOR_GET_RESOLUTION_INFO blackjoe module_sensor_event_control_set_parm:5247 cur_res -1
01-17 16:17:00.562 I/mm-camera(  722): <SENSOR>< INFO> 3926: sensor_get_resolution_info: Forced cur_res print out blackjoe
01-17 16:17:00.562 I/mm-camera(  722): <SENSOR>< INFO> 4269: sensor_get_resolution_info: sensor info: name: selowe, res: 0, max_fps: 54.000000, w: 1344, h: 760 op pix clk: 400000000, FLL: 787, LLPCK: 1424, mode: 1, PDAF support: 0
01-17 16:17:00.562 I/mm-camera(  722): <C2D   >< INFO> 1970: c2d_module_handle_set_parm_event: META_STREAM_INFO type = 8 w x h : 1344 x 760 pp_mask = 0x0
01-17 16:17:00.563 I/mm-camera(  722): <ISP   >< INFO> 7155: isp_util_print_meta_stream_info: Stream type 8 Resolution: 1344x760 pp_mask: 0x0
01-17 16:17:00.563 E/mm-camera(  722): <IMGLIB><ERROR> 297: AllocateBuffers: Invalid dimensions 0x0
01-17 16:17:00.563 E/mm-camera(  722): <ISP   ><ERROR> 7525: isp_util_handle_stream_info: <non-fatal> failed: isp resource allocate for mipi stream
01-17 16:17:00.563 I/mm-camera(  722): <IFACE >< INFO> 6386: iface_util_handle_meta_stream_info: iface_util_handle_meta_stream_info: ms_type 0 num streams 1
01-17 16:17:00.563 E/mm-camera(  722): <IMGLIB><ERROR> 197: img_algo_preload: Preload: Failed to allocate buffer, rc -4
01-17 16:17:00.563 E/mm-camera(  722): <IMGLIB><ERROR> 127: module_imgbase_client_preload_exec: IMG_CORE_PRELOAD failed -4
01-17 16:17:00.563 E/mm-camera(  722): <MCT   ><ERROR> 4828: mct_pipeline_process_serv_msg: pipeline blackjoe data->sessionid 3 pipeline->session 3 msgid 3
01-17 16:17:00.563 E/mm-camera(  722): <MCT   ><ERROR> 4299: mct_pipeline_process_set: command is 0x8000014 blackjoe CAM_PRIV_PARM 0x8000014
01-17 16:17:00.563 E/mm-camera(  722): <MCT   ><ERROR> 4828: mct_pipeline_process_serv_msg: pipeline blackjoe data->sessionid 3 pipeline->session 3 msgid 4
01-17 16:17:00.563 E/mm-camera(  722): <MCT   ><ERROR> 4856: mct_pipeline_process_serv_msg: CHECK Get PARAM blackjoe
01-17 16:17:00.563 E/mm-camera(  722): <MCT   ><ERROR> 4735: mct_pipeline_process_get: command is 0x8000014 blackjoe CAM_PRIV_PARM 0x8000014
01-17 16:17:00.563 E/mm-camera(  722): <MCT   ><ERROR> 4736: mct_pipeline_process_get: command is 134217748 blackjoe
01-17 16:17:00.566 I/init    (    0): starting service 'qccvndhalservice'...
01-17 16:17:00.564 E/mm-camera(  722): <MCT   ><ERROR> 4828: mct_pipeline_process_serv_msg: pipeline blackjoe data->sessionid 3 pipeline->session 3 msgid 3
01-17 16:17:00.564 E/mm-camera(  722): <MCT   ><ERROR> 4299: mct_pipeline_process_set: command is 0x800000a blackjoe CAM_PRIV_PARM 0x8000014
01-17 16:17:00.564 I/mm-camera(  722): <MCT   >< INFO> 4302: mct_pipeline_process_set: command=800000a
01-17 16:17:00.606 D/blackjoe callstack(  722): #00 pc 0000b1c5  /vendor/lib/libmmcamera_interface.so (dump_stack_android+36)
01-17 16:17:00.606 D/blackjoe callstack(  722): #01 pc 0001a2af  /vendor/lib/libmmcamera_interface.so (mm_stream_config+66)
01-17 16:17:00.606 D/blackjoe callstack(  722): #02 pc 00019a71  /vendor/lib/libmmcamera_interface.so (mm_stream_fsm_acquired+100)
01-17 16:17:00.606 D/blackjoe callstack(  722): #03 pc 00019771  /vendor/lib/libmmcamera_interface.so (mm_stream_fsm_fn+168)
01-17 16:17:00.606 D/blackjoe callstack(  722): #04 pc 0001600d  /vendor/lib/libmmcamera_interface.so (mm_channel_config_stream+128)
01-17 16:17:00.606 D/blackjoe callstack(  722): #05 pc 00015117  /vendor/lib/libmmcamera_interface.so (mm_channel_fsm_fn_stopped+126)
01-17 16:17:00.607 D/blackjoe callstack(  722): #06 pc 00014fc3  /vendor/lib/libmmcamera_interface.so (mm_channel_fsm_fn+142)
01-17 16:17:00.607 D/blackjoe callstack(  722): #07 pc 00011479  /vendor/lib/libmmcamera_interface.so (mm_camera_config_stream+92)
01-17 16:17:00.607 D/blackjoe callstack(  722): #08 pc 0000e3a7  /vendor/lib/libmmcamera_interface.so (mm_camera_intf_config_stream+198)
01-17 16:17:00.607 D/blackjoe callstack(  722): #09 pc 000a1539  /vendor/lib/hw/camera.sdm660.so (qcamera::QCamera3Stream::init(cam_stream_type_t, cam_format_t, cam_dimension_t, cam_rotation_t, cam_stream_reproc_config_t*, unsigned char, unsigned long long, cam_is_type_t, unsigned int, void (*)(mm_camera_super_buf_t*, qcamera::QCamera3Stream*, void*), void*, bool, bool)+816)
01-17 16:17:00.607 D/blackjoe callstack(  722): #10 pc 000a28ad  /vendor/lib/hw/camera.sdm660.so (qcamera::QCamera3Channel::addStream(cam_stream_type_t, cam_format_t, cam_dimension_t, cam_rotation_t, unsigned char, unsigned long long, cam_is_type_t, unsigned int, bool, bool)+208)
01-17 16:17:00.607 D/blackjoe callstack(  722): #11 pc 000a55a3  /vendor/lib/hw/camera.sdm660.so (qcamera::QCamera3RegularChannel::initialize(cam_is_type_t)+470)
01-17 16:17:00.607 D/blackjoe callstack(  722): #12 pc 0008debb  /vendor/lib/hw/camera.sdm660.so (qcamera::QCamera3HardwareInterface::processCaptureRequest(camera3_capture_request*, android::List<qcamera::QCamera3HardwareInterface::InternalRequest>&)+6378)
01-17 16:17:00.607 D/blackjoe callstack(  722): #13 pc 0008c515  /vendor/lib/hw/camera.sdm660.so (qcamera::QCamera3HardwareInterface::orchestrateRequest(camera3_capture_request*)+96)
01-17 16:17:00.607 D/blackjoe callstack(  722): #14 pc 0007e44f  /vendor/lib/hw/camera.sdm660.so (qcamera::QCamera3HardwareInterface::process_capture_request(camera3_device const*, camera3_capture_request*)+274)
01-17 16:17:00.607 D/blackjoe callstack(  722): #15 pc 0001300b  /vendor/lib/camera.device@3.4-impl.so (android::hardware::camera::device::V3_4::implementation::CameraDeviceSession::processOneCaptureRequest_3_4(android::hardware::camera::device::V3_4::CaptureRequest const&)+2070)
01-17 16:17:00.607 D/blackjoe callstack(  722): #16 pc 0001278d  /vendor/lib/camera.device@3.4-impl.so (android::hardware::camera::device::V3_4::implementation::CameraDeviceSession::processCaptureRequest_3_4(android::hardware::hidl_vec<android::hardware::camera::device::V3_4::CaptureRequest> const&, android::hardware::hidl_vec<android::hardware::camera::device::V3_2::BufferCache> const&, std::__1::function<void (android::hardware::camera::common::V1_0::Status, unsigned int)>)+52)
01-17 16:17:00.607 D/blackjoe callstack(  722): #17 pc 00014fdf  /vendor/lib/camera.device@3.4-impl.so (android::hardware::camera::device::V3_4::implementation::CameraDeviceSession::TrampolineSessionInterface_3_4::processCaptureRequest_3_4(android::hardware::hidl_vec<android::hardware::camera::device::V3_4::CaptureRequest> const&, android::hardware::hidl_vec<android::hardware::camera::device::V3_2::BufferCache> const&, std::__1::function<void (android::hardware::camera::common::V1_0::Status, unsigned int)>)+70)
01-17 16:17:00.607 D/blackjoe callstack(  722): #18 pc 000175f5  /apex/com.android.vndk.v30/lib/android.hardware.camera.device@3.4.so (android::hardware::camera::device::V3_4::BnHwCameraDeviceSession::_hidl_processCaptureRequest_3_4(android::hidl::base::V1_0::BnHwBase*, android::hardware::Parcel const&, android::hardware::Parcel*, std::__1::function<void (android::hardware::Parcel&)>)+356)
01-17 16:17:00.607 D/blackjoe callstack(  722): #19 pc 00017aad  /apex/com.android.vndk.v30/lib/android.hardware.camera.device@3.4.so (android::hardware::camera::device::V3_4::BnHwCameraDeviceSession::onTransact(unsigned int, android::hardware::Parcel const&, android::hardware::Parcel*, unsigned int, std::__1::function<void (android::hardware::Parcel&)>)+720)
01-17 16:17:00.608 D/blackjoe callstack(  722): #20 pc 0006d0fb  /apex/com.android.vndk.v30/lib/libhidlbase.so (android::hardware::BHwBinder::transact(unsigned int, android::hardware::Parcel const&, android::hardware::Parcel*, unsigned int, std::__1::function<void (android::hardware::Parcel&)>)+46)
01-17 16:17:00.608 D/blackjoe callstack(  722): #21 pc 000700ad  /apex/com.android.vndk.v30/lib/libhidlbase.so (android::hardware::IPCThreadState::executeCommand(int)+1936)
01-17 16:17:00.608 D/blackjoe callstack(  722): #22 pc 0006f79f  /apex/com.android.vndk.v30/lib/libhidlbase.so (android::hardware::IPCThreadState::getAndExecuteCommand()+138)
01-17 16:17:00.608 D/blackjoe callstack(  722): #23 pc 0007060b  /apex/com.android.vndk.v30/lib/libhidlbase.so (android::hardware::IPCThreadState::joinThreadPool(bool)+110)
01-17 16:17:00.608 D/blackjoe callstack(  722): #24 pc 00078965  /apex/com.android.vndk.v30/lib/libhidlbase.so (android::hardware::PoolThread::threadLoop()+12)
01-17 16:17:00.608 D/blackjoe callstack(  722): #25 pc 0000ebb1  /apex/com.android.vndk.v30/lib/libutils.so (android::Thread::_threadLoop(void*)+220)
01-17 16:17:00.608 D/blackjoe callstack(  722): #26 pc 0000e6c1  /apex/com.android.vndk.v30/lib/libutils.so (thread_data_t::trampoline(thread_data_t const*)+256)
01-17 16:17:00.608 D/blackjoe callstack(  722): #27 pc 00083d87  /apex/com.android.runtime/lib/bionic/libc.so (__pthread_start(void*)+40)
01-17 16:17:00.608 D/blackjoe callstack(  722): #28 pc 0003a307  /apex/com.android.runtime/lib/bionic/libc.so (__start_thread+30)
01-17 16:17:00.608 E/mm-camera(  722): <MCT   ><ERROR> 4828: mct_pipeline_process_serv_msg: pipeline blackjoe data->sessionid 3 pipeline->session 3 msgid 3
01-17 16:17:00.608 E/mm-camera(  722): <MCT   ><ERROR> 4299: mct_pipeline_process_set: command is 0x8000018 blackjoe CAM_PRIV_PARM 0x8000014
01-17 16:17:00.608 I/mm-camera(  722): <MCT   >< INFO> 4302: mct_pipeline_process_set: command=8000018
01-17 16:17:00.608 E/mm-camera(  722): <MCT   ><ERROR> 503: mct_stream_start_link: mct_stream_start_link blackjoe stream_type is 8
01-17 16:17:00.609 E/mm-camera(  722): <MCT   ><ERROR> 608: mct_stream_start_link: Start linking raw stream 0x30002, blackjoe is_secure 0
01-17 16:17:00.609 E/mm-camera(  722): <MCT   ><ERROR> 862: mct_stream_start_link: call link_module_array blackjoe 0x0
01-17 16:17:00.609 E/mm-camera(  722): <IFACE ><ERROR> 645: iface_reserve_src_port: iface_reserve_src_port: iface_src_port is 0x0xe9565030, state is 1 use_pix 0 blackjoe
01-17 16:17:00.617 D/logd    (    0): logdr: UID=0 GID=0 PID=26297 n tail=0 logMask=99 pid=0 start=0ns timeout=0ns
01-17 16:17:00.609 E/mm-camera(  722): <IFACE ><ERROR> 667: iface_reserve_src_port: iface_reserve_src_port: state is 1
01-17 16:17:00.609 I/mm-camera(  722): <ISP   >< INFO> 858: isp_port_check_caps_reserve: port 0xec997110 ide 30002 type 8 dim 1344 760
01-17 16:17:00.609 E/mm-camera(  722): <ISP   ><ERROR> 3417: isp_handler_get_hw_params: failed: num_hw_stream 0
01-17 16:17:00.610 I/chatty  (  722): uid=1047(cameraserver) CAM_MctServ_3 identical 12 lines
01-17 16:17:00.610 E/mm-camera(  722): <ISP   ><ERROR> 3417: isp_handler_get_hw_params: failed: num_hw_stream 0
01-17 16:17:00.610 I/mm-camera(  722): <MCT   >< INFO> 4400: mct_pipeline_process_set: Linking successful for stream 0x30002 stream type=8
01-17 16:17:00.610 E/QCamera (  722): <MCI><ERROR> mm_stream_get_v4l2_fmt: 2660: Unknown fmt=25
01-17 16:17:00.610 E/mm-camera(  722): <MCT   ><ERROR> 4828: mct_pipeline_process_serv_msg: pipeline blackjoe data->sessionid 3 pipeline->session 3 msgid 3
01-17 16:17:00.611 E/mm-camera(  722): <MCT   ><ERROR> 4299: mct_pipeline_process_set: command is 0x8000004 blackjoe CAM_PRIV_PARM 0x8000014
01-17 16:17:00.611 I/mm-camera(  722): <MCT   >< INFO> 4302: mct_pipeline_process_set: command=8000004
