01-17 16:36:39.958 E/HidlServiceManagement( 2631): Service vendor.qti.hardware.qccsyshal@1.0::IQccsyshal/qccsyshal must be in VINTF manifest in order to register/get.
01-17 16:36:39.958 E/qccsyshalservice( 2631): [ERROR] registerAsService() failed with status: -2147483648
01-17 16:36:39.969 I/vendor.qti.hardware.qccvndhal@1.0-service( 2632): Start with vendor binder
01-17 16:36:39.971 I/vendor.qti.hardware.qccvndhal@1.0-service( 2632): Registering qccvndhal service...
01-17 16:36:39.983 I/init    (    0): Service 'qccsyshalservice' (pid 2631) exited with status 1
01-17 16:36:39.974 I/hwservicemanager(  512): getTransport: Cannot find entry vendor.qti.hardware.qccvndhal@1.0::IQccvndhal/qccvndhal in either framework or device manifest.
01-17 16:36:39.983 I/init    (    0): Sending signal 9 to service 'qccsyshalservice' (pid 2631) process group...
01-17 16:36:39.984 I/libprocessgroup(    0): Successfully killed process cgroup uid 1000 pid 2631 in 0ms
01-17 16:36:39.975 E/HidlServiceManagement( 2632): Service vendor.qti.hardware.qccvndhal@1.0::IQccvndhal/qccvndhal must be in VINTF manifest in order to register/get.
01-17 16:36:39.975 E/vendor.qti.hardware.qccvndhal@1.0-service( 2632): [ERROR] registerAsService() failed with status: -2147483648
01-17 16:36:40.000 I/init    (    0): Service 'qccvndhalservice' (pid 2632) exited with status 1
01-17 16:36:40.000 I/init    (    0): Sending signal 9 to service 'qccvndhalservice' (pid 2632) process group...
01-17 16:36:40.001 I/libprocessgroup(    0): Successfully killed process cgroup uid 1000 pid 2632 in 0ms
01-17 16:36:40.005 D/logd    (    0): logdr: UID=0 GID=0 PID=2633 n tail=0 logMask=99 pid=0 start=0ns timeout=0ns
01-17 16:36:40.028 D/SMARTMU ( 2635): #(2635) [ main.cpp : 25] SmartMU Version , 
01-17 16:36:40.030 E/AsymmetricDecrypt( 2635): [AsymmetricDecrypt::acquireKeyFile] KeyPath - /system/vendor/keys/TC52AXANF/proxyframework 
01-17 16:36:40.033 E/AsymmetricDecrypt( 2635): [AsymmetricDecrypt::ObtainSeedText] Buffer - Zebra Technologies/TC52AXANF/TC52AX/proxyframework 
01-17 16:36:40.033 E/AsymmetricDecrypt( 2635): [AsymmetricDecrypt::NativeAuthenticate] Authentication failed. zDecodedText returned by ReadAndDecodeEncryptedText = Zebra Technologies/TC52AX/TC52AX/proxyframework, zBuf returned by ObtainSeedText = Zebra Technologies/TC52AXANF/TC52AX/proxyframework
01-17 16:36:40.033 D/SMARTMU ( 2635): #(2635) [ main.cpp : 31] Authentication failed
01-17 16:36:40.054 I/init    (    0): Service 'smartmu' (pid 2635) exited with status 0
01-17 16:36:40.502 D/logd    (    0): logdr: UID=0 GID=0 PID=2652 n tail=0 logMask=99 pid=0 start=0ns timeout=0ns
01-17 16:36:40.906 I/IRQ 6   (    0): no longer affine to CPU7
01-17 16:36:40.984 D/logd    (    0): logdr: UID=0 GID=0 PID=2663 n tail=0 logMask=99 pid=0 start=0ns timeout=0ns
01-17 16:36:41.474 D/logd    (    0): logdr: UID=0 GID=0 PID=2672 n tail=0 logMask=99 pid=0 start=0ns timeout=0ns
01-17 16:36:41.914 D/logd    (    0): logdr: UID=0 GID=0 PID=2676 n tail=0 logMask=99 pid=0 start=0ns timeout=0ns
01-17 16:36:42.206 I/IRQ 6   (    0): no longer affine to CPU5
01-17 16:36:42.810 D/logd    (    0): logdr: UID=0 GID=0 PID=2682 n tail=0 logMask=99 pid=0 start=0ns timeout=0ns
01-17 16:36:43.275 D/logd    (    0): logdr: UID=0 GID=0 PID=2699 n tail=0 logMask=99 pid=0 start=0ns timeout=0ns
01-17 16:36:43.775 D/logd    (    0): logdr: UID=0 GID=0 PID=2703 n tail=0 logMask=99 pid=0 start=0ns timeout=0ns
01-17 16:36:44.066 I/IRQ 6   (    0): no longer affine to CPU4
01-17 16:36:44.219 D/logd    (    0): logdr: UID=0 GID=0 PID=2706 n tail=0 logMask=99 pid=0 start=0ns timeout=0ns
01-17 16:36:44.656 D/logd    (    0): logdr: UID=0 GID=0 PID=2710 n tail=0 logMask=99 pid=0 start=0ns timeout=0ns
01-17 16:36:44.871 I/init    (    0): starting service 'qccsyshalservice'...
01-17 16:36:44.907 I/init    (    0): starting service 'qccvndhalservice'...
01-17 16:36:44.946 I/init    (    0): starting service 'smartmu'...
01-17 16:36:44.972 I/qccsyshalservice( 2713): Start with system binder
01-17 16:36:44.974 I/qccsyshalservice( 2713): Registering qccsyshal service...
01-17 16:36:44.979 I/hwservicemanager(  512): getTransport: Cannot find entry vendor.qti.hardware.qccsyshal@1.0::IQccsyshal/qccsyshal in either framework or device manifest.
01-17 16:36:44.981 E/HidlServiceManagement( 2713): Service vendor.qti.hardware.qccsyshal@1.0::IQccsyshal/qccsyshal must be in VINTF manifest in order to register/get.
01-17 16:36:44.981 E/qccsyshalservice( 2713): [ERROR] registerAsService() failed with status: -2147483648
01-17 16:36:45.008 I/init    (    0): Service 'qccsyshalservice' (pid 2713) exited with status 1
01-17 16:36:45.008 I/init    (    0): Sending signal 9 to service 'qccsyshalservice' (pid 2713) process group...
01-17 16:36:45.009 I/libprocessgroup(    0): Successfully killed process cgroup uid 1000 pid 2713 in 0ms
01-17 16:36:45.012 I/vendor.qti.hardware.qccvndhal@1.0-service( 2714): Start with vendor binder
01-17 16:36:45.013 I/vendor.qti.hardware.qccvndhal@1.0-service( 2714): Registering qccvndhal service...
01-17 16:36:45.016 I/hwservicemanager(  512): getTransport: Cannot find entry vendor.qti.hardware.qccvndhal@1.0::IQccvndhal/qccvndhal in either framework or device manifest.
01-17 16:36:45.018 E/HidlServiceManagement( 2714): Service vendor.qti.hardware.qccvndhal@1.0::IQccvndhal/qccvndhal must be in VINTF manifest in order to register/get.
01-17 16:36:45.018 E/vendor.qti.hardware.qccvndhal@1.0-service( 2714): [ERROR] registerAsService() failed with status: -2147483648
01-17 16:36:45.045 I/init    (    0): Service 'qccvndhalservice' (pid 2714) exited with status 1
01-17 16:36:45.045 I/init    (    0): Sending signal 9 to service 'qccvndhalservice' (pid 2714) process group...
01-17 16:36:45.046 I/libprocessgroup(    0): Successfully killed process cgroup uid 1000 pid 2714 in 0ms
01-17 16:36:45.059 D/SMARTMU ( 2716): #(2716) [ main.cpp : 25] SmartMU Version , 
01-17 16:36:45.061 E/AsymmetricDecrypt( 2716): [AsymmetricDecrypt::acquireKeyFile] KeyPath - /system/vendor/keys/TC52AXANF/proxyframework 
01-17 16:36:45.065 E/AsymmetricDecrypt( 2716): [AsymmetricDecrypt::ObtainSeedText] Buffer - Zebra Technologies/TC52AXANF/TC52AX/proxyframework 
01-17 16:36:45.065 E/AsymmetricDecrypt( 2716): [AsymmetricDecrypt::NativeAuthenticate] Authentication failed. zDecodedText returned by ReadAndDecodeEncryptedText = Zebra Technologies/TC52AX/TC52AX/proxyframework, zBuf returned by ObtainSeedText = Zebra Technologies/TC52AXANF/TC52AX/proxyframework
01-17 16:36:45.065 D/SMARTMU ( 2716): #(2716) [ main.cpp : 31] Authentication failed
01-17 16:36:45.089 I/init    (    0): Service 'smartmu' (pid 2716) exited with status 0
01-17 16:36:45.114 D/logd    (    0): logdr: UID=0 GID=0 PID=2717 n tail=0 logMask=99 pid=0 start=0ns timeout=0ns
01-17 16:36:45.611 D/logd    (    0): logdr: UID=0 GID=0 PID=2732 n tail=0 logMask=99 pid=0 start=0ns timeout=0ns
01-17 16:36:45.907 I/IRQ 6   (    0): no longer affine to CPU6
01-17 16:36:46.059 D/logd    (    0): logdr: UID=0 GID=0 PID=2735 n tail=0 logMask=99 pid=0 start=0ns timeout=0ns
01-17 16:36:46.386 I/IRQ 6   (    0): no longer affine to CPU4
01-17 16:36:46.502 D/logd    (    0): logdr: UID=0 GID=0 PID=2738 n tail=0 logMask=99 pid=0 start=0ns timeout=0ns
01-17 16:36:46.955 D/logd    (    0): logdr: UID=0 GID=0 PID=2750 n tail=0 logMask=99 pid=0 start=0ns timeout=0ns
01-17 16:36:47.962 D/logd    (    0): logdr: UID=0 GID=0 PID=2761 n tail=0 logMask=99 pid=0 start=0ns timeout=0ns
01-17 16:36:48.286 I/IRQ 6   (    0): no longer affine to CPU4
01-17 16:36:48.397 D/logd    (    0): logdr: UID=0 GID=0 PID=2767 n tail=0 logMask=99 pid=0 start=0ns timeout=0ns
01-17 16:36:48.863 D/logd    (    0): logdr: UID=0 GID=0 PID=2774 n tail=0 logMask=99 pid=0 start=0ns timeout=0ns
01-17 16:36:49.320 D/logd    (    0): logdr: UID=0 GID=0 PID=2783 n tail=0 logMask=99 pid=0 start=0ns timeout=0ns
01-17 16:36:49.506 I/IRQ 6   (    0): no longer affine to CPU4
01-17 16:36:49.819 D/logd    (    0): logdr: UID=0 GID=0 PID=2788 n tail=0 logMask=99 pid=0 start=0ns timeout=0ns
01-17 16:36:49.897 I/init    (    0): starting service 'qccsyshalservice'...
01-17 16:36:49.931 I/init    (    0): starting service 'qccvndhalservice'...
01-17 16:36:49.966 I/init    (    0): starting service 'smartmu'...
01-17 16:36:50.003 I/qccsyshalservice( 2791): Start with system binder
01-17 16:36:50.004 I/qccsyshalservice( 2791): Registering qccsyshal service...
01-17 16:36:50.008 I/hwservicemanager(  512): getTransport: Cannot find entry vendor.qti.hardware.qccsyshal@1.0::IQccsyshal/qccsyshal in either framework or device manifest.
01-17 16:36:50.009 E/HidlServiceManagement( 2791): Service vendor.qti.hardware.qccsyshal@1.0::IQccsyshal/qccsyshal must be in VINTF manifest in order to register/get.
01-17 16:36:50.009 E/qccsyshalservice( 2791): [ERROR] registerAsService() failed with status: -2147483648
01-17 16:36:50.023 I/vendor.qti.hardware.qccvndhal@1.0-service( 2794): Start with vendor binder
01-17 16:36:50.025 I/vendor.qti.hardware.qccvndhal@1.0-service( 2794): Registering qccvndhal service...
01-17 16:36:50.027 I/hwservicemanager(  512): getTransport: Cannot find entry vendor.qti.hardware.qccvndhal@1.0::IQccvndhal/qccvndhal in either framework or device manifest.
01-17 16:36:50.029 E/HidlServiceManagement( 2794): Service vendor.qti.hardware.qccvndhal@1.0::IQccvndhal/qccvndhal must be in VINTF manifest in order to register/get.
01-17 16:36:50.029 E/vendor.qti.hardware.qccvndhal@1.0-service( 2794): [ERROR] registerAsService() failed with status: -2147483648
01-17 16:36:50.045 I/init    (    0): Service 'qccsyshalservice' (pid 2791) exited with status 1
01-17 16:36:50.045 I/init    (    0): Sending signal 9 to service 'qccsyshalservice' (pid 2791) process group...
01-17 16:36:50.046 I/libprocessgroup(    0): Successfully killed process cgroup uid 1000 pid 2791 in 0ms
01-17 16:36:50.057 I/init    (    0): Service 'qccvndhalservice' (pid 2794) exited with status 1
01-17 16:36:50.058 I/init    (    0): Sending signal 9 to service 'qccvndhalservice' (pid 2794) process group...
01-17 16:36:50.058 I/libprocessgroup(    0): Successfully killed process cgroup uid 1000 pid 2794 in 0ms
01-17 16:36:50.094 D/SMARTMU ( 2796): #(2796) [ main.cpp : 25] SmartMU Version , 
01-17 16:36:50.096 E/AsymmetricDecrypt( 2796): [AsymmetricDecrypt::acquireKeyFile] KeyPath - /system/vendor/keys/TC52AXANF/proxyframework 
01-17 16:36:50.100 E/AsymmetricDecrypt( 2796): [AsymmetricDecrypt::ObtainSeedText] Buffer - Zebra Technologies/TC52AXANF/TC52AX/proxyframework 
01-17 16:36:50.100 E/AsymmetricDecrypt( 2796): [AsymmetricDecrypt::NativeAuthenticate] Authentication failed. zDecodedText returned by ReadAndDecodeEncryptedText = Zebra Technologies/TC52AX/TC52AX/proxyframework, zBuf returned by ObtainSeedText = Zebra Technologies/TC52AXANF/TC52AX/proxyframework
01-17 16:36:50.100 D/SMARTMU ( 2796): #(2796) [ main.cpp : 31] Authentication failed
01-17 16:36:50.129 I/init    (    0): Service 'smartmu' (pid 2796) exited with status 0
01-17 16:36:50.187 I/IRQ 6   (    0): no longer affine to CPU6
01-17 16:36:50.272 D/logd    (    0): logdr: UID=0 GID=0 PID=2798 n tail=0 logMask=99 pid=0 start=0ns timeout=0ns
01-17 16:36:50.694 D/logd    (    0): logdr: UID=0 GID=0 PID=2801 n tail=0 logMask=99 pid=0 start=0ns timeout=0ns
01-17 16:36:51.027 I/IRQ 6   (    0): no longer affine to CPU5
01-17 16:36:51.124 D/logd    (    0): logdr: UID=0 GID=0 PID=2804 n tail=0 logMask=99 pid=0 start=0ns timeout=0ns
01-17 16:36:51.529 D/logd    (    0): logdr: UID=0 GID=0 PID=2810 n tail=0 logMask=99 pid=0 start=0ns timeout=0ns
01-17 16:36:51.866 I/IRQ 6   (    0): no longer affine to CPU7
01-17 16:36:51.960 D/logd    (    0): logdr: UID=0 GID=0 PID=2814 n tail=0 logMask=99 pid=0 start=0ns timeout=0ns
01-17 16:36:53.221 D/logd    (    0): logdr: UID=0 GID=0 PID=2834 n tail=0 logMask=99 pid=0 start=0ns timeout=0ns
01-17 16:36:53.665 D/logd    (    0): logdr: UID=0 GID=0 PID=2839 n tail=0 logMask=99 pid=0 start=0ns timeout=0ns
01-17 16:36:54.027 I/IRQ 6   (    0): no longer affine to CPU7
01-17 16:36:54.124 D/logd    (    0): logdr: UID=0 GID=0 PID=2845 n tail=0 logMask=99 pid=0 start=0ns timeout=0ns
01-17 16:36:54.558 D/logd    (    0): logdr: UID=0 GID=0 PID=2849 n tail=0 logMask=99 pid=0 start=0ns timeout=0ns
01-17 16:36:54.927 I/init    (    0): starting service 'qccsyshalservice'...
01-17 16:36:54.959 I/init    (    0): starting service 'qccvndhalservice'...
01-17 16:36:54.989 I/init    (    0): starting service 'smartmu'...
01-17 16:36:55.007 D/logd    (    0): logdr: UID=0 GID=0 PID=2853 n tail=0 logMask=99 pid=0 start=0ns timeout=0ns
01-17 16:36:55.019 I/qccsyshalservice( 2855): Start with system binder
01-17 16:36:55.020 I/qccsyshalservice( 2855): Registering qccsyshal service...
01-17 16:36:55.023 I/hwservicemanager(  512): getTransport: Cannot find entry vendor.qti.hardware.qccsyshal@1.0::IQccsyshal/qccsyshal in either framework or device manifest.
01-17 16:36:55.025 E/HidlServiceManagement( 2855): Service vendor.qti.hardware.qccsyshal@1.0::IQccsyshal/qccsyshal must be in VINTF manifest in order to register/get.
01-17 16:36:55.025 E/qccsyshalservice( 2855): [ERROR] registerAsService() failed with status: -2147483648
01-17 16:36:55.052 I/vendor.qti.hardware.qccvndhal@1.0-service( 2856): Start with vendor binder
01-17 16:36:55.054 I/vendor.qti.hardware.qccvndhal@1.0-service( 2856): Registering qccvndhal service...
01-17 16:36:55.058 I/hwservicemanager(  512): getTransport: Cannot find entry vendor.qti.hardware.qccvndhal@1.0::IQccvndhal/qccvndhal in either framework or device manifest.
01-17 16:36:55.064 I/init    (    0): Service 'qccsyshalservice' (pid 2855) exited with status 1
01-17 16:36:55.064 I/init    (    0): Sending signal 9 to service 'qccsyshalservice' (pid 2855) process group...
01-17 16:36:55.065 I/libprocessgroup(    0): Successfully killed process cgroup uid 1000 pid 2855 in 0ms
01-17 16:36:55.059 E/HidlServiceManagement( 2856): Service vendor.qti.hardware.qccvndhal@1.0::IQccvndhal/qccvndhal must be in VINTF manifest in order to register/get.
01-17 16:36:55.060 E/vendor.qti.hardware.qccvndhal@1.0-service( 2856): [ERROR] registerAsService() failed with status: -2147483648
01-17 16:36:55.083 I/init    (    0): Service 'qccvndhalservice' (pid 2856) exited with status 1
01-17 16:36:55.083 I/init    (    0): Sending signal 9 to service 'qccvndhalservice' (pid 2856) process group...
01-17 16:36:55.083 I/libprocessgroup(    0): Successfully killed process cgroup uid 1000 pid 2856 in 0ms
01-17 16:36:55.094 D/SMARTMU ( 2860): #(2860) [ main.cpp : 25] SmartMU Version , 
01-17 16:36:55.096 E/AsymmetricDecrypt( 2860): [AsymmetricDecrypt::acquireKeyFile] KeyPath - /system/vendor/keys/TC52AXANF/proxyframework 
01-17 16:36:55.098 E/AsymmetricDecrypt( 2860): [AsymmetricDecrypt::ObtainSeedText] Buffer - Zebra Technologies/TC52AXANF/TC52AX/proxyframework 
01-17 16:36:55.098 E/AsymmetricDecrypt( 2860): [AsymmetricDecrypt::NativeAuthenticate] Authentication failed. zDecodedText returned by ReadAndDecodeEncryptedText = Zebra Technologies/TC52AX/TC52AX/proxyframework, zBuf returned by ObtainSeedText = Zebra Technologies/TC52AXANF/TC52AX/proxyframework
01-17 16:36:55.098 D/SMARTMU ( 2860): #(2860) [ main.cpp : 31] Authentication failed
01-17 16:36:55.118 I/init    (    0): Service 'smartmu' (pid 2860) exited with status 0
01-17 16:36:55.326 I/IRQ 6   (    0): no longer affine to CPU5
01-17 16:36:55.423 D/logd    (    0): logdr: UID=0 GID=0 PID=2864 n tail=0 logMask=99 pid=0 start=0ns timeout=0ns
01-17 16:36:55.915 D/logd    (    0): logdr: UID=0 GID=0 PID=2867 n tail=0 logMask=99 pid=0 start=0ns timeout=0ns
01-17 16:36:56.374 D/logd    (    0): logdr: UID=0 GID=0 PID=2870 n tail=0 logMask=99 pid=0 start=0ns timeout=0ns
01-17 16:36:56.706 I/IRQ 6   (    0): no longer affine to CPU4
01-17 16:36:56.850 D/logd    (    0): logdr: UID=0 GID=0 PID=2883 n tail=0 logMask=99 pid=0 start=0ns timeout=0ns
01-17 16:36:57.321 D/logd    (    0): logdr: UID=0 GID=0 PID=2887 n tail=0 logMask=99 pid=0 start=0ns timeout=0ns
01-17 16:36:58.254 D/logd    (    0): logdr: UID=0 GID=0 PID=2896 n tail=0 logMask=99 pid=0 start=0ns timeout=0ns
01-17 16:36:58.737 D/logd    (    0): logdr: UID=0 GID=0 PID=2900 n tail=0 logMask=99 pid=0 start=0ns timeout=0ns
01-17 16:36:59.191 D/logd    (    0): logdr: UID=0 GID=0 PID=2903 n tail=0 logMask=99 pid=0 start=0ns timeout=0ns
01-17 16:36:59.651 D/logd    (    0): logdr: UID=0 GID=0 PID=2907 n tail=0 logMask=99 pid=0 start=0ns timeout=0ns
01-17 16:36:59.952 I/init    (    0): starting service 'qccsyshalservice'...
01-17 16:36:59.984 I/init    (    0): starting service 'qccvndhalservice'...
01-17 16:37:00.009 I/init    (    0): starting service 'smartmu'...
01-17 16:37:00.002 D/KeyguardUpdateMonitor( 1897): received broadcast android.intent.action.TIME_TICK
01-17 16:37:00.003 D/KeyguardUpdateMonitor( 1897): handleTimeUpdate
01-17 16:37:00.003 D/KeyguardClockSwitch( 1897): Updating clock: 437
01-17 16:37:00.024 I/qccsyshalservice( 2920): Start with system binder
01-17 16:37:00.025 I/qccsyshalservice( 2920): Registering qccsyshal service...
01-17 16:37:00.025 D/CompatibilityInfo( 1670): mCompatibilityFlags - 0
01-17 16:37:00.025 D/CompatibilityInfo( 1670): applicationDensity - 480
01-17 16:37:00.026 D/CompatibilityInfo( 1670): applicationScale - 1.0
01-17 16:37:00.031 I/hwservicemanager(  512): getTransport: Cannot find entry vendor.qti.hardware.qccsyshal@1.0::IQccsyshal/qccsyshal in either framework or device manifest.
01-17 16:37:00.032 E/HidlServiceManagement( 2920): Service vendor.qti.hardware.qccsyshal@1.0::IQccsyshal/qccsyshal must be in VINTF manifest in order to register/get.
01-17 16:37:00.032 E/qccsyshalservice( 2920): [ERROR] registerAsService() failed with status: -2147483648
01-17 16:37:00.055 I/init    (    0): Service 'qccsyshalservice' (pid 2920) exited with status 1
01-17 16:37:00.055 I/init    (    0): Sending signal 9 to service 'qccsyshalservice' (pid 2920) process group...
01-17 16:37:00.056 I/libprocessgroup(    0): Successfully killed process cgroup uid 1000 pid 2920 in 0ms
01-17 16:37:00.071 I/vendor.qti.hardware.qccvndhal@1.0-service( 2921): Start with vendor binder
01-17 16:37:00.072 I/vendor.qti.hardware.qccvndhal@1.0-service( 2921): Registering qccvndhal service...
01-17 16:37:00.074 I/hwservicemanager(  512): getTransport: Cannot find entry vendor.qti.hardware.qccvndhal@1.0::IQccvndhal/qccvndhal in either framework or device manifest.
01-17 16:37:00.075 E/HidlServiceManagement( 2921): Service vendor.qti.hardware.qccvndhal@1.0::IQccvndhal/qccvndhal must be in VINTF manifest in order to register/get.
01-17 16:37:00.075 E/vendor.qti.hardware.qccvndhal@1.0-service( 2921): [ERROR] registerAsService() failed with status: -2147483648
01-17 16:37:00.093 I/init    (    0): Service 'qccvndhalservice' (pid 2921) exited with status 1
01-17 16:37:00.093 I/init    (    0): Sending signal 9 to service 'qccvndhalservice' (pid 2921) process group...
01-17 16:37:00.094 I/libprocessgroup(    0): Successfully killed process cgroup uid 1000 pid 2921 in 0ms
01-17 16:37:00.111 D/SMARTMU ( 2923): #(2923) [ main.cpp : 25] SmartMU Version , 
01-17 16:37:00.112 E/AsymmetricDecrypt( 2923): [AsymmetricDecrypt::acquireKeyFile] KeyPath - /system/vendor/keys/TC52AXANF/proxyframework 
01-17 16:37:00.115 E/AsymmetricDecrypt( 2923): [AsymmetricDecrypt::ObtainSeedText] Buffer - Zebra Technologies/TC52AXANF/TC52AX/proxyframework 
01-17 16:37:00.115 E/AsymmetricDecrypt( 2923): [AsymmetricDecrypt::NativeAuthenticate] Authentication failed. zDecodedText returned by ReadAndDecodeEncryptedText = Zebra Technologies/TC52AX/TC52AX/proxyframework, zBuf returned by ObtainSeedText = Zebra Technologies/TC52AXANF/TC52AX/proxyframework
01-17 16:37:00.115 D/SMARTMU ( 2923): #(2923) [ main.cpp : 31] Authentication failed
01-17 16:37:00.135 I/init    (    0): Service 'smartmu' (pid 2923) exited with status 0
01-17 16:37:00.137 D/logd    (    0): logdr: UID=0 GID=0 PID=2924 n tail=0 logMask=99 pid=0 start=0ns timeout=0ns
01-17 16:37:00.574 D/logd    (    0): logdr: UID=0 GID=0 PID=2930 n tail=0 logMask=99 pid=0 start=0ns timeout=0ns
01-17 16:37:00.907 I/IRQ 6   (    0): no longer affine to CPU6
01-17 16:37:00.999 D/logd    (    0): logdr: UID=0 GID=0 PID=2933 n tail=0 logMask=99 pid=0 start=0ns timeout=0ns
01-17 16:37:01.459 D/logd    (    0): logdr: UID=0 GID=0 PID=2938 n tail=0 logMask=99 pid=0 start=0ns timeout=0ns
01-17 16:37:01.686 I/IRQ 6   (    0): no longer affine to CPU5
01-17 16:37:01.898 D/logd    (    0): logdr: UID=0 GID=0 PID=2941 n tail=0 logMask=99 pid=0 start=0ns timeout=0ns
01-17 16:37:02.247 I/IRQ 6   (    0): no longer affine to CPU6
01-17 16:37:02.367 D/logd    (    0): logdr: UID=0 GID=0 PID=2944 n tail=0 logMask=99 pid=0 start=0ns timeout=0ns
01-17 16:37:03.146 I/IRQ 6   (    0): no longer affine to CPU4
01-17 16:37:03.636 D/logd    (    0): logdr: UID=0 GID=0 PID=2955 n tail=0 logMask=99 pid=0 start=0ns timeout=0ns
01-17 16:37:04.067 D/logd    (    0): logdr: UID=0 GID=0 PID=2958 n tail=0 logMask=99 pid=0 start=0ns timeout=0ns
01-17 16:37:04.491 D/logd    (    0): logdr: UID=0 GID=0 PID=2961 n tail=0 logMask=99 pid=0 start=0ns timeout=0ns
01-17 16:37:04.948 D/logd    (    0): logdr: UID=0 GID=0 PID=2966 n tail=0 logMask=99 pid=0 start=0ns timeout=0ns
01-17 16:37:04.978 I/init    (    0): starting service 'qccsyshalservice'...
01-17 16:37:05.010 I/init    (    0): starting service 'qccvndhalservice'...
01-17 16:37:05.041 I/init    (    0): starting service 'smartmu'...
01-17 16:37:05.049 I/qccsyshalservice( 2969): Start with system binder
01-17 16:37:05.050 I/qccsyshalservice( 2969): Registering qccsyshal service...
01-17 16:37:05.052 I/hwservicemanager(  512): getTransport: Cannot find entry vendor.qti.hardware.qccsyshal@1.0::IQccsyshal/qccsyshal in either framework or device manifest.
01-17 16:37:05.053 E/HidlServiceManagement( 2969): Service vendor.qti.hardware.qccsyshal@1.0::IQccsyshal/qccsyshal must be in VINTF manifest in order to register/get.
01-17 16:37:05.053 E/qccsyshalservice( 2969): [ERROR] registerAsService() failed with status: -2147483648
01-17 16:37:05.077 I/init    (    0): Service 'qccsyshalservice' (pid 2969) exited with status 1
01-17 16:37:05.077 I/init    (    0): Sending signal 9 to service 'qccsyshalservice' (pid 2969) process group...
01-17 16:37:05.078 I/libprocessgroup(    0): Successfully killed process cgroup uid 1000 pid 2969 in 0ms
01-17 16:37:05.102 I/vendor.qti.hardware.qccvndhal@1.0-service( 2970): Start with vendor binder
01-17 16:37:05.103 I/vendor.qti.hardware.qccvndhal@1.0-service( 2970): Registering qccvndhal service...
01-17 16:37:05.105 I/hwservicemanager(  512): getTransport: Cannot find entry vendor.qti.hardware.qccvndhal@1.0::IQccvndhal/qccvndhal in either framework or device manifest.
01-17 16:37:05.107 E/HidlServiceManagement( 2970): Service vendor.qti.hardware.qccvndhal@1.0::IQccvndhal/qccvndhal must be in VINTF manifest in order to register/get.
01-17 16:37:05.107 E/vendor.qti.hardware.qccvndhal@1.0-service( 2970): [ERROR] registerAsService() failed with status: -2147483648
01-17 16:37:05.126 I/init    (    0): Service 'qccvndhalservice' (pid 2970) exited with status 1
01-17 16:37:05.127 I/init    (    0): Sending signal 9 to service 'qccvndhalservice' (pid 2970) process group...
01-17 16:37:05.127 I/libprocessgroup(    0): Successfully killed process cgroup uid 1000 pid 2970 in 0ms
01-17 16:37:05.138 D/SMARTMU ( 2971): #(2971) [ main.cpp : 25] SmartMU Version , 
01-17 16:37:05.139 E/AsymmetricDecrypt( 2971): [AsymmetricDecrypt::acquireKeyFile] KeyPath - /system/vendor/keys/TC52AXANF/proxyframework 
01-17 16:37:05.141 E/AsymmetricDecrypt( 2971): [AsymmetricDecrypt::ObtainSeedText] Buffer - Zebra Technologies/TC52AXANF/TC52AX/proxyframework 
01-17 16:37:05.141 E/AsymmetricDecrypt( 2971): [AsymmetricDecrypt::NativeAuthenticate] Authentication failed. zDecodedText returned by ReadAndDecodeEncryptedText = Zebra Technologies/TC52AX/TC52AX/proxyframework, zBuf returned by ObtainSeedText = Zebra Technologies/TC52AXANF/TC52AX/proxyframework
01-17 16:37:05.141 D/SMARTMU ( 2971): #(2971) [ main.cpp : 31] Authentication failed
01-17 16:37:05.161 I/init    (    0): Service 'smartmu' (pid 2971) exited with status 0
01-17 16:37:05.373 D/logd    (    0): logdr: UID=0 GID=0 PID=2973 n tail=0 logMask=99 pid=0 start=0ns timeout=0ns
01-17 16:37:05.546 I/IRQ 6   (    0): no longer affine to CPU4
01-17 16:37:05.898 D/logd    (    0): logdr: UID=0 GID=0 PID=2977 n tail=0 logMask=99 pid=0 start=0ns timeout=0ns
01-17 16:37:06.286 I/IRQ 6   (    0): no longer affine to CPU6
01-17 16:37:06.398 D/logd    (    0): logdr: UID=0 GID=0 PID=2993 n tail=0 logMask=99 pid=0 start=0ns timeout=0ns
01-17 16:37:06.881 D/logd    (    0): logdr: UID=0 GID=0 PID=2996 n tail=0 logMask=99 pid=0 start=0ns timeout=0ns
01-17 16:37:07.326 D/logd    (    0): logdr: UID=0 GID=0 PID=3001 n tail=0 logMask=99 pid=0 start=0ns timeout=0ns
01-17 16:37:07.426 I/IRQ 6   (    0): no longer affine to CPU4
01-17 16:37:07.852 D/logd    (    0): logdr: UID=0 GID=0 PID=3007 n tail=0 logMask=99 pid=0 start=0ns timeout=0ns
01-17 16:37:08.810 D/logd    (    0): logdr: UID=0 GID=0 PID=3023 n tail=0 logMask=99 pid=0 start=0ns timeout=0ns
01-17 16:37:09.352 D/logd    (    0): logdr: UID=0 GID=0 PID=3026 n tail=0 logMask=99 pid=0 start=0ns timeout=0ns
01-17 16:37:09.726 I/IRQ 6   (    0): no longer affine to CPU6
01-17 16:37:09.874 D/logd    (    0): logdr: UID=0 GID=0 PID=3041 n tail=0 logMask=99 pid=0 start=0ns timeout=0ns
01-17 16:37:10.008 I/init    (    0): starting service 'qccsyshalservice'...
01-17 16:37:10.045 I/init    (    0): starting service 'qccvndhalservice'...
01-17 16:37:10.090 I/init    (    0): starting service 'smartmu'...
01-17 16:37:10.120 I/qccsyshalservice( 3049): Start with system binder
01-17 16:37:10.122 I/qccsyshalservice( 3049): Registering qccsyshal service...
01-17 16:37:10.127 I/hwservicemanager(  512): getTransport: Cannot find entry vendor.qti.hardware.qccsyshal@1.0::IQccsyshal/qccsyshal in either framework or device manifest.
01-17 16:37:10.128 E/HidlServiceManagement( 3049): Service vendor.qti.hardware.qccsyshal@1.0::IQccsyshal/qccsyshal must be in VINTF manifest in order to register/get.
01-17 16:37:10.128 E/qccsyshalservice( 3049): [ERROR] registerAsService() failed with status: -2147483648
01-17 16:37:10.140 I/vendor.qti.hardware.qccvndhal@1.0-service( 3050): Start with vendor binder
01-17 16:37:10.142 I/vendor.qti.hardware.qccvndhal@1.0-service( 3050): Registering qccvndhal service...
01-17 16:37:10.156 I/init    (    0): Service 'qccsyshalservice' (pid 3049) exited with status 1
01-17 16:37:10.156 I/init    (    0): Sending signal 9 to service 'qccsyshalservice' (pid 3049) process group...
01-17 16:37:10.156 I/libprocessgroup(    0): Successfully killed process cgroup uid 1000 pid 3049 in 0ms
01-17 16:37:10.147 I/hwservicemanager(  512): getTransport: Cannot find entry vendor.qti.hardware.qccvndhal@1.0::IQccvndhal/qccvndhal in either framework or device manifest.
01-17 16:37:10.148 E/HidlServiceManagement( 3050): Service vendor.qti.hardware.qccvndhal@1.0::IQccvndhal/qccvndhal must be in VINTF manifest in order to register/get.
01-17 16:37:10.148 E/vendor.qti.hardware.qccvndhal@1.0-service( 3050): [ERROR] registerAsService() failed with status: -2147483648
01-17 16:37:10.180 I/init    (    0): Service 'qccvndhalservice' (pid 3050) exited with status 1
01-17 16:37:10.180 I/init    (    0): Sending signal 9 to service 'qccvndhalservice' (pid 3050) process group...
01-17 16:37:10.180 I/libprocessgroup(    0): Successfully killed process cgroup uid 1000 pid 3050 in 0ms
01-17 16:37:10.196 D/SMARTMU ( 3052): #(3052) [ main.cpp : 25] SmartMU Version , 
01-17 16:37:10.198 E/AsymmetricDecrypt( 3052): [AsymmetricDecrypt::acquireKeyFile] KeyPath - /system/vendor/keys/TC52AXANF/proxyframework 
01-17 16:37:10.203 E/AsymmetricDecrypt( 3052): [AsymmetricDecrypt::ObtainSeedText] Buffer - Zebra Technologies/TC52AXANF/TC52AX/proxyframework 
01-17 16:37:10.203 E/AsymmetricDecrypt( 3052): [AsymmetricDecrypt::NativeAuthenticate] Authentication failed. zDecodedText returned by ReadAndDecodeEncryptedText = Zebra Technologies/TC52AX/TC52AX/proxyframework, zBuf returned by ObtainSeedText = Zebra Technologies/TC52AXANF/TC52AX/proxyframework
01-17 16:37:10.203 D/SMARTMU ( 3052): #(3052) [ main.cpp : 31] Authentication failed
01-17 16:37:10.234 I/init    (    0): Service 'smartmu' (pid 3052) exited with status 0
01-17 16:37:10.392 D/logd    (    0): logdr: UID=0 GID=0 PID=3054 n tail=0 logMask=99 pid=0 start=0ns timeout=0ns
01-17 16:37:10.506 I/IRQ 6   (    0): no longer affine to CPU7
01-17 16:37:10.938 D/logd    (    0): logdr: UID=0 GID=0 PID=3059 n tail=0 logMask=99 pid=0 start=0ns timeout=0ns
01-17 16:37:11.392 D/logd    (    0): logdr: UID=0 GID=0 PID=3063 n tail=0 logMask=99 pid=0 start=0ns timeout=0ns
01-17 16:37:11.850 D/logd    (    0): logdr: UID=0 GID=0 PID=3069 n tail=0 logMask=99 pid=0 start=0ns timeout=0ns
01-17 16:37:12.167 I/IRQ 6   (    0): no longer affine to CPU6
01-17 16:37:12.323 D/logd    (    0): logdr: UID=0 GID=0 PID=3072 n tail=0 logMask=99 pid=0 start=0ns timeout=0ns
01-17 16:37:12.781 D/logd    (    0): logdr: UID=0 GID=0 PID=3085 n tail=0 logMask=99 pid=0 start=0ns timeout=0ns
01-17 16:37:13.235 D/logd    (    0): logdr: UID=0 GID=0 PID=3091 n tail=0 logMask=99 pid=0 start=0ns timeout=0ns
01-17 16:37:13.986 I/IRQ 6   (    0): no longer affine to CPU6
01-17 16:37:14.128 D/logd    (    0): logdr: UID=0 GID=0 PID=3106 n tail=0 logMask=99 pid=0 start=0ns timeout=0ns
01-17 16:37:14.561 D/logd    (    0): logdr: UID=0 GID=0 PID=3112 n tail=0 logMask=99 pid=0 start=0ns timeout=0ns
01-17 16:37:15.010 D/logd    (    0): logdr: UID=0 GID=0 PID=3117 n tail=0 logMask=99 pid=0 start=0ns timeout=0ns
01-17 16:37:15.044 I/init    (    0): starting service 'qccsyshalservice'...
01-17 16:37:15.079 I/init    (    0): starting service 'qccvndhalservice'...
01-17 16:37:15.111 I/init    (    0): starting service 'smartmu'...
01-17 16:37:15.145 I/qccsyshalservice( 3121): Start with system binder
01-17 16:37:15.147 I/qccsyshalservice( 3121): Registering qccsyshal service...
01-17 16:37:15.149 I/hwservicemanager(  512): getTransport: Cannot find entry vendor.qti.hardware.qccsyshal@1.0::IQccsyshal/qccsyshal in either framework or device manifest.
01-17 16:37:15.150 E/HidlServiceManagement( 3121): Service vendor.qti.hardware.qccsyshal@1.0::IQccsyshal/qccsyshal must be in VINTF manifest in order to register/get.
01-17 16:37:15.151 E/qccsyshalservice( 3121): [ERROR] registerAsService() failed with status: -2147483648
01-17 16:37:15.175 I/init    (    0): Service 'qccsyshalservice' (pid 3121) exited with status 1
01-17 16:37:15.175 I/init    (    0): Sending signal 9 to service 'qccsyshalservice' (pid 3121) process group...
01-17 16:37:15.176 I/libprocessgroup(    0): Successfully killed process cgroup uid 1000 pid 3121 in 0ms
01-17 16:37:15.194 I/vendor.qti.hardware.qccvndhal@1.0-service( 3132): Start with vendor binder
01-17 16:37:15.199 I/vendor.qti.hardware.qccvndhal@1.0-service( 3132): Registering qccvndhal service...
01-17 16:37:15.203 I/hwservicemanager(  512): getTransport: Cannot find entry vendor.qti.hardware.qccvndhal@1.0::IQccvndhal/qccvndhal in either framework or device manifest.
01-17 16:37:15.204 E/HidlServiceManagement( 3132): Service vendor.qti.hardware.qccvndhal@1.0::IQccvndhal/qccvndhal must be in VINTF manifest in order to register/get.
01-17 16:37:15.204 E/vendor.qti.hardware.qccvndhal@1.0-service( 3132): [ERROR] registerAsService() failed with status: -2147483648
01-17 16:37:15.215 D/SMARTMU ( 3133): #(3133) [ main.cpp : 25] SmartMU Version , 
01-17 16:37:15.217 E/AsymmetricDecrypt( 3133): [AsymmetricDecrypt::acquireKeyFile] KeyPath - /system/vendor/keys/TC52AXANF/proxyframework 
01-17 16:37:15.220 E/AsymmetricDecrypt( 3133): [AsymmetricDecrypt::ObtainSeedText] Buffer - Zebra Technologies/TC52AXANF/TC52AX/proxyframework 
01-17 16:37:15.220 E/AsymmetricDecrypt( 3133): [AsymmetricDecrypt::NativeAuthenticate] Authentication failed. zDecodedText returned by ReadAndDecodeEncryptedText = Zebra Technologies/TC52AX/TC52AX/proxyframework, zBuf returned by ObtainSeedText = Zebra Technologies/TC52AXANF/TC52AX/proxyframework
01-17 16:37:15.220 D/SMARTMU ( 3133): #(3133) [ main.cpp : 31] Authentication failed
01-17 16:37:15.230 I/init    (    0): Service 'qccvndhalservice' (pid 3132) exited with status 1
01-17 16:37:15.230 I/init    (    0): Sending signal 9 to service 'qccvndhalservice' (pid 3132) process group...
01-17 16:37:15.231 I/libprocessgroup(    0): Successfully killed process cgroup uid 1000 pid 3132 in 0ms
01-17 16:37:15.243 I/init    (    0): Service 'smartmu' (pid 3133) exited with status 0
01-17 16:37:15.484 D/logd    (    0): logdr: UID=0 GID=0 PID=3135 n tail=0 logMask=99 pid=0 start=0ns timeout=0ns
01-17 16:37:15.886 I/IRQ 6   (    0): no longer affine to CPU7
01-17 16:37:16.010 D/logd    (    0): logdr: UID=0 GID=0 PID=3149 n tail=0 logMask=99 pid=0 start=0ns timeout=0ns
01-17 16:37:16.525 D/logd    (    0): logdr: UID=0 GID=0 PID=3153 n tail=0 logMask=99 pid=0 start=0ns timeout=0ns
01-17 16:37:16.982 D/logd    (    0): logdr: UID=0 GID=0 PID=3159 n tail=0 logMask=99 pid=0 start=0ns timeout=0ns
01-17 16:37:17.327 I/IRQ 6   (    0): no longer affine to CPU7
01-17 16:37:17.466 D/logd    (    0): logdr: UID=0 GID=0 PID=3176 n tail=0 logMask=99 pid=0 start=0ns timeout=0ns
01-17 16:37:17.979 D/logd    (    0): logdr: UID=0 GID=0 PID=3179 n tail=0 logMask=99 pid=0 start=0ns timeout=0ns
01-17 16:37:18.405 D/logd    (    0): logdr: UID=0 GID=0 PID=3185 n tail=0 logMask=99 pid=0 start=0ns timeout=0ns
01-17 16:37:19.375 D/logd    (    0): logdr: UID=0 GID=0 PID=3191 n tail=0 logMask=99 pid=0 start=0ns timeout=0ns
01-17 16:37:19.802 D/logd    (    0): logdr: UID=0 GID=0 PID=3207 n tail=0 logMask=99 pid=0 start=0ns timeout=0ns
01-17 16:37:20.077 I/init    (    0): starting service 'qccsyshalservice'...
01-17 16:37:20.101 I/init    (    0): starting service 'qccvndhalservice'...
01-17 16:37:20.133 I/init    (    0): starting service 'smartmu'...
01-17 16:37:20.132 I/qccsyshalservice( 3216): Start with system binder
01-17 16:37:20.133 I/qccsyshalservice( 3216): Registering qccsyshal service...
01-17 16:37:20.136 I/hwservicemanager(  512): getTransport: Cannot find entry vendor.qti.hardware.qccsyshal@1.0::IQccsyshal/qccsyshal in either framework or device manifest.
01-17 16:37:20.138 E/HidlServiceManagement( 3216): Service vendor.qti.hardware.qccsyshal@1.0::IQccsyshal/qccsyshal must be in VINTF manifest in order to register/get.
01-17 16:37:20.138 E/qccsyshalservice( 3216): [ERROR] registerAsService() failed with status: -2147483648
01-17 16:37:20.164 I/init    (    0): Service 'qccsyshalservice' (pid 3216) exited with status 1
01-17 16:37:20.165 I/init    (    0): Sending signal 9 to service 'qccsyshalservice' (pid 3216) process group...
01-17 16:37:20.165 I/libprocessgroup(    0): Successfully killed process cgroup uid 1000 pid 3216 in 0ms
01-17 16:37:20.177 I/vendor.qti.hardware.qccvndhal@1.0-service( 3217): Start with vendor binder
01-17 16:37:20.178 I/vendor.qti.hardware.qccvndhal@1.0-service( 3217): Registering qccvndhal service...
01-17 16:37:20.181 I/hwservicemanager(  512): getTransport: Cannot find entry vendor.qti.hardware.qccvndhal@1.0::IQccvndhal/qccvndhal in either framework or device manifest.
01-17 16:37:20.183 E/HidlServiceManagement( 3217): Service vendor.qti.hardware.qccvndhal@1.0::IQccvndhal/qccvndhal must be in VINTF manifest in order to register/get.
01-17 16:37:20.183 E/vendor.qti.hardware.qccvndhal@1.0-service( 3217): [ERROR] registerAsService() failed with status: -2147483648
01-17 16:37:20.204 I/init    (    0): Service 'qccvndhalservice' (pid 3217) exited with status 1
01-17 16:37:20.204 I/init    (    0): Sending signal 9 to service 'qccvndhalservice' (pid 3217) process group...
01-17 16:37:20.207 I/libprocessgroup(    0): Successfully killed process cgroup uid 1000 pid 3217 in 0ms
01-17 16:37:20.212 D/SMARTMU ( 3218): #(3218) [ main.cpp : 25] SmartMU Version , 
01-17 16:37:20.215 E/AsymmetricDecrypt( 3218): [AsymmetricDecrypt::acquireKeyFile] KeyPath - /system/vendor/keys/TC52AXANF/proxyframework 
01-17 16:37:20.218 E/AsymmetricDecrypt( 3218): [AsymmetricDecrypt::ObtainSeedText] Buffer - Zebra Technologies/TC52AXANF/TC52AX/proxyframework 
01-17 16:37:20.219 E/AsymmetricDecrypt( 3218): [AsymmetricDecrypt::NativeAuthenticate] Authentication failed. zDecodedText returned by ReadAndDecodeEncryptedText = Zebra Technologies/TC52AX/TC52AX/proxyframework, zBuf returned by ObtainSeedText = Zebra Technologies/TC52AXANF/TC52AX/proxyframework
01-17 16:37:20.219 D/SMARTMU ( 3218): #(3218) [ main.cpp : 31] Authentication failed
01-17 16:37:20.243 I/init    (    0): Service 'smartmu' (pid 3218) exited with status 0
01-17 16:37:20.306 I/IRQ 6   (    0): no longer affine to CPU4
01-17 16:37:20.329 D/logd    (    0): logdr: UID=0 GID=0 PID=3228 n tail=0 logMask=99 pid=0 start=0ns timeout=0ns
01-17 16:37:20.840 D/logd    (    0): logdr: UID=0 GID=0 PID=3243 n tail=0 logMask=99 pid=0 start=0ns timeout=0ns
01-17 16:37:21.306 I/IRQ 6   (    0): no longer affine to CPU7
01-17 16:37:21.379 D/logd    (    0): logdr: UID=0 GID=0 PID=3246 n tail=0 logMask=99 pid=0 start=0ns timeout=0ns
01-17 16:37:21.860 D/logd    (    0): logdr: UID=0 GID=0 PID=3253 n tail=0 logMask=99 pid=0 start=0ns timeout=0ns
01-17 16:37:22.266 I/IRQ 6   (    0): no longer affine to CPU5
01-17 16:37:22.338 D/logd    (    0): logdr: UID=0 GID=0 PID=3275 n tail=0 logMask=99 pid=0 start=0ns timeout=0ns
01-17 16:37:22.857 D/logd    (    0): logdr: UID=0 GID=0 PID=3278 n tail=0 logMask=99 pid=0 start=0ns timeout=0ns
01-17 16:37:23.356 D/logd    (    0): logdr: UID=0 GID=0 PID=3281 n tail=0 logMask=99 pid=0 start=0ns timeout=0ns
01-17 16:37:23.837 D/logd    (    0): logdr: UID=0 GID=0 PID=3294 n tail=0 logMask=99 pid=0 start=0ns timeout=0ns
01-17 16:37:24.811 D/logd    (    0): logdr: UID=0 GID=0 PID=3304 n tail=0 logMask=99 pid=0 start=0ns timeout=0ns
01-17 16:37:25.097 I/init    (    0): starting service 'qccsyshalservice'...
01-17 16:37:25.123 I/init    (    0): starting service 'qccvndhalservice'...
01-17 16:37:25.148 I/init    (    0): starting service 'smartmu'...
01-17 16:37:25.180 I/qccsyshalservice( 3307): Start with system binder
01-17 16:37:25.181 I/qccsyshalservice( 3307): Registering qccsyshal service...
01-17 16:37:25.183 I/hwservicemanager(  512): getTransport: Cannot find entry vendor.qti.hardware.qccsyshal@1.0::IQccsyshal/qccsyshal in either framework or device manifest.
01-17 16:37:25.184 E/HidlServiceManagement( 3307): Service vendor.qti.hardware.qccsyshal@1.0::IQccsyshal/qccsyshal must be in VINTF manifest in order to register/get.
01-17 16:37:25.184 E/qccsyshalservice( 3307): [ERROR] registerAsService() failed with status: -2147483648
01-17 16:37:25.203 I/init    (    0): Service 'qccsyshalservice' (pid 3307) exited with status 1
01-17 16:37:25.203 I/init    (    0): Sending signal 9 to service 'qccsyshalservice' (pid 3307) process group...
01-17 16:37:25.203 I/libprocessgroup(    0): Successfully killed process cgroup uid 1000 pid 3307 in 0ms
01-17 16:37:25.208 I/vendor.qti.hardware.qccvndhal@1.0-service( 3308): Start with vendor binder
01-17 16:37:25.209 I/vendor.qti.hardware.qccvndhal@1.0-service( 3308): Registering qccvndhal service...
01-17 16:37:25.211 I/hwservicemanager(  512): getTransport: Cannot find entry vendor.qti.hardware.qccvndhal@1.0::IQccvndhal/qccvndhal in either framework or device manifest.
01-17 16:37:25.212 E/HidlServiceManagement( 3308): Service vendor.qti.hardware.qccvndhal@1.0::IQccvndhal/qccvndhal must be in VINTF manifest in order to register/get.
01-17 16:37:25.212 E/vendor.qti.hardware.qccvndhal@1.0-service( 3308): [ERROR] registerAsService() failed with status: -2147483648
01-17 16:37:25.231 I/init    (    0): Service 'qccvndhalservice' (pid 3308) exited with status 1
01-17 16:37:25.231 I/init    (    0): Sending signal 9 to service 'qccvndhalservice' (pid 3308) process group...
01-17 16:37:25.231 I/libprocessgroup(    0): Successfully killed process cgroup uid 1000 pid 3308 in 0ms
01-17 16:37:25.251 D/SMARTMU ( 3310): #(3310) [ main.cpp : 25] SmartMU Version , 
01-17 16:37:25.253 E/AsymmetricDecrypt( 3310): [AsymmetricDecrypt::acquireKeyFile] KeyPath - /system/vendor/keys/TC52AXANF/proxyframework 
01-17 16:37:25.255 E/AsymmetricDecrypt( 3310): [AsymmetricDecrypt::ObtainSeedText] Buffer - Zebra Technologies/TC52AXANF/TC52AX/proxyframework 
01-17 16:37:25.255 E/AsymmetricDecrypt( 3310): [AsymmetricDecrypt::NativeAuthenticate] Authentication failed. zDecodedText returned by ReadAndDecodeEncryptedText = Zebra Technologies/TC52AX/TC52AX/proxyframework, zBuf returned by ObtainSeedText = Zebra Technologies/TC52AXANF/TC52AX/proxyframework
01-17 16:37:25.256 D/SMARTMU ( 3310): #(3310) [ main.cpp : 31] Authentication failed
01-17 16:37:25.280 I/init    (    0): Service 'smartmu' (pid 3310) exited with status 0
01-17 16:37:25.296 D/logd    (    0): logdr: UID=0 GID=0 PID=3323 n tail=0 logMask=99 pid=0 start=0ns timeout=0ns
01-17 16:37:25.526 I/IRQ 6   (    0): no longer affine to CPU4
01-17 16:37:25.731 D/logd    (    0): logdr: UID=0 GID=0 PID=3336 n tail=0 logMask=99 pid=0 start=0ns timeout=0ns
01-17 16:37:26.223 D/logd    (    0): logdr: UID=0 GID=0 PID=3340 n tail=0 logMask=99 pid=0 start=0ns timeout=0ns
01-17 16:37:26.688 D/logd    (    0): logdr: UID=0 GID=0 PID=3349 n tail=0 logMask=99 pid=0 start=0ns timeout=0ns
01-17 16:37:26.946 I/IRQ 6   (    0): no longer affine to CPU5
01-17 16:37:27.139 D/logd    (    0): logdr: UID=0 GID=0 PID=3352 n tail=0 logMask=99 pid=0 start=0ns timeout=0ns
01-17 16:37:27.346 I/IRQ 6   (    0): no longer affine to CPU4
01-17 16:37:27.605 D/logd    (    0): logdr: UID=0 GID=0 PID=3355 n tail=0 logMask=99 pid=0 start=0ns timeout=0ns
01-17 16:37:28.066 I/IRQ 6   (    0): no longer affine to CPU5
01-17 16:37:28.136 D/logd    (    0): logdr: UID=0 GID=0 PID=3366 n tail=0 logMask=99 pid=0 start=0ns timeout=0ns
01-17 16:37:28.562 D/logd    (    0): logdr: UID=0 GID=0 PID=3381 n tail=0 logMask=99 pid=0 start=0ns timeout=0ns
01-17 16:37:28.846 I/IRQ 6   (    0): no longer affine to CPU7
01-17 16:37:28.994 D/logd    (    0): logdr: UID=0 GID=0 PID=3386 n tail=0 logMask=99 pid=0 start=0ns timeout=0ns
01-17 16:37:29.726 I/IRQ 6   (    0): no longer affine to CPU5
01-17 16:37:30.043 D/logd    (    0): logdr: UID=0 GID=0 PID=3407 n tail=0 logMask=99 pid=0 start=0ns timeout=0ns
01-17 16:37:30.120 I/init    (    0): starting service 'qccsyshalservice'...
01-17 16:37:30.153 I/init    (    0): starting service 'qccvndhalservice'...
01-17 16:37:30.182 I/init    (    0): starting service 'smartmu'...
01-17 16:37:30.196 I/qccsyshalservice( 3412): Start with system binder
01-17 16:37:30.197 I/qccsyshalservice( 3412): Registering qccsyshal service...
01-17 16:37:30.201 I/hwservicemanager(  512): getTransport: Cannot find entry vendor.qti.hardware.qccsyshal@1.0::IQccsyshal/qccsyshal in either framework or device manifest.
01-17 16:37:30.202 E/HidlServiceManagement( 3412): Service vendor.qti.hardware.qccsyshal@1.0::IQccsyshal/qccsyshal must be in VINTF manifest in order to register/get.
01-17 16:37:30.202 E/qccsyshalservice( 3412): [ERROR] registerAsService() failed with status: -2147483648
01-17 16:37:30.226 I/init    (    0): Service 'qccsyshalservice' (pid 3412) exited with status 1
01-17 16:37:30.226 I/init    (    0): Sending signal 9 to service 'qccsyshalservice' (pid 3412) process group...
01-17 16:37:30.226 I/libprocessgroup(    0): Successfully killed process cgroup uid 1000 pid 3412 in 0ms
01-17 16:37:30.251 I/vendor.qti.hardware.qccvndhal@1.0-service( 3413): Start with vendor binder
01-17 16:37:30.252 I/vendor.qti.hardware.qccvndhal@1.0-service( 3413): Registering qccvndhal service...
01-17 16:37:30.260 I/hwservicemanager(  512): getTransport: Cannot find entry vendor.qti.hardware.qccvndhal@1.0::IQccvndhal/qccvndhal in either framework or device manifest.
01-17 16:37:30.261 E/HidlServiceManagement( 3413): Service vendor.qti.hardware.qccvndhal@1.0::IQccvndhal/qccvndhal must be in VINTF manifest in order to register/get.
01-17 16:37:30.261 E/vendor.qti.hardware.qccvndhal@1.0-service( 3413): [ERROR] registerAsService() failed with status: -2147483648
01-17 16:37:30.281 I/init    (    0): Service 'qccvndhalservice' (pid 3413) exited with status 1
01-17 16:37:30.281 I/init    (    0): Sending signal 9 to service 'qccvndhalservice' (pid 3413) process group...
01-17 16:37:30.282 I/libprocessgroup(    0): Successfully killed process cgroup uid 1000 pid 3413 in 0ms
01-17 16:37:30.286 D/SMARTMU ( 3414): #(3414) [ main.cpp : 25] SmartMU Version , 
01-17 16:37:30.289 E/AsymmetricDecrypt( 3414): [AsymmetricDecrypt::acquireKeyFile] KeyPath - /system/vendor/keys/TC52AXANF/proxyframework 
01-17 16:37:30.293 E/AsymmetricDecrypt( 3414): [AsymmetricDecrypt::ObtainSeedText] Buffer - Zebra Technologies/TC52AXANF/TC52AX/proxyframework 
01-17 16:37:30.293 E/AsymmetricDecrypt( 3414): [AsymmetricDecrypt::NativeAuthenticate] Authentication failed. zDecodedText returned by ReadAndDecodeEncryptedText = Zebra Technologies/TC52AX/TC52AX/proxyframework, zBuf returned by ObtainSeedText = Zebra Technologies/TC52AXANF/TC52AX/proxyframework
01-17 16:37:30.293 D/SMARTMU ( 3414): #(3414) [ main.cpp : 31] Authentication failed
01-17 16:37:30.320 I/init    (    0): Service 'smartmu' (pid 3414) exited with status 0
01-17 16:37:30.469 D/logd    (    0): logdr: UID=0 GID=0 PID=3419 n tail=0 logMask=99 pid=0 start=0ns timeout=0ns
01-17 16:37:30.686 I/IRQ 6   (    0): no longer affine to CPU5
01-17 16:37:30.928 D/logd    (    0): logdr: UID=0 GID=0 PID=3423 n tail=0 logMask=99 pid=0 start=0ns timeout=0ns
01-17 16:37:31.346 I/IRQ 6   (    0): no longer affine to CPU6
01-17 16:37:31.426 D/logd    (    0): logdr: UID=0 GID=0 PID=3439 n tail=0 logMask=99 pid=0 start=0ns timeout=0ns
01-17 16:37:31.945 D/logd    (    0): logdr: UID=0 GID=0 PID=3457 n tail=0 logMask=99 pid=0 start=0ns timeout=0ns
01-17 16:37:32.126 I/IRQ 6   (    0): no longer affine to CPU4
01-17 16:37:32.420 D/logd    (    0): logdr: UID=0 GID=0 PID=3461 n tail=0 logMask=99 pid=0 start=0ns timeout=0ns
01-17 16:37:32.646 I/IRQ 6   (    0): no longer affine to CPU6
01-17 16:37:32.906 D/logd    (    0): logdr: UID=0 GID=0 PID=3464 n tail=0 logMask=99 pid=0 start=0ns timeout=0ns
01-17 16:37:33.086 I/IRQ 6   (    0): no longer affine to CPU4
01-17 16:37:33.430 D/logd    (    0): logdr: UID=0 GID=0 PID=3481 n tail=0 logMask=99 pid=0 start=0ns timeout=0ns
01-17 16:37:33.866 I/IRQ 6   (    0): no longer affine to CPU6
01-17 16:37:33.954 D/logd    (    0): logdr: UID=0 GID=0 PID=3484 n tail=0 logMask=99 pid=0 start=0ns timeout=0ns
01-17 16:37:34.413 D/logd    (    0): logdr: UID=0 GID=0 PID=3488 n tail=0 logMask=99 pid=0 start=0ns timeout=0ns
01-17 16:37:34.606 I/IRQ 6   (    0): no longer affine to CPU4
01-17 16:37:35.150 I/init    (    0): starting service 'qccsyshalservice'...
01-17 16:37:35.188 I/init    (    0): starting service 'qccvndhalservice'...
01-17 16:37:35.215 I/init    (    0): starting service 'smartmu'...
01-17 16:37:35.259 I/qccsyshalservice( 3504): Start with system binder
01-17 16:37:35.260 I/qccsyshalservice( 3504): Registering qccsyshal service...
01-17 16:37:35.263 I/hwservicemanager(  512): getTransport: Cannot find entry vendor.qti.hardware.qccsyshal@1.0::IQccsyshal/qccsyshal in either framework or device manifest.
01-17 16:37:35.264 E/HidlServiceManagement( 3504): Service vendor.qti.hardware.qccsyshal@1.0::IQccsyshal/qccsyshal must be in VINTF manifest in order to register/get.
01-17 16:37:35.264 E/qccsyshalservice( 3504): [ERROR] registerAsService() failed with status: -2147483648
01-17 16:37:35.277 I/vendor.qti.hardware.qccvndhal@1.0-service( 3505): Start with vendor binder
01-17 16:37:35.279 I/vendor.qti.hardware.qccvndhal@1.0-service( 3505): Registering qccvndhal service...
01-17 16:37:35.281 I/hwservicemanager(  512): getTransport: Cannot find entry vendor.qti.hardware.qccvndhal@1.0::IQccvndhal/qccvndhal in either framework or device manifest.
01-17 16:37:35.283 E/HidlServiceManagement( 3505): Service vendor.qti.hardware.qccvndhal@1.0::IQccvndhal/qccvndhal must be in VINTF manifest in order to register/get.
01-17 16:37:35.283 E/vendor.qti.hardware.qccvndhal@1.0-service( 3505): [ERROR] registerAsService() failed with status: -2147483648
01-17 16:37:35.286 I/init    (    0): Service 'qccsyshalservice' (pid 3504) exited with status 1
01-17 16:37:35.287 I/init    (    0): Sending signal 9 to service 'qccsyshalservice' (pid 3504) process group...
01-17 16:37:35.288 I/libprocessgroup(    0): Successfully killed process cgroup uid 1000 pid 3504 in 0ms
01-17 16:37:35.305 I/init    (    0): Service 'qccvndhalservice' (pid 3505) exited with status 1
01-17 16:37:35.307 I/init    (    0): Sending signal 9 to service 'qccvndhalservice' (pid 3505) process group...
01-17 16:37:35.308 I/libprocessgroup(    0): Successfully killed process cgroup uid 1000 pid 3505 in 0ms
01-17 16:37:35.374 D/SMARTMU ( 3511): #(3511) [ main.cpp : 25] SmartMU Version , 
01-17 16:37:35.377 E/AsymmetricDecrypt( 3511): [AsymmetricDecrypt::acquireKeyFile] KeyPath - /system/vendor/keys/TC52AXANF/proxyframework 
01-17 16:37:35.380 E/AsymmetricDecrypt( 3511): [AsymmetricDecrypt::ObtainSeedText] Buffer - Zebra Technologies/TC52AXANF/TC52AX/proxyframework 
01-17 16:37:35.380 E/AsymmetricDecrypt( 3511): [AsymmetricDecrypt::NativeAuthenticate] Authentication failed. zDecodedText returned by ReadAndDecodeEncryptedText = Zebra Technologies/TC52AX/TC52AX/proxyframework, zBuf returned by ObtainSeedText = Zebra Technologies/TC52AXANF/TC52AX/proxyframework
01-17 16:37:35.381 D/SMARTMU ( 3511): #(3511) [ main.cpp : 31] Authentication failed
