--------- beginning of kernel
01-17 16:31:22.474 I/init    (    0): starting service 'qccsyshalservice'...
01-17 16:31:22.524 I/init    (    0): starting service 'qccvndhalservice'...
01-17 16:31:22.559 I/init    (    0): starting service 'smartmu'...
--------- beginning of main
01-17 16:31:22.594 I/qccsyshalservice(30723): Start with system binder
01-17 16:31:22.595 I/qccsyshalservice(30723): Registering qccsyshal service...
01-17 16:31:22.599 I/hwservicemanager(  512): getTransport: Cannot find entry vendor.qti.hardware.qccsyshal@1.0::IQccsyshal/qccsyshal in either framework or device manifest.
01-17 16:31:22.601 E/HidlServiceManagement(30723): Service vendor.qti.hardware.qccsyshal@1.0::IQccsyshal/qccsyshal must be in VINTF manifest in order to register/get.
01-17 16:31:22.601 E/qccsyshalservice(30723): [ERROR] registerAsService() failed with status: -2147483648
01-17 16:31:22.627 I/init    (    0): Service 'qccsyshalservice' (pid 30723) exited with status 1
01-17 16:31:22.627 I/init    (    0): Sending signal 9 to service 'qccsyshalservice' (pid 30723) process group...
01-17 16:31:22.628 I/libprocessgroup(    0): Successfully killed process cgroup uid 1000 pid 30723 in 0ms
01-17 16:31:22.641 I/vendor.qti.hardware.qccvndhal@1.0-service(30725): Start with vendor binder
01-17 16:31:22.643 I/vendor.qti.hardware.qccvndhal@1.0-service(30725): Registering qccvndhal service...
01-17 16:31:22.646 I/hwservicemanager(  512): getTransport: Cannot find entry vendor.qti.hardware.qccvndhal@1.0::IQccvndhal/qccvndhal in either framework or device manifest.
01-17 16:31:22.647 E/HidlServiceManagement(30725): Service vendor.qti.hardware.qccvndhal@1.0::IQccvndhal/qccvndhal must be in VINTF manifest in order to register/get.
01-17 16:31:22.647 E/vendor.qti.hardware.qccvndhal@1.0-service(30725): [ERROR] registerAsService() failed with status: -2147483648
01-17 16:31:22.657 D/SMARTMU (30726): #(30726) [ main.cpp : 25] SmartMU Version , 
01-17 16:31:22.659 E/AsymmetricDecrypt(30726): [AsymmetricDecrypt::acquireKeyFile] KeyPath - /system/vendor/keys/TC52AXANF/proxyframework 
01-17 16:31:22.662 E/AsymmetricDecrypt(30726): [AsymmetricDecrypt::ObtainSeedText] Buffer - Zebra Technologies/TC52AXANF/TC52AX/proxyframework 
01-17 16:31:22.662 E/AsymmetricDecrypt(30726): [AsymmetricDecrypt::NativeAuthenticate] Authentication failed. zDecodedText returned by ReadAndDecodeEncryptedText = Zebra Technologies/TC52AX/TC52AX/proxyframework, zBuf returned by ObtainSeedText = Zebra Technologies/TC52AXANF/TC52AX/proxyframework
01-17 16:31:22.662 D/SMARTMU (30726): #(30726) [ main.cpp : 31] Authentication failed
01-17 16:31:22.669 I/init    (    0): Service 'qccvndhalservice' (pid 30725) exited with status 1
01-17 16:31:22.669 I/init    (    0): Sending signal 9 to service 'qccvndhalservice' (pid 30725) process group...
01-17 16:31:22.671 I/libprocessgroup(    0): Successfully killed process cgroup uid 1000 pid 30725 in 0ms
01-17 16:31:22.689 I/init    (    0): Service 'smartmu' (pid 30726) exited with status 0
01-17 16:31:22.700 D/CompatibilityInfo( 1670): mCompatibilityFlags - 0
01-17 16:31:22.701 D/CompatibilityInfo( 1670): applicationDensity - 480
01-17 16:31:22.701 D/CompatibilityInfo( 1670): applicationScale - 1.0
01-17 16:31:22.709 I/NextSubtest service( 6187): hit
01-17 16:31:23.126 I/IRQ 6   (    0): no longer affine to CPU7
01-17 16:31:23.187 D/logd    (    0): logdr: UID=0 GID=0 PID=30734 b tail=0 logMask=99 pid=0 start=0ns timeout=0ns
01-17 16:31:24.188 W/adbd    ( 3678): timeout expired while flushing socket, closing
01-17 16:31:25.694 D/EventSequenceValidator( 1670): Transition from INTENT_FAILED to INTENT_STARTED
01-17 16:31:25.700 D/EventSequenceValidator( 1670): Transition from INTENT_STARTED to INTENT_FAILED
01-17 16:31:27.584 I/qccsyshalservic(30752): type=1400 audit(0.0:5085): avc: denied { search } for name="/" dev="sda10" ino=2 scontext=u:r:vendor_qccsyshal_qti:s0 tcontext=u:object_r:factory_file:s0 tclass=dir permissive=1
01-17 16:31:27.604 I/init    (    0): starting service 'smartmu'...
01-17 16:31:27.637 I/qccsyshalservice(30752): Start with system binder
01-17 16:31:27.639 I/qccsyshalservice(30752): Registering qccsyshal service...
01-17 16:31:27.642 I/hwservicemanager(  512): getTransport: Cannot find entry vendor.qti.hardware.qccsyshal@1.0::IQccsyshal/qccsyshal in either framework or device manifest.
01-17 16:31:27.645 E/HidlServiceManagement(30752): Service vendor.qti.hardware.qccsyshal@1.0::IQccsyshal/qccsyshal must be in VINTF manifest in order to register/get.
01-17 16:31:27.645 E/qccsyshalservice(30752): [ERROR] registerAsService() failed with status: -2147483648
01-17 16:31:27.661 I/vendor.qti.hardware.qccvndhal@1.0-service(30753): Start with vendor binder
01-17 16:31:27.663 I/vendor.qti.hardware.qccvndhal@1.0-service(30753): Registering qccvndhal service...
01-17 16:31:27.666 I/hwservicemanager(  512): getTransport: Cannot find entry vendor.qti.hardware.qccvndhal@1.0::IQccvndhal/qccvndhal in either framework or device manifest.
01-17 16:31:27.667 E/HidlServiceManagement(30753): Service vendor.qti.hardware.qccvndhal@1.0::IQccvndhal/qccvndhal must be in VINTF manifest in order to register/get.
01-17 16:31:27.667 E/vendor.qti.hardware.qccvndhal@1.0-service(30753): [ERROR] registerAsService() failed with status: -2147483648
01-17 16:31:27.688 I/init    (    0): Service 'qccvndhalservice' (pid 30753) exited with status 1
01-17 16:31:27.689 I/libprocessgroup(    0): Successfully killed process cgroup uid 1000 pid 30753 in 0ms
01-17 16:31:27.720 D/SMARTMU (30754): #(30754) [ main.cpp : 25] SmartMU Version , 
01-17 16:31:27.722 E/AsymmetricDecrypt(30754): [AsymmetricDecrypt::acquireKeyFile] KeyPath - /system/vendor/keys/TC52AXANF/proxyframework 
01-17 16:31:27.726 E/AsymmetricDecrypt(30754): [AsymmetricDecrypt::ObtainSeedText] Buffer - Zebra Technologies/TC52AXANF/TC52AX/proxyframework 
01-17 16:31:27.726 E/AsymmetricDecrypt(30754): [AsymmetricDecrypt::NativeAuthenticate] Authentication failed. zDecodedText returned by ReadAndDecodeEncryptedText = Zebra Technologies/TC52AX/TC52AX/proxyframework, zBuf returned by ObtainSeedText = Zebra Technologies/TC52AXANF/TC52AX/proxyframework
01-17 16:31:27.726 D/SMARTMU (30754): #(30754) [ main.cpp : 31] Authentication failed
01-17 16:31:32.681 I/qccsyshalservice(30759): Start with system binder
01-17 16:31:32.683 I/qccsyshalservice(30759): Registering qccsyshal service...
01-17 16:31:32.685 I/hwservicemanager(  512): getTransport: Cannot find entry vendor.qti.hardware.qccsyshal@1.0::IQccsyshal/qccsyshal in either framework or device manifest.
01-17 16:31:32.687 E/HidlServiceManagement(30759): Service vendor.qti.hardware.qccsyshal@1.0::IQccsyshal/qccsyshal must be in VINTF manifest in order to register/get.
01-17 16:31:32.687 E/qccsyshalservice(30759): [ERROR] registerAsService() failed with status: -2147483648
01-17 16:31:32.709 I/vendor.qti.hardware.qccvndhal@1.0-service(30760): Start with vendor binder
01-17 16:31:32.710 I/vendor.qti.hardware.qccvndhal@1.0-service(30760): Registering qccvndhal service...
01-17 16:31:32.713 I/hwservicemanager(  512): getTransport: Cannot find entry vendor.qti.hardware.qccvndhal@1.0::IQccvndhal/qccvndhal in either framework or device manifest.
01-17 16:31:32.714 E/HidlServiceManagement(30760): Service vendor.qti.hardware.qccvndhal@1.0::IQccvndhal/qccvndhal must be in VINTF manifest in order to register/get.
01-17 16:31:32.714 E/vendor.qti.hardware.qccvndhal@1.0-service(30760): [ERROR] registerAsService() failed with status: -2147483648
01-17 16:31:32.722 D/SMARTMU (30761): #(30761) [ main.cpp : 25] SmartMU Version , 
01-17 16:31:32.723 E/AsymmetricDecrypt(30761): [AsymmetricDecrypt::acquireKeyFile] KeyPath - /system/vendor/keys/TC52AXANF/proxyframework 
01-17 16:31:32.727 E/AsymmetricDecrypt(30761): [AsymmetricDecrypt::ObtainSeedText] Buffer - Zebra Technologies/TC52AXANF/TC52AX/proxyframework 
01-17 16:31:32.728 E/AsymmetricDecrypt(30761): [AsymmetricDecrypt::NativeAuthenticate] Authentication failed. zDecodedText returned by ReadAndDecodeEncryptedText = Zebra Technologies/TC52AX/TC52AX/proxyframework, zBuf returned by ObtainSeedText = Zebra Technologies/TC52AXANF/TC52AX/proxyframework
01-17 16:31:32.728 D/SMARTMU (30761): #(30761) [ main.cpp : 31] Authentication failed
01-17 16:31:32.753 I/init    (    0): Service 'smartmu' (pid 30761) exited with status 0
01-17 16:31:32.846 I/IRQ 6   (    0): no longer affine to CPU7
01-17 16:31:36.084 D/CompatibilityInfo( 1670): mCompatibilityFlags - 0
01-17 16:31:36.084 D/CompatibilityInfo( 1670): applicationDensity - 480
01-17 16:31:36.084 D/CompatibilityInfo( 1670): applicationScale - 1.0
01-17 16:31:36.094 I/NextSubtest service( 6187): hit
01-17 16:31:36.094 E/BCReader-JNI( 6187): mCancelCaptSession=1
01-17 16:31:36.302 D/logd    (    0): logdr: UID=0 GID=0 PID=30771 n tail=0 logMask=99 pid=0 start=0ns timeout=0ns
01-17 16:31:36.500 D/logd    (    0): logdr: UID=0 GID=0 PID=30774 n tail=0 logMask=99 pid=0 start=0ns timeout=0ns
01-17 16:31:36.700 D/logd    (    0): logdr: UID=0 GID=0 PID=30777 n tail=0 logMask=99 pid=0 start=0ns timeout=0ns
01-17 16:31:36.848 W/healthd (    0): battery l=77 v=3763 t=47.0 h=2 st=2 c=-625976 fc=4008000 cc=2 chg=u
--------- beginning of system
01-17 16:31:25.693 I/ActivityTaskManager( 1670): START u0 {flg=0x10000000 cmp=sdl.android.testapp/.SW_Decode_Android_TestApp_Activity} from uid 0
01-17 16:31:36.866 D/BatteryService( 1670): level : 77 / status : 2/Health : 2/Decommission : 0
01-17 16:31:36.870 D/BatterySwapServ( 3346): onReceive BATTERY_CHANGED
01-17 16:31:36.870 D/BatterySwapServ( 3346): battery changed: present=true level=77 plugType=2 shutdownLevel=4 batteryType = 201 serialnumber =T6560
01-17 16:31:36.871 D/HighTemperatureReceiver( 4883): Receive action: android.intent.action.BATTERY_CHANGED
01-17 16:31:36.872 D/com.symbol.dataanalytics.a.a.d.b( 4979): Received battery event
01-17 16:31:36.872 D/com.symbol.dataanalytics.a.a.d.b( 4979): BatteryFactory event action = android.intent.action.BATTERY_CHANGED
01-17 16:31:36.872 W/ContextImpl( 3183): Calling a method in the system process without a qualified user: android.app.ContextImpl.startService:1669 android.content.ContextWrapper.startService:720 com.symbol.batterymanager.model.BatteryManagerReceiver.startBatteryApplicationService:81 com.symbol.batterymanager.model.BatteryManagerReceiver.onReceive:47 android.app.LoadedApk$ReceiverDispatcher$Args.lambda$getRunnable$0$LoadedApk$ReceiverDispatcher$Args:1580 
01-17 16:31:36.873 D/UsbCradleMode( 5272): onReceive:Battery change, status:2
01-17 16:31:36.875 V/BatteryApplicationService( 3183): BatteryType  201
01-17 16:31:36.876 D/OSUService( 3114): dev-dbg:is_charging current_now -625976, batteryLevel: 77, isCharging(isCharging): true
01-17 16:31:36.876 D/OSUService( 3114): dev-dbg:is_charging ADAPTER_CHARGE_LIMIIT 500000
01-17 16:31:36.876 D/OSUService( 3114): dev-dbg:is_charging current_now > ADAPTER_CHARGE_LIMIIT false
01-17 16:31:36.876 D/OSUService( 3114): dev-dbg:is_charging conditionCheck false
01-17 16:31:36.876 D/OSUService( 3114): dev-dbg: battery change intent batteryLevel: 77, is_charging(context): true, STATE: 1
01-17 16:31:36.882 D/OSUService( 3114): dev-dbg:is_charging current_now -625976, batteryLevel: 77, isCharging(isCharging): true
01-17 16:31:36.882 D/OSUService( 3114): dev-dbg:is_charging ADAPTER_CHARGE_LIMIIT 500000
01-17 16:31:36.882 D/OSUService( 3114): dev-dbg:is_charging current_now > ADAPTER_CHARGE_LIMIIT false
01-17 16:31:36.882 D/OSUService( 3114): dev-dbg:is_charging conditionCheck false
01-17 16:31:36.882 D/OSUService( 3114): dev-dbg: calling for resume
01-17 16:31:36.882 D/KeyguardUpdateMonitor( 1897): received broadcast android.intent.action.BATTERY_CHANGED
01-17 16:31:36.883 I/OSUService( 3114): handle_ab_resume -1 3
01-17 16:31:36.883 I/OSUService( 3114): handle_ab_resume state 1 last_state 0
01-17 16:31:36.883 E/OSUService( 3114): Can't resume - there are no update in suspended state
01-17 16:31:36.883 D/OSUService( 3114): dev-dbg: battery change intent finished
01-17 16:31:36.896 D/logd    (    0): logdr: UID=0 GID=0 PID=30780 n tail=0 logMask=99 pid=0 start=0ns timeout=0ns
01-17 16:31:36.888 D/KeyguardUpdateMonitor( 1897): handleBatteryUpdate
01-17 16:31:37.026 I/IRQ 6   (    0): no longer affine to CPU6
01-17 16:31:37.102 D/logd    (    0): logdr: UID=0 GID=0 PID=30783 n tail=0 logMask=99 pid=0 start=0ns timeout=0ns
01-17 16:31:37.290 D/logd    (    0): logdr: UID=0 GID=0 PID=30787 n tail=0 logMask=99 pid=0 start=0ns timeout=0ns
01-17 16:31:37.500 D/logd    (    0): logdr: UID=0 GID=0 PID=30790 n tail=0 logMask=99 pid=0 start=0ns timeout=0ns
01-17 16:31:37.609 I/init    (    0): starting service 'qccsyshalservice'...
01-17 16:31:37.644 I/init    (    0): starting service 'qccvndhalservice'...
01-17 16:31:37.679 I/init    (    0): starting service 'smartmu'...
01-17 16:31:37.696 D/logd    (    0): logdr: UID=0 GID=0 PID=30793 n tail=0 logMask=99 pid=0 start=0ns timeout=0ns
01-17 16:31:37.705 I/qccsyshalservice(30795): Start with system binder
01-17 16:31:37.706 I/qccsyshalservice(30795): Registering qccsyshal service...
01-17 16:31:37.708 I/hwservicemanager(  512): getTransport: Cannot find entry vendor.qti.hardware.qccsyshal@1.0::IQccsyshal/qccsyshal in either framework or device manifest.
01-17 16:31:37.709 E/HidlServiceManagement(30795): Service vendor.qti.hardware.qccsyshal@1.0::IQccsyshal/qccsyshal must be in VINTF manifest in order to register/get.
01-17 16:31:37.709 E/qccsyshalservice(30795): [ERROR] registerAsService() failed with status: -2147483648
01-17 16:31:37.711 I/vendor.qti.hardware.qccvndhal@1.0-service(30796): Start with vendor binder
01-17 16:31:37.712 I/vendor.qti.hardware.qccvndhal@1.0-service(30796): Registering qccvndhal service...
01-17 16:31:37.715 I/hwservicemanager(  512): getTransport: Cannot find entry vendor.qti.hardware.qccvndhal@1.0::IQccvndhal/qccvndhal in either framework or device manifest.
01-17 16:31:37.716 E/HidlServiceManagement(30796): Service vendor.qti.hardware.qccvndhal@1.0::IQccvndhal/qccvndhal must be in VINTF manifest in order to register/get.
01-17 16:31:37.716 E/vendor.qti.hardware.qccvndhal@1.0-service(30796): [ERROR] registerAsService() failed with status: -2147483648
01-17 16:31:37.733 I/init    (    0): Service 'qccsyshalservice' (pid 30795) exited with status 1
01-17 16:31:37.733 I/init    (    0): Sending signal 9 to service 'qccsyshalservice' (pid 30795) process group...
01-17 16:31:37.733 I/libprocessgroup(    0): Successfully killed process cgroup uid 1000 pid 30795 in 0ms
01-17 16:31:37.738 I/init    (    0): Service 'qccvndhalservice' (pid 30796) exited with status 1
01-17 16:31:37.738 I/init    (    0): Sending signal 9 to service 'qccvndhalservice' (pid 30796) process group...
01-17 16:31:37.738 I/libprocessgroup(    0): Successfully killed process cgroup uid 1000 pid 30796 in 0ms
01-17 16:31:37.805 D/SMARTMU (30797): #(30797) [ main.cpp : 25] SmartMU Version , 
01-17 16:31:37.808 E/AsymmetricDecrypt(30797): [AsymmetricDecrypt::acquireKeyFile] KeyPath - /system/vendor/keys/TC52AXANF/proxyframework 
01-17 16:31:37.812 E/AsymmetricDecrypt(30797): [AsymmetricDecrypt::ObtainSeedText] Buffer - Zebra Technologies/TC52AXANF/TC52AX/proxyframework 
01-17 16:31:37.812 E/AsymmetricDecrypt(30797): [AsymmetricDecrypt::NativeAuthenticate] Authentication failed. zDecodedText returned by ReadAndDecodeEncryptedText = Zebra Technologies/TC52AX/TC52AX/proxyframework, zBuf returned by ObtainSeedText = Zebra Technologies/TC52AXANF/TC52AX/proxyframework
01-17 16:31:37.812 D/SMARTMU (30797): #(30797) [ main.cpp : 31] Authentication failed
01-17 16:31:37.839 I/init    (    0): Service 'smartmu' (pid 30797) exited with status 0
01-17 16:31:37.846 I/IRQ 6   (    0): no longer affine to CPU4
01-17 16:31:37.891 D/logd    (    0): logdr: UID=0 GID=0 PID=30799 n tail=0 logMask=99 pid=0 start=0ns timeout=0ns
01-17 16:31:38.112 D/logd    (    0): logdr: UID=0 GID=0 PID=30804 n tail=0 logMask=99 pid=0 start=0ns timeout=0ns
01-17 16:31:39.254 I/swapper/2(    0): type=1400 audit(0.0:5086): avc: denied { kill } for capability=5 scontext=u:r:kernel:s0 tcontext=u:r:kernel:s0 tclass=capability permissive=1
01-17 16:31:41.377 D/logd    (    0): logdr: UID=0 GID=0 PID=30853 n tail=0 logMask=99 pid=0 start=0ns timeout=0ns
01-17 16:31:41.486 I/IRQ 6   (    0): no longer affine to CPU4
01-17 16:31:41.597 D/logd    (    0): logdr: UID=0 GID=0 PID=30856 n tail=0 logMask=99 pid=0 start=0ns timeout=0ns
01-17 16:31:41.803 D/logd    (    0): logdr: UID=0 GID=0 PID=30859 n tail=0 logMask=99 pid=0 start=0ns timeout=0ns
01-17 16:31:42.001 D/logd    (    0): logdr: UID=0 GID=0 PID=30862 n tail=0 logMask=99 pid=0 start=0ns timeout=0ns
01-17 16:31:42.202 D/logd    (    0): logdr: UID=0 GID=0 PID=30865 n tail=0 logMask=99 pid=0 start=0ns timeout=0ns
01-17 16:31:42.346 I/IRQ 6   (    0): no longer affine to CPU4
01-17 16:31:42.407 D/logd    (    0): logdr: UID=0 GID=0 PID=30868 n tail=0 logMask=99 pid=0 start=0ns timeout=0ns
01-17 16:31:42.624 D/logd    (    0): logdr: UID=0 GID=0 PID=30871 n tail=0 logMask=99 pid=0 start=0ns timeout=0ns
01-17 16:31:42.645 I/init    (    0): starting service 'qccsyshalservice'...
01-17 16:31:42.676 I/init    (    0): starting service 'qccvndhalservice'...
01-17 16:31:42.698 I/init    (    0): starting service 'smartmu'...
01-17 16:31:42.742 I/qccsyshalservice(30874): Start with system binder
01-17 16:31:42.743 I/qccsyshalservice(30874): Registering qccsyshal service...
01-17 16:31:42.746 I/hwservicemanager(  512): getTransport: Cannot find entry vendor.qti.hardware.qccsyshal@1.0::IQccsyshal/qccsyshal in either framework or device manifest.
01-17 16:31:42.747 E/HidlServiceManagement(30874): Service vendor.qti.hardware.qccsyshal@1.0::IQccsyshal/qccsyshal must be in VINTF manifest in order to register/get.
01-17 16:31:42.747 E/qccsyshalservice(30874): [ERROR] registerAsService() failed with status: -2147483648
01-17 16:31:42.768 I/init    (    0): Service 'qccsyshalservice' (pid 30874) exited with status 1
01-17 16:31:42.768 I/init    (    0): Sending signal 9 to service 'qccsyshalservice' (pid 30874) process group...
01-17 16:31:42.768 I/libprocessgroup(    0): Successfully killed process cgroup uid 1000 pid 30874 in 0ms
01-17 16:31:42.779 I/vendor.qti.hardware.qccvndhal@1.0-service(30875): Start with vendor binder
01-17 16:31:42.781 I/vendor.qti.hardware.qccvndhal@1.0-service(30875): Registering qccvndhal service...
01-17 16:31:42.785 I/hwservicemanager(  512): getTransport: Cannot find entry vendor.qti.hardware.qccvndhal@1.0::IQccvndhal/qccvndhal in either framework or device manifest.
01-17 16:31:42.787 E/HidlServiceManagement(30875): Service vendor.qti.hardware.qccvndhal@1.0::IQccvndhal/qccvndhal must be in VINTF manifest in order to register/get.
01-17 16:31:42.787 E/vendor.qti.hardware.qccvndhal@1.0-service(30875): [ERROR] registerAsService() failed with status: -2147483648
01-17 16:31:42.794 D/SMARTMU (30876): #(30876) [ main.cpp : 25] SmartMU Version , 
01-17 16:31:42.796 E/AsymmetricDecrypt(30876): [AsymmetricDecrypt::acquireKeyFile] KeyPath - /system/vendor/keys/TC52AXANF/proxyframework 
01-17 16:31:42.799 E/AsymmetricDecrypt(30876): [AsymmetricDecrypt::ObtainSeedText] Buffer - Zebra Technologies/TC52AXANF/TC52AX/proxyframework 
01-17 16:31:42.799 E/AsymmetricDecrypt(30876): [AsymmetricDecrypt::NativeAuthenticate] Authentication failed. zDecodedText returned by ReadAndDecodeEncryptedText = Zebra Technologies/TC52AX/TC52AX/proxyframework, zBuf returned by ObtainSeedText = Zebra Technologies/TC52AXANF/TC52AX/proxyframework
01-17 16:31:42.799 D/SMARTMU (30876): #(30876) [ main.cpp : 31] Authentication failed
01-17 16:31:42.815 I/init    (    0): Service 'qccvndhalservice' (pid 30875) exited with status 1
01-17 16:31:42.815 I/init    (    0): Sending signal 9 to service 'qccvndhalservice' (pid 30875) process group...
01-17 16:31:42.816 I/libprocessgroup(    0): Successfully killed process cgroup uid 1000 pid 30875 in 0ms
01-17 16:31:42.829 I/init    (    0): Service 'smartmu' (pid 30876) exited with status 0
01-17 16:31:42.830 D/logd    (    0): logdr: UID=0 GID=0 PID=30877 n tail=0 logMask=99 pid=0 start=0ns timeout=0ns
01-17 16:31:43.044 D/logd    (    0): logdr: UID=0 GID=0 PID=30881 n tail=0 logMask=99 pid=0 start=0ns timeout=0ns
01-17 16:31:43.146 I/IRQ 6   (    0): no longer affine to CPU4
01-17 16:31:43.254 D/logd    (    0): logdr: UID=0 GID=0 PID=30884 n tail=0 logMask=99 pid=0 start=0ns timeout=0ns
01-17 16:31:46.448 D/logd    (    0): logdr: UID=0 GID=0 PID=30930 n tail=0 logMask=99 pid=0 start=0ns timeout=0ns
01-17 16:31:46.664 D/logd    (    0): logdr: UID=0 GID=0 PID=30933 n tail=0 logMask=99 pid=0 start=0ns timeout=0ns
01-17 16:31:46.880 D/logd    (    0): logdr: UID=0 GID=0 PID=30936 n tail=0 logMask=99 pid=0 start=0ns timeout=0ns
01-17 16:31:47.084 D/logd    (    0): logdr: UID=0 GID=0 PID=30939 n tail=0 logMask=99 pid=0 start=0ns timeout=0ns
01-17 16:31:47.309 D/logd    (    0): logdr: UID=0 GID=0 PID=30942 n tail=0 logMask=99 pid=0 start=0ns timeout=0ns
01-17 16:31:47.524 D/logd    (    0): logdr: UID=0 GID=0 PID=30945 n tail=0 logMask=99 pid=0 start=0ns timeout=0ns
01-17 16:31:47.675 I/init    (    0): starting service 'qccsyshalservice'...
01-17 16:31:47.713 I/init    (    0): starting service 'qccvndhalservice'...
01-17 16:31:47.738 D/logd    (    0): logdr: UID=0 GID=0 PID=30948 n tail=0 logMask=99 pid=0 start=0ns timeout=0ns
01-17 16:31:47.750 I/init    (    0): starting service 'smartmu'...
01-17 16:31:47.767 I/qccsyshalservice(30950): Start with system binder
01-17 16:31:47.768 I/qccsyshalservice(30950): Registering qccsyshal service...
01-17 16:31:47.771 I/hwservicemanager(  512): getTransport: Cannot find entry vendor.qti.hardware.qccsyshal@1.0::IQccsyshal/qccsyshal in either framework or device manifest.
01-17 16:31:47.773 E/HidlServiceManagement(30950): Service vendor.qti.hardware.qccsyshal@1.0::IQccsyshal/qccsyshal must be in VINTF manifest in order to register/get.
01-17 16:31:47.773 E/qccsyshalservice(30950): [ERROR] registerAsService() failed with status: -2147483648
01-17 16:31:47.796 I/init    (    0): Service 'qccsyshalservice' (pid 30950) exited with status 1
01-17 16:31:47.796 I/init    (    0): Sending signal 9 to service 'qccsyshalservice' (pid 30950) process group...
01-17 16:31:47.797 I/libprocessgroup(    0): Successfully killed process cgroup uid 1000 pid 30950 in 0ms
01-17 16:31:47.826 I/vendor.qti.hardware.qccvndhal@1.0-service(30951): Start with vendor binder
01-17 16:31:47.828 I/vendor.qti.hardware.qccvndhal@1.0-service(30951): Registering qccvndhal service...
01-17 16:31:47.831 I/hwservicemanager(  512): getTransport: Cannot find entry vendor.qti.hardware.qccvndhal@1.0::IQccvndhal/qccvndhal in either framework or device manifest.
01-17 16:31:47.832 E/HidlServiceManagement(30951): Service vendor.qti.hardware.qccvndhal@1.0::IQccvndhal/qccvndhal must be in VINTF manifest in order to register/get.
01-17 16:31:47.833 E/vendor.qti.hardware.qccvndhal@1.0-service(30951): [ERROR] registerAsService() failed with status: -2147483648
01-17 16:31:47.854 I/init    (    0): Service 'qccvndhalservice' (pid 30951) exited with status 1
01-17 16:31:47.855 I/init    (    0): Sending signal 9 to service 'qccvndhalservice' (pid 30951) process group...
01-17 16:31:47.856 I/libprocessgroup(    0): Successfully killed process cgroup uid 1000 pid 30951 in 1ms
01-17 16:31:47.873 D/SMARTMU (30953): #(30953) [ main.cpp : 25] SmartMU Version , 
01-17 16:31:47.875 E/AsymmetricDecrypt(30953): [AsymmetricDecrypt::acquireKeyFile] KeyPath - /system/vendor/keys/TC52AXANF/proxyframework 
01-17 16:31:47.879 E/AsymmetricDecrypt(30953): [AsymmetricDecrypt::ObtainSeedText] Buffer - Zebra Technologies/TC52AXANF/TC52AX/proxyframework 
01-17 16:31:47.879 E/AsymmetricDecrypt(30953): [AsymmetricDecrypt::NativeAuthenticate] Authentication failed. zDecodedText returned by ReadAndDecodeEncryptedText = Zebra Technologies/TC52AX/TC52AX/proxyframework, zBuf returned by ObtainSeedText = Zebra Technologies/TC52AXANF/TC52AX/proxyframework
01-17 16:31:47.880 D/SMARTMU (30953): #(30953) [ main.cpp : 31] Authentication failed
01-17 16:31:47.906 I/init    (    0): Service 'smartmu' (pid 30953) exited with status 0
01-17 16:31:47.978 D/logd    (    0): logdr: UID=0 GID=0 PID=30954 n tail=0 logMask=99 pid=0 start=0ns timeout=0ns
01-17 16:31:48.204 D/logd    (    0): logdr: UID=0 GID=0 PID=30958 n tail=0 logMask=99 pid=0 start=0ns timeout=0ns
01-17 16:31:48.424 D/logd    (    0): logdr: UID=0 GID=0 PID=30961 n tail=0 logMask=99 pid=0 start=0ns timeout=0ns
01-17 16:31:51.573 D/logd    (    0): logdr: UID=0 GID=0 PID=31005 n tail=0 logMask=99 pid=0 start=0ns timeout=0ns
01-17 16:31:51.810 D/logd    (    0): logdr: UID=0 GID=0 PID=31008 n tail=0 logMask=99 pid=0 start=0ns timeout=0ns
01-17 16:31:52.050 D/logd    (    0): logdr: UID=0 GID=0 PID=31011 n tail=0 logMask=99 pid=0 start=0ns timeout=0ns
01-17 16:31:52.166 I/IRQ 6   (    0): no longer affine to CPU6
01-17 16:31:52.290 D/logd    (    0): logdr: UID=0 GID=0 PID=31014 n tail=0 logMask=99 pid=0 start=0ns timeout=0ns
01-17 16:31:52.510 D/logd    (    0): logdr: UID=0 GID=0 PID=31017 n tail=0 logMask=99 pid=0 start=0ns timeout=0ns
01-17 16:31:52.709 I/init    (    0): starting service 'qccsyshalservice'...
01-17 16:31:52.743 I/init    (    0): starting service 'qccvndhalservice'...
01-17 16:31:52.766 D/logd    (    0): logdr: UID=0 GID=0 PID=31020 n tail=0 logMask=99 pid=0 start=0ns timeout=0ns
01-17 16:31:52.778 I/init    (    0): starting service 'smartmu'...
01-17 16:31:52.796 I/qccsyshalservice(31022): Start with system binder
01-17 16:31:52.797 I/qccsyshalservice(31022): Registering qccsyshal service...
01-17 16:31:52.800 I/hwservicemanager(  512): getTransport: Cannot find entry vendor.qti.hardware.qccsyshal@1.0::IQccsyshal/qccsyshal in either framework or device manifest.
01-17 16:31:52.801 E/HidlServiceManagement(31022): Service vendor.qti.hardware.qccsyshal@1.0::IQccsyshal/qccsyshal must be in VINTF manifest in order to register/get.
01-17 16:31:52.801 E/qccsyshalservice(31022): [ERROR] registerAsService() failed with status: -2147483648
01-17 16:31:52.830 I/init    (    0): Service 'qccsyshalservice' (pid 31022) exited with status 1
01-17 16:31:52.830 I/init    (    0): Sending signal 9 to service 'qccsyshalservice' (pid 31022) process group...
01-17 16:31:52.831 I/libprocessgroup(    0): Successfully killed process cgroup uid 1000 pid 31022 in 0ms
01-17 16:31:52.839 I/vendor.qti.hardware.qccvndhal@1.0-service(31023): Start with vendor binder
01-17 16:31:52.841 I/vendor.qti.hardware.qccvndhal@1.0-service(31023): Registering qccvndhal service...
01-17 16:31:52.846 I/hwservicemanager(  512): getTransport: Cannot find entry vendor.qti.hardware.qccvndhal@1.0::IQccvndhal/qccvndhal in either framework or device manifest.
01-17 16:31:52.847 E/HidlServiceManagement(31023): Service vendor.qti.hardware.qccvndhal@1.0::IQccvndhal/qccvndhal must be in VINTF manifest in order to register/get.
01-17 16:31:52.847 E/vendor.qti.hardware.qccvndhal@1.0-service(31023): [ERROR] registerAsService() failed with status: -2147483648
01-17 16:31:52.870 I/init    (    0): Service 'qccvndhalservice' (pid 31023) exited with status 1
01-17 16:31:52.870 I/init    (    0): Sending signal 9 to service 'qccvndhalservice' (pid 31023) process group...
01-17 16:31:52.871 I/libprocessgroup(    0): Successfully killed process cgroup uid 1000 pid 31023 in 0ms
01-17 16:31:52.908 D/SMARTMU (31025): #(31025) [ main.cpp : 25] SmartMU Version , 
01-17 16:31:52.911 E/AsymmetricDecrypt(31025): [AsymmetricDecrypt::acquireKeyFile] KeyPath - /system/vendor/keys/TC52AXANF/proxyframework 
01-17 16:31:52.915 E/AsymmetricDecrypt(31025): [AsymmetricDecrypt::ObtainSeedText] Buffer - Zebra Technologies/TC52AXANF/TC52AX/proxyframework 
01-17 16:31:52.915 E/AsymmetricDecrypt(31025): [AsymmetricDecrypt::NativeAuthenticate] Authentication failed. zDecodedText returned by ReadAndDecodeEncryptedText = Zebra Technologies/TC52AX/TC52AX/proxyframework, zBuf returned by ObtainSeedText = Zebra Technologies/TC52AXANF/TC52AX/proxyframework
01-17 16:31:52.915 D/SMARTMU (31025): #(31025) [ main.cpp : 31] Authentication failed
01-17 16:31:52.943 I/init    (    0): Service 'smartmu' (pid 31025) exited with status 0
01-17 16:31:53.008 D/logd    (    0): logdr: UID=0 GID=0 PID=31026 n tail=0 logMask=99 pid=0 start=0ns timeout=0ns
01-17 16:31:53.225 D/logd    (    0): logdr: UID=0 GID=0 PID=31030 n tail=0 logMask=99 pid=0 start=0ns timeout=0ns
01-17 16:31:53.446 D/logd    (    0): logdr: UID=0 GID=0 PID=31033 n tail=0 logMask=99 pid=0 start=0ns timeout=0ns
01-17 16:31:53.667 D/logd    (    0): logdr: UID=0 GID=0 PID=31036 n tail=0 logMask=99 pid=0 start=0ns timeout=0ns
01-17 16:31:56.701 D/logd    (    0): logdr: UID=0 GID=0 PID=31079 n tail=0 logMask=99 pid=0 start=0ns timeout=0ns
01-17 16:31:56.924 D/logd    (    0): logdr: UID=0 GID=0 PID=31082 n tail=0 logMask=99 pid=0 start=0ns timeout=0ns
01-17 16:31:57.135 D/logd    (    0): logdr: UID=0 GID=0 PID=31085 n tail=0 logMask=99 pid=0 start=0ns timeout=0ns
01-17 16:31:57.357 D/logd    (    0): logdr: UID=0 GID=0 PID=31088 n tail=0 logMask=99 pid=0 start=0ns timeout=0ns
01-17 16:31:57.577 D/logd    (    0): logdr: UID=0 GID=0 PID=31091 n tail=0 logMask=99 pid=0 start=0ns timeout=0ns
01-17 16:31:57.740 I/init    (    0): starting service 'qccsyshalservice'...
01-17 16:31:57.776 I/init    (    0): starting service 'qccvndhalservice'...
01-17 16:31:57.793 D/logd    (    0): logdr: UID=0 GID=0 PID=31094 n tail=0 logMask=99 pid=0 start=0ns timeout=0ns
01-17 16:31:57.805 I/init    (    0): starting service 'smartmu'...
01-17 16:31:57.832 I/qccsyshalservice(31096): Start with system binder
01-17 16:31:57.834 I/qccsyshalservice(31096): Registering qccsyshal service...
01-17 16:31:57.836 I/hwservicemanager(  512): getTransport: Cannot find entry vendor.qti.hardware.qccsyshal@1.0::IQccsyshal/qccsyshal in either framework or device manifest.
01-17 16:31:57.838 E/HidlServiceManagement(31096): Service vendor.qti.hardware.qccsyshal@1.0::IQccsyshal/qccsyshal must be in VINTF manifest in order to register/get.
01-17 16:31:57.838 E/qccsyshalservice(31096): [ERROR] registerAsService() failed with status: -2147483648
01-17 16:31:57.863 I/init    (    0): Service 'qccsyshalservice' (pid 31096) exited with status 1
01-17 16:31:57.863 I/init    (    0): Sending signal 9 to service 'qccsyshalservice' (pid 31096) process group...
01-17 16:31:57.864 I/libprocessgroup(    0): Successfully killed process cgroup uid 1000 pid 31096 in 0ms
01-17 16:31:57.855 I/vendor.qti.hardware.qccvndhal@1.0-service(31098): Start with vendor binder
01-17 16:31:57.856 I/vendor.qti.hardware.qccvndhal@1.0-service(31098): Registering qccvndhal service...
01-17 16:31:57.858 I/hwservicemanager(  512): getTransport: Cannot find entry vendor.qti.hardware.qccvndhal@1.0::IQccvndhal/qccvndhal in either framework or device manifest.
01-17 16:31:57.859 E/HidlServiceManagement(31098): Service vendor.qti.hardware.qccvndhal@1.0::IQccvndhal/qccvndhal must be in VINTF manifest in order to register/get.
01-17 16:31:57.859 E/vendor.qti.hardware.qccvndhal@1.0-service(31098): [ERROR] registerAsService() failed with status: -2147483648
01-17 16:31:57.878 I/init    (    0): Service 'qccvndhalservice' (pid 31098) exited with status 1
01-17 16:31:57.878 I/init    (    0): Sending signal 9 to service 'qccvndhalservice' (pid 31098) process group...
01-17 16:31:57.878 I/libprocessgroup(    0): Successfully killed process cgroup uid 1000 pid 31098 in 0ms
01-17 16:31:57.895 D/SMARTMU (31099): #(31099) [ main.cpp : 25] SmartMU Version , 
01-17 16:31:57.897 E/AsymmetricDecrypt(31099): [AsymmetricDecrypt::acquireKeyFile] KeyPath - /system/vendor/keys/TC52AXANF/proxyframework 
01-17 16:31:57.900 E/AsymmetricDecrypt(31099): [AsymmetricDecrypt::ObtainSeedText] Buffer - Zebra Technologies/TC52AXANF/TC52AX/proxyframework 
01-17 16:31:57.900 E/AsymmetricDecrypt(31099): [AsymmetricDecrypt::NativeAuthenticate] Authentication failed. zDecodedText returned by ReadAndDecodeEncryptedText = Zebra Technologies/TC52AX/TC52AX/proxyframework, zBuf returned by ObtainSeedText = Zebra Technologies/TC52AXANF/TC52AX/proxyframework
01-17 16:31:57.900 D/SMARTMU (31099): #(31099) [ main.cpp : 31] Authentication failed
01-17 16:31:57.926 I/init    (    0): Service 'smartmu' (pid 31099) exited with status 0
01-17 16:31:57.986 I/IRQ 6   (    0): no longer affine to CPU5
01-17 16:31:58.026 D/logd    (    0): logdr: UID=0 GID=0 PID=31101 n tail=0 logMask=99 pid=0 start=0ns timeout=0ns
01-17 16:31:58.241 D/logd    (    0): logdr: UID=0 GID=0 PID=31104 n tail=0 logMask=99 pid=0 start=0ns timeout=0ns
01-17 16:31:58.454 D/logd    (    0): logdr: UID=0 GID=0 PID=31107 n tail=0 logMask=99 pid=0 start=0ns timeout=0ns
01-17 16:31:58.674 D/logd    (    0): logdr: UID=0 GID=0 PID=31110 n tail=0 logMask=99 pid=0 start=0ns timeout=0ns
01-17 16:31:59.226 I/IRQ 6   (    0): no longer affine to CPU5
01-17 16:32:00.003 D/KeyguardUpdateMonitor( 1897): received broadcast android.intent.action.TIME_TICK
01-17 16:32:00.004 D/KeyguardUpdateMonitor( 1897): handleTimeUpdate
01-17 16:32:00.007 D/KeyguardClockSwitch( 1897): Updating clock: 432
01-17 16:32:00.014 D/CompatibilityInfo( 1670): mCompatibilityFlags - 0
01-17 16:32:00.014 D/CompatibilityInfo( 1670): applicationDensity - 480
01-17 16:32:00.015 D/CompatibilityInfo( 1670): applicationScale - 1.0
01-17 16:32:00.043 D/KeyguardUpdateMonitor( 1897): received broadcast android.intent.action.TIME_TICK
01-17 16:32:00.051 D/KeyguardUpdateMonitor( 1897): handleTimeUpdate
01-17 16:32:00.052 D/KeyguardClockSwitch( 1897): Updating clock: 432
01-17 16:32:00.287 I/IRQ 6   (    0): no longer affine to CPU6
01-17 16:32:00.546 I/IRQ 6   (    0): no longer affine to CPU5
01-17 16:32:01.709 D/logd    (    0): logdr: UID=0 GID=0 PID=31154 n tail=0 logMask=99 pid=0 start=0ns timeout=0ns
01-17 16:32:01.859 W/healthd (    0): battery l=77 v=3757 t=47.0 h=2 st=2 c=-667968 fc=4008000 cc=2 chg=u
01-17 16:32:01.874 D/BatteryService( 1670): level : 77 / status : 2/Health : 2/Decommission : 0
01-17 16:32:01.879 D/BatterySwapServ( 3346): onReceive BATTERY_CHANGED
01-17 16:32:01.880 D/BatterySwapServ( 3346): battery changed: present=true level=77 plugType=2 shutdownLevel=4 batteryType = 201 serialnumber =T6560
01-17 16:32:01.881 W/ContextImpl( 3183): Calling a method in the system process without a qualified user: android.app.ContextImpl.startService:1669 android.content.ContextWrapper.startService:720 com.symbol.batterymanager.model.BatteryManagerReceiver.startBatteryApplicationService:81 com.symbol.batterymanager.model.BatteryManagerReceiver.onReceive:47 android.app.LoadedApk$ReceiverDispatcher$Args.lambda$getRunnable$0$LoadedApk$ReceiverDispatcher$Args:1580 
01-17 16:32:01.881 D/UsbCradleMode( 5272): onReceive:Battery change, status:2
01-17 16:32:01.881 D/HighTemperatureReceiver( 4883): Receive action: android.intent.action.BATTERY_CHANGED
01-17 16:32:01.882 D/com.symbol.dataanalytics.a.a.d.b( 4979): Received battery event
01-17 16:32:01.882 D/com.symbol.dataanalytics.a.a.d.b( 4979): BatteryFactory event action = android.intent.action.BATTERY_CHANGED
01-17 16:32:01.885 V/BatteryApplicationService( 3183): BatteryType  201
01-17 16:32:01.900 D/KeyguardUpdateMonitor( 1897): received broadcast android.intent.action.BATTERY_CHANGED
01-17 16:32:01.904 D/KeyguardUpdateMonitor( 1897): handleBatteryUpdate
01-17 16:32:01.908 W/healthd (    0): battery l=77 v=3757 t=47.0 h=2 st=2 c=-667968 fc=4008000 cc=2 chg=u
01-17 16:32:01.927 D/logd    (    0): logdr: UID=0 GID=0 PID=31157 n tail=0 logMask=99 pid=0 start=0ns timeout=0ns
01-17 16:32:01.931 W/healthd (    0): battery l=77 v=3755 t=47.0 h=2 st=2 c=-688476 fc=4008000 cc=2 chg=u
01-17 16:32:01.934 D/BatteryService( 1670): level : 77 / status : 2/Health : 2/Decommission : 0
01-17 16:32:01.936 D/BatterySwapServ( 3346): onReceive BATTERY_CHANGED
01-17 16:32:01.936 D/HighTemperatureReceiver( 4883): Receive action: android.intent.action.BATTERY_CHANGED
01-17 16:32:01.936 D/BatterySwapServ( 3346): battery changed: present=true level=77 plugType=2 shutdownLevel=4 batteryType = 201 serialnumber =T6560
01-17 16:32:01.937 W/ContextImpl( 3183): Calling a method in the system process without a qualified user: android.app.ContextImpl.startService:1669 android.content.ContextWrapper.startService:720 com.symbol.batterymanager.model.BatteryManagerReceiver.startBatteryApplicationService:81 com.symbol.batterymanager.model.BatteryManagerReceiver.onReceive:47 android.app.LoadedApk$ReceiverDispatcher$Args.lambda$getRunnable$0$LoadedApk$ReceiverDispatcher$Args:1580 
01-17 16:32:01.937 D/com.symbol.dataanalytics.a.a.d.b( 4979): Received battery event
01-17 16:32:01.937 D/com.symbol.dataanalytics.a.a.d.b( 4979): BatteryFactory event action = android.intent.action.BATTERY_CHANGED
01-17 16:32:01.938 D/UsbCradleMode( 5272): onReceive:Battery change, status:2
01-17 16:32:01.939 V/BatteryApplicationService( 3183): BatteryType  201
01-17 16:32:01.944 D/BatteryService( 1670): level : 77 / status : 2/Health : 2/Decommission : 0
01-17 16:32:01.947 D/BatterySwapServ( 3346): onReceive BATTERY_CHANGED
01-17 16:32:01.947 D/BatterySwapServ( 3346): battery changed: present=true level=77 plugType=2 shutdownLevel=4 batteryType = 201 serialnumber =T6560
01-17 16:32:01.947 D/HighTemperatureReceiver( 4883): Receive action: android.intent.action.BATTERY_CHANGED
01-17 16:32:01.947 W/ContextImpl( 3183): Calling a method in the system process without a qualified user: android.app.ContextImpl.startService:1669 android.content.ContextWrapper.startService:720 com.symbol.batterymanager.model.BatteryManagerReceiver.startBatteryApplicationService:81 com.symbol.batterymanager.model.BatteryManagerReceiver.onReceive:47 android.app.LoadedApk$ReceiverDispatcher$Args.lambda$getRunnable$0$LoadedApk$ReceiverDispatcher$Args:1580 
01-17 16:32:01.948 D/com.symbol.dataanalytics.a.a.d.b( 4979): Received battery event
01-17 16:32:01.948 D/com.symbol.dataanalytics.a.a.d.b( 4979): BatteryFactory event action = android.intent.action.BATTERY_CHANGED
01-17 16:32:01.949 D/UsbCradleMode( 5272): onReceive:Battery change, status:2
01-17 16:32:01.949 V/BatteryApplicationService( 3183): BatteryType  201
01-17 16:32:01.951 D/OSUService( 3114): dev-dbg:is_charging current_now -688476, batteryLevel: 77, isCharging(isCharging): true
01-17 16:32:01.951 D/OSUService( 3114): dev-dbg:is_charging ADAPTER_CHARGE_LIMIIT 500000
01-17 16:32:01.951 D/OSUService( 3114): dev-dbg:is_charging current_now > ADAPTER_CHARGE_LIMIIT false
01-17 16:32:01.951 D/OSUService( 3114): dev-dbg:is_charging conditionCheck false
01-17 16:32:01.951 D/OSUService( 3114): dev-dbg: battery change intent batteryLevel: 77, is_charging(context): true, STATE: 1
01-17 16:32:01.954 D/KeyguardUpdateMonitor( 1897): received broadcast android.intent.action.BATTERY_CHANGED
01-17 16:32:01.966 D/KeyguardUpdateMonitor( 1897): received broadcast android.intent.action.BATTERY_CHANGED
01-17 16:32:01.966 D/KeyguardUpdateMonitor( 1897): handleBatteryUpdate
01-17 16:32:01.980 D/KeyguardUpdateMonitor( 1897): handleBatteryUpdate
01-17 16:32:02.016 D/OSUService( 3114): dev-dbg:is_charging current_now -688476, batteryLevel: 77, isCharging(isCharging): true
01-17 16:32:02.016 D/OSUService( 3114): dev-dbg:is_charging ADAPTER_CHARGE_LIMIIT 500000
01-17 16:32:02.016 D/OSUService( 3114): dev-dbg:is_charging current_now > ADAPTER_CHARGE_LIMIIT false
01-17 16:32:02.017 D/OSUService( 3114): dev-dbg:is_charging conditionCheck false
01-17 16:32:02.017 D/OSUService( 3114): dev-dbg: calling for resume
01-17 16:32:02.017 I/OSUService( 3114): handle_ab_resume -1 3
01-17 16:32:02.017 I/OSUService( 3114): handle_ab_resume state 1 last_state 0
01-17 16:32:02.017 E/OSUService( 3114): Can't resume - there are no update in suspended state
01-17 16:32:02.017 D/OSUService( 3114): dev-dbg: battery change intent finished
01-17 16:32:02.054 D/OSUService( 3114): dev-dbg:is_charging current_now -688476, batteryLevel: 77, isCharging(isCharging): true
01-17 16:32:02.054 D/OSUService( 3114): dev-dbg:is_charging ADAPTER_CHARGE_LIMIIT 500000
01-17 16:32:02.054 D/OSUService( 3114): dev-dbg:is_charging current_now > ADAPTER_CHARGE_LIMIIT false
01-17 16:32:02.054 D/OSUService( 3114): dev-dbg:is_charging conditionCheck false
01-17 16:32:02.054 D/OSUService( 3114): dev-dbg: battery change intent batteryLevel: 77, is_charging(context): true, STATE: 1
01-17 16:32:02.095 D/OSUService( 3114): dev-dbg:is_charging current_now -688476, batteryLevel: 77, isCharging(isCharging): true
01-17 16:32:02.095 D/OSUService( 3114): dev-dbg:is_charging ADAPTER_CHARGE_LIMIIT 500000
01-17 16:32:02.095 D/OSUService( 3114): dev-dbg:is_charging current_now > ADAPTER_CHARGE_LIMIIT false
01-17 16:32:02.095 D/OSUService( 3114): dev-dbg:is_charging conditionCheck false
01-17 16:32:02.095 D/OSUService( 3114): dev-dbg: calling for resume
01-17 16:32:02.095 I/OSUService( 3114): handle_ab_resume -1 3
01-17 16:32:02.095 I/OSUService( 3114): handle_ab_resume state 1 last_state 0
01-17 16:32:02.095 E/OSUService( 3114): Can't resume - there are no update in suspended state
01-17 16:32:02.095 D/OSUService( 3114): dev-dbg: battery change intent finished
01-17 16:32:02.097 D/OSUService( 3114): dev-dbg:is_charging current_now -688476, batteryLevel: 77, isCharging(isCharging): true
01-17 16:32:02.098 D/OSUService( 3114): dev-dbg:is_charging ADAPTER_CHARGE_LIMIIT 500000
01-17 16:32:02.098 D/OSUService( 3114): dev-dbg:is_charging current_now > ADAPTER_CHARGE_LIMIIT false
01-17 16:32:02.098 D/OSUService( 3114): dev-dbg:is_charging conditionCheck false
01-17 16:32:02.098 D/OSUService( 3114): dev-dbg: battery change intent batteryLevel: 77, is_charging(context): true, STATE: 1
01-17 16:32:02.099 D/OSUService( 3114): dev-dbg:is_charging current_now -688476, batteryLevel: 77, isCharging(isCharging): true
01-17 16:32:02.100 D/OSUService( 3114): dev-dbg:is_charging ADAPTER_CHARGE_LIMIIT 500000
01-17 16:32:02.100 D/OSUService( 3114): dev-dbg:is_charging current_now > ADAPTER_CHARGE_LIMIIT false
01-17 16:32:02.100 D/OSUService( 3114): dev-dbg:is_charging conditionCheck false
01-17 16:32:02.100 D/OSUService( 3114): dev-dbg: calling for resume
01-17 16:32:02.100 I/OSUService( 3114): handle_ab_resume -1 3
01-17 16:32:02.100 I/OSUService( 3114): handle_ab_resume state 1 last_state 0
01-17 16:32:02.100 E/OSUService( 3114): Can't resume - there are no update in suspended state
01-17 16:32:02.100 D/OSUService( 3114): dev-dbg: battery change intent finished
01-17 16:32:02.054 I/chatty  (    0): uid=0(root) logd identical 6 lines
01-17 16:32:02.073 W/healthd (    0): battery l=77 v=3755 t=47.0 h=2 st=2 c=-688476 fc=4008000 cc=2 chg=u
01-17 16:32:02.145 D/logd    (    0): logdr: UID=0 GID=0 PID=31160 n tail=0 logMask=99 pid=0 start=0ns timeout=0ns
01-17 16:32:02.357 D/logd    (    0): logdr: UID=0 GID=0 PID=31163 n tail=0 logMask=99 pid=0 start=0ns timeout=0ns
01-17 16:32:02.577 D/logd    (    0): logdr: UID=0 GID=0 PID=31166 n tail=0 logMask=99 pid=0 start=0ns timeout=0ns
01-17 16:32:02.774 I/init    (    0): starting service 'qccsyshalservice'...
01-17 16:32:02.798 D/logd    (    0): logdr: UID=0 GID=0 PID=31169 n tail=0 logMask=99 pid=0 start=0ns timeout=0ns
01-17 16:32:02.826 I/init    (    0): starting service 'qccvndhalservice'...
01-17 16:32:02.857 I/init    (    0): starting service 'smartmu'...
01-17 16:32:02.896 I/qccsyshalservice(31172): Start with system binder
01-17 16:32:02.897 I/qccsyshalservice(31172): Registering qccsyshal service...
01-17 16:32:02.901 I/hwservicemanager(  512): getTransport: Cannot find entry vendor.qti.hardware.qccsyshal@1.0::IQccsyshal/qccsyshal in either framework or device manifest.
01-17 16:32:02.901 E/HidlServiceManagement(31172): Service vendor.qti.hardware.qccsyshal@1.0::IQccsyshal/qccsyshal must be in VINTF manifest in order to register/get.
01-17 16:32:02.901 E/qccsyshalservice(31172): [ERROR] registerAsService() failed with status: -2147483648
01-17 16:32:02.928 I/init    (    0): Service 'qccsyshalservice' (pid 31172) exited with status 1
01-17 16:32:02.928 I/init    (    0): Sending signal 9 to service 'qccsyshalservice' (pid 31172) process group...
01-17 16:32:02.928 I/libprocessgroup(    0): Successfully killed process cgroup uid 1000 pid 31172 in 0ms
01-17 16:32:02.938 I/vendor.qti.hardware.qccvndhal@1.0-service(31173): Start with vendor binder
01-17 16:32:02.939 I/vendor.qti.hardware.qccvndhal@1.0-service(31173): Registering qccvndhal service...
01-17 16:32:02.943 I/hwservicemanager(  512): getTransport: Cannot find entry vendor.qti.hardware.qccvndhal@1.0::IQccvndhal/qccvndhal in either framework or device manifest.
01-17 16:32:02.946 E/HidlServiceManagement(31173): Service vendor.qti.hardware.qccvndhal@1.0::IQccvndhal/qccvndhal must be in VINTF manifest in order to register/get.
01-17 16:32:02.946 E/vendor.qti.hardware.qccvndhal@1.0-service(31173): [ERROR] registerAsService() failed with status: -2147483648
01-17 16:32:02.974 I/init    (    0): Service 'qccvndhalservice' (pid 31173) exited with status 1
01-17 16:32:02.974 I/init    (    0): Sending signal 9 to service 'qccvndhalservice' (pid 31173) process group...
01-17 16:32:02.975 I/libprocessgroup(    0): Successfully killed process cgroup uid 1000 pid 31173 in 0ms
01-17 16:32:02.967 D/SMARTMU (31174): #(31174) [ main.cpp : 25] SmartMU Version , 
01-17 16:32:02.968 E/AsymmetricDecrypt(31174): [AsymmetricDecrypt::acquireKeyFile] KeyPath - /system/vendor/keys/TC52AXANF/proxyframework 
01-17 16:32:02.970 E/AsymmetricDecrypt(31174): [AsymmetricDecrypt::ObtainSeedText] Buffer - Zebra Technologies/TC52AXANF/TC52AX/proxyframework 
01-17 16:32:02.970 E/AsymmetricDecrypt(31174): [AsymmetricDecrypt::NativeAuthenticate] Authentication failed. zDecodedText returned by ReadAndDecodeEncryptedText = Zebra Technologies/TC52AX/TC52AX/proxyframework, zBuf returned by ObtainSeedText = Zebra Technologies/TC52AXANF/TC52AX/proxyframework
01-17 16:32:02.971 D/SMARTMU (31174): #(31174) [ main.cpp : 31] Authentication failed
01-17 16:32:02.984 D/logd    (    0): logdr: UID=0 GID=0 PID=31175 n tail=0 logMask=99 pid=0 start=0ns timeout=0ns
01-17 16:32:02.994 I/init    (    0): Service 'smartmu' (pid 31174) exited with status 0
01-17 16:32:03.107 I/IRQ 6   (    0): no longer affine to CPU5
01-17 16:32:03.200 D/logd    (    0): logdr: UID=0 GID=0 PID=31179 n tail=0 logMask=99 pid=0 start=0ns timeout=0ns
01-17 16:32:03.437 D/logd    (    0): logdr: UID=0 GID=0 PID=31182 n tail=0 logMask=99 pid=0 start=0ns timeout=0ns
01-17 16:32:03.606 I/IRQ 6   (    0): no longer affine to CPU5
01-17 16:32:03.681 D/logd    (    0): logdr: UID=0 GID=0 PID=31185 n tail=0 logMask=99 pid=0 start=0ns timeout=0ns
01-17 16:32:04.163 D/BatteryService( 1670): level : 77 / status : 2/Health : 2/Decommission : 0
01-17 16:32:04.166 D/BatterySwapServ( 3346): onReceive BATTERY_CHANGED
01-17 16:32:04.166 D/BatterySwapServ( 3346): battery changed: present=true level=77 plugType=2 shutdownLevel=4 batteryType = 201 serialnumber =T6560
01-17 16:32:04.167 W/ContextImpl( 3183): Calling a method in the system process without a qualified user: android.app.ContextImpl.startService:1669 android.content.ContextWrapper.startService:720 com.symbol.batterymanager.model.BatteryManagerReceiver.startBatteryApplicationService:81 com.symbol.batterymanager.model.BatteryManagerReceiver.onReceive:47 android.app.LoadedApk$ReceiverDispatcher$Args.lambda$getRunnable$0$LoadedApk$ReceiverDispatcher$Args:1580 
01-17 16:32:04.168 D/com.symbol.dataanalytics.a.a.d.b( 4979): Received battery event
01-17 16:32:04.168 D/com.symbol.dataanalytics.a.a.d.b( 4979): BatteryFactory event action = android.intent.action.BATTERY_CHANGED
01-17 16:32:04.168 D/HighTemperatureReceiver( 4883): Receive action: android.intent.action.BATTERY_CHANGED
01-17 16:32:04.169 D/UsbCradleMode( 5272): onReceive:Battery change, status:2
01-17 16:32:04.171 D/OSUService( 3114): dev-dbg:is_charging current_now -298827, batteryLevel: 77, isCharging(isCharging): true
01-17 16:32:04.171 D/OSUService( 3114): dev-dbg:is_charging ADAPTER_CHARGE_LIMIIT 500000
01-17 16:32:04.171 D/OSUService( 3114): dev-dbg:is_charging current_now > ADAPTER_CHARGE_LIMIIT false
01-17 16:32:04.171 D/OSUService( 3114): dev-dbg:is_charging conditionCheck false
01-17 16:32:04.172 D/OSUService( 3114): dev-dbg: battery change intent batteryLevel: 77, is_charging(context): true, STATE: 1
01-17 16:32:04.173 V/BatteryApplicationService( 3183): BatteryType  201
01-17 16:32:04.174 D/OSUService( 3114): dev-dbg:is_charging current_now -298827, batteryLevel: 77, isCharging(isCharging): true
01-17 16:32:04.174 D/OSUService( 3114): dev-dbg:is_charging ADAPTER_CHARGE_LIMIIT 500000
01-17 16:32:04.174 D/OSUService( 3114): dev-dbg:is_charging current_now > ADAPTER_CHARGE_LIMIIT false
01-17 16:32:04.174 D/OSUService( 3114): dev-dbg:is_charging conditionCheck false
01-17 16:32:04.174 D/OSUService( 3114): dev-dbg: calling for resume
01-17 16:32:04.174 I/OSUService( 3114): handle_ab_resume -1 3
01-17 16:32:04.174 I/OSUService( 3114): handle_ab_resume state 1 last_state 0
01-17 16:32:04.174 E/OSUService( 3114): Can't resume - there are no update in suspended state
01-17 16:32:04.174 D/OSUService( 3114): dev-dbg: battery change intent finished
01-17 16:32:04.180 D/KeyguardUpdateMonitor( 1897): received broadcast android.intent.action.BATTERY_CHANGED
01-17 16:32:04.186 D/KeyguardUpdateMonitor( 1897): handleBatteryUpdate
01-17 16:32:04.526 I/IRQ 6   (    0): no longer affine to CPU6
01-17 16:32:05.426 I/chatty  (    0): uid=0(root) logd identical 1 line
01-17 16:32:06.386 I/IRQ 6   (    0): no longer affine to CPU6
01-17 16:32:06.758 D/logd    (    0): logdr: UID=0 GID=0 PID=31224 n tail=0 logMask=99 pid=0 start=0ns timeout=0ns
01-17 16:32:07.002 D/logd    (    0): logdr: UID=0 GID=0 PID=31227 n tail=0 logMask=99 pid=0 start=0ns timeout=0ns
