06-02 21:27:11.716 D/ACDB-LOADER(  706): ACDB -> ACDB_AVSYNC_INFO: ACDB_CMD_GET_DEVICE_PROPERTY
06-02 21:27:11.717 D/audio_hw_primary(  706): enable_audio_route: apply mixer and update path: low-latency-playback
06-02 21:27:11.717 D/audio_route(  706): Apply path: low-latency-playback
06-02 21:27:11.719 D/SDL_SCAN( 7609): CODE
06-02 21:27:11.719 D/SDL_SCAN( 7609): Scan_Complete
06-02 21:27:11.734 E/mm-camera(  710): <SENSOR><ERROR> 4883: sensor_get_frame_duration: resolution is invalid, it seems stream has stopped.
06-02 21:27:11.734 E/mm-camera(  710): <SENSOR><ERROR> 884: sensor_fc_report_meta: Failed to get frame duration
06-02 21:27:11.735 E/mm-camera(  710): <SENSOR><ERROR> 4805: sensor_get_exposure_time: resolution is invalid, it seems stream has stopped.
06-02 21:27:11.735 E/mm-camera(  710): <SENSOR><ERROR> 904: sensor_fc_report_meta: Failed to get exposure time
06-02 21:27:11.736 E/mm-camera(  710): <STATS_AIS ><ERROR> 1316: dsps_process_response_gyro: Query request denied, error code = 5, QId_valid = 1, QueryId = 0x50a, AckNak_valid = 1, AckNak = 3
06-02 21:27:11.742 E/mm-camera(  710): <MCT   ><ERROR> 2722: mct_stream_process_bus_msg: Check the runing function blackjoe 
06-02 21:27:11.742 E/mm-camera(  710): <MCT   ><ERROR> 2755: mct_stream_process_bus_msg: isp_sof_bus_msg is 0xe8801330
06-02 21:27:11.742 E/mm-camera(  710): <MCT   ><ERROR> 2757: mct_stream_process_bus_msg: frameid is 6 hal_version is 3
06-02 21:27:11.742 E/mm-camera(  710): <MCT   ><ERROR> 2759: mct_stream_process_bus_msg: kstate_ptr is 0xe5a85a84, isp_kstate_ptr is 0xe9788000
06-02 21:27:11.743 E/mm-camera(  710): <MCT   ><ERROR> 2765: mct_stream_process_bus_msg: frame_id is 6
06-02 21:27:11.743 E/QCamera (  710): <MCI><ERROR> mm_stream_data_notify: 337: E, my_handle = 0x5300, fd = 68, state = 6 blackjoe
06-02 21:27:11.744 E/QCamera (  710): <MCI><ERROR> mm_stream_read_msm_frame: 1723: E, my_handle = 0x5300, fd = 68, state = 6 blackjoe
06-02 21:27:11.744 I/QCamera (  710): <MCI><INFO> mm_stream_read_msm_frame: 1770: VIDIOC_DQBUF buf_index 5, frame_idx 5, stream type 7, rc 0,queued: 17, buf_type = 0 flags = 8192 FD = 68 my_num 0 buf fd 92
06-02 21:27:11.744 E/QCamera (  710): <MCI><ERROR> mm_stream_read_msm_frame: 1790: X rc = 0
06-02 21:27:11.744 I/QCamera (  710): <MCI><INFO> mm_stream_handle_rcvd_buf: 220: E, my_handle = 0x5300, fd = 68, state = 6
06-02 21:27:11.744 I/QCamera (  710): <MCI><INFO> mm_stream_handle_rcvd_buf: 244: has cb and it is active by blackjoe
06-02 21:27:11.745 I/QCamera (  710): <MCI><INFO> mm_stream_dispatch_app_data: 415: E, my_handle = 0x5300, fd = 68, state = 6
06-02 21:27:11.745 I/QCamera (  710): <MCI><INFO> mm_stream_dispatch_app_data: 436: frame_sync.is_active = 0, is_cb_active = 1
06-02 21:27:11.745 I/QCamera (  710): <MCI><INFO> mm_stream_dispatch_app_data: 457: Enter callback by blackjoe
06-02 21:27:11.754 E/mm-camera(  710): <STATS_AIS ><ERROR> 1316: dsps_process_response_gyro: Query request denied, error code = 5, QId_valid = 1, QueryId = 0x60a, AckNak_valid = 1, AckNak = 3
06-02 21:27:11.779 D/msm8974_platform(  706): platform_set_channel_map mixer_ctl_name:Playback Channel Map13
06-02 21:27:11.730 E/        (    0): frame_src is 1 frame_id is 7 blackjoe
06-02 21:27:11.780 D/msm8974_platform(  706): platform_set_channel_map: set mapping(1 2 0 0 0 0 0 0) for channel:2
06-02 21:27:11.780 E/QCamera (  710): <MCI><ERROR> mm_stream_data_notify: 337: E, my_handle = 0x5401, fd = 78, state = 6 blackjoe
06-02 21:27:11.780 E/QCamera (  710): <MCI><ERROR> mm_stream_read_msm_frame: 1723: E, my_handle = 0x5401, fd = 78, state = 6 blackjoe
06-02 21:27:11.781 E/mm-camera(  710): <SENSOR><ERROR> 4883: sensor_get_frame_duration: resolution is invalid, it seems stream has stopped.
06-02 21:27:11.781 I/QCamera (  710): <MCI><INFO> mm_stream_read_msm_frame: 1770: VIDIOC_DQBUF buf_index 9, frame_idx 6, stream type 8, rc 0,queued: 3, buf_type = 0 flags = 8192 FD = 78 my_num 0 buf fd 134
06-02 21:27:11.781 E/mm-camera(  710): <SENSOR><ERROR> 884: sensor_fc_report_meta: Failed to get frame duration
06-02 21:27:11.781 E/QCamera (  710): <MCI><ERROR> mm_stream_read_msm_frame: 1790: X rc = 0
06-02 21:27:11.781 E/mm-camera(  710): <SENSOR><ERROR> 4805: sensor_get_exposure_time: resolution is invalid, it seems stream has stopped.
06-02 21:27:11.781 I/QCamera (  710): <MCI><INFO> mm_stream_handle_rcvd_buf: 220: E, my_handle = 0x5401, fd = 78, state = 6
06-02 21:27:11.781 E/mm-camera(  710): <SENSOR><ERROR> 904: sensor_fc_report_meta: Failed to get exposure time
06-02 21:27:11.781 I/QCamera (  710): <MCI><INFO> mm_stream_handle_rcvd_buf: 244: has cb and it is active by blackjoe
06-02 21:27:11.782 I/QCamera (  710): <MCI><INFO> mm_stream_dispatch_app_data: 415: E, my_handle = 0x5401, fd = 78, state = 6
06-02 21:27:11.782 I/QCamera (  710): <MCI><INFO> mm_stream_dispatch_app_data: 436: frame_sync.is_active = 0, is_cb_active = 1
06-02 21:27:11.782 I/QCamera (  710): <MCI><INFO> mm_stream_dispatch_app_data: 457: Enter callback by blackjoe
06-02 21:27:11.782 D/audio_hw_primary(  706): start_output_stream: stream_handle(0xef9c21a0) usecase(1: low-latency-playback) out_snd_device(2: speaker)             acdb_id(15) sample_rate(48000) channel_mask(0x3) app_type(69937)             audio_mode(0 : MODE_NORMAL) out_flags(0x6 : OUTPUT_FLAG_PRIMARY|OUTPUT_FLAG_FAST) out_devices(0x2 : OUT_SPEAKER) 
06-02 21:27:11.782 D/audio_hw_primary(  706): start_output_stream: exit
06-02 21:27:11.782 D/audio_hw_primary(  706): out_write: retry previous failed cal level set
06-02 21:27:11.782 D/ACDB-LOADER(  706): ACDB -> send_audvoltable
06-02 21:27:11.782 E/mm-camera(  710): <MCT   ><ERROR> 2722: mct_stream_process_bus_msg: Check the runing function blackjoe 
06-02 21:27:11.783 D/ACDB-LOADER(  706): ACDB -> ACDB_CMD_GET_AUDPROC_GAIN_DEP_STEP_TABLE_SIZE
06-02 21:27:11.783 E/mm-camera(  710): <MCT   ><ERROR> 2755: mct_stream_process_bus_msg: isp_sof_bus_msg is 0xe8800520
06-02 21:27:11.783 D/ACDB-LOADER(  706): ACDB -> ACDB_CMD_GET_AUDPROC_GAIN_DEP_STEP_TABLE, vol index 5
06-02 21:27:11.783 E/mm-camera(  710): <MCT   ><ERROR> 2757: mct_stream_process_bus_msg: frameid is 7 hal_version is 3
06-02 21:27:11.783 D/ACDB-LOADER(  706): ACDB -> AUDIO_SET_VOL_CAL cal type = 40
06-02 21:27:11.783 E/mm-camera(  710): <MCT   ><ERROR> 2759: mct_stream_process_bus_msg: kstate_ptr is 0xe5a85a84, isp_kstate_ptr is 0xe9788000
06-02 21:27:11.783 E/mm-camera(  710): <MCT   ><ERROR> 2765: mct_stream_process_bus_msg: frame_id is 7
06-02 21:27:11.784 E/QCamera (  710): <MCI><ERROR> mm_stream_data_notify: 337: E, my_handle = 0x5300, fd = 68, state = 6 blackjoe
06-02 21:27:11.784 E/QCamera (  710): <MCI><ERROR> mm_stream_read_msm_frame: 1723: E, my_handle = 0x5300, fd = 68, state = 6 blackjoe
06-02 21:27:11.784 I/QCamera (  710): <MCI><INFO> mm_stream_read_msm_frame: 1770: VIDIOC_DQBUF buf_index 6, frame_idx 6, stream type 7, rc 0,queued: 17, buf_type = 0 flags = 8192 FD = 68 my_num 0 buf fd 94
06-02 21:27:11.784 E/QCamera (  710): <MCI><ERROR> mm_stream_read_msm_frame: 1790: X rc = 0
06-02 21:27:11.785 I/QCamera (  710): <MCI><INFO> mm_stream_handle_rcvd_buf: 220: E, my_handle = 0x5300, fd = 68, state = 6
06-02 21:27:11.785 I/QCamera (  710): <MCI><INFO> mm_stream_handle_rcvd_buf: 244: has cb and it is active by blackjoe
06-02 21:27:11.785 E/mm-camera(  710): <STATS_AIS ><ERROR> 1316: dsps_process_response_gyro: Query request denied, error code = 5, QId_valid = 1, QueryId = 0x70a, AckNak_valid = 1, AckNak = 3
06-02 21:27:11.785 I/QCamera (  710): <MCI><INFO> mm_stream_dispatch_app_data: 415: E, my_handle = 0x5300, fd = 68, state = 6
06-02 21:27:11.785 I/QCamera (  710): <MCI><INFO> mm_stream_dispatch_app_data: 436: frame_sync.is_active = 0, is_cb_active = 1
06-02 21:27:11.785 I/QCamera (  710): <MCI><INFO> mm_stream_dispatch_app_data: 457: Enter callback by blackjoe
06-02 21:27:11.814 E/QCamera (  710): <MCI><ERROR> mm_stream_data_notify: 337: E, my_handle = 0x5401, fd = 78, state = 6 blackjoe
06-02 21:27:11.765 E/        (    0): frame_src is 1 frame_id is 8 blackjoe
06-02 21:27:11.815 E/QCamera (  710): <MCI><ERROR> mm_stream_read_msm_frame: 1723: E, my_handle = 0x5401, fd = 78, state = 6 blackjoe
06-02 21:27:11.815 E/mm-camera(  710): <SENSOR><ERROR> 4883: sensor_get_frame_duration: resolution is invalid, it seems stream has stopped.
06-02 21:27:11.815 E/mm-camera(  710): <SENSOR><ERROR> 884: sensor_fc_report_meta: Failed to get frame duration
06-02 21:27:11.815 I/QCamera (  710): <MCI><INFO> mm_stream_read_msm_frame: 1770: VIDIOC_DQBUF buf_index 10, frame_idx 7, stream type 8, rc 0,queued: 2, buf_type = 0 flags = 8192 FD = 78 my_num 0 buf fd 137
06-02 21:27:11.815 E/mm-camera(  710): <SENSOR><ERROR> 4805: sensor_get_exposure_time: resolution is invalid, it seems stream has stopped.
06-02 21:27:11.815 E/QCamera (  710): <MCI><ERROR> mm_stream_read_msm_frame: 1790: X rc = 0
06-02 21:27:11.815 E/mm-camera(  710): <SENSOR><ERROR> 904: sensor_fc_report_meta: Failed to get exposure time
06-02 21:27:11.815 I/QCamera (  710): <MCI><INFO> mm_stream_handle_rcvd_buf: 220: E, my_handle = 0x5401, fd = 78, state = 6
06-02 21:27:11.816 I/QCamera (  710): <MCI><INFO> mm_stream_handle_rcvd_buf: 244: has cb and it is active by blackjoe
06-02 21:27:11.816 I/QCamera (  710): <MCI><INFO> mm_stream_dispatch_app_data: 415: E, my_handle = 0x5401, fd = 78, state = 6
06-02 21:27:11.816 I/QCamera (  710): <MCI><INFO> mm_stream_dispatch_app_data: 436: frame_sync.is_active = 0, is_cb_active = 1
06-02 21:27:11.816 E/mm-camera(  710): <MCT   ><ERROR> 2722: mct_stream_process_bus_msg: Check the runing function blackjoe 
06-02 21:27:11.817 E/mm-camera(  710): <MCT   ><ERROR> 2755: mct_stream_process_bus_msg: isp_sof_bus_msg is 0xe8800880
06-02 21:27:11.817 E/mm-camera(  710): <MCT   ><ERROR> 2757: mct_stream_process_bus_msg: frameid is 8 hal_version is 3
06-02 21:27:11.817 E/mm-camera(  710): <MCT   ><ERROR> 2759: mct_stream_process_bus_msg: kstate_ptr is 0xe5a85a84, isp_kstate_ptr is 0xe9788000
06-02 21:27:11.817 E/mm-camera(  710): <MCT   ><ERROR> 2765: mct_stream_process_bus_msg: frame_id is 8
06-02 21:27:11.818 E/mm-camera(  710): <STATS_AIS ><ERROR> 1316: dsps_process_response_gyro: Query request denied, error code = 5, QId_valid = 1, QueryId = 0x80a, AckNak_valid = 1, AckNak = 3
06-02 21:27:11.818 E/QCamera (  710): <MCI><ERROR> mm_stream_data_notify: 337: E, my_handle = 0x5300, fd = 68, state = 6 blackjoe
06-02 21:27:11.819 E/QCamera (  710): <MCI><ERROR> mm_stream_read_msm_frame: 1723: E, my_handle = 0x5300, fd = 68, state = 6 blackjoe
06-02 21:27:11.819 I/QCamera (  710): <MCI><INFO> mm_stream_dispatch_app_data: 457: Enter callback by blackjoe
06-02 21:27:11.821 I/QCamera (  710): <MCI><INFO> mm_stream_read_msm_frame: 1770: VIDIOC_DQBUF buf_index 7, frame_idx 7, stream type 7, rc 0,queued: 17, buf_type = 0 flags = 8192 FD = 68 my_num 0 buf fd 96
06-02 21:27:11.821 E/QCamera (  710): <MCI><ERROR> mm_stream_read_msm_frame: 1790: X rc = 0
06-02 21:27:11.821 I/QCamera (  710): <MCI><INFO> mm_stream_handle_rcvd_buf: 220: E, my_handle = 0x5300, fd = 68, state = 6
06-02 21:27:11.821 I/QCamera (  710): <MCI><INFO> mm_stream_handle_rcvd_buf: 244: has cb and it is active by blackjoe
06-02 21:27:11.822 I/QCamera (  710): <MCI><INFO> mm_stream_dispatch_app_data: 415: E, my_handle = 0x5300, fd = 68, state = 6
06-02 21:27:11.822 I/QCamera (  710): <MCI><INFO> mm_stream_dispatch_app_data: 436: frame_sync.is_active = 0, is_cb_active = 1
06-02 21:27:11.822 I/QCamera (  710): <MCI><INFO> mm_stream_dispatch_app_data: 457: Enter callback by blackjoe
06-02 21:27:11.767 E/qcom-lpi-pinctrl 15070000.lpi_pinctrl(    0): lpi_pinctrl_runtime_suspend: unable to get core clk handle -2
06-02 21:27:11.849 E/QCamera (  710): <MCI><ERROR> mm_stream_data_notify: 337: E, my_handle = 0x5401, fd = 78, state = 6 blackjoe
06-02 21:27:11.849 E/QCamera (  710): <MCI><ERROR> mm_stream_read_msm_frame: 1723: E, my_handle = 0x5401, fd = 78, state = 6 blackjoe
06-02 21:27:11.849 E/mm-camera(  710): <SENSOR><ERROR> 4883: sensor_get_frame_duration: resolution is invalid, it seems stream has stopped.
06-02 21:27:11.850 E/mm-camera(  710): <SENSOR><ERROR> 884: sensor_fc_report_meta: Failed to get frame duration
06-02 21:27:11.850 I/QCamera (  710): <MCI><INFO> mm_stream_read_msm_frame: 1770: VIDIOC_DQBUF buf_index 11, frame_idx 8, stream type 8, rc 0,queued: 1, buf_type = 0 flags = 8192 FD = 78 my_num 0 buf fd 140
06-02 21:27:11.850 E/mm-camera(  710): <SENSOR><ERROR> 4805: sensor_get_exposure_time: resolution is invalid, it seems stream has stopped.
06-02 21:27:11.850 E/QCamera (  710): <MCI><ERROR> mm_stream_read_msm_frame: 1790: X rc = 0
06-02 21:27:11.850 E/mm-camera(  710): <SENSOR><ERROR> 904: sensor_fc_report_meta: Failed to get exposure time
06-02 21:27:11.850 I/QCamera (  710): <MCI><INFO> mm_stream_handle_rcvd_buf: 220: E, my_handle = 0x5401, fd = 78, state = 6
06-02 21:27:11.850 I/QCamera (  710): <MCI><INFO> mm_stream_handle_rcvd_buf: 244: has cb and it is active by blackjoe
06-02 21:27:11.850 I/QCamera (  710): <MCI><INFO> mm_stream_dispatch_app_data: 415: E, my_handle = 0x5401, fd = 78, state = 6
06-02 21:27:11.851 I/QCamera (  710): <MCI><INFO> mm_stream_dispatch_app_data: 436: frame_sync.is_active = 0, is_cb_active = 1
06-02 21:27:11.851 E/mm-camera(  710): <MCT   ><ERROR> 2722: mct_stream_process_bus_msg: Check the runing function blackjoe 
06-02 21:27:11.851 I/QCamera (  710): <MCI><INFO> mm_stream_dispatch_app_data: 457: Enter callback by blackjoe
06-02 21:27:11.851 E/mm-camera(  710): <MCT   ><ERROR> 2755: mct_stream_process_bus_msg: isp_sof_bus_msg is 0xe88007f0
06-02 21:27:11.851 E/mm-camera(  710): <MCT   ><ERROR> 2757: mct_stream_process_bus_msg: frameid is 9 hal_version is 3
06-02 21:27:11.851 E/mm-camera(  710): <MCT   ><ERROR> 2759: mct_stream_process_bus_msg: kstate_ptr is 0xe5a85a84, isp_kstate_ptr is 0xe9788000
06-02 21:27:11.799 E/        (    0): frame_src is 1 frame_id is 9 blackjoe
06-02 21:27:11.851 E/mm-camera(  710): <MCT   ><ERROR> 2765: mct_stream_process_bus_msg: frame_id is 9
06-02 21:27:11.852 E/QCamera (  710): <MCI><ERROR> mm_stream_data_notify: 337: E, my_handle = 0x5300, fd = 68, state = 6 blackjoe
06-02 21:27:11.852 E/QCamera (  710): <MCI><ERROR> mm_stream_read_msm_frame: 1723: E, my_handle = 0x5300, fd = 68, state = 6 blackjoe
06-02 21:27:11.852 I/QCamera (  710): <MCI><INFO> mm_stream_read_msm_frame: 1770: VIDIOC_DQBUF buf_index 8, frame_idx 8, stream type 7, rc 0,queued: 17, buf_type = 0 flags = 8192 FD = 68 my_num 0 buf fd 98
06-02 21:27:11.852 E/mm-camera(  710): <STATS_AIS ><ERROR> 1316: dsps_process_response_gyro: Query request denied, error code = 5, QId_valid = 1, QueryId = 0x90a, AckNak_valid = 1, AckNak = 3
06-02 21:27:11.853 E/QCamera (  710): <MCI><ERROR> mm_stream_read_msm_frame: 1790: X rc = 0
06-02 21:27:11.863 I/QCamera (  710): <MCI><INFO> mm_stream_handle_rcvd_buf: 220: E, my_handle = 0x5300, fd = 68, state = 6
06-02 21:27:11.863 I/QCamera (  710): <MCI><INFO> mm_stream_handle_rcvd_buf: 244: has cb and it is active by blackjoe
06-02 21:27:11.863 I/QCamera (  710): <MCI><INFO> mm_stream_dispatch_app_data: 415: E, my_handle = 0x5300, fd = 68, state = 6
06-02 21:27:11.863 I/QCamera (  710): <MCI><INFO> mm_stream_dispatch_app_data: 436: frame_sync.is_active = 0, is_cb_active = 1
06-02 21:27:11.863 I/QCamera (  710): <MCI><INFO> mm_stream_dispatch_app_data: 457: Enter callback by blackjoe
06-02 21:27:11.921 E/QCamera (  710): <MCI><ERROR> mm_stream_data_notify: 337: E, my_handle = 0x5401, fd = 78, state = 6 blackjoe
06-02 21:27:11.922 E/mm-camera(  710): <SENSOR><ERROR> 4883: sensor_get_frame_duration: resolution is invalid, it seems stream has stopped.
06-02 21:27:11.922 E/QCamera (  710): <MCI><ERROR> mm_stream_read_msm_frame: 1723: E, my_handle = 0x5401, fd = 78, state = 6 blackjoe
06-02 21:27:11.922 E/mm-camera(  710): <SENSOR><ERROR> 884: sensor_fc_report_meta: Failed to get frame duration
06-02 21:27:11.922 E/mm-camera(  710): <SENSOR><ERROR> 4805: sensor_get_exposure_time: resolution is invalid, it seems stream has stopped.
06-02 21:27:11.922 E/mm-camera(  710): <SENSOR><ERROR> 904: sensor_fc_report_meta: Failed to get exposure time
06-02 21:27:11.922 I/QCamera (  710): <MCI><INFO> mm_stream_read_msm_frame: 1770: VIDIOC_DQBUF buf_index 6, frame_idx 9, stream type 8, rc 0,queued: 0, buf_type = 0 flags = 8192 FD = 78 my_num 0 buf fd 76
06-02 21:27:11.922 E/QCamera (  710): <MCI><ERROR> mm_stream_read_msm_frame: 1790: X rc = 0
06-02 21:27:11.922 I/QCamera (  710): <MCI><INFO> mm_stream_handle_rcvd_buf: 220: E, my_handle = 0x5401, fd = 78, state = 6
06-02 21:27:11.923 I/QCamera (  710): <MCI><INFO> mm_stream_handle_rcvd_buf: 244: has cb and it is active by blackjoe
06-02 21:27:11.923 E/mm-camera(  710): <MCT   ><ERROR> 2722: mct_stream_process_bus_msg: Check the runing function blackjoe 
06-02 21:27:11.923 I/QCamera (  710): <MCI><INFO> mm_stream_dispatch_app_data: 415: E, my_handle = 0x5401, fd = 78, state = 6
06-02 21:27:11.923 E/mm-camera(  710): <MCT   ><ERROR> 2755: mct_stream_process_bus_msg: isp_sof_bus_msg is 0xe88006d0
06-02 21:27:11.923 I/QCamera (  710): <MCI><INFO> mm_stream_dispatch_app_data: 436: frame_sync.is_active = 0, is_cb_active = 1
06-02 21:27:11.872 E/        (    0): frame_src is 1 frame_id is 10 blackjoe
06-02 21:27:11.923 I/QCamera (  710): <MCI><INFO> mm_stream_dispatch_app_data: 457: Enter callback by blackjoe
06-02 21:27:11.923 E/mm-camera(  710): <MCT   ><ERROR> 2757: mct_stream_process_bus_msg: frameid is 10 hal_version is 3
06-02 21:27:11.923 E/mm-camera(  710): <MCT   ><ERROR> 2759: mct_stream_process_bus_msg: kstate_ptr is 0xe5a85a84, isp_kstate_ptr is 0xe9788000
06-02 21:27:11.924 E/mm-camera(  710): <MCT   ><ERROR> 2765: mct_stream_process_bus_msg: frame_id is 10
06-02 21:27:11.924 E/QCamera (  710): <MCI><ERROR> mm_stream_data_notify: 337: E, my_handle = 0x5300, fd = 68, state = 6 blackjoe
06-02 21:27:11.925 E/QCamera (  710): <MCI><ERROR> mm_stream_read_msm_frame: 1723: E, my_handle = 0x5300, fd = 68, state = 6 blackjoe
06-02 21:27:11.925 I/QCamera (  710): <MCI><INFO> mm_stream_read_msm_frame: 1770: VIDIOC_DQBUF buf_index 9, frame_idx 9, stream type 7, rc 0,queued: 17, buf_type = 0 flags = 8192 FD = 68 my_num 0 buf fd 100
06-02 21:27:11.925 E/mm-camera(  710): <STATS_AIS ><ERROR> 1316: dsps_process_response_gyro: Query request denied, error code = 5, QId_valid = 1, QueryId = 0xa0a, AckNak_valid = 1, AckNak = 3
06-02 21:27:11.925 E/QCamera (  710): <MCI><ERROR> mm_stream_read_msm_frame: 1790: X rc = 0
06-02 21:27:11.925 I/QCamera (  710): <MCI><INFO> mm_stream_handle_rcvd_buf: 220: E, my_handle = 0x5300, fd = 68, state = 6
06-02 21:27:11.925 I/QCamera (  710): <MCI><INFO> mm_stream_handle_rcvd_buf: 244: has cb and it is active by blackjoe
06-02 21:27:11.926 I/QCamera (  710): <MCI><INFO> mm_stream_dispatch_app_data: 415: E, my_handle = 0x5300, fd = 68, state = 6
06-02 21:27:11.926 I/QCamera (  710): <MCI><INFO> mm_stream_dispatch_app_data: 436: frame_sync.is_active = 0, is_cb_active = 1
06-02 21:27:11.926 I/QCamera (  710): <MCI><INFO> mm_stream_dispatch_app_data: 457: Enter callback by blackjoe
06-02 21:27:11.931 E/ACameraDevice( 7609): onDeviceIdle sending state cb
06-02 21:27:11.932 E/NdkCameraCaptureSession( 7609): ACameraCaptureSession_getDevice: session 0x7c3fff0b60 is already closed
06-02 21:27:11.932 I/BCReader-JNI( 7609): onReady Getting camera device from session callback failed!
06-02 21:27:11.932 E/NdkCameraDevice( 7609): ACameraDevice_getId: invalid argument! device is null
06-02 21:27:11.932 I/BCReader-JNI( 7609): Session for camera (null) is ready!
06-02 21:27:11.942 I/CameraLatencyHistogram( 1279): Stream 320 dequeueBuffer latency histogram (7) samples:
06-02 21:27:11.942 I/CameraLatencyHistogram( 1279):         5     10     15     20     25     30     35     40     45    inf (max ms)
06-02 21:27:11.942 I/CameraLatencyHistogram( 1279):      57.14   42.86   0.00   0.00   0.00   0.00   0.00   0.00   0.00   0.00 (%)
06-02 21:27:11.942 I/CameraLatencyHistogram( 1279): Stream 320 latency histogram for wait on max_buffers (1) samples:
06-02 21:27:11.943 I/CameraLatencyHistogram( 1279):        33     66     99    132    165    198    231    264    297    inf (max ms)
06-02 21:27:11.943 I/CameraLatencyHistogram( 1279):      0.00   0.00   0.00   0.00   100.00   0.00   0.00   0.00   0.00   0.00 (%)
06-02 21:27:11.951 E/mm-camera(  710): <MCT   ><ERROR> 4828: mct_pipeline_process_serv_msg: pipeline blackjoe data->sessionid 3 pipeline->session 3 msgid 3
06-02 21:27:11.951 E/mm-camera(  710): <MCT   ><ERROR> 4299: mct_pipeline_process_set: command is 0x8000009 blackjoe CAM_PRIV_PARM 0x8000014
06-02 21:27:11.951 I/mm-camera(  710): <MCT   >< INFO> 4302: mct_pipeline_process_set: command=8000009
06-02 21:27:11.951 I/mm-camera(  710): <MCT   >< INFO> 4465: mct_pipeline_process_set:  STREAM-OFF on stream 0x30002 stream type=8
06-02 21:27:11.952 I/mm-camera(  710): <IFACE >< INFO> 1841: iface_streamoff_to_thread: iface_streamoff_to_thread: E, session id = 3, user stream id = 2
06-02 21:27:11.952 I/mm-camera(  710): <IFACE >< INFO> 2472: iface_streamoff: E, session_id 3 mct_stream_id = 2
06-02 21:27:11.952 I/mm-camera(  710): <IFACE >< INFO> 12256: iface_util_get_user_streams_by_bundle: streamoff, first bundled streamoff all bindled streams!
06-02 21:27:11.961 I/mm-camera(  710): <IFACE >< INFO> 2718: iface_streamoff: session_id = 3, active_streams = 0
06-02 21:27:11.961 I/mm-camera(  710): <IFACE >< INFO> 2722: iface_streamoff: all bundled stream streamoff, clear hal bundled mask
06-02 21:27:11.961 I/mm-camera(  710): <IFACE >< INFO> 2727: iface_streamoff: X
06-02 21:27:11.961 I/mm-camera(  710): <IFACE >< INFO> 1867: iface_streamoff_to_thread: iface_streamoff_to_thread: X, session id = 3, user stream id = 2
06-02 21:27:11.962 E/mm-camera(  710): <ISP   ><ERROR> 1197: isp_handler_control_streamoff: Bundle streamon count is less than zero
06-02 21:27:11.962 E/mm-camera(  710): <ISP   ><ERROR> 1201: isp_handler_control_streamoff: invalid stream_on_count 0
06-02 21:27:11.963 I/mm-camera(  710): <IFACE >< INFO> 11005: iface_util_release_resource: camif_cnt= 0, rdi_cnt= 0, used mask 2
06-02 21:27:11.963 I/mm-camera(  710): <IFACE >< INFO> 4047: iface_destroy_hw: iface_destroy_hw: Destroy axi hw on VFE :0
06-02 21:27:11.976 I/mm-camera(  710): <MCT   >< INFO> 4482: mct_pipeline_process_set:  STREAM-OFF success for stream 0x30002, stream type=8
06-02 21:27:11.979 E/mm-camera(  710): <MCT   ><ERROR> 4828: mct_pipeline_process_serv_msg: pipeline blackjoe data->sessionid 3 pipeline->session 3 msgid 3
06-02 21:27:11.979 E/mm-camera(  710): <MCT   ><ERROR> 4299: mct_pipeline_process_set: command is 0x8000009 blackjoe CAM_PRIV_PARM 0x8000014
06-02 21:27:11.979 I/mm-camera(  710): <MCT   >< INFO> 4302: mct_pipeline_process_set: command=8000009
06-02 21:27:11.979 I/mm-camera(  710): <MCT   >< INFO> 4465: mct_pipeline_process_set:  STREAM-OFF on stream 0x30001 stream type=7
06-02 21:27:11.980 I/mm-camera(  710): <MCT   >< INFO> 4482: mct_pipeline_process_set:  STREAM-OFF success for stream 0x30001, stream type=7
06-02 21:27:12.012 I/QCamera (  710): <HAL><INFO> configureStreamsPerfLocked: 2399: stream[0] type = 0, format = 34, width = 320, height = 240, rotation = 0, usage = 0x800
06-02 21:27:12.012 E/QCamera (  710): <HAL><ERROR> validateStreamDimensions: 1491: Error: Unsupported size: 320 x 240 type: 34 array size: 1360 x 800
06-02 21:27:12.012 E/QCamera (  710): <HAL><ERROR> configureStreamsPerfLocked: 2602: Invalid stream configuration requested!
06-02 21:27:12.013 E/Camera3-Device( 1279): Camera 0: configureStreamsLocked: Set of requested inputs/outputs not supported by HAL
06-02 21:27:12.013 E/CameraDeviceClient( 1279): endConfigure: Camera 0: Unsupported set of inputs/outputs provided
06-02 21:27:12.013 E/ACameraDevice( 7609): Camera device 0 cannnot support app output configuration: Status(-8, EX_SERVICE_SPECIFIC): '3: endConfigure:513: Camera 0: Unsupported set of inputs/outputs provided'
06-02 21:27:12.013 E/ACameraDevice( 7609): Unconfigure stream failed. Device might still be configured! ret -10009
06-02 21:27:12.014 I/BCReader-JNI( 7609): ACameraCaptureSession_close session=0x7c3fff0b60 takes ~260 ms to close
06-02 21:27:12.014 D/BCReader-JNI( 7609): LEAVE camera_status_t ZebraCamera::stopPreview():2725
06-02 21:27:11.965 E/        (    0): [SDL] misc_ioctl msg.len is 3 : 0x58 0x00 0xa8
06-02 21:27:11.965 E/        (    0): [SDL] misc_ioctl msg.len is 2 : 0xa7 0x00
06-02 21:27:11.972 E/        (    0): [SDL] misc_ioctl msg.len is 3 : 0x77 0x03 0x86
06-02 21:27:11.978 E/        (    0): [SDL] misc_ioctl msg.len is 2 : 0x88 0x00
06-02 21:27:12.089 D/AudioTrack( 7609): stop(60): called with 14784 frames delivered
06-02 21:27:12.158 I/system_server( 1599): oneway function results will be dropped but finished with status OK and parcel size 4
06-02 21:27:12.160 D/ACDB-LOADER(  706): ACDB -> send_audvoltable
06-02 21:27:12.161 D/ACDB-LOADER(  706): ACDB -> ACDB_CMD_GET_AUDPROC_GAIN_DEP_STEP_TABLE_SIZE
06-02 21:27:12.161 D/ACDB-LOADER(  706): ACDB -> ACDB_CMD_GET_AUDPROC_GAIN_DEP_STEP_TABLE, vol index 0
06-02 21:27:12.161 D/ACDB-LOADER(  706): ACDB -> AUDIO_SET_VOL_CAL cal type = 40
06-02 21:27:12.165 W/APM::AudioPolicyEngine(  840): getDevicesForStrategy() unknown strategy: -1
06-02 21:27:12.165 I/chatty  (  840): uid=1041(audioserver) ApmOutput identical 1 line
06-02 21:27:12.166 W/APM::AudioPolicyEngine(  840): getDevicesForStrategy() unknown strategy: -1
06-02 21:27:12.482 D/EventSequenceValidator( 1599): Transition from INTENT_FAILED to INTENT_STARTED
06-02 21:27:12.483 I/ActivityTaskManager( 1599): START u0 {flg=0x10000000 cmp=sdl.android.testapp/.SW_Decode_Android_TestApp_Activity} from uid 0
06-02 21:27:12.515 D/EventSequenceValidator( 1599): Transition from INTENT_STARTED to INTENT_FAILED
06-02 21:27:12.519 I/perfetto(  977): ing_service_impl.cc:758 Configured tracing session 101, #sources:1, duration:5000 ms, #buffers:1, total buffer size:4096 KB, total sessions:1, uid:1071 session name: ""
06-02 21:27:12.526 I/perfetto(  975): probes_producer.cc:230  Ftrace setup (target_buf=101)
06-02 21:27:12.527 E/perfetto(  975): ace_config_muxer.cc:443 ftrace in use by non-Perfetto.
06-02 21:27:12.527 E/perfetto(  975): probes_producer.cc:238  Failed to setup ftrace
06-02 21:27:12.527 E/perfetto(  975): probes_producer.cc:176  Failed to create data source 'linux.ftrace'
06-02 21:27:12.532 E/perfetto(  975): probes_producer.cc:191  Data source id=101 not found
06-02 21:27:13.691 W/audio_hw_primary(  706): out_get_presentation_position: avail:384 > kernel_buffer_size:384 clamping!
06-02 21:27:13.692 W/audio_hw_primary(  706): out_write: underrun(210) frames_by_time(169) > out->last_fifo_frames_remaining(0)
06-02 21:27:13.628 E/[schedu][0x136da3ef8a2][21:27:13.677808] wlan(    0): [2070:E:scan] scm_11d_elected_country_algo_fcc: 98: No AP with 11d Country code is present in scan list
06-02 21:27:13.628 E/FUSIONWL(    0): : ==Regulatory_elect_country_db==: No AP with 11d Country code is present in scan list
06-02 21:27:13.696 W/audio_hw_primary(  706): out_write: underrun(211) frames_by_time(357) > out->last_fifo_frames_remaining(192)
06-02 21:27:13.697 W/audio_hw_primary(  706): out_write: underrun(212) frames_by_time(202) > out->last_fifo_frames_remaining(192)
06-02 21:27:13.700 W/audio_hw_primary(  706): out_write: underrun(213) frames_by_time(194) > out->last_fifo_frames_remaining(192)
06-02 21:27:13.704 D/WifiNl80211Manager( 1599): Scan result ready event
06-02 21:27:13.704 D/WifiNative( 1599): Scan result ready event
06-02 21:27:13.650 E/FUSIONWL(    0): : ==Regulatory_scan_country_list_db_reset==: Reset complete for scan country list
06-02 21:27:13.707 V/WifiHAL ( 1348): event received NL80211_CMD_NEW_SCAN_RESULTS
06-02 21:27:13.709 D/WificondScannerImpl( 1599): Filtering out 1 scan results.
06-02 21:27:13.711 V/WifiHAL (  741): event received NL80211_CMD_NEW_SCAN_RESULTS
06-02 21:27:13.713 D/ZebraRttProvider.FusionEngine( 3675): receive broadcast intent, action: android.net.wifi.SCAN_RESULTS
06-02 21:27:13.714 D/FusionLoggerService( 4653): onReceive = android.net.wifi.SCAN_RESULTS
06-02 21:27:13.714 I/FusionManager( 4653): getCountry ENTER
06-02 21:27:13.716 D/vendor.zebra.fusion@1.0-service(  811): is80211dEnabled: returns 1
06-02 21:27:13.717 E/FusionServiceImpl( 4680): is80211dEnabled true
06-02 21:27:13.719 I/fusionconfd( 1348): getDriverCountry ENTER
06-02 21:27:13.733 D/FusionLoggerService( 4653): Country unchanged
06-02 21:27:15.148 D/audio_hw_primary(  706): out_standby: enter: stream (0xef9c21a0) usecase(1: low-latency-playback)
06-02 21:27:15.179 E/qcom-lpi-pinctrl 15070000.lpi_pinctrl(    0): lpi_pinctrl_runtime_resume: unable to get core clk handle -2
06-02 21:27:15.181 I/afe_close(    0): port_id = 0x102e
06-02 21:27:15.244 D/audio_hw_primary(  706): disable_audio_route: reset and update mixer path: low-latency-playback
06-02 21:27:15.247 D/soundtrigger(  706): audio_extn_sound_trigger_update_stream_status: uc_info->id 1 of type 0 for Event 2, with Raise=0
06-02 21:27:15.248 D/hardware_info(  706): hw_info_append_hw_type : device_name = speaker
06-02 21:27:15.248 D/audio_hw_primary(  706): disable_snd_device: snd_device(2: speaker)
06-02 21:27:15.251 I/soundtrigger(  706): audio_extn_sound_trigger_update_device_status: device 0x2 of type 0 for Event 0, with Raise=0
06-02 21:27:15.254 I/system_server( 1599): oneway function results will be dropped but finished with status OK and parcel size 4
06-02 21:27:15.277 E/qcom-lpi-pinctrl 15070000.lpi_pinctrl(    0): lpi_pinctrl_runtime_suspend: unable to get core clk handle -2
06-02 21:27:15.477 I/init    (    0): starting service 'qccsyshalservice'...
06-02 21:27:15.595 I/qccsyshalservic(25873): type=1400 audit(0.0:6599): avc: denied { search } for name="/" dev="mmcblk0p37" ino=2 scontext=u:r:vendor_qccsyshal_qti:s0 tcontext=u:object_r:factory_file:s0 tclass=dir permissive=1
06-02 21:27:15.672 I/qccsyshalservice(25873): Start with system binder
06-02 21:27:15.675 I/qccsyshalservice(25873): Registering qccsyshal service...
06-02 21:27:15.680 I/hwservicemanager(  501): getTransport: Cannot find entry vendor.qti.hardware.qccsyshal@1.0::IQccsyshal/qccsyshal in either framework or device manifest.
06-02 21:27:15.682 E/HidlServiceManagement(25873): Service vendor.qti.hardware.qccsyshal@1.0::IQccsyshal/qccsyshal must be in VINTF manifest in order to register/get.
06-02 21:27:15.682 E/qccsyshalservice(25873): [ERROR] registerAsService() failed with status: -2147483648
06-02 21:27:15.651 I/init    (    0): Service 'qccsyshalservice' (pid 25873) exited with status 1
06-02 21:27:15.651 I/init    (    0): Sending signal 9 to service 'qccsyshalservice' (pid 25873) process group...
06-02 21:27:15.652 I/libprocessgroup(    0): Successfully killed process cgroup uid 1000 pid 25873 in 0ms
06-02 21:27:15.693 I/init    (    0): starting service 'qccvndhalservice'...
06-02 21:27:15.907 I/vendor.qti.hardware.qccvndhal@1.0-service(25874): Start with vendor binder
06-02 21:27:15.910 I/vendor.qti.hardware.qccvndhal@1.0-service(25874): Registering qccvndhal service...
06-02 21:27:15.915 I/hwservicemanager(  501): getTransport: Cannot find entry vendor.qti.hardware.qccvndhal@1.0::IQccvndhal/qccvndhal in either framework or device manifest.
06-02 21:27:15.918 E/HidlServiceManagement(25874): Service vendor.qti.hardware.qccvndhal@1.0::IQccvndhal/qccvndhal must be in VINTF manifest in order to register/get.
06-02 21:27:15.918 E/vendor.qti.hardware.qccvndhal@1.0-service(25874): [ERROR] registerAsService() failed with status: -2147483648
06-02 21:27:15.884 I/init    (    0): Service 'qccvndhalservice' (pid 25874) exited with status 1
06-02 21:27:15.884 I/init    (    0): Sending signal 9 to service 'qccvndhalservice' (pid 25874) process group...
06-02 21:27:15.885 I/libprocessgroup(    0): Successfully killed process cgroup uid 1000 pid 25874 in 0ms
06-02 21:27:17.527 I/perfetto(  975): probes_producer.cc:329  Producer stop (id=101)
06-02 21:27:17.527 E/perfetto(  975): probes_producer.cc:333  Cannot stop data source id=101, not found
06-02 21:27:17.942 D/CompatibilityInfo( 1599): mCompatibilityFlags - 4
06-02 21:27:17.943 D/CompatibilityInfo( 1599): applicationDensity - 240
06-02 21:27:17.943 D/CompatibilityInfo( 1599): applicationScale - 1.0
06-02 21:27:17.950 I/NextSubtest service( 7609): hit
06-02 21:27:17.950 I/cmd     (25878): oneway function results will be dropped but finished with status OK and parcel size 4
06-02 21:27:17.902 E/        (    0): [SDL] misc_ioctl msg.len is 3 : 0x77 0x03 0x86
06-02 21:27:17.912 E/        (    0): [SDL] misc_ioctl msg.len is 2 : 0x88 0x00
06-02 21:27:17.915 E/        (    0): [SDL] misc_ioctl msg.len is 3 : 0x77 0x08 0x81
06-02 21:27:17.916 E/        (    0): [SDL] misc_ioctl msg.len is 2 : 0x88 0x00
06-02 21:27:17.922 E/        (    0): [SDL] misc_ioctl msg.len is 3 : 0x58 0x00 0xa8
06-02 21:27:17.927 E/        (    0): [SDL] misc_ioctl msg.len is 2 : 0xa7 0x00
06-02 21:27:17.933 E/        (    0): [SDL] misc_ioctl msg.len is 3 : 0x77 0x03 0x86
06-02 21:27:17.938 E/        (    0): [SDL] misc_ioctl msg.len is 2 : 0x88 0x00
06-02 21:27:17.945 E/        (    0): [SDL] misc_ioctl msg.len is 3 : 0x77 0x08 0x81
06-02 21:27:17.950 E/        (    0): [SDL] misc_ioctl msg.len is 2 : 0x88 0x00
