--------- beginning of kernel
01-18 16:00:57.431 E/        (    0): frame_src is 1 frame_id is 42274 blackjoe
--------- beginning of main
01-18 16:00:57.425 E/mm-camera(  722): <MCT   ><ERROR> 2722: mct_stream_process_bus_msg: Check the runing function blackjoe 
01-18 16:00:57.425 E/mm-camera(  722): <MCT   ><ERROR> 2755: mct_stream_process_bus_msg: isp_sof_bus_msg is 0xecac0130
01-18 16:00:57.425 E/mm-camera(  722): <MCT   ><ERROR> 2757: mct_stream_process_bus_msg: frameid is 42274 hal_version is 3
01-18 16:00:57.425 E/mm-camera(  722): <MCT   ><ERROR> 2759: mct_stream_process_bus_msg: kstate_ptr is 0xe9d5f254, isp_kstate_ptr is 0xeda49000
01-18 16:00:57.426 E/mm-camera(  722): <MCT   ><ERROR> 2765: mct_stream_process_bus_msg: frame_id is 42274
01-18 16:00:57.426 E/QCamera (  722): <MCI><ERROR> mm_stream_data_notify: 337: E, my_handle = 0x7200, fd = 69, state = 6 blackjoe
01-18 16:00:57.426 E/QCamera (  722): <MCI><ERROR> mm_stream_read_msm_frame: 1723: E, my_handle = 0x7200, fd = 69, state = 6 blackjoe
01-18 16:00:57.427 I/QCamera (  722): <MCI><INFO> mm_stream_read_msm_frame: 1770: VIDIOC_DQBUF buf_index 9, frame_idx 42273, stream type 7, rc 0,queued: 17, buf_type = 0 flags = 8192 FD = 69 my_num 0 buf fd 100
01-18 16:00:57.427 E/QCamera (  722): <MCI><ERROR> mm_stream_read_msm_frame: 1790: X rc = 0
01-18 16:00:57.427 I/QCamera (  722): <MCI><INFO> mm_stream_handle_rcvd_buf: 220: E, my_handle = 0x7200, fd = 69, state = 6
01-18 16:00:57.427 I/QCamera (  722): <MCI><INFO> mm_stream_handle_rcvd_buf: 244: has cb and it is active by blackjoe
01-18 16:00:57.428 I/QCamera (  722): <MCI><INFO> mm_stream_dispatch_app_data: 415: E, my_handle = 0x7200, fd = 69, state = 6
01-18 16:00:57.428 I/QCamera (  722): <MCI><INFO> mm_stream_dispatch_app_data: 436: frame_sync.is_active = 0, is_cb_active = 1
01-18 16:00:57.428 I/QCamera (  722): <MCI><INFO> mm_stream_dispatch_app_data: 457: Enter callback by blackjoe
01-18 16:00:57.428 E/QCamera (  722): <HAL><ERROR> handleMetadataWithLock: 4863: Cancel missing frame = 4096, buffer = 0xed88fd70,stream type = 8, stream format = 36
01-18 16:00:57.428 E/QCamera (  722): <HAL><ERROR> handleMetadataWithLock: 4863: Cancel missing frame = 4097, buffer = 0xed898fb0,stream type = 8, stream format = 36
01-18 16:00:57.428 E/QCamera (  722): <MCI><ERROR> cancelBuffer: 884: Calling cancel buf on idx:9 for stream type:8
01-18 16:00:57.428 E/QCamera (  722): <HAL><ERROR> handleMetadataWithLock: 4863: Cancel missing frame = 4098, buffer = 0xed895680,stream type = 8, stream format = 36
01-18 16:00:57.428 E/QCamera (  722): <MCI><ERROR> mm_stream_cancel_buf: 5156: mm_stream_cancel_buf(idx=9) err=-1
01-18 16:00:57.429 E/QCamera (  722): <HAL><ERROR> handleMetadataWithLock: 4863: Cancel missing frame = 4099, buffer = 0xed8949c0,stream type = 8, stream format = 36
01-18 16:00:57.429 E/QCamera (  722): <MCI><ERROR> cancelBuffer: 884: Calling cancel buf on idx:10 for stream type:8
01-18 16:00:57.429 E/QCamera (  722): <HAL><ERROR> handleMetadataWithLock: 4863: Cancel missing frame = 4100, buffer = 0xed89bef0,stream type = 8, stream format = 36
01-18 16:00:57.429 E/QCamera (  722): <MCI><ERROR> mm_stream_cancel_buf: 5125: Error Trying to extract a frame already sent to HAL(idx=10) count=1
01-18 16:00:57.429 E/QCamera (  722): <MCI><ERROR> cancelBuffer: 884: Calling cancel buf on idx:11 for stream type:8
01-18 16:00:57.429 E/QCamera (  722): <MCI><ERROR> mm_stream_cancel_buf: 5125: Error Trying to extract a frame already sent to HAL(idx=11) count=1
01-18 16:00:57.429 E/QCamera (  722): <MCI><ERROR> cancelBuffer: 884: Calling cancel buf on idx:6 for stream type:8
01-18 16:00:57.429 E/QCamera (  722): <MCI><ERROR> mm_stream_cancel_buf: 5125: Error Trying to extract a frame already sent to HAL(idx=6) count=1
01-18 16:00:57.429 E/QCamera (  722): <MCI><ERROR> cancelBuffer: 884: Calling cancel buf on idx:7 for stream type:8
01-18 16:00:57.430 E/QCamera (  722): <MCI><ERROR> mm_stream_cancel_buf: 5125: Error Trying to extract a frame already sent to HAL(idx=7) count=1
01-18 16:00:57.430 E/mm-camera(  722): <STATS_AIS ><ERROR> 1316: dsps_process_response_gyro: Query request denied, error code = 5, QId_valid = 1, QueryId = 0x220a, AckNak_valid = 1, AckNak = 3
01-18 16:00:57.472 E/        (    0): [SDL] misc_ioctl msg.len is 3 : 0x58 0x00 0xa8
01-18 16:00:57.473 E/        (    0): [SDL] misc_ioctl msg.len is 2 : 0xa7 0x00
01-18 16:00:57.493 E/        (    0): [SDL] misc_ioctl msg.len is 2 : 0x88 0x00
01-18 16:00:57.491 I/BarCodeReader( 4265): Event message: 400, arg1=0x1, arg2=0
01-18 16:00:57.491 I/BarCodeReader( 4265): Event message: 10000, arg1=0x1, arg2=2
01-18 16:00:57.504 I/EffectsFactory(  718): EffectCreate() create_effect
01-18 16:00:57.508 W/APM::AudioPolicyEngine(  855): getDevicesForStrategy() unknown strategy: -1
01-18 16:00:57.508 W/APM::AudioPolicyEngine(  855): getDevicesForStrategy() unknown strategy: -1
01-18 16:00:57.513 E/volume_listener(  718): check_and_set_gain_dep_cal: Failed to set gain dep cal level
01-18 16:00:57.514 D/audio_hw_primary(  718): start_output_stream: enter: stream(0xf1a864c0)usecase(1: low-latency-playback) devices(0x2) is_haptic_usecase(0)
01-18 16:00:57.515 D/audio_hw_primary(  718): select_devices for use case (low-latency-playback)
01-18 16:00:57.515 I/msm8974_platform(  718): platform_check_and_set_codec_backend_cfg:becf: afe: bitwidth 16, samplerate 48000 channels 2, backend_idx 0 usecase = 1 device (speaker)
01-18 16:00:57.515 I/msm8974_platform(  718): platform_check_and_set_codec_backend_cfg: new_snd_devices[0] is 2
01-18 16:00:57.515 I/msm8974_platform(  718): platform_check_codec_backend_cfg:becf: afe: bitwidth 16, samplerate 48000 channels 2, backend_idx 0 usecase = 1 device (speaker)
01-18 16:00:57.520 D/msm8974_platform(  718): platform_check_codec_backend_cfg:becf: updated afe: bitwidth 16, samplerate 48000 channels 2,backend_idx 0 usecase = 1 device (speaker)
01-18 16:00:57.520 I/msm8974_platform(  718): platform_check_codec_backend_cfg:becf: afe: Codec selected backend: 0 updated bit width: 16 and sample rate: 48000
01-18 16:00:57.520 D/audio_hw_primary(  718): check_usecases_codec_backend:becf: force routing 0
01-18 16:00:57.520 D/audio_hw_primary(  718): check_usecases_codec_backend:becf: (84) check_usecases curr device: speaker, usecase device: backends match 0
01-18 16:00:57.520 D/audio_hw_primary(  718): check_usecases_codec_backend:becf: check_usecases num.of Usecases to switch 0
01-18 16:00:57.521 D/hardware_info(  718): hw_info_append_hw_type : device_name = speaker
01-18 16:00:57.521 D/audio_hw_primary(  718): enable_snd_device: snd_device(2: speaker)
01-18 16:00:57.521 D/msm8974_platform(  718): platform_get_island_cfg_on_device:island cfg status on snd_device = (speaker 0)
01-18 16:00:57.521 I/soundtrigger(  718): audio_extn_sound_trigger_update_device_status: device 0x2 of type 0 for Event 1, with Raise=0
01-18 16:00:57.521 D/audio_route(  718): Apply path: speaker
01-18 16:00:57.526 D/SDL_SCAN( 4265): NR
01-18 16:00:57.526 D/SDL_SCAN( 4265): Scan_Complete
01-18 16:00:57.546 I/system_server( 1670): oneway function results will be dropped but finished with status OK and parcel size 4
01-18 16:00:57.547 I/system_server( 1670): oneway function results will be dropped but finished with status OK and parcel size 4
01-18 16:00:57.550 D/soundtrigger(  718): audio_extn_sound_trigger_update_stream_status: uc_info->id 1 of type 0 for Event 3, with Raise=0
01-18 16:00:57.551 D/audio_hw_utils(  718): audio_extn_utils_send_app_type_cfg: usecase->out_snd_device speaker
01-18 16:00:57.552 I/audio_hw_utils(  718): send_app_type_cfg_for_device PLAYBACK app_type 69937, acdb_dev_id 14, sample_rate 48000, snd_device_be_idx 2
01-18 16:00:57.555 D/ACDB-LOADER(  718): ACDB -> send_audio_cal, acdb_id = 14, path = 0, app id = 0x11131, sample rate = 48000, afe_sample_rate = 48000
01-18 16:00:57.555 D/ACDB-LOADER(  718): ACDB -> send_asm_topology
01-18 16:00:57.555 D/ACDB-LOADER(  718): ACDB -> ACDB_CMD_GET_AUDPROC_STREAM_TOPOLOGY_ID
01-18 16:00:57.555 D/ACDB-LOADER(  718): ACDB -> send_adm_topology
01-18 16:00:57.555 D/ACDB-LOADER(  718): ACDB -> ACDB_CMD_GET_AUDPROC_COMMON_TOPOLOGY_ID
01-18 16:00:57.556 D/ACDB-LOADER(  718): ACDB -> send_audtable
01-18 16:00:57.556 D/ACDB-LOADER(  718): ACDB -> ACDB_CMD_GET_AUDPROC_COMMON_TABLE_SIZE
01-18 16:00:57.556 D/ACDB-LOADER(  718): ACDB -> ACDB_CMD_GET_AUDPROC_COMMON_TABLE
01-18 16:00:57.556 D/ACDB-LOADER(  718): ACDB -> AUDIO_SET_AUDPROC_CAL cal_type[11] acdb_id[14] app_type[69937]
01-18 16:00:57.556 D/ACDB-LOADER(  718): ACDB -> send_audvoltable
01-18 16:00:57.557 D/ACDB-LOADER(  718): ACDB -> ACDB_CMD_GET_AUDPROC_GAIN_DEP_STEP_TABLE_SIZE
01-18 16:00:57.557 D/ACDB-LOADER(  718): ACDB -> ACDB_CMD_GET_AUDPROC_GAIN_DEP_STEP_TABLE, vol index 0
01-18 16:00:57.557 D/ACDB-LOADER(  718): ACDB -> AUDIO_SET_VOL_CAL cal type = 12
01-18 16:00:57.557 D/ACDB-LOADER(  718): ACDB -> ACDB_CMD_GET_AUDPROC_STREAM_TABLE_SIZE
01-18 16:00:57.557 D/ACDB-LOADER(  718): ACDB -> send_audstrmtable
01-18 16:00:57.557 D/ACDB-LOADER(  718): ACDB -> ACDB_CMD_GET_AUDPROC_STREAM_TABLE_V2
01-18 16:00:57.557 D/ACDB-LOADER(  718): ACDB -> audstrm_cal->cal_type.cal_data.cal_size = 16
01-18 16:00:57.558 D/ACDB-LOADER(  718): ACDB -> send_afe_topology
01-18 16:00:57.558 D/ACDB-LOADER(  718): ACDB -> ACDB_CMD_GET_AFE_TOPOLOGY_ID
01-18 16:00:57.558 D/ACDB-LOADER(  718): ACDB -> GET_AFE_TOPOLOGY_ID for adcd_id 14, Topology Id 1025e
01-18 16:00:57.558 D/ACDB-LOADER(  718): ACDB -> send_afe_cal
01-18 16:00:57.558 D/ACDB-LOADER(  718): ACDB -> ACDB_CMD_GET_AFE_COMMON_TABLE_SIZE
01-18 16:00:57.558 D/ACDB-LOADER(  718): ACDB -> ACDB_CMD_GET_AFE_COMMON_TABLE
01-18 16:00:57.558 D/ACDB-LOADER(  718): ACDB -> AUDIO_SET_AFE_CAL cal_type[16] acdb_id[14]
01-18 16:00:57.559 D/ACDB-LOADER(  718): ACDB -> send_hw_delay : acdb_id = 14 path = 0
01-18 16:00:57.559 D/ACDB-LOADER(  718): ACDB -> ACDB_AVSYNC_INFO: ACDB_CMD_GET_DEVICE_PROPERTY
01-18 16:00:57.559 D/audio_hw_primary(  718): enable_audio_route: apply mixer and update path: low-latency-playback
01-18 16:00:57.559 D/audio_route(  718): Apply path: low-latency-playback
01-18 16:00:57.634 D/msm8974_platform(  718): platform_set_channel_map mixer_ctl_name:Playback Channel Map13
01-18 16:00:57.636 D/msm8974_platform(  718): platform_set_channel_map: set mapping(1 2 0 0 0 0 0 0) for channel:2
01-18 16:00:57.639 D/audio_hw_primary(  718): start_output_stream: stream_handle(0xf1a864c0) usecase(1: low-latency-playback) out_snd_device(2: speaker)             acdb_id(14) sample_rate(48000) channel_mask(0x3) app_type(69937)             audio_mode(0 : MODE_NORMAL) out_flags(0x6 : OUTPUT_FLAG_PRIMARY|OUTPUT_FLAG_FAST) out_devices(0x2 : OUT_SPEAKER) 
01-18 16:00:57.639 D/audio_hw_primary(  718): start_output_stream: exit
01-18 16:00:57.639 D/audio_hw_primary(  718): out_write: retry previous failed cal level set
01-18 16:00:57.639 D/ACDB-LOADER(  718): ACDB -> send_audvoltable
01-18 16:00:57.639 D/ACDB-LOADER(  718): ACDB -> ACDB_CMD_GET_AUDPROC_GAIN_DEP_STEP_TABLE_SIZE
01-18 16:00:57.639 D/ACDB-LOADER(  718): ACDB -> ACDB_CMD_GET_AUDPROC_GAIN_DEP_STEP_TABLE, vol index 5
01-18 16:00:57.640 D/ACDB-LOADER(  718): ACDB -> AUDIO_SET_VOL_CAL cal type = 40
01-18 16:00:57.718 W/MessageQueue( 4265): Handler (android.view.textservice.SpellCheckerSession$1) {e9a3bf8} sending message to a Handler on a dead thread
01-18 16:00:57.718 W/MessageQueue( 4265): java.lang.IllegalStateException: Handler (android.view.textservice.SpellCheckerSession$1) {e9a3bf8} sending message to a Handler on a dead thread
01-18 16:00:57.718 W/MessageQueue( 4265): 	at android.os.MessageQueue.enqueueMessage(MessageQueue.java:560)
01-18 16:00:57.718 W/MessageQueue( 4265): 	at android.os.Handler.enqueueMessage(Handler.java:778)
01-18 16:00:57.718 W/MessageQueue( 4265): 	at android.os.Handler.sendMessageAtTime(Handler.java:727)
01-18 16:00:57.718 W/MessageQueue( 4265): 	at android.os.Handler.sendMessageDelayed(Handler.java:697)
01-18 16:00:57.718 W/MessageQueue( 4265): 	at android.os.Handler.sendMessage(Handler.java:635)
01-18 16:00:57.718 W/MessageQueue( 4265): 	at android.view.textservice.SpellCheckerSession$SpellCheckerSessionListenerImpl.onGetSentenceSuggestions(SpellCheckerSession.java:507)
01-18 16:00:57.718 W/MessageQueue( 4265): 	at com.android.internal.textservice.ISpellCheckerSessionListener$Stub.onTransact(ISpellCheckerSessionListener.java:99)
01-18 16:00:57.718 W/MessageQueue( 4265): 	at android.os.Binder.execTransactInternal(Binder.java:1159)
01-18 16:00:57.718 W/MessageQueue( 4265): 	at android.os.Binder.execTransact(Binder.java:1123)
01-18 16:00:57.949 D/AudioTrack( 4265): stop(36): called with 14784 frames delivered
01-18 16:00:58.027 I/system_server( 1670): oneway function results will be dropped but finished with status OK and parcel size 4
01-18 16:00:58.030 D/ACDB-LOADER(  718): ACDB -> send_audvoltable
01-18 16:00:58.030 D/ACDB-LOADER(  718): ACDB -> ACDB_CMD_GET_AUDPROC_GAIN_DEP_STEP_TABLE_SIZE
01-18 16:00:58.030 D/ACDB-LOADER(  718): ACDB -> ACDB_CMD_GET_AUDPROC_GAIN_DEP_STEP_TABLE, vol index 0
01-18 16:00:58.030 D/ACDB-LOADER(  718): ACDB -> AUDIO_SET_VOL_CAL cal type = 40
01-18 16:00:58.034 W/APM::AudioPolicyEngine(  855): getDevicesForStrategy() unknown strategy: -1
--------- beginning of system
01-18 16:00:58.196 I/ActivityTaskManager( 1670): START u0 {flg=0x10000000 cmp=sdl.android.testapp/.SW_Decode_Android_TestApp_Activity} from uid 0
01-18 16:00:58.035 I/chatty  (  855): uid=1041(audioserver) ApmOutput identical 1 line
01-18 16:00:58.035 W/APM::AudioPolicyEngine(  855): getDevicesForStrategy() unknown strategy: -1
01-18 16:00:58.198 D/EventSequenceValidator( 1670): Transition from INTENT_FAILED to INTENT_STARTED
01-18 16:00:58.209 I/cmd     (22877): oneway function results will be dropped but finished with status OK and parcel size 4
01-18 16:00:58.211 D/EventSequenceValidator( 1670): Transition from INTENT_STARTED to INTENT_FAILED
01-18 16:00:58.219 I/perfetto( 1016): ing_service_impl.cc:758 Configured tracing session 270, #sources:1, duration:5000 ms, #buffers:1, total buffer size:4096 KB, total sessions:1, uid:1071 session name: ""
01-18 16:00:58.220 I/perfetto( 1013): probes_producer.cc:230  Ftrace setup (target_buf=270)
01-18 16:00:58.221 E/perfetto( 1013): ace_config_muxer.cc:443 ftrace in use by non-Perfetto.
01-18 16:00:58.221 E/perfetto( 1013): probes_producer.cc:238  Failed to setup ftrace
01-18 16:00:58.221 E/perfetto( 1013): probes_producer.cc:176  Failed to create data source 'linux.ftrace'
01-18 16:00:58.223 E/perfetto( 1013): probes_producer.cc:191  Data source id=270 not found
01-18 16:00:58.956 I/init    (    0): starting service 'smartmu'...
01-18 16:00:59.091 D/SMARTMU (22888): #(22888) [ main.cpp : 25] SmartMU Version , 
01-18 16:00:59.093 E/AsymmetricDecrypt(22888): [AsymmetricDecrypt::acquireKeyFile] KeyPath - /system/vendor/keys/TC52AXANF/proxyframework 
01-18 16:00:59.097 E/AsymmetricDecrypt(22888): [AsymmetricDecrypt::ObtainSeedText] Buffer - Zebra Technologies/TC52AXANF/TC52AX/proxyframework 
01-18 16:00:59.097 E/AsymmetricDecrypt(22888): [AsymmetricDecrypt::NativeAuthenticate] Authentication failed. zDecodedText returned by ReadAndDecodeEncryptedText = Zebra Technologies/TC52AX/TC52AX/proxyframework, zBuf returned by ObtainSeedText = Zebra Technologies/TC52AXANF/TC52AX/proxyframework
01-18 16:00:59.097 D/SMARTMU (22888): #(22888) [ main.cpp : 31] Authentication failed
01-18 16:00:59.205 I/qccsyshalservice(22890): Start with system binder
01-18 16:00:59.207 I/qccsyshalservice(22890): Registering qccsyshal service...
01-18 16:00:59.210 I/hwservicemanager(  512): getTransport: Cannot find entry vendor.qti.hardware.qccsyshal@1.0::IQccsyshal/qccsyshal in either framework or device manifest.
01-18 16:00:59.211 E/HidlServiceManagement(22890): Service vendor.qti.hardware.qccsyshal@1.0::IQccsyshal/qccsyshal must be in VINTF manifest in order to register/get.
01-18 16:00:59.212 E/qccsyshalservice(22890): [ERROR] registerAsService() failed with status: -2147483648
01-18 16:00:59.252 I/init    (    0): Service 'qccsyshalservice' (pid 22890) exited with status 1
01-18 16:00:59.252 I/init    (    0): Sending signal 9 to service 'qccsyshalservice' (pid 22890) process group...
01-18 16:00:59.253 I/libprocessgroup(    0): Successfully killed process cgroup uid 1000 pid 22890 in 0ms
01-18 16:00:59.341 I/vendor.qti.hardware.qccvndhal@1.0-service(22891): Start with vendor binder
01-18 16:00:59.343 I/vendor.qti.hardware.qccvndhal@1.0-service(22891): Registering qccvndhal service...
01-18 16:00:59.347 I/hwservicemanager(  512): getTransport: Cannot find entry vendor.qti.hardware.qccvndhal@1.0::IQccvndhal/qccvndhal in either framework or device manifest.
01-18 16:00:59.348 E/HidlServiceManagement(22891): Service vendor.qti.hardware.qccvndhal@1.0::IQccvndhal/qccvndhal must be in VINTF manifest in order to register/get.
01-18 16:00:59.349 E/vendor.qti.hardware.qccvndhal@1.0-service(22891): [ERROR] registerAsService() failed with status: -2147483648
01-18 16:00:59.373 I/init    (    0): Service 'qccvndhalservice' (pid 22891) exited with status 1
01-18 16:01:00.006 D/KeyguardUpdateMonitor( 1897): received broadcast android.intent.action.TIME_TICK
01-18 16:01:00.007 D/KeyguardUpdateMonitor( 1897): handleTimeUpdate
01-18 16:01:00.008 D/KeyguardClockSwitch( 1897): Updating clock: 4î¸01
01-18 16:01:00.017 D/CompatibilityInfo( 1670): mCompatibilityFlags - 0
01-18 16:01:00.018 D/CompatibilityInfo( 1670): applicationDensity - 480
01-18 16:01:00.018 D/CompatibilityInfo( 1670): applicationScale - 1.0
01-18 16:01:00.326 D/CompatibilityInfo( 1670): mCompatibilityFlags - 0
01-18 16:01:00.326 D/CompatibilityInfo( 1670): applicationDensity - 480
01-18 16:01:00.326 D/CompatibilityInfo( 1670): applicationScale - 1.0
01-18 16:01:00.334 I/cmd     (22895): oneway function results will be dropped but finished with status OK and parcel size 4
01-18 16:01:00.340 I/NextSubtest service( 4265): hit
01-18 16:01:00.355 E/        (    0): [SDL] misc_ioctl msg.len is 3 : 0x77 0x03 0x86
01-18 16:01:00.360 E/        (    0): [SDL] misc_ioctl msg.len is 2 : 0x88 0x00
01-18 16:01:00.371 E/        (    0): [SDL] misc_ioctl msg.len is 2 : 0x88 0x00
01-18 16:01:00.392 E/        (    0): [SDL] misc_ioctl msg.len is 2 : 0xa7 0x00
01-18 16:01:00.398 E/        (    0): [SDL] misc_ioctl msg.len is 3 : 0x77 0x03 0x86
01-18 16:01:00.403 E/        (    0): [SDL] misc_ioctl msg.len is 2 : 0x88 0x00
01-18 16:01:00.409 E/        (    0): [SDL] misc_ioctl msg.len is 3 : 0x77 0x08 0x81
01-18 16:01:00.415 E/        (    0): [SDL] misc_ioctl msg.len is 2 : 0x88 0x00
01-18 16:01:00.419 E/        (    0): [SDL] misc_ioctl msg.len is 3 : 0x58 0x00 0xa8
01-18 16:01:00.424 E/        (    0): [SDL] misc_ioctl msg.len is 2 : 0xa7 0x00
01-18 16:01:00.853 D/logd    (    0): logdr: UID=0 GID=0 PID=22901 b tail=0 logMask=99 pid=0 start=0ns timeout=0ns
01-18 16:01:01.016 D/audio_hw_primary(  718): out_standby: enter: stream (0xf1a864c0) usecase(1: low-latency-playback)
01-18 16:01:01.083 I/afe_close(    0): port_id = 0x4000
01-18 16:01:01.092 D/audio_hw_primary(  718): disable_audio_route: reset and update mixer path: low-latency-playback
01-18 16:01:01.094 D/soundtrigger(  718): audio_extn_sound_trigger_update_stream_status: uc_info->id 1 of type 0 for Event 2, with Raise=0
01-18 16:01:01.095 D/hardware_info(  718): hw_info_append_hw_type : device_name = speaker
01-18 16:01:01.095 D/audio_hw_primary(  718): disable_snd_device: snd_device(2: speaker)
01-18 16:01:01.109 I/soundtrigger(  718): audio_extn_sound_trigger_update_device_status: device 0x2 of type 0 for Event 0, with Raise=0
01-18 16:01:01.112 I/system_server( 1670): oneway function results will be dropped but finished with status OK and parcel size 4
01-18 16:01:01.980 W/healthd (    0): battery l=10 v=3341 t=42.0 h=2 st=2 c=-26855 fc=4008000 cc=2 chg=u
01-18 16:01:01.979 W/adbd    ( 3678): timeout expired while flushing socket, closing
01-18 16:01:02.005 D/BatteryService( 1670): level : 10 / status : 2/Health : 2/Decommission : 0
01-18 16:01:02.010 D/BatterySwapServ( 3346): onReceive BATTERY_CHANGED
01-18 16:01:02.011 W/ContextImpl( 3183): Calling a method in the system process without a qualified user: android.app.ContextImpl.startService:1669 android.content.ContextWrapper.startService:720 com.symbol.batterymanager.model.BatteryManagerReceiver.startBatteryApplicationService:81 com.symbol.batterymanager.model.BatteryManagerReceiver.onReceive:47 android.app.LoadedApk$ReceiverDispatcher$Args.lambda$getRunnable$0$LoadedApk$ReceiverDispatcher$Args:1580 
01-18 16:01:02.011 D/HighTemperatureReceiver(11246): Receive action: android.intent.action.BATTERY_CHANGED
01-18 16:01:02.012 D/BatterySwapServ( 3346): battery changed: present=true level=10 plugType=2 shutdownLevel=4 batteryType = 201 serialnumber =T6560
01-18 16:01:02.012 D/com.symbol.dataanalytics.a.a.d.b( 4979): Received battery event
01-18 16:01:02.012 D/com.symbol.dataanalytics.a.a.d.b( 4979): BatteryFactory event action = android.intent.action.BATTERY_CHANGED
01-18 16:01:02.017 D/UsbCradleMode(20319): onReceive:Battery change, status:2
01-18 16:01:02.020 V/BatteryApplicationService( 3183): BatteryType  201
01-18 16:01:02.036 D/KeyguardUpdateMonitor( 1897): received broadcast android.intent.action.BATTERY_CHANGED
01-18 16:01:02.048 D/KeyguardUpdateMonitor( 1897): handleBatteryUpdate
01-18 16:01:02.091 D/BatteryService( 1670): level : 10 / status : 2/Health : 2/Decommission : 0
01-18 16:01:02.094 D/com.symbol.dataanalytics.a.a.d.b( 4979): Received battery event
01-18 16:01:02.094 D/com.symbol.dataanalytics.a.a.d.b( 4979): BatteryFactory event action = android.intent.action.BATTERY_CHANGED
01-18 16:01:02.094 W/ContextImpl( 3183): Calling a method in the system process without a qualified user: android.app.ContextImpl.startService:1669 android.content.ContextWrapper.startService:720 com.symbol.batterymanager.model.BatteryManagerReceiver.startBatteryApplicationService:81 com.symbol.batterymanager.model.BatteryManagerReceiver.onReceive:47 android.app.LoadedApk$ReceiverDispatcher$Args.lambda$getRunnable$0$LoadedApk$ReceiverDispatcher$Args:1580 
01-18 16:01:02.095 D/BatterySwapServ( 3346): onReceive BATTERY_CHANGED
01-18 16:01:02.096 D/BatterySwapServ( 3346): battery changed: present=true level=10 plugType=2 shutdownLevel=4 batteryType = 201 serialnumber =T6560
01-18 16:01:02.096 D/UsbCradleMode(20319): onReceive:Battery change, status:2
01-18 16:01:02.096 D/HighTemperatureReceiver(11246): Receive action: android.intent.action.BATTERY_CHANGED
01-18 16:01:02.098 V/BatteryApplicationService( 3183): BatteryType  201
01-18 16:01:02.113 D/KeyguardUpdateMonitor( 1897): received broadcast android.intent.action.BATTERY_CHANGED
01-18 16:01:02.121 D/KeyguardUpdateMonitor( 1897): handleBatteryUpdate
01-18 16:01:02.159 D/BatteryService( 1670): level : 10 / status : 2/Health : 2/Decommission : 0
01-18 16:01:02.164 W/ContextImpl( 3183): Calling a method in the system process without a qualified user: android.app.ContextImpl.startService:1669 android.content.ContextWrapper.startService:720 com.symbol.batterymanager.model.BatteryManagerReceiver.startBatteryApplicationService:81 com.symbol.batterymanager.model.BatteryManagerReceiver.onReceive:47 android.app.LoadedApk$ReceiverDispatcher$Args.lambda$getRunnable$0$LoadedApk$ReceiverDispatcher$Args:1580 
01-18 16:01:02.165 D/BatterySwapServ( 3346): onReceive BATTERY_CHANGED
01-18 16:01:02.165 D/com.symbol.dataanalytics.a.a.d.b( 4979): Received battery event
01-18 16:01:02.165 D/com.symbol.dataanalytics.a.a.d.b( 4979): BatteryFactory event action = android.intent.action.BATTERY_CHANGED
01-18 16:01:02.166 D/BatterySwapServ( 3346): battery changed: present=true level=10 plugType=2 shutdownLevel=4 batteryType = 201 serialnumber =T6560
01-18 16:01:02.166 D/HighTemperatureReceiver(11246): Receive action: android.intent.action.BATTERY_CHANGED
01-18 16:01:02.168 D/UsbCradleMode(20319): onReceive:Battery change, status:2
01-18 16:01:02.168 V/BatteryApplicationService( 3183): BatteryType  201
01-18 16:01:02.193 D/KeyguardUpdateMonitor( 1897): received broadcast android.intent.action.BATTERY_CHANGED
01-18 16:01:02.195 D/OSUService( 3114): dev-dbg:is_charging current_now -26855, batteryLevel: 10, isCharging(isCharging): true
01-18 16:01:02.195 D/OSUService( 3114): dev-dbg:is_charging ADAPTER_CHARGE_LIMIIT 500000
01-18 16:01:02.195 D/OSUService( 3114): dev-dbg:is_charging current_now > ADAPTER_CHARGE_LIMIIT false
01-18 16:01:02.195 D/OSUService( 3114): dev-dbg:is_charging conditionCheck false
01-18 16:01:02.195 D/OSUService( 3114): dev-dbg: battery change intent batteryLevel: 10, is_charging(context): false, STATE: 1
01-18 16:01:02.199 D/KeyguardUpdateMonitor( 1897): handleBatteryUpdate
01-18 16:01:02.257 D/OSUService( 3114): dev-dbg:is_charging current_now -26855, batteryLevel: 10, isCharging(isCharging): true
01-18 16:01:02.257 D/OSUService( 3114): dev-dbg:is_charging ADAPTER_CHARGE_LIMIIT 500000
01-18 16:01:02.257 D/OSUService( 3114): dev-dbg:is_charging current_now > ADAPTER_CHARGE_LIMIIT false
01-18 16:01:02.257 D/OSUService( 3114): dev-dbg:is_charging conditionCheck false
01-18 16:01:02.257 D/OSUService( 3114): dev-dbg: calling for suspend
01-18 16:01:02.257 I/OSUService( 3114): handle_ab_suspend -1 2
01-18 16:01:02.258 E/OSUService( 3114): Can't Suspend - there are no update in progress
01-18 16:01:02.258 D/OSUService( 3114): dev-dbg: battery change intent finished
01-18 16:01:02.316 D/OSUService( 3114): dev-dbg:is_charging current_now -26855, batteryLevel: 10, isCharging(isCharging): true
01-18 16:01:02.317 D/OSUService( 3114): dev-dbg:is_charging ADAPTER_CHARGE_LIMIIT 500000
01-18 16:01:02.317 D/OSUService( 3114): dev-dbg:is_charging current_now > ADAPTER_CHARGE_LIMIIT false
01-18 16:01:02.317 D/OSUService( 3114): dev-dbg:is_charging conditionCheck false
01-18 16:01:02.317 D/OSUService( 3114): dev-dbg: battery change intent batteryLevel: 10, is_charging(context): false, STATE: 1
01-18 16:01:02.396 D/OSUService( 3114): dev-dbg:is_charging current_now -26855, batteryLevel: 10, isCharging(isCharging): true
01-18 16:01:02.396 D/OSUService( 3114): dev-dbg:is_charging ADAPTER_CHARGE_LIMIIT 500000
01-18 16:01:02.396 D/OSUService( 3114): dev-dbg:is_charging current_now > ADAPTER_CHARGE_LIMIIT false
01-18 16:01:02.396 D/OSUService( 3114): dev-dbg:is_charging conditionCheck false
01-18 16:01:02.396 D/OSUService( 3114): dev-dbg: calling for suspend
01-18 16:01:02.396 I/OSUService( 3114): handle_ab_suspend -1 2
01-18 16:01:02.397 E/OSUService( 3114): Can't Suspend - there are no update in progress
01-18 16:01:02.397 D/OSUService( 3114): dev-dbg: battery change intent finished
01-18 16:01:02.426 D/OSUService( 3114): dev-dbg:is_charging current_now -26855, batteryLevel: 10, isCharging(isCharging): true
01-18 16:01:02.427 D/OSUService( 3114): dev-dbg:is_charging ADAPTER_CHARGE_LIMIIT 500000
01-18 16:01:02.427 D/OSUService( 3114): dev-dbg:is_charging current_now > ADAPTER_CHARGE_LIMIIT false
01-18 16:01:02.427 D/OSUService( 3114): dev-dbg:is_charging conditionCheck false
01-18 16:01:02.427 D/OSUService( 3114): dev-dbg: battery change intent batteryLevel: 10, is_charging(context): false, STATE: 1
01-18 16:01:02.430 D/OSUService( 3114): dev-dbg:is_charging current_now -26855, batteryLevel: 10, isCharging(isCharging): true
01-18 16:01:02.431 D/OSUService( 3114): dev-dbg:is_charging ADAPTER_CHARGE_LIMIIT 500000
01-18 16:01:02.431 D/OSUService( 3114): dev-dbg:is_charging current_now > ADAPTER_CHARGE_LIMIIT false
01-18 16:01:02.431 D/OSUService( 3114): dev-dbg:is_charging conditionCheck false
01-18 16:01:02.431 D/OSUService( 3114): dev-dbg: calling for suspend
01-18 16:01:02.431 I/OSUService( 3114): handle_ab_suspend -1 2
01-18 16:01:02.431 E/OSUService( 3114): Can't Suspend - there are no update in progress
01-18 16:01:02.431 D/OSUService( 3114): dev-dbg: battery change intent finished
01-18 16:01:03.234 I/perfetto( 1013): probes_producer.cc:329  Producer stop (id=270)
01-18 16:01:03.234 E/perfetto( 1013): probes_producer.cc:333  Cannot stop data source id=270, not found
01-18 16:01:03.272 D/BatteryService( 1670): level : 10 / status : 2/Health : 2/Decommission : 0
01-18 16:01:03.276 D/HighTemperatureReceiver(11246): Receive action: android.intent.action.BATTERY_CHANGED
01-18 16:01:03.277 D/BatterySwapServ( 3346): onReceive BATTERY_CHANGED
01-18 16:01:03.277 D/BatterySwapServ( 3346): battery changed: present=true level=10 plugType=2 shutdownLevel=4 batteryType = 201 serialnumber =T6560
01-18 16:01:03.278 W/ContextImpl( 3183): Calling a method in the system process without a qualified user: android.app.ContextImpl.startService:1669 android.content.ContextWrapper.startService:720 com.symbol.batterymanager.model.BatteryManagerReceiver.startBatteryApplicationService:81 com.symbol.batterymanager.model.BatteryManagerReceiver.onReceive:47 android.app.LoadedApk$ReceiverDispatcher$Args.lambda$getRunnable$0$LoadedApk$ReceiverDispatcher$Args:1580 
01-18 16:01:03.279 D/com.symbol.dataanalytics.a.a.d.b( 4979): Received battery event
01-18 16:01:03.279 D/com.symbol.dataanalytics.a.a.d.b( 4979): BatteryFactory event action = android.intent.action.BATTERY_CHANGED
01-18 16:01:03.279 D/UsbCradleMode(20319): onReceive:Battery change, status:2
01-18 16:01:03.293 V/BatteryApplicationService( 3183): BatteryType  201
01-18 16:01:03.297 D/EventSequenceValidator( 1670): Transition from INTENT_FAILED to INTENT_STARTED
01-18 16:01:03.300 I/ActivityTaskManager( 1670): START u0 {flg=0x10000000 cmp=sdl.android.testapp/.SW_Decode_Android_TestApp_Activity} from uid 0
01-18 16:01:03.303 D/OSUService( 3114): dev-dbg:is_charging current_now 172363, batteryLevel: 10, isCharging(isCharging): true
01-18 16:01:03.303 D/OSUService( 3114): dev-dbg:is_charging ADAPTER_CHARGE_LIMIIT 500000
01-18 16:01:03.304 D/OSUService( 3114): dev-dbg:is_charging current_now > ADAPTER_CHARGE_LIMIIT false
01-18 16:01:03.304 D/OSUService( 3114): dev-dbg:is_charging conditionCheck false
01-18 16:01:03.304 D/OSUService( 3114): dev-dbg: battery change intent batteryLevel: 10, is_charging(context): false, STATE: 1
01-18 16:01:03.309 D/OSUService( 3114): dev-dbg:is_charging current_now 172363, batteryLevel: 10, isCharging(isCharging): true
01-18 16:01:03.309 D/OSUService( 3114): dev-dbg:is_charging ADAPTER_CHARGE_LIMIIT 500000
01-18 16:01:03.309 D/OSUService( 3114): dev-dbg:is_charging current_now > ADAPTER_CHARGE_LIMIIT false
01-18 16:01:03.309 D/OSUService( 3114): dev-dbg:is_charging conditionCheck false
01-18 16:01:03.309 D/OSUService( 3114): dev-dbg: calling for suspend
01-18 16:01:03.309 I/OSUService( 3114): handle_ab_suspend -1 2
01-18 16:01:03.309 E/OSUService( 3114): Can't Suspend - there are no update in progress
01-18 16:01:03.309 D/OSUService( 3114): dev-dbg: battery change intent finished
01-18 16:01:03.311 D/EventSequenceValidator( 1670): Transition from INTENT_STARTED to INTENT_FAILED
01-18 16:01:03.312 I/cmd     (22912): oneway function results will be dropped but finished with status OK and parcel size 4
01-18 16:01:03.323 D/KeyguardUpdateMonitor( 1897): received broadcast android.intent.action.BATTERY_CHANGED
01-18 16:01:03.332 D/KeyguardUpdateMonitor( 1897): handleBatteryUpdate
01-18 16:01:02.252 W/healthd (    0): battery l=10 v=3341 t=42.0 h=2 st=2 c=-26855 fc=4008000 cc=2 chg=u
01-18 16:01:04.116 I/init    (    0): starting service 'qccsyshalservice'...
01-18 16:01:04.117 D/SMARTMU (22917): #(22917) [ main.cpp : 25] SmartMU Version , 
01-18 16:01:04.119 E/AsymmetricDecrypt(22917): [AsymmetricDecrypt::acquireKeyFile] KeyPath - /system/vendor/keys/TC52AXANF/proxyframework 
01-18 16:01:04.123 E/AsymmetricDecrypt(22917): [AsymmetricDecrypt::ObtainSeedText] Buffer - Zebra Technologies/TC52AXANF/TC52AX/proxyframework 
01-18 16:01:04.123 E/AsymmetricDecrypt(22917): [AsymmetricDecrypt::NativeAuthenticate] Authentication failed. zDecodedText returned by ReadAndDecodeEncryptedText = Zebra Technologies/TC52AX/TC52AX/proxyframework, zBuf returned by ObtainSeedText = Zebra Technologies/TC52AXANF/TC52AX/proxyframework
01-18 16:01:04.123 D/SMARTMU (22917): #(22917) [ main.cpp : 31] Authentication failed
01-18 16:01:04.151 I/init    (    0): Service 'smartmu' (pid 22917) exited with status 0
01-18 16:01:04.152 I/libprocessgroup(    0): Successfully killed process cgroup uid 0 pid 22917 in 0ms
01-18 16:01:04.229 I/qccsyshalservice(22919): Start with system binder
01-18 16:01:04.231 I/qccsyshalservice(22919): Registering qccsyshal service...
01-18 16:01:04.235 I/hwservicemanager(  512): getTransport: Cannot find entry vendor.qti.hardware.qccsyshal@1.0::IQccsyshal/qccsyshal in either framework or device manifest.
01-18 16:01:04.236 E/HidlServiceManagement(22919): Service vendor.qti.hardware.qccsyshal@1.0::IQccsyshal/qccsyshal must be in VINTF manifest in order to register/get.
01-18 16:01:04.236 E/qccsyshalservice(22919): [ERROR] registerAsService() failed with status: -2147483648
01-18 16:01:04.248 I/init    (    0): starting service 'qccvndhalservice'...
01-18 16:01:04.362 I/vendor.qti.hardware.qccvndhal@1.0-service(22920): Start with vendor binder
01-18 16:01:04.364 I/vendor.qti.hardware.qccvndhal@1.0-service(22920): Registering qccvndhal service...
01-18 16:01:04.370 I/hwservicemanager(  512): getTransport: Cannot find entry vendor.qti.hardware.qccvndhal@1.0::IQccvndhal/qccvndhal in either framework or device manifest.
01-18 16:01:04.371 E/HidlServiceManagement(22920): Service vendor.qti.hardware.qccvndhal@1.0::IQccvndhal/qccvndhal must be in VINTF manifest in order to register/get.
01-18 16:01:04.371 E/vendor.qti.hardware.qccvndhal@1.0-service(22920): [ERROR] registerAsService() failed with status: -2147483648
01-18 16:01:04.396 I/init    (    0): Service 'qccvndhalservice' (pid 22920) exited with status 1
01-18 16:01:06.298 D/BatteryService( 1670): level : 11 / status : 2/Health : 2/Decommission : 0
01-18 16:01:06.301 D/BatterySwapServ( 3346): onReceive BATTERY_CHANGED
01-18 16:01:06.301 D/BatterySwapServ( 3346): battery changed: present=true level=11 plugType=2 shutdownLevel=4 batteryType = 201 serialnumber =T6560
01-18 16:01:06.302 W/ContextImpl( 3183): Calling a method in the system process without a qualified user: android.app.ContextImpl.startService:1669 android.content.ContextWrapper.startService:720 com.symbol.batterymanager.model.BatteryManagerReceiver.startBatteryApplicationService:81 com.symbol.batterymanager.model.BatteryManagerReceiver.onReceive:47 android.app.LoadedApk$ReceiverDispatcher$Args.lambda$getRunnable$0$LoadedApk$ReceiverDispatcher$Args:1580 
01-18 16:01:06.304 D/UsbCradleMode(20319): onReceive:Battery change, status:2
01-18 16:01:06.304 D/com.symbol.dataanalytics.a.a.d.b( 4979): Received battery event
01-18 16:01:06.304 D/com.symbol.dataanalytics.a.a.d.b( 4979): BatteryFactory event action = android.intent.action.BATTERY_CHANGED
01-18 16:01:06.305 D/HighTemperatureReceiver(11246): Receive action: android.intent.action.BATTERY_CHANGED
01-18 16:01:06.314 V/BatteryApplicationService( 3183): BatteryType  201
01-18 16:01:06.316 D/OSUService( 3114): dev-dbg:is_charging current_now 221191, batteryLevel: 11, isCharging(isCharging): true
01-18 16:01:06.316 D/OSUService( 3114): dev-dbg:is_charging ADAPTER_CHARGE_LIMIIT 500000
01-18 16:01:06.316 D/OSUService( 3114): dev-dbg:is_charging current_now > ADAPTER_CHARGE_LIMIIT false
01-18 16:01:06.316 D/OSUService( 3114): dev-dbg:is_charging conditionCheck false
01-18 16:01:06.316 D/OSUService( 3114): dev-dbg: battery change intent batteryLevel: 11, is_charging(context): false, STATE: 1
01-18 16:01:06.324 D/OSUService( 3114): dev-dbg:is_charging current_now 221191, batteryLevel: 11, isCharging(isCharging): true
01-18 16:01:06.325 D/OSUService( 3114): dev-dbg:is_charging ADAPTER_CHARGE_LIMIIT 500000
01-18 16:01:06.325 D/OSUService( 3114): dev-dbg:is_charging current_now > ADAPTER_CHARGE_LIMIIT false
01-18 16:01:06.325 D/OSUService( 3114): dev-dbg:is_charging conditionCheck false
01-18 16:01:06.325 D/OSUService( 3114): dev-dbg: calling for suspend
01-18 16:01:06.325 I/OSUService( 3114): handle_ab_suspend -1 2
01-18 16:01:06.325 E/OSUService( 3114): Can't Suspend - there are no update in progress
01-18 16:01:06.326 D/OSUService( 3114): dev-dbg: battery change intent finished
01-18 16:01:06.330 D/KeyguardUpdateMonitor( 1897): received broadcast android.intent.action.BATTERY_CHANGED
01-18 16:01:06.343 D/KeyguardUpdateMonitor( 1897): handleBatteryUpdate
01-18 16:01:06.435 I/IRQ 6   (    0): no longer affine to CPU6
01-18 16:01:08.232 W/perfetto( 1016): ng_service_impl.cc:1275 Timeout while waiting for ACKs for tracing session 270
01-18 16:01:08.239 I/perfetto( 1016): ng_service_impl.cc:1948 Tracing session 270 ended, total sessions:0
01-18 16:01:08.251 I/swapper/0(    0): type=1400 audit(0.0:12297): avc: denied { kill } for capability=5 scontext=u:r:kernel:s0 tcontext=u:r:kernel:s0 tclass=capability permissive=1
01-18 16:01:09.008 I/init    (    0): starting service 'smartmu'...
01-18 16:01:09.128 D/SMARTMU (22924): #(22924) [ main.cpp : 25] SmartMU Version , 
01-18 16:01:09.130 E/AsymmetricDecrypt(22924): [AsymmetricDecrypt::acquireKeyFile] KeyPath - /system/vendor/keys/TC52AXANF/proxyframework 
01-18 16:01:09.133 E/AsymmetricDecrypt(22924): [AsymmetricDecrypt::ObtainSeedText] Buffer - Zebra Technologies/TC52AXANF/TC52AX/proxyframework 
01-18 16:01:09.134 E/AsymmetricDecrypt(22924): [AsymmetricDecrypt::NativeAuthenticate] Authentication failed. zDecodedText returned by ReadAndDecodeEncryptedText = Zebra Technologies/TC52AX/TC52AX/proxyframework, zBuf returned by ObtainSeedText = Zebra Technologies/TC52AXANF/TC52AX/proxyframework
01-18 16:01:09.134 D/SMARTMU (22924): #(22924) [ main.cpp : 31] Authentication failed
01-18 16:01:09.249 I/qccsyshalservice(22926): Start with system binder
01-18 16:01:09.250 I/qccsyshalservice(22926): Registering qccsyshal service...
01-18 16:01:09.253 I/hwservicemanager(  512): getTransport: Cannot find entry vendor.qti.hardware.qccsyshal@1.0::IQccsyshal/qccsyshal in either framework or device manifest.
01-18 16:01:09.254 E/HidlServiceManagement(22926): Service vendor.qti.hardware.qccsyshal@1.0::IQccsyshal/qccsyshal must be in VINTF manifest in order to register/get.
01-18 16:01:09.254 E/qccsyshalservice(22926): [ERROR] registerAsService() failed with status: -2147483648
01-18 16:01:09.341 I/vendor.qti.hard(22927): type=1400 audit(0.0:12298): avc: denied { search } for name="/" dev="sda10" ino=2 scontext=u:r:vendor_hal_qccvndhal_qti:s0 tcontext=u:object_r:factory_file:s0 tclass=dir permissive=1
01-18 16:01:09.383 I/vendor.qti.hardware.qccvndhal@1.0-service(22927): Start with vendor binder
01-18 16:01:09.384 I/vendor.qti.hardware.qccvndhal@1.0-service(22927): Registering qccvndhal service...
01-18 16:01:09.387 I/hwservicemanager(  512): getTransport: Cannot find entry vendor.qti.hardware.qccvndhal@1.0::IQccvndhal/qccvndhal in either framework or device manifest.
01-18 16:01:09.389 E/HidlServiceManagement(22927): Service vendor.qti.hardware.qccvndhal@1.0::IQccvndhal/qccvndhal must be in VINTF manifest in order to register/get.
01-18 16:01:09.389 E/vendor.qti.hardware.qccvndhal@1.0-service(22927): [ERROR] registerAsService() failed with status: -2147483648
01-18 16:01:13.418 E/BatteryStatsService( 1670): Power Hal not loaded
01-18 16:01:13.418 D/BatteryService( 1670): level : 11 / status : 2/Health : 2/Decommission : 0
01-18 16:01:13.428 D/BatterySwapServ( 3346): onReceive BATTERY_CHANGED
01-18 16:01:13.429 D/BatterySwapServ( 3346): battery changed: present=true level=11 plugType=2 shutdownLevel=4 batteryType = 201 serialnumber =T6560
01-18 16:01:13.430 D/com.symbol.dataanalytics.a.a.d.b( 4979): Received battery event
01-18 16:01:13.430 D/com.symbol.dataanalytics.a.a.d.b( 4979): BatteryFactory event action = android.intent.action.BATTERY_CHANGED
01-18 16:01:13.430 W/ContextImpl( 3183): Calling a method in the system process without a qualified user: android.app.ContextImpl.startService:1669 android.content.ContextWrapper.startService:720 com.symbol.batterymanager.model.BatteryManagerReceiver.startBatteryApplicationService:81 com.symbol.batterymanager.model.BatteryManagerReceiver.onReceive:47 android.app.LoadedApk$ReceiverDispatcher$Args.lambda$getRunnable$0$LoadedApk$ReceiverDispatcher$Args:1580 
01-18 16:01:13.430 D/UsbCradleMode(20319): onReceive:Battery change, status:2
01-18 16:01:13.431 D/HighTemperatureReceiver(11246): Receive action: android.intent.action.BATTERY_CHANGED
01-18 16:01:13.444 D/KeyguardUpdateMonitor( 1897): received broadcast android.intent.action.BATTERY_CHANGED
01-18 16:01:13.453 D/KeyguardUpdateMonitor( 1897): handleBatteryUpdate
01-18 16:01:13.869 E/KernelCpuSpeedReader( 1670): Failed to read cpu-freq: /sys/devices/system/cpu/cpu4/cpufreq/stats/time_in_state: open failed: ENOENT (No such file or directory)
01-18 16:01:13.869 E/KernelCpuSpeedReader( 1670): Failed to read cpu-freq: /sys/devices/system/cpu/cpu0/cpufreq/stats/time_in_state: open failed: ENOENT (No such file or directory)
01-18 16:01:13.861 I/Binder:581_1(  581): type=1400 audit(0.0:12299): avc: denied { read } for name="wakeup48" dev="sysfs" ino=61027 scontext=u:r:system_suspend:s0 tcontext=u:object_r:sysfs:s0 tclass=dir permissive=1
01-18 16:01:13.861 I/Binder:581_1(  581): type=1400 audit(0.0:12300): avc: denied { open } for path="/sys/devices/virtual/misc/msm_mp3/wakeup48" dev="sysfs" ino=61027 scontext=u:r:system_suspend:s0 tcontext=u:object_r:sysfs:s0 tclass=dir permissive=1
01-18 16:01:13.861 I/Binder:581_1(  581): type=1400 audit(0.0:12301): avc: denied { read } for name="event_count" dev="sysfs" ino=61034 scontext=u:r:system_suspend:s0 tcontext=u:object_r:sysfs:s0 tclass=file permissive=1
01-18 16:01:13.861 I/Binder:581_1(  581): type=1400 audit(0.0:12302): avc: denied { open } for path="/sys/devices/virtual/misc/msm_mp3/wakeup48/event_count" dev="sysfs" ino=61034 scontext=u:r:system_suspend:s0 tcontext=u:object_r:sysfs:s0 tclass=file permissive=1
01-18 16:01:13.861 I/Binder:581_1(  581): type=1400 audit(0.0:12303): avc: denied { getattr } for path="/sys/devices/virtual/misc/msm_mp3/wakeup48/event_count" dev="sysfs" ino=61034 scontext=u:r:system_suspend:s0 tcontext=u:object_r:sysfs:s0 tclass=file permissive=1
01-18 16:01:14.019 W/system_server( 1670): Long monitor contention with owner batterystats-worker (1708) at void com.android.server.am.BatteryExternalStatsWorker.updateExternalStatsLocked(java.lang.String, int, boolean, boolean, boolean)(BatteryExternalStatsWorker.java:508) waiters=0 in boolean com.android.server.am.BatteryStatsService.isCharging() for 591ms
01-18 16:01:14.021 W/system_server( 1670): Long monitor contention with owner batterystats-worker (1708) at void com.android.server.am.BatteryExternalStatsWorker.updateExternalStatsLocked(java.lang.String, int, boolean, boolean, boolean)(BatteryExternalStatsWorker.java:508) waiters=1 in android.content.ComponentName com.android.server.am.ActiveServices.startServiceInnerLocked(com.android.server.am.ActiveServices$ServiceMap, android.content.Intent, com.android.server.am.ServiceRecord, boolean, boolean) for 590ms
01-18 16:01:14.024 W/system_server( 1670): Long monitor contention with owner batterystats-worker (1708) at void com.android.server.am.BatteryExternalStatsWorker.updateExternalStatsLocked(java.lang.String, int, boolean, boolean, boolean)(BatteryExternalStatsWorker.java:508) waiters=2 in long com.android.server.am.BatteryStatsService.computeChargeTimeRemaining() for 571ms
01-18 16:01:14.027 D/CompatibilityInfo( 1670): mCompatibilityFlags - 0
01-18 16:01:14.027 D/CompatibilityInfo( 1670): applicationDensity - 480
01-18 16:01:14.027 D/CompatibilityInfo( 1670): applicationScale - 1.0
01-18 16:01:14.029 V/BatteryApplicationService( 3183): BatteryType  201
01-18 16:01:14.030 D/OSUService( 3114): dev-dbg:is_charging current_now -345214, batteryLevel: 11, isCharging(isCharging): true
01-18 16:01:14.030 D/OSUService( 3114): dev-dbg:is_charging ADAPTER_CHARGE_LIMIIT 500000
01-18 16:01:14.031 D/OSUService( 3114): dev-dbg:is_charging current_now > ADAPTER_CHARGE_LIMIIT false
01-18 16:01:14.031 I/NextSubtest service( 4265): hit
01-18 16:01:14.031 D/OSUService( 3114): dev-dbg:is_charging conditionCheck false
01-18 16:01:14.031 D/OSUService( 3114): dev-dbg: battery change intent batteryLevel: 11, is_charging(context): false, STATE: 1
01-18 16:01:14.032 D/SW_Decode_Android_TestApp_Activity( 4265): GetLastDecodedImageTests : 0
01-18 16:01:14.032 E/BCReader-JNI( 4265): mCancelCaptSession=0
01-18 16:01:14.031 I/cmd     (22933): oneway function results will be dropped but finished with status OK and parcel size 4
01-18 16:01:14.040 D/OSUService( 3114): dev-dbg:is_charging current_now -345214, batteryLevel: 11, isCharging(isCharging): true
01-18 16:01:14.041 D/OSUService( 3114): dev-dbg:is_charging ADAPTER_CHARGE_LIMIIT 500000
01-18 16:01:14.041 D/OSUService( 3114): dev-dbg:is_charging current_now > ADAPTER_CHARGE_LIMIIT false
01-18 16:01:14.041 D/OSUService( 3114): dev-dbg:is_charging conditionCheck false
01-18 16:01:14.041 D/OSUService( 3114): dev-dbg: calling for suspend
01-18 16:01:14.041 I/OSUService( 3114): handle_ab_suspend -1 2
01-18 16:01:14.042 E/OSUService( 3114): Can't Suspend - there are no update in progress
01-18 16:01:14.042 D/OSUService( 3114): dev-dbg: battery change intent finished
01-18 16:01:14.093 E/        (    0): [SDL] misc_ioctl msg.len is 2 : 0x88 0x00
01-18 16:01:14.103 E/        (    0): [SDL] misc_ioctl msg.len is 2 : 0x88 0x00
01-18 16:01:14.125 E/        (    0): [SDL] misc_ioctl msg.len is 2 : 0xa7 0x00
01-18 16:01:14.144 D/BCReader-JNI( 4265): CHECK camera_status_t ZebraCamera::createCaptureSession() /swdec/SDL/MR-2022/Release/SDL-ALAS00-011-R00-D01/Framework.SDL_standard/project/Android/proj_BarCodeReaderSDL/jni/camera2.h 1741
01-18 16:01:14.147 E/        (    0): [SDL] misc_ioctl msg.len is 2 : 0x7d 0x80
01-18 16:01:14.145 D/BCReader-JNI( 4265): CHECK camera_status_t ZebraCamera::createCaptureSession() /swdec/SDL/MR-2022/Release/SDL-ALAS00-011-R00-D01/Framework.SDL_standard/project/Android/proj_BarCodeReaderSDL/jni/camera2.h 1757
01-18 16:01:14.154 E/        (    0): [SDL] misc_ioctl msg.len is 3 : 0x77 0x02 0x87
01-18 16:01:14.145 D/BCReader-JNI( 4265): CHECK camera_status_t ZebraCamera::createCaptureSession() /swdec/SDL/MR-2022/Release/SDL-ALAS00-011-R00-D01/Framework.SDL_standard/project/Android/proj_BarCodeReaderSDL/jni/camera2.h 1769
01-18 16:01:14.145 D/BCReader-JNI( 4265): Call ACameraDevice_createCaptureSession createCaptureSession:1819
01-18 16:01:14.145 E/ACameraDevice( 4265): checkCameraClosedOrErrorLocked: camera device has encountered a serious error
01-18 16:01:14.145 D/BCReader-JNI( 4265): End ACameraDevice_createCaptureSession createCaptureSession:1822
01-18 16:01:14.145 E/BCReader-JNI( 4265): Create session for camera 0 failed. ret ACAMERA_ERROR_CAMERA_DEVICE session 0x0
01-18 16:01:14.145 E/BCReader-JNI( 4265): Camera 0 create CaptureSession request failed. ret -10005
01-18 16:01:14.168 D/SMARTMU (22937): #(22937) [ main.cpp : 25] SmartMU Version , 
01-18 16:01:14.173 E/AsymmetricDecrypt(22937): [AsymmetricDecrypt::acquireKeyFile] KeyPath - /system/vendor/keys/TC52AXANF/proxyframework 
01-18 16:01:14.177 E/AsymmetricDecrypt(22937): [AsymmetricDecrypt::ObtainSeedText] Buffer - Zebra Technologies/TC52AXANF/TC52AX/proxyframework 
01-18 16:01:14.178 E/AsymmetricDecrypt(22937): [AsymmetricDecrypt::NativeAuthenticate] Authentication failed. zDecodedText returned by ReadAndDecodeEncryptedText = Zebra Technologies/TC52AX/TC52AX/proxyframework, zBuf returned by ObtainSeedText = Zebra Technologies/TC52AXANF/TC52AX/proxyframework
01-18 16:01:14.178 D/SMARTMU (22937): #(22937) [ main.cpp : 31] Authentication failed
01-18 16:01:14.181 E/mm-camera(  722): <SENSOR><ERROR> 4883: sensor_get_frame_duration: resolution is invalid, it seems stream has stopped.
01-18 16:01:14.181 E/mm-camera(  722): <SENSOR><ERROR> 884: sensor_fc_report_meta: Failed to get frame duration
01-18 16:01:14.182 E/mm-camera(  722): <SENSOR><ERROR> 4805: sensor_get_exposure_time: resolution is invalid, it seems stream has stopped.
01-18 16:01:14.182 E/mm-camera(  722): <SENSOR><ERROR> 904: sensor_fc_report_meta: Failed to get exposure time
01-18 16:01:14.183 E/mm-camera(  722): <MCT   ><ERROR> 2722: mct_stream_process_bus_msg: Check the runing function blackjoe 
01-18 16:01:14.183 E/mm-camera(  722): <MCT   ><ERROR> 2755: mct_stream_process_bus_msg: isp_sof_bus_msg is 0xecac0130
01-18 16:01:14.184 E/mm-camera(  722): <MCT   ><ERROR> 2757: mct_stream_process_bus_msg: frameid is 42275 hal_version is 3
01-18 16:01:14.184 E/mm-camera(  722): <MCT   ><ERROR> 2759: mct_stream_process_bus_msg: kstate_ptr is 0xe9d5f254, isp_kstate_ptr is 0xeda49000
01-18 16:01:14.184 E/mm-camera(  722): <MCT   ><ERROR> 2765: mct_stream_process_bus_msg: frame_id is 42275
01-18 16:01:14.185 E/QCamera (  722): <MCI><ERROR> mm_stream_data_notify: 337: E, my_handle = 0x7200, fd = 69, state = 6 blackjoe
01-18 16:01:14.185 E/QCamera (  722): <MCI><ERROR> mm_stream_read_msm_frame: 1723: E, my_handle = 0x7200, fd = 69, state = 6 blackjoe
01-18 16:01:14.186 I/QCamera (  722): <MCI><INFO> mm_stream_read_msm_frame: 1770: VIDIOC_DQBUF buf_index 10, frame_idx 42274, stream type 7, rc 0,queued: 17, buf_type = 0 flags = 8192 FD = 69 my_num 0 buf fd 102
01-18 16:01:14.186 E/QCamera (  722): <MCI><ERROR> mm_stream_read_msm_frame: 1790: X rc = 0
01-18 16:01:14.186 I/QCamera (  722): <MCI><INFO> mm_stream_handle_rcvd_buf: 220: E, my_handle = 0x7200, fd = 69, state = 6
01-18 16:01:14.186 I/QCamera (  722): <MCI><INFO> mm_stream_handle_rcvd_buf: 244: has cb and it is active by blackjoe
01-18 16:01:14.187 I/QCamera (  722): <MCI><INFO> mm_stream_dispatch_app_data: 415: E, my_handle = 0x7200, fd = 69, state = 6
01-18 16:01:14.187 I/QCamera (  722): <MCI><INFO> mm_stream_dispatch_app_data: 436: frame_sync.is_active = 0, is_cb_active = 1
