--------- beginning of main
01-18 15:41:46.640 D/audio_hw_primary(  718): out_standby: enter: stream (0xf1a864c0) usecase(1: low-latency-playback)
--------- beginning of kernel
01-18 15:41:46.710 I/afe_close(    0): port_id = 0x4000
01-18 15:41:46.714 D/audio_hw_primary(  718): disable_audio_route: reset and update mixer path: low-latency-playback
01-18 15:41:46.717 D/soundtrigger(  718): audio_extn_sound_trigger_update_stream_status: uc_info->id 1 of type 0 for Event 2, with Raise=0
01-18 15:41:46.717 D/hardware_info(  718): hw_info_append_hw_type : device_name = speaker
01-18 15:41:46.718 D/audio_hw_primary(  718): disable_snd_device: snd_device(2: speaker)
01-18 15:41:46.737 E/        (    0): tavil_codec tavil_codec: ASoC: DAPM unknown pin Lineout_3 amp
01-18 15:41:46.734 I/soundtrigger(  718): audio_extn_sound_trigger_update_device_status: device 0x2 of type 0 for Event 0, with Raise=0
01-18 15:41:46.737 I/system_server( 1670): oneway function results will be dropped but finished with status OK and parcel size 4
01-18 15:41:47.831 I/swapper/3(    0): type=1400 audit(0.0:12100): avc: denied { kill } for capability=5 scontext=u:r:kernel:s0 tcontext=u:r:kernel:s0 tclass=capability permissive=1
01-18 15:41:48.951 I/perfetto( 1013): probes_producer.cc:329  Producer stop (id=217)
01-18 15:41:48.952 E/perfetto( 1013): probes_producer.cc:333  Cannot stop data source id=217, not found
01-18 15:41:49.291 D/CompatibilityInfo( 1670): mCompatibilityFlags - 0
01-18 15:41:49.291 D/CompatibilityInfo( 1670): applicationDensity - 480
01-18 15:41:49.291 D/CompatibilityInfo( 1670): applicationScale - 1.0
01-18 15:41:49.296 I/NextSubtest service( 4265): hit
01-18 15:41:49.305 E/        (    0): [SDL] misc_ioctl msg.len is 3 : 0x58 0x00 0xa8
01-18 15:41:49.318 E/        (    0): [SDL] misc_ioctl msg.len is 2 : 0xa7 0x00
01-18 15:41:49.318 E/        (    0): [SDL] se47xx_misc_ioctl ret = -107
01-18 15:41:49.322 E/        (    0): [SDL] misc_ioctl msg.len is 2 : 0xa7 0x00
01-18 15:41:49.327 E/        (    0): [SDL] misc_ioctl msg.len is 3 : 0x77 0x03 0x86
01-18 15:41:49.332 E/        (    0): [SDL] misc_ioctl msg.len is 2 : 0x88 0x00
01-18 15:41:49.338 E/        (    0): [SDL] misc_ioctl msg.len is 3 : 0x77 0x08 0x81
01-18 15:41:49.343 E/        (    0): [SDL] misc_ioctl msg.len is 2 : 0x88 0x00
01-18 15:41:49.348 E/        (    0): [SDL] misc_ioctl msg.len is 3 : 0x58 0x00 0xa8
01-18 15:41:49.353 E/        (    0): [SDL] misc_ioctl msg.len is 2 : 0xa7 0x00
01-18 15:41:49.360 E/        (    0): [SDL] misc_ioctl msg.len is 3 : 0x58 0x00 0xa8
01-18 15:41:49.364 E/        (    0): [SDL] misc_ioctl msg.len is 2 : 0xa7 0x00
01-18 15:41:49.369 E/        (    0): [SDL] misc_ioctl msg.len is 3 : 0x77 0x03 0x86
01-18 15:41:49.375 E/        (    0): [SDL] misc_ioctl msg.len is 2 : 0x88 0x00
01-18 15:41:49.380 E/        (    0): [SDL] misc_ioctl msg.len is 3 : 0x77 0x08 0x81
01-18 15:41:49.385 E/        (    0): [SDL] misc_ioctl msg.len is 2 : 0x88 0x00
01-18 15:41:49.391 E/        (    0): [SDL] misc_ioctl msg.len is 3 : 0x58 0x00 0xa8
01-18 15:41:49.396 E/        (    0): [SDL] misc_ioctl msg.len is 2 : 0xa7 0x00
01-18 15:41:49.776 D/logd    (    0): logdr: UID=0 GID=0 PID=18408 b tail=0 logMask=99 pid=0 start=0ns timeout=0ns
01-18 15:41:50.418 I/init    (    0): starting service 'qccsyshalservice'...
01-18 15:41:50.416 W/adbd    ( 3678): timeout expired while flushing socket, closing
01-18 15:41:50.457 I/init    (    0): starting service 'qccvndhalservice'...
01-18 15:41:50.488 D/SMARTMU (18418): #(18418) [ main.cpp : 25] SmartMU Version , 
01-18 15:41:50.491 E/AsymmetricDecrypt(18418): [AsymmetricDecrypt::acquireKeyFile] KeyPath - /system/vendor/keys/TC52AXANF/proxyframework 
01-18 15:41:50.494 E/AsymmetricDecrypt(18418): [AsymmetricDecrypt::ObtainSeedText] Buffer - Zebra Technologies/TC52AXANF/TC52AX/proxyframework 
01-18 15:41:50.494 E/AsymmetricDecrypt(18418): [AsymmetricDecrypt::NativeAuthenticate] Authentication failed. zDecodedText returned by ReadAndDecodeEncryptedText = Zebra Technologies/TC52AX/TC52AX/proxyframework, zBuf returned by ObtainSeedText = Zebra Technologies/TC52AXANF/TC52AX/proxyframework
01-18 15:41:50.494 D/SMARTMU (18418): #(18418) [ main.cpp : 31] Authentication failed
01-18 15:41:50.516 I/init    (    0): Service 'smartmu' (pid 18418) exited with status 0
01-18 15:41:50.516 I/init    (    0): Sending signal 9 to service 'smartmu' (pid 18418) process group...
01-18 15:41:50.518 I/libprocessgroup(    0): Successfully killed process cgroup uid 0 pid 18418 in 1ms
01-18 15:41:50.515 I/qccsyshalservice(18419): Start with system binder
01-18 15:41:50.516 I/qccsyshalservice(18419): Registering qccsyshal service...
01-18 15:41:50.519 I/hwservicemanager(  512): getTransport: Cannot find entry vendor.qti.hardware.qccsyshal@1.0::IQccsyshal/qccsyshal in either framework or device manifest.
01-18 15:41:50.520 E/HidlServiceManagement(18419): Service vendor.qti.hardware.qccsyshal@1.0::IQccsyshal/qccsyshal must be in VINTF manifest in order to register/get.
01-18 15:41:50.520 E/qccsyshalservice(18419): [ERROR] registerAsService() failed with status: -2147483648
01-18 15:41:50.539 I/init    (    0): Service 'qccsyshalservice' (pid 18419) exited with status 1
01-18 15:41:50.539 I/init    (    0): Sending signal 9 to service 'qccsyshalservice' (pid 18419) process group...
01-18 15:41:50.541 I/libprocessgroup(    0): Successfully killed process cgroup uid 1000 pid 18419 in 0ms
01-18 15:41:50.560 I/vendor.qti.hardware.qccvndhal@1.0-service(18420): Start with vendor binder
01-18 15:41:50.562 I/vendor.qti.hardware.qccvndhal@1.0-service(18420): Registering qccvndhal service...
01-18 15:41:50.566 I/hwservicemanager(  512): getTransport: Cannot find entry vendor.qti.hardware.qccvndhal@1.0::IQccvndhal/qccvndhal in either framework or device manifest.
01-18 15:41:50.568 E/HidlServiceManagement(18420): Service vendor.qti.hardware.qccvndhal@1.0::IQccvndhal/qccvndhal must be in VINTF manifest in order to register/get.
01-18 15:41:50.568 E/vendor.qti.hardware.qccvndhal@1.0-service(18420): [ERROR] registerAsService() failed with status: -2147483648
01-18 15:41:50.589 I/init    (    0): Service 'qccvndhalservice' (pid 18420) exited with status 1
--------- beginning of system
01-18 15:41:51.972 I/ActivityTaskManager( 1670): START u0 {flg=0x10000000 cmp=sdl.android.testapp/.SW_Decode_Android_TestApp_Activity} from uid 0
01-18 15:41:51.973 D/EventSequenceValidator( 1670): Transition from INTENT_FAILED to INTENT_STARTED
01-18 15:41:51.991 D/EventSequenceValidator( 1670): Transition from INTENT_STARTED to INTENT_FAILED
01-18 15:41:51.992 I/perfetto( 1016): ing_service_impl.cc:758 Configured tracing session 218, #sources:1, duration:5000 ms, #buffers:1, total buffer size:4096 KB, total sessions:2, uid:1071 session name: ""
01-18 15:41:51.993 I/perfetto( 1013): probes_producer.cc:230  Ftrace setup (target_buf=218)
01-18 15:41:51.994 E/perfetto( 1013): ace_config_muxer.cc:443 ftrace in use by non-Perfetto.
01-18 15:41:51.994 E/perfetto( 1013): probes_producer.cc:238  Failed to setup ftrace
01-18 15:41:51.994 E/perfetto( 1013): probes_producer.cc:176  Failed to create data source 'linux.ftrace'
01-18 15:41:51.997 E/perfetto( 1013): probes_producer.cc:191  Data source id=218 not found
01-18 15:41:52.023 W/l.dataanalytic( 4940): Reducing the number of considered missed Gc histogram windows from 292 to 100
01-18 15:41:53.950 W/perfetto( 1016): ng_service_impl.cc:1275 Timeout while waiting for ACKs for tracing session 217
01-18 15:41:53.959 I/perfetto( 1016): ng_service_impl.cc:1948 Tracing session 217 ended, total sessions:1
01-18 15:41:55.415 I/init    (    0): starting service 'smartmu'...
01-18 15:41:55.458 I/init    (    0): starting service 'qccsyshalservice'...
01-18 15:41:55.487 I/init    (    0): starting service 'qccvndhalservice'...
01-18 15:41:55.528 D/SMARTMU (18432): #(18432) [ main.cpp : 25] SmartMU Version , 
01-18 15:41:55.533 E/AsymmetricDecrypt(18432): [AsymmetricDecrypt::acquireKeyFile] KeyPath - /system/vendor/keys/TC52AXANF/proxyframework 
01-18 15:41:55.537 E/AsymmetricDecrypt(18432): [AsymmetricDecrypt::ObtainSeedText] Buffer - Zebra Technologies/TC52AXANF/TC52AX/proxyframework 
01-18 15:41:55.537 E/AsymmetricDecrypt(18432): [AsymmetricDecrypt::NativeAuthenticate] Authentication failed. zDecodedText returned by ReadAndDecodeEncryptedText = Zebra Technologies/TC52AX/TC52AX/proxyframework, zBuf returned by ObtainSeedText = Zebra Technologies/TC52AXANF/TC52AX/proxyframework
01-18 15:41:55.537 D/SMARTMU (18432): #(18432) [ main.cpp : 31] Authentication failed
01-18 15:41:55.549 I/qccsyshalservice(18433): Start with system binder
01-18 15:41:55.550 I/qccsyshalservice(18433): Registering qccsyshal service...
01-18 15:41:55.553 I/hwservicemanager(  512): getTransport: Cannot find entry vendor.qti.hardware.qccsyshal@1.0::IQccsyshal/qccsyshal in either framework or device manifest.
01-18 15:41:55.554 E/HidlServiceManagement(18433): Service vendor.qti.hardware.qccsyshal@1.0::IQccsyshal/qccsyshal must be in VINTF manifest in order to register/get.
01-18 15:41:55.554 E/qccsyshalservice(18433): [ERROR] registerAsService() failed with status: -2147483648
01-18 15:41:55.565 I/init    (    0): Service 'smartmu' (pid 18432) exited with status 0
01-18 15:41:55.565 I/init    (    0): Sending signal 9 to service 'smartmu' (pid 18432) process group...
01-18 15:41:55.566 I/libprocessgroup(    0): Successfully killed process cgroup uid 0 pid 18432 in 0ms
01-18 15:41:55.572 I/init    (    0): Service 'qccsyshalservice' (pid 18433) exited with status 1
01-18 15:41:55.572 I/init    (    0): Sending signal 9 to service 'qccsyshalservice' (pid 18433) process group...
01-18 15:41:55.573 I/libprocessgroup(    0): Successfully killed process cgroup uid 1000 pid 18433 in 0ms
01-18 15:41:55.581 I/vendor.qti.hardware.qccvndhal@1.0-service(18434): Start with vendor binder
01-18 15:41:55.582 I/vendor.qti.hardware.qccvndhal@1.0-service(18434): Registering qccvndhal service...
01-18 15:41:55.586 I/hwservicemanager(  512): getTransport: Cannot find entry vendor.qti.hardware.qccvndhal@1.0::IQccvndhal/qccvndhal in either framework or device manifest.
01-18 15:41:55.587 E/HidlServiceManagement(18434): Service vendor.qti.hardware.qccvndhal@1.0::IQccvndhal/qccvndhal must be in VINTF manifest in order to register/get.
01-18 15:41:55.588 E/vendor.qti.hardware.qccvndhal@1.0-service(18434): [ERROR] registerAsService() failed with status: -2147483648
01-18 15:41:55.608 I/init    (    0): Service 'qccvndhalservice' (pid 18434) exited with status 1
01-18 15:41:57.000 I/perfetto( 1013): probes_producer.cc:329  Producer stop (id=218)
01-18 15:41:57.001 E/perfetto( 1013): probes_producer.cc:333  Cannot stop data source id=218, not found
01-18 15:42:00.004 D/KeyguardUpdateMonitor( 1897): received broadcast android.intent.action.TIME_TICK
01-18 15:42:00.005 D/KeyguardUpdateMonitor( 1897): handleTimeUpdate
01-18 15:42:00.007 D/KeyguardClockSwitch( 1897): Updating clock: 342
01-18 15:42:00.026 D/CompatibilityInfo( 1670): mCompatibilityFlags - 0
01-18 15:42:00.027 D/CompatibilityInfo( 1670): applicationDensity - 480
01-18 15:42:00.027 D/CompatibilityInfo( 1670): applicationScale - 1.0
01-18 15:42:00.311 D/CompatibilityInfo( 1670): mCompatibilityFlags - 0
01-18 15:42:00.312 D/CompatibilityInfo( 1670): applicationDensity - 480
01-18 15:42:00.312 D/CompatibilityInfo( 1670): applicationScale - 1.0
01-18 15:42:00.318 I/NextSubtest service( 4265): hit
01-18 15:42:00.319 D/SW_Decode_Android_TestApp_Activity( 4265): GetLastDecodedImageTests : 0
01-18 15:42:00.319 E/BCReader-JNI( 4265): mCancelCaptSession=0
01-18 15:42:00.327 E/        (    0): [SDL] misc_ioctl msg.len is 3 : 0x58 0x00 0xa8
01-18 15:42:00.329 E/        (    0): [SDL] misc_ioctl msg.len is 2 : 0xa7 0x00
01-18 15:42:00.332 E/        (    0): [SDL] misc_ioctl msg.len is 3 : 0x77 0x03 0x86
01-18 15:42:00.337 E/        (    0): [SDL] misc_ioctl msg.len is 2 : 0x88 0x00
01-18 15:42:00.343 E/        (    0): [SDL] misc_ioctl msg.len is 3 : 0x77 0x08 0x81
01-18 15:42:00.348 E/        (    0): [SDL] misc_ioctl msg.len is 2 : 0x88 0x00
01-18 15:42:00.354 E/        (    0): [SDL] misc_ioctl msg.len is 3 : 0x58 0x00 0xa8
01-18 15:42:00.359 E/        (    0): [SDL] misc_ioctl msg.len is 2 : 0xa7 0x00
01-18 15:42:00.364 E/        (    0): [SDL] misc_ioctl msg.len is 3 : 0x58 0x00 0xa8
01-18 15:42:00.369 E/        (    0): [SDL] misc_ioctl msg.len is 2 : 0xa7 0x00
01-18 15:42:00.375 E/        (    0): [SDL] misc_ioctl msg.len is 3 : 0x77 0x03 0x86
01-18 15:42:00.380 E/        (    0): [SDL] misc_ioctl msg.len is 2 : 0x88 0x00
01-18 15:42:00.385 E/        (    0): [SDL] misc_ioctl msg.len is 3 : 0x77 0x08 0x81
01-18 15:42:00.391 E/        (    0): [SDL] misc_ioctl msg.len is 2 : 0x88 0x00
01-18 15:42:00.396 E/        (    0): [SDL] misc_ioctl msg.len is 3 : 0x58 0x00 0xa8
01-18 15:42:00.402 E/        (    0): [SDL] misc_ioctl msg.len is 2 : 0xa7 0x00
01-18 15:42:00.407 E/        (    0): [SDL] misc_ioctl msg.len is 3 : 0x58 0x00 0xa8
01-18 15:42:00.412 E/        (    0): [SDL] misc_ioctl msg.len is 2 : 0xa7 0x00
01-18 15:42:00.418 E/        (    0): [SDL] misc_ioctl msg.len is 4 : 0x7b 0x00 0x00 0x85
01-18 15:42:00.423 E/        (    0): [SDL] misc_ioctl msg.len is 2 : 0x84 0x00
01-18 15:42:00.429 E/        (    0): [SDL] misc_ioctl msg.len is 4 : 0x82 0x00 0x00 0x7e
01-18 15:42:00.434 E/        (    0): [SDL] misc_ioctl msg.len is 2 : 0x7d 0x80
01-18 15:42:00.431 D/BCReader-JNI( 4265): CHECK camera_status_t ZebraCamera::createCaptureSession() /swdec/SDL/MR-2022/Release/SDL-ALAS00-011-R00-D01/Framework.SDL_standard/project/Android/proj_BarCodeReaderSDL/jni/camera2.h 1741
01-18 15:42:00.431 D/BCReader-JNI( 4265): CHECK camera_status_t ZebraCamera::createCaptureSession() /swdec/SDL/MR-2022/Release/SDL-ALAS00-011-R00-D01/Framework.SDL_standard/project/Android/proj_BarCodeReaderSDL/jni/camera2.h 1757
01-18 15:42:00.432 D/BCReader-JNI( 4265): CHECK camera_status_t ZebraCamera::createCaptureSession() /swdec/SDL/MR-2022/Release/SDL-ALAS00-011-R00-D01/Framework.SDL_standard/project/Android/proj_BarCodeReaderSDL/jni/camera2.h 1769
01-18 15:42:00.432 D/BCReader-JNI( 4265): Call ACameraDevice_createCaptureSession createCaptureSession:1819
01-18 15:42:00.432 E/ACameraDevice( 4265): checkCameraClosedOrErrorLocked: camera device has encountered a serious error
01-18 15:42:00.432 D/BCReader-JNI( 4265): End ACameraDevice_createCaptureSession createCaptureSession:1822
01-18 15:42:00.432 E/BCReader-JNI( 4265): Create session for camera 0 failed. ret ACAMERA_ERROR_CAMERA_DEVICE session 0x0
01-18 15:42:00.432 E/BCReader-JNI( 4265): Camera 0 create CaptureSession request failed. ret -10005
01-18 15:42:00.441 E/        (    0): [SDL] misc_ioctl msg.len is 3 : 0x77 0x02 0x87
01-18 15:42:00.445 E/        (    0): [SDL] misc_ioctl msg.len is 2 : 0x88 0x00
01-18 15:42:00.455 I/init    (    0): starting service 'smartmu'...
01-18 15:42:00.469 E/mm-camera(  722): <SENSOR><ERROR> 4883: sensor_get_frame_duration: resolution is invalid, it seems stream has stopped.
01-18 15:42:00.470 E/mm-camera(  722): <SENSOR><ERROR> 884: sensor_fc_report_meta: Failed to get frame duration
01-18 15:42:00.470 E/mm-camera(  722): <SENSOR><ERROR> 4805: sensor_get_exposure_time: resolution is invalid, it seems stream has stopped.
01-18 15:42:00.470 E/mm-camera(  722): <SENSOR><ERROR> 904: sensor_fc_report_meta: Failed to get exposure time
01-18 15:42:00.472 E/mm-camera(  722): <MCT   ><ERROR> 2722: mct_stream_process_bus_msg: Check the runing function blackjoe 
01-18 15:42:00.476 E/        (    0): frame_src is 1 frame_id is 29939 blackjoe
01-18 15:42:00.472 E/mm-camera(  722): <MCT   ><ERROR> 2755: mct_stream_process_bus_msg: isp_sof_bus_msg is 0xecac1180
01-18 15:42:00.473 E/mm-camera(  722): <MCT   ><ERROR> 2757: mct_stream_process_bus_msg: frameid is 29939 hal_version is 3
01-18 15:42:00.473 E/mm-camera(  722): <MCT   ><ERROR> 2759: mct_stream_process_bus_msg: kstate_ptr is 0xe9d5f254, isp_kstate_ptr is 0xeda49000
01-18 15:42:00.473 E/mm-camera(  722): <MCT   ><ERROR> 2765: mct_stream_process_bus_msg: frame_id is 29939
01-18 15:42:00.474 E/QCamera (  722): <MCI><ERROR> mm_stream_data_notify: 337: E, my_handle = 0x7200, fd = 69, state = 6 blackjoe
01-18 15:42:00.474 E/QCamera (  722): <MCI><ERROR> mm_stream_read_msm_frame: 1723: E, my_handle = 0x7200, fd = 69, state = 6 blackjoe
01-18 15:42:00.475 I/QCamera (  722): <MCI><INFO> mm_stream_read_msm_frame: 1770: VIDIOC_DQBUF buf_index 4, frame_idx 29938, stream type 7, rc 0,queued: 17, buf_type = 0 flags = 8192 FD = 69 my_num 0 buf fd 90
01-18 15:42:00.475 E/QCamera (  722): <MCI><ERROR> mm_stream_read_msm_frame: 1790: X rc = 0
01-18 15:42:00.475 I/QCamera (  722): <MCI><INFO> mm_stream_handle_rcvd_buf: 220: E, my_handle = 0x7200, fd = 69, state = 6
01-18 15:42:00.475 I/QCamera (  722): <MCI><INFO> mm_stream_handle_rcvd_buf: 244: has cb and it is active by blackjoe
01-18 15:42:00.475 I/QCamera (  722): <MCI><INFO> mm_stream_dispatch_app_data: 415: E, my_handle = 0x7200, fd = 69, state = 6
01-18 15:42:00.476 I/QCamera (  722): <MCI><INFO> mm_stream_dispatch_app_data: 436: frame_sync.is_active = 0, is_cb_active = 1
01-18 15:42:00.476 I/QCamera (  722): <MCI><INFO> mm_stream_dispatch_app_data: 457: Enter callback by blackjoe
01-18 15:42:00.476 E/QCamera (  722): <HAL><ERROR> handleMetadataWithLock: 4863: Cancel missing frame = 4096, buffer = 0xed88fd70,stream type = 8, stream format = 36
01-18 15:42:00.476 E/QCamera (  722): <HAL><ERROR> handleMetadataWithLock: 4863: Cancel missing frame = 4097, buffer = 0xed898fb0,stream type = 8, stream format = 36
01-18 15:42:00.477 E/QCamera (  722): <HAL><ERROR> handleMetadataWithLock: 4863: Cancel missing frame = 4098, buffer = 0xed895680,stream type = 8, stream format = 36
01-18 15:42:00.477 E/mm-camera(  722): <STATS_AIS ><ERROR> 1316: dsps_process_response_gyro: Query request denied, error code = 5, QId_valid = 1, QueryId = 0xf30a, AckNak_valid = 1, AckNak = 3
01-18 15:42:00.477 E/QCamera (  722): <HAL><ERROR> handleMetadataWithLock: 4863: Cancel missing frame = 4099, buffer = 0xed8949c0,stream type = 8, stream format = 36
01-18 15:42:00.477 E/QCamera (  722): <HAL><ERROR> handleMetadataWithLock: 4863: Cancel missing frame = 4100, buffer = 0xed89bef0,stream type = 8, stream format = 36
01-18 15:42:00.477 E/QCamera (  722): <MCI><ERROR> cancelBuffer: 884: Calling cancel buf on idx:9 for stream type:8
01-18 15:42:00.478 E/QCamera (  722): <MCI><ERROR> mm_stream_cancel_buf: 5156: mm_stream_cancel_buf(idx=9) err=-1
01-18 15:42:00.478 E/QCamera (  722): <MCI><ERROR> cancelBuffer: 884: Calling cancel buf on idx:10 for stream type:8
01-18 15:42:00.478 E/QCamera (  722): <MCI><ERROR> mm_stream_cancel_buf: 5125: Error Trying to extract a frame already sent to HAL(idx=10) count=1
01-18 15:42:00.478 E/QCamera (  722): <MCI><ERROR> cancelBuffer: 884: Calling cancel buf on idx:11 for stream type:8
01-18 15:42:00.478 E/QCamera (  722): <MCI><ERROR> mm_stream_cancel_buf: 5125: Error Trying to extract a frame already sent to HAL(idx=11) count=1
01-18 15:42:00.478 E/QCamera (  722): <MCI><ERROR> cancelBuffer: 884: Calling cancel buf on idx:6 for stream type:8
01-18 15:42:00.479 E/QCamera (  722): <MCI><ERROR> mm_stream_cancel_buf: 5125: Error Trying to extract a frame already sent to HAL(idx=6) count=1
01-18 15:42:00.479 E/QCamera (  722): <MCI><ERROR> cancelBuffer: 884: Calling cancel buf on idx:7 for stream type:8
01-18 15:42:00.479 E/QCamera (  722): <MCI><ERROR> mm_stream_cancel_buf: 5125: Error Trying to extract a frame already sent to HAL(idx=7) count=1
01-18 15:42:00.486 I/init    (    0): starting service 'qccsyshalservice'...
01-18 15:42:00.493 E/        (    0): frame_src is 1 frame_id is 29940 blackjoe
01-18 15:42:00.485 E/mm-camera(  722): <SENSOR><ERROR> 4883: sensor_get_frame_duration: resolution is invalid, it seems stream has stopped.
01-18 15:42:00.485 E/mm-camera(  722): <SENSOR><ERROR> 884: sensor_fc_report_meta: Failed to get frame duration
01-18 15:42:00.485 E/mm-camera(  722): <SENSOR><ERROR> 4805: sensor_get_exposure_time: resolution is invalid, it seems stream has stopped.
01-18 15:42:00.486 E/mm-camera(  722): <SENSOR><ERROR> 904: sensor_fc_report_meta: Failed to get exposure time
01-18 15:42:00.486 E/mm-camera(  722): <MCT   ><ERROR> 2722: mct_stream_process_bus_msg: Check the runing function blackjoe 
01-18 15:42:00.487 E/mm-camera(  722): <MCT   ><ERROR> 2755: mct_stream_process_bus_msg: isp_sof_bus_msg is 0xecac1180
01-18 15:42:00.487 E/mm-camera(  722): <MCT   ><ERROR> 2757: mct_stream_process_bus_msg: frameid is 29940 hal_version is 3
01-18 15:42:00.487 E/mm-camera(  722): <MCT   ><ERROR> 2759: mct_stream_process_bus_msg: kstate_ptr is 0xe9d5f254, isp_kstate_ptr is 0xeda49000
01-18 15:42:00.487 E/mm-camera(  722): <MCT   ><ERROR> 2765: mct_stream_process_bus_msg: frame_id is 29940
01-18 15:42:00.487 E/QCamera (  722): <MCI><ERROR> mm_stream_data_notify: 337: E, my_handle = 0x7200, fd = 69, state = 6 blackjoe
01-18 15:42:00.488 E/QCamera (  722): <MCI><ERROR> mm_stream_read_msm_frame: 1723: E, my_handle = 0x7200, fd = 69, state = 6 blackjoe
01-18 15:42:00.488 I/QCamera (  722): <MCI><INFO> mm_stream_read_msm_frame: 1770: VIDIOC_DQBUF buf_index 5, frame_idx 29939, stream type 7, rc 0,queued: 17, buf_type = 0 flags = 8192 FD = 69 my_num 0 buf fd 92
01-18 15:42:00.488 E/QCamera (  722): <MCI><ERROR> mm_stream_read_msm_frame: 1790: X rc = 0
01-18 15:42:00.488 I/QCamera (  722): <MCI><INFO> mm_stream_handle_rcvd_buf: 220: E, my_handle = 0x7200, fd = 69, state = 6
01-18 15:42:00.488 I/QCamera (  722): <MCI><INFO> mm_stream_handle_rcvd_buf: 244: has cb and it is active by blackjoe
01-18 15:42:00.489 I/QCamera (  722): <MCI><INFO> mm_stream_dispatch_app_data: 415: E, my_handle = 0x7200, fd = 69, state = 6
01-18 15:42:00.489 I/QCamera (  722): <MCI><INFO> mm_stream_dispatch_app_data: 436: frame_sync.is_active = 0, is_cb_active = 1
01-18 15:42:00.489 I/QCamera (  722): <MCI><INFO> mm_stream_dispatch_app_data: 457: Enter callback by blackjoe
01-18 15:42:00.489 E/QCamera (  722): <HAL><ERROR> handleMetadataWithLock: 4863: Cancel missing frame = 4096, buffer = 0xed88fd70,stream type = 8, stream format = 36
01-18 15:42:00.489 E/QCamera (  722): <MCI><ERROR> cancelBuffer: 884: Calling cancel buf on idx:9 for stream type:8
01-18 15:42:00.489 E/QCamera (  722): <HAL><ERROR> handleMetadataWithLock: 4863: Cancel missing frame = 4097, buffer = 0xed898fb0,stream type = 8, stream format = 36
01-18 15:42:00.490 E/QCamera (  722): <MCI><ERROR> mm_stream_cancel_buf: 5156: mm_stream_cancel_buf(idx=9) err=-1
01-18 15:42:00.490 E/QCamera (  722): <HAL><ERROR> handleMetadataWithLock: 4863: Cancel missing frame = 4098, buffer = 0xed895680,stream type = 8, stream format = 36
01-18 15:42:00.490 E/QCamera (  722): <MCI><ERROR> cancelBuffer: 884: Calling cancel buf on idx:10 for stream type:8
01-18 15:42:00.490 E/QCamera (  722): <HAL><ERROR> handleMetadataWithLock: 4863: Cancel missing frame = 4099, buffer = 0xed8949c0,stream type = 8, stream format = 36
01-18 15:42:00.490 E/QCamera (  722): <MCI><ERROR> mm_stream_cancel_buf: 5125: Error Trying to extract a frame already sent to HAL(idx=10) count=1
01-18 15:42:00.490 E/QCamera (  722): <HAL><ERROR> handleMetadataWithLock: 4863: Cancel missing frame = 4100, buffer = 0xed89bef0,stream type = 8, stream format = 36
01-18 15:42:00.490 E/QCamera (  722): <MCI><ERROR> cancelBuffer: 884: Calling cancel buf on idx:11 for stream type:8
01-18 15:42:00.490 E/QCamera (  722): <MCI><ERROR> mm_stream_cancel_buf: 5125: Error Trying to extract a frame already sent to HAL(idx=11) count=1
01-18 15:42:00.490 E/QCamera (  722): <MCI><ERROR> cancelBuffer: 884: Calling cancel buf on idx:6 for stream type:8
01-18 15:42:00.490 E/QCamera (  722): <MCI><ERROR> mm_stream_cancel_buf: 5125: Error Trying to extract a frame already sent to HAL(idx=6) count=1
01-18 15:42:00.490 E/QCamera (  722): <MCI><ERROR> cancelBuffer: 884: Calling cancel buf on idx:7 for stream type:8
01-18 15:42:00.491 E/QCamera (  722): <MCI><ERROR> mm_stream_cancel_buf: 5125: Error Trying to extract a frame already sent to HAL(idx=7) count=1
01-18 15:42:00.493 E/mm-camera(  722): <STATS_AIS ><ERROR> 1316: dsps_process_response_gyro: Query request denied, error code = 5, QId_valid = 1, QueryId = 0xf40a, AckNak_valid = 1, AckNak = 3
01-18 15:42:00.501 E/mm-camera(  722): <SENSOR><ERROR> 4883: sensor_get_frame_duration: resolution is invalid, it seems stream has stopped.
01-18 15:42:00.510 E/        (    0): frame_src is 1 frame_id is 29941 blackjoe
01-18 15:42:00.502 E/mm-camera(  722): <SENSOR><ERROR> 884: sensor_fc_report_meta: Failed to get frame duration
01-18 15:42:00.512 D/logd    (    0): logdr: UID=0 GID=0 PID=18448 n tail=0 logMask=99 pid=0 start=0ns timeout=0ns
01-18 15:42:00.512 I/init    (    0): starting service 'qccvndhalservice'...
01-18 15:42:00.502 E/mm-camera(  722): <SENSOR><ERROR> 4805: sensor_get_exposure_time: resolution is invalid, it seems stream has stopped.
01-18 15:42:00.502 E/mm-camera(  722): <SENSOR><ERROR> 904: sensor_fc_report_meta: Failed to get exposure time
01-18 15:42:00.503 E/mm-camera(  722): <MCT   ><ERROR> 2722: mct_stream_process_bus_msg: Check the runing function blackjoe 
01-18 15:42:00.503 E/mm-camera(  722): <MCT   ><ERROR> 2755: mct_stream_process_bus_msg: isp_sof_bus_msg is 0xecac1180
01-18 15:42:00.503 E/mm-camera(  722): <MCT   ><ERROR> 2757: mct_stream_process_bus_msg: frameid is 29941 hal_version is 3
01-18 15:42:00.503 E/mm-camera(  722): <MCT   ><ERROR> 2759: mct_stream_process_bus_msg: kstate_ptr is 0xe9d5f254, isp_kstate_ptr is 0xeda49000
01-18 15:42:00.504 E/mm-camera(  722): <MCT   ><ERROR> 2765: mct_stream_process_bus_msg: frame_id is 29941
01-18 15:42:00.504 E/QCamera (  722): <MCI><ERROR> mm_stream_data_notify: 337: E, my_handle = 0x7200, fd = 69, state = 6 blackjoe
01-18 15:42:00.504 E/QCamera (  722): <MCI><ERROR> mm_stream_read_msm_frame: 1723: E, my_handle = 0x7200, fd = 69, state = 6 blackjoe
01-18 15:42:00.505 I/QCamera (  722): <MCI><INFO> mm_stream_read_msm_frame: 1770: VIDIOC_DQBUF buf_index 6, frame_idx 29940, stream type 7, rc 0,queued: 17, buf_type = 0 flags = 8192 FD = 69 my_num 0 buf fd 94
01-18 15:42:00.505 E/QCamera (  722): <MCI><ERROR> mm_stream_read_msm_frame: 1790: X rc = 0
01-18 15:42:00.505 I/QCamera (  722): <MCI><INFO> mm_stream_handle_rcvd_buf: 220: E, my_handle = 0x7200, fd = 69, state = 6
01-18 15:42:00.505 I/QCamera (  722): <MCI><INFO> mm_stream_handle_rcvd_buf: 244: has cb and it is active by blackjoe
01-18 15:42:00.506 I/QCamera (  722): <MCI><INFO> mm_stream_dispatch_app_data: 415: E, my_handle = 0x7200, fd = 69, state = 6
01-18 15:42:00.506 I/QCamera (  722): <MCI><INFO> mm_stream_dispatch_app_data: 436: frame_sync.is_active = 0, is_cb_active = 1
01-18 15:42:00.506 I/QCamera (  722): <MCI><INFO> mm_stream_dispatch_app_data: 457: Enter callback by blackjoe
01-18 15:42:00.506 E/QCamera (  722): <HAL><ERROR> handleMetadataWithLock: 4863: Cancel missing frame = 4096, buffer = 0xed88fd70,stream type = 8, stream format = 36
01-18 15:42:00.507 E/QCamera (  722): <HAL><ERROR> handleMetadataWithLock: 4863: Cancel missing frame = 4097, buffer = 0xed898fb0,stream type = 8, stream format = 36
01-18 15:42:00.507 E/QCamera (  722): <MCI><ERROR> cancelBuffer: 884: Calling cancel buf on idx:9 for stream type:8
01-18 15:42:00.507 E/QCamera (  722): <HAL><ERROR> handleMetadataWithLock: 4863: Cancel missing frame = 4098, buffer = 0xed895680,stream type = 8, stream format = 36
01-18 15:42:00.507 E/QCamera (  722): <MCI><ERROR> mm_stream_cancel_buf: 5156: mm_stream_cancel_buf(idx=9) err=-1
01-18 15:42:00.507 E/QCamera (  722): <HAL><ERROR> handleMetadataWithLock: 4863: Cancel missing frame = 4099, buffer = 0xed8949c0,stream type = 8, stream format = 36
01-18 15:42:00.507 E/QCamera (  722): <MCI><ERROR> cancelBuffer: 884: Calling cancel buf on idx:10 for stream type:8
01-18 15:42:00.507 E/QCamera (  722): <HAL><ERROR> handleMetadataWithLock: 4863: Cancel missing frame = 4100, buffer = 0xed89bef0,stream type = 8, stream format = 36
01-18 15:42:00.507 E/QCamera (  722): <MCI><ERROR> mm_stream_cancel_buf: 5125: Error Trying to extract a frame already sent to HAL(idx=10) count=1
01-18 15:42:00.508 E/QCamera (  722): <MCI><ERROR> cancelBuffer: 884: Calling cancel buf on idx:11 for stream type:8
01-18 15:42:00.508 E/QCamera (  722): <MCI><ERROR> mm_stream_cancel_buf: 5125: Error Trying to extract a frame already sent to HAL(idx=11) count=1
01-18 15:42:00.508 E/QCamera (  722): <MCI><ERROR> cancelBuffer: 884: Calling cancel buf on idx:6 for stream type:8
01-18 15:42:00.508 E/QCamera (  722): <MCI><ERROR> mm_stream_cancel_buf: 5125: Error Trying to extract a frame already sent to HAL(idx=6) count=1
01-18 15:42:00.508 E/QCamera (  722): <MCI><ERROR> cancelBuffer: 884: Calling cancel buf on idx:7 for stream type:8
01-18 15:42:00.508 E/QCamera (  722): <MCI><ERROR> mm_stream_cancel_buf: 5125: Error Trying to extract a frame already sent to HAL(idx=7) count=1
01-18 15:42:00.509 E/mm-camera(  722): <STATS_AIS ><ERROR> 1316: dsps_process_response_gyro: Query request denied, error code = 5, QId_valid = 1, QueryId = 0xf50a, AckNak_valid = 1, AckNak = 3
01-18 15:42:00.518 E/mm-camera(  722): <SENSOR><ERROR> 4883: sensor_get_frame_duration: resolution is invalid, it seems stream has stopped.
01-18 15:42:00.518 E/mm-camera(  722): <SENSOR><ERROR> 884: sensor_fc_report_meta: Failed to get frame duration
01-18 15:42:00.518 E/mm-camera(  722): <SENSOR><ERROR> 4805: sensor_get_exposure_time: resolution is invalid, it seems stream has stopped.
01-18 15:42:00.518 E/mm-camera(  722): <SENSOR><ERROR> 904: sensor_fc_report_meta: Failed to get exposure time
01-18 15:42:00.519 E/mm-camera(  722): <MCT   ><ERROR> 2722: mct_stream_process_bus_msg: Check the runing function blackjoe 
01-18 15:42:00.519 E/mm-camera(  722): <MCT   ><ERROR> 2755: mct_stream_process_bus_msg: isp_sof_bus_msg is 0xecac1180
01-18 15:42:00.520 E/mm-camera(  722): <MCT   ><ERROR> 2757: mct_stream_process_bus_msg: frameid is 29942 hal_version is 3
01-18 15:42:00.520 E/mm-camera(  722): <MCT   ><ERROR> 2759: mct_stream_process_bus_msg: kstate_ptr is 0xe9d5f254, isp_kstate_ptr is 0xeda49000
01-18 15:42:00.520 E/mm-camera(  722): <MCT   ><ERROR> 2765: mct_stream_process_bus_msg: frame_id is 29942
01-18 15:42:00.520 E/QCamera (  722): <MCI><ERROR> mm_stream_data_notify: 337: E, my_handle = 0x7200, fd = 69, state = 6 blackjoe
01-18 15:42:00.520 E/QCamera (  722): <MCI><ERROR> mm_stream_read_msm_frame: 1723: E, my_handle = 0x7200, fd = 69, state = 6 blackjoe
01-18 15:42:00.521 I/QCamera (  722): <MCI><INFO> mm_stream_read_msm_frame: 1770: VIDIOC_DQBUF buf_index 7, frame_idx 29941, stream type 7, rc 0,queued: 17, buf_type = 0 flags = 8192 FD = 69 my_num 0 buf fd 96
01-18 15:42:00.521 E/QCamera (  722): <MCI><ERROR> mm_stream_read_msm_frame: 1790: X rc = 0
01-18 15:42:00.521 I/QCamera (  722): <MCI><INFO> mm_stream_handle_rcvd_buf: 220: E, my_handle = 0x7200, fd = 69, state = 6
01-18 15:42:00.521 I/QCamera (  722): <MCI><INFO> mm_stream_handle_rcvd_buf: 244: has cb and it is active by blackjoe
01-18 15:42:00.521 I/QCamera (  722): <MCI><INFO> mm_stream_dispatch_app_data: 415: E, my_handle = 0x7200, fd = 69, state = 6
01-18 15:42:00.522 I/QCamera (  722): <MCI><INFO> mm_stream_dispatch_app_data: 436: frame_sync.is_active = 0, is_cb_active = 1
01-18 15:42:00.522 I/QCamera (  722): <MCI><INFO> mm_stream_dispatch_app_data: 457: Enter callback by blackjoe
01-18 15:42:00.522 E/QCamera (  722): <HAL><ERROR> handleMetadataWithLock: 4863: Cancel missing frame = 4096, buffer = 0xed88fd70,stream type = 8, stream format = 36
01-18 15:42:00.522 E/QCamera (  722): <HAL><ERROR> handleMetadataWithLock: 4863: Cancel missing frame = 4097, buffer = 0xed898fb0,stream type = 8, stream format = 36
01-18 15:42:00.522 E/QCamera (  722): <MCI><ERROR> cancelBuffer: 884: Calling cancel buf on idx:9 for stream type:8
01-18 15:42:00.522 E/QCamera (  722): <HAL><ERROR> handleMetadataWithLock: 4863: Cancel missing frame = 4098, buffer = 0xed895680,stream type = 8, stream format = 36
01-18 15:42:00.523 E/QCamera (  722): <MCI><ERROR> mm_stream_cancel_buf: 5156: mm_stream_cancel_buf(idx=9) err=-1
01-18 15:42:00.523 E/QCamera (  722): <HAL><ERROR> handleMetadataWithLock: 4863: Cancel missing frame = 4099, buffer = 0xed8949c0,stream type = 8, stream format = 36
01-18 15:42:00.523 E/QCamera (  722): <MCI><ERROR> cancelBuffer: 884: Calling cancel buf on idx:10 for stream type:8
01-18 15:42:00.523 E/QCamera (  722): <HAL><ERROR> handleMetadataWithLock: 4863: Cancel missing frame = 4100, buffer = 0xed89bef0,stream type = 8, stream format = 36
01-18 15:42:00.523 E/QCamera (  722): <MCI><ERROR> mm_stream_cancel_buf: 5125: Error Trying to extract a frame already sent to HAL(idx=10) count=1
01-18 15:42:00.523 E/QCamera (  722): <MCI><ERROR> cancelBuffer: 884: Calling cancel buf on idx:11 for stream type:8
01-18 15:42:00.523 E/QCamera (  722): <MCI><ERROR> mm_stream_cancel_buf: 5125: Error Trying to extract a frame already sent to HAL(idx=11) count=1
01-18 15:42:00.523 E/QCamera (  722): <MCI><ERROR> cancelBuffer: 884: Calling cancel buf on idx:6 for stream type:8
01-18 15:42:00.523 E/QCamera (  722): <MCI><ERROR> mm_stream_cancel_buf: 5125: Error Trying to extract a frame already sent to HAL(idx=6) count=1
01-18 15:42:00.524 E/QCamera (  722): <MCI><ERROR> cancelBuffer: 884: Calling cancel buf on idx:7 for stream type:8
01-18 15:42:00.524 E/QCamera (  722): <MCI><ERROR> mm_stream_cancel_buf: 5125: Error Trying to extract a frame already sent to HAL(idx=7) count=1
01-18 15:42:00.525 E/mm-camera(  722): <STATS_AIS ><ERROR> 1316: dsps_process_response_gyro: Query request denied, error code = 5, QId_valid = 1, QueryId = 0xf60a, AckNak_valid = 1, AckNak = 3
01-18 15:42:00.526 E/        (    0): frame_src is 1 frame_id is 29942 blackjoe
01-18 15:42:00.543 E/        (    0): frame_src is 1 frame_id is 29943 blackjoe
01-18 15:42:00.535 E/mm-camera(  722): <SENSOR><ERROR> 4883: sensor_get_frame_duration: resolution is invalid, it seems stream has stopped.
01-18 15:42:00.535 E/mm-camera(  722): <SENSOR><ERROR> 884: sensor_fc_report_meta: Failed to get frame duration
01-18 15:42:00.535 E/mm-camera(  722): <SENSOR><ERROR> 4805: sensor_get_exposure_time: resolution is invalid, it seems stream has stopped.
01-18 15:42:00.535 E/mm-camera(  722): <SENSOR><ERROR> 904: sensor_fc_report_meta: Failed to get exposure time
01-18 15:42:00.536 E/mm-camera(  722): <MCT   ><ERROR> 2722: mct_stream_process_bus_msg: Check the runing function blackjoe 
01-18 15:42:00.536 E/mm-camera(  722): <MCT   ><ERROR> 2755: mct_stream_process_bus_msg: isp_sof_bus_msg is 0xecac1180
01-18 15:42:00.531 I/vendor.qti.hard(18453): type=1400 audit(0.0:12101): avc: denied { search } for name="/" dev="sda10" ino=2 scontext=u:r:vendor_hal_qccvndhal_qti:s0 tcontext=u:object_r:factory_file:s0 tclass=dir permissive=1
01-18 15:42:00.536 E/mm-camera(  722): <MCT   ><ERROR> 2757: mct_stream_process_bus_msg: frameid is 29943 hal_version is 3
01-18 15:42:00.536 E/mm-camera(  722): <MCT   ><ERROR> 2759: mct_stream_process_bus_msg: kstate_ptr is 0xe9d5f254, isp_kstate_ptr is 0xeda49000
01-18 15:42:00.537 E/mm-camera(  722): <MCT   ><ERROR> 2765: mct_stream_process_bus_msg: frame_id is 29943
01-18 15:42:00.537 E/QCamera (  722): <MCI><ERROR> mm_stream_data_notify: 337: E, my_handle = 0x7200, fd = 69, state = 6 blackjoe
01-18 15:42:00.537 E/QCamera (  722): <MCI><ERROR> mm_stream_read_msm_frame: 1723: E, my_handle = 0x7200, fd = 69, state = 6 blackjoe
01-18 15:42:00.537 I/QCamera (  722): <MCI><INFO> mm_stream_read_msm_frame: 1770: VIDIOC_DQBUF buf_index 8, frame_idx 29942, stream type 7, rc 0,queued: 17, buf_type = 0 flags = 8192 FD = 69 my_num 0 buf fd 98
01-18 15:42:00.538 E/QCamera (  722): <MCI><ERROR> mm_stream_read_msm_frame: 1790: X rc = 0
01-18 15:42:00.538 I/QCamera (  722): <MCI><INFO> mm_stream_handle_rcvd_buf: 220: E, my_handle = 0x7200, fd = 69, state = 6
01-18 15:42:00.538 I/QCamera (  722): <MCI><INFO> mm_stream_handle_rcvd_buf: 244: has cb and it is active by blackjoe
01-18 15:42:00.538 I/QCamera (  722): <MCI><INFO> mm_stream_dispatch_app_data: 415: E, my_handle = 0x7200, fd = 69, state = 6
01-18 15:42:00.539 I/QCamera (  722): <MCI><INFO> mm_stream_dispatch_app_data: 436: frame_sync.is_active = 0, is_cb_active = 1
01-18 15:42:00.539 I/QCamera (  722): <MCI><INFO> mm_stream_dispatch_app_data: 457: Enter callback by blackjoe
01-18 15:42:00.539 E/QCamera (  722): <HAL><ERROR> handleMetadataWithLock: 4863: Cancel missing frame = 4096, buffer = 0xed88fd70,stream type = 8, stream format = 36
01-18 15:42:00.539 E/QCamera (  722): <HAL><ERROR> handleMetadataWithLock: 4863: Cancel missing frame = 4097, buffer = 0xed898fb0,stream type = 8, stream format = 36
01-18 15:42:00.539 E/QCamera (  722): <HAL><ERROR> handleMetadataWithLock: 4863: Cancel missing frame = 4098, buffer = 0xed895680,stream type = 8, stream format = 36
01-18 15:42:00.540 E/QCamera (  722): <HAL><ERROR> handleMetadataWithLock: 4863: Cancel missing frame = 4099, buffer = 0xed8949c0,stream type = 8, stream format = 36
01-18 15:42:00.540 E/QCamera (  722): <HAL><ERROR> handleMetadataWithLock: 4863: Cancel missing frame = 4100, buffer = 0xed89bef0,stream type = 8, stream format = 36
01-18 15:42:00.540 E/QCamera (  722): <MCI><ERROR> cancelBuffer: 884: Calling cancel buf on idx:9 for stream type:8
01-18 15:42:00.541 E/QCamera (  722): <MCI><ERROR> mm_stream_cancel_buf: 5156: mm_stream_cancel_buf(idx=9) err=-1
01-18 15:42:00.541 E/QCamera (  722): <MCI><ERROR> cancelBuffer: 884: Calling cancel buf on idx:10 for stream type:8
01-18 15:42:00.541 E/QCamera (  722): <MCI><ERROR> mm_stream_cancel_buf: 5125: Error Trying to extract a frame already sent to HAL(idx=10) count=1
01-18 15:42:00.541 E/QCamera (  722): <MCI><ERROR> cancelBuffer: 884: Calling cancel buf on idx:11 for stream type:8
01-18 15:42:00.541 E/QCamera (  722): <MCI><ERROR> mm_stream_cancel_buf: 5125: Error Trying to extract a frame already sent to HAL(idx=11) count=1
01-18 15:42:00.541 E/QCamera (  722): <MCI><ERROR> cancelBuffer: 884: Calling cancel buf on idx:6 for stream type:8
01-18 15:42:00.542 E/QCamera (  722): <MCI><ERROR> mm_stream_cancel_buf: 5125: Error Trying to extract a frame already sent to HAL(idx=6) count=1
01-18 15:42:00.542 E/QCamera (  722): <MCI><ERROR> cancelBuffer: 884: Calling cancel buf on idx:7 for stream type:8
01-18 15:42:00.542 E/QCamera (  722): <MCI><ERROR> mm_stream_cancel_buf: 5125: Error Trying to extract a frame already sent to HAL(idx=7) count=1
01-18 15:42:00.543 E/mm-camera(  722): <STATS_AIS ><ERROR> 1316: dsps_process_response_gyro: Query request denied, error code = 5, QId_valid = 1, QueryId = 0xf70a, AckNak_valid = 1, AckNak = 3
01-18 15:42:00.556 I/qccsyshalservice(18451): Start with system binder
01-18 15:42:00.557 I/qccsyshalservice(18451): Registering qccsyshal service...
01-18 15:42:00.561 I/hwservicemanager(  512): getTransport: Cannot find entry vendor.qti.hardware.qccsyshal@1.0::IQccsyshal/qccsyshal in either framework or device manifest.
01-18 15:42:00.562 E/HidlServiceManagement(18451): Service vendor.qti.hardware.qccsyshal@1.0::IQccsyshal/qccsyshal must be in VINTF manifest in order to register/get.
01-18 15:42:00.562 E/qccsyshalservice(18451): [ERROR] registerAsService() failed with status: -2147483648
01-18 15:42:00.571 D/SMARTMU (18450): #(18450) [ main.cpp : 25] SmartMU Version , 
01-18 15:42:00.574 E/AsymmetricDecrypt(18450): [AsymmetricDecrypt::acquireKeyFile] KeyPath - /system/vendor/keys/TC52AXANF/proxyframework 
01-18 15:42:00.578 E/AsymmetricDecrypt(18450): [AsymmetricDecrypt::ObtainSeedText] Buffer - Zebra Technologies/TC52AXANF/TC52AX/proxyframework 
01-18 15:42:00.579 E/AsymmetricDecrypt(18450): [AsymmetricDecrypt::NativeAuthenticate] Authentication failed. zDecodedText returned by ReadAndDecodeEncryptedText = Zebra Technologies/TC52AX/TC52AX/proxyframework, zBuf returned by ObtainSeedText = Zebra Technologies/TC52AXANF/TC52AX/proxyframework
01-18 15:42:00.579 D/SMARTMU (18450): #(18450) [ main.cpp : 31] Authentication failed
01-18 15:42:00.594 E/        (    0): frame_src is 1 frame_id is 29944 blackjoe
01-18 15:42:00.587 E/mm-camera(  722): <SENSOR><ERROR> 4883: sensor_get_frame_duration: resolution is invalid, it seems stream has stopped.
01-18 15:42:00.587 E/mm-camera(  722): <SENSOR><ERROR> 884: sensor_fc_report_meta: Failed to get frame duration
01-18 15:42:00.587 E/mm-camera(  722): <SENSOR><ERROR> 4805: sensor_get_exposure_time: resolution is invalid, it seems stream has stopped.
01-18 15:42:00.588 E/mm-camera(  722): <SENSOR><ERROR> 904: sensor_fc_report_meta: Failed to get exposure time
01-18 15:42:00.589 E/mm-camera(  722): <MCT   ><ERROR> 2722: mct_stream_process_bus_msg: Check the runing function blackjoe 
01-18 15:42:00.589 E/mm-camera(  722): <MCT   ><ERROR> 2755: mct_stream_process_bus_msg: isp_sof_bus_msg is 0xecac1180
01-18 15:42:00.589 E/mm-camera(  722): <MCT   ><ERROR> 2757: mct_stream_process_bus_msg: frameid is 29944 hal_version is 3
01-18 15:42:00.589 E/mm-camera(  722): <MCT   ><ERROR> 2759: mct_stream_process_bus_msg: kstate_ptr is 0xe9d5f254, isp_kstate_ptr is 0xeda49000
01-18 15:42:00.590 E/mm-camera(  722): <MCT   ><ERROR> 2765: mct_stream_process_bus_msg: frame_id is 29944
01-18 15:42:00.590 E/QCamera (  722): <MCI><ERROR> mm_stream_data_notify: 337: E, my_handle = 0x7200, fd = 69, state = 6 blackjoe
01-18 15:42:00.590 E/QCamera (  722): <MCI><ERROR> mm_stream_read_msm_frame: 1723: E, my_handle = 0x7200, fd = 69, state = 6 blackjoe
01-18 15:42:00.591 I/QCamera (  722): <MCI><INFO> mm_stream_read_msm_frame: 1770: VIDIOC_DQBUF buf_index 9, frame_idx 29943, stream type 7, rc 0,queued: 17, buf_type = 0 flags = 8192 FD = 69 my_num 0 buf fd 100
01-18 15:42:00.591 E/QCamera (  722): <MCI><ERROR> mm_stream_read_msm_frame: 1790: X rc = 0
01-18 15:42:00.591 I/QCamera (  722): <MCI><INFO> mm_stream_handle_rcvd_buf: 220: E, my_handle = 0x7200, fd = 69, state = 6
01-18 15:42:00.591 I/QCamera (  722): <MCI><INFO> mm_stream_handle_rcvd_buf: 244: has cb and it is active by blackjoe
01-18 15:42:00.592 I/QCamera (  722): <MCI><INFO> mm_stream_dispatch_app_data: 415: E, my_handle = 0x7200, fd = 69, state = 6
01-18 15:42:00.592 I/QCamera (  722): <MCI><INFO> mm_stream_dispatch_app_data: 436: frame_sync.is_active = 0, is_cb_active = 1
01-18 15:42:00.592 I/QCamera (  722): <MCI><INFO> mm_stream_dispatch_app_data: 457: Enter callback by blackjoe
01-18 15:42:00.593 E/QCamera (  722): <HAL><ERROR> handleMetadataWithLock: 4863: Cancel missing frame = 4096, buffer = 0xed88fd70,stream type = 8, stream format = 36
01-18 15:42:00.593 E/QCamera (  722): <HAL><ERROR> handleMetadataWithLock: 4863: Cancel missing frame = 4097, buffer = 0xed898fb0,stream type = 8, stream format = 36
01-18 15:42:00.593 E/QCamera (  722): <HAL><ERROR> handleMetadataWithLock: 4863: Cancel missing frame = 4098, buffer = 0xed895680,stream type = 8, stream format = 36
01-18 15:42:00.598 I/init    (    0): Service 'qccsyshalservice' (pid 18451) exited with status 1
01-18 15:42:00.598 I/init    (    0): Sending signal 9 to service 'qccsyshalservice' (pid 18451) process group...
01-18 15:42:00.599 I/libprocessgroup(    0): Successfully killed process cgroup uid 1000 pid 18451 in 0ms
01-18 15:42:00.593 E/QCamera (  722): <HAL><ERROR> handleMetadataWithLock: 4863: Cancel missing frame = 4099, buffer = 0xed8949c0,stream type = 8, stream format = 36
01-18 15:42:00.594 E/QCamera (  722): <HAL><ERROR> handleMetadataWithLock: 4863: Cancel missing frame = 4100, buffer = 0xed89bef0,stream type = 8, stream format = 36
01-18 15:42:00.595 E/QCamera (  722): <MCI><ERROR> cancelBuffer: 884: Calling cancel buf on idx:9 for stream type:8
01-18 15:42:00.595 E/QCamera (  722): <MCI><ERROR> mm_stream_cancel_buf: 5156: mm_stream_cancel_buf(idx=9) err=-1
01-18 15:42:00.596 E/QCamera (  722): <MCI><ERROR> cancelBuffer: 884: Calling cancel buf on idx:10 for stream type:8
01-18 15:42:00.596 E/QCamera (  722): <MCI><ERROR> mm_stream_cancel_buf: 5125: Error Trying to extract a frame already sent to HAL(idx=10) count=1
01-18 15:42:00.596 E/mm-camera(  722): <STATS_AIS ><ERROR> 1316: dsps_process_response_gyro: Query request denied, error code = 5, QId_valid = 1, QueryId = 0xf80a, AckNak_valid = 1, AckNak = 3
01-18 15:42:00.596 E/QCamera (  722): <MCI><ERROR> cancelBuffer: 884: Calling cancel buf on idx:11 for stream type:8
01-18 15:42:00.596 E/QCamera (  722): <MCI><ERROR> mm_stream_cancel_buf: 5125: Error Trying to extract a frame already sent to HAL(idx=11) count=1
01-18 15:42:00.596 E/QCamera (  722): <MCI><ERROR> cancelBuffer: 884: Calling cancel buf on idx:6 for stream type:8
01-18 15:42:00.597 E/QCamera (  722): <MCI><ERROR> mm_stream_cancel_buf: 5125: Error Trying to extract a frame already sent to HAL(idx=6) count=1
01-18 15:42:00.597 E/QCamera (  722): <MCI><ERROR> cancelBuffer: 884: Calling cancel buf on idx:7 for stream type:8
01-18 15:42:00.597 I/vendor.qti.hardware.qccvndhal@1.0-service(18453): Start with vendor binder
01-18 15:42:00.597 E/QCamera (  722): <MCI><ERROR> mm_stream_cancel_buf: 5125: Error Trying to extract a frame already sent to HAL(idx=7) count=1
01-18 15:42:00.598 I/vendor.qti.hardware.qccvndhal@1.0-service(18453): Registering qccvndhal service...
01-18 15:42:00.609 I/init    (    0): Service 'smartmu' (pid 18450) exited with status 0
01-18 15:42:00.609 I/init    (    0): Sending signal 9 to service 'smartmu' (pid 18450) process group...
01-18 15:42:00.609 I/libprocessgroup(    0): Successfully killed process cgroup uid 0 pid 18450 in 0ms
01-18 15:42:00.610 E/        (    0): frame_src is 1 frame_id is 29945 blackjoe
01-18 15:42:00.600 I/hwservicemanager(  512): getTransport: Cannot find entry vendor.qti.hardware.qccvndhal@1.0::IQccvndhal/qccvndhal in either framework or device manifest.
01-18 15:42:00.602 E/HidlServiceManagement(18453): Service vendor.qti.hardware.qccvndhal@1.0::IQccvndhal/qccvndhal must be in VINTF manifest in order to register/get.
01-18 15:42:00.602 E/vendor.qti.hardware.qccvndhal@1.0-service(18453): [ERROR] registerAsService() failed with status: -2147483648
01-18 15:42:00.602 E/mm-camera(  722): <SENSOR><ERROR> 4883: sensor_get_frame_duration: resolution is invalid, it seems stream has stopped.
01-18 15:42:00.602 E/mm-camera(  722): <SENSOR><ERROR> 884: sensor_fc_report_meta: Failed to get frame duration
01-18 15:42:00.602 E/mm-camera(  722): <SENSOR><ERROR> 4805: sensor_get_exposure_time: resolution is invalid, it seems stream has stopped.
01-18 15:42:00.603 E/mm-camera(  722): <SENSOR><ERROR> 904: sensor_fc_report_meta: Failed to get exposure time
01-18 15:42:00.604 E/mm-camera(  722): <MCT   ><ERROR> 2722: mct_stream_process_bus_msg: Check the runing function blackjoe 
01-18 15:42:00.604 E/mm-camera(  722): <MCT   ><ERROR> 2755: mct_stream_process_bus_msg: isp_sof_bus_msg is 0xecac1180
01-18 15:42:00.604 E/mm-camera(  722): <MCT   ><ERROR> 2757: mct_stream_process_bus_msg: frameid is 29945 hal_version is 3
01-18 15:42:00.604 E/mm-camera(  722): <MCT   ><ERROR> 2759: mct_stream_process_bus_msg: kstate_ptr is 0xe9d5f254, isp_kstate_ptr is 0xeda49000
01-18 15:42:00.604 E/mm-camera(  722): <MCT   ><ERROR> 2765: mct_stream_process_bus_msg: frame_id is 29945
01-18 15:42:00.605 E/QCamera (  722): <MCI><ERROR> mm_stream_data_notify: 337: E, my_handle = 0x7200, fd = 69, state = 6 blackjoe
01-18 15:42:00.605 E/QCamera (  722): <MCI><ERROR> mm_stream_read_msm_frame: 1723: E, my_handle = 0x7200, fd = 69, state = 6 blackjoe
01-18 15:42:00.606 I/QCamera (  722): <MCI><INFO> mm_stream_read_msm_frame: 1770: VIDIOC_DQBUF buf_index 10, frame_idx 29944, stream type 7, rc 0,queued: 17, buf_type = 0 flags = 8192 FD = 69 my_num 0 buf fd 102
01-18 15:42:00.606 E/QCamera (  722): <MCI><ERROR> mm_stream_read_msm_frame: 1790: X rc = 0
01-18 15:42:00.606 I/QCamera (  722): <MCI><INFO> mm_stream_handle_rcvd_buf: 220: E, my_handle = 0x7200, fd = 69, state = 6
01-18 15:42:00.607 I/QCamera (  722): <MCI><INFO> mm_stream_handle_rcvd_buf: 244: has cb and it is active by blackjoe
01-18 15:42:00.607 I/QCamera (  722): <MCI><INFO> mm_stream_dispatch_app_data: 415: E, my_handle = 0x7200, fd = 69, state = 6
01-18 15:42:00.607 I/QCamera (  722): <MCI><INFO> mm_stream_dispatch_app_data: 436: frame_sync.is_active = 0, is_cb_active = 1
01-18 15:42:00.607 I/QCamera (  722): <MCI><INFO> mm_stream_dispatch_app_data: 457: Enter callback by blackjoe
01-18 15:42:00.608 E/QCamera (  722): <HAL><ERROR> handleMetadataWithLock: 4863: Cancel missing frame = 4096, buffer = 0xed88fd70,stream type = 8, stream format = 36
01-18 15:42:00.608 E/QCamera (  722): <HAL><ERROR> handleMetadataWithLock: 4863: Cancel missing frame = 4097, buffer = 0xed898fb0,stream type = 8, stream format = 36
01-18 15:42:00.608 E/QCamera (  722): <HAL><ERROR> handleMetadataWithLock: 4863: Cancel missing frame = 4098, buffer = 0xed895680,stream type = 8, stream format = 36
01-18 15:42:00.608 E/QCamera (  722): <HAL><ERROR> handleMetadataWithLock: 4863: Cancel missing frame = 4099, buffer = 0xed8949c0,stream type = 8, stream format = 36
01-18 15:42:00.608 E/QCamera (  722): <HAL><ERROR> handleMetadataWithLock: 4863: Cancel missing frame = 4100, buffer = 0xed89bef0,stream type = 8, stream format = 36
01-18 15:42:00.609 E/QCamera (  722): <MCI><ERROR> cancelBuffer: 884: Calling cancel buf on idx:9 for stream type:8
01-18 15:42:00.609 E/QCamera (  722): <MCI><ERROR> mm_stream_cancel_buf: 5156: mm_stream_cancel_buf(idx=9) err=-1
01-18 15:42:00.609 E/QCamera (  722): <MCI><ERROR> cancelBuffer: 884: Calling cancel buf on idx:10 for stream type:8
01-18 15:42:00.609 E/QCamera (  722): <MCI><ERROR> mm_stream_cancel_buf: 5125: Error Trying to extract a frame already sent to HAL(idx=10) count=1
01-18 15:42:00.609 E/QCamera (  722): <MCI><ERROR> cancelBuffer: 884: Calling cancel buf on idx:11 for stream type:8
