--------- beginning of main
01-18 15:48:57.971 I/swapper/0(    0): type=1400 audit(0.0:12168): avc: denied { kill } for capability=5 scontext=u:r:kernel:s0 tcontext=u:r:kernel:s0 tclass=capability permissive=1
--------- beginning of kernel
01-18 15:48:58.757 I/init    (    0): starting service 'smartmu'...
01-18 15:48:58.798 I/init    (    0): starting service 'qccsyshalservice'...
01-18 15:48:58.869 D/SMARTMU (20101): #(20101) [ main.cpp : 25] SmartMU Version , 
01-18 15:48:58.871 E/AsymmetricDecrypt(20101): [AsymmetricDecrypt::acquireKeyFile] KeyPath - /system/vendor/keys/TC52AXANF/proxyframework 
01-18 15:48:58.877 E/AsymmetricDecrypt(20101): [AsymmetricDecrypt::ObtainSeedText] Buffer - Zebra Technologies/TC52AXANF/TC52AX/proxyframework 
01-18 15:48:58.877 E/AsymmetricDecrypt(20101): [AsymmetricDecrypt::NativeAuthenticate] Authentication failed. zDecodedText returned by ReadAndDecodeEncryptedText = Zebra Technologies/TC52AX/TC52AX/proxyframework, zBuf returned by ObtainSeedText = Zebra Technologies/TC52AXANF/TC52AX/proxyframework
01-18 15:48:58.877 D/SMARTMU (20101): #(20101) [ main.cpp : 31] Authentication failed
01-18 15:48:58.898 I/init    (    0): Service 'smartmu' (pid 20101) exited with status 0
01-18 15:48:58.898 I/init    (    0): Sending signal 9 to service 'smartmu' (pid 20101) process group...
01-18 15:48:58.900 I/libprocessgroup(    0): Successfully killed process cgroup uid 0 pid 20101 in 1ms
01-18 15:48:58.897 I/qccsyshalservice(20102): Start with system binder
01-18 15:48:58.900 I/qccsyshalservice(20102): Registering qccsyshal service...
01-18 15:48:58.903 I/hwservicemanager(  512): getTransport: Cannot find entry vendor.qti.hardware.qccsyshal@1.0::IQccsyshal/qccsyshal in either framework or device manifest.
01-18 15:48:58.905 E/HidlServiceManagement(20102): Service vendor.qti.hardware.qccsyshal@1.0::IQccsyshal/qccsyshal must be in VINTF manifest in order to register/get.
01-18 15:48:58.906 E/qccsyshalservice(20102): [ERROR] registerAsService() failed with status: -2147483648
01-18 15:48:58.929 I/init    (    0): Service 'qccsyshalservice' (pid 20102) exited with status 1
01-18 15:48:58.929 I/init    (    0): Sending signal 9 to service 'qccsyshalservice' (pid 20102) process group...
01-18 15:48:58.930 I/libprocessgroup(    0): Successfully killed process cgroup uid 1000 pid 20102 in 0ms
01-18 15:48:59.005 I/init    (    0): starting service 'qccvndhalservice'...
01-18 15:48:59.120 I/vendor.qti.hardware.qccvndhal@1.0-service(20104): Start with vendor binder
01-18 15:48:59.121 I/vendor.qti.hardware.qccvndhal@1.0-service(20104): Registering qccvndhal service...
01-18 15:48:59.124 I/hwservicemanager(  512): getTransport: Cannot find entry vendor.qti.hardware.qccvndhal@1.0::IQccvndhal/qccvndhal in either framework or device manifest.
01-18 15:48:59.126 E/HidlServiceManagement(20104): Service vendor.qti.hardware.qccvndhal@1.0::IQccvndhal/qccvndhal must be in VINTF manifest in order to register/get.
01-18 15:48:59.126 E/vendor.qti.hardware.qccvndhal@1.0-service(20104): [ERROR] registerAsService() failed with status: -2147483648
01-18 15:48:59.144 I/init    (    0): Service 'qccvndhalservice' (pid 20104) exited with status 1
01-18 15:48:59.753 I/perfetto( 1013): probes_producer.cc:329  Producer stop (id=236)
01-18 15:48:59.754 E/perfetto( 1013): probes_producer.cc:333  Cannot stop data source id=236, not found
01-18 15:49:00.008 D/KeyguardUpdateMonitor( 1897): received broadcast android.intent.action.TIME_TICK
01-18 15:49:00.014 D/KeyguardUpdateMonitor( 1897): handleTimeUpdate
01-18 15:49:00.019 D/KeyguardClockSwitch( 1897): Updating clock: 3î¸49
01-18 15:49:00.022 D/CompatibilityInfo( 1670): mCompatibilityFlags - 0
01-18 15:49:00.023 D/CompatibilityInfo( 1670): applicationDensity - 480
01-18 15:49:00.023 D/CompatibilityInfo( 1670): applicationScale - 1.0
01-18 15:49:00.063 D/CompatibilityInfo( 1670): mCompatibilityFlags - 0
01-18 15:49:00.064 D/CompatibilityInfo( 1670): applicationDensity - 480
01-18 15:49:00.064 D/CompatibilityInfo( 1670): applicationScale - 1.0
01-18 15:49:00.070 I/NextSubtest service( 4265): hit
01-18 15:49:00.079 E/        (    0): [SDL] misc_ioctl msg.len is 3 : 0x58 0x00 0xa8
01-18 15:49:00.081 E/        (    0): [SDL] misc_ioctl msg.len is 2 : 0xa7 0x00
01-18 15:49:00.084 E/        (    0): [SDL] misc_ioctl msg.len is 3 : 0x77 0x03 0x86
01-18 15:49:00.089 E/        (    0): [SDL] misc_ioctl msg.len is 2 : 0x88 0x00
01-18 15:49:00.095 E/        (    0): [SDL] misc_ioctl msg.len is 3 : 0x77 0x08 0x81
01-18 15:49:00.100 E/        (    0): [SDL] misc_ioctl msg.len is 2 : 0x88 0x00
01-18 15:49:00.105 E/        (    0): [SDL] misc_ioctl msg.len is 3 : 0x58 0x00 0xa8
01-18 15:49:00.110 E/        (    0): [SDL] misc_ioctl msg.len is 2 : 0xa7 0x00
01-18 15:49:00.116 E/        (    0): [SDL] misc_ioctl msg.len is 3 : 0x58 0x00 0xa8
01-18 15:49:00.121 E/        (    0): [SDL] misc_ioctl msg.len is 2 : 0xa7 0x00
01-18 15:49:00.127 E/        (    0): [SDL] misc_ioctl msg.len is 3 : 0x77 0x03 0x86
01-18 15:49:00.132 E/        (    0): [SDL] misc_ioctl msg.len is 2 : 0x88 0x00
01-18 15:49:00.137 E/        (    0): [SDL] misc_ioctl msg.len is 3 : 0x77 0x08 0x81
01-18 15:49:00.142 E/        (    0): [SDL] misc_ioctl msg.len is 2 : 0x88 0x00
01-18 15:49:00.148 E/        (    0): [SDL] misc_ioctl msg.len is 3 : 0x58 0x00 0xa8
01-18 15:49:00.153 E/        (    0): [SDL] misc_ioctl msg.len is 2 : 0xa7 0x00
01-18 15:49:00.560 D/logd    (    0): logdr: UID=0 GID=0 PID=20113 b tail=0 logMask=99 pid=0 start=0ns timeout=0ns
01-18 15:49:01.573 W/adbd    ( 3678): timeout expired while flushing socket, closing
--------- beginning of system
01-18 15:48:54.732 I/ActivityTaskManager( 1670): START u0 {flg=0x10000000 cmp=sdl.android.testapp/.SW_Decode_Android_TestApp_Activity} from uid 0
01-18 15:49:03.017 I/ActivityTaskManager( 1670): START u0 {flg=0x10000000 cmp=sdl.android.testapp/.SW_Decode_Android_TestApp_Activity} from uid 0
01-18 15:49:03.018 D/EventSequenceValidator( 1670): Transition from INTENT_FAILED to INTENT_STARTED
01-18 15:49:03.026 D/EventSequenceValidator( 1670): Transition from INTENT_STARTED to INTENT_FAILED
01-18 15:49:03.910 D/SMARTMU (20128): #(20128) [ main.cpp : 25] SmartMU Version , 
01-18 15:49:03.913 E/AsymmetricDecrypt(20128): [AsymmetricDecrypt::acquireKeyFile] KeyPath - /system/vendor/keys/TC52AXANF/proxyframework 
01-18 15:49:03.915 E/AsymmetricDecrypt(20128): [AsymmetricDecrypt::ObtainSeedText] Buffer - Zebra Technologies/TC52AXANF/TC52AX/proxyframework 
01-18 15:49:03.915 E/AsymmetricDecrypt(20128): [AsymmetricDecrypt::NativeAuthenticate] Authentication failed. zDecodedText returned by ReadAndDecodeEncryptedText = Zebra Technologies/TC52AX/TC52AX/proxyframework, zBuf returned by ObtainSeedText = Zebra Technologies/TC52AXANF/TC52AX/proxyframework
01-18 15:49:03.915 D/SMARTMU (20128): #(20128) [ main.cpp : 31] Authentication failed
01-18 15:49:03.949 I/qccsyshalservice(20129): Start with system binder
01-18 15:49:03.952 I/qccsyshalservice(20129): Registering qccsyshal service...
01-18 15:49:03.956 I/hwservicemanager(  512): getTransport: Cannot find entry vendor.qti.hardware.qccsyshal@1.0::IQccsyshal/qccsyshal in either framework or device manifest.
01-18 15:49:03.957 E/HidlServiceManagement(20129): Service vendor.qti.hardware.qccsyshal@1.0::IQccsyshal/qccsyshal must be in VINTF manifest in order to register/get.
01-18 15:49:03.958 E/qccsyshalservice(20129): [ERROR] registerAsService() failed with status: -2147483648
01-18 15:49:04.044 I/init    (    0): starting service 'qccvndhalservice'...
01-18 15:49:04.151 I/vendor.qti.hardware.qccvndhal@1.0-service(20131): Start with vendor binder
01-18 15:49:04.152 I/vendor.qti.hardware.qccvndhal@1.0-service(20131): Registering qccvndhal service...
01-18 15:49:04.154 I/hwservicemanager(  512): getTransport: Cannot find entry vendor.qti.hardware.qccvndhal@1.0::IQccvndhal/qccvndhal in either framework or device manifest.
01-18 15:49:04.155 E/HidlServiceManagement(20131): Service vendor.qti.hardware.qccvndhal@1.0::IQccvndhal/qccvndhal must be in VINTF manifest in order to register/get.
01-18 15:49:04.155 E/vendor.qti.hardware.qccvndhal@1.0-service(20131): [ERROR] registerAsService() failed with status: -2147483648
01-18 15:49:04.171 I/init    (    0): Service 'qccvndhalservice' (pid 20131) exited with status 1
01-18 15:49:04.755 W/perfetto( 1016): ng_service_impl.cc:1275 Timeout while waiting for ACKs for tracing session 236
01-18 15:49:04.761 I/perfetto( 1016): ng_service_impl.cc:1948 Tracing session 236 ended, total sessions:0
01-18 15:49:05.294 E/        (    0): GBSOC->12, GBTemp->440, GBTTE->78, GBTTF->65535
01-18 15:49:05.314 W/healthd (    0): battery l=12 v=3309 t=44.0 h=2 st=2 c=-408691 fc=4008000 cc=2 chg=u
01-18 15:49:05.329 E/BatteryStatsService( 1670): Power Hal not loaded
01-18 15:49:05.330 D/BatteryService( 1670): level : 12 / status : 2/Health : 2/Decommission : 0
01-18 15:49:05.336 W/ContextImpl( 3183): Calling a method in the system process without a qualified user: android.app.ContextImpl.startService:1669 android.content.ContextWrapper.startService:720 com.symbol.batterymanager.model.BatteryManagerReceiver.startBatteryApplicationService:81 com.symbol.batterymanager.model.BatteryManagerReceiver.onReceive:47 android.app.LoadedApk$ReceiverDispatcher$Args.lambda$getRunnable$0$LoadedApk$ReceiverDispatcher$Args:1580 
01-18 15:49:05.336 D/BatterySwapServ( 3346): onReceive BATTERY_CHANGED
01-18 15:49:05.337 D/BatterySwapServ( 3346): battery changed: present=true level=12 plugType=2 shutdownLevel=4 batteryType = 201 serialnumber =T6560
01-18 15:49:05.337 D/com.symbol.dataanalytics.a.a.d.b( 4979): Received battery event
01-18 15:49:05.337 D/com.symbol.dataanalytics.a.a.d.b( 4979): BatteryFactory event action = android.intent.action.BATTERY_CHANGED
01-18 15:49:05.337 D/HighTemperatureReceiver(11246): Receive action: android.intent.action.BATTERY_CHANGED
01-18 15:49:05.340 D/UsbCradleMode(20319): onReceive:Battery change, status:2
01-18 15:49:05.352 D/KeyguardUpdateMonitor( 1897): received broadcast android.intent.action.BATTERY_CHANGED
01-18 15:49:05.359 D/KeyguardUpdateMonitor( 1897): handleBatteryUpdate
01-18 15:49:05.494 I/IRQ 6   (    0): no longer affine to CPU4
01-18 15:49:05.769 E/KernelCpuSpeedReader( 1670): Failed to read cpu-freq: /sys/devices/system/cpu/cpu4/cpufreq/stats/time_in_state: open failed: ENOENT (No such file or directory)
01-18 15:49:05.769 E/KernelCpuSpeedReader( 1670): Failed to read cpu-freq: /sys/devices/system/cpu/cpu0/cpufreq/stats/time_in_state: open failed: ENOENT (No such file or directory)
01-18 15:49:05.761 I/Binder:581_1(  581): type=1400 audit(0.0:12169): avc: denied { read } for name="wakeup48" dev="sysfs" ino=61027 scontext=u:r:system_suspend:s0 tcontext=u:object_r:sysfs:s0 tclass=dir permissive=1
01-18 15:49:05.761 I/Binder:581_1(  581): type=1400 audit(0.0:12170): avc: denied { open } for path="/sys/devices/virtual/misc/msm_mp3/wakeup48" dev="sysfs" ino=61027 scontext=u:r:system_suspend:s0 tcontext=u:object_r:sysfs:s0 tclass=dir permissive=1
01-18 15:49:05.761 I/Binder:581_1(  581): type=1400 audit(0.0:12171): avc: denied { read } for name="event_count" dev="sysfs" ino=61034 scontext=u:r:system_suspend:s0 tcontext=u:object_r:sysfs:s0 tclass=file permissive=1
01-18 15:49:05.761 I/Binder:581_1(  581): type=1400 audit(0.0:12172): avc: denied { open } for path="/sys/devices/virtual/misc/msm_mp3/wakeup48/event_count" dev="sysfs" ino=61034 scontext=u:r:system_suspend:s0 tcontext=u:object_r:sysfs:s0 tclass=file permissive=1
01-18 15:49:05.761 I/Binder:581_1(  581): type=1400 audit(0.0:12173): avc: denied { getattr } for path="/sys/devices/virtual/misc/msm_mp3/wakeup48/event_count" dev="sysfs" ino=61034 scontext=u:r:system_suspend:s0 tcontext=u:object_r:sysfs:s0 tclass=file permissive=1
01-18 15:49:05.876 W/audit   (    0): audit_lost=4282 audit_rate_limit=5 audit_backlog_limit=64
01-18 15:49:05.876 E/audit   (    0): rate limit exceeded
01-18 15:49:05.918 W/system_server( 1670): Long monitor contention with owner batterystats-worker (1708) at void com.android.server.am.BatteryExternalStatsWorker.updateExternalStatsLocked(java.lang.String, int, boolean, boolean, boolean)(BatteryExternalStatsWorker.java:508) waiters=0 in boolean com.android.server.am.BatteryStatsService.isCharging() for 583ms
01-18 15:49:05.920 W/system_server( 1670): Long monitor contention with owner batterystats-worker (1708) at void com.android.server.am.BatteryExternalStatsWorker.updateExternalStatsLocked(java.lang.String, int, boolean, boolean, boolean)(BatteryExternalStatsWorker.java:508) waiters=1 in android.content.ComponentName com.android.server.am.ActiveServices.startServiceInnerLocked(com.android.server.am.ActiveServices$ServiceMap, android.content.Intent, com.android.server.am.ServiceRecord, boolean, boolean) for 581ms
01-18 15:49:05.921 W/system_server( 1670): Long monitor contention with owner batterystats-worker (1708) at void com.android.server.am.BatteryExternalStatsWorker.updateExternalStatsLocked(java.lang.String, int, boolean, boolean, boolean)(BatteryExternalStatsWorker.java:508) waiters=2 in long com.android.server.am.BatteryStatsService.computeChargeTimeRemaining() for 561ms
01-18 15:49:05.924 V/BatteryApplicationService( 3183): BatteryType  201
01-18 15:49:05.924 D/OSUService( 3114): dev-dbg:is_charging current_now -579101, batteryLevel: 12, isCharging(isCharging): true
01-18 15:49:05.924 D/OSUService( 3114): dev-dbg:is_charging ADAPTER_CHARGE_LIMIIT 500000
01-18 15:49:05.924 D/OSUService( 3114): dev-dbg:is_charging current_now > ADAPTER_CHARGE_LIMIIT false
01-18 15:49:05.925 D/OSUService( 3114): dev-dbg:is_charging conditionCheck false
01-18 15:49:05.925 D/OSUService( 3114): dev-dbg: battery change intent batteryLevel: 12, is_charging(context): false, STATE: 1
01-18 15:49:05.932 D/OSUService( 3114): dev-dbg:is_charging current_now -579101, batteryLevel: 12, isCharging(isCharging): true
01-18 15:49:05.933 D/OSUService( 3114): dev-dbg:is_charging ADAPTER_CHARGE_LIMIIT 500000
01-18 15:49:05.933 D/OSUService( 3114): dev-dbg:is_charging current_now > ADAPTER_CHARGE_LIMIIT false
01-18 15:49:05.933 D/OSUService( 3114): dev-dbg:is_charging conditionCheck false
01-18 15:49:05.933 D/OSUService( 3114): dev-dbg: calling for suspend
01-18 15:49:05.933 I/OSUService( 3114): handle_ab_suspend -1 2
01-18 15:49:05.934 E/OSUService( 3114): Can't Suspend - there are no update in progress
01-18 15:49:05.935 D/OSUService( 3114): dev-dbg: battery change intent finished
01-18 15:49:07.971 I/swapper/0(    0): type=1400 audit(0.0:12179): avc: denied { kill } for capability=5 scontext=u:r:kernel:s0 tcontext=u:r:kernel:s0 tclass=capability permissive=1
01-18 15:49:08.843 I/init    (    0): starting service 'smartmu'...
01-18 15:49:08.889 I/init    (    0): starting service 'qccsyshalservice'...
01-18 15:49:08.931 I/qccsyshalservic(20136): type=1400 audit(0.0:12180): avc: denied { search } for name="/" dev="sda10" ino=2 scontext=u:r:vendor_qccsyshal_qti:s0 tcontext=u:object_r:factory_file:s0 tclass=dir permissive=1
01-18 15:49:08.971 D/SMARTMU (20135): #(20135) [ main.cpp : 25] SmartMU Version , 
01-18 15:49:08.973 E/AsymmetricDecrypt(20135): [AsymmetricDecrypt::acquireKeyFile] KeyPath - /system/vendor/keys/TC52AXANF/proxyframework 
01-18 15:49:08.977 E/AsymmetricDecrypt(20135): [AsymmetricDecrypt::ObtainSeedText] Buffer - Zebra Technologies/TC52AXANF/TC52AX/proxyframework 
01-18 15:49:08.977 E/AsymmetricDecrypt(20135): [AsymmetricDecrypt::NativeAuthenticate] Authentication failed. zDecodedText returned by ReadAndDecodeEncryptedText = Zebra Technologies/TC52AX/TC52AX/proxyframework, zBuf returned by ObtainSeedText = Zebra Technologies/TC52AXANF/TC52AX/proxyframework
01-18 15:49:08.977 D/SMARTMU (20135): #(20135) [ main.cpp : 31] Authentication failed
01-18 15:49:08.980 I/qccsyshalservice(20136): Start with system binder
01-18 15:49:08.982 I/qccsyshalservice(20136): Registering qccsyshal service...
01-18 15:49:08.985 I/hwservicemanager(  512): getTransport: Cannot find entry vendor.qti.hardware.qccsyshal@1.0::IQccsyshal/qccsyshal in either framework or device manifest.
01-18 15:49:08.987 E/HidlServiceManagement(20136): Service vendor.qti.hardware.qccsyshal@1.0::IQccsyshal/qccsyshal must be in VINTF manifest in order to register/get.
01-18 15:49:08.987 E/qccsyshalservice(20136): [ERROR] registerAsService() failed with status: -2147483648
01-18 15:49:08.999 I/init    (    0): Service 'smartmu' (pid 20135) exited with status 0
01-18 15:49:08.999 I/init    (    0): Sending signal 9 to service 'smartmu' (pid 20135) process group...
01-18 15:49:09.002 I/libprocessgroup(    0): Successfully killed process cgroup uid 0 pid 20135 in 2ms
01-18 15:49:09.015 I/init    (    0): Service 'qccsyshalservice' (pid 20136) exited with status 1
01-18 15:49:09.015 I/init    (    0): Sending signal 9 to service 'qccsyshalservice' (pid 20136) process group...
01-18 15:49:09.016 I/libprocessgroup(    0): Successfully killed process cgroup uid 1000 pid 20136 in 0ms
01-18 15:49:09.086 I/init    (    0): starting service 'qccvndhalservice'...
01-18 15:49:09.201 I/vendor.qti.hardware.qccvndhal@1.0-service(20138): Start with vendor binder
01-18 15:49:09.202 I/vendor.qti.hardware.qccvndhal@1.0-service(20138): Registering qccvndhal service...
01-18 15:49:09.205 I/hwservicemanager(  512): getTransport: Cannot find entry vendor.qti.hardware.qccvndhal@1.0::IQccvndhal/qccvndhal in either framework or device manifest.
01-18 15:49:09.207 E/HidlServiceManagement(20138): Service vendor.qti.hardware.qccvndhal@1.0::IQccvndhal/qccvndhal must be in VINTF manifest in order to register/get.
01-18 15:49:09.207 E/vendor.qti.hardware.qccvndhal@1.0-service(20138): [ERROR] registerAsService() failed with status: -2147483648
01-18 15:49:09.225 I/init    (    0): Service 'qccvndhalservice' (pid 20138) exited with status 1
01-18 15:49:13.392 W/healthd (    0): battery l=12 v=3331 t=44.0 h=2 st=2 c=-255370 fc=4008000 cc=2 chg=u
01-18 15:49:13.394 D/CompatibilityInfo( 1670): mCompatibilityFlags - 0
01-18 15:49:13.394 D/CompatibilityInfo( 1670): applicationDensity - 480
01-18 15:49:13.394 D/CompatibilityInfo( 1670): applicationScale - 1.0
01-18 15:49:13.399 I/NextSubtest service( 4265): hit
01-18 15:49:13.408 E/        (    0): [SDL] misc_ioctl msg.len is 3 : 0x58 0x00 0xa8
01-18 15:49:13.400 D/SW_Decode_Android_TestApp_Activity( 4265): GetLastDecodedImageTests : 0
01-18 15:49:13.400 E/BCReader-JNI( 4265): mCancelCaptSession=0
01-18 15:49:13.412 E/        (    0): [SDL] misc_ioctl msg.len is 2 : 0xa7 0x00
01-18 15:49:13.413 E/        (    0): [SDL] misc_ioctl msg.len is 3 : 0x77 0x03 0x86
01-18 15:49:13.418 E/        (    0): [SDL] misc_ioctl msg.len is 2 : 0x88 0x00
01-18 15:49:13.424 E/        (    0): [SDL] misc_ioctl msg.len is 3 : 0x77 0x08 0x81
01-18 15:49:13.415 D/BatteryService( 1670): level : 12 / status : 2/Health : 2/Decommission : 0
01-18 15:49:13.423 D/BatterySwapServ( 3346): onReceive BATTERY_CHANGED
01-18 15:49:13.424 D/BatterySwapServ( 3346): battery changed: present=true level=12 plugType=2 shutdownLevel=4 batteryType = 201 serialnumber =T6560
01-18 15:49:13.425 D/com.symbol.dataanalytics.a.a.d.b( 4979): Received battery event
01-18 15:49:13.425 D/com.symbol.dataanalytics.a.a.d.b( 4979): BatteryFactory event action = android.intent.action.BATTERY_CHANGED
01-18 15:49:13.425 W/ContextImpl( 3183): Calling a method in the system process without a qualified user: android.app.ContextImpl.startService:1669 android.content.ContextWrapper.startService:720 com.symbol.batterymanager.model.BatteryManagerReceiver.startBatteryApplicationService:81 com.symbol.batterymanager.model.BatteryManagerReceiver.onReceive:47 android.app.LoadedApk$ReceiverDispatcher$Args.lambda$getRunnable$0$LoadedApk$ReceiverDispatcher$Args:1580 
01-18 15:49:13.427 D/HighTemperatureReceiver(11246): Receive action: android.intent.action.BATTERY_CHANGED
01-18 15:49:13.427 D/UsbCradleMode(20319): onReceive:Battery change, status:2
01-18 15:49:13.428 D/OSUService( 3114): dev-dbg:is_charging current_now -255370, batteryLevel: 12, isCharging(isCharging): true
01-18 15:49:13.428 D/OSUService( 3114): dev-dbg:is_charging ADAPTER_CHARGE_LIMIIT 500000
01-18 15:49:13.428 D/OSUService( 3114): dev-dbg:is_charging current_now > ADAPTER_CHARGE_LIMIIT false
01-18 15:49:13.428 D/OSUService( 3114): dev-dbg:is_charging conditionCheck false
01-18 15:49:13.429 D/OSUService( 3114): dev-dbg: battery change intent batteryLevel: 12, is_charging(context): false, STATE: 1
01-18 15:49:13.430 V/BatteryApplicationService( 3183): BatteryType  201
01-18 15:49:13.429 E/        (    0): [SDL] misc_ioctl msg.len is 2 : 0x88 0x00
01-18 15:49:13.435 E/        (    0): [SDL] misc_ioctl msg.len is 3 : 0x58 0x00 0xa8
01-18 15:49:13.434 D/OSUService( 3114): dev-dbg:is_charging current_now -255370, batteryLevel: 12, isCharging(isCharging): true
01-18 15:49:13.435 D/OSUService( 3114): dev-dbg:is_charging ADAPTER_CHARGE_LIMIIT 500000
01-18 15:49:13.435 D/OSUService( 3114): dev-dbg:is_charging current_now > ADAPTER_CHARGE_LIMIIT false
01-18 15:49:13.440 E/        (    0): [SDL] misc_ioctl msg.len is 2 : 0xa7 0x00
01-18 15:49:13.435 D/OSUService( 3114): dev-dbg:is_charging conditionCheck false
01-18 15:49:13.435 D/OSUService( 3114): dev-dbg: calling for suspend
01-18 15:49:13.435 I/OSUService( 3114): handle_ab_suspend -1 2
01-18 15:49:13.435 E/OSUService( 3114): Can't Suspend - there are no update in progress
01-18 15:49:13.435 D/OSUService( 3114): dev-dbg: battery change intent finished
01-18 15:49:13.445 E/        (    0): [SDL] misc_ioctl msg.len is 3 : 0x58 0x00 0xa8
01-18 15:49:13.441 D/KeyguardUpdateMonitor( 1897): received broadcast android.intent.action.BATTERY_CHANGED
01-18 15:49:13.450 E/        (    0): [SDL] misc_ioctl msg.len is 2 : 0xa7 0x00
01-18 15:49:13.447 D/KeyguardUpdateMonitor( 1897): handleBatteryUpdate
01-18 15:49:13.456 E/        (    0): [SDL] misc_ioctl msg.len is 3 : 0x77 0x03 0x86
01-18 15:49:13.461 E/        (    0): [SDL] misc_ioctl msg.len is 2 : 0x88 0x00
01-18 15:49:13.467 E/        (    0): [SDL] misc_ioctl msg.len is 3 : 0x77 0x08 0x81
01-18 15:49:13.472 E/        (    0): [SDL] misc_ioctl msg.len is 2 : 0x88 0x00
01-18 15:49:13.477 E/        (    0): [SDL] misc_ioctl msg.len is 3 : 0x58 0x00 0xa8
01-18 15:49:13.482 E/        (    0): [SDL] misc_ioctl msg.len is 2 : 0xa7 0x00
01-18 15:49:13.488 E/        (    0): [SDL] misc_ioctl msg.len is 3 : 0x58 0x00 0xa8
01-18 15:49:13.493 E/        (    0): [SDL] misc_ioctl msg.len is 2 : 0xa7 0x00
01-18 15:49:13.499 E/        (    0): [SDL] misc_ioctl msg.len is 4 : 0x7b 0x00 0x00 0x85
01-18 15:49:13.504 E/        (    0): [SDL] misc_ioctl msg.len is 2 : 0x84 0x00
01-18 15:49:13.510 E/        (    0): [SDL] misc_ioctl msg.len is 4 : 0x82 0x00 0x00 0x7e
01-18 15:49:13.512 D/BCReader-JNI( 4265): CHECK camera_status_t ZebraCamera::createCaptureSession() /swdec/SDL/MR-2022/Release/SDL-ALAS00-011-R00-D01/Framework.SDL_standard/project/Android/proj_BarCodeReaderSDL/jni/camera2.h 1741
01-18 15:49:13.512 D/BCReader-JNI( 4265): CHECK camera_status_t ZebraCamera::createCaptureSession() /swdec/SDL/MR-2022/Release/SDL-ALAS00-011-R00-D01/Framework.SDL_standard/project/Android/proj_BarCodeReaderSDL/jni/camera2.h 1757
01-18 15:49:13.512 D/BCReader-JNI( 4265): CHECK camera_status_t ZebraCamera::createCaptureSession() /swdec/SDL/MR-2022/Release/SDL-ALAS00-011-R00-D01/Framework.SDL_standard/project/Android/proj_BarCodeReaderSDL/jni/camera2.h 1769
01-18 15:49:13.512 D/BCReader-JNI( 4265): Call ACameraDevice_createCaptureSession createCaptureSession:1819
01-18 15:49:13.513 E/ACameraDevice( 4265): checkCameraClosedOrErrorLocked: camera device has encountered a serious error
01-18 15:49:13.513 D/BCReader-JNI( 4265): End ACameraDevice_createCaptureSession createCaptureSession:1822
01-18 15:49:13.513 E/BCReader-JNI( 4265): Create session for camera 0 failed. ret ACAMERA_ERROR_CAMERA_DEVICE session 0x0
01-18 15:49:13.513 E/BCReader-JNI( 4265): Camera 0 create CaptureSession request failed. ret -10005
01-18 15:49:13.515 E/        (    0): [SDL] misc_ioctl msg.len is 2 : 0x7d 0x80
01-18 15:49:13.522 E/        (    0): [SDL] misc_ioctl msg.len is 3 : 0x77 0x02 0x87
01-18 15:49:13.526 E/        (    0): [SDL] misc_ioctl msg.len is 2 : 0x88 0x00
01-18 15:49:13.550 E/mm-camera(  722): <SENSOR><ERROR> 4883: sensor_get_frame_duration: resolution is invalid, it seems stream has stopped.
01-18 15:49:13.550 E/mm-camera(  722): <SENSOR><ERROR> 884: sensor_fc_report_meta: Failed to get frame duration
01-18 15:49:13.551 E/mm-camera(  722): <SENSOR><ERROR> 4805: sensor_get_exposure_time: resolution is invalid, it seems stream has stopped.
01-18 15:49:13.551 E/mm-camera(  722): <SENSOR><ERROR> 904: sensor_fc_report_meta: Failed to get exposure time
01-18 15:49:13.552 E/mm-camera(  722): <MCT   ><ERROR> 2722: mct_stream_process_bus_msg: Check the runing function blackjoe 
01-18 15:49:13.552 E/mm-camera(  722): <MCT   ><ERROR> 2755: mct_stream_process_bus_msg: isp_sof_bus_msg is 0xecac0250
01-18 15:49:13.552 E/mm-camera(  722): <MCT   ><ERROR> 2757: mct_stream_process_bus_msg: frameid is 34565 hal_version is 3
01-18 15:49:13.552 E/mm-camera(  722): <MCT   ><ERROR> 2759: mct_stream_process_bus_msg: kstate_ptr is 0xe9d5f254, isp_kstate_ptr is 0xeda49000
01-18 15:49:13.552 E/mm-camera(  722): <MCT   ><ERROR> 2765: mct_stream_process_bus_msg: frame_id is 34565
01-18 15:49:13.553 E/QCamera (  722): <MCI><ERROR> mm_stream_data_notify: 337: E, my_handle = 0x7200, fd = 69, state = 6 blackjoe
01-18 15:49:13.553 E/QCamera (  722): <MCI><ERROR> mm_stream_read_msm_frame: 1723: E, my_handle = 0x7200, fd = 69, state = 6 blackjoe
01-18 15:49:13.554 I/QCamera (  722): <MCI><INFO> mm_stream_read_msm_frame: 1770: VIDIOC_DQBUF buf_index 4, frame_idx 34564, stream type 7, rc 0,queued: 17, buf_type = 0 flags = 8192 FD = 69 my_num 0 buf fd 90
01-18 15:49:13.554 E/QCamera (  722): <MCI><ERROR> mm_stream_read_msm_frame: 1790: X rc = 0
01-18 15:49:13.554 I/QCamera (  722): <MCI><INFO> mm_stream_handle_rcvd_buf: 220: E, my_handle = 0x7200, fd = 69, state = 6
01-18 15:49:13.554 I/QCamera (  722): <MCI><INFO> mm_stream_handle_rcvd_buf: 244: has cb and it is active by blackjoe
01-18 15:49:13.554 I/QCamera (  722): <MCI><INFO> mm_stream_dispatch_app_data: 415: E, my_handle = 0x7200, fd = 69, state = 6
01-18 15:49:13.554 I/QCamera (  722): <MCI><INFO> mm_stream_dispatch_app_data: 436: frame_sync.is_active = 0, is_cb_active = 1
01-18 15:49:13.555 I/QCamera (  722): <MCI><INFO> mm_stream_dispatch_app_data: 457: Enter callback by blackjoe
01-18 15:49:13.555 E/QCamera (  722): <HAL><ERROR> handleMetadataWithLock: 4863: Cancel missing frame = 4096, buffer = 0xed88fd70,stream type = 8, stream format = 36
01-18 15:49:13.556 E/QCamera (  722): <HAL><ERROR> handleMetadataWithLock: 4863: Cancel missing frame = 4097, buffer = 0xed898fb0,stream type = 8, stream format = 36
01-18 15:49:13.556 E/QCamera (  722): <HAL><ERROR> handleMetadataWithLock: 4863: Cancel missing frame = 4098, buffer = 0xed895680,stream type = 8, stream format = 36
01-18 15:49:13.557 E/mm-camera(  722): <STATS_AIS ><ERROR> 1316: dsps_process_response_gyro: Query request denied, error code = 5, QId_valid = 1, QueryId = 0x50a, AckNak_valid = 1, AckNak = 3
01-18 15:49:13.557 E/QCamera (  722): <HAL><ERROR> handleMetadataWithLock: 4863: Cancel missing frame = 4099, buffer = 0xed8949c0,stream type = 8, stream format = 36
01-18 15:49:13.557 E/QCamera (  722): <HAL><ERROR> handleMetadataWithLock: 4863: Cancel missing frame = 4100, buffer = 0xed89bef0,stream type = 8, stream format = 36
01-18 15:49:13.557 E/QCamera (  722): <MCI><ERROR> cancelBuffer: 884: Calling cancel buf on idx:9 for stream type:8
01-18 15:49:13.558 E/QCamera (  722): <MCI><ERROR> mm_stream_cancel_buf: 5156: mm_stream_cancel_buf(idx=9) err=-1
01-18 15:49:13.558 E/QCamera (  722): <MCI><ERROR> cancelBuffer: 884: Calling cancel buf on idx:10 for stream type:8
01-18 15:49:13.558 E/QCamera (  722): <MCI><ERROR> mm_stream_cancel_buf: 5125: Error Trying to extract a frame already sent to HAL(idx=10) count=1
01-18 15:49:13.558 E/QCamera (  722): <MCI><ERROR> cancelBuffer: 884: Calling cancel buf on idx:11 for stream type:8
01-18 15:49:13.558 E/QCamera (  722): <MCI><ERROR> mm_stream_cancel_buf: 5125: Error Trying to extract a frame already sent to HAL(idx=11) count=1
01-18 15:49:13.558 E/QCamera (  722): <MCI><ERROR> cancelBuffer: 884: Calling cancel buf on idx:6 for stream type:8
01-18 15:49:13.559 E/QCamera (  722): <MCI><ERROR> mm_stream_cancel_buf: 5125: Error Trying to extract a frame already sent to HAL(idx=6) count=1
01-18 15:49:13.559 E/QCamera (  722): <MCI><ERROR> cancelBuffer: 884: Calling cancel buf on idx:7 for stream type:8
01-18 15:49:13.559 E/QCamera (  722): <MCI><ERROR> mm_stream_cancel_buf: 5125: Error Trying to extract a frame already sent to HAL(idx=7) count=1
01-18 15:49:13.558 E/        (    0): frame_src is 1 frame_id is 34565 blackjoe
01-18 15:49:13.574 E/        (    0): frame_src is 1 frame_id is 34566 blackjoe
01-18 15:49:13.566 E/mm-camera(  722): <SENSOR><ERROR> 4883: sensor_get_frame_duration: resolution is invalid, it seems stream has stopped.
01-18 15:49:13.566 E/mm-camera(  722): <SENSOR><ERROR> 884: sensor_fc_report_meta: Failed to get frame duration
01-18 15:49:13.567 E/mm-camera(  722): <SENSOR><ERROR> 4805: sensor_get_exposure_time: resolution is invalid, it seems stream has stopped.
01-18 15:49:13.567 E/mm-camera(  722): <SENSOR><ERROR> 904: sensor_fc_report_meta: Failed to get exposure time
01-18 15:49:13.568 E/mm-camera(  722): <MCT   ><ERROR> 2722: mct_stream_process_bus_msg: Check the runing function blackjoe 
01-18 15:49:13.568 E/mm-camera(  722): <MCT   ><ERROR> 2755: mct_stream_process_bus_msg: isp_sof_bus_msg is 0xecac0250
01-18 15:49:13.568 E/mm-camera(  722): <MCT   ><ERROR> 2757: mct_stream_process_bus_msg: frameid is 34566 hal_version is 3
01-18 15:49:13.568 E/mm-camera(  722): <MCT   ><ERROR> 2759: mct_stream_process_bus_msg: kstate_ptr is 0xe9d5f254, isp_kstate_ptr is 0xeda49000
01-18 15:49:13.568 E/mm-camera(  722): <MCT   ><ERROR> 2765: mct_stream_process_bus_msg: frame_id is 34566
01-18 15:49:13.569 E/QCamera (  722): <MCI><ERROR> mm_stream_data_notify: 337: E, my_handle = 0x7200, fd = 69, state = 6 blackjoe
01-18 15:49:13.569 E/QCamera (  722): <MCI><ERROR> mm_stream_read_msm_frame: 1723: E, my_handle = 0x7200, fd = 69, state = 6 blackjoe
01-18 15:49:13.569 I/QCamera (  722): <MCI><INFO> mm_stream_read_msm_frame: 1770: VIDIOC_DQBUF buf_index 5, frame_idx 34565, stream type 7, rc 0,queued: 17, buf_type = 0 flags = 8192 FD = 69 my_num 0 buf fd 92
01-18 15:49:13.570 E/QCamera (  722): <MCI><ERROR> mm_stream_read_msm_frame: 1790: X rc = 0
01-18 15:49:13.570 I/QCamera (  722): <MCI><INFO> mm_stream_handle_rcvd_buf: 220: E, my_handle = 0x7200, fd = 69, state = 6
01-18 15:49:13.570 I/QCamera (  722): <MCI><INFO> mm_stream_handle_rcvd_buf: 244: has cb and it is active by blackjoe
01-18 15:49:13.570 I/QCamera (  722): <MCI><INFO> mm_stream_dispatch_app_data: 415: E, my_handle = 0x7200, fd = 69, state = 6
01-18 15:49:13.570 I/QCamera (  722): <MCI><INFO> mm_stream_dispatch_app_data: 436: frame_sync.is_active = 0, is_cb_active = 1
01-18 15:49:13.571 I/QCamera (  722): <MCI><INFO> mm_stream_dispatch_app_data: 457: Enter callback by blackjoe
01-18 15:49:13.571 E/QCamera (  722): <HAL><ERROR> handleMetadataWithLock: 4863: Cancel missing frame = 4096, buffer = 0xed88fd70,stream type = 8, stream format = 36
01-18 15:49:13.571 E/QCamera (  722): <HAL><ERROR> handleMetadataWithLock: 4863: Cancel missing frame = 4097, buffer = 0xed898fb0,stream type = 8, stream format = 36
01-18 15:49:13.571 E/QCamera (  722): <MCI><ERROR> cancelBuffer: 884: Calling cancel buf on idx:9 for stream type:8
01-18 15:49:13.571 E/QCamera (  722): <HAL><ERROR> handleMetadataWithLock: 4863: Cancel missing frame = 4098, buffer = 0xed895680,stream type = 8, stream format = 36
01-18 15:49:13.571 E/QCamera (  722): <MCI><ERROR> mm_stream_cancel_buf: 5156: mm_stream_cancel_buf(idx=9) err=-1
01-18 15:49:13.571 E/QCamera (  722): <HAL><ERROR> handleMetadataWithLock: 4863: Cancel missing frame = 4099, buffer = 0xed8949c0,stream type = 8, stream format = 36
01-18 15:49:13.571 E/QCamera (  722): <MCI><ERROR> cancelBuffer: 884: Calling cancel buf on idx:10 for stream type:8
01-18 15:49:13.572 E/QCamera (  722): <HAL><ERROR> handleMetadataWithLock: 4863: Cancel missing frame = 4100, buffer = 0xed89bef0,stream type = 8, stream format = 36
01-18 15:49:13.572 E/QCamera (  722): <MCI><ERROR> mm_stream_cancel_buf: 5125: Error Trying to extract a frame already sent to HAL(idx=10) count=1
01-18 15:49:13.572 E/QCamera (  722): <MCI><ERROR> cancelBuffer: 884: Calling cancel buf on idx:11 for stream type:8
01-18 15:49:13.572 E/QCamera (  722): <MCI><ERROR> mm_stream_cancel_buf: 5125: Error Trying to extract a frame already sent to HAL(idx=11) count=1
01-18 15:49:13.572 E/QCamera (  722): <MCI><ERROR> cancelBuffer: 884: Calling cancel buf on idx:6 for stream type:8
01-18 15:49:13.573 E/QCamera (  722): <MCI><ERROR> mm_stream_cancel_buf: 5125: Error Trying to extract a frame already sent to HAL(idx=6) count=1
01-18 15:49:13.573 E/QCamera (  722): <MCI><ERROR> cancelBuffer: 884: Calling cancel buf on idx:7 for stream type:8
01-18 15:49:13.573 E/QCamera (  722): <MCI><ERROR> mm_stream_cancel_buf: 5125: Error Trying to extract a frame already sent to HAL(idx=7) count=1
01-18 15:49:13.573 E/mm-camera(  722): <STATS_AIS ><ERROR> 1316: dsps_process_response_gyro: Query request denied, error code = 5, QId_valid = 1, QueryId = 0x60a, AckNak_valid = 1, AckNak = 3
01-18 15:49:13.591 E/        (    0): frame_src is 1 frame_id is 34567 blackjoe
01-18 15:49:13.583 E/mm-camera(  722): <SENSOR><ERROR> 4883: sensor_get_frame_duration: resolution is invalid, it seems stream has stopped.
01-18 15:49:13.583 E/mm-camera(  722): <SENSOR><ERROR> 884: sensor_fc_report_meta: Failed to get frame duration
01-18 15:49:13.583 E/mm-camera(  722): <SENSOR><ERROR> 4805: sensor_get_exposure_time: resolution is invalid, it seems stream has stopped.
01-18 15:49:13.583 E/mm-camera(  722): <SENSOR><ERROR> 904: sensor_fc_report_meta: Failed to get exposure time
01-18 15:49:13.584 E/mm-camera(  722): <MCT   ><ERROR> 2722: mct_stream_process_bus_msg: Check the runing function blackjoe 
01-18 15:49:13.584 E/mm-camera(  722): <MCT   ><ERROR> 2755: mct_stream_process_bus_msg: isp_sof_bus_msg is 0xecac0250
01-18 15:49:13.584 E/mm-camera(  722): <MCT   ><ERROR> 2757: mct_stream_process_bus_msg: frameid is 34567 hal_version is 3
01-18 15:49:13.585 E/mm-camera(  722): <MCT   ><ERROR> 2759: mct_stream_process_bus_msg: kstate_ptr is 0xe9d5f254, isp_kstate_ptr is 0xeda49000
01-18 15:49:13.585 E/mm-camera(  722): <MCT   ><ERROR> 2765: mct_stream_process_bus_msg: frame_id is 34567
01-18 15:49:13.586 E/QCamera (  722): <MCI><ERROR> mm_stream_data_notify: 337: E, my_handle = 0x7200, fd = 69, state = 6 blackjoe
01-18 15:49:13.586 E/QCamera (  722): <MCI><ERROR> mm_stream_read_msm_frame: 1723: E, my_handle = 0x7200, fd = 69, state = 6 blackjoe
01-18 15:49:13.586 I/QCamera (  722): <MCI><INFO> mm_stream_read_msm_frame: 1770: VIDIOC_DQBUF buf_index 6, frame_idx 34566, stream type 7, rc 0,queued: 17, buf_type = 0 flags = 8192 FD = 69 my_num 0 buf fd 94
01-18 15:49:13.587 E/QCamera (  722): <MCI><ERROR> mm_stream_read_msm_frame: 1790: X rc = 0
01-18 15:49:13.587 I/QCamera (  722): <MCI><INFO> mm_stream_handle_rcvd_buf: 220: E, my_handle = 0x7200, fd = 69, state = 6
01-18 15:49:13.587 I/QCamera (  722): <MCI><INFO> mm_stream_handle_rcvd_buf: 244: has cb and it is active by blackjoe
01-18 15:49:13.587 I/QCamera (  722): <MCI><INFO> mm_stream_dispatch_app_data: 415: E, my_handle = 0x7200, fd = 69, state = 6
01-18 15:49:13.588 I/QCamera (  722): <MCI><INFO> mm_stream_dispatch_app_data: 436: frame_sync.is_active = 0, is_cb_active = 1
01-18 15:49:13.588 I/QCamera (  722): <MCI><INFO> mm_stream_dispatch_app_data: 457: Enter callback by blackjoe
01-18 15:49:13.588 E/QCamera (  722): <HAL><ERROR> handleMetadataWithLock: 4863: Cancel missing frame = 4096, buffer = 0xed88fd70,stream type = 8, stream format = 36
01-18 15:49:13.588 E/QCamera (  722): <HAL><ERROR> handleMetadataWithLock: 4863: Cancel missing frame = 4097, buffer = 0xed898fb0,stream type = 8, stream format = 36
01-18 15:49:13.588 E/QCamera (  722): <MCI><ERROR> cancelBuffer: 884: Calling cancel buf on idx:9 for stream type:8
01-18 15:49:13.588 E/QCamera (  722): <HAL><ERROR> handleMetadataWithLock: 4863: Cancel missing frame = 4098, buffer = 0xed895680,stream type = 8, stream format = 36
01-18 15:49:13.588 E/QCamera (  722): <MCI><ERROR> mm_stream_cancel_buf: 5156: mm_stream_cancel_buf(idx=9) err=-1
01-18 15:49:13.589 E/QCamera (  722): <HAL><ERROR> handleMetadataWithLock: 4863: Cancel missing frame = 4099, buffer = 0xed8949c0,stream type = 8, stream format = 36
01-18 15:49:13.589 E/QCamera (  722): <MCI><ERROR> cancelBuffer: 884: Calling cancel buf on idx:10 for stream type:8
01-18 15:49:13.589 E/QCamera (  722): <HAL><ERROR> handleMetadataWithLock: 4863: Cancel missing frame = 4100, buffer = 0xed89bef0,stream type = 8, stream format = 36
01-18 15:49:13.589 E/QCamera (  722): <MCI><ERROR> mm_stream_cancel_buf: 5125: Error Trying to extract a frame already sent to HAL(idx=10) count=1
01-18 15:49:13.589 E/QCamera (  722): <MCI><ERROR> cancelBuffer: 884: Calling cancel buf on idx:11 for stream type:8
01-18 15:49:13.589 E/QCamera (  722): <MCI><ERROR> mm_stream_cancel_buf: 5125: Error Trying to extract a frame already sent to HAL(idx=11) count=1
01-18 15:49:13.589 E/mm-camera(  722): <STATS_AIS ><ERROR> 1316: dsps_process_response_gyro: Query request denied, error code = 5, QId_valid = 1, QueryId = 0x70a, AckNak_valid = 1, AckNak = 3
01-18 15:49:13.589 E/QCamera (  722): <MCI><ERROR> cancelBuffer: 884: Calling cancel buf on idx:6 for stream type:8
01-18 15:49:13.589 E/QCamera (  722): <MCI><ERROR> mm_stream_cancel_buf: 5125: Error Trying to extract a frame already sent to HAL(idx=6) count=1
01-18 15:49:13.590 E/QCamera (  722): <MCI><ERROR> cancelBuffer: 884: Calling cancel buf on idx:7 for stream type:8
01-18 15:49:13.590 E/QCamera (  722): <MCI><ERROR> mm_stream_cancel_buf: 5125: Error Trying to extract a frame already sent to HAL(idx=7) count=1
01-18 15:49:13.599 E/mm-camera(  722): <SENSOR><ERROR> 4883: sensor_get_frame_duration: resolution is invalid, it seems stream has stopped.
01-18 15:49:13.600 E/mm-camera(  722): <SENSOR><ERROR> 884: sensor_fc_report_meta: Failed to get frame duration
01-18 15:49:13.600 E/mm-camera(  722): <SENSOR><ERROR> 4805: sensor_get_exposure_time: resolution is invalid, it seems stream has stopped.
01-18 15:49:13.608 E/        (    0): frame_src is 1 frame_id is 34568 blackjoe
01-18 15:49:13.611 D/logd    (    0): logdr: UID=0 GID=0 PID=20149 n tail=0 logMask=99 pid=0 start=0ns timeout=0ns
01-18 15:49:13.600 E/mm-camera(  722): <SENSOR><ERROR> 904: sensor_fc_report_meta: Failed to get exposure time
01-18 15:49:13.601 E/mm-camera(  722): <MCT   ><ERROR> 2722: mct_stream_process_bus_msg: Check the runing function blackjoe 
01-18 15:49:13.624 E/        (    0): frame_src is 1 frame_id is 34569 blackjoe
01-18 15:49:13.602 E/mm-camera(  722): <MCT   ><ERROR> 2755: mct_stream_process_bus_msg: isp_sof_bus_msg is 0xecac0250
01-18 15:49:13.602 E/mm-camera(  722): <MCT   ><ERROR> 2757: mct_stream_process_bus_msg: frameid is 34568 hal_version is 3
01-18 15:49:13.602 E/mm-camera(  722): <MCT   ><ERROR> 2759: mct_stream_process_bus_msg: kstate_ptr is 0xe9d5f254, isp_kstate_ptr is 0xeda49000
01-18 15:49:13.602 E/mm-camera(  722): <MCT   ><ERROR> 2765: mct_stream_process_bus_msg: frame_id is 34568
01-18 15:49:13.603 E/QCamera (  722): <MCI><ERROR> mm_stream_data_notify: 337: E, my_handle = 0x7200, fd = 69, state = 6 blackjoe
01-18 15:49:13.603 E/QCamera (  722): <MCI><ERROR> mm_stream_read_msm_frame: 1723: E, my_handle = 0x7200, fd = 69, state = 6 blackjoe
01-18 15:49:13.603 I/QCamera (  722): <MCI><INFO> mm_stream_read_msm_frame: 1770: VIDIOC_DQBUF buf_index 7, frame_idx 34567, stream type 7, rc 0,queued: 17, buf_type = 0 flags = 8192 FD = 69 my_num 0 buf fd 96
01-18 15:49:13.603 E/QCamera (  722): <MCI><ERROR> mm_stream_read_msm_frame: 1790: X rc = 0
01-18 15:49:13.603 I/QCamera (  722): <MCI><INFO> mm_stream_handle_rcvd_buf: 220: E, my_handle = 0x7200, fd = 69, state = 6
01-18 15:49:13.604 I/QCamera (  722): <MCI><INFO> mm_stream_handle_rcvd_buf: 244: has cb and it is active by blackjoe
01-18 15:49:13.604 I/QCamera (  722): <MCI><INFO> mm_stream_dispatch_app_data: 415: E, my_handle = 0x7200, fd = 69, state = 6
01-18 15:49:13.604 I/QCamera (  722): <MCI><INFO> mm_stream_dispatch_app_data: 436: frame_sync.is_active = 0, is_cb_active = 1
01-18 15:49:13.604 I/QCamera (  722): <MCI><INFO> mm_stream_dispatch_app_data: 457: Enter callback by blackjoe
01-18 15:49:13.604 E/QCamera (  722): <HAL><ERROR> handleMetadataWithLock: 4863: Cancel missing frame = 4096, buffer = 0xed88fd70,stream type = 8, stream format = 36
01-18 15:49:13.605 E/QCamera (  722): <HAL><ERROR> handleMetadataWithLock: 4863: Cancel missing frame = 4097, buffer = 0xed898fb0,stream type = 8, stream format = 36
01-18 15:49:13.605 E/QCamera (  722): <HAL><ERROR> handleMetadataWithLock: 4863: Cancel missing frame = 4098, buffer = 0xed895680,stream type = 8, stream format = 36
01-18 15:49:13.605 E/QCamera (  722): <HAL><ERROR> handleMetadataWithLock: 4863: Cancel missing frame = 4099, buffer = 0xed8949c0,stream type = 8, stream format = 36
01-18 15:49:13.605 E/QCamera (  722): <HAL><ERROR> handleMetadataWithLock: 4863: Cancel missing frame = 4100, buffer = 0xed89bef0,stream type = 8, stream format = 36
01-18 15:49:13.606 E/QCamera (  722): <MCI><ERROR> cancelBuffer: 884: Calling cancel buf on idx:9 for stream type:8
01-18 15:49:13.606 E/mm-camera(  722): <STATS_AIS ><ERROR> 1316: dsps_process_response_gyro: Query request denied, error code = 5, QId_valid = 1, QueryId = 0x80a, AckNak_valid = 1, AckNak = 3
01-18 15:49:13.606 E/QCamera (  722): <MCI><ERROR> mm_stream_cancel_buf: 5156: mm_stream_cancel_buf(idx=9) err=-1
01-18 15:49:13.606 E/QCamera (  722): <MCI><ERROR> cancelBuffer: 884: Calling cancel buf on idx:10 for stream type:8
01-18 15:49:13.606 E/QCamera (  722): <MCI><ERROR> mm_stream_cancel_buf: 5125: Error Trying to extract a frame already sent to HAL(idx=10) count=1
01-18 15:49:13.606 E/QCamera (  722): <MCI><ERROR> cancelBuffer: 884: Calling cancel buf on idx:11 for stream type:8
01-18 15:49:13.606 E/QCamera (  722): <MCI><ERROR> mm_stream_cancel_buf: 5125: Error Trying to extract a frame already sent to HAL(idx=11) count=1
01-18 15:49:13.606 E/QCamera (  722): <MCI><ERROR> cancelBuffer: 884: Calling cancel buf on idx:6 for stream type:8
01-18 15:49:13.607 E/QCamera (  722): <MCI><ERROR> mm_stream_cancel_buf: 5125: Error Trying to extract a frame already sent to HAL(idx=6) count=1
01-18 15:49:13.607 E/QCamera (  722): <MCI><ERROR> cancelBuffer: 884: Calling cancel buf on idx:7 for stream type:8
01-18 15:49:13.607 E/QCamera (  722): <MCI><ERROR> mm_stream_cancel_buf: 5125: Error Trying to extract a frame already sent to HAL(idx=7) count=1
01-18 15:49:13.616 E/mm-camera(  722): <SENSOR><ERROR> 4883: sensor_get_frame_duration: resolution is invalid, it seems stream has stopped.
01-18 15:49:13.616 E/mm-camera(  722): <SENSOR><ERROR> 884: sensor_fc_report_meta: Failed to get frame duration
01-18 15:49:13.616 E/mm-camera(  722): <SENSOR><ERROR> 4805: sensor_get_exposure_time: resolution is invalid, it seems stream has stopped.
01-18 15:49:13.617 E/mm-camera(  722): <SENSOR><ERROR> 904: sensor_fc_report_meta: Failed to get exposure time
01-18 15:49:13.618 E/mm-camera(  722): <MCT   ><ERROR> 2722: mct_stream_process_bus_msg: Check the runing function blackjoe 
01-18 15:49:13.618 E/mm-camera(  722): <MCT   ><ERROR> 2755: mct_stream_process_bus_msg: isp_sof_bus_msg is 0xecac0250
01-18 15:49:13.618 E/mm-camera(  722): <MCT   ><ERROR> 2757: mct_stream_process_bus_msg: frameid is 34569 hal_version is 3
01-18 15:49:13.618 E/mm-camera(  722): <MCT   ><ERROR> 2759: mct_stream_process_bus_msg: kstate_ptr is 0xe9d5f254, isp_kstate_ptr is 0xeda49000
01-18 15:49:13.618 E/mm-camera(  722): <MCT   ><ERROR> 2765: mct_stream_process_bus_msg: frame_id is 34569
01-18 15:49:13.619 E/QCamera (  722): <MCI><ERROR> mm_stream_data_notify: 337: E, my_handle = 0x7200, fd = 69, state = 6 blackjoe
01-18 15:49:13.619 E/QCamera (  722): <MCI><ERROR> mm_stream_read_msm_frame: 1723: E, my_handle = 0x7200, fd = 69, state = 6 blackjoe
01-18 15:49:13.619 I/QCamera (  722): <MCI><INFO> mm_stream_read_msm_frame: 1770: VIDIOC_DQBUF buf_index 8, frame_idx 34568, stream type 7, rc 0,queued: 17, buf_type = 0 flags = 8192 FD = 69 my_num 0 buf fd 98
01-18 15:49:13.619 E/QCamera (  722): <MCI><ERROR> mm_stream_read_msm_frame: 1790: X rc = 0
01-18 15:49:13.620 I/QCamera (  722): <MCI><INFO> mm_stream_handle_rcvd_buf: 220: E, my_handle = 0x7200, fd = 69, state = 6
01-18 15:49:13.620 I/QCamera (  722): <MCI><INFO> mm_stream_handle_rcvd_buf: 244: has cb and it is active by blackjoe
01-18 15:49:13.620 I/QCamera (  722): <MCI><INFO> mm_stream_dispatch_app_data: 415: E, my_handle = 0x7200, fd = 69, state = 6
01-18 15:49:13.620 I/QCamera (  722): <MCI><INFO> mm_stream_dispatch_app_data: 436: frame_sync.is_active = 0, is_cb_active = 1
01-18 15:49:13.621 I/QCamera (  722): <MCI><INFO> mm_stream_dispatch_app_data: 457: Enter callback by blackjoe
01-18 15:49:13.621 E/QCamera (  722): <HAL><ERROR> handleMetadataWithLock: 4863: Cancel missing frame = 4096, buffer = 0xed88fd70,stream type = 8, stream format = 36
01-18 15:49:13.621 E/QCamera (  722): <HAL><ERROR> handleMetadataWithLock: 4863: Cancel missing frame = 4097, buffer = 0xed898fb0,stream type = 8, stream format = 36
01-18 15:49:13.621 E/QCamera (  722): <MCI><ERROR> cancelBuffer: 884: Calling cancel buf on idx:9 for stream type:8
01-18 15:49:13.621 E/QCamera (  722): <HAL><ERROR> handleMetadataWithLock: 4863: Cancel missing frame = 4098, buffer = 0xed895680,stream type = 8, stream format = 36
01-18 15:49:13.621 E/QCamera (  722): <MCI><ERROR> mm_stream_cancel_buf: 5156: mm_stream_cancel_buf(idx=9) err=-1
01-18 15:49:13.621 E/QCamera (  722): <HAL><ERROR> handleMetadataWithLock: 4863: Cancel missing frame = 4099, buffer = 0xed8949c0,stream type = 8, stream format = 36
01-18 15:49:13.621 E/QCamera (  722): <MCI><ERROR> cancelBuffer: 884: Calling cancel buf on idx:10 for stream type:8
01-18 15:49:13.622 E/QCamera (  722): <HAL><ERROR> handleMetadataWithLock: 4863: Cancel missing frame = 4100, buffer = 0xed89bef0,stream type = 8, stream format = 36
01-18 15:49:13.622 E/QCamera (  722): <MCI><ERROR> mm_stream_cancel_buf: 5125: Error Trying to extract a frame already sent to HAL(idx=10) count=1
01-18 15:49:13.622 E/QCamera (  722): <MCI><ERROR> cancelBuffer: 884: Calling cancel buf on idx:11 for stream type:8
01-18 15:49:13.622 E/QCamera (  722): <MCI><ERROR> mm_stream_cancel_buf: 5125: Error Trying to extract a frame already sent to HAL(idx=11) count=1
01-18 15:49:13.622 E/QCamera (  722): <MCI><ERROR> cancelBuffer: 884: Calling cancel buf on idx:6 for stream type:8
01-18 15:49:13.622 E/QCamera (  722): <MCI><ERROR> mm_stream_cancel_buf: 5125: Error Trying to extract a frame already sent to HAL(idx=6) count=1
01-18 15:49:13.622 E/QCamera (  722): <MCI><ERROR> cancelBuffer: 884: Calling cancel buf on idx:7 for stream type:8
01-18 15:49:13.622 E/QCamera (  722): <MCI><ERROR> mm_stream_cancel_buf: 5125: Error Trying to extract a frame already sent to HAL(idx=7) count=1
01-18 15:49:13.622 E/mm-camera(  722): <STATS_AIS ><ERROR> 1316: dsps_process_response_gyro: Query request denied, error code = 5, QId_valid = 1, QueryId = 0x90a, AckNak_valid = 1, AckNak = 3
01-18 15:49:13.674 E/        (    0): frame_src is 1 frame_id is 34570 blackjoe
01-18 15:49:13.667 E/mm-camera(  722): <SENSOR><ERROR> 4883: sensor_get_frame_duration: resolution is invalid, it seems stream has stopped.
01-18 15:49:13.667 E/mm-camera(  722): <SENSOR><ERROR> 884: sensor_fc_report_meta: Failed to get frame duration
01-18 15:49:13.667 E/mm-camera(  722): <SENSOR><ERROR> 4805: sensor_get_exposure_time: resolution is invalid, it seems stream has stopped.
01-18 15:49:13.668 E/mm-camera(  722): <SENSOR><ERROR> 904: sensor_fc_report_meta: Failed to get exposure time
01-18 15:49:13.669 E/mm-camera(  722): <MCT   ><ERROR> 2722: mct_stream_process_bus_msg: Check the runing function blackjoe 
01-18 15:49:13.671 E/mm-camera(  722): <MCT   ><ERROR> 2755: mct_stream_process_bus_msg: isp_sof_bus_msg is 0xecac0250
01-18 15:49:13.671 E/mm-camera(  722): <MCT   ><ERROR> 2757: mct_stream_process_bus_msg: frameid is 34570 hal_version is 3
01-18 15:49:13.672 E/mm-camera(  722): <MCT   ><ERROR> 2759: mct_stream_process_bus_msg: kstate_ptr is 0xe9d5f254, isp_kstate_ptr is 0xeda49000
01-18 15:49:13.672 E/mm-camera(  722): <MCT   ><ERROR> 2765: mct_stream_process_bus_msg: frame_id is 34570
01-18 15:49:13.673 E/QCamera (  722): <MCI><ERROR> mm_stream_data_notify: 337: E, my_handle = 0x7200, fd = 69, state = 6 blackjoe
01-18 15:49:13.673 E/QCamera (  722): <MCI><ERROR> mm_stream_read_msm_frame: 1723: E, my_handle = 0x7200, fd = 69, state = 6 blackjoe
01-18 15:49:13.674 I/QCamera (  722): <MCI><INFO> mm_stream_read_msm_frame: 1770: VIDIOC_DQBUF buf_index 9, frame_idx 34569, stream type 7, rc 0,queued: 17, buf_type = 0 flags = 8192 FD = 69 my_num 0 buf fd 100
01-18 15:49:13.674 E/QCamera (  722): <MCI><ERROR> mm_stream_read_msm_frame: 1790: X rc = 0
01-18 15:49:13.674 E/mm-camera(  722): <STATS_AIS ><ERROR> 1316: dsps_process_response_gyro: Query request denied, error code = 5, QId_valid = 1, QueryId = 0xa0a, AckNak_valid = 1, AckNak = 3
01-18 15:49:13.674 I/QCamera (  722): <MCI><INFO> mm_stream_handle_rcvd_buf: 220: E, my_handle = 0x7200, fd = 69, state = 6
