01-18 15:53:39.030 E/QCamera (  722): <MCI><ERROR> mm_stream_cancel_buf: 5125: Error Trying to extract a frame already sent to HAL(idx=11) count=1
01-18 15:53:39.030 E/QCamera (  722): <MCI><ERROR> cancelBuffer: 884: Calling cancel buf on idx:6 for stream type:8
01-18 15:53:39.030 E/QCamera (  722): <MCI><ERROR> mm_stream_cancel_buf: 5125: Error Trying to extract a frame already sent to HAL(idx=6) count=1
01-18 15:53:39.031 E/QCamera (  722): <MCI><ERROR> cancelBuffer: 884: Calling cancel buf on idx:7 for stream type:8
01-18 15:53:39.031 E/QCamera (  722): <MCI><ERROR> mm_stream_cancel_buf: 5125: Error Trying to extract a frame already sent to HAL(idx=7) count=1
01-18 15:53:39.047 E/        (    0): frame_src is 1 frame_id is 37431 blackjoe
01-18 15:53:39.064 E/        (    0): frame_src is 1 frame_id is 37432 blackjoe
01-18 15:53:39.040 E/mm-camera(  722): <SENSOR><ERROR> 4883: sensor_get_frame_duration: resolution is invalid, it seems stream has stopped.
01-18 15:53:39.040 E/mm-camera(  722): <SENSOR><ERROR> 884: sensor_fc_report_meta: Failed to get frame duration
01-18 15:53:39.040 E/mm-camera(  722): <SENSOR><ERROR> 4805: sensor_get_exposure_time: resolution is invalid, it seems stream has stopped.
01-18 15:53:39.040 E/mm-camera(  722): <SENSOR><ERROR> 904: sensor_fc_report_meta: Failed to get exposure time
01-18 15:53:39.042 E/mm-camera(  722): <MCT   ><ERROR> 2722: mct_stream_process_bus_msg: Check the runing function blackjoe 
01-18 15:53:39.042 E/mm-camera(  722): <MCT   ><ERROR> 2755: mct_stream_process_bus_msg: isp_sof_bus_msg is 0xecac1210
01-18 15:53:39.042 E/mm-camera(  722): <MCT   ><ERROR> 2757: mct_stream_process_bus_msg: frameid is 37431 hal_version is 3
01-18 15:53:39.042 E/mm-camera(  722): <MCT   ><ERROR> 2759: mct_stream_process_bus_msg: kstate_ptr is 0xe9d5f254, isp_kstate_ptr is 0xeda49000
01-18 15:53:39.042 E/mm-camera(  722): <MCT   ><ERROR> 2765: mct_stream_process_bus_msg: frame_id is 37431
01-18 15:53:39.043 E/QCamera (  722): <MCI><ERROR> mm_stream_data_notify: 337: E, my_handle = 0x7200, fd = 69, state = 6 blackjoe
01-18 15:53:39.043 E/QCamera (  722): <MCI><ERROR> mm_stream_read_msm_frame: 1723: E, my_handle = 0x7200, fd = 69, state = 6 blackjoe
01-18 15:53:39.043 I/QCamera (  722): <MCI><INFO> mm_stream_read_msm_frame: 1770: VIDIOC_DQBUF buf_index 8, frame_idx 37430, stream type 7, rc 0,queued: 17, buf_type = 0 flags = 8192 FD = 69 my_num 0 buf fd 98
01-18 15:53:39.044 E/QCamera (  722): <MCI><ERROR> mm_stream_read_msm_frame: 1790: X rc = 0
01-18 15:53:39.044 I/QCamera (  722): <MCI><INFO> mm_stream_handle_rcvd_buf: 220: E, my_handle = 0x7200, fd = 69, state = 6
01-18 15:53:39.044 I/QCamera (  722): <MCI><INFO> mm_stream_handle_rcvd_buf: 244: has cb and it is active by blackjoe
01-18 15:53:39.044 I/QCamera (  722): <MCI><INFO> mm_stream_dispatch_app_data: 415: E, my_handle = 0x7200, fd = 69, state = 6
01-18 15:53:39.044 I/QCamera (  722): <MCI><INFO> mm_stream_dispatch_app_data: 436: frame_sync.is_active = 0, is_cb_active = 1
01-18 15:53:39.045 I/QCamera (  722): <MCI><INFO> mm_stream_dispatch_app_data: 457: Enter callback by blackjoe
01-18 15:53:39.046 E/QCamera (  722): <HAL><ERROR> handleMetadataWithLock: 4863: Cancel missing frame = 4096, buffer = 0xed88fd70,stream type = 8, stream format = 36
01-18 15:53:39.046 E/mm-camera(  722): <STATS_AIS ><ERROR> 1316: dsps_process_response_gyro: Query request denied, error code = 5, QId_valid = 1, QueryId = 0x370a, AckNak_valid = 1, AckNak = 3
01-18 15:53:39.046 E/QCamera (  722): <HAL><ERROR> handleMetadataWithLock: 4863: Cancel missing frame = 4097, buffer = 0xed898fb0,stream type = 8, stream format = 36
01-18 15:53:39.046 E/QCamera (  722): <MCI><ERROR> cancelBuffer: 884: Calling cancel buf on idx:9 for stream type:8
01-18 15:53:39.046 E/QCamera (  722): <HAL><ERROR> handleMetadataWithLock: 4863: Cancel missing frame = 4098, buffer = 0xed895680,stream type = 8, stream format = 36
01-18 15:53:39.046 E/QCamera (  722): <MCI><ERROR> mm_stream_cancel_buf: 5156: mm_stream_cancel_buf(idx=9) err=-1
01-18 15:53:39.046 E/QCamera (  722): <HAL><ERROR> handleMetadataWithLock: 4863: Cancel missing frame = 4099, buffer = 0xed8949c0,stream type = 8, stream format = 36
01-18 15:53:39.046 E/QCamera (  722): <MCI><ERROR> cancelBuffer: 884: Calling cancel buf on idx:10 for stream type:8
01-18 15:53:39.047 E/QCamera (  722): <HAL><ERROR> handleMetadataWithLock: 4863: Cancel missing frame = 4100, buffer = 0xed89bef0,stream type = 8, stream format = 36
01-18 15:53:39.047 E/QCamera (  722): <MCI><ERROR> mm_stream_cancel_buf: 5125: Error Trying to extract a frame already sent to HAL(idx=10) count=1
01-18 15:53:39.047 E/QCamera (  722): <MCI><ERROR> cancelBuffer: 884: Calling cancel buf on idx:11 for stream type:8
01-18 15:53:39.047 E/QCamera (  722): <MCI><ERROR> mm_stream_cancel_buf: 5125: Error Trying to extract a frame already sent to HAL(idx=11) count=1
01-18 15:53:39.047 E/QCamera (  722): <MCI><ERROR> cancelBuffer: 884: Calling cancel buf on idx:6 for stream type:8
01-18 15:53:39.048 E/QCamera (  722): <MCI><ERROR> mm_stream_cancel_buf: 5125: Error Trying to extract a frame already sent to HAL(idx=6) count=1
01-18 15:53:39.048 E/QCamera (  722): <MCI><ERROR> cancelBuffer: 884: Calling cancel buf on idx:7 for stream type:8
01-18 15:53:39.048 E/QCamera (  722): <MCI><ERROR> mm_stream_cancel_buf: 5125: Error Trying to extract a frame already sent to HAL(idx=7) count=1
01-18 15:53:39.057 E/mm-camera(  722): <SENSOR><ERROR> 4883: sensor_get_frame_duration: resolution is invalid, it seems stream has stopped.
01-18 15:53:39.057 E/mm-camera(  722): <SENSOR><ERROR> 884: sensor_fc_report_meta: Failed to get frame duration
01-18 15:53:39.057 E/mm-camera(  722): <SENSOR><ERROR> 4805: sensor_get_exposure_time: resolution is invalid, it seems stream has stopped.
01-18 15:53:39.057 E/mm-camera(  722): <SENSOR><ERROR> 904: sensor_fc_report_meta: Failed to get exposure time
01-18 15:53:39.058 E/mm-camera(  722): <MCT   ><ERROR> 2722: mct_stream_process_bus_msg: Check the runing function blackjoe 
01-18 15:53:39.059 E/mm-camera(  722): <MCT   ><ERROR> 2755: mct_stream_process_bus_msg: isp_sof_bus_msg is 0xecac1210
01-18 15:53:39.059 E/mm-camera(  722): <MCT   ><ERROR> 2757: mct_stream_process_bus_msg: frameid is 37432 hal_version is 3
01-18 15:53:39.059 E/mm-camera(  722): <MCT   ><ERROR> 2759: mct_stream_process_bus_msg: kstate_ptr is 0xe9d5f254, isp_kstate_ptr is 0xeda49000
01-18 15:53:39.059 E/mm-camera(  722): <MCT   ><ERROR> 2765: mct_stream_process_bus_msg: frame_id is 37432
01-18 15:53:39.060 E/QCamera (  722): <MCI><ERROR> mm_stream_data_notify: 337: E, my_handle = 0x7200, fd = 69, state = 6 blackjoe
01-18 15:53:39.060 E/QCamera (  722): <MCI><ERROR> mm_stream_read_msm_frame: 1723: E, my_handle = 0x7200, fd = 69, state = 6 blackjoe
01-18 15:53:39.060 I/QCamera (  722): <MCI><INFO> mm_stream_read_msm_frame: 1770: VIDIOC_DQBUF buf_index 9, frame_idx 37431, stream type 7, rc 0,queued: 17, buf_type = 0 flags = 8192 FD = 69 my_num 0 buf fd 100
01-18 15:53:39.060 E/QCamera (  722): <MCI><ERROR> mm_stream_read_msm_frame: 1790: X rc = 0
01-18 15:53:39.060 I/QCamera (  722): <MCI><INFO> mm_stream_handle_rcvd_buf: 220: E, my_handle = 0x7200, fd = 69, state = 6
01-18 15:53:39.060 I/QCamera (  722): <MCI><INFO> mm_stream_handle_rcvd_buf: 244: has cb and it is active by blackjoe
01-18 15:53:39.061 I/QCamera (  722): <MCI><INFO> mm_stream_dispatch_app_data: 415: E, my_handle = 0x7200, fd = 69, state = 6
01-18 15:53:39.061 I/QCamera (  722): <MCI><INFO> mm_stream_dispatch_app_data: 436: frame_sync.is_active = 0, is_cb_active = 1
01-18 15:53:39.061 I/QCamera (  722): <MCI><INFO> mm_stream_dispatch_app_data: 457: Enter callback by blackjoe
01-18 15:53:39.062 E/QCamera (  722): <HAL><ERROR> handleMetadataWithLock: 4863: Cancel missing frame = 4096, buffer = 0xed88fd70,stream type = 8, stream format = 36
01-18 15:53:39.062 E/QCamera (  722): <HAL><ERROR> handleMetadataWithLock: 4863: Cancel missing frame = 4097, buffer = 0xed898fb0,stream type = 8, stream format = 36
01-18 15:53:39.062 E/QCamera (  722): <MCI><ERROR> cancelBuffer: 884: Calling cancel buf on idx:9 for stream type:8
01-18 15:53:39.062 E/QCamera (  722): <HAL><ERROR> handleMetadataWithLock: 4863: Cancel missing frame = 4098, buffer = 0xed895680,stream type = 8, stream format = 36
01-18 15:53:39.063 E/QCamera (  722): <HAL><ERROR> handleMetadataWithLock: 4863: Cancel missing frame = 4099, buffer = 0xed8949c0,stream type = 8, stream format = 36
01-18 15:53:39.063 E/QCamera (  722): <MCI><ERROR> mm_stream_cancel_buf: 5156: mm_stream_cancel_buf(idx=9) err=-1
01-18 15:53:39.063 E/QCamera (  722): <HAL><ERROR> handleMetadataWithLock: 4863: Cancel missing frame = 4100, buffer = 0xed89bef0,stream type = 8, stream format = 36
01-18 15:53:39.063 E/QCamera (  722): <MCI><ERROR> cancelBuffer: 884: Calling cancel buf on idx:10 for stream type:8
01-18 15:53:39.063 E/mm-camera(  722): <STATS_AIS ><ERROR> 1316: dsps_process_response_gyro: Query request denied, error code = 5, QId_valid = 1, QueryId = 0x380a, AckNak_valid = 1, AckNak = 3
01-18 15:53:39.063 E/QCamera (  722): <MCI><ERROR> mm_stream_cancel_buf: 5125: Error Trying to extract a frame already sent to HAL(idx=10) count=1
01-18 15:53:39.063 E/QCamera (  722): <MCI><ERROR> cancelBuffer: 884: Calling cancel buf on idx:11 for stream type:8
01-18 15:53:39.064 E/QCamera (  722): <MCI><ERROR> mm_stream_cancel_buf: 5125: Error Trying to extract a frame already sent to HAL(idx=11) count=1
01-18 15:53:39.064 E/QCamera (  722): <MCI><ERROR> cancelBuffer: 884: Calling cancel buf on idx:6 for stream type:8
01-18 15:53:39.064 E/QCamera (  722): <MCI><ERROR> mm_stream_cancel_buf: 5125: Error Trying to extract a frame already sent to HAL(idx=6) count=1
01-18 15:53:39.064 E/QCamera (  722): <MCI><ERROR> cancelBuffer: 884: Calling cancel buf on idx:7 for stream type:8
01-18 15:53:39.064 E/QCamera (  722): <MCI><ERROR> mm_stream_cancel_buf: 5125: Error Trying to extract a frame already sent to HAL(idx=7) count=1
01-18 15:53:39.081 E/        (    0): frame_src is 1 frame_id is 37433 blackjoe
01-18 15:53:39.073 E/mm-camera(  722): <SENSOR><ERROR> 4883: sensor_get_frame_duration: resolution is invalid, it seems stream has stopped.
01-18 15:53:39.073 E/mm-camera(  722): <SENSOR><ERROR> 884: sensor_fc_report_meta: Failed to get frame duration
01-18 15:53:39.073 E/mm-camera(  722): <SENSOR><ERROR> 4805: sensor_get_exposure_time: resolution is invalid, it seems stream has stopped.
01-18 15:53:39.073 E/mm-camera(  722): <SENSOR><ERROR> 904: sensor_fc_report_meta: Failed to get exposure time
01-18 15:53:39.074 E/mm-camera(  722): <MCT   ><ERROR> 2722: mct_stream_process_bus_msg: Check the runing function blackjoe 
01-18 15:53:39.074 E/mm-camera(  722): <MCT   ><ERROR> 2755: mct_stream_process_bus_msg: isp_sof_bus_msg is 0xecac1210
01-18 15:53:39.075 E/mm-camera(  722): <MCT   ><ERROR> 2757: mct_stream_process_bus_msg: frameid is 37433 hal_version is 3
01-18 15:53:39.075 E/mm-camera(  722): <MCT   ><ERROR> 2759: mct_stream_process_bus_msg: kstate_ptr is 0xe9d5f254, isp_kstate_ptr is 0xeda49000
01-18 15:53:39.075 E/mm-camera(  722): <MCT   ><ERROR> 2765: mct_stream_process_bus_msg: frame_id is 37433
01-18 15:53:39.075 E/QCamera (  722): <MCI><ERROR> mm_stream_data_notify: 337: E, my_handle = 0x7200, fd = 69, state = 6 blackjoe
01-18 15:53:39.076 E/QCamera (  722): <MCI><ERROR> mm_stream_read_msm_frame: 1723: E, my_handle = 0x7200, fd = 69, state = 6 blackjoe
01-18 15:53:39.076 I/QCamera (  722): <MCI><INFO> mm_stream_read_msm_frame: 1770: VIDIOC_DQBUF buf_index 10, frame_idx 37432, stream type 7, rc 0,queued: 17, buf_type = 0 flags = 8192 FD = 69 my_num 0 buf fd 102
01-18 15:53:39.076 E/QCamera (  722): <MCI><ERROR> mm_stream_read_msm_frame: 1790: X rc = 0
01-18 15:53:39.076 I/QCamera (  722): <MCI><INFO> mm_stream_handle_rcvd_buf: 220: E, my_handle = 0x7200, fd = 69, state = 6
01-18 15:53:39.076 I/QCamera (  722): <MCI><INFO> mm_stream_handle_rcvd_buf: 244: has cb and it is active by blackjoe
01-18 15:53:39.076 I/QCamera (  722): <MCI><INFO> mm_stream_dispatch_app_data: 415: E, my_handle = 0x7200, fd = 69, state = 6
01-18 15:53:39.076 I/QCamera (  722): <MCI><INFO> mm_stream_dispatch_app_data: 436: frame_sync.is_active = 0, is_cb_active = 1
01-18 15:53:39.077 I/QCamera (  722): <MCI><INFO> mm_stream_dispatch_app_data: 457: Enter callback by blackjoe
01-18 15:53:39.077 E/QCamera (  722): <HAL><ERROR> handleMetadataWithLock: 4863: Cancel missing frame = 4096, buffer = 0xed88fd70,stream type = 8, stream format = 36
01-18 15:53:39.077 E/QCamera (  722): <HAL><ERROR> handleMetadataWithLock: 4863: Cancel missing frame = 4097, buffer = 0xed898fb0,stream type = 8, stream format = 36
01-18 15:53:39.077 E/QCamera (  722): <MCI><ERROR> cancelBuffer: 884: Calling cancel buf on idx:9 for stream type:8
01-18 15:53:39.077 E/QCamera (  722): <HAL><ERROR> handleMetadataWithLock: 4863: Cancel missing frame = 4098, buffer = 0xed895680,stream type = 8, stream format = 36
01-18 15:53:39.077 E/QCamera (  722): <MCI><ERROR> mm_stream_cancel_buf: 5156: mm_stream_cancel_buf(idx=9) err=-1
01-18 15:53:39.077 E/QCamera (  722): <HAL><ERROR> handleMetadataWithLock: 4863: Cancel missing frame = 4099, buffer = 0xed8949c0,stream type = 8, stream format = 36
01-18 15:53:39.078 E/QCamera (  722): <MCI><ERROR> cancelBuffer: 884: Calling cancel buf on idx:10 for stream type:8
01-18 15:53:39.078 E/QCamera (  722): <HAL><ERROR> handleMetadataWithLock: 4863: Cancel missing frame = 4100, buffer = 0xed89bef0,stream type = 8, stream format = 36
01-18 15:53:39.078 E/QCamera (  722): <MCI><ERROR> mm_stream_cancel_buf: 5125: Error Trying to extract a frame already sent to HAL(idx=10) count=1
01-18 15:53:39.078 E/QCamera (  722): <MCI><ERROR> cancelBuffer: 884: Calling cancel buf on idx:11 for stream type:8
01-18 15:53:39.078 E/QCamera (  722): <MCI><ERROR> mm_stream_cancel_buf: 5125: Error Trying to extract a frame already sent to HAL(idx=11) count=1
01-18 15:53:39.078 E/QCamera (  722): <MCI><ERROR> cancelBuffer: 884: Calling cancel buf on idx:6 for stream type:8
01-18 15:53:39.079 E/QCamera (  722): <MCI><ERROR> mm_stream_cancel_buf: 5125: Error Trying to extract a frame already sent to HAL(idx=6) count=1
01-18 15:53:39.079 E/QCamera (  722): <MCI><ERROR> cancelBuffer: 884: Calling cancel buf on idx:7 for stream type:8
01-18 15:53:39.079 E/QCamera (  722): <MCI><ERROR> mm_stream_cancel_buf: 5125: Error Trying to extract a frame already sent to HAL(idx=7) count=1
01-18 15:53:39.079 E/mm-camera(  722): <STATS_AIS ><ERROR> 1316: dsps_process_response_gyro: Query request denied, error code = 5, QId_valid = 1, QueryId = 0x390a, AckNak_valid = 1, AckNak = 3
01-18 15:53:39.089 E/mm-camera(  722): <SENSOR><ERROR> 4883: sensor_get_frame_duration: resolution is invalid, it seems stream has stopped.
01-18 15:53:39.089 E/mm-camera(  722): <SENSOR><ERROR> 884: sensor_fc_report_meta: Failed to get frame duration
01-18 15:53:39.090 E/mm-camera(  722): <SENSOR><ERROR> 4805: sensor_get_exposure_time: resolution is invalid, it seems stream has stopped.
01-18 15:53:39.090 E/mm-camera(  722): <SENSOR><ERROR> 904: sensor_fc_report_meta: Failed to get exposure time
01-18 15:53:39.091 E/mm-camera(  722): <MCT   ><ERROR> 2722: mct_stream_process_bus_msg: Check the runing function blackjoe 
01-18 15:53:39.091 E/mm-camera(  722): <MCT   ><ERROR> 2755: mct_stream_process_bus_msg: isp_sof_bus_msg is 0xecac1210
01-18 15:53:39.091 E/mm-camera(  722): <MCT   ><ERROR> 2757: mct_stream_process_bus_msg: frameid is 37434 hal_version is 3
01-18 15:53:39.091 E/mm-camera(  722): <MCT   ><ERROR> 2759: mct_stream_process_bus_msg: kstate_ptr is 0xe9d5f254, isp_kstate_ptr is 0xeda49000
01-18 15:53:39.091 E/mm-camera(  722): <MCT   ><ERROR> 2765: mct_stream_process_bus_msg: frame_id is 37434
01-18 15:53:39.092 E/QCamera (  722): <MCI><ERROR> mm_stream_data_notify: 337: E, my_handle = 0x7200, fd = 69, state = 6 blackjoe
01-18 15:53:39.092 E/QCamera (  722): <MCI><ERROR> mm_stream_read_msm_frame: 1723: E, my_handle = 0x7200, fd = 69, state = 6 blackjoe
01-18 15:53:39.092 I/QCamera (  722): <MCI><INFO> mm_stream_read_msm_frame: 1770: VIDIOC_DQBUF buf_index 11, frame_idx 37433, stream type 7, rc 0,queued: 17, buf_type = 0 flags = 8192 FD = 69 my_num 0 buf fd 104
01-18 15:53:39.092 E/QCamera (  722): <MCI><ERROR> mm_stream_read_msm_frame: 1790: X rc = 0
01-18 15:53:39.092 I/QCamera (  722): <MCI><INFO> mm_stream_handle_rcvd_buf: 220: E, my_handle = 0x7200, fd = 69, state = 6
01-18 15:53:39.092 I/QCamera (  722): <MCI><INFO> mm_stream_handle_rcvd_buf: 244: has cb and it is active by blackjoe
01-18 15:53:39.093 I/QCamera (  722): <MCI><INFO> mm_stream_dispatch_app_data: 415: E, my_handle = 0x7200, fd = 69, state = 6
01-18 15:53:39.093 I/QCamera (  722): <MCI><INFO> mm_stream_dispatch_app_data: 436: frame_sync.is_active = 0, is_cb_active = 1
01-18 15:53:39.093 I/QCamera (  722): <MCI><INFO> mm_stream_dispatch_app_data: 457: Enter callback by blackjoe
01-18 15:53:39.094 E/QCamera (  722): <HAL><ERROR> handleMetadataWithLock: 4863: Cancel missing frame = 4096, buffer = 0xed88fd70,stream type = 8, stream format = 36
01-18 15:53:39.097 E/        (    0): frame_src is 1 frame_id is 37434 blackjoe
01-18 15:53:39.094 E/QCamera (  722): <HAL><ERROR> handleMetadataWithLock: 4863: Cancel missing frame = 4097, buffer = 0xed898fb0,stream type = 8, stream format = 36
01-18 15:53:39.094 E/QCamera (  722): <HAL><ERROR> handleMetadataWithLock: 4863: Cancel missing frame = 4098, buffer = 0xed895680,stream type = 8, stream format = 36
01-18 15:53:39.094 E/QCamera (  722): <HAL><ERROR> handleMetadataWithLock: 4863: Cancel missing frame = 4099, buffer = 0xed8949c0,stream type = 8, stream format = 36
01-18 15:53:39.095 E/QCamera (  722): <HAL><ERROR> handleMetadataWithLock: 4863: Cancel missing frame = 4100, buffer = 0xed89bef0,stream type = 8, stream format = 36
01-18 15:53:39.095 E/QCamera (  722): <MCI><ERROR> cancelBuffer: 884: Calling cancel buf on idx:9 for stream type:8
01-18 15:53:39.095 E/QCamera (  722): <MCI><ERROR> mm_stream_cancel_buf: 5156: mm_stream_cancel_buf(idx=9) err=-1
01-18 15:53:39.096 E/QCamera (  722): <MCI><ERROR> cancelBuffer: 884: Calling cancel buf on idx:10 for stream type:8
01-18 15:53:39.096 E/QCamera (  722): <MCI><ERROR> mm_stream_cancel_buf: 5125: Error Trying to extract a frame already sent to HAL(idx=10) count=1
01-18 15:53:39.096 E/mm-camera(  722): <STATS_AIS ><ERROR> 1316: dsps_process_response_gyro: Query request denied, error code = 5, QId_valid = 1, QueryId = 0x3a0a, AckNak_valid = 1, AckNak = 3
01-18 15:53:39.096 E/QCamera (  722): <MCI><ERROR> cancelBuffer: 884: Calling cancel buf on idx:11 for stream type:8
01-18 15:53:39.096 E/QCamera (  722): <MCI><ERROR> mm_stream_cancel_buf: 5125: Error Trying to extract a frame already sent to HAL(idx=11) count=1
01-18 15:53:39.096 E/QCamera (  722): <MCI><ERROR> cancelBuffer: 884: Calling cancel buf on idx:6 for stream type:8
01-18 15:53:39.096 E/QCamera (  722): <MCI><ERROR> mm_stream_cancel_buf: 5125: Error Trying to extract a frame already sent to HAL(idx=6) count=1
01-18 15:53:39.096 E/QCamera (  722): <MCI><ERROR> cancelBuffer: 884: Calling cancel buf on idx:7 for stream type:8
01-18 15:53:39.097 E/QCamera (  722): <MCI><ERROR> mm_stream_cancel_buf: 5125: Error Trying to extract a frame already sent to HAL(idx=7) count=1
01-18 15:53:39.106 E/mm-camera(  722): <SENSOR><ERROR> 4883: sensor_get_frame_duration: resolution is invalid, it seems stream has stopped.
01-18 15:53:39.106 E/mm-camera(  722): <SENSOR><ERROR> 884: sensor_fc_report_meta: Failed to get frame duration
01-18 15:53:39.106 E/mm-camera(  722): <SENSOR><ERROR> 4805: sensor_get_exposure_time: resolution is invalid, it seems stream has stopped.
01-18 15:53:39.107 E/mm-camera(  722): <SENSOR><ERROR> 904: sensor_fc_report_meta: Failed to get exposure time
01-18 15:53:39.107 E/mm-camera(  722): <MCT   ><ERROR> 2722: mct_stream_process_bus_msg: Check the runing function blackjoe 
01-18 15:53:39.108 E/mm-camera(  722): <MCT   ><ERROR> 2755: mct_stream_process_bus_msg: isp_sof_bus_msg is 0xecac1210
01-18 15:53:39.108 E/mm-camera(  722): <MCT   ><ERROR> 2757: mct_stream_process_bus_msg: frameid is 37435 hal_version is 3
01-18 15:53:39.108 E/mm-camera(  722): <MCT   ><ERROR> 2759: mct_stream_process_bus_msg: kstate_ptr is 0xe9d5f254, isp_kstate_ptr is 0xeda49000
01-18 15:53:39.108 E/mm-camera(  722): <MCT   ><ERROR> 2765: mct_stream_process_bus_msg: frame_id is 37435
01-18 15:53:39.114 E/        (    0): frame_src is 1 frame_id is 37435 blackjoe
01-18 15:53:39.110 E/QCamera (  722): <MCI><ERROR> mm_stream_data_notify: 337: E, my_handle = 0x7200, fd = 69, state = 6 blackjoe
01-18 15:53:39.110 E/QCamera (  722): <MCI><ERROR> mm_stream_read_msm_frame: 1723: E, my_handle = 0x7200, fd = 69, state = 6 blackjoe
01-18 15:53:39.111 I/QCamera (  722): <MCI><INFO> mm_stream_read_msm_frame: 1770: VIDIOC_DQBUF buf_index 12, frame_idx 37434, stream type 7, rc 0,queued: 17, buf_type = 0 flags = 8192 FD = 69 my_num 0 buf fd 106
01-18 15:53:39.111 E/mm-camera(  722): <STATS_AIS ><ERROR> 1316: dsps_process_response_gyro: Query request denied, error code = 5, QId_valid = 1, QueryId = 0x3b0a, AckNak_valid = 1, AckNak = 3
01-18 15:53:39.111 E/QCamera (  722): <MCI><ERROR> mm_stream_read_msm_frame: 1790: X rc = 0
01-18 15:53:39.111 I/QCamera (  722): <MCI><INFO> mm_stream_handle_rcvd_buf: 220: E, my_handle = 0x7200, fd = 69, state = 6
01-18 15:53:39.111 I/QCamera (  722): <MCI><INFO> mm_stream_handle_rcvd_buf: 244: has cb and it is active by blackjoe
01-18 15:53:39.112 I/QCamera (  722): <MCI><INFO> mm_stream_dispatch_app_data: 415: E, my_handle = 0x7200, fd = 69, state = 6
01-18 15:53:39.112 I/QCamera (  722): <MCI><INFO> mm_stream_dispatch_app_data: 436: frame_sync.is_active = 0, is_cb_active = 1
01-18 15:53:39.112 I/QCamera (  722): <MCI><INFO> mm_stream_dispatch_app_data: 457: Enter callback by blackjoe
01-18 15:53:39.113 E/QCamera (  722): <HAL><ERROR> handleMetadataWithLock: 4863: Cancel missing frame = 4096, buffer = 0xed88fd70,stream type = 8, stream format = 36
01-18 15:53:39.113 E/QCamera (  722): <HAL><ERROR> handleMetadataWithLock: 4863: Cancel missing frame = 4097, buffer = 0xed898fb0,stream type = 8, stream format = 36
01-18 15:53:39.113 E/QCamera (  722): <HAL><ERROR> handleMetadataWithLock: 4863: Cancel missing frame = 4098, buffer = 0xed895680,stream type = 8, stream format = 36
01-18 15:53:39.113 E/QCamera (  722): <HAL><ERROR> handleMetadataWithLock: 4863: Cancel missing frame = 4099, buffer = 0xed8949c0,stream type = 8, stream format = 36
01-18 15:53:39.113 E/QCamera (  722): <HAL><ERROR> handleMetadataWithLock: 4863: Cancel missing frame = 4100, buffer = 0xed89bef0,stream type = 8, stream format = 36
01-18 15:53:39.114 E/QCamera (  722): <MCI><ERROR> cancelBuffer: 884: Calling cancel buf on idx:9 for stream type:8
01-18 15:53:39.114 E/QCamera (  722): <MCI><ERROR> mm_stream_cancel_buf: 5156: mm_stream_cancel_buf(idx=9) err=-1
01-18 15:53:39.114 E/QCamera (  722): <MCI><ERROR> cancelBuffer: 884: Calling cancel buf on idx:10 for stream type:8
01-18 15:53:39.114 E/QCamera (  722): <MCI><ERROR> mm_stream_cancel_buf: 5125: Error Trying to extract a frame already sent to HAL(idx=10) count=1
01-18 15:53:39.115 E/QCamera (  722): <MCI><ERROR> cancelBuffer: 884: Calling cancel buf on idx:11 for stream type:8
01-18 15:53:39.115 E/QCamera (  722): <MCI><ERROR> mm_stream_cancel_buf: 5125: Error Trying to extract a frame already sent to HAL(idx=11) count=1
01-18 15:53:39.115 E/QCamera (  722): <MCI><ERROR> cancelBuffer: 884: Calling cancel buf on idx:6 for stream type:8
01-18 15:53:39.115 E/QCamera (  722): <MCI><ERROR> mm_stream_cancel_buf: 5125: Error Trying to extract a frame already sent to HAL(idx=6) count=1
01-18 15:53:39.115 E/QCamera (  722): <MCI><ERROR> cancelBuffer: 884: Calling cancel buf on idx:7 for stream type:8
01-18 15:53:39.116 E/QCamera (  722): <MCI><ERROR> mm_stream_cancel_buf: 5125: Error Trying to extract a frame already sent to HAL(idx=7) count=1
01-18 15:53:39.150 D/logd    (    0): logdr: UID=0 GID=0 PID=21174 n tail=0 logMask=99 pid=0 start=0ns timeout=0ns
01-18 15:53:39.164 E/        (    0): frame_src is 1 frame_id is 37436 blackjoe
01-18 15:53:39.157 E/mm-camera(  722): <SENSOR><ERROR> 4883: sensor_get_frame_duration: resolution is invalid, it seems stream has stopped.
01-18 15:53:39.157 E/mm-camera(  722): <SENSOR><ERROR> 884: sensor_fc_report_meta: Failed to get frame duration
01-18 15:53:39.158 E/mm-camera(  722): <SENSOR><ERROR> 4805: sensor_get_exposure_time: resolution is invalid, it seems stream has stopped.
01-18 15:53:39.158 E/mm-camera(  722): <SENSOR><ERROR> 904: sensor_fc_report_meta: Failed to get exposure time
01-18 15:53:39.162 E/mm-camera(  722): <MCT   ><ERROR> 2722: mct_stream_process_bus_msg: Check the runing function blackjoe 
01-18 15:53:39.162 E/mm-camera(  722): <MCT   ><ERROR> 2755: mct_stream_process_bus_msg: isp_sof_bus_msg is 0xecac1210
01-18 15:53:39.163 E/mm-camera(  722): <MCT   ><ERROR> 2757: mct_stream_process_bus_msg: frameid is 37436 hal_version is 3
01-18 15:53:39.163 E/mm-camera(  722): <MCT   ><ERROR> 2759: mct_stream_process_bus_msg: kstate_ptr is 0xe9d5f254, isp_kstate_ptr is 0xeda49000
01-18 15:53:39.163 E/mm-camera(  722): <MCT   ><ERROR> 2765: mct_stream_process_bus_msg: frame_id is 37436
01-18 15:53:39.164 E/QCamera (  722): <MCI><ERROR> mm_stream_data_notify: 337: E, my_handle = 0x7200, fd = 69, state = 6 blackjoe
01-18 15:53:39.165 E/QCamera (  722): <MCI><ERROR> mm_stream_read_msm_frame: 1723: E, my_handle = 0x7200, fd = 69, state = 6 blackjoe
01-18 15:53:39.166 I/QCamera (  722): <MCI><INFO> mm_stream_read_msm_frame: 1770: VIDIOC_DQBUF buf_index 13, frame_idx 37435, stream type 7, rc 0,queued: 17, buf_type = 0 flags = 8192 FD = 69 my_num 0 buf fd 108
01-18 15:53:39.166 E/QCamera (  722): <MCI><ERROR> mm_stream_read_msm_frame: 1790: X rc = 0
01-18 15:53:39.166 E/mm-camera(  722): <STATS_AIS ><ERROR> 1316: dsps_process_response_gyro: Query request denied, error code = 5, QId_valid = 1, QueryId = 0x3c0a, AckNak_valid = 1, AckNak = 3
01-18 15:53:39.166 I/QCamera (  722): <MCI><INFO> mm_stream_handle_rcvd_buf: 220: E, my_handle = 0x7200, fd = 69, state = 6
01-18 15:53:39.166 I/QCamera (  722): <MCI><INFO> mm_stream_handle_rcvd_buf: 244: has cb and it is active by blackjoe
01-18 15:53:39.166 I/QCamera (  722): <MCI><INFO> mm_stream_dispatch_app_data: 415: E, my_handle = 0x7200, fd = 69, state = 6
01-18 15:53:39.167 I/QCamera (  722): <MCI><INFO> mm_stream_dispatch_app_data: 436: frame_sync.is_active = 0, is_cb_active = 1
01-18 15:53:39.167 I/QCamera (  722): <MCI><INFO> mm_stream_dispatch_app_data: 457: Enter callback by blackjoe
01-18 15:53:39.167 E/QCamera (  722): <HAL><ERROR> handleMetadataWithLock: 4863: Cancel missing frame = 4096, buffer = 0xed88fd70,stream type = 8, stream format = 36
01-18 15:53:39.168 E/QCamera (  722): <HAL><ERROR> handleMetadataWithLock: 4863: Cancel missing frame = 4097, buffer = 0xed898fb0,stream type = 8, stream format = 36
01-18 15:53:39.168 E/QCamera (  722): <HAL><ERROR> handleMetadataWithLock: 4863: Cancel missing frame = 4098, buffer = 0xed895680,stream type = 8, stream format = 36
01-18 15:53:39.168 E/QCamera (  722): <HAL><ERROR> handleMetadataWithLock: 4863: Cancel missing frame = 4099, buffer = 0xed8949c0,stream type = 8, stream format = 36
01-18 15:53:39.168 E/QCamera (  722): <HAL><ERROR> handleMetadataWithLock: 4863: Cancel missing frame = 4100, buffer = 0xed89bef0,stream type = 8, stream format = 36
01-18 15:53:39.169 E/QCamera (  722): <MCI><ERROR> cancelBuffer: 884: Calling cancel buf on idx:9 for stream type:8
01-18 15:53:39.169 E/QCamera (  722): <MCI><ERROR> mm_stream_cancel_buf: 5156: mm_stream_cancel_buf(idx=9) err=-1
01-18 15:53:39.169 E/QCamera (  722): <MCI><ERROR> cancelBuffer: 884: Calling cancel buf on idx:10 for stream type:8
01-18 15:53:39.169 E/QCamera (  722): <MCI><ERROR> mm_stream_cancel_buf: 5125: Error Trying to extract a frame already sent to HAL(idx=10) count=1
01-18 15:53:39.170 E/QCamera (  722): <MCI><ERROR> cancelBuffer: 884: Calling cancel buf on idx:11 for stream type:8
01-18 15:53:39.170 E/QCamera (  722): <MCI><ERROR> mm_stream_cancel_buf: 5125: Error Trying to extract a frame already sent to HAL(idx=11) count=1
01-18 15:53:39.170 E/QCamera (  722): <MCI><ERROR> cancelBuffer: 884: Calling cancel buf on idx:6 for stream type:8
01-18 15:53:39.170 E/QCamera (  722): <MCI><ERROR> mm_stream_cancel_buf: 5125: Error Trying to extract a frame already sent to HAL(idx=6) count=1
01-18 15:53:39.170 E/QCamera (  722): <MCI><ERROR> cancelBuffer: 884: Calling cancel buf on idx:7 for stream type:8
01-18 15:53:39.171 E/QCamera (  722): <MCI><ERROR> mm_stream_cancel_buf: 5125: Error Trying to extract a frame already sent to HAL(idx=7) count=1
01-18 15:53:39.181 E/        (    0): frame_src is 1 frame_id is 37437 blackjoe
01-18 15:53:39.173 E/mm-camera(  722): <SENSOR><ERROR> 4883: sensor_get_frame_duration: resolution is invalid, it seems stream has stopped.
01-18 15:53:39.173 E/mm-camera(  722): <SENSOR><ERROR> 884: sensor_fc_report_meta: Failed to get frame duration
01-18 15:53:39.174 E/mm-camera(  722): <SENSOR><ERROR> 4805: sensor_get_exposure_time: resolution is invalid, it seems stream has stopped.
01-18 15:53:39.174 E/mm-camera(  722): <SENSOR><ERROR> 904: sensor_fc_report_meta: Failed to get exposure time
01-18 15:53:39.175 E/mm-camera(  722): <MCT   ><ERROR> 2722: mct_stream_process_bus_msg: Check the runing function blackjoe 
01-18 15:53:39.175 E/mm-camera(  722): <MCT   ><ERROR> 2755: mct_stream_process_bus_msg: isp_sof_bus_msg is 0xecac1210
01-18 15:53:39.176 E/mm-camera(  722): <MCT   ><ERROR> 2757: mct_stream_process_bus_msg: frameid is 37437 hal_version is 3
01-18 15:53:39.176 E/mm-camera(  722): <MCT   ><ERROR> 2759: mct_stream_process_bus_msg: kstate_ptr is 0xe9d5f254, isp_kstate_ptr is 0xeda49000
01-18 15:53:39.176 E/mm-camera(  722): <MCT   ><ERROR> 2765: mct_stream_process_bus_msg: frame_id is 37437
01-18 15:53:39.177 E/QCamera (  722): <MCI><ERROR> mm_stream_data_notify: 337: E, my_handle = 0x7200, fd = 69, state = 6 blackjoe
01-18 15:53:39.177 E/QCamera (  722): <MCI><ERROR> mm_stream_read_msm_frame: 1723: E, my_handle = 0x7200, fd = 69, state = 6 blackjoe
01-18 15:53:39.177 I/QCamera (  722): <MCI><INFO> mm_stream_read_msm_frame: 1770: VIDIOC_DQBUF buf_index 14, frame_idx 37436, stream type 7, rc 0,queued: 17, buf_type = 0 flags = 8192 FD = 69 my_num 0 buf fd 110
01-18 15:53:39.177 E/QCamera (  722): <MCI><ERROR> mm_stream_read_msm_frame: 1790: X rc = 0
01-18 15:53:39.178 I/QCamera (  722): <MCI><INFO> mm_stream_handle_rcvd_buf: 220: E, my_handle = 0x7200, fd = 69, state = 6
01-18 15:53:39.178 I/QCamera (  722): <MCI><INFO> mm_stream_handle_rcvd_buf: 244: has cb and it is active by blackjoe
01-18 15:53:39.178 I/QCamera (  722): <MCI><INFO> mm_stream_dispatch_app_data: 415: E, my_handle = 0x7200, fd = 69, state = 6
01-18 15:53:39.178 I/QCamera (  722): <MCI><INFO> mm_stream_dispatch_app_data: 436: frame_sync.is_active = 0, is_cb_active = 1
01-18 15:53:39.179 I/QCamera (  722): <MCI><INFO> mm_stream_dispatch_app_data: 457: Enter callback by blackjoe
01-18 15:53:39.179 E/QCamera (  722): <HAL><ERROR> handleMetadataWithLock: 4863: Cancel missing frame = 4096, buffer = 0xed88fd70,stream type = 8, stream format = 36
01-18 15:53:39.179 E/QCamera (  722): <HAL><ERROR> handleMetadataWithLock: 4863: Cancel missing frame = 4097, buffer = 0xed898fb0,stream type = 8, stream format = 36
01-18 15:53:39.180 E/QCamera (  722): <HAL><ERROR> handleMetadataWithLock: 4863: Cancel missing frame = 4098, buffer = 0xed895680,stream type = 8, stream format = 36
01-18 15:53:39.180 E/QCamera (  722): <HAL><ERROR> handleMetadataWithLock: 4863: Cancel missing frame = 4099, buffer = 0xed8949c0,stream type = 8, stream format = 36
01-18 15:53:39.180 E/QCamera (  722): <HAL><ERROR> handleMetadataWithLock: 4863: Cancel missing frame = 4100, buffer = 0xed89bef0,stream type = 8, stream format = 36
01-18 15:53:39.181 E/QCamera (  722): <MCI><ERROR> cancelBuffer: 884: Calling cancel buf on idx:9 for stream type:8
01-18 15:53:39.181 E/QCamera (  722): <MCI><ERROR> mm_stream_cancel_buf: 5156: mm_stream_cancel_buf(idx=9) err=-1
01-18 15:53:39.181 E/QCamera (  722): <MCI><ERROR> cancelBuffer: 884: Calling cancel buf on idx:10 for stream type:8
01-18 15:53:39.181 E/QCamera (  722): <MCI><ERROR> mm_stream_cancel_buf: 5125: Error Trying to extract a frame already sent to HAL(idx=10) count=1
01-18 15:53:39.181 E/QCamera (  722): <MCI><ERROR> cancelBuffer: 884: Calling cancel buf on idx:11 for stream type:8
01-18 15:53:39.182 E/QCamera (  722): <MCI><ERROR> mm_stream_cancel_buf: 5125: Error Trying to extract a frame already sent to HAL(idx=11) count=1
01-18 15:53:39.182 E/mm-camera(  722): <STATS_AIS ><ERROR> 1316: dsps_process_response_gyro: Query request denied, error code = 5, QId_valid = 1, QueryId = 0x3d0a, AckNak_valid = 1, AckNak = 3
01-18 15:53:39.182 E/QCamera (  722): <MCI><ERROR> cancelBuffer: 884: Calling cancel buf on idx:6 for stream type:8
01-18 15:53:39.182 E/QCamera (  722): <MCI><ERROR> mm_stream_cancel_buf: 5125: Error Trying to extract a frame already sent to HAL(idx=6) count=1
01-18 15:53:39.182 E/QCamera (  722): <MCI><ERROR> cancelBuffer: 884: Calling cancel buf on idx:7 for stream type:8
01-18 15:53:39.182 E/QCamera (  722): <MCI><ERROR> mm_stream_cancel_buf: 5125: Error Trying to extract a frame already sent to HAL(idx=7) count=1
01-18 15:53:39.197 E/        (    0): frame_src is 1 frame_id is 37438 blackjoe
01-18 15:53:39.190 E/mm-camera(  722): <SENSOR><ERROR> 4883: sensor_get_frame_duration: resolution is invalid, it seems stream has stopped.
01-18 15:53:39.190 E/mm-camera(  722): <SENSOR><ERROR> 884: sensor_fc_report_meta: Failed to get frame duration
01-18 15:53:39.190 E/mm-camera(  722): <SENSOR><ERROR> 4805: sensor_get_exposure_time: resolution is invalid, it seems stream has stopped.
01-18 15:53:39.191 E/mm-camera(  722): <SENSOR><ERROR> 904: sensor_fc_report_meta: Failed to get exposure time
01-18 15:53:39.192 E/mm-camera(  722): <MCT   ><ERROR> 2722: mct_stream_process_bus_msg: Check the runing function blackjoe 
01-18 15:53:39.192 E/mm-camera(  722): <MCT   ><ERROR> 2755: mct_stream_process_bus_msg: isp_sof_bus_msg is 0xecac1210
01-18 15:53:39.192 E/mm-camera(  722): <MCT   ><ERROR> 2757: mct_stream_process_bus_msg: frameid is 37438 hal_version is 3
01-18 15:53:39.192 E/mm-camera(  722): <MCT   ><ERROR> 2759: mct_stream_process_bus_msg: kstate_ptr is 0xe9d5f254, isp_kstate_ptr is 0xeda49000
01-18 15:53:39.192 E/mm-camera(  722): <MCT   ><ERROR> 2765: mct_stream_process_bus_msg: frame_id is 37438
01-18 15:53:39.193 E/QCamera (  722): <MCI><ERROR> mm_stream_data_notify: 337: E, my_handle = 0x7200, fd = 69, state = 6 blackjoe
01-18 15:53:39.193 E/QCamera (  722): <MCI><ERROR> mm_stream_read_msm_frame: 1723: E, my_handle = 0x7200, fd = 69, state = 6 blackjoe
01-18 15:53:39.194 I/QCamera (  722): <MCI><INFO> mm_stream_read_msm_frame: 1770: VIDIOC_DQBUF buf_index 15, frame_idx 37437, stream type 7, rc 0,queued: 17, buf_type = 0 flags = 8192 FD = 69 my_num 0 buf fd 112
01-18 15:53:39.194 E/QCamera (  722): <MCI><ERROR> mm_stream_read_msm_frame: 1790: X rc = 0
01-18 15:53:39.194 I/QCamera (  722): <MCI><INFO> mm_stream_handle_rcvd_buf: 220: E, my_handle = 0x7200, fd = 69, state = 6
01-18 15:53:39.194 I/QCamera (  722): <MCI><INFO> mm_stream_handle_rcvd_buf: 244: has cb and it is active by blackjoe
01-18 15:53:39.194 I/QCamera (  722): <MCI><INFO> mm_stream_dispatch_app_data: 415: E, my_handle = 0x7200, fd = 69, state = 6
01-18 15:53:39.195 I/QCamera (  722): <MCI><INFO> mm_stream_dispatch_app_data: 436: frame_sync.is_active = 0, is_cb_active = 1
01-18 15:53:39.195 I/QCamera (  722): <MCI><INFO> mm_stream_dispatch_app_data: 457: Enter callback by blackjoe
01-18 15:53:39.196 E/QCamera (  722): <HAL><ERROR> handleMetadataWithLock: 4863: Cancel missing frame = 4096, buffer = 0xed88fd70,stream type = 8, stream format = 36
01-18 15:53:39.196 E/QCamera (  722): <HAL><ERROR> handleMetadataWithLock: 4863: Cancel missing frame = 4097, buffer = 0xed898fb0,stream type = 8, stream format = 36
01-18 15:53:39.196 E/QCamera (  722): <MCI><ERROR> cancelBuffer: 884: Calling cancel buf on idx:9 for stream type:8
01-18 15:53:39.196 E/QCamera (  722): <HAL><ERROR> handleMetadataWithLock: 4863: Cancel missing frame = 4098, buffer = 0xed895680,stream type = 8, stream format = 36
01-18 15:53:39.196 E/QCamera (  722): <MCI><ERROR> mm_stream_cancel_buf: 5156: mm_stream_cancel_buf(idx=9) err=-1
01-18 15:53:39.196 E/QCamera (  722): <HAL><ERROR> handleMetadataWithLock: 4863: Cancel missing frame = 4099, buffer = 0xed8949c0,stream type = 8, stream format = 36
01-18 15:53:39.196 E/QCamera (  722): <MCI><ERROR> cancelBuffer: 884: Calling cancel buf on idx:10 for stream type:8
01-18 15:53:39.196 E/QCamera (  722): <HAL><ERROR> handleMetadataWithLock: 4863: Cancel missing frame = 4100, buffer = 0xed89bef0,stream type = 8, stream format = 36
01-18 15:53:39.196 E/QCamera (  722): <MCI><ERROR> mm_stream_cancel_buf: 5125: Error Trying to extract a frame already sent to HAL(idx=10) count=1
01-18 15:53:39.197 E/QCamera (  722): <MCI><ERROR> cancelBuffer: 884: Calling cancel buf on idx:11 for stream type:8
01-18 15:53:39.197 E/QCamera (  722): <MCI><ERROR> mm_stream_cancel_buf: 5125: Error Trying to extract a frame already sent to HAL(idx=11) count=1
01-18 15:53:39.197 E/QCamera (  722): <MCI><ERROR> cancelBuffer: 884: Calling cancel buf on idx:6 for stream type:8
01-18 15:53:39.197 E/QCamera (  722): <MCI><ERROR> mm_stream_cancel_buf: 5125: Error Trying to extract a frame already sent to HAL(idx=6) count=1
01-18 15:53:39.197 E/QCamera (  722): <MCI><ERROR> cancelBuffer: 884: Calling cancel buf on idx:7 for stream type:8
01-18 15:53:39.197 E/QCamera (  722): <MCI><ERROR> mm_stream_cancel_buf: 5125: Error Trying to extract a frame already sent to HAL(idx=7) count=1
01-18 15:53:39.198 E/mm-camera(  722): <STATS_AIS ><ERROR> 1316: dsps_process_response_gyro: Query request denied, error code = 5, QId_valid = 1, QueryId = 0x3e0a, AckNak_valid = 1, AckNak = 3
01-18 15:53:39.240 E/mm-camera(  722): <SENSOR><ERROR> 4883: sensor_get_frame_duration: resolution is invalid, it seems stream has stopped.
01-18 15:53:39.240 E/mm-camera(  722): <SENSOR><ERROR> 884: sensor_fc_report_meta: Failed to get frame duration
01-18 15:53:39.240 E/mm-camera(  722): <SENSOR><ERROR> 4805: sensor_get_exposure_time: resolution is invalid, it seems stream has stopped.
01-18 15:53:39.240 E/mm-camera(  722): <SENSOR><ERROR> 904: sensor_fc_report_meta: Failed to get exposure time
01-18 15:53:39.241 E/mm-camera(  722): <MCT   ><ERROR> 2722: mct_stream_process_bus_msg: Check the runing function blackjoe 
01-18 15:53:39.241 E/mm-camera(  722): <MCT   ><ERROR> 2755: mct_stream_process_bus_msg: isp_sof_bus_msg is 0xecac1210
01-18 15:53:39.241 E/mm-camera(  722): <MCT   ><ERROR> 2757: mct_stream_process_bus_msg: frameid is 37439 hal_version is 3
01-18 15:53:39.241 E/mm-camera(  722): <MCT   ><ERROR> 2759: mct_stream_process_bus_msg: kstate_ptr is 0xe9d5f254, isp_kstate_ptr is 0xeda49000
01-18 15:53:39.242 E/mm-camera(  722): <MCT   ><ERROR> 2765: mct_stream_process_bus_msg: frame_id is 37439
01-18 15:53:39.242 E/QCamera (  722): <MCI><ERROR> mm_stream_data_notify: 337: E, my_handle = 0x7200, fd = 69, state = 6 blackjoe
01-18 15:53:39.242 E/QCamera (  722): <MCI><ERROR> mm_stream_read_msm_frame: 1723: E, my_handle = 0x7200, fd = 69, state = 6 blackjoe
01-18 15:53:39.243 I/QCamera (  722): <MCI><INFO> mm_stream_read_msm_frame: 1770: VIDIOC_DQBUF buf_index 16, frame_idx 37438, stream type 7, rc 0,queued: 17, buf_type = 0 flags = 8192 FD = 69 my_num 0 buf fd 114
01-18 15:53:39.243 E/QCamera (  722): <MCI><ERROR> mm_stream_read_msm_frame: 1790: X rc = 0
01-18 15:53:39.248 E/        (    0): frame_src is 1 frame_id is 37439 blackjoe
01-18 15:53:39.243 I/QCamera (  722): <MCI><INFO> mm_stream_handle_rcvd_buf: 220: E, my_handle = 0x7200, fd = 69, state = 6
01-18 15:53:39.243 I/QCamera (  722): <MCI><INFO> mm_stream_handle_rcvd_buf: 244: has cb and it is active by blackjoe
01-18 15:53:39.243 I/QCamera (  722): <MCI><INFO> mm_stream_dispatch_app_data: 415: E, my_handle = 0x7200, fd = 69, state = 6
01-18 15:53:39.243 I/QCamera (  722): <MCI><INFO> mm_stream_dispatch_app_data: 436: frame_sync.is_active = 0, is_cb_active = 1
01-18 15:53:39.244 I/QCamera (  722): <MCI><INFO> mm_stream_dispatch_app_data: 457: Enter callback by blackjoe
01-18 15:53:39.244 E/QCamera (  722): <HAL><ERROR> handleMetadataWithLock: 4863: Cancel missing frame = 4096, buffer = 0xed88fd70,stream type = 8, stream format = 36
01-18 15:53:39.244 E/QCamera (  722): <HAL><ERROR> handleMetadataWithLock: 4863: Cancel missing frame = 4097, buffer = 0xed898fb0,stream type = 8, stream format = 36
01-18 15:53:39.244 E/QCamera (  722): <MCI><ERROR> cancelBuffer: 884: Calling cancel buf on idx:9 for stream type:8
01-18 15:53:39.244 E/QCamera (  722): <HAL><ERROR> handleMetadataWithLock: 4863: Cancel missing frame = 4098, buffer = 0xed895680,stream type = 8, stream format = 36
01-18 15:53:39.244 E/QCamera (  722): <MCI><ERROR> mm_stream_cancel_buf: 5156: mm_stream_cancel_buf(idx=9) err=-1
01-18 15:53:39.244 E/mm-camera(  722): <STATS_AIS ><ERROR> 1316: dsps_process_response_gyro: Query request denied, error code = 5, QId_valid = 1, QueryId = 0x3f0a, AckNak_valid = 1, AckNak = 3
01-18 15:53:39.244 E/QCamera (  722): <HAL><ERROR> handleMetadataWithLock: 4863: Cancel missing frame = 4099, buffer = 0xed8949c0,stream type = 8, stream format = 36
01-18 15:53:39.244 E/QCamera (  722): <MCI><ERROR> cancelBuffer: 884: Calling cancel buf on idx:10 for stream type:8
01-18 15:53:39.244 E/QCamera (  722): <HAL><ERROR> handleMetadataWithLock: 4863: Cancel missing frame = 4100, buffer = 0xed89bef0,stream type = 8, stream format = 36
01-18 15:53:39.244 E/QCamera (  722): <MCI><ERROR> mm_stream_cancel_buf: 5125: Error Trying to extract a frame already sent to HAL(idx=10) count=1
01-18 15:53:39.245 E/QCamera (  722): <MCI><ERROR> cancelBuffer: 884: Calling cancel buf on idx:11 for stream type:8
01-18 15:53:39.245 E/QCamera (  722): <MCI><ERROR> mm_stream_cancel_buf: 5125: Error Trying to extract a frame already sent to HAL(idx=11) count=1
01-18 15:53:39.245 E/QCamera (  722): <MCI><ERROR> cancelBuffer: 884: Calling cancel buf on idx:6 for stream type:8
01-18 15:53:39.245 E/QCamera (  722): <MCI><ERROR> mm_stream_cancel_buf: 5125: Error Trying to extract a frame already sent to HAL(idx=6) count=1
01-18 15:53:39.245 E/QCamera (  722): <MCI><ERROR> cancelBuffer: 884: Calling cancel buf on idx:7 for stream type:8
01-18 15:53:39.245 E/QCamera (  722): <MCI><ERROR> mm_stream_cancel_buf: 5125: Error Trying to extract a frame already sent to HAL(idx=7) count=1
01-18 15:53:39.256 E/mm-camera(  722): <SENSOR><ERROR> 4883: sensor_get_frame_duration: resolution is invalid, it seems stream has stopped.
01-18 15:53:39.257 E/mm-camera(  722): <SENSOR><ERROR> 884: sensor_fc_report_meta: Failed to get frame duration
01-18 15:53:39.257 E/mm-camera(  722): <SENSOR><ERROR> 4805: sensor_get_exposure_time: resolution is invalid, it seems stream has stopped.
01-18 15:53:39.257 E/mm-camera(  722): <SENSOR><ERROR> 904: sensor_fc_report_meta: Failed to get exposure time
01-18 15:53:39.258 E/mm-camera(  722): <MCT   ><ERROR> 2722: mct_stream_process_bus_msg: Check the runing function blackjoe 
01-18 15:53:39.258 E/mm-camera(  722): <MCT   ><ERROR> 2755: mct_stream_process_bus_msg: isp_sof_bus_msg is 0xecac1210
01-18 15:53:39.258 E/mm-camera(  722): <MCT   ><ERROR> 2757: mct_stream_process_bus_msg: frameid is 37440 hal_version is 3
01-18 15:53:39.258 E/mm-camera(  722): <MCT   ><ERROR> 2759: mct_stream_process_bus_msg: kstate_ptr is 0xe9d5f254, isp_kstate_ptr is 0xeda49000
01-18 15:53:39.258 E/mm-camera(  722): <MCT   ><ERROR> 2765: mct_stream_process_bus_msg: frame_id is 37440
01-18 15:53:39.259 E/QCamera (  722): <MCI><ERROR> mm_stream_data_notify: 337: E, my_handle = 0x7200, fd = 69, state = 6 blackjoe
01-18 15:53:39.259 E/QCamera (  722): <MCI><ERROR> mm_stream_read_msm_frame: 1723: E, my_handle = 0x7200, fd = 69, state = 6 blackjoe
01-18 15:53:39.259 I/QCamera (  722): <MCI><INFO> mm_stream_read_msm_frame: 1770: VIDIOC_DQBUF buf_index 17, frame_idx 37439, stream type 7, rc 0,queued: 17, buf_type = 0 flags = 8192 FD = 69 my_num 0 buf fd 117
01-18 15:53:39.259 E/QCamera (  722): <MCI><ERROR> mm_stream_read_msm_frame: 1790: X rc = 0
01-18 15:53:39.259 I/QCamera (  722): <MCI><INFO> mm_stream_handle_rcvd_buf: 220: E, my_handle = 0x7200, fd = 69, state = 6
01-18 15:53:39.260 I/QCamera (  722): <MCI><INFO> mm_stream_handle_rcvd_buf: 244: has cb and it is active by blackjoe
01-18 15:53:39.260 I/QCamera (  722): <MCI><INFO> mm_stream_dispatch_app_data: 415: E, my_handle = 0x7200, fd = 69, state = 6
01-18 15:53:39.260 I/QCamera (  722): <MCI><INFO> mm_stream_dispatch_app_data: 436: frame_sync.is_active = 0, is_cb_active = 1
01-18 15:53:39.260 I/QCamera (  722): <MCI><INFO> mm_stream_dispatch_app_data: 457: Enter callback by blackjoe
01-18 15:53:39.261 E/QCamera (  722): <HAL><ERROR> handleMetadataWithLock: 4863: Cancel missing frame = 4096, buffer = 0xed88fd70,stream type = 8, stream format = 36
01-18 15:53:39.261 E/QCamera (  722): <HAL><ERROR> handleMetadataWithLock: 4863: Cancel missing frame = 4097, buffer = 0xed898fb0,stream type = 8, stream format = 36
01-18 15:53:39.261 E/QCamera (  722): <HAL><ERROR> handleMetadataWithLock: 4863: Cancel missing frame = 4098, buffer = 0xed895680,stream type = 8, stream format = 36
01-18 15:53:39.261 E/QCamera (  722): <HAL><ERROR> handleMetadataWithLock: 4863: Cancel missing frame = 4099, buffer = 0xed8949c0,stream type = 8, stream format = 36
01-18 15:53:39.261 E/QCamera (  722): <HAL><ERROR> handleMetadataWithLock: 4863: Cancel missing frame = 4100, buffer = 0xed89bef0,stream type = 8, stream format = 36
01-18 15:53:39.261 E/mm-camera(  722): <STATS_AIS ><ERROR> 1316: dsps_process_response_gyro: Query request denied, error code = 5, QId_valid = 1, QueryId = 0x400a, AckNak_valid = 1, AckNak = 3
01-18 15:53:39.262 E/QCamera (  722): <MCI><ERROR> cancelBuffer: 884: Calling cancel buf on idx:9 for stream type:8
01-18 15:53:39.262 E/QCamera (  722): <MCI><ERROR> mm_stream_cancel_buf: 5156: mm_stream_cancel_buf(idx=9) err=-1
01-18 15:53:39.262 E/QCamera (  722): <MCI><ERROR> cancelBuffer: 884: Calling cancel buf on idx:10 for stream type:8
01-18 15:53:39.262 E/QCamera (  722): <MCI><ERROR> mm_stream_cancel_buf: 5125: Error Trying to extract a frame already sent to HAL(idx=10) count=1
01-18 15:53:39.262 E/QCamera (  722): <MCI><ERROR> cancelBuffer: 884: Calling cancel buf on idx:11 for stream type:8
01-18 15:53:39.262 E/QCamera (  722): <MCI><ERROR> mm_stream_cancel_buf: 5125: Error Trying to extract a frame already sent to HAL(idx=11) count=1
01-18 15:53:39.263 E/QCamera (  722): <MCI><ERROR> cancelBuffer: 884: Calling cancel buf on idx:6 for stream type:8
01-18 15:53:39.263 E/QCamera (  722): <MCI><ERROR> mm_stream_cancel_buf: 5125: Error Trying to extract a frame already sent to HAL(idx=6) count=1
01-18 15:53:39.263 E/QCamera (  722): <MCI><ERROR> cancelBuffer: 884: Calling cancel buf on idx:7 for stream type:8
01-18 15:53:39.263 E/QCamera (  722): <MCI><ERROR> mm_stream_cancel_buf: 5125: Error Trying to extract a frame already sent to HAL(idx=7) count=1
01-18 15:53:39.264 E/        (    0): frame_src is 1 frame_id is 37440 blackjoe
01-18 15:53:39.281 E/        (    0): frame_src is 1 frame_id is 37441 blackjoe
01-18 15:53:39.273 E/mm-camera(  722): <SENSOR><ERROR> 4883: sensor_get_frame_duration: resolution is invalid, it seems stream has stopped.
01-18 15:53:39.273 E/mm-camera(  722): <SENSOR><ERROR> 884: sensor_fc_report_meta: Failed to get frame duration
01-18 15:53:39.273 E/mm-camera(  722): <SENSOR><ERROR> 4805: sensor_get_exposure_time: resolution is invalid, it seems stream has stopped.
01-18 15:53:39.273 E/mm-camera(  722): <SENSOR><ERROR> 904: sensor_fc_report_meta: Failed to get exposure time
01-18 15:53:39.274 E/mm-camera(  722): <MCT   ><ERROR> 2722: mct_stream_process_bus_msg: Check the runing function blackjoe 
01-18 15:53:39.274 E/mm-camera(  722): <MCT   ><ERROR> 2755: mct_stream_process_bus_msg: isp_sof_bus_msg is 0xecac1210
01-18 15:53:39.275 E/mm-camera(  722): <MCT   ><ERROR> 2757: mct_stream_process_bus_msg: frameid is 37441 hal_version is 3
01-18 15:53:39.275 E/mm-camera(  722): <MCT   ><ERROR> 2759: mct_stream_process_bus_msg: kstate_ptr is 0xe9d5f254, isp_kstate_ptr is 0xeda49000
01-18 15:53:39.275 E/mm-camera(  722): <MCT   ><ERROR> 2765: mct_stream_process_bus_msg: frame_id is 37441
01-18 15:53:39.276 E/QCamera (  722): <MCI><ERROR> mm_stream_data_notify: 337: E, my_handle = 0x7200, fd = 69, state = 6 blackjoe
01-18 15:53:39.276 E/QCamera (  722): <MCI><ERROR> mm_stream_read_msm_frame: 1723: E, my_handle = 0x7200, fd = 69, state = 6 blackjoe
01-18 15:53:39.276 I/QCamera (  722): <MCI><INFO> mm_stream_read_msm_frame: 1770: VIDIOC_DQBUF buf_index 0, frame_idx 37440, stream type 7, rc 0,queued: 17, buf_type = 0 flags = 8192 FD = 69 my_num 0 buf fd 82
01-18 15:53:39.276 E/QCamera (  722): <MCI><ERROR> mm_stream_read_msm_frame: 1790: X rc = 0
01-18 15:53:39.277 I/QCamera (  722): <MCI><INFO> mm_stream_handle_rcvd_buf: 220: E, my_handle = 0x7200, fd = 69, state = 6
01-18 15:53:39.277 I/QCamera (  722): <MCI><INFO> mm_stream_handle_rcvd_buf: 244: has cb and it is active by blackjoe
01-18 15:53:39.277 I/QCamera (  722): <MCI><INFO> mm_stream_dispatch_app_data: 415: E, my_handle = 0x7200, fd = 69, state = 6
01-18 15:53:39.277 I/QCamera (  722): <MCI><INFO> mm_stream_dispatch_app_data: 436: frame_sync.is_active = 0, is_cb_active = 1
01-18 15:53:39.277 I/QCamera (  722): <MCI><INFO> mm_stream_dispatch_app_data: 457: Enter callback by blackjoe
