--------- beginning of main
01-18 15:58:57.287 D/audio_hw_primary(  718): out_standby: enter: stream (0xf1a864c0) usecase(1: low-latency-playback)
--------- beginning of kernel
01-18 15:58:57.362 I/afe_close(    0): port_id = 0x4000
01-18 15:58:57.369 D/audio_hw_primary(  718): disable_audio_route: reset and update mixer path: low-latency-playback
01-18 15:58:57.371 D/soundtrigger(  718): audio_extn_sound_trigger_update_stream_status: uc_info->id 1 of type 0 for Event 2, with Raise=0
01-18 15:58:57.371 D/hardware_info(  718): hw_info_append_hw_type : device_name = speaker
01-18 15:58:57.371 D/audio_hw_primary(  718): disable_snd_device: snd_device(2: speaker)
01-18 15:58:57.390 E/        (    0): tavil_codec tavil_codec: ASoC: DAPM unknown pin Lineout_3 amp
01-18 15:58:57.386 I/soundtrigger(  718): audio_extn_sound_trigger_update_device_status: device 0x2 of type 0 for Event 0, with Raise=0
01-18 15:58:57.389 I/system_server( 1670): oneway function results will be dropped but finished with status OK and parcel size 4
01-18 15:58:58.058 I/init    (    0): starting service 'smartmu'...
01-18 15:58:58.170 D/SMARTMU (22424): #(22424) [ main.cpp : 25] SmartMU Version , 
01-18 15:58:58.173 E/AsymmetricDecrypt(22424): [AsymmetricDecrypt::acquireKeyFile] KeyPath - /system/vendor/keys/TC52AXANF/proxyframework 
01-18 15:58:58.176 E/AsymmetricDecrypt(22424): [AsymmetricDecrypt::ObtainSeedText] Buffer - Zebra Technologies/TC52AXANF/TC52AX/proxyframework 
01-18 15:58:58.176 E/AsymmetricDecrypt(22424): [AsymmetricDecrypt::NativeAuthenticate] Authentication failed. zDecodedText returned by ReadAndDecodeEncryptedText = Zebra Technologies/TC52AX/TC52AX/proxyframework, zBuf returned by ObtainSeedText = Zebra Technologies/TC52AXANF/TC52AX/proxyframework
01-18 15:58:58.176 D/SMARTMU (22424): #(22424) [ main.cpp : 31] Authentication failed
01-18 15:58:58.196 I/init    (    0): Service 'smartmu' (pid 22424) exited with status 0
01-18 15:58:58.196 I/init    (    0): Sending signal 9 to service 'smartmu' (pid 22424) process group...
01-18 15:58:58.198 I/libprocessgroup(    0): Successfully killed process cgroup uid 0 pid 22424 in 0ms
01-18 15:58:58.214 I/init    (    0): starting service 'qccsyshalservice'...
01-18 15:58:58.211 I/swapper/2(    0): type=1400 audit(0.0:12274): avc: denied { kill } for capability=5 scontext=u:r:kernel:s0 tcontext=u:r:kernel:s0 tclass=capability permissive=1
01-18 15:58:58.298 I/qccsyshalservice(22427): Start with system binder
01-18 15:58:58.299 I/qccsyshalservice(22427): Registering qccsyshal service...
01-18 15:58:58.302 I/hwservicemanager(  512): getTransport: Cannot find entry vendor.qti.hardware.qccsyshal@1.0::IQccsyshal/qccsyshal in either framework or device manifest.
01-18 15:58:58.303 E/HidlServiceManagement(22427): Service vendor.qti.hardware.qccsyshal@1.0::IQccsyshal/qccsyshal must be in VINTF manifest in order to register/get.
01-18 15:58:58.303 E/qccsyshalservice(22427): [ERROR] registerAsService() failed with status: -2147483648
01-18 15:58:58.321 I/init    (    0): starting service 'qccvndhalservice'...
01-18 15:58:58.358 I/init    (    0): Service 'qccsyshalservice' (pid 22427) exited with status 1
01-18 15:58:58.358 I/init    (    0): Sending signal 9 to service 'qccsyshalservice' (pid 22427) process group...
01-18 15:58:58.359 I/libprocessgroup(    0): Successfully killed process cgroup uid 1000 pid 22427 in 0ms
01-18 15:58:58.413 I/vendor.qti.hardware.qccvndhal@1.0-service(22428): Start with vendor binder
01-18 15:58:58.414 I/vendor.qti.hardware.qccvndhal@1.0-service(22428): Registering qccvndhal service...
01-18 15:58:58.417 I/hwservicemanager(  512): getTransport: Cannot find entry vendor.qti.hardware.qccvndhal@1.0::IQccvndhal/qccvndhal in either framework or device manifest.
01-18 15:58:58.418 E/HidlServiceManagement(22428): Service vendor.qti.hardware.qccvndhal@1.0::IQccvndhal/qccvndhal must be in VINTF manifest in order to register/get.
01-18 15:58:58.418 E/vendor.qti.hardware.qccvndhal@1.0-service(22428): [ERROR] registerAsService() failed with status: -2147483648
01-18 15:58:58.435 I/init    (    0): Service 'qccvndhalservice' (pid 22428) exited with status 1
01-18 15:58:59.340 I/perfetto( 1013): probes_producer.cc:329  Producer stop (id=262)
01-18 15:58:59.341 E/perfetto( 1013): probes_producer.cc:333  Cannot stop data source id=262, not found
01-18 15:58:59.629 D/CompatibilityInfo( 1670): mCompatibilityFlags - 0
01-18 15:58:59.629 D/CompatibilityInfo( 1670): applicationDensity - 480
01-18 15:58:59.629 D/CompatibilityInfo( 1670): applicationScale - 1.0
01-18 15:58:59.635 I/NextSubtest service( 4265): hit
01-18 15:58:59.645 E/        (    0): [SDL] misc_ioctl msg.len is 3 : 0x58 0x00 0xa8
01-18 15:58:59.646 E/        (    0): [SDL] misc_ioctl msg.len is 2 : 0xa7 0x00
01-18 15:58:59.650 E/        (    0): [SDL] misc_ioctl msg.len is 3 : 0x77 0x03 0x86
01-18 15:58:59.655 E/        (    0): [SDL] misc_ioctl msg.len is 2 : 0x88 0x00
01-18 15:58:59.660 E/        (    0): [SDL] misc_ioctl msg.len is 3 : 0x77 0x08 0x81
01-18 15:58:59.666 E/        (    0): [SDL] misc_ioctl msg.len is 2 : 0x88 0x00
01-18 15:58:59.671 E/        (    0): [SDL] misc_ioctl msg.len is 3 : 0x58 0x00 0xa8
01-18 15:58:59.676 E/        (    0): [SDL] misc_ioctl msg.len is 2 : 0xa7 0x00
01-18 15:58:59.682 E/        (    0): [SDL] misc_ioctl msg.len is 3 : 0x58 0x00 0xa8
01-18 15:58:59.687 E/        (    0): [SDL] misc_ioctl msg.len is 2 : 0xa7 0x00
01-18 15:58:59.692 E/        (    0): [SDL] misc_ioctl msg.len is 3 : 0x77 0x03 0x86
01-18 15:58:59.698 E/        (    0): [SDL] misc_ioctl msg.len is 2 : 0x88 0x00
01-18 15:58:59.703 E/        (    0): [SDL] misc_ioctl msg.len is 3 : 0x77 0x08 0x81
01-18 15:58:59.708 E/        (    0): [SDL] misc_ioctl msg.len is 2 : 0x88 0x00
01-18 15:58:59.714 E/        (    0): [SDL] misc_ioctl msg.len is 3 : 0x58 0x00 0xa8
01-18 15:58:59.719 E/        (    0): [SDL] misc_ioctl msg.len is 2 : 0xa7 0x00
01-18 15:59:00.006 D/KeyguardUpdateMonitor( 1897): received broadcast android.intent.action.TIME_TICK
01-18 15:59:00.014 D/CompatibilityInfo( 1670): mCompatibilityFlags - 0
01-18 15:59:00.014 D/CompatibilityInfo( 1670): applicationDensity - 480
01-18 15:59:00.015 D/CompatibilityInfo( 1670): applicationScale - 1.0
01-18 15:59:00.018 D/KeyguardUpdateMonitor( 1897): handleTimeUpdate
01-18 15:59:00.021 D/KeyguardClockSwitch( 1897): Updating clock: 359
01-18 15:59:00.113 D/logd    (    0): logdr: UID=0 GID=0 PID=22437 b tail=0 logMask=99 pid=0 start=0ns timeout=0ns
01-18 15:59:01.109 W/adbd    ( 3678): timeout expired while flushing socket, closing
--------- beginning of system
01-18 15:58:38.241 I/chatty  ( 1670): uid=1000(system) Binder:1670_12 expire 2 lines
01-18 15:58:54.309 I/ActivityTaskManager( 1670): START u0 {flg=0x10000000 cmp=sdl.android.testapp/.SW_Decode_Android_TestApp_Activity} from uid 0
01-18 15:59:02.589 I/ActivityTaskManager( 1670): START u0 {flg=0x10000000 cmp=sdl.android.testapp/.SW_Decode_Android_TestApp_Activity} from uid 0
01-18 15:59:02.590 D/EventSequenceValidator( 1670): Transition from INTENT_FAILED to INTENT_STARTED
01-18 15:59:02.596 D/EventSequenceValidator( 1670): Transition from INTENT_STARTED to INTENT_FAILED
01-18 15:59:03.209 D/SMARTMU (22452): #(22452) [ main.cpp : 25] SmartMU Version , 
01-18 15:59:03.212 E/AsymmetricDecrypt(22452): [AsymmetricDecrypt::acquireKeyFile] KeyPath - /system/vendor/keys/TC52AXANF/proxyframework 
01-18 15:59:03.215 E/AsymmetricDecrypt(22452): [AsymmetricDecrypt::ObtainSeedText] Buffer - Zebra Technologies/TC52AXANF/TC52AX/proxyframework 
01-18 15:59:03.215 E/AsymmetricDecrypt(22452): [AsymmetricDecrypt::NativeAuthenticate] Authentication failed. zDecodedText returned by ReadAndDecodeEncryptedText = Zebra Technologies/TC52AX/TC52AX/proxyframework, zBuf returned by ObtainSeedText = Zebra Technologies/TC52AXANF/TC52AX/proxyframework
01-18 15:59:03.215 D/SMARTMU (22452): #(22452) [ main.cpp : 31] Authentication failed
01-18 15:59:03.337 I/qccsyshalservice(22454): Start with system binder
01-18 15:59:03.338 I/qccsyshalservice(22454): Registering qccsyshal service...
01-18 15:59:03.341 I/hwservicemanager(  512): getTransport: Cannot find entry vendor.qti.hardware.qccsyshal@1.0::IQccsyshal/qccsyshal in either framework or device manifest.
01-18 15:59:03.342 E/HidlServiceManagement(22454): Service vendor.qti.hardware.qccsyshal@1.0::IQccsyshal/qccsyshal must be in VINTF manifest in order to register/get.
01-18 15:59:03.342 E/qccsyshalservice(22454): [ERROR] registerAsService() failed with status: -2147483648
01-18 15:59:03.355 I/init    (    0): starting service 'qccvndhalservice'...
01-18 15:59:03.398 I/init    (    0): Service 'qccsyshalservice' (pid 22454) exited with status 1
01-18 15:59:03.398 I/init    (    0): Sending signal 9 to service 'qccsyshalservice' (pid 22454) process group...
01-18 15:59:03.399 I/libprocessgroup(    0): Successfully killed process cgroup uid 1000 pid 22454 in 0ms
01-18 15:59:03.462 I/vendor.qti.hardware.qccvndhal@1.0-service(22455): Start with vendor binder
01-18 15:59:03.463 I/vendor.qti.hardware.qccvndhal@1.0-service(22455): Registering qccvndhal service...
01-18 15:59:03.466 I/hwservicemanager(  512): getTransport: Cannot find entry vendor.qti.hardware.qccvndhal@1.0::IQccvndhal/qccvndhal in either framework or device manifest.
01-18 15:59:03.467 E/HidlServiceManagement(22455): Service vendor.qti.hardware.qccvndhal@1.0::IQccvndhal/qccvndhal must be in VINTF manifest in order to register/get.
01-18 15:59:03.467 E/vendor.qti.hardware.qccvndhal@1.0-service(22455): [ERROR] registerAsService() failed with status: -2147483648
01-18 15:59:03.485 I/init    (    0): Service 'qccvndhalservice' (pid 22455) exited with status 1
01-18 15:59:04.342 W/perfetto( 1016): ng_service_impl.cc:1275 Timeout while waiting for ACKs for tracing session 262
01-18 15:59:04.348 I/perfetto( 1016): ng_service_impl.cc:1948 Tracing session 262 ended, total sessions:0
01-18 15:59:08.136 I/init    (    0): starting service 'smartmu'...
01-18 15:59:08.249 D/SMARTMU (22458): #(22458) [ main.cpp : 25] SmartMU Version , 
01-18 15:59:08.252 E/AsymmetricDecrypt(22458): [AsymmetricDecrypt::acquireKeyFile] KeyPath - /system/vendor/keys/TC52AXANF/proxyframework 
01-18 15:59:08.254 E/AsymmetricDecrypt(22458): [AsymmetricDecrypt::ObtainSeedText] Buffer - Zebra Technologies/TC52AXANF/TC52AX/proxyframework 
01-18 15:59:08.254 E/AsymmetricDecrypt(22458): [AsymmetricDecrypt::NativeAuthenticate] Authentication failed. zDecodedText returned by ReadAndDecodeEncryptedText = Zebra Technologies/TC52AX/TC52AX/proxyframework, zBuf returned by ObtainSeedText = Zebra Technologies/TC52AXANF/TC52AX/proxyframework
01-18 15:59:08.254 D/SMARTMU (22458): #(22458) [ main.cpp : 31] Authentication failed
01-18 15:59:08.273 I/init    (    0): Service 'smartmu' (pid 22458) exited with status 0
01-18 15:59:08.274 I/init    (    0): Sending signal 9 to service 'smartmu' (pid 22458) process group...
01-18 15:59:08.276 I/libprocessgroup(    0): Successfully killed process cgroup uid 0 pid 22458 in 1ms
01-18 15:59:08.290 I/init    (    0): starting service 'qccsyshalservice'...
01-18 15:59:08.392 I/init    (    0): starting service 'qccvndhalservice'...
01-18 15:59:08.388 I/qccsyshalservice(22461): Start with system binder
01-18 15:59:08.389 I/qccsyshalservice(22461): Registering qccsyshal service...
01-18 15:59:08.391 I/hwservicemanager(  512): getTransport: Cannot find entry vendor.qti.hardware.qccsyshal@1.0::IQccsyshal/qccsyshal in either framework or device manifest.
01-18 15:59:08.392 E/HidlServiceManagement(22461): Service vendor.qti.hardware.qccsyshal@1.0::IQccsyshal/qccsyshal must be in VINTF manifest in order to register/get.
01-18 15:59:08.392 E/qccsyshalservice(22461): [ERROR] registerAsService() failed with status: -2147483648
01-18 15:59:08.440 I/init    (    0): Service 'qccsyshalservice' (pid 22461) exited with status 1
01-18 15:59:08.440 I/init    (    0): Sending signal 9 to service 'qccsyshalservice' (pid 22461) process group...
01-18 15:59:08.441 I/libprocessgroup(    0): Successfully killed process cgroup uid 1000 pid 22461 in 0ms
01-18 15:59:08.496 I/vendor.qti.hardware.qccvndhal@1.0-service(22462): Start with vendor binder
01-18 15:59:08.497 I/vendor.qti.hardware.qccvndhal@1.0-service(22462): Registering qccvndhal service...
01-18 15:59:08.499 I/hwservicemanager(  512): getTransport: Cannot find entry vendor.qti.hardware.qccvndhal@1.0::IQccvndhal/qccvndhal in either framework or device manifest.
01-18 15:59:08.500 E/HidlServiceManagement(22462): Service vendor.qti.hardware.qccvndhal@1.0::IQccvndhal/qccvndhal must be in VINTF manifest in order to register/get.
01-18 15:59:08.500 E/vendor.qti.hardware.qccvndhal@1.0-service(22462): [ERROR] registerAsService() failed with status: -2147483648
01-18 15:59:08.517 I/init    (    0): Service 'qccvndhalservice' (pid 22462) exited with status 1
01-18 15:59:12.975 D/CompatibilityInfo( 1670): mCompatibilityFlags - 0
01-18 15:59:12.975 D/CompatibilityInfo( 1670): applicationDensity - 480
01-18 15:59:12.975 D/CompatibilityInfo( 1670): applicationScale - 1.0
01-18 15:59:12.992 E/        (    0): [SDL] misc_ioctl msg.len is 3 : 0x58 0x00 0xa8
01-18 15:59:12.994 E/        (    0): [SDL] misc_ioctl msg.len is 2 : 0xa7 0x00
01-18 15:59:12.982 I/NextSubtest service( 4265): hit
01-18 15:59:12.985 D/SW_Decode_Android_TestApp_Activity( 4265): GetLastDecodedImageTests : 0
01-18 15:59:12.985 E/BCReader-JNI( 4265): mCancelCaptSession=0
01-18 15:59:12.998 E/        (    0): [SDL] misc_ioctl msg.len is 3 : 0x77 0x03 0x86
01-18 15:59:13.003 E/        (    0): [SDL] misc_ioctl msg.len is 2 : 0x88 0x00
01-18 15:59:13.009 E/        (    0): [SDL] misc_ioctl msg.len is 3 : 0x77 0x08 0x81
01-18 15:59:13.014 E/        (    0): [SDL] misc_ioctl msg.len is 2 : 0x88 0x00
01-18 15:59:13.019 E/        (    0): [SDL] misc_ioctl msg.len is 3 : 0x58 0x00 0xa8
01-18 15:59:13.024 E/        (    0): [SDL] misc_ioctl msg.len is 2 : 0xa7 0x00
01-18 15:59:13.029 E/        (    0): [SDL] misc_ioctl msg.len is 3 : 0x58 0x00 0xa8
01-18 15:59:13.035 E/        (    0): [SDL] misc_ioctl msg.len is 2 : 0xa7 0x00
01-18 15:59:13.040 E/        (    0): [SDL] misc_ioctl msg.len is 3 : 0x77 0x03 0x86
01-18 15:59:13.046 E/        (    0): [SDL] misc_ioctl msg.len is 2 : 0x88 0x00
01-18 15:59:13.051 E/        (    0): [SDL] misc_ioctl msg.len is 3 : 0x77 0x08 0x81
01-18 15:59:13.056 E/        (    0): [SDL] misc_ioctl msg.len is 2 : 0x88 0x00
01-18 15:59:13.061 E/        (    0): [SDL] misc_ioctl msg.len is 3 : 0x58 0x00 0xa8
01-18 15:59:13.067 E/        (    0): [SDL] misc_ioctl msg.len is 2 : 0xa7 0x00
01-18 15:59:13.072 E/        (    0): [SDL] misc_ioctl msg.len is 3 : 0x58 0x00 0xa8
01-18 15:59:13.077 E/        (    0): [SDL] misc_ioctl msg.len is 2 : 0xa7 0x00
01-18 15:59:13.083 E/        (    0): [SDL] misc_ioctl msg.len is 4 : 0x7b 0x00 0x00 0x85
01-18 15:59:13.088 E/        (    0): [SDL] misc_ioctl msg.len is 2 : 0x84 0x00
01-18 15:59:13.094 E/        (    0): [SDL] misc_ioctl msg.len is 4 : 0x82 0x00 0x00 0x7e
01-18 15:59:13.099 E/        (    0): [SDL] misc_ioctl msg.len is 2 : 0x7d 0x80
01-18 15:59:13.097 D/BCReader-JNI( 4265): CHECK camera_status_t ZebraCamera::createCaptureSession() /swdec/SDL/MR-2022/Release/SDL-ALAS00-011-R00-D01/Framework.SDL_standard/project/Android/proj_BarCodeReaderSDL/jni/camera2.h 1741
01-18 15:59:13.097 D/BCReader-JNI( 4265): CHECK camera_status_t ZebraCamera::createCaptureSession() /swdec/SDL/MR-2022/Release/SDL-ALAS00-011-R00-D01/Framework.SDL_standard/project/Android/proj_BarCodeReaderSDL/jni/camera2.h 1757
01-18 15:59:13.097 D/BCReader-JNI( 4265): CHECK camera_status_t ZebraCamera::createCaptureSession() /swdec/SDL/MR-2022/Release/SDL-ALAS00-011-R00-D01/Framework.SDL_standard/project/Android/proj_BarCodeReaderSDL/jni/camera2.h 1769
01-18 15:59:13.097 D/BCReader-JNI( 4265): Call ACameraDevice_createCaptureSession createCaptureSession:1819
01-18 15:59:13.097 E/ACameraDevice( 4265): checkCameraClosedOrErrorLocked: camera device has encountered a serious error
01-18 15:59:13.097 D/BCReader-JNI( 4265): End ACameraDevice_createCaptureSession createCaptureSession:1822
01-18 15:59:13.097 E/BCReader-JNI( 4265): Create session for camera 0 failed. ret ACAMERA_ERROR_CAMERA_DEVICE session 0x0
01-18 15:59:13.097 E/BCReader-JNI( 4265): Camera 0 create CaptureSession request failed. ret -10005
01-18 15:59:13.106 E/        (    0): [SDL] misc_ioctl msg.len is 3 : 0x77 0x02 0x87
01-18 15:59:13.110 E/        (    0): [SDL] misc_ioctl msg.len is 2 : 0x88 0x00
01-18 15:59:13.142 E/        (    0): frame_src is 1 frame_id is 40990 blackjoe
01-18 15:59:13.134 E/mm-camera(  722): <SENSOR><ERROR> 4883: sensor_get_frame_duration: resolution is invalid, it seems stream has stopped.
01-18 15:59:13.134 E/mm-camera(  722): <SENSOR><ERROR> 884: sensor_fc_report_meta: Failed to get frame duration
01-18 15:59:13.134 E/mm-camera(  722): <SENSOR><ERROR> 4805: sensor_get_exposure_time: resolution is invalid, it seems stream has stopped.
01-18 15:59:13.134 E/mm-camera(  722): <SENSOR><ERROR> 904: sensor_fc_report_meta: Failed to get exposure time
01-18 15:59:13.136 E/mm-camera(  722): <MCT   ><ERROR> 2722: mct_stream_process_bus_msg: Check the runing function blackjoe 
01-18 15:59:13.136 E/mm-camera(  722): <MCT   ><ERROR> 2755: mct_stream_process_bus_msg: isp_sof_bus_msg is 0xecac0250
01-18 15:59:13.136 E/mm-camera(  722): <MCT   ><ERROR> 2757: mct_stream_process_bus_msg: frameid is 40990 hal_version is 3
01-18 15:59:13.136 E/mm-camera(  722): <MCT   ><ERROR> 2759: mct_stream_process_bus_msg: kstate_ptr is 0xe9d5f254, isp_kstate_ptr is 0xeda49000
01-18 15:59:13.136 E/mm-camera(  722): <MCT   ><ERROR> 2765: mct_stream_process_bus_msg: frame_id is 40990
01-18 15:59:13.138 E/QCamera (  722): <MCI><ERROR> mm_stream_data_notify: 337: E, my_handle = 0x7200, fd = 69, state = 6 blackjoe
01-18 15:59:13.138 E/QCamera (  722): <MCI><ERROR> mm_stream_read_msm_frame: 1723: E, my_handle = 0x7200, fd = 69, state = 6 blackjoe
01-18 15:59:13.138 I/QCamera (  722): <MCI><INFO> mm_stream_read_msm_frame: 1770: VIDIOC_DQBUF buf_index 3, frame_idx 40989, stream type 7, rc 0,queued: 17, buf_type = 0 flags = 8192 FD = 69 my_num 0 buf fd 88
01-18 15:59:13.138 E/QCamera (  722): <MCI><ERROR> mm_stream_read_msm_frame: 1790: X rc = 0
01-18 15:59:13.139 I/QCamera (  722): <MCI><INFO> mm_stream_handle_rcvd_buf: 220: E, my_handle = 0x7200, fd = 69, state = 6
01-18 15:59:13.139 I/QCamera (  722): <MCI><INFO> mm_stream_handle_rcvd_buf: 244: has cb and it is active by blackjoe
01-18 15:59:13.139 I/QCamera (  722): <MCI><INFO> mm_stream_dispatch_app_data: 415: E, my_handle = 0x7200, fd = 69, state = 6
01-18 15:59:13.139 I/QCamera (  722): <MCI><INFO> mm_stream_dispatch_app_data: 436: frame_sync.is_active = 0, is_cb_active = 1
01-18 15:59:13.139 E/mm-camera(  722): <STATS_AIS ><ERROR> 1316: dsps_process_response_gyro: Query request denied, error code = 5, QId_valid = 1, QueryId = 0x1e0a, AckNak_valid = 1, AckNak = 3
01-18 15:59:13.139 I/QCamera (  722): <MCI><INFO> mm_stream_dispatch_app_data: 457: Enter callback by blackjoe
01-18 15:59:13.140 E/QCamera (  722): <HAL><ERROR> handleMetadataWithLock: 4863: Cancel missing frame = 4096, buffer = 0xed88fd70,stream type = 8, stream format = 36
01-18 15:59:13.140 E/QCamera (  722): <HAL><ERROR> handleMetadataWithLock: 4863: Cancel missing frame = 4097, buffer = 0xed898fb0,stream type = 8, stream format = 36
01-18 15:59:13.140 E/QCamera (  722): <MCI><ERROR> cancelBuffer: 884: Calling cancel buf on idx:9 for stream type:8
01-18 15:59:13.140 E/QCamera (  722): <HAL><ERROR> handleMetadataWithLock: 4863: Cancel missing frame = 4098, buffer = 0xed895680,stream type = 8, stream format = 36
01-18 15:59:13.140 E/QCamera (  722): <MCI><ERROR> mm_stream_cancel_buf: 5156: mm_stream_cancel_buf(idx=9) err=-1
01-18 15:59:13.140 E/QCamera (  722): <HAL><ERROR> handleMetadataWithLock: 4863: Cancel missing frame = 4099, buffer = 0xed8949c0,stream type = 8, stream format = 36
01-18 15:59:13.140 E/QCamera (  722): <MCI><ERROR> cancelBuffer: 884: Calling cancel buf on idx:10 for stream type:8
01-18 15:59:13.140 E/QCamera (  722): <HAL><ERROR> handleMetadataWithLock: 4863: Cancel missing frame = 4100, buffer = 0xed89bef0,stream type = 8, stream format = 36
01-18 15:59:13.140 E/QCamera (  722): <MCI><ERROR> mm_stream_cancel_buf: 5125: Error Trying to extract a frame already sent to HAL(idx=10) count=1
01-18 15:59:13.141 E/QCamera (  722): <MCI><ERROR> cancelBuffer: 884: Calling cancel buf on idx:11 for stream type:8
01-18 15:59:13.141 E/QCamera (  722): <MCI><ERROR> mm_stream_cancel_buf: 5125: Error Trying to extract a frame already sent to HAL(idx=11) count=1
01-18 15:59:13.141 E/QCamera (  722): <MCI><ERROR> cancelBuffer: 884: Calling cancel buf on idx:6 for stream type:8
01-18 15:59:13.141 E/QCamera (  722): <MCI><ERROR> mm_stream_cancel_buf: 5125: Error Trying to extract a frame already sent to HAL(idx=6) count=1
01-18 15:59:13.141 E/QCamera (  722): <MCI><ERROR> cancelBuffer: 884: Calling cancel buf on idx:7 for stream type:8
01-18 15:59:13.141 E/QCamera (  722): <MCI><ERROR> mm_stream_cancel_buf: 5125: Error Trying to extract a frame already sent to HAL(idx=7) count=1
01-18 15:59:13.158 E/        (    0): frame_src is 1 frame_id is 40991 blackjoe
01-18 15:59:13.151 E/mm-camera(  722): <SENSOR><ERROR> 4883: sensor_get_frame_duration: resolution is invalid, it seems stream has stopped.
01-18 15:59:13.151 E/mm-camera(  722): <SENSOR><ERROR> 884: sensor_fc_report_meta: Failed to get frame duration
01-18 15:59:13.151 E/mm-camera(  722): <SENSOR><ERROR> 4805: sensor_get_exposure_time: resolution is invalid, it seems stream has stopped.
01-18 15:59:13.151 E/mm-camera(  722): <SENSOR><ERROR> 904: sensor_fc_report_meta: Failed to get exposure time
01-18 15:59:13.152 E/mm-camera(  722): <MCT   ><ERROR> 2722: mct_stream_process_bus_msg: Check the runing function blackjoe 
01-18 15:59:13.152 E/mm-camera(  722): <MCT   ><ERROR> 2755: mct_stream_process_bus_msg: isp_sof_bus_msg is 0xecac00a0
01-18 15:59:13.153 E/mm-camera(  722): <MCT   ><ERROR> 2757: mct_stream_process_bus_msg: frameid is 40991 hal_version is 3
01-18 15:59:13.153 E/mm-camera(  722): <MCT   ><ERROR> 2759: mct_stream_process_bus_msg: kstate_ptr is 0xe9d5f254, isp_kstate_ptr is 0xeda49000
01-18 15:59:13.153 E/mm-camera(  722): <MCT   ><ERROR> 2765: mct_stream_process_bus_msg: frame_id is 40991
01-18 15:59:13.154 E/QCamera (  722): <MCI><ERROR> mm_stream_data_notify: 337: E, my_handle = 0x7200, fd = 69, state = 6 blackjoe
01-18 15:59:13.154 E/QCamera (  722): <MCI><ERROR> mm_stream_read_msm_frame: 1723: E, my_handle = 0x7200, fd = 69, state = 6 blackjoe
01-18 15:59:13.154 I/QCamera (  722): <MCI><INFO> mm_stream_read_msm_frame: 1770: VIDIOC_DQBUF buf_index 4, frame_idx 40990, stream type 7, rc 0,queued: 17, buf_type = 0 flags = 8192 FD = 69 my_num 0 buf fd 90
01-18 15:59:13.154 E/QCamera (  722): <MCI><ERROR> mm_stream_read_msm_frame: 1790: X rc = 0
01-18 15:59:13.155 I/QCamera (  722): <MCI><INFO> mm_stream_handle_rcvd_buf: 220: E, my_handle = 0x7200, fd = 69, state = 6
01-18 15:59:13.155 I/QCamera (  722): <MCI><INFO> mm_stream_handle_rcvd_buf: 244: has cb and it is active by blackjoe
01-18 15:59:13.155 I/QCamera (  722): <MCI><INFO> mm_stream_dispatch_app_data: 415: E, my_handle = 0x7200, fd = 69, state = 6
01-18 15:59:13.155 I/QCamera (  722): <MCI><INFO> mm_stream_dispatch_app_data: 436: frame_sync.is_active = 0, is_cb_active = 1
01-18 15:59:13.156 I/QCamera (  722): <MCI><INFO> mm_stream_dispatch_app_data: 457: Enter callback by blackjoe
01-18 15:59:13.156 E/mm-camera(  722): <STATS_AIS ><ERROR> 1316: dsps_process_response_gyro: Query request denied, error code = 5, QId_valid = 1, QueryId = 0x1f0a, AckNak_valid = 1, AckNak = 3
01-18 15:59:13.157 E/QCamera (  722): <HAL><ERROR> handleMetadataWithLock: 4863: Cancel missing frame = 4096, buffer = 0xed88fd70,stream type = 8, stream format = 36
01-18 15:59:13.157 E/QCamera (  722): <HAL><ERROR> handleMetadataWithLock: 4863: Cancel missing frame = 4097, buffer = 0xed898fb0,stream type = 8, stream format = 36
01-18 15:59:13.157 E/QCamera (  722): <MCI><ERROR> cancelBuffer: 884: Calling cancel buf on idx:9 for stream type:8
01-18 15:59:13.157 E/QCamera (  722): <HAL><ERROR> handleMetadataWithLock: 4863: Cancel missing frame = 4098, buffer = 0xed895680,stream type = 8, stream format = 36
01-18 15:59:13.157 E/QCamera (  722): <MCI><ERROR> mm_stream_cancel_buf: 5156: mm_stream_cancel_buf(idx=9) err=-1
01-18 15:59:13.157 E/QCamera (  722): <HAL><ERROR> handleMetadataWithLock: 4863: Cancel missing frame = 4099, buffer = 0xed8949c0,stream type = 8, stream format = 36
01-18 15:59:13.158 E/QCamera (  722): <MCI><ERROR> cancelBuffer: 884: Calling cancel buf on idx:10 for stream type:8
01-18 15:59:13.158 E/QCamera (  722): <MCI><ERROR> mm_stream_cancel_buf: 5125: Error Trying to extract a frame already sent to HAL(idx=10) count=1
01-18 15:59:13.158 E/QCamera (  722): <HAL><ERROR> handleMetadataWithLock: 4863: Cancel missing frame = 4100, buffer = 0xed89bef0,stream type = 8, stream format = 36
01-18 15:59:13.158 E/QCamera (  722): <MCI><ERROR> cancelBuffer: 884: Calling cancel buf on idx:11 for stream type:8
01-18 15:59:13.158 E/QCamera (  722): <MCI><ERROR> mm_stream_cancel_buf: 5125: Error Trying to extract a frame already sent to HAL(idx=11) count=1
01-18 15:59:13.158 E/QCamera (  722): <MCI><ERROR> cancelBuffer: 884: Calling cancel buf on idx:6 for stream type:8
01-18 15:59:13.159 E/QCamera (  722): <MCI><ERROR> mm_stream_cancel_buf: 5125: Error Trying to extract a frame already sent to HAL(idx=6) count=1
01-18 15:59:13.159 E/QCamera (  722): <MCI><ERROR> cancelBuffer: 884: Calling cancel buf on idx:7 for stream type:8
01-18 15:59:13.159 E/QCamera (  722): <MCI><ERROR> mm_stream_cancel_buf: 5125: Error Trying to extract a frame already sent to HAL(idx=7) count=1
01-18 15:59:13.171 I/init    (    0): starting service 'smartmu'...
01-18 15:59:13.167 E/mm-camera(  722): <SENSOR><ERROR> 4883: sensor_get_frame_duration: resolution is invalid, it seems stream has stopped.
01-18 15:59:13.167 E/mm-camera(  722): <SENSOR><ERROR> 884: sensor_fc_report_meta: Failed to get frame duration
01-18 15:59:13.167 E/mm-camera(  722): <SENSOR><ERROR> 4805: sensor_get_exposure_time: resolution is invalid, it seems stream has stopped.
01-18 15:59:13.167 E/mm-camera(  722): <SENSOR><ERROR> 904: sensor_fc_report_meta: Failed to get exposure time
01-18 15:59:13.168 E/mm-camera(  722): <MCT   ><ERROR> 2722: mct_stream_process_bus_msg: Check the runing function blackjoe 
01-18 15:59:13.168 E/mm-camera(  722): <MCT   ><ERROR> 2755: mct_stream_process_bus_msg: isp_sof_bus_msg is 0xecac1ba0
01-18 15:59:13.168 E/mm-camera(  722): <MCT   ><ERROR> 2757: mct_stream_process_bus_msg: frameid is 40992 hal_version is 3
01-18 15:59:13.168 E/mm-camera(  722): <MCT   ><ERROR> 2759: mct_stream_process_bus_msg: kstate_ptr is 0xe9d5f254, isp_kstate_ptr is 0xeda49000
01-18 15:59:13.169 E/mm-camera(  722): <MCT   ><ERROR> 2765: mct_stream_process_bus_msg: frame_id is 40992
01-18 15:59:13.169 E/QCamera (  722): <MCI><ERROR> mm_stream_data_notify: 337: E, my_handle = 0x7200, fd = 69, state = 6 blackjoe
01-18 15:59:13.169 E/QCamera (  722): <MCI><ERROR> mm_stream_read_msm_frame: 1723: E, my_handle = 0x7200, fd = 69, state = 6 blackjoe
01-18 15:59:13.170 I/QCamera (  722): <MCI><INFO> mm_stream_read_msm_frame: 1770: VIDIOC_DQBUF buf_index 5, frame_idx 40991, stream type 7, rc 0,queued: 17, buf_type = 0 flags = 8192 FD = 69 my_num 0 buf fd 92
01-18 15:59:13.170 E/QCamera (  722): <MCI><ERROR> mm_stream_read_msm_frame: 1790: X rc = 0
01-18 15:59:13.170 I/QCamera (  722): <MCI><INFO> mm_stream_handle_rcvd_buf: 220: E, my_handle = 0x7200, fd = 69, state = 6
01-18 15:59:13.170 I/QCamera (  722): <MCI><INFO> mm_stream_handle_rcvd_buf: 244: has cb and it is active by blackjoe
01-18 15:59:13.170 I/QCamera (  722): <MCI><INFO> mm_stream_dispatch_app_data: 415: E, my_handle = 0x7200, fd = 69, state = 6
01-18 15:59:13.171 I/QCamera (  722): <MCI><INFO> mm_stream_dispatch_app_data: 436: frame_sync.is_active = 0, is_cb_active = 1
01-18 15:59:13.171 I/QCamera (  722): <MCI><INFO> mm_stream_dispatch_app_data: 457: Enter callback by blackjoe
01-18 15:59:13.171 E/QCamera (  722): <HAL><ERROR> handleMetadataWithLock: 4863: Cancel missing frame = 4096, buffer = 0xed88fd70,stream type = 8, stream format = 36
01-18 15:59:13.171 E/QCamera (  722): <HAL><ERROR> handleMetadataWithLock: 4863: Cancel missing frame = 4097, buffer = 0xed898fb0,stream type = 8, stream format = 36
01-18 15:59:13.171 E/QCamera (  722): <MCI><ERROR> cancelBuffer: 884: Calling cancel buf on idx:9 for stream type:8
01-18 15:59:13.172 E/QCamera (  722): <HAL><ERROR> handleMetadataWithLock: 4863: Cancel missing frame = 4098, buffer = 0xed895680,stream type = 8, stream format = 36
01-18 15:59:13.172 E/QCamera (  722): <MCI><ERROR> mm_stream_cancel_buf: 5156: mm_stream_cancel_buf(idx=9) err=-1
01-18 15:59:13.172 E/QCamera (  722): <HAL><ERROR> handleMetadataWithLock: 4863: Cancel missing frame = 4099, buffer = 0xed8949c0,stream type = 8, stream format = 36
01-18 15:59:13.172 E/QCamera (  722): <MCI><ERROR> cancelBuffer: 884: Calling cancel buf on idx:10 for stream type:8
01-18 15:59:13.172 E/QCamera (  722): <HAL><ERROR> handleMetadataWithLock: 4863: Cancel missing frame = 4100, buffer = 0xed89bef0,stream type = 8, stream format = 36
01-18 15:59:13.172 E/QCamera (  722): <MCI><ERROR> mm_stream_cancel_buf: 5125: Error Trying to extract a frame already sent to HAL(idx=10) count=1
01-18 15:59:13.172 E/mm-camera(  722): <STATS_AIS ><ERROR> 1316: dsps_process_response_gyro: Query request denied, error code = 5, QId_valid = 1, QueryId = 0x200a, AckNak_valid = 1, AckNak = 3
01-18 15:59:13.172 E/QCamera (  722): <MCI><ERROR> cancelBuffer: 884: Calling cancel buf on idx:11 for stream type:8
01-18 15:59:13.172 E/QCamera (  722): <MCI><ERROR> mm_stream_cancel_buf: 5125: Error Trying to extract a frame already sent to HAL(idx=11) count=1
01-18 15:59:13.173 E/QCamera (  722): <MCI><ERROR> cancelBuffer: 884: Calling cancel buf on idx:6 for stream type:8
01-18 15:59:13.173 E/QCamera (  722): <MCI><ERROR> mm_stream_cancel_buf: 5125: Error Trying to extract a frame already sent to HAL(idx=6) count=1
01-18 15:59:13.175 E/        (    0): frame_src is 1 frame_id is 40992 blackjoe
01-18 15:59:13.184 D/logd    (    0): logdr: UID=0 GID=0 PID=22472 n tail=0 logMask=99 pid=0 start=0ns timeout=0ns
01-18 15:59:13.174 E/QCamera (  722): <MCI><ERROR> cancelBuffer: 884: Calling cancel buf on idx:7 for stream type:8
01-18 15:59:13.175 E/QCamera (  722): <MCI><ERROR> mm_stream_cancel_buf: 5125: Error Trying to extract a frame already sent to HAL(idx=7) count=1
01-18 15:59:13.184 E/mm-camera(  722): <SENSOR><ERROR> 4883: sensor_get_frame_duration: resolution is invalid, it seems stream has stopped.
01-18 15:59:13.184 E/mm-camera(  722): <SENSOR><ERROR> 884: sensor_fc_report_meta: Failed to get frame duration
01-18 15:59:13.184 E/mm-camera(  722): <SENSOR><ERROR> 4805: sensor_get_exposure_time: resolution is invalid, it seems stream has stopped.
01-18 15:59:13.184 E/mm-camera(  722): <SENSOR><ERROR> 904: sensor_fc_report_meta: Failed to get exposure time
01-18 15:59:13.186 E/mm-camera(  722): <MCT   ><ERROR> 2722: mct_stream_process_bus_msg: Check the runing function blackjoe 
01-18 15:59:13.186 E/mm-camera(  722): <MCT   ><ERROR> 2755: mct_stream_process_bus_msg: isp_sof_bus_msg is 0xecac1f00
01-18 15:59:13.186 E/mm-camera(  722): <MCT   ><ERROR> 2757: mct_stream_process_bus_msg: frameid is 40993 hal_version is 3
01-18 15:59:13.186 E/mm-camera(  722): <MCT   ><ERROR> 2759: mct_stream_process_bus_msg: kstate_ptr is 0xe9d5f254, isp_kstate_ptr is 0xeda49000
01-18 15:59:13.186 E/mm-camera(  722): <MCT   ><ERROR> 2765: mct_stream_process_bus_msg: frame_id is 40993
01-18 15:59:13.187 E/QCamera (  722): <MCI><ERROR> mm_stream_data_notify: 337: E, my_handle = 0x7200, fd = 69, state = 6 blackjoe
01-18 15:59:13.187 E/QCamera (  722): <MCI><ERROR> mm_stream_read_msm_frame: 1723: E, my_handle = 0x7200, fd = 69, state = 6 blackjoe
01-18 15:59:13.187 I/QCamera (  722): <MCI><INFO> mm_stream_read_msm_frame: 1770: VIDIOC_DQBUF buf_index 6, frame_idx 40992, stream type 7, rc 0,queued: 17, buf_type = 0 flags = 8192 FD = 69 my_num 0 buf fd 94
01-18 15:59:13.188 E/QCamera (  722): <MCI><ERROR> mm_stream_read_msm_frame: 1790: X rc = 0
01-18 15:59:13.188 I/QCamera (  722): <MCI><INFO> mm_stream_handle_rcvd_buf: 220: E, my_handle = 0x7200, fd = 69, state = 6
01-18 15:59:13.188 I/QCamera (  722): <MCI><INFO> mm_stream_handle_rcvd_buf: 244: has cb and it is active by blackjoe
01-18 15:59:13.188 I/QCamera (  722): <MCI><INFO> mm_stream_dispatch_app_data: 415: E, my_handle = 0x7200, fd = 69, state = 6
01-18 15:59:13.189 I/QCamera (  722): <MCI><INFO> mm_stream_dispatch_app_data: 436: frame_sync.is_active = 0, is_cb_active = 1
01-18 15:59:13.189 I/QCamera (  722): <MCI><INFO> mm_stream_dispatch_app_data: 457: Enter callback by blackjoe
01-18 15:59:13.191 E/        (    0): frame_src is 1 frame_id is 40993 blackjoe
01-18 15:59:13.189 E/QCamera (  722): <HAL><ERROR> handleMetadataWithLock: 4863: Cancel missing frame = 4096, buffer = 0xed88fd70,stream type = 8, stream format = 36
01-18 15:59:13.189 E/QCamera (  722): <HAL><ERROR> handleMetadataWithLock: 4863: Cancel missing frame = 4097, buffer = 0xed898fb0,stream type = 8, stream format = 36
01-18 15:59:13.189 E/QCamera (  722): <MCI><ERROR> cancelBuffer: 884: Calling cancel buf on idx:9 for stream type:8
01-18 15:59:13.190 E/QCamera (  722): <HAL><ERROR> handleMetadataWithLock: 4863: Cancel missing frame = 4098, buffer = 0xed895680,stream type = 8, stream format = 36
01-18 15:59:13.190 E/QCamera (  722): <MCI><ERROR> mm_stream_cancel_buf: 5156: mm_stream_cancel_buf(idx=9) err=-1
01-18 15:59:13.190 E/QCamera (  722): <HAL><ERROR> handleMetadataWithLock: 4863: Cancel missing frame = 4099, buffer = 0xed8949c0,stream type = 8, stream format = 36
01-18 15:59:13.190 E/QCamera (  722): <HAL><ERROR> handleMetadataWithLock: 4863: Cancel missing frame = 4100, buffer = 0xed89bef0,stream type = 8, stream format = 36
01-18 15:59:13.190 E/QCamera (  722): <MCI><ERROR> cancelBuffer: 884: Calling cancel buf on idx:10 for stream type:8
01-18 15:59:13.190 E/QCamera (  722): <MCI><ERROR> mm_stream_cancel_buf: 5125: Error Trying to extract a frame already sent to HAL(idx=10) count=1
01-18 15:59:13.190 E/QCamera (  722): <MCI><ERROR> cancelBuffer: 884: Calling cancel buf on idx:11 for stream type:8
01-18 15:59:13.190 E/QCamera (  722): <MCI><ERROR> mm_stream_cancel_buf: 5125: Error Trying to extract a frame already sent to HAL(idx=11) count=1
01-18 15:59:13.191 E/QCamera (  722): <MCI><ERROR> cancelBuffer: 884: Calling cancel buf on idx:6 for stream type:8
01-18 15:59:13.191 E/QCamera (  722): <MCI><ERROR> mm_stream_cancel_buf: 5125: Error Trying to extract a frame already sent to HAL(idx=6) count=1
01-18 15:59:13.191 E/QCamera (  722): <MCI><ERROR> cancelBuffer: 884: Calling cancel buf on idx:7 for stream type:8
01-18 15:59:13.191 E/QCamera (  722): <MCI><ERROR> mm_stream_cancel_buf: 5125: Error Trying to extract a frame already sent to HAL(idx=7) count=1
01-18 15:59:13.191 E/mm-camera(  722): <STATS_AIS ><ERROR> 1316: dsps_process_response_gyro: Query request denied, error code = 5, QId_valid = 1, QueryId = 0x210a, AckNak_valid = 1, AckNak = 3
01-18 15:59:13.200 E/mm-camera(  722): <SENSOR><ERROR> 4883: sensor_get_frame_duration: resolution is invalid, it seems stream has stopped.
01-18 15:59:13.200 E/mm-camera(  722): <SENSOR><ERROR> 884: sensor_fc_report_meta: Failed to get frame duration
01-18 15:59:13.201 E/mm-camera(  722): <SENSOR><ERROR> 4805: sensor_get_exposure_time: resolution is invalid, it seems stream has stopped.
01-18 15:59:13.201 E/mm-camera(  722): <SENSOR><ERROR> 904: sensor_fc_report_meta: Failed to get exposure time
01-18 15:59:13.201 E/mm-camera(  722): <MCT   ><ERROR> 2722: mct_stream_process_bus_msg: Check the runing function blackjoe 
01-18 15:59:13.202 E/mm-camera(  722): <MCT   ><ERROR> 2755: mct_stream_process_bus_msg: isp_sof_bus_msg is 0xecac1c30
01-18 15:59:13.202 E/mm-camera(  722): <MCT   ><ERROR> 2757: mct_stream_process_bus_msg: frameid is 40994 hal_version is 3
01-18 15:59:13.202 E/mm-camera(  722): <MCT   ><ERROR> 2759: mct_stream_process_bus_msg: kstate_ptr is 0xe9d5f254, isp_kstate_ptr is 0xeda49000
01-18 15:59:13.202 E/mm-camera(  722): <MCT   ><ERROR> 2765: mct_stream_process_bus_msg: frame_id is 40994
01-18 15:59:13.202 E/QCamera (  722): <MCI><ERROR> mm_stream_data_notify: 337: E, my_handle = 0x7200, fd = 69, state = 6 blackjoe
01-18 15:59:13.203 E/QCamera (  722): <MCI><ERROR> mm_stream_read_msm_frame: 1723: E, my_handle = 0x7200, fd = 69, state = 6 blackjoe
01-18 15:59:13.203 I/QCamera (  722): <MCI><INFO> mm_stream_read_msm_frame: 1770: VIDIOC_DQBUF buf_index 7, frame_idx 40993, stream type 7, rc 0,queued: 17, buf_type = 0 flags = 8192 FD = 69 my_num 0 buf fd 96
01-18 15:59:13.203 E/QCamera (  722): <MCI><ERROR> mm_stream_read_msm_frame: 1790: X rc = 0
01-18 15:59:13.203 I/QCamera (  722): <MCI><INFO> mm_stream_handle_rcvd_buf: 220: E, my_handle = 0x7200, fd = 69, state = 6
01-18 15:59:13.203 I/QCamera (  722): <MCI><INFO> mm_stream_handle_rcvd_buf: 244: has cb and it is active by blackjoe
01-18 15:59:13.208 E/        (    0): frame_src is 1 frame_id is 40994 blackjoe
01-18 15:59:13.204 I/QCamera (  722): <MCI><INFO> mm_stream_dispatch_app_data: 415: E, my_handle = 0x7200, fd = 69, state = 6
01-18 15:59:13.204 I/QCamera (  722): <MCI><INFO> mm_stream_dispatch_app_data: 436: frame_sync.is_active = 0, is_cb_active = 1
01-18 15:59:13.204 I/QCamera (  722): <MCI><INFO> mm_stream_dispatch_app_data: 457: Enter callback by blackjoe
01-18 15:59:13.204 E/QCamera (  722): <HAL><ERROR> handleMetadataWithLock: 4863: Cancel missing frame = 4096, buffer = 0xed88fd70,stream type = 8, stream format = 36
01-18 15:59:13.205 E/QCamera (  722): <HAL><ERROR> handleMetadataWithLock: 4863: Cancel missing frame = 4097, buffer = 0xed898fb0,stream type = 8, stream format = 36
01-18 15:59:13.205 E/QCamera (  722): <MCI><ERROR> cancelBuffer: 884: Calling cancel buf on idx:9 for stream type:8
01-18 15:59:13.205 E/QCamera (  722): <HAL><ERROR> handleMetadataWithLock: 4863: Cancel missing frame = 4098, buffer = 0xed895680,stream type = 8, stream format = 36
01-18 15:59:13.205 E/QCamera (  722): <MCI><ERROR> mm_stream_cancel_buf: 5156: mm_stream_cancel_buf(idx=9) err=-1
01-18 15:59:13.205 E/QCamera (  722): <HAL><ERROR> handleMetadataWithLock: 4863: Cancel missing frame = 4099, buffer = 0xed8949c0,stream type = 8, stream format = 36
01-18 15:59:13.206 E/QCamera (  722): <MCI><ERROR> cancelBuffer: 884: Calling cancel buf on idx:10 for stream type:8
01-18 15:59:13.206 E/QCamera (  722): <HAL><ERROR> handleMetadataWithLock: 4863: Cancel missing frame = 4100, buffer = 0xed89bef0,stream type = 8, stream format = 36
01-18 15:59:13.206 E/QCamera (  722): <MCI><ERROR> mm_stream_cancel_buf: 5125: Error Trying to extract a frame already sent to HAL(idx=10) count=1
01-18 15:59:13.206 E/QCamera (  722): <MCI><ERROR> cancelBuffer: 884: Calling cancel buf on idx:11 for stream type:8
01-18 15:59:13.206 E/QCamera (  722): <MCI><ERROR> mm_stream_cancel_buf: 5125: Error Trying to extract a frame already sent to HAL(idx=11) count=1
01-18 15:59:13.206 E/QCamera (  722): <MCI><ERROR> cancelBuffer: 884: Calling cancel buf on idx:6 for stream type:8
01-18 15:59:13.206 E/QCamera (  722): <MCI><ERROR> mm_stream_cancel_buf: 5125: Error Trying to extract a frame already sent to HAL(idx=6) count=1
01-18 15:59:13.206 E/QCamera (  722): <MCI><ERROR> cancelBuffer: 884: Calling cancel buf on idx:7 for stream type:8
01-18 15:59:13.207 E/QCamera (  722): <MCI><ERROR> mm_stream_cancel_buf: 5125: Error Trying to extract a frame already sent to HAL(idx=7) count=1
01-18 15:59:13.207 E/mm-camera(  722): <STATS_AIS ><ERROR> 1316: dsps_process_response_gyro: Query request denied, error code = 5, QId_valid = 1, QueryId = 0x220a, AckNak_valid = 1, AckNak = 3
01-18 15:59:13.258 E/        (    0): frame_src is 1 frame_id is 40995 blackjoe
01-18 15:59:13.250 E/mm-camera(  722): <SENSOR><ERROR> 4883: sensor_get_frame_duration: resolution is invalid, it seems stream has stopped.
01-18 15:59:13.251 E/mm-camera(  722): <SENSOR><ERROR> 884: sensor_fc_report_meta: Failed to get frame duration
01-18 15:59:13.251 E/mm-camera(  722): <SENSOR><ERROR> 4805: sensor_get_exposure_time: resolution is invalid, it seems stream has stopped.
01-18 15:59:13.251 E/mm-camera(  722): <SENSOR><ERROR> 904: sensor_fc_report_meta: Failed to get exposure time
01-18 15:59:13.254 E/mm-camera(  722): <MCT   ><ERROR> 2722: mct_stream_process_bus_msg: Check the runing function blackjoe 
01-18 15:59:13.255 E/mm-camera(  722): <MCT   ><ERROR> 2755: mct_stream_process_bus_msg: isp_sof_bus_msg is 0xecac0130
01-18 15:59:13.256 E/mm-camera(  722): <MCT   ><ERROR> 2757: mct_stream_process_bus_msg: frameid is 40995 hal_version is 3
01-18 15:59:13.256 E/mm-camera(  722): <MCT   ><ERROR> 2759: mct_stream_process_bus_msg: kstate_ptr is 0xe9d5f254, isp_kstate_ptr is 0xeda49000
01-18 15:59:13.256 E/mm-camera(  722): <MCT   ><ERROR> 2765: mct_stream_process_bus_msg: frame_id is 40995
01-18 15:59:13.257 E/mm-camera(  722): <STATS_AIS ><ERROR> 1316: dsps_process_response_gyro: Query request denied, error code = 5, QId_valid = 1, QueryId = 0x230a, AckNak_valid = 1, AckNak = 3
01-18 15:59:13.257 E/QCamera (  722): <MCI><ERROR> mm_stream_data_notify: 337: E, my_handle = 0x7200, fd = 69, state = 6 blackjoe
01-18 15:59:13.257 E/QCamera (  722): <MCI><ERROR> mm_stream_read_msm_frame: 1723: E, my_handle = 0x7200, fd = 69, state = 6 blackjoe
01-18 15:59:13.258 I/QCamera (  722): <MCI><INFO> mm_stream_read_msm_frame: 1770: VIDIOC_DQBUF buf_index 8, frame_idx 40994, stream type 7, rc 0,queued: 17, buf_type = 0 flags = 8192 FD = 69 my_num 0 buf fd 98
01-18 15:59:13.258 E/QCamera (  722): <MCI><ERROR> mm_stream_read_msm_frame: 1790: X rc = 0
01-18 15:59:13.258 I/QCamera (  722): <MCI><INFO> mm_stream_handle_rcvd_buf: 220: E, my_handle = 0x7200, fd = 69, state = 6
01-18 15:59:13.259 I/QCamera (  722): <MCI><INFO> mm_stream_handle_rcvd_buf: 244: has cb and it is active by blackjoe
01-18 15:59:13.260 I/QCamera (  722): <MCI><INFO> mm_stream_dispatch_app_data: 415: E, my_handle = 0x7200, fd = 69, state = 6
01-18 15:59:13.260 I/QCamera (  722): <MCI><INFO> mm_stream_dispatch_app_data: 436: frame_sync.is_active = 0, is_cb_active = 1
01-18 15:59:13.260 I/QCamera (  722): <MCI><INFO> mm_stream_dispatch_app_data: 457: Enter callback by blackjoe
01-18 15:59:13.261 E/QCamera (  722): <HAL><ERROR> handleMetadataWithLock: 4863: Cancel missing frame = 4096, buffer = 0xed88fd70,stream type = 8, stream format = 36
01-18 15:59:13.261 E/QCamera (  722): <HAL><ERROR> handleMetadataWithLock: 4863: Cancel missing frame = 4097, buffer = 0xed898fb0,stream type = 8, stream format = 36
01-18 15:59:13.262 E/QCamera (  722): <HAL><ERROR> handleMetadataWithLock: 4863: Cancel missing frame = 4098, buffer = 0xed895680,stream type = 8, stream format = 36
01-18 15:59:13.262 E/QCamera (  722): <HAL><ERROR> handleMetadataWithLock: 4863: Cancel missing frame = 4099, buffer = 0xed8949c0,stream type = 8, stream format = 36
01-18 15:59:13.262 E/QCamera (  722): <HAL><ERROR> handleMetadataWithLock: 4863: Cancel missing frame = 4100, buffer = 0xed89bef0,stream type = 8, stream format = 36
01-18 15:59:13.263 E/QCamera (  722): <MCI><ERROR> cancelBuffer: 884: Calling cancel buf on idx:9 for stream type:8
01-18 15:59:13.264 E/QCamera (  722): <MCI><ERROR> mm_stream_cancel_buf: 5156: mm_stream_cancel_buf(idx=9) err=-1
01-18 15:59:13.264 E/QCamera (  722): <MCI><ERROR> cancelBuffer: 884: Calling cancel buf on idx:10 for stream type:8
01-18 15:59:13.265 E/QCamera (  722): <MCI><ERROR> mm_stream_cancel_buf: 5125: Error Trying to extract a frame already sent to HAL(idx=10) count=1
01-18 15:59:13.265 E/QCamera (  722): <MCI><ERROR> cancelBuffer: 884: Calling cancel buf on idx:11 for stream type:8
01-18 15:59:13.266 E/QCamera (  722): <MCI><ERROR> mm_stream_cancel_buf: 5125: Error Trying to extract a frame already sent to HAL(idx=11) count=1
01-18 15:59:13.266 E/QCamera (  722): <MCI><ERROR> cancelBuffer: 884: Calling cancel buf on idx:6 for stream type:8
01-18 15:59:13.266 E/mm-camera(  722): <SENSOR><ERROR> 4883: sensor_get_frame_duration: resolution is invalid, it seems stream has stopped.
01-18 15:59:13.267 E/QCamera (  722): <MCI><ERROR> mm_stream_cancel_buf: 5125: Error Trying to extract a frame already sent to HAL(idx=6) count=1
01-18 15:59:13.267 E/mm-camera(  722): <SENSOR><ERROR> 884: sensor_fc_report_meta: Failed to get frame duration
01-18 15:59:13.267 E/QCamera (  722): <MCI><ERROR> cancelBuffer: 884: Calling cancel buf on idx:7 for stream type:8
01-18 15:59:13.267 E/mm-camera(  722): <SENSOR><ERROR> 4805: sensor_get_exposure_time: resolution is invalid, it seems stream has stopped.
01-18 15:59:13.267 E/QCamera (  722): <MCI><ERROR> mm_stream_cancel_buf: 5125: Error Trying to extract a frame already sent to HAL(idx=7) count=1
01-18 15:59:13.267 E/mm-camera(  722): <SENSOR><ERROR> 904: sensor_fc_report_meta: Failed to get exposure time
01-18 15:59:13.269 E/mm-camera(  722): <MCT   ><ERROR> 2722: mct_stream_process_bus_msg: Check the runing function blackjoe 
01-18 15:59:13.269 E/mm-camera(  722): <MCT   ><ERROR> 2755: mct_stream_process_bus_msg: isp_sof_bus_msg is 0xecac1330
01-18 15:59:13.270 E/mm-camera(  722): <MCT   ><ERROR> 2757: mct_stream_process_bus_msg: frameid is 40996 hal_version is 3
01-18 15:59:13.270 E/mm-camera(  722): <MCT   ><ERROR> 2759: mct_stream_process_bus_msg: kstate_ptr is 0xe9d5f254, isp_kstate_ptr is 0xeda49000
01-18 15:59:13.270 E/mm-camera(  722): <MCT   ><ERROR> 2765: mct_stream_process_bus_msg: frame_id is 40996
01-18 15:59:13.271 E/QCamera (  722): <MCI><ERROR> mm_stream_data_notify: 337: E, my_handle = 0x7200, fd = 69, state = 6 blackjoe
01-18 15:59:13.271 E/QCamera (  722): <MCI><ERROR> mm_stream_read_msm_frame: 1723: E, my_handle = 0x7200, fd = 69, state = 6 blackjoe
01-18 15:59:13.272 I/QCamera (  722): <MCI><INFO> mm_stream_read_msm_frame: 1770: VIDIOC_DQBUF buf_index 9, frame_idx 40995, stream type 7, rc 0,queued: 17, buf_type = 0 flags = 8192 FD = 69 my_num 0 buf fd 100
01-18 15:59:13.273 D/SMARTMU (22476): #(22476) [ main.cpp : 25] SmartMU Version , 
01-18 15:59:13.273 E/QCamera (  722): <MCI><ERROR> mm_stream_read_msm_frame: 1790: X rc = 0
01-18 15:59:13.273 E/mm-camera(  722): <STATS_AIS ><ERROR> 1316: dsps_process_response_gyro: Query request denied, error code = 5, QId_valid = 1, QueryId = 0x240a, AckNak_valid = 1, AckNak = 3
01-18 15:59:13.273 I/QCamera (  722): <MCI><INFO> mm_stream_handle_rcvd_buf: 220: E, my_handle = 0x7200, fd = 69, state = 6
01-18 15:59:13.274 E/AsymmetricDecrypt(22476): [AsymmetricDecrypt::acquireKeyFile] KeyPath - /system/vendor/keys/TC52AXANF/proxyframework 
01-18 15:59:13.274 I/QCamera (  722): <MCI><INFO> mm_stream_handle_rcvd_buf: 244: has cb and it is active by blackjoe
01-18 15:59:13.274 I/QCamera (  722): <MCI><INFO> mm_stream_dispatch_app_data: 415: E, my_handle = 0x7200, fd = 69, state = 6
01-18 15:59:13.275 I/QCamera (  722): <MCI><INFO> mm_stream_dispatch_app_data: 436: frame_sync.is_active = 0, is_cb_active = 1
01-18 15:59:13.275 I/QCamera (  722): <MCI><INFO> mm_stream_dispatch_app_data: 457: Enter callback by blackjoe
01-18 15:59:13.276 E/AsymmetricDecrypt(22476): [AsymmetricDecrypt::ObtainSeedText] Buffer - Zebra Technologies/TC52AXANF/TC52AX/proxyframework 
01-18 15:59:13.276 E/AsymmetricDecrypt(22476): [AsymmetricDecrypt::NativeAuthenticate] Authentication failed. zDecodedText returned by ReadAndDecodeEncryptedText = Zebra Technologies/TC52AX/TC52AX/proxyframework, zBuf returned by ObtainSeedText = Zebra Technologies/TC52AXANF/TC52AX/proxyframework
01-18 15:59:13.276 D/SMARTMU (22476): #(22476) [ main.cpp : 31] Authentication failed
01-18 15:59:13.276 E/QCamera (  722): <HAL><ERROR> handleMetadataWithLock: 4863: Cancel missing frame = 4096, buffer = 0xed88fd70,stream type = 8, stream format = 36
01-18 15:59:13.276 E/QCamera (  722): <HAL><ERROR> handleMetadataWithLock: 4863: Cancel missing frame = 4097, buffer = 0xed898fb0,stream type = 8, stream format = 36
01-18 15:59:13.277 E/QCamera (  722): <HAL><ERROR> handleMetadataWithLock: 4863: Cancel missing frame = 4098, buffer = 0xed895680,stream type = 8, stream format = 36
01-18 15:59:13.277 E/QCamera (  722): <HAL><ERROR> handleMetadataWithLock: 4863: Cancel missing frame = 4099, buffer = 0xed8949c0,stream type = 8, stream format = 36
01-18 15:59:13.277 E/QCamera (  722): <HAL><ERROR> handleMetadataWithLock: 4863: Cancel missing frame = 4100, buffer = 0xed89bef0,stream type = 8, stream format = 36
01-18 15:59:13.278 E/QCamera (  722): <MCI><ERROR> cancelBuffer: 884: Calling cancel buf on idx:9 for stream type:8
01-18 15:59:13.278 E/QCamera (  722): <MCI><ERROR> mm_stream_cancel_buf: 5156: mm_stream_cancel_buf(idx=9) err=-1
01-18 15:59:13.279 E/QCamera (  722): <MCI><ERROR> cancelBuffer: 884: Calling cancel buf on idx:10 for stream type:8
01-18 15:59:13.279 E/QCamera (  722): <MCI><ERROR> mm_stream_cancel_buf: 5125: Error Trying to extract a frame already sent to HAL(idx=10) count=1
01-18 15:59:13.279 E/QCamera (  722): <MCI><ERROR> cancelBuffer: 884: Calling cancel buf on idx:11 for stream type:8
01-18 15:59:13.280 E/QCamera (  722): <MCI><ERROR> mm_stream_cancel_buf: 5125: Error Trying to extract a frame already sent to HAL(idx=11) count=1
01-18 15:59:13.280 E/QCamera (  722): <MCI><ERROR> cancelBuffer: 884: Calling cancel buf on idx:6 for stream type:8
01-18 15:59:13.280 E/QCamera (  722): <MCI><ERROR> mm_stream_cancel_buf: 5125: Error Trying to extract a frame already sent to HAL(idx=6) count=1
01-18 15:59:13.281 E/QCamera (  722): <MCI><ERROR> cancelBuffer: 884: Calling cancel buf on idx:7 for stream type:8
