01-18 15:56:25.712 E/mm-camera(  722): <SENSOR><ERROR> 884: sensor_fc_report_meta: Failed to get frame duration
01-18 15:56:25.712 E/mm-camera(  722): <SENSOR><ERROR> 4805: sensor_get_exposure_time: resolution is invalid, it seems stream has stopped.
01-18 15:56:25.712 E/mm-camera(  722): <SENSOR><ERROR> 904: sensor_fc_report_meta: Failed to get exposure time
01-18 15:56:25.713 E/mm-camera(  722): <MCT   ><ERROR> 2722: mct_stream_process_bus_msg: Check the runing function blackjoe 
01-18 15:56:25.713 E/mm-camera(  722): <MCT   ><ERROR> 2755: mct_stream_process_bus_msg: isp_sof_bus_msg is 0xecac1de0
01-18 15:56:25.713 E/mm-camera(  722): <MCT   ><ERROR> 2757: mct_stream_process_bus_msg: frameid is 39220 hal_version is 3
01-18 15:56:25.714 E/mm-camera(  722): <MCT   ><ERROR> 2759: mct_stream_process_bus_msg: kstate_ptr is 0xe9d5f254, isp_kstate_ptr is 0xeda49000
01-18 15:56:25.714 E/mm-camera(  722): <MCT   ><ERROR> 2765: mct_stream_process_bus_msg: frame_id is 39220
01-18 15:56:25.714 E/QCamera (  722): <MCI><ERROR> mm_stream_data_notify: 337: E, my_handle = 0x7200, fd = 69, state = 6 blackjoe
01-18 15:56:25.714 E/QCamera (  722): <MCI><ERROR> mm_stream_read_msm_frame: 1723: E, my_handle = 0x7200, fd = 69, state = 6 blackjoe
01-18 15:56:25.715 I/QCamera (  722): <MCI><INFO> mm_stream_read_msm_frame: 1770: VIDIOC_DQBUF buf_index 15, frame_idx 39219, stream type 7, rc 0,queued: 17, buf_type = 0 flags = 8192 FD = 69 my_num 0 buf fd 112
01-18 15:56:25.715 E/QCamera (  722): <MCI><ERROR> mm_stream_read_msm_frame: 1790: X rc = 0
01-18 15:56:25.720 E/        (    0): frame_src is 1 frame_id is 39220 blackjoe
01-18 15:56:25.715 I/QCamera (  722): <MCI><INFO> mm_stream_handle_rcvd_buf: 220: E, my_handle = 0x7200, fd = 69, state = 6
01-18 15:56:25.715 I/QCamera (  722): <MCI><INFO> mm_stream_handle_rcvd_buf: 244: has cb and it is active by blackjoe
01-18 15:56:25.715 I/QCamera (  722): <MCI><INFO> mm_stream_dispatch_app_data: 415: E, my_handle = 0x7200, fd = 69, state = 6
01-18 15:56:25.716 I/QCamera (  722): <MCI><INFO> mm_stream_dispatch_app_data: 436: frame_sync.is_active = 0, is_cb_active = 1
01-18 15:56:25.716 I/QCamera (  722): <MCI><INFO> mm_stream_dispatch_app_data: 457: Enter callback by blackjoe
01-18 15:56:25.716 E/QCamera (  722): <HAL><ERROR> handleMetadataWithLock: 4863: Cancel missing frame = 4096, buffer = 0xed88fd70,stream type = 8, stream format = 36
01-18 15:56:25.716 E/QCamera (  722): <HAL><ERROR> handleMetadataWithLock: 4863: Cancel missing frame = 4097, buffer = 0xed898fb0,stream type = 8, stream format = 36
01-18 15:56:25.716 E/QCamera (  722): <MCI><ERROR> cancelBuffer: 884: Calling cancel buf on idx:9 for stream type:8
01-18 15:56:25.716 E/QCamera (  722): <HAL><ERROR> handleMetadataWithLock: 4863: Cancel missing frame = 4098, buffer = 0xed895680,stream type = 8, stream format = 36
01-18 15:56:25.717 E/QCamera (  722): <MCI><ERROR> mm_stream_cancel_buf: 5156: mm_stream_cancel_buf(idx=9) err=-1
01-18 15:56:25.717 E/QCamera (  722): <HAL><ERROR> handleMetadataWithLock: 4863: Cancel missing frame = 4099, buffer = 0xed8949c0,stream type = 8, stream format = 36
01-18 15:56:25.717 E/QCamera (  722): <MCI><ERROR> cancelBuffer: 884: Calling cancel buf on idx:10 for stream type:8
01-18 15:56:25.717 E/QCamera (  722): <HAL><ERROR> handleMetadataWithLock: 4863: Cancel missing frame = 4100, buffer = 0xed89bef0,stream type = 8, stream format = 36
01-18 15:56:25.717 E/QCamera (  722): <MCI><ERROR> mm_stream_cancel_buf: 5125: Error Trying to extract a frame already sent to HAL(idx=10) count=1
01-18 15:56:25.717 E/QCamera (  722): <MCI><ERROR> cancelBuffer: 884: Calling cancel buf on idx:11 for stream type:8
01-18 15:56:25.717 E/QCamera (  722): <MCI><ERROR> mm_stream_cancel_buf: 5125: Error Trying to extract a frame already sent to HAL(idx=11) count=1
01-18 15:56:25.717 E/QCamera (  722): <MCI><ERROR> cancelBuffer: 884: Calling cancel buf on idx:6 for stream type:8
01-18 15:56:25.717 E/QCamera (  722): <MCI><ERROR> mm_stream_cancel_buf: 5125: Error Trying to extract a frame already sent to HAL(idx=6) count=1
01-18 15:56:25.718 E/QCamera (  722): <MCI><ERROR> cancelBuffer: 884: Calling cancel buf on idx:7 for stream type:8
01-18 15:56:25.718 E/mm-camera(  722): <STATS_AIS ><ERROR> 1316: dsps_process_response_gyro: Query request denied, error code = 5, QId_valid = 1, QueryId = 0x340a, AckNak_valid = 1, AckNak = 3
01-18 15:56:25.718 E/QCamera (  722): <MCI><ERROR> mm_stream_cancel_buf: 5125: Error Trying to extract a frame already sent to HAL(idx=7) count=1
01-18 15:56:25.728 E/mm-camera(  722): <SENSOR><ERROR> 4883: sensor_get_frame_duration: resolution is invalid, it seems stream has stopped.
01-18 15:56:25.729 E/mm-camera(  722): <SENSOR><ERROR> 884: sensor_fc_report_meta: Failed to get frame duration
01-18 15:56:25.729 E/mm-camera(  722): <SENSOR><ERROR> 4805: sensor_get_exposure_time: resolution is invalid, it seems stream has stopped.
01-18 15:56:25.729 E/mm-camera(  722): <SENSOR><ERROR> 904: sensor_fc_report_meta: Failed to get exposure time
01-18 15:56:25.730 E/mm-camera(  722): <MCT   ><ERROR> 2722: mct_stream_process_bus_msg: Check the runing function blackjoe 
01-18 15:56:25.730 E/mm-camera(  722): <MCT   ><ERROR> 2755: mct_stream_process_bus_msg: isp_sof_bus_msg is 0xecac0d00
01-18 15:56:25.730 E/mm-camera(  722): <MCT   ><ERROR> 2757: mct_stream_process_bus_msg: frameid is 39221 hal_version is 3
01-18 15:56:25.730 E/mm-camera(  722): <MCT   ><ERROR> 2759: mct_stream_process_bus_msg: kstate_ptr is 0xe9d5f254, isp_kstate_ptr is 0xeda49000
01-18 15:56:25.730 E/mm-camera(  722): <MCT   ><ERROR> 2765: mct_stream_process_bus_msg: frame_id is 39221
01-18 15:56:25.731 E/QCamera (  722): <MCI><ERROR> mm_stream_data_notify: 337: E, my_handle = 0x7200, fd = 69, state = 6 blackjoe
01-18 15:56:25.731 E/QCamera (  722): <MCI><ERROR> mm_stream_read_msm_frame: 1723: E, my_handle = 0x7200, fd = 69, state = 6 blackjoe
01-18 15:56:25.731 I/QCamera (  722): <MCI><INFO> mm_stream_read_msm_frame: 1770: VIDIOC_DQBUF buf_index 16, frame_idx 39220, stream type 7, rc 0,queued: 17, buf_type = 0 flags = 8192 FD = 69 my_num 0 buf fd 114
01-18 15:56:25.731 E/QCamera (  722): <MCI><ERROR> mm_stream_read_msm_frame: 1790: X rc = 0
01-18 15:56:25.732 I/QCamera (  722): <MCI><INFO> mm_stream_handle_rcvd_buf: 220: E, my_handle = 0x7200, fd = 69, state = 6
01-18 15:56:25.732 I/QCamera (  722): <MCI><INFO> mm_stream_handle_rcvd_buf: 244: has cb and it is active by blackjoe
01-18 15:56:25.732 I/QCamera (  722): <MCI><INFO> mm_stream_dispatch_app_data: 415: E, my_handle = 0x7200, fd = 69, state = 6
01-18 15:56:25.732 I/QCamera (  722): <MCI><INFO> mm_stream_dispatch_app_data: 436: frame_sync.is_active = 0, is_cb_active = 1
01-18 15:56:25.732 I/QCamera (  722): <MCI><INFO> mm_stream_dispatch_app_data: 457: Enter callback by blackjoe
01-18 15:56:25.733 E/QCamera (  722): <HAL><ERROR> handleMetadataWithLock: 4863: Cancel missing frame = 4096, buffer = 0xed88fd70,stream type = 8, stream format = 36
01-18 15:56:25.733 E/QCamera (  722): <HAL><ERROR> handleMetadataWithLock: 4863: Cancel missing frame = 4097, buffer = 0xed898fb0,stream type = 8, stream format = 36
01-18 15:56:25.733 E/QCamera (  722): <MCI><ERROR> cancelBuffer: 884: Calling cancel buf on idx:9 for stream type:8
01-18 15:56:25.737 E/        (    0): frame_src is 1 frame_id is 39221 blackjoe
01-18 15:56:25.733 E/QCamera (  722): <HAL><ERROR> handleMetadataWithLock: 4863: Cancel missing frame = 4098, buffer = 0xed895680,stream type = 8, stream format = 36
01-18 15:56:25.733 E/QCamera (  722): <MCI><ERROR> mm_stream_cancel_buf: 5156: mm_stream_cancel_buf(idx=9) err=-1
01-18 15:56:25.733 E/QCamera (  722): <HAL><ERROR> handleMetadataWithLock: 4863: Cancel missing frame = 4099, buffer = 0xed8949c0,stream type = 8, stream format = 36
01-18 15:56:25.733 E/QCamera (  722): <MCI><ERROR> cancelBuffer: 884: Calling cancel buf on idx:10 for stream type:8
01-18 15:56:25.733 E/QCamera (  722): <HAL><ERROR> handleMetadataWithLock: 4863: Cancel missing frame = 4100, buffer = 0xed89bef0,stream type = 8, stream format = 36
01-18 15:56:25.733 E/QCamera (  722): <MCI><ERROR> mm_stream_cancel_buf: 5125: Error Trying to extract a frame already sent to HAL(idx=10) count=1
01-18 15:56:25.734 E/QCamera (  722): <MCI><ERROR> cancelBuffer: 884: Calling cancel buf on idx:11 for stream type:8
01-18 15:56:25.734 E/QCamera (  722): <MCI><ERROR> mm_stream_cancel_buf: 5125: Error Trying to extract a frame already sent to HAL(idx=11) count=1
01-18 15:56:25.734 E/mm-camera(  722): <STATS_AIS ><ERROR> 1316: dsps_process_response_gyro: Query request denied, error code = 5, QId_valid = 1, QueryId = 0x350a, AckNak_valid = 1, AckNak = 3
01-18 15:56:25.734 E/QCamera (  722): <MCI><ERROR> cancelBuffer: 884: Calling cancel buf on idx:6 for stream type:8
01-18 15:56:25.734 E/QCamera (  722): <MCI><ERROR> mm_stream_cancel_buf: 5125: Error Trying to extract a frame already sent to HAL(idx=6) count=1
01-18 15:56:25.734 E/QCamera (  722): <MCI><ERROR> cancelBuffer: 884: Calling cancel buf on idx:7 for stream type:8
01-18 15:56:25.734 E/QCamera (  722): <MCI><ERROR> mm_stream_cancel_buf: 5125: Error Trying to extract a frame already sent to HAL(idx=7) count=1
01-18 15:56:25.753 E/        (    0): frame_src is 1 frame_id is 39222 blackjoe
01-18 15:56:25.745 E/mm-camera(  722): <SENSOR><ERROR> 4883: sensor_get_frame_duration: resolution is invalid, it seems stream has stopped.
01-18 15:56:25.745 E/mm-camera(  722): <SENSOR><ERROR> 884: sensor_fc_report_meta: Failed to get frame duration
01-18 15:56:25.745 E/mm-camera(  722): <SENSOR><ERROR> 4805: sensor_get_exposure_time: resolution is invalid, it seems stream has stopped.
01-18 15:56:25.746 E/mm-camera(  722): <SENSOR><ERROR> 904: sensor_fc_report_meta: Failed to get exposure time
01-18 15:56:25.746 E/mm-camera(  722): <MCT   ><ERROR> 2722: mct_stream_process_bus_msg: Check the runing function blackjoe 
01-18 15:56:25.746 E/mm-camera(  722): <MCT   ><ERROR> 2755: mct_stream_process_bus_msg: isp_sof_bus_msg is 0xecac1210
01-18 15:56:25.746 E/mm-camera(  722): <MCT   ><ERROR> 2757: mct_stream_process_bus_msg: frameid is 39222 hal_version is 3
01-18 15:56:25.746 E/mm-camera(  722): <MCT   ><ERROR> 2759: mct_stream_process_bus_msg: kstate_ptr is 0xe9d5f254, isp_kstate_ptr is 0xeda49000
01-18 15:56:25.746 E/mm-camera(  722): <MCT   ><ERROR> 2765: mct_stream_process_bus_msg: frame_id is 39222
01-18 15:56:25.747 E/QCamera (  722): <MCI><ERROR> mm_stream_data_notify: 337: E, my_handle = 0x7200, fd = 69, state = 6 blackjoe
01-18 15:56:25.747 E/QCamera (  722): <MCI><ERROR> mm_stream_read_msm_frame: 1723: E, my_handle = 0x7200, fd = 69, state = 6 blackjoe
01-18 15:56:25.747 I/QCamera (  722): <MCI><INFO> mm_stream_read_msm_frame: 1770: VIDIOC_DQBUF buf_index 17, frame_idx 39221, stream type 7, rc 0,queued: 17, buf_type = 0 flags = 8192 FD = 69 my_num 0 buf fd 117
01-18 15:56:25.747 E/QCamera (  722): <MCI><ERROR> mm_stream_read_msm_frame: 1790: X rc = 0
01-18 15:56:25.748 I/QCamera (  722): <MCI><INFO> mm_stream_handle_rcvd_buf: 220: E, my_handle = 0x7200, fd = 69, state = 6
01-18 15:56:25.748 I/QCamera (  722): <MCI><INFO> mm_stream_handle_rcvd_buf: 244: has cb and it is active by blackjoe
01-18 15:56:25.748 I/QCamera (  722): <MCI><INFO> mm_stream_dispatch_app_data: 415: E, my_handle = 0x7200, fd = 69, state = 6
01-18 15:56:25.748 I/QCamera (  722): <MCI><INFO> mm_stream_dispatch_app_data: 436: frame_sync.is_active = 0, is_cb_active = 1
01-18 15:56:25.748 I/QCamera (  722): <MCI><INFO> mm_stream_dispatch_app_data: 457: Enter callback by blackjoe
01-18 15:56:25.748 E/QCamera (  722): <HAL><ERROR> handleMetadataWithLock: 4863: Cancel missing frame = 4096, buffer = 0xed88fd70,stream type = 8, stream format = 36
01-18 15:56:25.749 E/QCamera (  722): <HAL><ERROR> handleMetadataWithLock: 4863: Cancel missing frame = 4097, buffer = 0xed898fb0,stream type = 8, stream format = 36
01-18 15:56:25.749 E/QCamera (  722): <MCI><ERROR> cancelBuffer: 884: Calling cancel buf on idx:9 for stream type:8
01-18 15:56:25.749 E/QCamera (  722): <HAL><ERROR> handleMetadataWithLock: 4863: Cancel missing frame = 4098, buffer = 0xed895680,stream type = 8, stream format = 36
01-18 15:56:25.749 E/QCamera (  722): <HAL><ERROR> handleMetadataWithLock: 4863: Cancel missing frame = 4099, buffer = 0xed8949c0,stream type = 8, stream format = 36
01-18 15:56:25.749 E/QCamera (  722): <MCI><ERROR> mm_stream_cancel_buf: 5156: mm_stream_cancel_buf(idx=9) err=-1
01-18 15:56:25.749 E/QCamera (  722): <HAL><ERROR> handleMetadataWithLock: 4863: Cancel missing frame = 4100, buffer = 0xed89bef0,stream type = 8, stream format = 36
01-18 15:56:25.749 E/QCamera (  722): <MCI><ERROR> cancelBuffer: 884: Calling cancel buf on idx:10 for stream type:8
01-18 15:56:25.749 E/QCamera (  722): <MCI><ERROR> mm_stream_cancel_buf: 5125: Error Trying to extract a frame already sent to HAL(idx=10) count=1
01-18 15:56:25.750 E/QCamera (  722): <MCI><ERROR> cancelBuffer: 884: Calling cancel buf on idx:11 for stream type:8
01-18 15:56:25.750 E/QCamera (  722): <MCI><ERROR> mm_stream_cancel_buf: 5125: Error Trying to extract a frame already sent to HAL(idx=11) count=1
01-18 15:56:25.750 E/QCamera (  722): <MCI><ERROR> cancelBuffer: 884: Calling cancel buf on idx:6 for stream type:8
01-18 15:56:25.750 E/mm-camera(  722): <STATS_AIS ><ERROR> 1316: dsps_process_response_gyro: Query request denied, error code = 5, QId_valid = 1, QueryId = 0x360a, AckNak_valid = 1, AckNak = 3
01-18 15:56:25.750 E/QCamera (  722): <MCI><ERROR> mm_stream_cancel_buf: 5125: Error Trying to extract a frame already sent to HAL(idx=6) count=1
01-18 15:56:25.751 E/QCamera (  722): <MCI><ERROR> cancelBuffer: 884: Calling cancel buf on idx:7 for stream type:8
01-18 15:56:25.751 E/QCamera (  722): <MCI><ERROR> mm_stream_cancel_buf: 5125: Error Trying to extract a frame already sent to HAL(idx=7) count=1
01-18 15:56:25.762 E/mm-camera(  722): <SENSOR><ERROR> 4883: sensor_get_frame_duration: resolution is invalid, it seems stream has stopped.
01-18 15:56:25.762 E/mm-camera(  722): <SENSOR><ERROR> 884: sensor_fc_report_meta: Failed to get frame duration
01-18 15:56:25.762 E/mm-camera(  722): <SENSOR><ERROR> 4805: sensor_get_exposure_time: resolution is invalid, it seems stream has stopped.
01-18 15:56:25.762 E/mm-camera(  722): <SENSOR><ERROR> 904: sensor_fc_report_meta: Failed to get exposure time
01-18 15:56:25.763 E/mm-camera(  722): <MCT   ><ERROR> 2722: mct_stream_process_bus_msg: Check the runing function blackjoe 
01-18 15:56:25.764 E/mm-camera(  722): <MCT   ><ERROR> 2755: mct_stream_process_bus_msg: isp_sof_bus_msg is 0xecac0910
01-18 15:56:25.764 E/mm-camera(  722): <MCT   ><ERROR> 2757: mct_stream_process_bus_msg: frameid is 39223 hal_version is 3
01-18 15:56:25.764 E/mm-camera(  722): <MCT   ><ERROR> 2759: mct_stream_process_bus_msg: kstate_ptr is 0xe9d5f254, isp_kstate_ptr is 0xeda49000
01-18 15:56:25.770 E/        (    0): frame_src is 1 frame_id is 39223 blackjoe
01-18 15:56:25.764 E/mm-camera(  722): <MCT   ><ERROR> 2765: mct_stream_process_bus_msg: frame_id is 39223
01-18 15:56:25.764 E/QCamera (  722): <MCI><ERROR> mm_stream_data_notify: 337: E, my_handle = 0x7200, fd = 69, state = 6 blackjoe
01-18 15:56:25.765 E/QCamera (  722): <MCI><ERROR> mm_stream_read_msm_frame: 1723: E, my_handle = 0x7200, fd = 69, state = 6 blackjoe
01-18 15:56:25.765 I/QCamera (  722): <MCI><INFO> mm_stream_read_msm_frame: 1770: VIDIOC_DQBUF buf_index 0, frame_idx 39222, stream type 7, rc 0,queued: 17, buf_type = 0 flags = 8192 FD = 69 my_num 0 buf fd 82
01-18 15:56:25.766 E/QCamera (  722): <MCI><ERROR> mm_stream_read_msm_frame: 1790: X rc = 0
01-18 15:56:25.766 I/QCamera (  722): <MCI><INFO> mm_stream_handle_rcvd_buf: 220: E, my_handle = 0x7200, fd = 69, state = 6
01-18 15:56:25.766 I/QCamera (  722): <MCI><INFO> mm_stream_handle_rcvd_buf: 244: has cb and it is active by blackjoe
01-18 15:56:25.766 I/QCamera (  722): <MCI><INFO> mm_stream_dispatch_app_data: 415: E, my_handle = 0x7200, fd = 69, state = 6
01-18 15:56:25.766 I/QCamera (  722): <MCI><INFO> mm_stream_dispatch_app_data: 436: frame_sync.is_active = 0, is_cb_active = 1
01-18 15:56:25.766 I/QCamera (  722): <MCI><INFO> mm_stream_dispatch_app_data: 457: Enter callback by blackjoe
01-18 15:56:25.767 E/QCamera (  722): <HAL><ERROR> handleMetadataWithLock: 4863: Cancel missing frame = 4096, buffer = 0xed88fd70,stream type = 8, stream format = 36
01-18 15:56:25.767 E/QCamera (  722): <HAL><ERROR> handleMetadataWithLock: 4863: Cancel missing frame = 4097, buffer = 0xed898fb0,stream type = 8, stream format = 36
01-18 15:56:25.767 E/QCamera (  722): <MCI><ERROR> cancelBuffer: 884: Calling cancel buf on idx:9 for stream type:8
01-18 15:56:25.767 E/QCamera (  722): <HAL><ERROR> handleMetadataWithLock: 4863: Cancel missing frame = 4098, buffer = 0xed895680,stream type = 8, stream format = 36
01-18 15:56:25.767 E/QCamera (  722): <HAL><ERROR> handleMetadataWithLock: 4863: Cancel missing frame = 4099, buffer = 0xed8949c0,stream type = 8, stream format = 36
01-18 15:56:25.767 E/QCamera (  722): <MCI><ERROR> mm_stream_cancel_buf: 5156: mm_stream_cancel_buf(idx=9) err=-1
01-18 15:56:25.767 E/QCamera (  722): <HAL><ERROR> handleMetadataWithLock: 4863: Cancel missing frame = 4100, buffer = 0xed89bef0,stream type = 8, stream format = 36
01-18 15:56:25.767 E/QCamera (  722): <MCI><ERROR> cancelBuffer: 884: Calling cancel buf on idx:10 for stream type:8
01-18 15:56:25.768 E/QCamera (  722): <MCI><ERROR> mm_stream_cancel_buf: 5125: Error Trying to extract a frame already sent to HAL(idx=10) count=1
01-18 15:56:25.768 E/QCamera (  722): <MCI><ERROR> cancelBuffer: 884: Calling cancel buf on idx:11 for stream type:8
01-18 15:56:25.768 E/QCamera (  722): <MCI><ERROR> mm_stream_cancel_buf: 5125: Error Trying to extract a frame already sent to HAL(idx=11) count=1
01-18 15:56:25.768 E/QCamera (  722): <MCI><ERROR> cancelBuffer: 884: Calling cancel buf on idx:6 for stream type:8
01-18 15:56:25.768 E/QCamera (  722): <MCI><ERROR> mm_stream_cancel_buf: 5125: Error Trying to extract a frame already sent to HAL(idx=6) count=1
01-18 15:56:25.768 E/mm-camera(  722): <STATS_AIS ><ERROR> 1316: dsps_process_response_gyro: Query request denied, error code = 5, QId_valid = 1, QueryId = 0x370a, AckNak_valid = 1, AckNak = 3
01-18 15:56:25.768 E/QCamera (  722): <MCI><ERROR> cancelBuffer: 884: Calling cancel buf on idx:7 for stream type:8
01-18 15:56:25.769 E/QCamera (  722): <MCI><ERROR> mm_stream_cancel_buf: 5125: Error Trying to extract a frame already sent to HAL(idx=7) count=1
01-18 15:56:25.779 E/mm-camera(  722): <SENSOR><ERROR> 4883: sensor_get_frame_duration: resolution is invalid, it seems stream has stopped.
01-18 15:56:25.779 E/mm-camera(  722): <SENSOR><ERROR> 884: sensor_fc_report_meta: Failed to get frame duration
01-18 15:56:25.779 E/mm-camera(  722): <SENSOR><ERROR> 4805: sensor_get_exposure_time: resolution is invalid, it seems stream has stopped.
01-18 15:56:25.780 E/mm-camera(  722): <SENSOR><ERROR> 904: sensor_fc_report_meta: Failed to get exposure time
01-18 15:56:25.781 E/mm-camera(  722): <MCT   ><ERROR> 2722: mct_stream_process_bus_msg: Check the runing function blackjoe 
01-18 15:56:25.781 E/mm-camera(  722): <MCT   ><ERROR> 2755: mct_stream_process_bus_msg: isp_sof_bus_msg is 0xecac0250
01-18 15:56:25.781 E/mm-camera(  722): <MCT   ><ERROR> 2757: mct_stream_process_bus_msg: frameid is 39224 hal_version is 3
01-18 15:56:25.781 E/mm-camera(  722): <MCT   ><ERROR> 2759: mct_stream_process_bus_msg: kstate_ptr is 0xe9d5f254, isp_kstate_ptr is 0xeda49000
01-18 15:56:25.782 E/mm-camera(  722): <MCT   ><ERROR> 2765: mct_stream_process_bus_msg: frame_id is 39224
01-18 15:56:25.782 E/QCamera (  722): <MCI><ERROR> mm_stream_data_notify: 337: E, my_handle = 0x7200, fd = 69, state = 6 blackjoe
01-18 15:56:25.782 E/QCamera (  722): <MCI><ERROR> mm_stream_read_msm_frame: 1723: E, my_handle = 0x7200, fd = 69, state = 6 blackjoe
01-18 15:56:25.783 I/QCamera (  722): <MCI><INFO> mm_stream_read_msm_frame: 1770: VIDIOC_DQBUF buf_index 1, frame_idx 39223, stream type 7, rc 0,queued: 17, buf_type = 0 flags = 8192 FD = 69 my_num 0 buf fd 84
01-18 15:56:25.783 E/QCamera (  722): <MCI><ERROR> mm_stream_read_msm_frame: 1790: X rc = 0
01-18 15:56:25.783 I/QCamera (  722): <MCI><INFO> mm_stream_handle_rcvd_buf: 220: E, my_handle = 0x7200, fd = 69, state = 6
01-18 15:56:25.783 I/QCamera (  722): <MCI><INFO> mm_stream_handle_rcvd_buf: 244: has cb and it is active by blackjoe
01-18 15:56:25.784 I/QCamera (  722): <MCI><INFO> mm_stream_dispatch_app_data: 415: E, my_handle = 0x7200, fd = 69, state = 6
01-18 15:56:25.784 I/QCamera (  722): <MCI><INFO> mm_stream_dispatch_app_data: 436: frame_sync.is_active = 0, is_cb_active = 1
01-18 15:56:25.784 I/QCamera (  722): <MCI><INFO> mm_stream_dispatch_app_data: 457: Enter callback by blackjoe
01-18 15:56:25.784 E/QCamera (  722): <HAL><ERROR> handleMetadataWithLock: 4863: Cancel missing frame = 4096, buffer = 0xed88fd70,stream type = 8, stream format = 36
01-18 15:56:25.785 E/QCamera (  722): <HAL><ERROR> handleMetadataWithLock: 4863: Cancel missing frame = 4097, buffer = 0xed898fb0,stream type = 8, stream format = 36
01-18 15:56:25.785 E/QCamera (  722): <HAL><ERROR> handleMetadataWithLock: 4863: Cancel missing frame = 4098, buffer = 0xed895680,stream type = 8, stream format = 36
01-18 15:56:25.785 E/QCamera (  722): <HAL><ERROR> handleMetadataWithLock: 4863: Cancel missing frame = 4099, buffer = 0xed8949c0,stream type = 8, stream format = 36
01-18 15:56:25.785 E/mm-camera(  722): <STATS_AIS ><ERROR> 1316: dsps_process_response_gyro: Query request denied, error code = 5, QId_valid = 1, QueryId = 0x380a, AckNak_valid = 1, AckNak = 3
01-18 15:56:25.785 E/QCamera (  722): <HAL><ERROR> handleMetadataWithLock: 4863: Cancel missing frame = 4100, buffer = 0xed89bef0,stream type = 8, stream format = 36
01-18 15:56:25.786 E/QCamera (  722): <MCI><ERROR> cancelBuffer: 884: Calling cancel buf on idx:9 for stream type:8
01-18 15:56:25.786 E/QCamera (  722): <MCI><ERROR> mm_stream_cancel_buf: 5156: mm_stream_cancel_buf(idx=9) err=-1
01-18 15:56:25.786 E/QCamera (  722): <MCI><ERROR> cancelBuffer: 884: Calling cancel buf on idx:10 for stream type:8
01-18 15:56:25.786 E/QCamera (  722): <MCI><ERROR> mm_stream_cancel_buf: 5125: Error Trying to extract a frame already sent to HAL(idx=10) count=1
01-18 15:56:25.786 E/        (    0): frame_src is 1 frame_id is 39224 blackjoe
01-18 15:56:25.786 E/QCamera (  722): <MCI><ERROR> cancelBuffer: 884: Calling cancel buf on idx:11 for stream type:8
01-18 15:56:25.787 E/QCamera (  722): <MCI><ERROR> mm_stream_cancel_buf: 5125: Error Trying to extract a frame already sent to HAL(idx=11) count=1
01-18 15:56:25.787 E/QCamera (  722): <MCI><ERROR> cancelBuffer: 884: Calling cancel buf on idx:6 for stream type:8
01-18 15:56:25.787 E/QCamera (  722): <MCI><ERROR> mm_stream_cancel_buf: 5125: Error Trying to extract a frame already sent to HAL(idx=6) count=1
01-18 15:56:25.787 E/QCamera (  722): <MCI><ERROR> cancelBuffer: 884: Calling cancel buf on idx:7 for stream type:8
01-18 15:56:25.787 E/QCamera (  722): <MCI><ERROR> mm_stream_cancel_buf: 5125: Error Trying to extract a frame already sent to HAL(idx=7) count=1
01-18 15:56:25.803 E/        (    0): frame_src is 1 frame_id is 39225 blackjoe
01-18 15:56:25.796 E/mm-camera(  722): <SENSOR><ERROR> 4883: sensor_get_frame_duration: resolution is invalid, it seems stream has stopped.
01-18 15:56:25.796 E/mm-camera(  722): <SENSOR><ERROR> 884: sensor_fc_report_meta: Failed to get frame duration
01-18 15:56:25.796 E/mm-camera(  722): <SENSOR><ERROR> 4805: sensor_get_exposure_time: resolution is invalid, it seems stream has stopped.
01-18 15:56:25.796 E/mm-camera(  722): <SENSOR><ERROR> 904: sensor_fc_report_meta: Failed to get exposure time
01-18 15:56:25.798 E/mm-camera(  722): <MCT   ><ERROR> 2722: mct_stream_process_bus_msg: Check the runing function blackjoe 
01-18 15:56:25.798 E/mm-camera(  722): <MCT   ><ERROR> 2755: mct_stream_process_bus_msg: isp_sof_bus_msg is 0xecac00a0
01-18 15:56:25.798 E/mm-camera(  722): <MCT   ><ERROR> 2757: mct_stream_process_bus_msg: frameid is 39225 hal_version is 3
01-18 15:56:25.798 E/mm-camera(  722): <MCT   ><ERROR> 2759: mct_stream_process_bus_msg: kstate_ptr is 0xe9d5f254, isp_kstate_ptr is 0xeda49000
01-18 15:56:25.798 E/mm-camera(  722): <MCT   ><ERROR> 2765: mct_stream_process_bus_msg: frame_id is 39225
01-18 15:56:25.799 E/QCamera (  722): <MCI><ERROR> mm_stream_data_notify: 337: E, my_handle = 0x7200, fd = 69, state = 6 blackjoe
01-18 15:56:25.799 E/QCamera (  722): <MCI><ERROR> mm_stream_read_msm_frame: 1723: E, my_handle = 0x7200, fd = 69, state = 6 blackjoe
01-18 15:56:25.799 I/QCamera (  722): <MCI><INFO> mm_stream_read_msm_frame: 1770: VIDIOC_DQBUF buf_index 2, frame_idx 39224, stream type 7, rc 0,queued: 17, buf_type = 0 flags = 8192 FD = 69 my_num 0 buf fd 86
01-18 15:56:25.800 E/QCamera (  722): <MCI><ERROR> mm_stream_read_msm_frame: 1790: X rc = 0
01-18 15:56:25.800 I/QCamera (  722): <MCI><INFO> mm_stream_handle_rcvd_buf: 220: E, my_handle = 0x7200, fd = 69, state = 6
01-18 15:56:25.800 I/QCamera (  722): <MCI><INFO> mm_stream_handle_rcvd_buf: 244: has cb and it is active by blackjoe
01-18 15:56:25.800 I/QCamera (  722): <MCI><INFO> mm_stream_dispatch_app_data: 415: E, my_handle = 0x7200, fd = 69, state = 6
01-18 15:56:25.800 I/QCamera (  722): <MCI><INFO> mm_stream_dispatch_app_data: 436: frame_sync.is_active = 0, is_cb_active = 1
01-18 15:56:25.801 I/QCamera (  722): <MCI><INFO> mm_stream_dispatch_app_data: 457: Enter callback by blackjoe
01-18 15:56:25.801 E/QCamera (  722): <HAL><ERROR> handleMetadataWithLock: 4863: Cancel missing frame = 4096, buffer = 0xed88fd70,stream type = 8, stream format = 36
01-18 15:56:25.801 E/QCamera (  722): <HAL><ERROR> handleMetadataWithLock: 4863: Cancel missing frame = 4097, buffer = 0xed898fb0,stream type = 8, stream format = 36
01-18 15:56:25.801 E/QCamera (  722): <MCI><ERROR> cancelBuffer: 884: Calling cancel buf on idx:9 for stream type:8
01-18 15:56:25.801 E/QCamera (  722): <HAL><ERROR> handleMetadataWithLock: 4863: Cancel missing frame = 4098, buffer = 0xed895680,stream type = 8, stream format = 36
01-18 15:56:25.801 E/QCamera (  722): <MCI><ERROR> mm_stream_cancel_buf: 5156: mm_stream_cancel_buf(idx=9) err=-1
01-18 15:56:25.801 E/QCamera (  722): <HAL><ERROR> handleMetadataWithLock: 4863: Cancel missing frame = 4099, buffer = 0xed8949c0,stream type = 8, stream format = 36
01-18 15:56:25.801 E/QCamera (  722): <MCI><ERROR> cancelBuffer: 884: Calling cancel buf on idx:10 for stream type:8
01-18 15:56:25.801 E/QCamera (  722): <HAL><ERROR> handleMetadataWithLock: 4863: Cancel missing frame = 4100, buffer = 0xed89bef0,stream type = 8, stream format = 36
01-18 15:56:25.801 E/mm-camera(  722): <STATS_AIS ><ERROR> 1316: dsps_process_response_gyro: Query request denied, error code = 5, QId_valid = 1, QueryId = 0x390a, AckNak_valid = 1, AckNak = 3
01-18 15:56:25.802 E/QCamera (  722): <MCI><ERROR> mm_stream_cancel_buf: 5125: Error Trying to extract a frame already sent to HAL(idx=10) count=1
01-18 15:56:25.802 E/QCamera (  722): <MCI><ERROR> cancelBuffer: 884: Calling cancel buf on idx:11 for stream type:8
01-18 15:56:25.802 E/QCamera (  722): <MCI><ERROR> mm_stream_cancel_buf: 5125: Error Trying to extract a frame already sent to HAL(idx=11) count=1
01-18 15:56:25.802 E/QCamera (  722): <MCI><ERROR> cancelBuffer: 884: Calling cancel buf on idx:6 for stream type:8
01-18 15:56:25.802 E/QCamera (  722): <MCI><ERROR> mm_stream_cancel_buf: 5125: Error Trying to extract a frame already sent to HAL(idx=6) count=1
01-18 15:56:25.802 E/QCamera (  722): <MCI><ERROR> cancelBuffer: 884: Calling cancel buf on idx:7 for stream type:8
01-18 15:56:25.802 E/QCamera (  722): <MCI><ERROR> mm_stream_cancel_buf: 5125: Error Trying to extract a frame already sent to HAL(idx=7) count=1
01-18 15:56:25.820 E/        (    0): frame_src is 1 frame_id is 39226 blackjoe
01-18 15:56:25.812 E/mm-camera(  722): <SENSOR><ERROR> 4883: sensor_get_frame_duration: resolution is invalid, it seems stream has stopped.
01-18 15:56:25.812 E/mm-camera(  722): <SENSOR><ERROR> 884: sensor_fc_report_meta: Failed to get frame duration
01-18 15:56:25.813 E/mm-camera(  722): <SENSOR><ERROR> 4805: sensor_get_exposure_time: resolution is invalid, it seems stream has stopped.
01-18 15:56:25.813 E/mm-camera(  722): <SENSOR><ERROR> 904: sensor_fc_report_meta: Failed to get exposure time
01-18 15:56:25.814 E/mm-camera(  722): <MCT   ><ERROR> 2722: mct_stream_process_bus_msg: Check the runing function blackjoe 
01-18 15:56:25.814 E/mm-camera(  722): <MCT   ><ERROR> 2755: mct_stream_process_bus_msg: isp_sof_bus_msg is 0xecac1ba0
01-18 15:56:25.814 E/mm-camera(  722): <MCT   ><ERROR> 2757: mct_stream_process_bus_msg: frameid is 39226 hal_version is 3
01-18 15:56:25.815 E/mm-camera(  722): <MCT   ><ERROR> 2759: mct_stream_process_bus_msg: kstate_ptr is 0xe9d5f254, isp_kstate_ptr is 0xeda49000
01-18 15:56:25.815 E/mm-camera(  722): <MCT   ><ERROR> 2765: mct_stream_process_bus_msg: frame_id is 39226
01-18 15:56:25.815 E/QCamera (  722): <MCI><ERROR> mm_stream_data_notify: 337: E, my_handle = 0x7200, fd = 69, state = 6 blackjoe
01-18 15:56:25.816 E/QCamera (  722): <MCI><ERROR> mm_stream_read_msm_frame: 1723: E, my_handle = 0x7200, fd = 69, state = 6 blackjoe
01-18 15:56:25.816 I/QCamera (  722): <MCI><INFO> mm_stream_read_msm_frame: 1770: VIDIOC_DQBUF buf_index 3, frame_idx 39225, stream type 7, rc 0,queued: 17, buf_type = 0 flags = 8192 FD = 69 my_num 0 buf fd 88
01-18 15:56:25.816 E/QCamera (  722): <MCI><ERROR> mm_stream_read_msm_frame: 1790: X rc = 0
01-18 15:56:25.816 I/QCamera (  722): <MCI><INFO> mm_stream_handle_rcvd_buf: 220: E, my_handle = 0x7200, fd = 69, state = 6
01-18 15:56:25.816 I/QCamera (  722): <MCI><INFO> mm_stream_handle_rcvd_buf: 244: has cb and it is active by blackjoe
01-18 15:56:25.817 I/QCamera (  722): <MCI><INFO> mm_stream_dispatch_app_data: 415: E, my_handle = 0x7200, fd = 69, state = 6
01-18 15:56:25.817 I/QCamera (  722): <MCI><INFO> mm_stream_dispatch_app_data: 436: frame_sync.is_active = 0, is_cb_active = 1
01-18 15:56:25.817 I/QCamera (  722): <MCI><INFO> mm_stream_dispatch_app_data: 457: Enter callback by blackjoe
01-18 15:56:25.817 E/QCamera (  722): <HAL><ERROR> handleMetadataWithLock: 4863: Cancel missing frame = 4096, buffer = 0xed88fd70,stream type = 8, stream format = 36
01-18 15:56:25.818 E/QCamera (  722): <HAL><ERROR> handleMetadataWithLock: 4863: Cancel missing frame = 4097, buffer = 0xed898fb0,stream type = 8, stream format = 36
01-18 15:56:25.818 E/QCamera (  722): <MCI><ERROR> cancelBuffer: 884: Calling cancel buf on idx:9 for stream type:8
01-18 15:56:25.818 E/QCamera (  722): <HAL><ERROR> handleMetadataWithLock: 4863: Cancel missing frame = 4098, buffer = 0xed895680,stream type = 8, stream format = 36
01-18 15:56:25.818 E/QCamera (  722): <MCI><ERROR> mm_stream_cancel_buf: 5156: mm_stream_cancel_buf(idx=9) err=-1
01-18 15:56:25.818 E/mm-camera(  722): <STATS_AIS ><ERROR> 1316: dsps_process_response_gyro: Query request denied, error code = 5, QId_valid = 1, QueryId = 0x3a0a, AckNak_valid = 1, AckNak = 3
01-18 15:56:25.818 E/QCamera (  722): <HAL><ERROR> handleMetadataWithLock: 4863: Cancel missing frame = 4099, buffer = 0xed8949c0,stream type = 8, stream format = 36
01-18 15:56:25.818 E/QCamera (  722): <MCI><ERROR> cancelBuffer: 884: Calling cancel buf on idx:10 for stream type:8
01-18 15:56:25.818 E/QCamera (  722): <HAL><ERROR> handleMetadataWithLock: 4863: Cancel missing frame = 4100, buffer = 0xed89bef0,stream type = 8, stream format = 36
01-18 15:56:25.818 E/QCamera (  722): <MCI><ERROR> mm_stream_cancel_buf: 5125: Error Trying to extract a frame already sent to HAL(idx=10) count=1
01-18 15:56:25.818 E/QCamera (  722): <MCI><ERROR> cancelBuffer: 884: Calling cancel buf on idx:11 for stream type:8
01-18 15:56:25.818 E/QCamera (  722): <MCI><ERROR> mm_stream_cancel_buf: 5125: Error Trying to extract a frame already sent to HAL(idx=11) count=1
01-18 15:56:25.819 E/QCamera (  722): <MCI><ERROR> cancelBuffer: 884: Calling cancel buf on idx:6 for stream type:8
01-18 15:56:25.819 E/QCamera (  722): <MCI><ERROR> mm_stream_cancel_buf: 5125: Error Trying to extract a frame already sent to HAL(idx=6) count=1
01-18 15:56:25.819 E/QCamera (  722): <MCI><ERROR> cancelBuffer: 884: Calling cancel buf on idx:7 for stream type:8
01-18 15:56:25.819 E/QCamera (  722): <MCI><ERROR> mm_stream_cancel_buf: 5125: Error Trying to extract a frame already sent to HAL(idx=7) count=1
01-18 15:56:25.837 E/        (    0): frame_src is 1 frame_id is 39227 blackjoe
01-18 15:56:25.829 E/mm-camera(  722): <SENSOR><ERROR> 4883: sensor_get_frame_duration: resolution is invalid, it seems stream has stopped.
01-18 15:56:25.829 E/mm-camera(  722): <SENSOR><ERROR> 884: sensor_fc_report_meta: Failed to get frame duration
01-18 15:56:25.829 E/mm-camera(  722): <SENSOR><ERROR> 4805: sensor_get_exposure_time: resolution is invalid, it seems stream has stopped.
01-18 15:56:25.829 E/mm-camera(  722): <SENSOR><ERROR> 904: sensor_fc_report_meta: Failed to get exposure time
01-18 15:56:25.830 E/mm-camera(  722): <MCT   ><ERROR> 2722: mct_stream_process_bus_msg: Check the runing function blackjoe 
01-18 15:56:25.831 E/mm-camera(  722): <MCT   ><ERROR> 2755: mct_stream_process_bus_msg: isp_sof_bus_msg is 0xecac1f00
01-18 15:56:25.831 E/mm-camera(  722): <MCT   ><ERROR> 2757: mct_stream_process_bus_msg: frameid is 39227 hal_version is 3
01-18 15:56:25.831 E/mm-camera(  722): <MCT   ><ERROR> 2759: mct_stream_process_bus_msg: kstate_ptr is 0xe9d5f254, isp_kstate_ptr is 0xeda49000
01-18 15:56:25.831 E/mm-camera(  722): <MCT   ><ERROR> 2765: mct_stream_process_bus_msg: frame_id is 39227
01-18 15:56:25.832 E/QCamera (  722): <MCI><ERROR> mm_stream_data_notify: 337: E, my_handle = 0x7200, fd = 69, state = 6 blackjoe
01-18 15:56:25.832 E/QCamera (  722): <MCI><ERROR> mm_stream_read_msm_frame: 1723: E, my_handle = 0x7200, fd = 69, state = 6 blackjoe
01-18 15:56:25.832 I/QCamera (  722): <MCI><INFO> mm_stream_read_msm_frame: 1770: VIDIOC_DQBUF buf_index 4, frame_idx 39226, stream type 7, rc 0,queued: 17, buf_type = 0 flags = 8192 FD = 69 my_num 0 buf fd 90
01-18 15:56:25.833 E/QCamera (  722): <MCI><ERROR> mm_stream_read_msm_frame: 1790: X rc = 0
01-18 15:56:25.833 I/QCamera (  722): <MCI><INFO> mm_stream_handle_rcvd_buf: 220: E, my_handle = 0x7200, fd = 69, state = 6
01-18 15:56:25.833 I/QCamera (  722): <MCI><INFO> mm_stream_handle_rcvd_buf: 244: has cb and it is active by blackjoe
01-18 15:56:25.833 I/QCamera (  722): <MCI><INFO> mm_stream_dispatch_app_data: 415: E, my_handle = 0x7200, fd = 69, state = 6
01-18 15:56:25.834 I/QCamera (  722): <MCI><INFO> mm_stream_dispatch_app_data: 436: frame_sync.is_active = 0, is_cb_active = 1
01-18 15:56:25.834 I/QCamera (  722): <MCI><INFO> mm_stream_dispatch_app_data: 457: Enter callback by blackjoe
01-18 15:56:25.834 E/QCamera (  722): <HAL><ERROR> handleMetadataWithLock: 4863: Cancel missing frame = 4096, buffer = 0xed88fd70,stream type = 8, stream format = 36
01-18 15:56:25.835 E/QCamera (  722): <HAL><ERROR> handleMetadataWithLock: 4863: Cancel missing frame = 4097, buffer = 0xed898fb0,stream type = 8, stream format = 36
01-18 15:56:25.835 E/QCamera (  722): <HAL><ERROR> handleMetadataWithLock: 4863: Cancel missing frame = 4098, buffer = 0xed895680,stream type = 8, stream format = 36
01-18 15:56:25.835 E/QCamera (  722): <MCI><ERROR> cancelBuffer: 884: Calling cancel buf on idx:9 for stream type:8
01-18 15:56:25.835 E/mm-camera(  722): <STATS_AIS ><ERROR> 1316: dsps_process_response_gyro: Query request denied, error code = 5, QId_valid = 1, QueryId = 0x3b0a, AckNak_valid = 1, AckNak = 3
01-18 15:56:25.835 E/QCamera (  722): <HAL><ERROR> handleMetadataWithLock: 4863: Cancel missing frame = 4099, buffer = 0xed8949c0,stream type = 8, stream format = 36
01-18 15:56:25.835 E/QCamera (  722): <MCI><ERROR> mm_stream_cancel_buf: 5156: mm_stream_cancel_buf(idx=9) err=-1
01-18 15:56:25.835 E/QCamera (  722): <HAL><ERROR> handleMetadataWithLock: 4863: Cancel missing frame = 4100, buffer = 0xed89bef0,stream type = 8, stream format = 36
01-18 15:56:25.835 E/QCamera (  722): <MCI><ERROR> cancelBuffer: 884: Calling cancel buf on idx:10 for stream type:8
01-18 15:56:25.836 E/QCamera (  722): <MCI><ERROR> mm_stream_cancel_buf: 5125: Error Trying to extract a frame already sent to HAL(idx=10) count=1
01-18 15:56:25.836 E/QCamera (  722): <MCI><ERROR> cancelBuffer: 884: Calling cancel buf on idx:11 for stream type:8
01-18 15:56:25.836 E/QCamera (  722): <MCI><ERROR> mm_stream_cancel_buf: 5125: Error Trying to extract a frame already sent to HAL(idx=11) count=1
01-18 15:56:25.836 E/QCamera (  722): <MCI><ERROR> cancelBuffer: 884: Calling cancel buf on idx:6 for stream type:8
01-18 15:56:25.836 E/QCamera (  722): <MCI><ERROR> mm_stream_cancel_buf: 5125: Error Trying to extract a frame already sent to HAL(idx=6) count=1
01-18 15:56:25.836 E/QCamera (  722): <MCI><ERROR> cancelBuffer: 884: Calling cancel buf on idx:7 for stream type:8
01-18 15:56:25.837 E/QCamera (  722): <MCI><ERROR> mm_stream_cancel_buf: 5125: Error Trying to extract a frame already sent to HAL(idx=7) count=1
01-18 15:56:25.853 E/        (    0): frame_src is 1 frame_id is 39228 blackjoe
01-18 15:56:25.846 E/mm-camera(  722): <SENSOR><ERROR> 4883: sensor_get_frame_duration: resolution is invalid, it seems stream has stopped.
01-18 15:56:25.846 E/mm-camera(  722): <SENSOR><ERROR> 884: sensor_fc_report_meta: Failed to get frame duration
01-18 15:56:25.846 E/mm-camera(  722): <SENSOR><ERROR> 4805: sensor_get_exposure_time: resolution is invalid, it seems stream has stopped.
01-18 15:56:25.846 E/mm-camera(  722): <SENSOR><ERROR> 904: sensor_fc_report_meta: Failed to get exposure time
01-18 15:56:25.848 E/mm-camera(  722): <MCT   ><ERROR> 2722: mct_stream_process_bus_msg: Check the runing function blackjoe 
01-18 15:56:25.848 E/mm-camera(  722): <MCT   ><ERROR> 2755: mct_stream_process_bus_msg: isp_sof_bus_msg is 0xecac1c30
01-18 15:56:25.848 E/mm-camera(  722): <MCT   ><ERROR> 2757: mct_stream_process_bus_msg: frameid is 39228 hal_version is 3
01-18 15:56:25.848 E/mm-camera(  722): <MCT   ><ERROR> 2759: mct_stream_process_bus_msg: kstate_ptr is 0xe9d5f254, isp_kstate_ptr is 0xeda49000
01-18 15:56:25.848 E/mm-camera(  722): <MCT   ><ERROR> 2765: mct_stream_process_bus_msg: frame_id is 39228
01-18 15:56:25.849 E/QCamera (  722): <MCI><ERROR> mm_stream_data_notify: 337: E, my_handle = 0x7200, fd = 69, state = 6 blackjoe
01-18 15:56:25.849 E/QCamera (  722): <MCI><ERROR> mm_stream_read_msm_frame: 1723: E, my_handle = 0x7200, fd = 69, state = 6 blackjoe
01-18 15:56:25.849 I/QCamera (  722): <MCI><INFO> mm_stream_read_msm_frame: 1770: VIDIOC_DQBUF buf_index 5, frame_idx 39227, stream type 7, rc 0,queued: 17, buf_type = 0 flags = 8192 FD = 69 my_num 0 buf fd 92
01-18 15:56:25.849 E/QCamera (  722): <MCI><ERROR> mm_stream_read_msm_frame: 1790: X rc = 0
01-18 15:56:25.850 I/QCamera (  722): <MCI><INFO> mm_stream_handle_rcvd_buf: 220: E, my_handle = 0x7200, fd = 69, state = 6
01-18 15:56:25.850 I/QCamera (  722): <MCI><INFO> mm_stream_handle_rcvd_buf: 244: has cb and it is active by blackjoe
01-18 15:56:25.850 E/mm-camera(  722): <STATS_AIS ><ERROR> 1316: dsps_process_response_gyro: Query request denied, error code = 5, QId_valid = 1, QueryId = 0x3c0a, AckNak_valid = 1, AckNak = 3
01-18 15:56:25.850 I/QCamera (  722): <MCI><INFO> mm_stream_dispatch_app_data: 415: E, my_handle = 0x7200, fd = 69, state = 6
01-18 15:56:25.851 I/QCamera (  722): <MCI><INFO> mm_stream_dispatch_app_data: 436: frame_sync.is_active = 0, is_cb_active = 1
01-18 15:56:25.851 I/QCamera (  722): <MCI><INFO> mm_stream_dispatch_app_data: 457: Enter callback by blackjoe
01-18 15:56:25.851 E/QCamera (  722): <HAL><ERROR> handleMetadataWithLock: 4863: Cancel missing frame = 4096, buffer = 0xed88fd70,stream type = 8, stream format = 36
01-18 15:56:25.852 E/QCamera (  722): <HAL><ERROR> handleMetadataWithLock: 4863: Cancel missing frame = 4097, buffer = 0xed898fb0,stream type = 8, stream format = 36
01-18 15:56:25.852 E/QCamera (  722): <MCI><ERROR> cancelBuffer: 884: Calling cancel buf on idx:9 for stream type:8
01-18 15:56:25.852 E/QCamera (  722): <HAL><ERROR> handleMetadataWithLock: 4863: Cancel missing frame = 4098, buffer = 0xed895680,stream type = 8, stream format = 36
01-18 15:56:25.852 E/QCamera (  722): <MCI><ERROR> mm_stream_cancel_buf: 5156: mm_stream_cancel_buf(idx=9) err=-1
01-18 15:56:25.852 E/QCamera (  722): <HAL><ERROR> handleMetadataWithLock: 4863: Cancel missing frame = 4099, buffer = 0xed8949c0,stream type = 8, stream format = 36
01-18 15:56:25.852 E/QCamera (  722): <MCI><ERROR> cancelBuffer: 884: Calling cancel buf on idx:10 for stream type:8
01-18 15:56:25.852 E/QCamera (  722): <HAL><ERROR> handleMetadataWithLock: 4863: Cancel missing frame = 4100, buffer = 0xed89bef0,stream type = 8, stream format = 36
01-18 15:56:25.852 E/QCamera (  722): <MCI><ERROR> mm_stream_cancel_buf: 5125: Error Trying to extract a frame already sent to HAL(idx=10) count=1
01-18 15:56:25.852 E/QCamera (  722): <MCI><ERROR> cancelBuffer: 884: Calling cancel buf on idx:11 for stream type:8
01-18 15:56:25.853 E/QCamera (  722): <MCI><ERROR> mm_stream_cancel_buf: 5125: Error Trying to extract a frame already sent to HAL(idx=11) count=1
01-18 15:56:25.853 E/QCamera (  722): <MCI><ERROR> cancelBuffer: 884: Calling cancel buf on idx:6 for stream type:8
01-18 15:56:25.853 E/QCamera (  722): <MCI><ERROR> mm_stream_cancel_buf: 5125: Error Trying to extract a frame already sent to HAL(idx=6) count=1
01-18 15:56:25.853 E/QCamera (  722): <MCI><ERROR> cancelBuffer: 884: Calling cancel buf on idx:7 for stream type:8
01-18 15:56:25.853 E/QCamera (  722): <MCI><ERROR> mm_stream_cancel_buf: 5125: Error Trying to extract a frame already sent to HAL(idx=7) count=1
01-18 15:56:25.870 E/        (    0): frame_src is 1 frame_id is 39229 blackjoe
01-18 15:56:25.862 E/mm-camera(  722): <SENSOR><ERROR> 4883: sensor_get_frame_duration: resolution is invalid, it seems stream has stopped.
01-18 15:56:25.863 E/mm-camera(  722): <SENSOR><ERROR> 884: sensor_fc_report_meta: Failed to get frame duration
01-18 15:56:25.863 E/mm-camera(  722): <SENSOR><ERROR> 4805: sensor_get_exposure_time: resolution is invalid, it seems stream has stopped.
01-18 15:56:25.863 E/mm-camera(  722): <SENSOR><ERROR> 904: sensor_fc_report_meta: Failed to get exposure time
01-18 15:56:25.864 E/mm-camera(  722): <MCT   ><ERROR> 2722: mct_stream_process_bus_msg: Check the runing function blackjoe 
01-18 15:56:25.864 E/mm-camera(  722): <MCT   ><ERROR> 2755: mct_stream_process_bus_msg: isp_sof_bus_msg is 0xecac0370
01-18 15:56:25.865 E/mm-camera(  722): <MCT   ><ERROR> 2757: mct_stream_process_bus_msg: frameid is 39229 hal_version is 3
01-18 15:56:25.865 E/mm-camera(  722): <MCT   ><ERROR> 2759: mct_stream_process_bus_msg: kstate_ptr is 0xe9d5f254, isp_kstate_ptr is 0xeda49000
01-18 15:56:25.865 E/mm-camera(  722): <MCT   ><ERROR> 2765: mct_stream_process_bus_msg: frame_id is 39229
01-18 15:56:25.866 E/QCamera (  722): <MCI><ERROR> mm_stream_data_notify: 337: E, my_handle = 0x7200, fd = 69, state = 6 blackjoe
01-18 15:56:25.866 E/QCamera (  722): <MCI><ERROR> mm_stream_read_msm_frame: 1723: E, my_handle = 0x7200, fd = 69, state = 6 blackjoe
01-18 15:56:25.867 I/QCamera (  722): <MCI><INFO> mm_stream_read_msm_frame: 1770: VIDIOC_DQBUF buf_index 6, frame_idx 39228, stream type 7, rc 0,queued: 17, buf_type = 0 flags = 8192 FD = 69 my_num 0 buf fd 94
01-18 15:56:25.867 E/QCamera (  722): <MCI><ERROR> mm_stream_read_msm_frame: 1790: X rc = 0
01-18 15:56:25.867 I/QCamera (  722): <MCI><INFO> mm_stream_handle_rcvd_buf: 220: E, my_handle = 0x7200, fd = 69, state = 6
01-18 15:56:25.867 I/QCamera (  722): <MCI><INFO> mm_stream_handle_rcvd_buf: 244: has cb and it is active by blackjoe
01-18 15:56:25.868 I/QCamera (  722): <MCI><INFO> mm_stream_dispatch_app_data: 415: E, my_handle = 0x7200, fd = 69, state = 6
01-18 15:56:25.868 I/QCamera (  722): <MCI><INFO> mm_stream_dispatch_app_data: 436: frame_sync.is_active = 0, is_cb_active = 1
01-18 15:56:25.868 I/QCamera (  722): <MCI><INFO> mm_stream_dispatch_app_data: 457: Enter callback by blackjoe
01-18 15:56:25.868 E/QCamera (  722): <HAL><ERROR> handleMetadataWithLock: 4863: Cancel missing frame = 4096, buffer = 0xed88fd70,stream type = 8, stream format = 36
01-18 15:56:25.868 E/QCamera (  722): <HAL><ERROR> handleMetadataWithLock: 4863: Cancel missing frame = 4097, buffer = 0xed898fb0,stream type = 8, stream format = 36
01-18 15:56:25.869 E/QCamera (  722): <MCI><ERROR> cancelBuffer: 884: Calling cancel buf on idx:9 for stream type:8
01-18 15:56:25.869 E/QCamera (  722): <HAL><ERROR> handleMetadataWithLock: 4863: Cancel missing frame = 4098, buffer = 0xed895680,stream type = 8, stream format = 36
01-18 15:56:25.869 E/mm-camera(  722): <STATS_AIS ><ERROR> 1316: dsps_process_response_gyro: Query request denied, error code = 5, QId_valid = 1, QueryId = 0x3d0a, AckNak_valid = 1, AckNak = 3
01-18 15:56:25.869 E/QCamera (  722): <HAL><ERROR> handleMetadataWithLock: 4863: Cancel missing frame = 4099, buffer = 0xed8949c0,stream type = 8, stream format = 36
01-18 15:56:25.869 E/QCamera (  722): <MCI><ERROR> mm_stream_cancel_buf: 5156: mm_stream_cancel_buf(idx=9) err=-1
01-18 15:56:25.869 E/QCamera (  722): <HAL><ERROR> handleMetadataWithLock: 4863: Cancel missing frame = 4100, buffer = 0xed89bef0,stream type = 8, stream format = 36
01-18 15:56:25.869 E/QCamera (  722): <MCI><ERROR> cancelBuffer: 884: Calling cancel buf on idx:10 for stream type:8
01-18 15:56:25.869 E/QCamera (  722): <MCI><ERROR> mm_stream_cancel_buf: 5125: Error Trying to extract a frame already sent to HAL(idx=10) count=1
01-18 15:56:25.869 E/QCamera (  722): <MCI><ERROR> cancelBuffer: 884: Calling cancel buf on idx:11 for stream type:8
01-18 15:56:25.869 E/QCamera (  722): <MCI><ERROR> mm_stream_cancel_buf: 5125: Error Trying to extract a frame already sent to HAL(idx=11) count=1
01-18 15:56:25.870 E/QCamera (  722): <MCI><ERROR> cancelBuffer: 884: Calling cancel buf on idx:6 for stream type:8
01-18 15:56:25.870 E/QCamera (  722): <MCI><ERROR> mm_stream_cancel_buf: 5125: Error Trying to extract a frame already sent to HAL(idx=6) count=1
01-18 15:56:25.870 E/QCamera (  722): <MCI><ERROR> cancelBuffer: 884: Calling cancel buf on idx:7 for stream type:8
01-18 15:56:25.870 E/QCamera (  722): <MCI><ERROR> mm_stream_cancel_buf: 5125: Error Trying to extract a frame already sent to HAL(idx=7) count=1
01-18 15:56:25.878 E/mm-camera(  722): <SENSOR><ERROR> 4883: sensor_get_frame_duration: resolution is invalid, it seems stream has stopped.
01-18 15:56:25.878 E/mm-camera(  722): <SENSOR><ERROR> 884: sensor_fc_report_meta: Failed to get frame duration
01-18 15:56:25.879 E/mm-camera(  722): <SENSOR><ERROR> 4805: sensor_get_exposure_time: resolution is invalid, it seems stream has stopped.
01-18 15:56:25.879 E/mm-camera(  722): <SENSOR><ERROR> 904: sensor_fc_report_meta: Failed to get exposure time
01-18 15:56:25.880 E/mm-camera(  722): <MCT   ><ERROR> 2722: mct_stream_process_bus_msg: Check the runing function blackjoe 
01-18 15:56:25.880 E/mm-camera(  722): <MCT   ><ERROR> 2755: mct_stream_process_bus_msg: isp_sof_bus_msg is 0xecac0e20
01-18 15:56:25.880 E/mm-camera(  722): <MCT   ><ERROR> 2757: mct_stream_process_bus_msg: frameid is 39230 hal_version is 3
01-18 15:56:25.881 E/mm-camera(  722): <MCT   ><ERROR> 2759: mct_stream_process_bus_msg: kstate_ptr is 0xe9d5f254, isp_kstate_ptr is 0xeda49000
01-18 15:56:25.881 E/mm-camera(  722): <MCT   ><ERROR> 2765: mct_stream_process_bus_msg: frame_id is 39230
01-18 15:56:25.881 E/QCamera (  722): <MCI><ERROR> mm_stream_data_notify: 337: E, my_handle = 0x7200, fd = 69, state = 6 blackjoe
01-18 15:56:25.881 E/QCamera (  722): <MCI><ERROR> mm_stream_read_msm_frame: 1723: E, my_handle = 0x7200, fd = 69, state = 6 blackjoe
01-18 15:56:25.882 I/QCamera (  722): <MCI><INFO> mm_stream_read_msm_frame: 1770: VIDIOC_DQBUF buf_index 7, frame_idx 39229, stream type 7, rc 0,queued: 17, buf_type = 0 flags = 8192 FD = 69 my_num 0 buf fd 96
01-18 15:56:25.882 E/QCamera (  722): <MCI><ERROR> mm_stream_read_msm_frame: 1790: X rc = 0
01-18 15:56:25.882 I/QCamera (  722): <MCI><INFO> mm_stream_handle_rcvd_buf: 220: E, my_handle = 0x7200, fd = 69, state = 6
01-18 15:56:25.882 I/QCamera (  722): <MCI><INFO> mm_stream_handle_rcvd_buf: 244: has cb and it is active by blackjoe
01-18 15:56:25.883 I/QCamera (  722): <MCI><INFO> mm_stream_dispatch_app_data: 415: E, my_handle = 0x7200, fd = 69, state = 6
01-18 15:56:25.883 I/QCamera (  722): <MCI><INFO> mm_stream_dispatch_app_data: 436: frame_sync.is_active = 0, is_cb_active = 1
01-18 15:56:25.883 I/QCamera (  722): <MCI><INFO> mm_stream_dispatch_app_data: 457: Enter callback by blackjoe
01-18 15:56:25.883 E/QCamera (  722): <HAL><ERROR> handleMetadataWithLock: 4863: Cancel missing frame = 4096, buffer = 0xed88fd70,stream type = 8, stream format = 36
01-18 15:56:25.884 E/QCamera (  722): <HAL><ERROR> handleMetadataWithLock: 4863: Cancel missing frame = 4097, buffer = 0xed898fb0,stream type = 8, stream format = 36
01-18 15:56:25.884 E/QCamera (  722): <HAL><ERROR> handleMetadataWithLock: 4863: Cancel missing frame = 4098, buffer = 0xed895680,stream type = 8, stream format = 36
01-18 15:56:25.886 E/        (    0): frame_src is 1 frame_id is 39230 blackjoe
01-18 15:56:25.884 E/QCamera (  722): <MCI><ERROR> cancelBuffer: 884: Calling cancel buf on idx:9 for stream type:8
01-18 15:56:25.884 E/QCamera (  722): <HAL><ERROR> handleMetadataWithLock: 4863: Cancel missing frame = 4099, buffer = 0xed8949c0,stream type = 8, stream format = 36
01-18 15:56:25.884 E/QCamera (  722): <MCI><ERROR> mm_stream_cancel_buf: 5156: mm_stream_cancel_buf(idx=9) err=-1
