01-18 17:16:59.164 I/QCamera (  722): <MCI><INFO> mm_stream_dispatch_app_data: 415: E, my_handle = 0x7200, fd = 69, state = 6
01-18 17:16:59.164 I/QCamera (  722): <MCI><INFO> mm_stream_dispatch_app_data: 436: frame_sync.is_active = 0, is_cb_active = 1
01-18 17:16:59.164 I/QCamera (  722): <MCI><INFO> mm_stream_dispatch_app_data: 457: Enter callback by blackjoe
01-18 17:16:59.165 E/QCamera (  722): <HAL><ERROR> handleMetadataWithLock: 4863: Cancel missing frame = 4096, buffer = 0xed88fd70,stream type = 8, stream format = 36
01-18 17:16:59.165 E/QCamera (  722): <HAL><ERROR> handleMetadataWithLock: 4863: Cancel missing frame = 4097, buffer = 0xed898fb0,stream type = 8, stream format = 36
01-18 17:16:59.165 E/QCamera (  722): <MCI><ERROR> cancelBuffer: 884: Calling cancel buf on idx:9 for stream type:8
01-18 17:16:59.165 E/QCamera (  722): <HAL><ERROR> handleMetadataWithLock: 4863: Cancel missing frame = 4098, buffer = 0xed895680,stream type = 8, stream format = 36
01-18 17:16:59.166 E/QCamera (  722): <MCI><ERROR> mm_stream_cancel_buf: 5156: mm_stream_cancel_buf(idx=9) err=-1
01-18 17:16:59.166 E/QCamera (  722): <HAL><ERROR> handleMetadataWithLock: 4863: Cancel missing frame = 4099, buffer = 0xed8949c0,stream type = 8, stream format = 36
01-18 17:16:59.166 E/QCamera (  722): <HAL><ERROR> handleMetadataWithLock: 4863: Cancel missing frame = 4100, buffer = 0xed89bef0,stream type = 8, stream format = 36
01-18 17:16:59.166 E/QCamera (  722): <MCI><ERROR> cancelBuffer: 884: Calling cancel buf on idx:10 for stream type:8
01-18 17:16:59.166 E/QCamera (  722): <MCI><ERROR> mm_stream_cancel_buf: 5125: Error Trying to extract a frame already sent to HAL(idx=10) count=1
01-18 17:16:59.166 E/QCamera (  722): <MCI><ERROR> cancelBuffer: 884: Calling cancel buf on idx:11 for stream type:8
01-18 17:16:59.166 E/QCamera (  722): <MCI><ERROR> mm_stream_cancel_buf: 5125: Error Trying to extract a frame already sent to HAL(idx=11) count=1
01-18 17:16:59.166 E/QCamera (  722): <MCI><ERROR> cancelBuffer: 884: Calling cancel buf on idx:6 for stream type:8
01-18 17:16:59.167 E/QCamera (  722): <MCI><ERROR> mm_stream_cancel_buf: 5125: Error Trying to extract a frame already sent to HAL(idx=6) count=1
01-18 17:16:59.167 E/QCamera (  722): <MCI><ERROR> cancelBuffer: 884: Calling cancel buf on idx:7 for stream type:8
01-18 17:16:59.167 E/QCamera (  722): <MCI><ERROR> mm_stream_cancel_buf: 5125: Error Trying to extract a frame already sent to HAL(idx=7) count=1
01-18 17:16:59.168 E/mm-camera(  722): <STATS_AIS ><ERROR> 1316: dsps_process_response_gyro: Query request denied, error code = 5, QId_valid = 1, QueryId = 0x840a, AckNak_valid = 1, AckNak = 3
01-18 17:16:59.177 E/mm-camera(  722): <SENSOR><ERROR> 4883: sensor_get_frame_duration: resolution is invalid, it seems stream has stopped.
01-18 17:16:59.177 E/mm-camera(  722): <SENSOR><ERROR> 884: sensor_fc_report_meta: Failed to get frame duration
01-18 17:16:59.177 E/mm-camera(  722): <SENSOR><ERROR> 4805: sensor_get_exposure_time: resolution is invalid, it seems stream has stopped.
01-18 17:16:59.177 E/mm-camera(  722): <SENSOR><ERROR> 904: sensor_fc_report_meta: Failed to get exposure time
01-18 17:16:59.178 E/mm-camera(  722): <MCT   ><ERROR> 2722: mct_stream_process_bus_msg: Check the runing function blackjoe 
01-18 17:16:59.178 E/mm-camera(  722): <MCT   ><ERROR> 2755: mct_stream_process_bus_msg: isp_sof_bus_msg is 0xecac0a30
01-18 17:16:59.178 E/mm-camera(  722): <MCT   ><ERROR> 2757: mct_stream_process_bus_msg: frameid is 43653 hal_version is 3
01-18 17:16:59.179 E/mm-camera(  722): <MCT   ><ERROR> 2759: mct_stream_process_bus_msg: kstate_ptr is 0xe9d5f254, isp_kstate_ptr is 0xeda49000
01-18 17:16:59.179 E/mm-camera(  722): <MCT   ><ERROR> 2765: mct_stream_process_bus_msg: frame_id is 43653
01-18 17:16:59.179 E/QCamera (  722): <MCI><ERROR> mm_stream_data_notify: 337: E, my_handle = 0x7200, fd = 69, state = 6 blackjoe
01-18 17:16:59.179 E/QCamera (  722): <MCI><ERROR> mm_stream_read_msm_frame: 1723: E, my_handle = 0x7200, fd = 69, state = 6 blackjoe
01-18 17:16:59.180 I/QCamera (  722): <MCI><INFO> mm_stream_read_msm_frame: 1770: VIDIOC_DQBUF buf_index 2, frame_idx 43652, stream type 7, rc 0,queued: 17, buf_type = 0 flags = 8192 FD = 69 my_num 0 buf fd 86
01-18 17:16:59.180 E/QCamera (  722): <MCI><ERROR> mm_stream_read_msm_frame: 1790: X rc = 0
01-18 17:16:59.180 I/QCamera (  722): <MCI><INFO> mm_stream_handle_rcvd_buf: 220: E, my_handle = 0x7200, fd = 69, state = 6
01-18 17:16:59.180 I/QCamera (  722): <MCI><INFO> mm_stream_handle_rcvd_buf: 244: has cb and it is active by blackjoe
01-18 17:16:59.181 I/QCamera (  722): <MCI><INFO> mm_stream_dispatch_app_data: 415: E, my_handle = 0x7200, fd = 69, state = 6
01-18 17:16:59.181 I/QCamera (  722): <MCI><INFO> mm_stream_dispatch_app_data: 436: frame_sync.is_active = 0, is_cb_active = 1
01-18 17:16:59.181 I/QCamera (  722): <MCI><INFO> mm_stream_dispatch_app_data: 457: Enter callback by blackjoe
01-18 17:16:59.181 E/QCamera (  722): <HAL><ERROR> handleMetadataWithLock: 4863: Cancel missing frame = 4096, buffer = 0xed88fd70,stream type = 8, stream format = 36
01-18 17:16:59.182 E/QCamera (  722): <HAL><ERROR> handleMetadataWithLock: 4863: Cancel missing frame = 4097, buffer = 0xed898fb0,stream type = 8, stream format = 36
01-18 17:16:59.182 E/QCamera (  722): <MCI><ERROR> cancelBuffer: 884: Calling cancel buf on idx:9 for stream type:8
01-18 17:16:59.182 E/QCamera (  722): <HAL><ERROR> handleMetadataWithLock: 4863: Cancel missing frame = 4098, buffer = 0xed895680,stream type = 8, stream format = 36
01-18 17:16:59.182 E/QCamera (  722): <MCI><ERROR> mm_stream_cancel_buf: 5156: mm_stream_cancel_buf(idx=9) err=-1
01-18 17:16:59.182 E/QCamera (  722): <HAL><ERROR> handleMetadataWithLock: 4863: Cancel missing frame = 4099, buffer = 0xed8949c0,stream type = 8, stream format = 36
01-18 17:16:59.182 E/QCamera (  722): <MCI><ERROR> cancelBuffer: 884: Calling cancel buf on idx:10 for stream type:8
01-18 17:16:59.182 E/QCamera (  722): <HAL><ERROR> handleMetadataWithLock: 4863: Cancel missing frame = 4100, buffer = 0xed89bef0,stream type = 8, stream format = 36
01-18 17:16:59.182 E/QCamera (  722): <MCI><ERROR> mm_stream_cancel_buf: 5125: Error Trying to extract a frame already sent to HAL(idx=10) count=1
01-18 17:16:59.182 E/QCamera (  722): <MCI><ERROR> cancelBuffer: 884: Calling cancel buf on idx:11 for stream type:8
01-18 17:16:59.182 E/QCamera (  722): <MCI><ERROR> mm_stream_cancel_buf: 5125: Error Trying to extract a frame already sent to HAL(idx=11) count=1
01-18 17:16:59.182 E/mm-camera(  722): <STATS_AIS ><ERROR> 1316: dsps_process_response_gyro: Query request denied, error code = 5, QId_valid = 1, QueryId = 0x850a, AckNak_valid = 1, AckNak = 3
01-18 17:16:59.183 E/QCamera (  722): <MCI><ERROR> cancelBuffer: 884: Calling cancel buf on idx:6 for stream type:8
01-18 17:16:59.183 E/QCamera (  722): <MCI><ERROR> mm_stream_cancel_buf: 5125: Error Trying to extract a frame already sent to HAL(idx=6) count=1
01-18 17:16:59.183 E/QCamera (  722): <MCI><ERROR> cancelBuffer: 884: Calling cancel buf on idx:7 for stream type:8
01-18 17:16:59.183 E/QCamera (  722): <MCI><ERROR> mm_stream_cancel_buf: 5125: Error Trying to extract a frame already sent to HAL(idx=7) count=1
01-18 17:16:59.185 E/        (    0): frame_src is 1 frame_id is 43653 blackjoe
01-18 17:16:59.230 E/mm-camera(  722): <SENSOR><ERROR> 4883: sensor_get_frame_duration: resolution is invalid, it seems stream has stopped.
01-18 17:16:59.230 E/mm-camera(  722): <SENSOR><ERROR> 884: sensor_fc_report_meta: Failed to get frame duration
01-18 17:16:59.230 E/mm-camera(  722): <SENSOR><ERROR> 4805: sensor_get_exposure_time: resolution is invalid, it seems stream has stopped.
01-18 17:16:59.230 E/mm-camera(  722): <SENSOR><ERROR> 904: sensor_fc_report_meta: Failed to get exposure time
01-18 17:16:59.231 E/mm-camera(  722): <MCT   ><ERROR> 2722: mct_stream_process_bus_msg: Check the runing function blackjoe 
01-18 17:16:59.232 E/mm-camera(  722): <MCT   ><ERROR> 2755: mct_stream_process_bus_msg: isp_sof_bus_msg is 0xecac0a30
01-18 17:16:59.232 E/mm-camera(  722): <MCT   ><ERROR> 2757: mct_stream_process_bus_msg: frameid is 43654 hal_version is 3
01-18 17:16:59.232 E/mm-camera(  722): <MCT   ><ERROR> 2759: mct_stream_process_bus_msg: kstate_ptr is 0xe9d5f254, isp_kstate_ptr is 0xeda49000
01-18 17:16:59.232 E/mm-camera(  722): <MCT   ><ERROR> 2765: mct_stream_process_bus_msg: frame_id is 43654
01-18 17:16:59.232 E/QCamera (  722): <MCI><ERROR> mm_stream_data_notify: 337: E, my_handle = 0x7200, fd = 69, state = 6 blackjoe
01-18 17:16:59.232 E/QCamera (  722): <MCI><ERROR> mm_stream_read_msm_frame: 1723: E, my_handle = 0x7200, fd = 69, state = 6 blackjoe
01-18 17:16:59.233 I/QCamera (  722): <MCI><INFO> mm_stream_read_msm_frame: 1770: VIDIOC_DQBUF buf_index 3, frame_idx 43653, stream type 7, rc 0,queued: 17, buf_type = 0 flags = 8192 FD = 69 my_num 0 buf fd 88
01-18 17:16:59.233 E/QCamera (  722): <MCI><ERROR> mm_stream_read_msm_frame: 1790: X rc = 0
01-18 17:16:59.233 I/QCamera (  722): <MCI><INFO> mm_stream_handle_rcvd_buf: 220: E, my_handle = 0x7200, fd = 69, state = 6
01-18 17:16:59.238 E/        (    0): frame_src is 1 frame_id is 43654 blackjoe
01-18 17:16:59.233 I/QCamera (  722): <MCI><INFO> mm_stream_handle_rcvd_buf: 244: has cb and it is active by blackjoe
01-18 17:16:59.235 I/QCamera (  722): <MCI><INFO> mm_stream_dispatch_app_data: 415: E, my_handle = 0x7200, fd = 69, state = 6
01-18 17:16:59.235 I/QCamera (  722): <MCI><INFO> mm_stream_dispatch_app_data: 436: frame_sync.is_active = 0, is_cb_active = 1
01-18 17:16:59.235 I/QCamera (  722): <MCI><INFO> mm_stream_dispatch_app_data: 457: Enter callback by blackjoe
01-18 17:16:59.235 E/QCamera (  722): <HAL><ERROR> handleMetadataWithLock: 4863: Cancel missing frame = 4096, buffer = 0xed88fd70,stream type = 8, stream format = 36
01-18 17:16:59.236 E/QCamera (  722): <HAL><ERROR> handleMetadataWithLock: 4863: Cancel missing frame = 4097, buffer = 0xed898fb0,stream type = 8, stream format = 36
01-18 17:16:59.236 E/QCamera (  722): <HAL><ERROR> handleMetadataWithLock: 4863: Cancel missing frame = 4098, buffer = 0xed895680,stream type = 8, stream format = 36
01-18 17:16:59.236 E/QCamera (  722): <HAL><ERROR> handleMetadataWithLock: 4863: Cancel missing frame = 4099, buffer = 0xed8949c0,stream type = 8, stream format = 36
01-18 17:16:59.236 E/QCamera (  722): <HAL><ERROR> handleMetadataWithLock: 4863: Cancel missing frame = 4100, buffer = 0xed89bef0,stream type = 8, stream format = 36
01-18 17:16:59.236 E/QCamera (  722): <MCI><ERROR> cancelBuffer: 884: Calling cancel buf on idx:9 for stream type:8
01-18 17:16:59.237 E/QCamera (  722): <MCI><ERROR> mm_stream_cancel_buf: 5156: mm_stream_cancel_buf(idx=9) err=-1
01-18 17:16:59.237 E/QCamera (  722): <MCI><ERROR> cancelBuffer: 884: Calling cancel buf on idx:10 for stream type:8
01-18 17:16:59.237 E/QCamera (  722): <MCI><ERROR> mm_stream_cancel_buf: 5125: Error Trying to extract a frame already sent to HAL(idx=10) count=1
01-18 17:16:59.237 E/QCamera (  722): <MCI><ERROR> cancelBuffer: 884: Calling cancel buf on idx:11 for stream type:8
01-18 17:16:59.237 E/QCamera (  722): <MCI><ERROR> mm_stream_cancel_buf: 5125: Error Trying to extract a frame already sent to HAL(idx=11) count=1
01-18 17:16:59.237 E/QCamera (  722): <MCI><ERROR> cancelBuffer: 884: Calling cancel buf on idx:6 for stream type:8
01-18 17:16:59.238 E/QCamera (  722): <MCI><ERROR> mm_stream_cancel_buf: 5125: Error Trying to extract a frame already sent to HAL(idx=6) count=1
01-18 17:16:59.238 E/QCamera (  722): <MCI><ERROR> cancelBuffer: 884: Calling cancel buf on idx:7 for stream type:8
01-18 17:16:59.238 E/QCamera (  722): <MCI><ERROR> mm_stream_cancel_buf: 5125: Error Trying to extract a frame already sent to HAL(idx=7) count=1
01-18 17:16:59.238 E/mm-camera(  722): <STATS_AIS ><ERROR> 1316: dsps_process_response_gyro: Query request denied, error code = 5, QId_valid = 1, QueryId = 0x860a, AckNak_valid = 1, AckNak = 3
01-18 17:16:59.246 E/mm-camera(  722): <SENSOR><ERROR> 4883: sensor_get_frame_duration: resolution is invalid, it seems stream has stopped.
01-18 17:16:59.247 E/mm-camera(  722): <SENSOR><ERROR> 884: sensor_fc_report_meta: Failed to get frame duration
01-18 17:16:59.247 E/mm-camera(  722): <SENSOR><ERROR> 4805: sensor_get_exposure_time: resolution is invalid, it seems stream has stopped.
01-18 17:16:59.247 E/mm-camera(  722): <SENSOR><ERROR> 904: sensor_fc_report_meta: Failed to get exposure time
01-18 17:16:59.248 E/mm-camera(  722): <MCT   ><ERROR> 2722: mct_stream_process_bus_msg: Check the runing function blackjoe 
01-18 17:16:59.248 E/mm-camera(  722): <MCT   ><ERROR> 2755: mct_stream_process_bus_msg: isp_sof_bus_msg is 0xecac0a30
01-18 17:16:59.248 E/mm-camera(  722): <MCT   ><ERROR> 2757: mct_stream_process_bus_msg: frameid is 43655 hal_version is 3
01-18 17:16:59.248 E/mm-camera(  722): <MCT   ><ERROR> 2759: mct_stream_process_bus_msg: kstate_ptr is 0xe9d5f254, isp_kstate_ptr is 0xeda49000
01-18 17:16:59.248 E/mm-camera(  722): <MCT   ><ERROR> 2765: mct_stream_process_bus_msg: frame_id is 43655
01-18 17:16:59.249 E/QCamera (  722): <MCI><ERROR> mm_stream_data_notify: 337: E, my_handle = 0x7200, fd = 69, state = 6 blackjoe
01-18 17:16:59.249 E/QCamera (  722): <MCI><ERROR> mm_stream_read_msm_frame: 1723: E, my_handle = 0x7200, fd = 69, state = 6 blackjoe
01-18 17:16:59.249 I/QCamera (  722): <MCI><INFO> mm_stream_read_msm_frame: 1770: VIDIOC_DQBUF buf_index 4, frame_idx 43654, stream type 7, rc 0,queued: 17, buf_type = 0 flags = 8192 FD = 69 my_num 0 buf fd 90
01-18 17:16:59.249 E/QCamera (  722): <MCI><ERROR> mm_stream_read_msm_frame: 1790: X rc = 0
01-18 17:16:59.250 I/QCamera (  722): <MCI><INFO> mm_stream_handle_rcvd_buf: 220: E, my_handle = 0x7200, fd = 69, state = 6
01-18 17:16:59.250 I/QCamera (  722): <MCI><INFO> mm_stream_handle_rcvd_buf: 244: has cb and it is active by blackjoe
01-18 17:16:59.250 I/QCamera (  722): <MCI><INFO> mm_stream_dispatch_app_data: 415: E, my_handle = 0x7200, fd = 69, state = 6
01-18 17:16:59.250 I/QCamera (  722): <MCI><INFO> mm_stream_dispatch_app_data: 436: frame_sync.is_active = 0, is_cb_active = 1
01-18 17:16:59.250 I/QCamera (  722): <MCI><INFO> mm_stream_dispatch_app_data: 457: Enter callback by blackjoe
01-18 17:16:59.251 E/QCamera (  722): <HAL><ERROR> handleMetadataWithLock: 4863: Cancel missing frame = 4096, buffer = 0xed88fd70,stream type = 8, stream format = 36
01-18 17:16:59.251 E/QCamera (  722): <HAL><ERROR> handleMetadataWithLock: 4863: Cancel missing frame = 4097, buffer = 0xed898fb0,stream type = 8, stream format = 36
01-18 17:16:59.251 E/QCamera (  722): <HAL><ERROR> handleMetadataWithLock: 4863: Cancel missing frame = 4098, buffer = 0xed895680,stream type = 8, stream format = 36
01-18 17:16:59.251 E/QCamera (  722): <HAL><ERROR> handleMetadataWithLock: 4863: Cancel missing frame = 4099, buffer = 0xed8949c0,stream type = 8, stream format = 36
01-18 17:16:59.251 E/QCamera (  722): <MCI><ERROR> cancelBuffer: 884: Calling cancel buf on idx:9 for stream type:8
01-18 17:16:59.251 E/QCamera (  722): <HAL><ERROR> handleMetadataWithLock: 4863: Cancel missing frame = 4100, buffer = 0xed89bef0,stream type = 8, stream format = 36
01-18 17:16:59.252 E/QCamera (  722): <MCI><ERROR> mm_stream_cancel_buf: 5156: mm_stream_cancel_buf(idx=9) err=-1
01-18 17:16:59.252 E/QCamera (  722): <MCI><ERROR> cancelBuffer: 884: Calling cancel buf on idx:10 for stream type:8
01-18 17:16:59.252 E/QCamera (  722): <MCI><ERROR> mm_stream_cancel_buf: 5125: Error Trying to extract a frame already sent to HAL(idx=10) count=1
01-18 17:16:59.252 E/QCamera (  722): <MCI><ERROR> cancelBuffer: 884: Calling cancel buf on idx:11 for stream type:8
01-18 17:16:59.252 E/QCamera (  722): <MCI><ERROR> mm_stream_cancel_buf: 5125: Error Trying to extract a frame already sent to HAL(idx=11) count=1
01-18 17:16:59.252 E/QCamera (  722): <MCI><ERROR> cancelBuffer: 884: Calling cancel buf on idx:6 for stream type:8
01-18 17:16:59.252 E/QCamera (  722): <MCI><ERROR> mm_stream_cancel_buf: 5125: Error Trying to extract a frame already sent to HAL(idx=6) count=1
01-18 17:16:59.253 E/QCamera (  722): <MCI><ERROR> cancelBuffer: 884: Calling cancel buf on idx:7 for stream type:8
01-18 17:16:59.253 E/QCamera (  722): <MCI><ERROR> mm_stream_cancel_buf: 5125: Error Trying to extract a frame already sent to HAL(idx=7) count=1
01-18 17:16:59.254 E/mm-camera(  722): <STATS_AIS ><ERROR> 1316: dsps_process_response_gyro: Query request denied, error code = 5, QId_valid = 1, QueryId = 0x870a, AckNak_valid = 1, AckNak = 3
01-18 17:16:59.254 E/        (    0): frame_src is 1 frame_id is 43655 blackjoe
01-18 17:16:59.271 E/        (    0): frame_src is 1 frame_id is 43656 blackjoe
01-18 17:16:59.263 E/mm-camera(  722): <SENSOR><ERROR> 4883: sensor_get_frame_duration: resolution is invalid, it seems stream has stopped.
01-18 17:16:59.263 E/mm-camera(  722): <SENSOR><ERROR> 884: sensor_fc_report_meta: Failed to get frame duration
01-18 17:16:59.263 E/mm-camera(  722): <SENSOR><ERROR> 4805: sensor_get_exposure_time: resolution is invalid, it seems stream has stopped.
01-18 17:16:59.264 E/mm-camera(  722): <SENSOR><ERROR> 904: sensor_fc_report_meta: Failed to get exposure time
01-18 17:16:59.265 E/mm-camera(  722): <MCT   ><ERROR> 2722: mct_stream_process_bus_msg: Check the runing function blackjoe 
01-18 17:16:59.265 E/mm-camera(  722): <MCT   ><ERROR> 2755: mct_stream_process_bus_msg: isp_sof_bus_msg is 0xecac0a30
01-18 17:16:59.265 E/mm-camera(  722): <MCT   ><ERROR> 2757: mct_stream_process_bus_msg: frameid is 43656 hal_version is 3
01-18 17:16:59.265 E/mm-camera(  722): <MCT   ><ERROR> 2759: mct_stream_process_bus_msg: kstate_ptr is 0xe9d5f254, isp_kstate_ptr is 0xeda49000
01-18 17:16:59.265 E/mm-camera(  722): <MCT   ><ERROR> 2765: mct_stream_process_bus_msg: frame_id is 43656
01-18 17:16:59.266 E/QCamera (  722): <MCI><ERROR> mm_stream_data_notify: 337: E, my_handle = 0x7200, fd = 69, state = 6 blackjoe
01-18 17:16:59.266 E/QCamera (  722): <MCI><ERROR> mm_stream_read_msm_frame: 1723: E, my_handle = 0x7200, fd = 69, state = 6 blackjoe
01-18 17:16:59.266 I/QCamera (  722): <MCI><INFO> mm_stream_read_msm_frame: 1770: VIDIOC_DQBUF buf_index 5, frame_idx 43655, stream type 7, rc 0,queued: 17, buf_type = 0 flags = 8192 FD = 69 my_num 0 buf fd 92
01-18 17:16:59.267 E/QCamera (  722): <MCI><ERROR> mm_stream_read_msm_frame: 1790: X rc = 0
01-18 17:16:59.267 I/QCamera (  722): <MCI><INFO> mm_stream_handle_rcvd_buf: 220: E, my_handle = 0x7200, fd = 69, state = 6
01-18 17:16:59.267 I/QCamera (  722): <MCI><INFO> mm_stream_handle_rcvd_buf: 244: has cb and it is active by blackjoe
01-18 17:16:59.267 I/QCamera (  722): <MCI><INFO> mm_stream_dispatch_app_data: 415: E, my_handle = 0x7200, fd = 69, state = 6
01-18 17:16:59.267 I/QCamera (  722): <MCI><INFO> mm_stream_dispatch_app_data: 436: frame_sync.is_active = 0, is_cb_active = 1
01-18 17:16:59.267 I/QCamera (  722): <MCI><INFO> mm_stream_dispatch_app_data: 457: Enter callback by blackjoe
01-18 17:16:59.268 E/QCamera (  722): <HAL><ERROR> handleMetadataWithLock: 4863: Cancel missing frame = 4096, buffer = 0xed88fd70,stream type = 8, stream format = 36
01-18 17:16:59.268 E/QCamera (  722): <HAL><ERROR> handleMetadataWithLock: 4863: Cancel missing frame = 4097, buffer = 0xed898fb0,stream type = 8, stream format = 36
01-18 17:16:59.268 E/QCamera (  722): <MCI><ERROR> cancelBuffer: 884: Calling cancel buf on idx:9 for stream type:8
01-18 17:16:59.268 E/QCamera (  722): <HAL><ERROR> handleMetadataWithLock: 4863: Cancel missing frame = 4098, buffer = 0xed895680,stream type = 8, stream format = 36
01-18 17:16:59.268 E/QCamera (  722): <MCI><ERROR> mm_stream_cancel_buf: 5156: mm_stream_cancel_buf(idx=9) err=-1
01-18 17:16:59.268 E/QCamera (  722): <HAL><ERROR> handleMetadataWithLock: 4863: Cancel missing frame = 4099, buffer = 0xed8949c0,stream type = 8, stream format = 36
01-18 17:16:59.268 E/QCamera (  722): <MCI><ERROR> cancelBuffer: 884: Calling cancel buf on idx:10 for stream type:8
01-18 17:16:59.268 E/QCamera (  722): <HAL><ERROR> handleMetadataWithLock: 4863: Cancel missing frame = 4100, buffer = 0xed89bef0,stream type = 8, stream format = 36
01-18 17:16:59.268 E/QCamera (  722): <MCI><ERROR> mm_stream_cancel_buf: 5125: Error Trying to extract a frame already sent to HAL(idx=10) count=1
01-18 17:16:59.269 E/QCamera (  722): <MCI><ERROR> cancelBuffer: 884: Calling cancel buf on idx:11 for stream type:8
01-18 17:16:59.269 E/QCamera (  722): <MCI><ERROR> mm_stream_cancel_buf: 5125: Error Trying to extract a frame already sent to HAL(idx=11) count=1
01-18 17:16:59.269 E/QCamera (  722): <MCI><ERROR> cancelBuffer: 884: Calling cancel buf on idx:6 for stream type:8
01-18 17:16:59.270 E/mm-camera(  722): <STATS_AIS ><ERROR> 1316: dsps_process_response_gyro: Query request denied, error code = 5, QId_valid = 1, QueryId = 0x880a, AckNak_valid = 1, AckNak = 3
01-18 17:16:59.270 E/QCamera (  722): <MCI><ERROR> mm_stream_cancel_buf: 5125: Error Trying to extract a frame already sent to HAL(idx=6) count=1
01-18 17:16:59.270 E/QCamera (  722): <MCI><ERROR> cancelBuffer: 884: Calling cancel buf on idx:7 for stream type:8
01-18 17:16:59.270 E/QCamera (  722): <MCI><ERROR> mm_stream_cancel_buf: 5125: Error Trying to extract a frame already sent to HAL(idx=7) count=1
01-18 17:16:59.280 E/mm-camera(  722): <SENSOR><ERROR> 4883: sensor_get_frame_duration: resolution is invalid, it seems stream has stopped.
01-18 17:16:59.280 E/mm-camera(  722): <SENSOR><ERROR> 884: sensor_fc_report_meta: Failed to get frame duration
01-18 17:16:59.280 E/mm-camera(  722): <SENSOR><ERROR> 4805: sensor_get_exposure_time: resolution is invalid, it seems stream has stopped.
01-18 17:16:59.280 E/mm-camera(  722): <SENSOR><ERROR> 904: sensor_fc_report_meta: Failed to get exposure time
01-18 17:16:59.281 E/mm-camera(  722): <MCT   ><ERROR> 2722: mct_stream_process_bus_msg: Check the runing function blackjoe 
01-18 17:16:59.281 E/mm-camera(  722): <MCT   ><ERROR> 2755: mct_stream_process_bus_msg: isp_sof_bus_msg is 0xecac0a30
01-18 17:16:59.281 E/mm-camera(  722): <MCT   ><ERROR> 2757: mct_stream_process_bus_msg: frameid is 43657 hal_version is 3
01-18 17:16:59.282 E/mm-camera(  722): <MCT   ><ERROR> 2759: mct_stream_process_bus_msg: kstate_ptr is 0xe9d5f254, isp_kstate_ptr is 0xeda49000
01-18 17:16:59.282 E/mm-camera(  722): <MCT   ><ERROR> 2765: mct_stream_process_bus_msg: frame_id is 43657
01-18 17:16:59.282 E/QCamera (  722): <MCI><ERROR> mm_stream_data_notify: 337: E, my_handle = 0x7200, fd = 69, state = 6 blackjoe
01-18 17:16:59.282 E/QCamera (  722): <MCI><ERROR> mm_stream_read_msm_frame: 1723: E, my_handle = 0x7200, fd = 69, state = 6 blackjoe
01-18 17:16:59.283 I/QCamera (  722): <MCI><INFO> mm_stream_read_msm_frame: 1770: VIDIOC_DQBUF buf_index 6, frame_idx 43656, stream type 7, rc 0,queued: 17, buf_type = 0 flags = 8192 FD = 69 my_num 0 buf fd 94
01-18 17:16:59.288 E/        (    0): frame_src is 1 frame_id is 43657 blackjoe
01-18 17:16:59.283 E/QCamera (  722): <MCI><ERROR> mm_stream_read_msm_frame: 1790: X rc = 0
01-18 17:16:59.283 I/QCamera (  722): <MCI><INFO> mm_stream_handle_rcvd_buf: 220: E, my_handle = 0x7200, fd = 69, state = 6
01-18 17:16:59.283 I/QCamera (  722): <MCI><INFO> mm_stream_handle_rcvd_buf: 244: has cb and it is active by blackjoe
01-18 17:16:59.284 I/QCamera (  722): <MCI><INFO> mm_stream_dispatch_app_data: 415: E, my_handle = 0x7200, fd = 69, state = 6
01-18 17:16:59.284 I/QCamera (  722): <MCI><INFO> mm_stream_dispatch_app_data: 436: frame_sync.is_active = 0, is_cb_active = 1
01-18 17:16:59.284 I/QCamera (  722): <MCI><INFO> mm_stream_dispatch_app_data: 457: Enter callback by blackjoe
01-18 17:16:59.284 E/QCamera (  722): <HAL><ERROR> handleMetadataWithLock: 4863: Cancel missing frame = 4096, buffer = 0xed88fd70,stream type = 8, stream format = 36
01-18 17:16:59.284 E/QCamera (  722): <HAL><ERROR> handleMetadataWithLock: 4863: Cancel missing frame = 4097, buffer = 0xed898fb0,stream type = 8, stream format = 36
01-18 17:16:59.284 E/QCamera (  722): <MCI><ERROR> cancelBuffer: 884: Calling cancel buf on idx:9 for stream type:8
01-18 17:16:59.284 E/QCamera (  722): <HAL><ERROR> handleMetadataWithLock: 4863: Cancel missing frame = 4098, buffer = 0xed895680,stream type = 8, stream format = 36
01-18 17:16:59.285 E/QCamera (  722): <MCI><ERROR> mm_stream_cancel_buf: 5156: mm_stream_cancel_buf(idx=9) err=-1
01-18 17:16:59.285 E/QCamera (  722): <HAL><ERROR> handleMetadataWithLock: 4863: Cancel missing frame = 4099, buffer = 0xed8949c0,stream type = 8, stream format = 36
01-18 17:16:59.285 E/QCamera (  722): <MCI><ERROR> cancelBuffer: 884: Calling cancel buf on idx:10 for stream type:8
01-18 17:16:59.285 E/QCamera (  722): <HAL><ERROR> handleMetadataWithLock: 4863: Cancel missing frame = 4100, buffer = 0xed89bef0,stream type = 8, stream format = 36
01-18 17:16:59.285 E/QCamera (  722): <MCI><ERROR> mm_stream_cancel_buf: 5125: Error Trying to extract a frame already sent to HAL(idx=10) count=1
01-18 17:16:59.285 E/QCamera (  722): <MCI><ERROR> cancelBuffer: 884: Calling cancel buf on idx:11 for stream type:8
01-18 17:16:59.285 E/QCamera (  722): <MCI><ERROR> mm_stream_cancel_buf: 5125: Error Trying to extract a frame already sent to HAL(idx=11) count=1
01-18 17:16:59.285 E/QCamera (  722): <MCI><ERROR> cancelBuffer: 884: Calling cancel buf on idx:6 for stream type:8
01-18 17:16:59.286 E/QCamera (  722): <MCI><ERROR> mm_stream_cancel_buf: 5125: Error Trying to extract a frame already sent to HAL(idx=6) count=1
01-18 17:16:59.286 E/QCamera (  722): <MCI><ERROR> cancelBuffer: 884: Calling cancel buf on idx:7 for stream type:8
01-18 17:16:59.286 E/QCamera (  722): <MCI><ERROR> mm_stream_cancel_buf: 5125: Error Trying to extract a frame already sent to HAL(idx=7) count=1
01-18 17:16:59.286 E/mm-camera(  722): <STATS_AIS ><ERROR> 1316: dsps_process_response_gyro: Query request denied, error code = 5, QId_valid = 1, QueryId = 0x890a, AckNak_valid = 1, AckNak = 3
01-18 17:16:59.296 E/mm-camera(  722): <SENSOR><ERROR> 4883: sensor_get_frame_duration: resolution is invalid, it seems stream has stopped.
01-18 17:16:59.297 E/mm-camera(  722): <SENSOR><ERROR> 884: sensor_fc_report_meta: Failed to get frame duration
01-18 17:16:59.297 E/mm-camera(  722): <SENSOR><ERROR> 4805: sensor_get_exposure_time: resolution is invalid, it seems stream has stopped.
01-18 17:16:59.297 E/mm-camera(  722): <SENSOR><ERROR> 904: sensor_fc_report_meta: Failed to get exposure time
01-18 17:16:59.298 E/mm-camera(  722): <MCT   ><ERROR> 2722: mct_stream_process_bus_msg: Check the runing function blackjoe 
01-18 17:16:59.298 E/mm-camera(  722): <MCT   ><ERROR> 2755: mct_stream_process_bus_msg: isp_sof_bus_msg is 0xecac0a30
01-18 17:16:59.298 E/mm-camera(  722): <MCT   ><ERROR> 2757: mct_stream_process_bus_msg: frameid is 43658 hal_version is 3
01-18 17:16:59.298 E/mm-camera(  722): <MCT   ><ERROR> 2759: mct_stream_process_bus_msg: kstate_ptr is 0xe9d5f254, isp_kstate_ptr is 0xeda49000
01-18 17:16:59.298 E/mm-camera(  722): <MCT   ><ERROR> 2765: mct_stream_process_bus_msg: frame_id is 43658
01-18 17:16:59.299 E/QCamera (  722): <MCI><ERROR> mm_stream_data_notify: 337: E, my_handle = 0x7200, fd = 69, state = 6 blackjoe
01-18 17:16:59.299 E/QCamera (  722): <MCI><ERROR> mm_stream_read_msm_frame: 1723: E, my_handle = 0x7200, fd = 69, state = 6 blackjoe
01-18 17:16:59.299 I/QCamera (  722): <MCI><INFO> mm_stream_read_msm_frame: 1770: VIDIOC_DQBUF buf_index 7, frame_idx 43657, stream type 7, rc 0,queued: 17, buf_type = 0 flags = 8192 FD = 69 my_num 0 buf fd 96
01-18 17:16:59.300 E/QCamera (  722): <MCI><ERROR> mm_stream_read_msm_frame: 1790: X rc = 0
01-18 17:16:59.300 I/QCamera (  722): <MCI><INFO> mm_stream_handle_rcvd_buf: 220: E, my_handle = 0x7200, fd = 69, state = 6
01-18 17:16:59.300 I/QCamera (  722): <MCI><INFO> mm_stream_handle_rcvd_buf: 244: has cb and it is active by blackjoe
01-18 17:16:59.300 I/QCamera (  722): <MCI><INFO> mm_stream_dispatch_app_data: 415: E, my_handle = 0x7200, fd = 69, state = 6
01-18 17:16:59.300 I/QCamera (  722): <MCI><INFO> mm_stream_dispatch_app_data: 436: frame_sync.is_active = 0, is_cb_active = 1
01-18 17:16:59.300 I/QCamera (  722): <MCI><INFO> mm_stream_dispatch_app_data: 457: Enter callback by blackjoe
01-18 17:16:59.301 E/QCamera (  722): <HAL><ERROR> handleMetadataWithLock: 4863: Cancel missing frame = 4096, buffer = 0xed88fd70,stream type = 8, stream format = 36
01-18 17:16:59.301 E/QCamera (  722): <HAL><ERROR> handleMetadataWithLock: 4863: Cancel missing frame = 4097, buffer = 0xed898fb0,stream type = 8, stream format = 36
01-18 17:16:59.301 E/QCamera (  722): <MCI><ERROR> cancelBuffer: 884: Calling cancel buf on idx:9 for stream type:8
01-18 17:16:59.301 E/QCamera (  722): <HAL><ERROR> handleMetadataWithLock: 4863: Cancel missing frame = 4098, buffer = 0xed895680,stream type = 8, stream format = 36
01-18 17:16:59.301 E/QCamera (  722): <HAL><ERROR> handleMetadataWithLock: 4863: Cancel missing frame = 4099, buffer = 0xed8949c0,stream type = 8, stream format = 36
01-18 17:16:59.301 E/QCamera (  722): <MCI><ERROR> mm_stream_cancel_buf: 5156: mm_stream_cancel_buf(idx=9) err=-1
01-18 17:16:59.302 E/QCamera (  722): <HAL><ERROR> handleMetadataWithLock: 4863: Cancel missing frame = 4100, buffer = 0xed89bef0,stream type = 8, stream format = 36
01-18 17:16:59.302 E/QCamera (  722): <MCI><ERROR> cancelBuffer: 884: Calling cancel buf on idx:10 for stream type:8
01-18 17:16:59.302 E/QCamera (  722): <MCI><ERROR> mm_stream_cancel_buf: 5125: Error Trying to extract a frame already sent to HAL(idx=10) count=1
01-18 17:16:59.302 E/QCamera (  722): <MCI><ERROR> cancelBuffer: 884: Calling cancel buf on idx:11 for stream type:8
01-18 17:16:59.302 E/QCamera (  722): <MCI><ERROR> mm_stream_cancel_buf: 5125: Error Trying to extract a frame already sent to HAL(idx=11) count=1
01-18 17:16:59.302 E/QCamera (  722): <MCI><ERROR> cancelBuffer: 884: Calling cancel buf on idx:6 for stream type:8
01-18 17:16:59.302 E/QCamera (  722): <MCI><ERROR> mm_stream_cancel_buf: 5125: Error Trying to extract a frame already sent to HAL(idx=6) count=1
01-18 17:16:59.302 E/QCamera (  722): <MCI><ERROR> cancelBuffer: 884: Calling cancel buf on idx:7 for stream type:8
01-18 17:16:59.303 E/QCamera (  722): <MCI><ERROR> mm_stream_cancel_buf: 5125: Error Trying to extract a frame already sent to HAL(idx=7) count=1
01-18 17:16:59.304 E/mm-camera(  722): <STATS_AIS ><ERROR> 1316: dsps_process_response_gyro: Query request denied, error code = 5, QId_valid = 1, QueryId = 0x8a0a, AckNak_valid = 1, AckNak = 3
01-18 17:16:59.304 E/        (    0): frame_src is 1 frame_id is 43658 blackjoe
01-18 17:16:59.321 E/        (    0): frame_src is 1 frame_id is 43659 blackjoe
01-18 17:16:59.316 E/mm-camera(  722): <SENSOR><ERROR> 4883: sensor_get_frame_duration: resolution is invalid, it seems stream has stopped.
01-18 17:16:59.316 E/mm-camera(  722): <SENSOR><ERROR> 884: sensor_fc_report_meta: Failed to get frame duration
01-18 17:16:59.316 E/mm-camera(  722): <SENSOR><ERROR> 4805: sensor_get_exposure_time: resolution is invalid, it seems stream has stopped.
01-18 17:16:59.316 E/mm-camera(  722): <SENSOR><ERROR> 904: sensor_fc_report_meta: Failed to get exposure time
01-18 17:16:59.317 E/mm-camera(  722): <MCT   ><ERROR> 2722: mct_stream_process_bus_msg: Check the runing function blackjoe 
01-18 17:16:59.318 E/mm-camera(  722): <MCT   ><ERROR> 2755: mct_stream_process_bus_msg: isp_sof_bus_msg is 0xecac0a30
01-18 17:16:59.318 E/mm-camera(  722): <MCT   ><ERROR> 2757: mct_stream_process_bus_msg: frameid is 43659 hal_version is 3
01-18 17:16:59.318 E/mm-camera(  722): <MCT   ><ERROR> 2759: mct_stream_process_bus_msg: kstate_ptr is 0xe9d5f254, isp_kstate_ptr is 0xeda49000
01-18 17:16:59.318 E/mm-camera(  722): <MCT   ><ERROR> 2765: mct_stream_process_bus_msg: frame_id is 43659
01-18 17:16:59.319 E/QCamera (  722): <MCI><ERROR> mm_stream_data_notify: 337: E, my_handle = 0x7200, fd = 69, state = 6 blackjoe
01-18 17:16:59.319 E/QCamera (  722): <MCI><ERROR> mm_stream_read_msm_frame: 1723: E, my_handle = 0x7200, fd = 69, state = 6 blackjoe
01-18 17:16:59.319 I/QCamera (  722): <MCI><INFO> mm_stream_read_msm_frame: 1770: VIDIOC_DQBUF buf_index 8, frame_idx 43658, stream type 7, rc 0,queued: 17, buf_type = 0 flags = 8192 FD = 69 my_num 0 buf fd 98
01-18 17:16:59.319 E/QCamera (  722): <MCI><ERROR> mm_stream_read_msm_frame: 1790: X rc = 0
01-18 17:16:59.319 I/QCamera (  722): <MCI><INFO> mm_stream_handle_rcvd_buf: 220: E, my_handle = 0x7200, fd = 69, state = 6
01-18 17:16:59.320 I/QCamera (  722): <MCI><INFO> mm_stream_handle_rcvd_buf: 244: has cb and it is active by blackjoe
01-18 17:16:59.320 I/QCamera (  722): <MCI><INFO> mm_stream_dispatch_app_data: 415: E, my_handle = 0x7200, fd = 69, state = 6
01-18 17:16:59.320 I/QCamera (  722): <MCI><INFO> mm_stream_dispatch_app_data: 436: frame_sync.is_active = 0, is_cb_active = 1
01-18 17:16:59.320 I/QCamera (  722): <MCI><INFO> mm_stream_dispatch_app_data: 457: Enter callback by blackjoe
01-18 17:16:59.321 E/QCamera (  722): <HAL><ERROR> handleMetadataWithLock: 4863: Cancel missing frame = 4096, buffer = 0xed88fd70,stream type = 8, stream format = 36
01-18 17:16:59.321 E/QCamera (  722): <HAL><ERROR> handleMetadataWithLock: 4863: Cancel missing frame = 4097, buffer = 0xed898fb0,stream type = 8, stream format = 36
01-18 17:16:59.321 E/QCamera (  722): <MCI><ERROR> cancelBuffer: 884: Calling cancel buf on idx:9 for stream type:8
01-18 17:16:59.321 E/QCamera (  722): <HAL><ERROR> handleMetadataWithLock: 4863: Cancel missing frame = 4098, buffer = 0xed895680,stream type = 8, stream format = 36
01-18 17:16:59.321 E/QCamera (  722): <MCI><ERROR> mm_stream_cancel_buf: 5156: mm_stream_cancel_buf(idx=9) err=-1
01-18 17:16:59.321 E/QCamera (  722): <HAL><ERROR> handleMetadataWithLock: 4863: Cancel missing frame = 4099, buffer = 0xed8949c0,stream type = 8, stream format = 36
01-18 17:16:59.321 E/QCamera (  722): <MCI><ERROR> cancelBuffer: 884: Calling cancel buf on idx:10 for stream type:8
01-18 17:16:59.321 E/QCamera (  722): <HAL><ERROR> handleMetadataWithLock: 4863: Cancel missing frame = 4100, buffer = 0xed89bef0,stream type = 8, stream format = 36
01-18 17:16:59.322 E/QCamera (  722): <MCI><ERROR> mm_stream_cancel_buf: 5125: Error Trying to extract a frame already sent to HAL(idx=10) count=1
01-18 17:16:59.322 E/QCamera (  722): <MCI><ERROR> cancelBuffer: 884: Calling cancel buf on idx:11 for stream type:8
01-18 17:16:59.322 E/QCamera (  722): <MCI><ERROR> mm_stream_cancel_buf: 5125: Error Trying to extract a frame already sent to HAL(idx=11) count=1
01-18 17:16:59.322 E/QCamera (  722): <MCI><ERROR> cancelBuffer: 884: Calling cancel buf on idx:6 for stream type:8
01-18 17:16:59.322 E/QCamera (  722): <MCI><ERROR> mm_stream_cancel_buf: 5125: Error Trying to extract a frame already sent to HAL(idx=6) count=1
01-18 17:16:59.322 E/QCamera (  722): <MCI><ERROR> cancelBuffer: 884: Calling cancel buf on idx:7 for stream type:8
01-18 17:16:59.322 E/QCamera (  722): <MCI><ERROR> mm_stream_cancel_buf: 5125: Error Trying to extract a frame already sent to HAL(idx=7) count=1
01-18 17:16:59.323 E/mm-camera(  722): <STATS_AIS ><ERROR> 1316: dsps_process_response_gyro: Query request denied, error code = 5, QId_valid = 1, QueryId = 0x8b0a, AckNak_valid = 1, AckNak = 3
01-18 17:16:59.329 E/mm-camera(  722): <SENSOR><ERROR> 4883: sensor_get_frame_duration: resolution is invalid, it seems stream has stopped.
01-18 17:16:59.330 E/mm-camera(  722): <SENSOR><ERROR> 884: sensor_fc_report_meta: Failed to get frame duration
01-18 17:16:59.330 E/mm-camera(  722): <SENSOR><ERROR> 4805: sensor_get_exposure_time: resolution is invalid, it seems stream has stopped.
01-18 17:16:59.330 E/mm-camera(  722): <SENSOR><ERROR> 904: sensor_fc_report_meta: Failed to get exposure time
01-18 17:16:59.331 E/mm-camera(  722): <MCT   ><ERROR> 2722: mct_stream_process_bus_msg: Check the runing function blackjoe 
01-18 17:16:59.331 E/mm-camera(  722): <MCT   ><ERROR> 2755: mct_stream_process_bus_msg: isp_sof_bus_msg is 0xecac0a30
01-18 17:16:59.331 E/mm-camera(  722): <MCT   ><ERROR> 2757: mct_stream_process_bus_msg: frameid is 43660 hal_version is 3
01-18 17:16:59.331 E/mm-camera(  722): <MCT   ><ERROR> 2759: mct_stream_process_bus_msg: kstate_ptr is 0xe9d5f254, isp_kstate_ptr is 0xeda49000
01-18 17:16:59.332 E/mm-camera(  722): <MCT   ><ERROR> 2765: mct_stream_process_bus_msg: frame_id is 43660
01-18 17:16:59.332 E/QCamera (  722): <MCI><ERROR> mm_stream_data_notify: 337: E, my_handle = 0x7200, fd = 69, state = 6 blackjoe
01-18 17:16:59.332 E/QCamera (  722): <MCI><ERROR> mm_stream_read_msm_frame: 1723: E, my_handle = 0x7200, fd = 69, state = 6 blackjoe
01-18 17:16:59.332 I/QCamera (  722): <MCI><INFO> mm_stream_read_msm_frame: 1770: VIDIOC_DQBUF buf_index 9, frame_idx 43659, stream type 7, rc 0,queued: 17, buf_type = 0 flags = 8192 FD = 69 my_num 0 buf fd 100
01-18 17:16:59.333 E/QCamera (  722): <MCI><ERROR> mm_stream_read_msm_frame: 1790: X rc = 0
01-18 17:16:59.333 I/QCamera (  722): <MCI><INFO> mm_stream_handle_rcvd_buf: 220: E, my_handle = 0x7200, fd = 69, state = 6
01-18 17:16:59.333 I/QCamera (  722): <MCI><INFO> mm_stream_handle_rcvd_buf: 244: has cb and it is active by blackjoe
01-18 17:16:59.333 I/QCamera (  722): <MCI><INFO> mm_stream_dispatch_app_data: 415: E, my_handle = 0x7200, fd = 69, state = 6
01-18 17:16:59.333 I/QCamera (  722): <MCI><INFO> mm_stream_dispatch_app_data: 436: frame_sync.is_active = 0, is_cb_active = 1
01-18 17:16:59.333 I/QCamera (  722): <MCI><INFO> mm_stream_dispatch_app_data: 457: Enter callback by blackjoe
01-18 17:16:59.334 E/QCamera (  722): <HAL><ERROR> handleMetadataWithLock: 4863: Cancel missing frame = 4096, buffer = 0xed88fd70,stream type = 8, stream format = 36
01-18 17:16:59.334 E/QCamera (  722): <HAL><ERROR> handleMetadataWithLock: 4863: Cancel missing frame = 4097, buffer = 0xed898fb0,stream type = 8, stream format = 36
01-18 17:16:59.338 E/        (    0): frame_src is 1 frame_id is 43660 blackjoe
01-18 17:16:59.334 E/QCamera (  722): <HAL><ERROR> handleMetadataWithLock: 4863: Cancel missing frame = 4098, buffer = 0xed895680,stream type = 8, stream format = 36
01-18 17:16:59.334 E/QCamera (  722): <HAL><ERROR> handleMetadataWithLock: 4863: Cancel missing frame = 4099, buffer = 0xed8949c0,stream type = 8, stream format = 36
01-18 17:16:59.334 E/QCamera (  722): <HAL><ERROR> handleMetadataWithLock: 4863: Cancel missing frame = 4100, buffer = 0xed89bef0,stream type = 8, stream format = 36
01-18 17:16:59.334 E/QCamera (  722): <MCI><ERROR> cancelBuffer: 884: Calling cancel buf on idx:9 for stream type:8
01-18 17:16:59.335 E/QCamera (  722): <MCI><ERROR> mm_stream_cancel_buf: 5156: mm_stream_cancel_buf(idx=9) err=-1
01-18 17:16:59.335 E/QCamera (  722): <MCI><ERROR> cancelBuffer: 884: Calling cancel buf on idx:10 for stream type:8
01-18 17:16:59.335 E/QCamera (  722): <MCI><ERROR> mm_stream_cancel_buf: 5125: Error Trying to extract a frame already sent to HAL(idx=10) count=1
01-18 17:16:59.335 E/QCamera (  722): <MCI><ERROR> cancelBuffer: 884: Calling cancel buf on idx:11 for stream type:8
01-18 17:16:59.335 E/QCamera (  722): <MCI><ERROR> mm_stream_cancel_buf: 5125: Error Trying to extract a frame already sent to HAL(idx=11) count=1
01-18 17:16:59.335 E/QCamera (  722): <MCI><ERROR> cancelBuffer: 884: Calling cancel buf on idx:6 for stream type:8
01-18 17:16:59.336 E/QCamera (  722): <MCI><ERROR> mm_stream_cancel_buf: 5125: Error Trying to extract a frame already sent to HAL(idx=6) count=1
01-18 17:16:59.336 E/QCamera (  722): <MCI><ERROR> cancelBuffer: 884: Calling cancel buf on idx:7 for stream type:8
01-18 17:16:59.336 E/QCamera (  722): <MCI><ERROR> mm_stream_cancel_buf: 5125: Error Trying to extract a frame already sent to HAL(idx=7) count=1
01-18 17:16:59.338 E/mm-camera(  722): <STATS_AIS ><ERROR> 1316: dsps_process_response_gyro: Query request denied, error code = 5, QId_valid = 1, QueryId = 0x8c0a, AckNak_valid = 1, AckNak = 3
01-18 17:16:59.346 E/mm-camera(  722): <SENSOR><ERROR> 4883: sensor_get_frame_duration: resolution is invalid, it seems stream has stopped.
01-18 17:16:59.346 E/mm-camera(  722): <SENSOR><ERROR> 884: sensor_fc_report_meta: Failed to get frame duration
01-18 17:16:59.347 E/mm-camera(  722): <SENSOR><ERROR> 4805: sensor_get_exposure_time: resolution is invalid, it seems stream has stopped.
01-18 17:16:59.347 E/mm-camera(  722): <SENSOR><ERROR> 904: sensor_fc_report_meta: Failed to get exposure time
01-18 17:16:59.348 E/mm-camera(  722): <MCT   ><ERROR> 2722: mct_stream_process_bus_msg: Check the runing function blackjoe 
01-18 17:16:59.348 E/mm-camera(  722): <MCT   ><ERROR> 2755: mct_stream_process_bus_msg: isp_sof_bus_msg is 0xecac0a30
01-18 17:16:59.348 E/mm-camera(  722): <MCT   ><ERROR> 2757: mct_stream_process_bus_msg: frameid is 43661 hal_version is 3
01-18 17:16:59.348 E/mm-camera(  722): <MCT   ><ERROR> 2759: mct_stream_process_bus_msg: kstate_ptr is 0xe9d5f254, isp_kstate_ptr is 0xeda49000
01-18 17:16:59.348 E/mm-camera(  722): <MCT   ><ERROR> 2765: mct_stream_process_bus_msg: frame_id is 43661
01-18 17:16:59.349 E/QCamera (  722): <MCI><ERROR> mm_stream_data_notify: 337: E, my_handle = 0x7200, fd = 69, state = 6 blackjoe
01-18 17:16:59.349 E/QCamera (  722): <MCI><ERROR> mm_stream_read_msm_frame: 1723: E, my_handle = 0x7200, fd = 69, state = 6 blackjoe
01-18 17:16:59.349 I/QCamera (  722): <MCI><INFO> mm_stream_read_msm_frame: 1770: VIDIOC_DQBUF buf_index 10, frame_idx 43660, stream type 7, rc 0,queued: 17, buf_type = 0 flags = 8192 FD = 69 my_num 0 buf fd 102
01-18 17:16:59.350 E/QCamera (  722): <MCI><ERROR> mm_stream_read_msm_frame: 1790: X rc = 0
01-18 17:16:59.350 I/QCamera (  722): <MCI><INFO> mm_stream_handle_rcvd_buf: 220: E, my_handle = 0x7200, fd = 69, state = 6
01-18 17:16:59.350 I/QCamera (  722): <MCI><INFO> mm_stream_handle_rcvd_buf: 244: has cb and it is active by blackjoe
01-18 17:16:59.350 I/QCamera (  722): <MCI><INFO> mm_stream_dispatch_app_data: 415: E, my_handle = 0x7200, fd = 69, state = 6
01-18 17:16:59.350 I/QCamera (  722): <MCI><INFO> mm_stream_dispatch_app_data: 436: frame_sync.is_active = 0, is_cb_active = 1
01-18 17:16:59.351 I/QCamera (  722): <MCI><INFO> mm_stream_dispatch_app_data: 457: Enter callback by blackjoe
01-18 17:16:59.351 E/QCamera (  722): <HAL><ERROR> handleMetadataWithLock: 4863: Cancel missing frame = 4096, buffer = 0xed88fd70,stream type = 8, stream format = 36
01-18 17:16:59.351 E/QCamera (  722): <HAL><ERROR> handleMetadataWithLock: 4863: Cancel missing frame = 4097, buffer = 0xed898fb0,stream type = 8, stream format = 36
01-18 17:16:59.351 E/QCamera (  722): <HAL><ERROR> handleMetadataWithLock: 4863: Cancel missing frame = 4098, buffer = 0xed895680,stream type = 8, stream format = 36
01-18 17:16:59.351 E/QCamera (  722): <HAL><ERROR> handleMetadataWithLock: 4863: Cancel missing frame = 4099, buffer = 0xed8949c0,stream type = 8, stream format = 36
01-18 17:16:59.351 E/QCamera (  722): <HAL><ERROR> handleMetadataWithLock: 4863: Cancel missing frame = 4100, buffer = 0xed89bef0,stream type = 8, stream format = 36
01-18 17:16:59.352 E/QCamera (  722): <MCI><ERROR> cancelBuffer: 884: Calling cancel buf on idx:9 for stream type:8
01-18 17:16:59.352 E/QCamera (  722): <MCI><ERROR> mm_stream_cancel_buf: 5156: mm_stream_cancel_buf(idx=9) err=-1
01-18 17:16:59.352 E/QCamera (  722): <MCI><ERROR> cancelBuffer: 884: Calling cancel buf on idx:10 for stream type:8
01-18 17:16:59.352 E/QCamera (  722): <MCI><ERROR> mm_stream_cancel_buf: 5125: Error Trying to extract a frame already sent to HAL(idx=10) count=1
01-18 17:16:59.353 E/QCamera (  722): <MCI><ERROR> cancelBuffer: 884: Calling cancel buf on idx:11 for stream type:8
01-18 17:16:59.353 E/QCamera (  722): <MCI><ERROR> mm_stream_cancel_buf: 5125: Error Trying to extract a frame already sent to HAL(idx=11) count=1
01-18 17:16:59.354 E/        (    0): frame_src is 1 frame_id is 43661 blackjoe
01-18 17:16:59.353 E/QCamera (  722): <MCI><ERROR> cancelBuffer: 884: Calling cancel buf on idx:6 for stream type:8
01-18 17:16:59.353 E/QCamera (  722): <MCI><ERROR> mm_stream_cancel_buf: 5125: Error Trying to extract a frame already sent to HAL(idx=6) count=1
01-18 17:16:59.353 E/QCamera (  722): <MCI><ERROR> cancelBuffer: 884: Calling cancel buf on idx:7 for stream type:8
01-18 17:16:59.353 E/QCamera (  722): <MCI><ERROR> mm_stream_cancel_buf: 5125: Error Trying to extract a frame already sent to HAL(idx=7) count=1
01-18 17:16:59.355 E/mm-camera(  722): <STATS_AIS ><ERROR> 1316: dsps_process_response_gyro: Query request denied, error code = 5, QId_valid = 1, QueryId = 0x8d0a, AckNak_valid = 1, AckNak = 3
01-18 17:16:59.371 E/        (    0): frame_src is 1 frame_id is 43662 blackjoe
01-18 17:16:59.363 E/mm-camera(  722): <SENSOR><ERROR> 4883: sensor_get_frame_duration: resolution is invalid, it seems stream has stopped.
01-18 17:16:59.363 E/mm-camera(  722): <SENSOR><ERROR> 884: sensor_fc_report_meta: Failed to get frame duration
01-18 17:16:59.363 E/mm-camera(  722): <SENSOR><ERROR> 4805: sensor_get_exposure_time: resolution is invalid, it seems stream has stopped.
01-18 17:16:59.363 E/mm-camera(  722): <SENSOR><ERROR> 904: sensor_fc_report_meta: Failed to get exposure time
01-18 17:16:59.364 E/mm-camera(  722): <MCT   ><ERROR> 2722: mct_stream_process_bus_msg: Check the runing function blackjoe 
01-18 17:16:59.364 E/mm-camera(  722): <MCT   ><ERROR> 2755: mct_stream_process_bus_msg: isp_sof_bus_msg is 0xecac0a30
01-18 17:16:59.365 E/mm-camera(  722): <MCT   ><ERROR> 2757: mct_stream_process_bus_msg: frameid is 43662 hal_version is 3
01-18 17:16:59.365 E/mm-camera(  722): <MCT   ><ERROR> 2759: mct_stream_process_bus_msg: kstate_ptr is 0xe9d5f254, isp_kstate_ptr is 0xeda49000
01-18 17:16:59.365 E/mm-camera(  722): <MCT   ><ERROR> 2765: mct_stream_process_bus_msg: frame_id is 43662
01-18 17:16:59.365 E/QCamera (  722): <MCI><ERROR> mm_stream_data_notify: 337: E, my_handle = 0x7200, fd = 69, state = 6 blackjoe
01-18 17:16:59.366 E/QCamera (  722): <MCI><ERROR> mm_stream_read_msm_frame: 1723: E, my_handle = 0x7200, fd = 69, state = 6 blackjoe
01-18 17:16:59.366 I/QCamera (  722): <MCI><INFO> mm_stream_read_msm_frame: 1770: VIDIOC_DQBUF buf_index 11, frame_idx 43661, stream type 7, rc 0,queued: 17, buf_type = 0 flags = 8192 FD = 69 my_num 0 buf fd 104
01-18 17:16:59.366 E/QCamera (  722): <MCI><ERROR> mm_stream_read_msm_frame: 1790: X rc = 0
01-18 17:16:59.366 I/QCamera (  722): <MCI><INFO> mm_stream_handle_rcvd_buf: 220: E, my_handle = 0x7200, fd = 69, state = 6
01-18 17:16:59.366 I/QCamera (  722): <MCI><INFO> mm_stream_handle_rcvd_buf: 244: has cb and it is active by blackjoe
01-18 17:16:59.367 I/QCamera (  722): <MCI><INFO> mm_stream_dispatch_app_data: 415: E, my_handle = 0x7200, fd = 69, state = 6
01-18 17:16:59.367 I/QCamera (  722): <MCI><INFO> mm_stream_dispatch_app_data: 436: frame_sync.is_active = 0, is_cb_active = 1
01-18 17:16:59.367 I/QCamera (  722): <MCI><INFO> mm_stream_dispatch_app_data: 457: Enter callback by blackjoe
01-18 17:16:59.367 E/QCamera (  722): <HAL><ERROR> handleMetadataWithLock: 4863: Cancel missing frame = 4096, buffer = 0xed88fd70,stream type = 8, stream format = 36
01-18 17:16:59.367 E/QCamera (  722): <HAL><ERROR> handleMetadataWithLock: 4863: Cancel missing frame = 4097, buffer = 0xed898fb0,stream type = 8, stream format = 36
01-18 17:16:59.367 E/QCamera (  722): <MCI><ERROR> cancelBuffer: 884: Calling cancel buf on idx:9 for stream type:8
01-18 17:16:59.368 E/QCamera (  722): <HAL><ERROR> handleMetadataWithLock: 4863: Cancel missing frame = 4098, buffer = 0xed895680,stream type = 8, stream format = 36
01-18 17:16:59.368 E/QCamera (  722): <MCI><ERROR> mm_stream_cancel_buf: 5156: mm_stream_cancel_buf(idx=9) err=-1
01-18 17:16:59.368 E/QCamera (  722): <HAL><ERROR> handleMetadataWithLock: 4863: Cancel missing frame = 4099, buffer = 0xed8949c0,stream type = 8, stream format = 36
01-18 17:16:59.368 E/QCamera (  722): <MCI><ERROR> cancelBuffer: 884: Calling cancel buf on idx:10 for stream type:8
01-18 17:16:59.368 E/QCamera (  722): <HAL><ERROR> handleMetadataWithLock: 4863: Cancel missing frame = 4100, buffer = 0xed89bef0,stream type = 8, stream format = 36
01-18 17:16:59.368 E/QCamera (  722): <MCI><ERROR> mm_stream_cancel_buf: 5125: Error Trying to extract a frame already sent to HAL(idx=10) count=1
01-18 17:16:59.368 E/QCamera (  722): <MCI><ERROR> cancelBuffer: 884: Calling cancel buf on idx:11 for stream type:8
01-18 17:16:59.368 E/QCamera (  722): <MCI><ERROR> mm_stream_cancel_buf: 5125: Error Trying to extract a frame already sent to HAL(idx=11) count=1
01-18 17:16:59.368 E/QCamera (  722): <MCI><ERROR> cancelBuffer: 884: Calling cancel buf on idx:6 for stream type:8
01-18 17:16:59.369 E/QCamera (  722): <MCI><ERROR> mm_stream_cancel_buf: 5125: Error Trying to extract a frame already sent to HAL(idx=6) count=1
01-18 17:16:59.369 E/QCamera (  722): <MCI><ERROR> cancelBuffer: 884: Calling cancel buf on idx:7 for stream type:8
01-18 17:16:59.369 E/QCamera (  722): <MCI><ERROR> mm_stream_cancel_buf: 5125: Error Trying to extract a frame already sent to HAL(idx=7) count=1
01-18 17:16:59.373 E/mm-camera(  722): <STATS_AIS ><ERROR> 1316: dsps_process_response_gyro: Query request denied, error code = 5, QId_valid = 1, QueryId = 0x8e0a, AckNak_valid = 1, AckNak = 3
01-18 17:16:59.379 E/mm-camera(  722): <SENSOR><ERROR> 4883: sensor_get_frame_duration: resolution is invalid, it seems stream has stopped.
01-18 17:16:59.380 E/mm-camera(  722): <SENSOR><ERROR> 884: sensor_fc_report_meta: Failed to get frame duration
01-18 17:16:59.380 E/mm-camera(  722): <SENSOR><ERROR> 4805: sensor_get_exposure_time: resolution is invalid, it seems stream has stopped.
01-18 17:16:59.380 E/mm-camera(  722): <SENSOR><ERROR> 904: sensor_fc_report_meta: Failed to get exposure time
