--------- beginning of kernel
01-18 17:17:33.127 I/init    (    0): starting service 'smartmu'...
--------- beginning of main
01-18 17:17:33.267 D/SMARTMU (28424): #(28424) [ main.cpp : 25] SmartMU Version , 
01-18 17:17:33.269 E/AsymmetricDecrypt(28424): [AsymmetricDecrypt::acquireKeyFile] KeyPath - /system/vendor/keys/TC52AXANF/proxyframework 
01-18 17:17:33.272 E/AsymmetricDecrypt(28424): [AsymmetricDecrypt::ObtainSeedText] Buffer - Zebra Technologies/TC52AXANF/TC52AX/proxyframework 
01-18 17:17:33.273 E/AsymmetricDecrypt(28424): [AsymmetricDecrypt::NativeAuthenticate] Authentication failed. zDecodedText returned by ReadAndDecodeEncryptedText = Zebra Technologies/TC52AX/TC52AX/proxyframework, zBuf returned by ObtainSeedText = Zebra Technologies/TC52AXANF/TC52AX/proxyframework
01-18 17:17:33.273 D/SMARTMU (28424): #(28424) [ main.cpp : 31] Authentication failed
01-18 17:17:33.289 I/qccsyshalservice(28425): Start with system binder
01-18 17:17:33.291 I/qccsyshalservice(28425): Registering qccsyshal service...
01-18 17:17:33.299 I/init    (    0): Service 'smartmu' (pid 28424) exited with status 0
01-18 17:17:33.299 I/init    (    0): Sending signal 9 to service 'smartmu' (pid 28424) process group...
01-18 17:17:33.300 I/libprocessgroup(    0): Successfully killed process cgroup uid 0 pid 28424 in 0ms
01-18 17:17:33.295 I/hwservicemanager(  512): getTransport: Cannot find entry vendor.qti.hardware.qccsyshal@1.0::IQccsyshal/qccsyshal in either framework or device manifest.
01-18 17:17:33.297 E/HidlServiceManagement(28425): Service vendor.qti.hardware.qccsyshal@1.0::IQccsyshal/qccsyshal must be in VINTF manifest in order to register/get.
01-18 17:17:33.297 E/qccsyshalservice(28425): [ERROR] registerAsService() failed with status: -2147483648
01-18 17:17:33.347 I/init    (    0): Sending signal 9 to service 'qccsyshalservice' (pid 28425) process group...
01-18 17:17:33.429 I/vendor.qti.hardware.qccvndhal@1.0-service(28427): Start with vendor binder
01-18 17:17:33.431 I/vendor.qti.hardware.qccvndhal@1.0-service(28427): Registering qccvndhal service...
01-18 17:17:33.435 I/hwservicemanager(  512): getTransport: Cannot find entry vendor.qti.hardware.qccvndhal@1.0::IQccvndhal/qccvndhal in either framework or device manifest.
01-18 17:17:33.436 E/HidlServiceManagement(28427): Service vendor.qti.hardware.qccvndhal@1.0::IQccvndhal/qccvndhal must be in VINTF manifest in order to register/get.
01-18 17:17:33.437 E/vendor.qti.hardware.qccvndhal@1.0-service(28427): [ERROR] registerAsService() failed with status: -2147483648
01-18 17:17:33.461 I/init    (    0): Service 'qccvndhalservice' (pid 28427) exited with status 1
01-18 17:17:33.458 I/perfetto( 1013): probes_producer.cc:329  Producer stop (id=281)
01-18 17:17:33.458 E/perfetto( 1013): probes_producer.cc:333  Cannot stop data source id=281, not found
01-18 17:17:33.797 D/CompatibilityInfo( 1670): mCompatibilityFlags - 0
01-18 17:17:33.797 D/CompatibilityInfo( 1670): applicationDensity - 480
01-18 17:17:33.797 D/CompatibilityInfo( 1670): applicationScale - 1.0
01-18 17:17:33.805 I/NextSubtest service( 4265): hit
01-18 17:17:33.806 I/cmd     (28430): oneway function results will be dropped but finished with status OK and parcel size 4
01-18 17:17:33.825 E/        (    0): [SDL] misc_ioctl msg.len is 2 : 0x88 0x00
01-18 17:17:33.836 E/        (    0): [SDL] misc_ioctl msg.len is 2 : 0x88 0x00
01-18 17:17:33.847 E/        (    0): [SDL] misc_ioctl msg.len is 2 : 0xa7 0x00
01-18 17:17:33.857 E/        (    0): [SDL] misc_ioctl msg.len is 2 : 0xa7 0x00
01-18 17:17:33.874 E/        (    0): [SDL] misc_ioctl msg.len is 3 : 0x77 0x08 0x81
01-18 17:17:33.879 E/        (    0): [SDL] misc_ioctl msg.len is 2 : 0x88 0x00
01-18 17:17:33.885 E/        (    0): [SDL] misc_ioctl msg.len is 3 : 0x58 0x00 0xa8
01-18 17:17:33.889 E/        (    0): [SDL] misc_ioctl msg.len is 2 : 0xa7 0x00
01-18 17:17:34.328 D/logd    (    0): logdr: UID=0 GID=0 PID=28437 b tail=0 logMask=99 pid=0 start=0ns timeout=0ns
01-18 17:17:35.339 W/adbd    ( 3678): timeout expired while flushing socket, closing
01-18 17:17:36.795 D/EventSequenceValidator( 1670): Transition from INTENT_FAILED to INTENT_STARTED
01-18 17:17:36.811 D/EventSequenceValidator( 1670): Transition from INTENT_STARTED to INTENT_FAILED
01-18 17:17:36.813 I/perfetto( 1016): ing_service_impl.cc:758 Configured tracing session 282, #sources:1, duration:5000 ms, #buffers:1, total buffer size:4096 KB, total sessions:2, uid:1071 session name: ""
01-18 17:17:36.813 I/cmd     (28448): oneway function results will be dropped but finished with status OK and parcel size 4
01-18 17:17:36.815 I/perfetto( 1013): probes_producer.cc:230  Ftrace setup (target_buf=282)
01-18 17:17:36.816 E/perfetto( 1013): ace_config_muxer.cc:443 ftrace in use by non-Perfetto.
01-18 17:17:36.816 E/perfetto( 1013): probes_producer.cc:238  Failed to setup ftrace
01-18 17:17:36.816 E/perfetto( 1013): probes_producer.cc:176  Failed to create data source 'linux.ftrace'
01-18 17:17:36.818 E/perfetto( 1013): probes_producer.cc:191  Data source id=282 not found
01-18 17:17:38.158 I/init    (    0): starting service 'smartmu'...
01-18 17:17:38.203 I/init    (    0): starting service 'qccsyshalservice'...
01-18 17:17:38.299 D/SMARTMU (28456): #(28456) [ main.cpp : 25] SmartMU Version , 
01-18 17:17:38.302 E/AsymmetricDecrypt(28456): [AsymmetricDecrypt::acquireKeyFile] KeyPath - /system/vendor/keys/TC52AXANF/proxyframework 
01-18 17:17:38.305 I/qccsyshalservice(28457): Start with system binder
01-18 17:17:38.307 E/AsymmetricDecrypt(28456): [AsymmetricDecrypt::ObtainSeedText] Buffer - Zebra Technologies/TC52AXANF/TC52AX/proxyframework 
01-18 17:17:38.307 E/AsymmetricDecrypt(28456): [AsymmetricDecrypt::NativeAuthenticate] Authentication failed. zDecodedText returned by ReadAndDecodeEncryptedText = Zebra Technologies/TC52AX/TC52AX/proxyframework, zBuf returned by ObtainSeedText = Zebra Technologies/TC52AXANF/TC52AX/proxyframework
01-18 17:17:38.307 D/SMARTMU (28456): #(28456) [ main.cpp : 31] Authentication failed
01-18 17:17:38.307 I/qccsyshalservice(28457): Registering qccsyshal service...
01-18 17:17:38.315 I/hwservicemanager(  512): getTransport: Cannot find entry vendor.qti.hardware.qccsyshal@1.0::IQccsyshal/qccsyshal in either framework or device manifest.
01-18 17:17:38.317 E/HidlServiceManagement(28457): Service vendor.qti.hardware.qccsyshal@1.0::IQccsyshal/qccsyshal must be in VINTF manifest in order to register/get.
01-18 17:17:38.317 E/qccsyshalservice(28457): [ERROR] registerAsService() failed with status: -2147483648
01-18 17:17:38.334 I/init    (    0): Service 'smartmu' (pid 28456) exited with status 0
01-18 17:17:38.334 I/init    (    0): Sending signal 9 to service 'smartmu' (pid 28456) process group...
01-18 17:17:38.335 I/libprocessgroup(    0): Successfully killed process cgroup uid 0 pid 28456 in 0ms
01-18 17:17:38.344 I/init    (    0): starting service 'qccvndhalservice'...
01-18 17:17:38.378 I/init    (    0): Service 'qccsyshalservice' (pid 28457) exited with status 1
01-18 17:17:38.378 I/init    (    0): Sending signal 9 to service 'qccsyshalservice' (pid 28457) process group...
01-18 17:17:38.379 I/libprocessgroup(    0): Successfully killed process cgroup uid 1000 pid 28457 in 0ms
01-18 17:17:38.381 I/vendor.qti.hard(28459): type=1400 audit(0.0:14607): avc: denied { search } for name="/" dev="sda10" ino=2 scontext=u:r:vendor_hal_qccvndhal_qti:s0 tcontext=u:object_r:factory_file:s0 tclass=dir permissive=1
01-18 17:17:38.458 W/perfetto( 1016): ng_service_impl.cc:1275 Timeout while waiting for ACKs for tracing session 281
01-18 17:17:38.462 I/perfetto( 1016): ng_service_impl.cc:1948 Tracing session 281 ended, total sessions:1
01-18 17:17:38.463 I/vendor.qti.hardware.qccvndhal@1.0-service(28459): Start with vendor binder
01-18 17:17:38.466 I/vendor.qti.hardware.qccvndhal@1.0-service(28459): Registering qccvndhal service...
01-18 17:17:38.470 I/hwservicemanager(  512): getTransport: Cannot find entry vendor.qti.hardware.qccvndhal@1.0::IQccvndhal/qccvndhal in either framework or device manifest.
01-18 17:17:38.472 E/HidlServiceManagement(28459): Service vendor.qti.hardware.qccvndhal@1.0::IQccvndhal/qccvndhal must be in VINTF manifest in order to register/get.
01-18 17:17:38.472 E/vendor.qti.hardware.qccvndhal@1.0-service(28459): [ERROR] registerAsService() failed with status: -2147483648
01-18 17:17:38.497 I/init    (    0): Service 'qccvndhalservice' (pid 28459) exited with status 1
01-18 17:17:41.818 I/perfetto( 1013): probes_producer.cc:329  Producer stop (id=282)
01-18 17:17:41.818 E/perfetto( 1013): probes_producer.cc:333  Cannot stop data source id=282, not found
01-18 17:17:43.190 I/init    (    0): starting service 'smartmu'...
01-18 17:17:43.227 I/init    (    0): starting service 'qccsyshalservice'...
01-18 17:17:43.329 D/SMARTMU (28463): #(28463) [ main.cpp : 25] SmartMU Version , 
01-18 17:17:43.332 E/AsymmetricDecrypt(28463): [AsymmetricDecrypt::acquireKeyFile] KeyPath - /system/vendor/keys/TC52AXANF/proxyframework 
01-18 17:17:43.336 I/qccsyshalservice(28464): Start with system binder
01-18 17:17:43.337 E/AsymmetricDecrypt(28463): [AsymmetricDecrypt::ObtainSeedText] Buffer - Zebra Technologies/TC52AXANF/TC52AX/proxyframework 
01-18 17:17:43.337 E/AsymmetricDecrypt(28463): [AsymmetricDecrypt::NativeAuthenticate] Authentication failed. zDecodedText returned by ReadAndDecodeEncryptedText = Zebra Technologies/TC52AX/TC52AX/proxyframework, zBuf returned by ObtainSeedText = Zebra Technologies/TC52AXANF/TC52AX/proxyframework
01-18 17:17:43.337 D/SMARTMU (28463): #(28463) [ main.cpp : 31] Authentication failed
01-18 17:17:43.338 I/qccsyshalservice(28464): Registering qccsyshal service...
01-18 17:17:43.341 I/hwservicemanager(  512): getTransport: Cannot find entry vendor.qti.hardware.qccsyshal@1.0::IQccsyshal/qccsyshal in either framework or device manifest.
01-18 17:17:43.342 E/HidlServiceManagement(28464): Service vendor.qti.hardware.qccsyshal@1.0::IQccsyshal/qccsyshal must be in VINTF manifest in order to register/get.
01-18 17:17:43.342 E/qccsyshalservice(28464): [ERROR] registerAsService() failed with status: -2147483648
01-18 17:17:43.367 I/init    (    0): Service 'qccsyshalservice' (pid 28464) exited with status 1
01-18 17:17:43.367 I/init    (    0): Sending signal 9 to service 'qccsyshalservice' (pid 28464) process group...
01-18 17:17:43.368 I/libprocessgroup(    0): Successfully killed process cgroup uid 1000 pid 28464 in 0ms
01-18 17:17:43.373 I/init    (    0): Service 'smartmu' (pid 28463) exited with status 0
01-18 17:17:43.373 I/init    (    0): Sending signal 9 to service 'smartmu' (pid 28463) process group...
01-18 17:17:43.374 I/libprocessgroup(    0): Successfully killed process cgroup uid 0 pid 28463 in 0ms
01-18 17:17:43.382 I/init    (    0): starting service 'qccvndhalservice'...
01-18 17:17:43.500 I/vendor.qti.hardware.qccvndhal@1.0-service(28466): Start with vendor binder
01-18 17:17:43.502 I/vendor.qti.hardware.qccvndhal@1.0-service(28466): Registering qccvndhal service...
01-18 17:17:43.506 I/hwservicemanager(  512): getTransport: Cannot find entry vendor.qti.hardware.qccvndhal@1.0::IQccvndhal/qccvndhal in either framework or device manifest.
01-18 17:17:43.507 E/HidlServiceManagement(28466): Service vendor.qti.hardware.qccvndhal@1.0::IQccvndhal/qccvndhal must be in VINTF manifest in order to register/get.
01-18 17:17:43.507 E/vendor.qti.hardware.qccvndhal@1.0-service(28466): [ERROR] registerAsService() failed with status: -2147483648
01-18 17:17:43.530 I/init    (    0): Service 'qccvndhalservice' (pid 28466) exited with status 1
01-18 17:17:46.818 W/perfetto( 1016): ng_service_impl.cc:1275 Timeout while waiting for ACKs for tracing session 282
01-18 17:17:46.822 I/perfetto( 1016): ng_service_impl.cc:1948 Tracing session 282 ended, total sessions:0
01-18 17:17:47.192 D/CompatibilityInfo( 1670): mCompatibilityFlags - 0
01-18 17:17:47.192 D/CompatibilityInfo( 1670): applicationDensity - 480
01-18 17:17:47.192 D/CompatibilityInfo( 1670): applicationScale - 1.0
01-18 17:17:47.198 I/cmd     (28472): oneway function results will be dropped but finished with status OK and parcel size 4
01-18 17:17:47.200 I/NextSubtest service( 4265): hit
01-18 17:17:47.210 E/        (    0): [SDL] misc_ioctl msg.len is 3 : 0x58 0x00 0xa8
01-18 17:17:47.201 D/SW_Decode_Android_TestApp_Activity( 4265): GetLastDecodedImageTests : 0
01-18 17:17:47.211 E/        (    0): [SDL] misc_ioctl msg.len is 2 : 0xa7 0x00
01-18 17:17:47.202 E/BCReader-JNI( 4265): mCancelCaptSession=0
01-18 17:17:47.215 E/        (    0): [SDL] misc_ioctl msg.len is 3 : 0x77 0x03 0x86
01-18 17:17:47.220 E/        (    0): [SDL] misc_ioctl msg.len is 2 : 0x88 0x00
01-18 17:17:47.225 E/        (    0): [SDL] misc_ioctl msg.len is 3 : 0x77 0x08 0x81
01-18 17:17:47.231 E/        (    0): [SDL] misc_ioctl msg.len is 2 : 0x88 0x00
01-18 17:17:47.237 E/        (    0): [SDL] misc_ioctl msg.len is 3 : 0x58 0x00 0xa8
01-18 17:17:47.242 E/        (    0): [SDL] misc_ioctl msg.len is 2 : 0xa7 0x00
01-18 17:17:47.247 E/        (    0): [SDL] misc_ioctl msg.len is 3 : 0x58 0x00 0xa8
01-18 17:17:47.252 E/        (    0): [SDL] misc_ioctl msg.len is 2 : 0xa7 0x00
01-18 17:17:47.258 E/        (    0): [SDL] misc_ioctl msg.len is 3 : 0x77 0x03 0x86
01-18 17:17:47.263 E/        (    0): [SDL] misc_ioctl msg.len is 2 : 0x88 0x00
01-18 17:17:47.268 E/        (    0): [SDL] misc_ioctl msg.len is 3 : 0x77 0x08 0x81
01-18 17:17:47.274 E/        (    0): [SDL] misc_ioctl msg.len is 2 : 0x88 0x00
01-18 17:17:47.279 E/        (    0): [SDL] misc_ioctl msg.len is 3 : 0x58 0x00 0xa8
01-18 17:17:47.285 E/        (    0): [SDL] misc_ioctl msg.len is 2 : 0xa7 0x00
01-18 17:17:47.290 E/        (    0): [SDL] misc_ioctl msg.len is 3 : 0x58 0x00 0xa8
01-18 17:17:47.295 E/        (    0): [SDL] misc_ioctl msg.len is 2 : 0xa7 0x00
01-18 17:17:47.301 E/        (    0): [SDL] misc_ioctl msg.len is 4 : 0x7b 0x00 0x00 0x85
01-18 17:17:47.306 E/        (    0): [SDL] misc_ioctl msg.len is 2 : 0x84 0x00
01-18 17:17:47.312 E/        (    0): [SDL] misc_ioctl msg.len is 4 : 0x82 0x00 0x00 0x7e
01-18 17:17:47.316 E/        (    0): [SDL] misc_ioctl msg.len is 2 : 0x7d 0x80
01-18 17:17:47.314 D/BCReader-JNI( 4265): CHECK camera_status_t ZebraCamera::createCaptureSession() /swdec/SDL/MR-2022/Release/SDL-ALAS00-011-R00-D01/Framework.SDL_standard/project/Android/proj_BarCodeReaderSDL/jni/camera2.h 1741
01-18 17:17:47.314 D/BCReader-JNI( 4265): CHECK camera_status_t ZebraCamera::createCaptureSession() /swdec/SDL/MR-2022/Release/SDL-ALAS00-011-R00-D01/Framework.SDL_standard/project/Android/proj_BarCodeReaderSDL/jni/camera2.h 1757
01-18 17:17:47.314 D/BCReader-JNI( 4265): CHECK camera_status_t ZebraCamera::createCaptureSession() /swdec/SDL/MR-2022/Release/SDL-ALAS00-011-R00-D01/Framework.SDL_standard/project/Android/proj_BarCodeReaderSDL/jni/camera2.h 1769
01-18 17:17:47.314 D/BCReader-JNI( 4265): Call ACameraDevice_createCaptureSession createCaptureSession:1819
01-18 17:17:47.314 E/ACameraDevice( 4265): checkCameraClosedOrErrorLocked: camera device has encountered a serious error
01-18 17:17:47.315 D/BCReader-JNI( 4265): End ACameraDevice_createCaptureSession createCaptureSession:1822
01-18 17:17:47.315 E/BCReader-JNI( 4265): Create session for camera 0 failed. ret ACAMERA_ERROR_CAMERA_DEVICE session 0x0
01-18 17:17:47.315 E/BCReader-JNI( 4265): Camera 0 create CaptureSession request failed. ret -10005
01-18 17:17:47.324 E/        (    0): [SDL] misc_ioctl msg.len is 3 : 0x77 0x02 0x87
01-18 17:17:47.328 E/        (    0): [SDL] misc_ioctl msg.len is 2 : 0x88 0x00
01-18 17:17:47.351 E/mm-camera(  722): <SENSOR><ERROR> 4883: sensor_get_frame_duration: resolution is invalid, it seems stream has stopped.
01-18 17:17:47.351 E/mm-camera(  722): <SENSOR><ERROR> 884: sensor_fc_report_meta: Failed to get frame duration
01-18 17:17:47.351 E/mm-camera(  722): <SENSOR><ERROR> 4805: sensor_get_exposure_time: resolution is invalid, it seems stream has stopped.
01-18 17:17:47.352 E/mm-camera(  722): <SENSOR><ERROR> 904: sensor_fc_report_meta: Failed to get exposure time
01-18 17:17:47.353 E/mm-camera(  722): <MCT   ><ERROR> 2722: mct_stream_process_bus_msg: Check the runing function blackjoe 
01-18 17:17:47.353 E/mm-camera(  722): <MCT   ><ERROR> 2755: mct_stream_process_bus_msg: isp_sof_bus_msg is 0xecac0250
01-18 17:17:47.353 E/mm-camera(  722): <MCT   ><ERROR> 2757: mct_stream_process_bus_msg: frameid is 44074 hal_version is 3
01-18 17:17:47.353 E/mm-camera(  722): <MCT   ><ERROR> 2759: mct_stream_process_bus_msg: kstate_ptr is 0xe9d5f254, isp_kstate_ptr is 0xeda49000
01-18 17:17:47.353 E/mm-camera(  722): <MCT   ><ERROR> 2765: mct_stream_process_bus_msg: frame_id is 44074
01-18 17:17:47.359 E/        (    0): frame_src is 1 frame_id is 44074 blackjoe
01-18 17:17:47.354 E/QCamera (  722): <MCI><ERROR> mm_stream_data_notify: 337: E, my_handle = 0x7200, fd = 69, state = 6 blackjoe
01-18 17:17:47.354 E/QCamera (  722): <MCI><ERROR> mm_stream_read_msm_frame: 1723: E, my_handle = 0x7200, fd = 69, state = 6 blackjoe
01-18 17:17:47.354 I/QCamera (  722): <MCI><INFO> mm_stream_read_msm_frame: 1770: VIDIOC_DQBUF buf_index 9, frame_idx 44073, stream type 7, rc 0,queued: 17, buf_type = 0 flags = 8192 FD = 69 my_num 0 buf fd 100
01-18 17:17:47.355 E/QCamera (  722): <MCI><ERROR> mm_stream_read_msm_frame: 1790: X rc = 0
01-18 17:17:47.355 I/QCamera (  722): <MCI><INFO> mm_stream_handle_rcvd_buf: 220: E, my_handle = 0x7200, fd = 69, state = 6
01-18 17:17:47.355 I/QCamera (  722): <MCI><INFO> mm_stream_handle_rcvd_buf: 244: has cb and it is active by blackjoe
01-18 17:17:47.356 I/QCamera (  722): <MCI><INFO> mm_stream_dispatch_app_data: 415: E, my_handle = 0x7200, fd = 69, state = 6
01-18 17:17:47.356 I/QCamera (  722): <MCI><INFO> mm_stream_dispatch_app_data: 436: frame_sync.is_active = 0, is_cb_active = 1
01-18 17:17:47.356 I/QCamera (  722): <MCI><INFO> mm_stream_dispatch_app_data: 457: Enter callback by blackjoe
01-18 17:17:47.356 E/QCamera (  722): <HAL><ERROR> handleMetadataWithLock: 4863: Cancel missing frame = 4096, buffer = 0xed88fd70,stream type = 8, stream format = 36
01-18 17:17:47.356 E/QCamera (  722): <HAL><ERROR> handleMetadataWithLock: 4863: Cancel missing frame = 4097, buffer = 0xed898fb0,stream type = 8, stream format = 36
01-18 17:17:47.357 E/QCamera (  722): <HAL><ERROR> handleMetadataWithLock: 4863: Cancel missing frame = 4098, buffer = 0xed895680,stream type = 8, stream format = 36
01-18 17:17:47.357 E/QCamera (  722): <HAL><ERROR> handleMetadataWithLock: 4863: Cancel missing frame = 4099, buffer = 0xed8949c0,stream type = 8, stream format = 36
01-18 17:17:47.357 E/QCamera (  722): <HAL><ERROR> handleMetadataWithLock: 4863: Cancel missing frame = 4100, buffer = 0xed89bef0,stream type = 8, stream format = 36
01-18 17:17:47.357 E/QCamera (  722): <MCI><ERROR> cancelBuffer: 884: Calling cancel buf on idx:9 for stream type:8
01-18 17:17:47.358 E/QCamera (  722): <MCI><ERROR> mm_stream_cancel_buf: 5156: mm_stream_cancel_buf(idx=9) err=-1
01-18 17:17:47.358 E/QCamera (  722): <MCI><ERROR> cancelBuffer: 884: Calling cancel buf on idx:10 for stream type:8
01-18 17:17:47.358 E/QCamera (  722): <MCI><ERROR> mm_stream_cancel_buf: 5125: Error Trying to extract a frame already sent to HAL(idx=10) count=1
01-18 17:17:47.358 E/QCamera (  722): <MCI><ERROR> cancelBuffer: 884: Calling cancel buf on idx:11 for stream type:8
01-18 17:17:47.358 E/QCamera (  722): <MCI><ERROR> mm_stream_cancel_buf: 5125: Error Trying to extract a frame already sent to HAL(idx=11) count=1
01-18 17:17:47.358 E/QCamera (  722): <MCI><ERROR> cancelBuffer: 884: Calling cancel buf on idx:6 for stream type:8
01-18 17:17:47.358 E/QCamera (  722): <MCI><ERROR> mm_stream_cancel_buf: 5125: Error Trying to extract a frame already sent to HAL(idx=6) count=1
01-18 17:17:47.359 E/QCamera (  722): <MCI><ERROR> cancelBuffer: 884: Calling cancel buf on idx:7 for stream type:8
01-18 17:17:47.359 E/QCamera (  722): <MCI><ERROR> mm_stream_cancel_buf: 5125: Error Trying to extract a frame already sent to HAL(idx=7) count=1
01-18 17:17:47.359 E/mm-camera(  722): <STATS_AIS ><ERROR> 1316: dsps_process_response_gyro: Query request denied, error code = 5, QId_valid = 1, QueryId = 0x2a0a, AckNak_valid = 1, AckNak = 3
01-18 17:17:47.367 E/mm-camera(  722): <SENSOR><ERROR> 4883: sensor_get_frame_duration: resolution is invalid, it seems stream has stopped.
01-18 17:17:47.368 E/mm-camera(  722): <SENSOR><ERROR> 884: sensor_fc_report_meta: Failed to get frame duration
01-18 17:17:47.368 E/mm-camera(  722): <SENSOR><ERROR> 4805: sensor_get_exposure_time: resolution is invalid, it seems stream has stopped.
01-18 17:17:47.368 E/mm-camera(  722): <SENSOR><ERROR> 904: sensor_fc_report_meta: Failed to get exposure time
01-18 17:17:47.369 E/mm-camera(  722): <MCT   ><ERROR> 2722: mct_stream_process_bus_msg: Check the runing function blackjoe 
01-18 17:17:47.370 E/mm-camera(  722): <MCT   ><ERROR> 2755: mct_stream_process_bus_msg: isp_sof_bus_msg is 0xecac0250
01-18 17:17:47.370 E/mm-camera(  722): <MCT   ><ERROR> 2757: mct_stream_process_bus_msg: frameid is 44075 hal_version is 3
01-18 17:17:47.370 E/mm-camera(  722): <MCT   ><ERROR> 2759: mct_stream_process_bus_msg: kstate_ptr is 0xe9d5f254, isp_kstate_ptr is 0xeda49000
01-18 17:17:47.370 E/mm-camera(  722): <MCT   ><ERROR> 2765: mct_stream_process_bus_msg: frame_id is 44075
01-18 17:17:47.371 E/QCamera (  722): <MCI><ERROR> mm_stream_data_notify: 337: E, my_handle = 0x7200, fd = 69, state = 6 blackjoe
01-18 17:17:47.371 E/QCamera (  722): <MCI><ERROR> mm_stream_read_msm_frame: 1723: E, my_handle = 0x7200, fd = 69, state = 6 blackjoe
01-18 17:17:47.371 I/QCamera (  722): <MCI><INFO> mm_stream_read_msm_frame: 1770: VIDIOC_DQBUF buf_index 10, frame_idx 44074, stream type 7, rc 0,queued: 17, buf_type = 0 flags = 8192 FD = 69 my_num 0 buf fd 102
01-18 17:17:47.371 E/QCamera (  722): <MCI><ERROR> mm_stream_read_msm_frame: 1790: X rc = 0
01-18 17:17:47.372 I/QCamera (  722): <MCI><INFO> mm_stream_handle_rcvd_buf: 220: E, my_handle = 0x7200, fd = 69, state = 6
01-18 17:17:47.372 I/QCamera (  722): <MCI><INFO> mm_stream_handle_rcvd_buf: 244: has cb and it is active by blackjoe
01-18 17:17:47.372 I/QCamera (  722): <MCI><INFO> mm_stream_dispatch_app_data: 415: E, my_handle = 0x7200, fd = 69, state = 6
01-18 17:17:47.372 I/QCamera (  722): <MCI><INFO> mm_stream_dispatch_app_data: 436: frame_sync.is_active = 0, is_cb_active = 1
01-18 17:17:47.373 I/QCamera (  722): <MCI><INFO> mm_stream_dispatch_app_data: 457: Enter callback by blackjoe
01-18 17:17:47.373 E/QCamera (  722): <HAL><ERROR> handleMetadataWithLock: 4863: Cancel missing frame = 4096, buffer = 0xed88fd70,stream type = 8, stream format = 36
01-18 17:17:47.373 E/QCamera (  722): <HAL><ERROR> handleMetadataWithLock: 4863: Cancel missing frame = 4097, buffer = 0xed898fb0,stream type = 8, stream format = 36
01-18 17:17:47.373 E/QCamera (  722): <HAL><ERROR> handleMetadataWithLock: 4863: Cancel missing frame = 4098, buffer = 0xed895680,stream type = 8, stream format = 36
01-18 17:17:47.373 E/QCamera (  722): <HAL><ERROR> handleMetadataWithLock: 4863: Cancel missing frame = 4099, buffer = 0xed8949c0,stream type = 8, stream format = 36
01-18 17:17:47.373 E/QCamera (  722): <HAL><ERROR> handleMetadataWithLock: 4863: Cancel missing frame = 4100, buffer = 0xed89bef0,stream type = 8, stream format = 36
01-18 17:17:47.375 E/        (    0): frame_src is 1 frame_id is 44075 blackjoe
01-18 17:17:47.374 E/mm-camera(  722): <STATS_AIS ><ERROR> 1316: dsps_process_response_gyro: Query request denied, error code = 5, QId_valid = 1, QueryId = 0x2b0a, AckNak_valid = 1, AckNak = 3
01-18 17:17:47.374 E/QCamera (  722): <MCI><ERROR> cancelBuffer: 884: Calling cancel buf on idx:9 for stream type:8
01-18 17:17:47.374 E/QCamera (  722): <MCI><ERROR> mm_stream_cancel_buf: 5156: mm_stream_cancel_buf(idx=9) err=-1
01-18 17:17:47.375 E/QCamera (  722): <MCI><ERROR> cancelBuffer: 884: Calling cancel buf on idx:10 for stream type:8
01-18 17:17:47.375 E/QCamera (  722): <MCI><ERROR> mm_stream_cancel_buf: 5125: Error Trying to extract a frame already sent to HAL(idx=10) count=1
01-18 17:17:47.375 E/QCamera (  722): <MCI><ERROR> cancelBuffer: 884: Calling cancel buf on idx:11 for stream type:8
01-18 17:17:47.375 E/QCamera (  722): <MCI><ERROR> mm_stream_cancel_buf: 5125: Error Trying to extract a frame already sent to HAL(idx=11) count=1
01-18 17:17:47.376 E/QCamera (  722): <MCI><ERROR> cancelBuffer: 884: Calling cancel buf on idx:6 for stream type:8
01-18 17:17:47.376 E/QCamera (  722): <MCI><ERROR> mm_stream_cancel_buf: 5125: Error Trying to extract a frame already sent to HAL(idx=6) count=1
01-18 17:17:47.376 E/QCamera (  722): <MCI><ERROR> cancelBuffer: 884: Calling cancel buf on idx:7 for stream type:8
01-18 17:17:47.376 E/QCamera (  722): <MCI><ERROR> mm_stream_cancel_buf: 5125: Error Trying to extract a frame already sent to HAL(idx=7) count=1
01-18 17:17:47.384 E/mm-camera(  722): <SENSOR><ERROR> 4883: sensor_get_frame_duration: resolution is invalid, it seems stream has stopped.
01-18 17:17:47.384 E/mm-camera(  722): <SENSOR><ERROR> 884: sensor_fc_report_meta: Failed to get frame duration
01-18 17:17:47.384 E/mm-camera(  722): <SENSOR><ERROR> 4805: sensor_get_exposure_time: resolution is invalid, it seems stream has stopped.
01-18 17:17:47.384 E/mm-camera(  722): <SENSOR><ERROR> 904: sensor_fc_report_meta: Failed to get exposure time
01-18 17:17:47.385 E/mm-camera(  722): <MCT   ><ERROR> 2722: mct_stream_process_bus_msg: Check the runing function blackjoe 
01-18 17:17:47.386 E/mm-camera(  722): <MCT   ><ERROR> 2755: mct_stream_process_bus_msg: isp_sof_bus_msg is 0xecac0250
01-18 17:17:47.386 E/mm-camera(  722): <MCT   ><ERROR> 2757: mct_stream_process_bus_msg: frameid is 44076 hal_version is 3
01-18 17:17:47.386 E/mm-camera(  722): <MCT   ><ERROR> 2759: mct_stream_process_bus_msg: kstate_ptr is 0xe9d5f254, isp_kstate_ptr is 0xeda49000
01-18 17:17:47.386 E/mm-camera(  722): <MCT   ><ERROR> 2765: mct_stream_process_bus_msg: frame_id is 44076
01-18 17:17:47.387 E/QCamera (  722): <MCI><ERROR> mm_stream_data_notify: 337: E, my_handle = 0x7200, fd = 69, state = 6 blackjoe
01-18 17:17:47.387 E/QCamera (  722): <MCI><ERROR> mm_stream_read_msm_frame: 1723: E, my_handle = 0x7200, fd = 69, state = 6 blackjoe
01-18 17:17:47.387 I/QCamera (  722): <MCI><INFO> mm_stream_read_msm_frame: 1770: VIDIOC_DQBUF buf_index 11, frame_idx 44075, stream type 7, rc 0,queued: 17, buf_type = 0 flags = 8192 FD = 69 my_num 0 buf fd 104
01-18 17:17:47.387 E/QCamera (  722): <MCI><ERROR> mm_stream_read_msm_frame: 1790: X rc = 0
01-18 17:17:47.387 I/QCamera (  722): <MCI><INFO> mm_stream_handle_rcvd_buf: 220: E, my_handle = 0x7200, fd = 69, state = 6
01-18 17:17:47.388 I/QCamera (  722): <MCI><INFO> mm_stream_handle_rcvd_buf: 244: has cb and it is active by blackjoe
01-18 17:17:47.392 E/        (    0): frame_src is 1 frame_id is 44076 blackjoe
01-18 17:17:47.388 I/QCamera (  722): <MCI><INFO> mm_stream_dispatch_app_data: 415: E, my_handle = 0x7200, fd = 69, state = 6
01-18 17:17:47.388 I/QCamera (  722): <MCI><INFO> mm_stream_dispatch_app_data: 436: frame_sync.is_active = 0, is_cb_active = 1
01-18 17:17:47.388 I/QCamera (  722): <MCI><INFO> mm_stream_dispatch_app_data: 457: Enter callback by blackjoe
01-18 17:17:47.389 E/QCamera (  722): <HAL><ERROR> handleMetadataWithLock: 4863: Cancel missing frame = 4096, buffer = 0xed88fd70,stream type = 8, stream format = 36
01-18 17:17:47.389 E/QCamera (  722): <HAL><ERROR> handleMetadataWithLock: 4863: Cancel missing frame = 4097, buffer = 0xed898fb0,stream type = 8, stream format = 36
01-18 17:17:47.389 E/QCamera (  722): <HAL><ERROR> handleMetadataWithLock: 4863: Cancel missing frame = 4098, buffer = 0xed895680,stream type = 8, stream format = 36
01-18 17:17:47.389 E/QCamera (  722): <HAL><ERROR> handleMetadataWithLock: 4863: Cancel missing frame = 4099, buffer = 0xed8949c0,stream type = 8, stream format = 36
01-18 17:17:47.389 E/QCamera (  722): <HAL><ERROR> handleMetadataWithLock: 4863: Cancel missing frame = 4100, buffer = 0xed89bef0,stream type = 8, stream format = 36
01-18 17:17:47.390 E/QCamera (  722): <MCI><ERROR> cancelBuffer: 884: Calling cancel buf on idx:9 for stream type:8
01-18 17:17:47.390 E/QCamera (  722): <MCI><ERROR> mm_stream_cancel_buf: 5156: mm_stream_cancel_buf(idx=9) err=-1
01-18 17:17:47.390 E/QCamera (  722): <MCI><ERROR> cancelBuffer: 884: Calling cancel buf on idx:10 for stream type:8
01-18 17:17:47.390 E/QCamera (  722): <MCI><ERROR> mm_stream_cancel_buf: 5125: Error Trying to extract a frame already sent to HAL(idx=10) count=1
01-18 17:17:47.390 E/QCamera (  722): <MCI><ERROR> cancelBuffer: 884: Calling cancel buf on idx:11 for stream type:8
01-18 17:17:47.391 E/QCamera (  722): <MCI><ERROR> mm_stream_cancel_buf: 5125: Error Trying to extract a frame already sent to HAL(idx=11) count=1
01-18 17:17:47.391 E/QCamera (  722): <MCI><ERROR> cancelBuffer: 884: Calling cancel buf on idx:6 for stream type:8
01-18 17:17:47.391 E/QCamera (  722): <MCI><ERROR> mm_stream_cancel_buf: 5125: Error Trying to extract a frame already sent to HAL(idx=6) count=1
01-18 17:17:47.391 E/QCamera (  722): <MCI><ERROR> cancelBuffer: 884: Calling cancel buf on idx:7 for stream type:8
01-18 17:17:47.391 E/QCamera (  722): <MCI><ERROR> mm_stream_cancel_buf: 5125: Error Trying to extract a frame already sent to HAL(idx=7) count=1
01-18 17:17:47.392 E/mm-camera(  722): <STATS_AIS ><ERROR> 1316: dsps_process_response_gyro: Query request denied, error code = 5, QId_valid = 1, QueryId = 0x2c0a, AckNak_valid = 1, AckNak = 3
01-18 17:17:47.400 E/mm-camera(  722): <SENSOR><ERROR> 4883: sensor_get_frame_duration: resolution is invalid, it seems stream has stopped.
01-18 17:17:47.401 E/mm-camera(  722): <SENSOR><ERROR> 884: sensor_fc_report_meta: Failed to get frame duration
01-18 17:17:47.401 E/mm-camera(  722): <SENSOR><ERROR> 4805: sensor_get_exposure_time: resolution is invalid, it seems stream has stopped.
01-18 17:17:47.401 E/mm-camera(  722): <SENSOR><ERROR> 904: sensor_fc_report_meta: Failed to get exposure time
01-18 17:17:47.402 E/mm-camera(  722): <MCT   ><ERROR> 2722: mct_stream_process_bus_msg: Check the runing function blackjoe 
01-18 17:17:47.402 E/mm-camera(  722): <MCT   ><ERROR> 2755: mct_stream_process_bus_msg: isp_sof_bus_msg is 0xecac0250
01-18 17:17:47.402 E/mm-camera(  722): <MCT   ><ERROR> 2757: mct_stream_process_bus_msg: frameid is 44077 hal_version is 3
01-18 17:17:47.403 E/mm-camera(  722): <MCT   ><ERROR> 2759: mct_stream_process_bus_msg: kstate_ptr is 0xe9d5f254, isp_kstate_ptr is 0xeda49000
01-18 17:17:47.403 E/mm-camera(  722): <MCT   ><ERROR> 2765: mct_stream_process_bus_msg: frame_id is 44077
01-18 17:17:47.403 E/QCamera (  722): <MCI><ERROR> mm_stream_data_notify: 337: E, my_handle = 0x7200, fd = 69, state = 6 blackjoe
01-18 17:17:47.403 E/QCamera (  722): <MCI><ERROR> mm_stream_read_msm_frame: 1723: E, my_handle = 0x7200, fd = 69, state = 6 blackjoe
01-18 17:17:47.404 I/QCamera (  722): <MCI><INFO> mm_stream_read_msm_frame: 1770: VIDIOC_DQBUF buf_index 12, frame_idx 44076, stream type 7, rc 0,queued: 17, buf_type = 0 flags = 8192 FD = 69 my_num 0 buf fd 106
01-18 17:17:47.404 E/QCamera (  722): <MCI><ERROR> mm_stream_read_msm_frame: 1790: X rc = 0
01-18 17:17:47.404 I/QCamera (  722): <MCI><INFO> mm_stream_handle_rcvd_buf: 220: E, my_handle = 0x7200, fd = 69, state = 6
01-18 17:17:47.408 E/        (    0): frame_src is 1 frame_id is 44077 blackjoe
01-18 17:17:47.404 I/QCamera (  722): <MCI><INFO> mm_stream_handle_rcvd_buf: 244: has cb and it is active by blackjoe
01-18 17:17:47.404 I/QCamera (  722): <MCI><INFO> mm_stream_dispatch_app_data: 415: E, my_handle = 0x7200, fd = 69, state = 6
01-18 17:17:47.405 I/QCamera (  722): <MCI><INFO> mm_stream_dispatch_app_data: 436: frame_sync.is_active = 0, is_cb_active = 1
01-18 17:17:47.405 I/QCamera (  722): <MCI><INFO> mm_stream_dispatch_app_data: 457: Enter callback by blackjoe
01-18 17:17:47.405 E/QCamera (  722): <HAL><ERROR> handleMetadataWithLock: 4863: Cancel missing frame = 4096, buffer = 0xed88fd70,stream type = 8, stream format = 36
01-18 17:17:47.405 E/QCamera (  722): <HAL><ERROR> handleMetadataWithLock: 4863: Cancel missing frame = 4097, buffer = 0xed898fb0,stream type = 8, stream format = 36
01-18 17:17:47.405 E/QCamera (  722): <MCI><ERROR> cancelBuffer: 884: Calling cancel buf on idx:9 for stream type:8
01-18 17:17:47.406 E/QCamera (  722): <HAL><ERROR> handleMetadataWithLock: 4863: Cancel missing frame = 4098, buffer = 0xed895680,stream type = 8, stream format = 36
01-18 17:17:47.406 E/QCamera (  722): <MCI><ERROR> mm_stream_cancel_buf: 5156: mm_stream_cancel_buf(idx=9) err=-1
01-18 17:17:47.406 E/QCamera (  722): <HAL><ERROR> handleMetadataWithLock: 4863: Cancel missing frame = 4099, buffer = 0xed8949c0,stream type = 8, stream format = 36
01-18 17:17:47.406 E/QCamera (  722): <MCI><ERROR> cancelBuffer: 884: Calling cancel buf on idx:10 for stream type:8
01-18 17:17:47.406 E/QCamera (  722): <HAL><ERROR> handleMetadataWithLock: 4863: Cancel missing frame = 4100, buffer = 0xed89bef0,stream type = 8, stream format = 36
01-18 17:17:47.406 E/QCamera (  722): <MCI><ERROR> mm_stream_cancel_buf: 5125: Error Trying to extract a frame already sent to HAL(idx=10) count=1
01-18 17:17:47.406 E/QCamera (  722): <MCI><ERROR> cancelBuffer: 884: Calling cancel buf on idx:11 for stream type:8
01-18 17:17:47.406 E/QCamera (  722): <MCI><ERROR> mm_stream_cancel_buf: 5125: Error Trying to extract a frame already sent to HAL(idx=11) count=1
01-18 17:17:47.406 E/QCamera (  722): <MCI><ERROR> cancelBuffer: 884: Calling cancel buf on idx:6 for stream type:8
01-18 17:17:47.407 E/QCamera (  722): <MCI><ERROR> mm_stream_cancel_buf: 5125: Error Trying to extract a frame already sent to HAL(idx=6) count=1
01-18 17:17:47.407 E/QCamera (  722): <MCI><ERROR> cancelBuffer: 884: Calling cancel buf on idx:7 for stream type:8
01-18 17:17:47.407 E/QCamera (  722): <MCI><ERROR> mm_stream_cancel_buf: 5125: Error Trying to extract a frame already sent to HAL(idx=7) count=1
01-18 17:17:47.408 E/mm-camera(  722): <STATS_AIS ><ERROR> 1316: dsps_process_response_gyro: Query request denied, error code = 5, QId_valid = 1, QueryId = 0x2d0a, AckNak_valid = 1, AckNak = 3
01-18 17:17:47.417 E/mm-camera(  722): <SENSOR><ERROR> 4883: sensor_get_frame_duration: resolution is invalid, it seems stream has stopped.
01-18 17:17:47.417 E/mm-camera(  722): <SENSOR><ERROR> 884: sensor_fc_report_meta: Failed to get frame duration
01-18 17:17:47.418 E/mm-camera(  722): <SENSOR><ERROR> 4805: sensor_get_exposure_time: resolution is invalid, it seems stream has stopped.
01-18 17:17:47.418 E/mm-camera(  722): <SENSOR><ERROR> 904: sensor_fc_report_meta: Failed to get exposure time
01-18 17:17:47.419 E/mm-camera(  722): <MCT   ><ERROR> 2722: mct_stream_process_bus_msg: Check the runing function blackjoe 
01-18 17:17:47.419 E/mm-camera(  722): <MCT   ><ERROR> 2755: mct_stream_process_bus_msg: isp_sof_bus_msg is 0xecac0250
01-18 17:17:47.419 E/mm-camera(  722): <MCT   ><ERROR> 2757: mct_stream_process_bus_msg: frameid is 44078 hal_version is 3
01-18 17:17:47.419 E/mm-camera(  722): <MCT   ><ERROR> 2759: mct_stream_process_bus_msg: kstate_ptr is 0xe9d5f254, isp_kstate_ptr is 0xeda49000
01-18 17:17:47.419 E/mm-camera(  722): <MCT   ><ERROR> 2765: mct_stream_process_bus_msg: frame_id is 44078
01-18 17:17:47.420 E/QCamera (  722): <MCI><ERROR> mm_stream_data_notify: 337: E, my_handle = 0x7200, fd = 69, state = 6 blackjoe
01-18 17:17:47.420 E/QCamera (  722): <MCI><ERROR> mm_stream_read_msm_frame: 1723: E, my_handle = 0x7200, fd = 69, state = 6 blackjoe
01-18 17:17:47.420 I/QCamera (  722): <MCI><INFO> mm_stream_read_msm_frame: 1770: VIDIOC_DQBUF buf_index 13, frame_idx 44077, stream type 7, rc 0,queued: 17, buf_type = 0 flags = 8192 FD = 69 my_num 0 buf fd 108
01-18 17:17:47.420 E/QCamera (  722): <MCI><ERROR> mm_stream_read_msm_frame: 1790: X rc = 0
01-18 17:17:47.421 I/QCamera (  722): <MCI><INFO> mm_stream_handle_rcvd_buf: 220: E, my_handle = 0x7200, fd = 69, state = 6
01-18 17:17:47.421 I/QCamera (  722): <MCI><INFO> mm_stream_handle_rcvd_buf: 244: has cb and it is active by blackjoe
01-18 17:17:47.421 I/QCamera (  722): <MCI><INFO> mm_stream_dispatch_app_data: 415: E, my_handle = 0x7200, fd = 69, state = 6
01-18 17:17:47.421 I/QCamera (  722): <MCI><INFO> mm_stream_dispatch_app_data: 436: frame_sync.is_active = 0, is_cb_active = 1
01-18 17:17:47.421 I/QCamera (  722): <MCI><INFO> mm_stream_dispatch_app_data: 457: Enter callback by blackjoe
01-18 17:17:47.422 E/QCamera (  722): <HAL><ERROR> handleMetadataWithLock: 4863: Cancel missing frame = 4096, buffer = 0xed88fd70,stream type = 8, stream format = 36
01-18 17:17:47.422 E/QCamera (  722): <HAL><ERROR> handleMetadataWithLock: 4863: Cancel missing frame = 4097, buffer = 0xed898fb0,stream type = 8, stream format = 36
01-18 17:17:47.422 E/QCamera (  722): <MCI><ERROR> cancelBuffer: 884: Calling cancel buf on idx:9 for stream type:8
01-18 17:17:47.422 E/QCamera (  722): <HAL><ERROR> handleMetadataWithLock: 4863: Cancel missing frame = 4098, buffer = 0xed895680,stream type = 8, stream format = 36
01-18 17:17:47.422 E/QCamera (  722): <MCI><ERROR> mm_stream_cancel_buf: 5156: mm_stream_cancel_buf(idx=9) err=-1
01-18 17:17:47.423 E/QCamera (  722): <HAL><ERROR> handleMetadataWithLock: 4863: Cancel missing frame = 4099, buffer = 0xed8949c0,stream type = 8, stream format = 36
01-18 17:17:47.423 E/QCamera (  722): <MCI><ERROR> cancelBuffer: 884: Calling cancel buf on idx:10 for stream type:8
01-18 17:17:47.423 E/QCamera (  722): <HAL><ERROR> handleMetadataWithLock: 4863: Cancel missing frame = 4100, buffer = 0xed89bef0,stream type = 8, stream format = 36
01-18 17:17:47.418 D/logd    (    0): logdr: UID=0 GID=0 PID=28477 n tail=0 logMask=99 pid=0 start=0ns timeout=0ns
01-18 17:17:47.423 E/QCamera (  722): <MCI><ERROR> mm_stream_cancel_buf: 5125: Error Trying to extract a frame already sent to HAL(idx=10) count=1
01-18 17:17:47.423 E/QCamera (  722): <MCI><ERROR> cancelBuffer: 884: Calling cancel buf on idx:11 for stream type:8
01-18 17:17:47.425 E/        (    0): frame_src is 1 frame_id is 44078 blackjoe
01-18 17:17:47.423 E/QCamera (  722): <MCI><ERROR> mm_stream_cancel_buf: 5125: Error Trying to extract a frame already sent to HAL(idx=11) count=1
01-18 17:17:47.423 E/QCamera (  722): <MCI><ERROR> cancelBuffer: 884: Calling cancel buf on idx:6 for stream type:8
01-18 17:17:47.423 E/QCamera (  722): <MCI><ERROR> mm_stream_cancel_buf: 5125: Error Trying to extract a frame already sent to HAL(idx=6) count=1
01-18 17:17:47.423 E/QCamera (  722): <MCI><ERROR> cancelBuffer: 884: Calling cancel buf on idx:7 for stream type:8
01-18 17:17:47.424 E/QCamera (  722): <MCI><ERROR> mm_stream_cancel_buf: 5125: Error Trying to extract a frame already sent to HAL(idx=7) count=1
01-18 17:17:47.424 E/mm-camera(  722): <STATS_AIS ><ERROR> 1316: dsps_process_response_gyro: Query request denied, error code = 5, QId_valid = 1, QueryId = 0x2e0a, AckNak_valid = 1, AckNak = 3
01-18 17:17:47.468 E/mm-camera(  722): <SENSOR><ERROR> 4883: sensor_get_frame_duration: resolution is invalid, it seems stream has stopped.
01-18 17:17:47.468 E/mm-camera(  722): <SENSOR><ERROR> 884: sensor_fc_report_meta: Failed to get frame duration
01-18 17:17:47.468 E/mm-camera(  722): <SENSOR><ERROR> 4805: sensor_get_exposure_time: resolution is invalid, it seems stream has stopped.
01-18 17:17:47.468 E/mm-camera(  722): <SENSOR><ERROR> 904: sensor_fc_report_meta: Failed to get exposure time
01-18 17:17:47.469 E/mm-camera(  722): <MCT   ><ERROR> 2722: mct_stream_process_bus_msg: Check the runing function blackjoe 
01-18 17:17:47.469 E/mm-camera(  722): <MCT   ><ERROR> 2755: mct_stream_process_bus_msg: isp_sof_bus_msg is 0xecac0250
01-18 17:17:47.469 E/mm-camera(  722): <MCT   ><ERROR> 2757: mct_stream_process_bus_msg: frameid is 44079 hal_version is 3
01-18 17:17:47.470 E/mm-camera(  722): <MCT   ><ERROR> 2759: mct_stream_process_bus_msg: kstate_ptr is 0xe9d5f254, isp_kstate_ptr is 0xeda49000
01-18 17:17:47.470 E/mm-camera(  722): <MCT   ><ERROR> 2765: mct_stream_process_bus_msg: frame_id is 44079
01-18 17:17:47.470 E/QCamera (  722): <MCI><ERROR> mm_stream_data_notify: 337: E, my_handle = 0x7200, fd = 69, state = 6 blackjoe
01-18 17:17:47.470 E/QCamera (  722): <MCI><ERROR> mm_stream_read_msm_frame: 1723: E, my_handle = 0x7200, fd = 69, state = 6 blackjoe
01-18 17:17:47.471 I/QCamera (  722): <MCI><INFO> mm_stream_read_msm_frame: 1770: VIDIOC_DQBUF buf_index 14, frame_idx 44078, stream type 7, rc 0,queued: 17, buf_type = 0 flags = 8192 FD = 69 my_num 0 buf fd 110
01-18 17:17:47.471 E/QCamera (  722): <MCI><ERROR> mm_stream_read_msm_frame: 1790: X rc = 0
01-18 17:17:47.471 I/QCamera (  722): <MCI><INFO> mm_stream_handle_rcvd_buf: 220: E, my_handle = 0x7200, fd = 69, state = 6
01-18 17:17:47.471 I/QCamera (  722): <MCI><INFO> mm_stream_handle_rcvd_buf: 244: has cb and it is active by blackjoe
01-18 17:17:47.471 I/QCamera (  722): <MCI><INFO> mm_stream_dispatch_app_data: 415: E, my_handle = 0x7200, fd = 69, state = 6
01-18 17:17:47.472 I/QCamera (  722): <MCI><INFO> mm_stream_dispatch_app_data: 436: frame_sync.is_active = 0, is_cb_active = 1
01-18 17:17:47.472 I/QCamera (  722): <MCI><INFO> mm_stream_dispatch_app_data: 457: Enter callback by blackjoe
01-18 17:17:47.472 E/QCamera (  722): <HAL><ERROR> handleMetadataWithLock: 4863: Cancel missing frame = 4096, buffer = 0xed88fd70,stream type = 8, stream format = 36
01-18 17:17:47.472 E/QCamera (  722): <HAL><ERROR> handleMetadataWithLock: 4863: Cancel missing frame = 4097, buffer = 0xed898fb0,stream type = 8, stream format = 36
01-18 17:17:47.473 E/QCamera (  722): <HAL><ERROR> handleMetadataWithLock: 4863: Cancel missing frame = 4098, buffer = 0xed895680,stream type = 8, stream format = 36
01-18 17:17:47.473 E/QCamera (  722): <HAL><ERROR> handleMetadataWithLock: 4863: Cancel missing frame = 4099, buffer = 0xed8949c0,stream type = 8, stream format = 36
01-18 17:17:47.473 E/QCamera (  722): <HAL><ERROR> handleMetadataWithLock: 4863: Cancel missing frame = 4100, buffer = 0xed89bef0,stream type = 8, stream format = 36
01-18 17:17:47.475 E/        (    0): frame_src is 1 frame_id is 44079 blackjoe
01-18 17:17:47.473 E/QCamera (  722): <MCI><ERROR> cancelBuffer: 884: Calling cancel buf on idx:9 for stream type:8
01-18 17:17:47.474 E/QCamera (  722): <MCI><ERROR> mm_stream_cancel_buf: 5156: mm_stream_cancel_buf(idx=9) err=-1
01-18 17:17:47.474 E/QCamera (  722): <MCI><ERROR> cancelBuffer: 884: Calling cancel buf on idx:10 for stream type:8
01-18 17:17:47.474 E/QCamera (  722): <MCI><ERROR> mm_stream_cancel_buf: 5125: Error Trying to extract a frame already sent to HAL(idx=10) count=1
01-18 17:17:47.474 E/QCamera (  722): <MCI><ERROR> cancelBuffer: 884: Calling cancel buf on idx:11 for stream type:8
01-18 17:17:47.474 E/QCamera (  722): <MCI><ERROR> mm_stream_cancel_buf: 5125: Error Trying to extract a frame already sent to HAL(idx=11) count=1
01-18 17:17:47.474 E/mm-camera(  722): <STATS_AIS ><ERROR> 1316: dsps_process_response_gyro: Query request denied, error code = 5, QId_valid = 1, QueryId = 0x2f0a, AckNak_valid = 1, AckNak = 3
01-18 17:17:47.474 E/QCamera (  722): <MCI><ERROR> cancelBuffer: 884: Calling cancel buf on idx:6 for stream type:8
01-18 17:17:47.475 E/QCamera (  722): <MCI><ERROR> mm_stream_cancel_buf: 5125: Error Trying to extract a frame already sent to HAL(idx=6) count=1
01-18 17:17:47.475 E/QCamera (  722): <MCI><ERROR> cancelBuffer: 884: Calling cancel buf on idx:7 for stream type:8
01-18 17:17:47.475 E/QCamera (  722): <MCI><ERROR> mm_stream_cancel_buf: 5125: Error Trying to extract a frame already sent to HAL(idx=7) count=1
01-18 17:17:47.492 E/        (    0): frame_src is 1 frame_id is 44080 blackjoe
01-18 17:17:47.484 E/mm-camera(  722): <SENSOR><ERROR> 4883: sensor_get_frame_duration: resolution is invalid, it seems stream has stopped.
01-18 17:17:47.485 E/mm-camera(  722): <SENSOR><ERROR> 884: sensor_fc_report_meta: Failed to get frame duration
01-18 17:17:47.485 E/mm-camera(  722): <SENSOR><ERROR> 4805: sensor_get_exposure_time: resolution is invalid, it seems stream has stopped.
01-18 17:17:47.485 E/mm-camera(  722): <SENSOR><ERROR> 904: sensor_fc_report_meta: Failed to get exposure time
01-18 17:17:47.486 E/mm-camera(  722): <MCT   ><ERROR> 2722: mct_stream_process_bus_msg: Check the runing function blackjoe 
01-18 17:17:47.486 E/mm-camera(  722): <MCT   ><ERROR> 2755: mct_stream_process_bus_msg: isp_sof_bus_msg is 0xecac0250
01-18 17:17:47.486 E/mm-camera(  722): <MCT   ><ERROR> 2757: mct_stream_process_bus_msg: frameid is 44080 hal_version is 3
01-18 17:17:47.486 E/mm-camera(  722): <MCT   ><ERROR> 2759: mct_stream_process_bus_msg: kstate_ptr is 0xe9d5f254, isp_kstate_ptr is 0xeda49000
01-18 17:17:47.487 E/mm-camera(  722): <MCT   ><ERROR> 2765: mct_stream_process_bus_msg: frame_id is 44080
01-18 17:17:47.487 E/QCamera (  722): <MCI><ERROR> mm_stream_data_notify: 337: E, my_handle = 0x7200, fd = 69, state = 6 blackjoe
01-18 17:17:47.487 E/QCamera (  722): <MCI><ERROR> mm_stream_read_msm_frame: 1723: E, my_handle = 0x7200, fd = 69, state = 6 blackjoe
01-18 17:17:47.488 I/QCamera (  722): <MCI><INFO> mm_stream_read_msm_frame: 1770: VIDIOC_DQBUF buf_index 15, frame_idx 44079, stream type 7, rc 0,queued: 17, buf_type = 0 flags = 8192 FD = 69 my_num 0 buf fd 112
01-18 17:17:47.488 E/QCamera (  722): <MCI><ERROR> mm_stream_read_msm_frame: 1790: X rc = 0
01-18 17:17:47.488 I/QCamera (  722): <MCI><INFO> mm_stream_handle_rcvd_buf: 220: E, my_handle = 0x7200, fd = 69, state = 6
01-18 17:17:47.488 I/QCamera (  722): <MCI><INFO> mm_stream_handle_rcvd_buf: 244: has cb and it is active by blackjoe
01-18 17:17:47.488 I/QCamera (  722): <MCI><INFO> mm_stream_dispatch_app_data: 415: E, my_handle = 0x7200, fd = 69, state = 6
01-18 17:17:47.489 I/QCamera (  722): <MCI><INFO> mm_stream_dispatch_app_data: 436: frame_sync.is_active = 0, is_cb_active = 1
01-18 17:17:47.489 I/QCamera (  722): <MCI><INFO> mm_stream_dispatch_app_data: 457: Enter callback by blackjoe
01-18 17:17:47.489 E/QCamera (  722): <HAL><ERROR> handleMetadataWithLock: 4863: Cancel missing frame = 4096, buffer = 0xed88fd70,stream type = 8, stream format = 36
01-18 17:17:47.489 E/QCamera (  722): <HAL><ERROR> handleMetadataWithLock: 4863: Cancel missing frame = 4097, buffer = 0xed898fb0,stream type = 8, stream format = 36
01-18 17:17:47.489 E/QCamera (  722): <MCI><ERROR> cancelBuffer: 884: Calling cancel buf on idx:9 for stream type:8
01-18 17:17:47.489 E/QCamera (  722): <HAL><ERROR> handleMetadataWithLock: 4863: Cancel missing frame = 4098, buffer = 0xed895680,stream type = 8, stream format = 36
01-18 17:17:47.489 E/QCamera (  722): <MCI><ERROR> mm_stream_cancel_buf: 5156: mm_stream_cancel_buf(idx=9) err=-1
01-18 17:17:47.490 E/QCamera (  722): <HAL><ERROR> handleMetadataWithLock: 4863: Cancel missing frame = 4099, buffer = 0xed8949c0,stream type = 8, stream format = 36
01-18 17:17:47.490 E/QCamera (  722): <HAL><ERROR> handleMetadataWithLock: 4863: Cancel missing frame = 4100, buffer = 0xed89bef0,stream type = 8, stream format = 36
01-18 17:17:47.490 E/QCamera (  722): <MCI><ERROR> cancelBuffer: 884: Calling cancel buf on idx:10 for stream type:8
01-18 17:17:47.490 E/QCamera (  722): <MCI><ERROR> mm_stream_cancel_buf: 5125: Error Trying to extract a frame already sent to HAL(idx=10) count=1
01-18 17:17:47.490 E/mm-camera(  722): <STATS_AIS ><ERROR> 1316: dsps_process_response_gyro: Query request denied, error code = 5, QId_valid = 1, QueryId = 0x300a, AckNak_valid = 1, AckNak = 3
01-18 17:17:47.490 E/QCamera (  722): <MCI><ERROR> cancelBuffer: 884: Calling cancel buf on idx:11 for stream type:8
01-18 17:17:47.490 E/QCamera (  722): <MCI><ERROR> mm_stream_cancel_buf: 5125: Error Trying to extract a frame already sent to HAL(idx=11) count=1
01-18 17:17:47.490 E/QCamera (  722): <MCI><ERROR> cancelBuffer: 884: Calling cancel buf on idx:6 for stream type:8
01-18 17:17:47.490 E/QCamera (  722): <MCI><ERROR> mm_stream_cancel_buf: 5125: Error Trying to extract a frame already sent to HAL(idx=6) count=1
01-18 17:17:47.491 E/QCamera (  722): <MCI><ERROR> cancelBuffer: 884: Calling cancel buf on idx:7 for stream type:8
01-18 17:17:47.491 E/QCamera (  722): <MCI><ERROR> mm_stream_cancel_buf: 5125: Error Trying to extract a frame already sent to HAL(idx=7) count=1
01-18 17:17:47.501 E/mm-camera(  722): <SENSOR><ERROR> 4883: sensor_get_frame_duration: resolution is invalid, it seems stream has stopped.
01-18 17:17:47.501 E/mm-camera(  722): <SENSOR><ERROR> 884: sensor_fc_report_meta: Failed to get frame duration
01-18 17:17:47.502 E/mm-camera(  722): <SENSOR><ERROR> 4805: sensor_get_exposure_time: resolution is invalid, it seems stream has stopped.
01-18 17:17:47.502 E/mm-camera(  722): <SENSOR><ERROR> 904: sensor_fc_report_meta: Failed to get exposure time
01-18 17:17:47.503 E/mm-camera(  722): <MCT   ><ERROR> 2722: mct_stream_process_bus_msg: Check the runing function blackjoe 
01-18 17:17:47.509 E/        (    0): frame_src is 1 frame_id is 44081 blackjoe
01-18 17:17:47.503 E/mm-camera(  722): <MCT   ><ERROR> 2755: mct_stream_process_bus_msg: isp_sof_bus_msg is 0xecac0250
01-18 17:17:47.503 E/mm-camera(  722): <MCT   ><ERROR> 2757: mct_stream_process_bus_msg: frameid is 44081 hal_version is 3
01-18 17:17:47.503 E/mm-camera(  722): <MCT   ><ERROR> 2759: mct_stream_process_bus_msg: kstate_ptr is 0xe9d5f254, isp_kstate_ptr is 0xeda49000
01-18 17:17:47.503 E/mm-camera(  722): <MCT   ><ERROR> 2765: mct_stream_process_bus_msg: frame_id is 44081
01-18 17:17:47.504 E/QCamera (  722): <MCI><ERROR> mm_stream_data_notify: 337: E, my_handle = 0x7200, fd = 69, state = 6 blackjoe
01-18 17:17:47.504 E/QCamera (  722): <MCI><ERROR> mm_stream_read_msm_frame: 1723: E, my_handle = 0x7200, fd = 69, state = 6 blackjoe
