06-03 20:41:15.146 E/QCamera (  715): <MCI><ERROR> mm_stream_data_notify: 337: E, my_handle = 0x2d01, fd = 78, state = 6 blackjoe
06-03 20:41:15.146 E/QCamera (  715): <MCI><ERROR> mm_stream_read_msm_frame: 1723: E, my_handle = 0x2d01, fd = 78, state = 6 blackjoe
06-03 20:41:15.146 I/QCamera (  715): <MCI><INFO> mm_stream_read_msm_frame: 1770: VIDIOC_DQBUF buf_index 8, frame_idx 35, stream type 8, rc 0,queued: 5, buf_type = 0 flags = 8192 FD = 78 my_num 0 buf fd 137
06-03 20:41:15.147 E/QCamera (  715): <MCI><ERROR> mm_stream_read_msm_frame: 1790: X rc = 0
06-03 20:41:15.147 I/QCamera (  715): <MCI><INFO> mm_stream_handle_rcvd_buf: 220: E, my_handle = 0x2d01, fd = 78, state = 6
06-03 20:41:15.147 I/QCamera (  715): <MCI><INFO> mm_stream_handle_rcvd_buf: 244: has cb and it is active by blackjoe
06-03 20:41:15.147 I/QCamera (  715): <MCI><INFO> mm_stream_dispatch_app_data: 415: E, my_handle = 0x2d01, fd = 78, state = 6
06-03 20:41:15.147 I/QCamera (  715): <MCI><INFO> mm_stream_dispatch_app_data: 436: frame_sync.is_active = 0, is_cb_active = 1
06-03 20:41:15.147 I/QCamera (  715): <MCI><INFO> mm_stream_dispatch_app_data: 457: Enter callback by blackjoe
06-03 20:41:15.148 E/mm-camera(  715): <SENSOR><ERROR> 4883: sensor_get_frame_duration: resolution is invalid, it seems stream has stopped.
06-03 20:41:15.148 E/mm-camera(  715): <SENSOR><ERROR> 884: sensor_fc_report_meta: Failed to get frame duration
06-03 20:41:15.148 E/mm-camera(  715): <SENSOR><ERROR> 4805: sensor_get_exposure_time: resolution is invalid, it seems stream has stopped.
06-03 20:41:15.148 E/mm-camera(  715): <SENSOR><ERROR> 904: sensor_fc_report_meta: Failed to get exposure time
06-03 20:41:15.150 E/mm-camera(  715): <MCT   ><ERROR> 2722: mct_stream_process_bus_msg: Check the runing function blackjoe 
06-03 20:41:15.150 E/mm-camera(  715): <MCT   ><ERROR> 2755: mct_stream_process_bus_msg: isp_sof_bus_msg is 0xe7840130
06-03 20:41:15.150 E/mm-camera(  715): <MCT   ><ERROR> 2757: mct_stream_process_bus_msg: frameid is 36 hal_version is 3
06-03 20:41:15.150 E/mm-camera(  715): <MCT   ><ERROR> 2759: mct_stream_process_bus_msg: kstate_ptr is 0xe4adf254, isp_kstate_ptr is 0xe8854000
06-03 20:41:15.150 E/mm-camera(  715): <MCT   ><ERROR> 2765: mct_stream_process_bus_msg: frame_id is 36
06-03 20:41:15.151 E/QCamera (  715): <MCI><ERROR> mm_stream_data_notify: 337: E, my_handle = 0x2c00, fd = 67, state = 6 blackjoe
06-03 20:41:15.151 E/QCamera (  715): <MCI><ERROR> mm_stream_read_msm_frame: 1723: E, my_handle = 0x2c00, fd = 67, state = 6 blackjoe
06-03 20:41:15.151 I/QCamera (  715): <MCI><INFO> mm_stream_read_msm_frame: 1770: VIDIOC_DQBUF buf_index 17, frame_idx 35, stream type 7, rc 0,queued: 17, buf_type = 0 flags = 8192 FD = 67 my_num 0 buf fd 116
06-03 20:41:15.152 E/QCamera (  715): <MCI><ERROR> mm_stream_read_msm_frame: 1790: X rc = 0
06-03 20:41:15.152 I/QCamera (  715): <MCI><INFO> mm_stream_handle_rcvd_buf: 220: E, my_handle = 0x2c00, fd = 67, state = 6
06-03 20:41:15.152 I/QCamera (  715): <MCI><INFO> mm_stream_handle_rcvd_buf: 244: has cb and it is active by blackjoe
06-03 20:41:15.152 I/QCamera (  715): <MCI><INFO> mm_stream_dispatch_app_data: 415: E, my_handle = 0x2c00, fd = 67, state = 6
06-03 20:41:15.152 I/QCamera (  715): <MCI><INFO> mm_stream_dispatch_app_data: 436: frame_sync.is_active = 0, is_cb_active = 1
06-03 20:41:15.152 I/QCamera (  715): <MCI><INFO> mm_stream_dispatch_app_data: 457: Enter callback by blackjoe
06-03 20:41:15.154 E/mm-camera(  715): <STATS_AIS ><ERROR> 1316: dsps_process_response_gyro: Query request denied, error code = 5, QId_valid = 1, QueryId = 0x240a, AckNak_valid = 1, AckNak = 3
06-03 20:41:15.163 E/mm-camera(  715): <MCT   ><ERROR> 4828: mct_pipeline_process_serv_msg: pipeline blackjoe data->sessionid 3 pipeline->session 3 msgid 3
06-03 20:41:15.163 E/mm-camera(  715): <MCT   ><ERROR> 4299: mct_pipeline_process_set: command is 0x8000014 blackjoe CAM_PRIV_PARM 0x8000014
06-03 20:41:15.184 E/QCamera (  715): <MCI><ERROR> mm_stream_data_notify: 337: E, my_handle = 0x2d01, fd = 78, state = 6 blackjoe
06-03 20:41:15.184 E/mm-camera(  715): <SENSOR><ERROR> 4883: sensor_get_frame_duration: resolution is invalid, it seems stream has stopped.
06-03 20:41:15.184 E/QCamera (  715): <MCI><ERROR> mm_stream_read_msm_frame: 1723: E, my_handle = 0x2d01, fd = 78, state = 6 blackjoe
06-03 20:41:15.184 E/mm-camera(  715): <SENSOR><ERROR> 884: sensor_fc_report_meta: Failed to get frame duration
06-03 20:41:15.184 E/mm-camera(  715): <SENSOR><ERROR> 4805: sensor_get_exposure_time: resolution is invalid, it seems stream has stopped.
06-03 20:41:15.194 E/        (    0): frame_src is 1 frame_id is 37 blackjoe
06-03 20:41:15.184 I/QCamera (  715): <MCI><INFO> mm_stream_read_msm_frame: 1770: VIDIOC_DQBUF buf_index 9, frame_idx 36, stream type 8, rc 0,queued: 5, buf_type = 0 flags = 8192 FD = 78 my_num 0 buf fd 140
06-03 20:41:15.185 E/mm-camera(  715): <SENSOR><ERROR> 904: sensor_fc_report_meta: Failed to get exposure time
06-03 20:41:15.185 E/QCamera (  715): <MCI><ERROR> mm_stream_read_msm_frame: 1790: X rc = 0
06-03 20:41:15.185 I/QCamera (  715): <MCI><INFO> mm_stream_handle_rcvd_buf: 220: E, my_handle = 0x2d01, fd = 78, state = 6
06-03 20:41:15.185 I/QCamera (  715): <MCI><INFO> mm_stream_handle_rcvd_buf: 244: has cb and it is active by blackjoe
06-03 20:41:15.185 E/mm-camera(  715): <MCT   ><ERROR> 2722: mct_stream_process_bus_msg: Check the runing function blackjoe 
06-03 20:41:15.186 E/mm-camera(  715): <MCT   ><ERROR> 2755: mct_stream_process_bus_msg: isp_sof_bus_msg is 0xe7841840
06-03 20:41:15.186 E/mm-camera(  715): <MCT   ><ERROR> 2757: mct_stream_process_bus_msg: frameid is 37 hal_version is 3
06-03 20:41:15.186 E/mm-camera(  715): <MCT   ><ERROR> 2759: mct_stream_process_bus_msg: kstate_ptr is 0xe4adf254, isp_kstate_ptr is 0xe8854000
06-03 20:41:15.186 E/mm-camera(  715): <MCT   ><ERROR> 2765: mct_stream_process_bus_msg: frame_id is 37
06-03 20:41:15.186 I/QCamera (  715): <MCI><INFO> mm_stream_dispatch_app_data: 415: E, my_handle = 0x2d01, fd = 78, state = 6
06-03 20:41:15.186 E/QCamera (  715): <MCI><ERROR> mm_stream_data_notify: 337: E, my_handle = 0x2c00, fd = 67, state = 6 blackjoe
06-03 20:41:15.186 I/QCamera (  715): <MCI><INFO> mm_stream_dispatch_app_data: 436: frame_sync.is_active = 0, is_cb_active = 1
06-03 20:41:15.187 E/QCamera (  715): <MCI><ERROR> mm_stream_read_msm_frame: 1723: E, my_handle = 0x2c00, fd = 67, state = 6 blackjoe
06-03 20:41:15.187 I/QCamera (  715): <MCI><INFO> mm_stream_dispatch_app_data: 457: Enter callback by blackjoe
06-03 20:41:15.187 I/QCamera (  715): <MCI><INFO> mm_stream_read_msm_frame: 1770: VIDIOC_DQBUF buf_index 0, frame_idx 36, stream type 7, rc 0,queued: 17, buf_type = 0 flags = 8192 FD = 67 my_num 0 buf fd 82
06-03 20:41:15.187 E/QCamera (  715): <MCI><ERROR> mm_stream_read_msm_frame: 1790: X rc = 0
06-03 20:41:15.187 I/QCamera (  715): <MCI><INFO> mm_stream_handle_rcvd_buf: 220: E, my_handle = 0x2c00, fd = 67, state = 6
06-03 20:41:15.187 I/QCamera (  715): <MCI><INFO> mm_stream_handle_rcvd_buf: 244: has cb and it is active by blackjoe
06-03 20:41:15.188 I/QCamera (  715): <MCI><INFO> mm_stream_dispatch_app_data: 415: E, my_handle = 0x2c00, fd = 67, state = 6
06-03 20:41:15.188 I/QCamera (  715): <MCI><INFO> mm_stream_dispatch_app_data: 436: frame_sync.is_active = 0, is_cb_active = 1
06-03 20:41:15.188 I/QCamera (  715): <MCI><INFO> mm_stream_dispatch_app_data: 457: Enter callback by blackjoe
06-03 20:41:15.189 E/mm-camera(  715): <STATS_AIS ><ERROR> 1316: dsps_process_response_gyro: Query request denied, error code = 5, QId_valid = 1, QueryId = 0x250a, AckNak_valid = 1, AckNak = 3
06-03 20:41:15.196 E/mm-camera(  715): <MCT   ><ERROR> 4828: mct_pipeline_process_serv_msg: pipeline blackjoe data->sessionid 3 pipeline->session 3 msgid 3
06-03 20:41:15.196 E/mm-camera(  715): <MCT   ><ERROR> 4299: mct_pipeline_process_set: command is 0x8000014 blackjoe CAM_PRIV_PARM 0x8000014
06-03 20:41:15.213 E/        (    0): frame_src is 1 frame_id is 38 blackjoe
06-03 20:41:15.203 E/QCamera (  715): <MCI><ERROR> mm_stream_data_notify: 337: E, my_handle = 0x2d01, fd = 78, state = 6 blackjoe
06-03 20:41:15.203 E/QCamera (  715): <MCI><ERROR> mm_stream_read_msm_frame: 1723: E, my_handle = 0x2d01, fd = 78, state = 6 blackjoe
06-03 20:41:15.204 E/mm-camera(  715): <SENSOR><ERROR> 4883: sensor_get_frame_duration: resolution is invalid, it seems stream has stopped.
06-03 20:41:15.204 E/mm-camera(  715): <SENSOR><ERROR> 884: sensor_fc_report_meta: Failed to get frame duration
06-03 20:41:15.204 I/QCamera (  715): <MCI><INFO> mm_stream_read_msm_frame: 1770: VIDIOC_DQBUF buf_index 10, frame_idx 37, stream type 8, rc 0,queued: 5, buf_type = 0 flags = 8192 FD = 78 my_num 0 buf fd 76
06-03 20:41:15.204 E/mm-camera(  715): <SENSOR><ERROR> 4805: sensor_get_exposure_time: resolution is invalid, it seems stream has stopped.
06-03 20:41:15.204 E/mm-camera(  715): <SENSOR><ERROR> 904: sensor_fc_report_meta: Failed to get exposure time
06-03 20:41:15.204 E/QCamera (  715): <MCI><ERROR> mm_stream_read_msm_frame: 1790: X rc = 0
06-03 20:41:15.204 I/QCamera (  715): <MCI><INFO> mm_stream_handle_rcvd_buf: 220: E, my_handle = 0x2d01, fd = 78, state = 6
06-03 20:41:15.204 I/QCamera (  715): <MCI><INFO> mm_stream_handle_rcvd_buf: 244: has cb and it is active by blackjoe
06-03 20:41:15.205 I/QCamera (  715): <MCI><INFO> mm_stream_dispatch_app_data: 415: E, my_handle = 0x2d01, fd = 78, state = 6
06-03 20:41:15.205 I/QCamera (  715): <MCI><INFO> mm_stream_dispatch_app_data: 436: frame_sync.is_active = 0, is_cb_active = 1
06-03 20:41:15.205 E/mm-camera(  715): <MCT   ><ERROR> 2722: mct_stream_process_bus_msg: Check the runing function blackjoe 
06-03 20:41:15.205 I/QCamera (  715): <MCI><INFO> mm_stream_dispatch_app_data: 457: Enter callback by blackjoe
06-03 20:41:15.205 E/mm-camera(  715): <MCT   ><ERROR> 2755: mct_stream_process_bus_msg: isp_sof_bus_msg is 0xe7840d00
06-03 20:41:15.205 E/mm-camera(  715): <MCT   ><ERROR> 2757: mct_stream_process_bus_msg: frameid is 38 hal_version is 3
06-03 20:41:15.205 E/mm-camera(  715): <MCT   ><ERROR> 2759: mct_stream_process_bus_msg: kstate_ptr is 0xe4adf254, isp_kstate_ptr is 0xe8854000
06-03 20:41:15.205 E/mm-camera(  715): <MCT   ><ERROR> 2765: mct_stream_process_bus_msg: frame_id is 38
06-03 20:41:15.206 E/QCamera (  715): <MCI><ERROR> mm_stream_data_notify: 337: E, my_handle = 0x2c00, fd = 67, state = 6 blackjoe
06-03 20:41:15.207 E/QCamera (  715): <MCI><ERROR> mm_stream_read_msm_frame: 1723: E, my_handle = 0x2c00, fd = 67, state = 6 blackjoe
06-03 20:41:15.207 I/QCamera (  715): <MCI><INFO> mm_stream_read_msm_frame: 1770: VIDIOC_DQBUF buf_index 1, frame_idx 37, stream type 7, rc 0,queued: 17, buf_type = 0 flags = 8192 FD = 67 my_num 0 buf fd 84
06-03 20:41:15.207 E/QCamera (  715): <MCI><ERROR> mm_stream_read_msm_frame: 1790: X rc = 0
06-03 20:41:15.208 I/QCamera (  715): <MCI><INFO> mm_stream_handle_rcvd_buf: 220: E, my_handle = 0x2c00, fd = 67, state = 6
06-03 20:41:15.208 I/QCamera (  715): <MCI><INFO> mm_stream_handle_rcvd_buf: 244: has cb and it is active by blackjoe
06-03 20:41:15.208 I/QCamera (  715): <MCI><INFO> mm_stream_dispatch_app_data: 415: E, my_handle = 0x2c00, fd = 67, state = 6
06-03 20:41:15.208 I/QCamera (  715): <MCI><INFO> mm_stream_dispatch_app_data: 436: frame_sync.is_active = 0, is_cb_active = 1
06-03 20:41:15.208 I/QCamera (  715): <MCI><INFO> mm_stream_dispatch_app_data: 457: Enter callback by blackjoe
06-03 20:41:15.210 E/mm-camera(  715): <STATS_AIS ><ERROR> 1316: dsps_process_response_gyro: Query request denied, error code = 5, QId_valid = 1, QueryId = 0x260a, AckNak_valid = 1, AckNak = 3
06-03 20:41:15.216 E/mm-camera(  715): <MCT   ><ERROR> 4828: mct_pipeline_process_serv_msg: pipeline blackjoe data->sessionid 3 pipeline->session 3 msgid 3
06-03 20:41:15.217 E/mm-camera(  715): <MCT   ><ERROR> 4299: mct_pipeline_process_set: command is 0x8000014 blackjoe CAM_PRIV_PARM 0x8000014
06-03 20:41:15.221 E/QCamera (  715): <MCI><ERROR> mm_stream_data_notify: 337: E, my_handle = 0x2d01, fd = 78, state = 6 blackjoe
06-03 20:41:15.221 E/QCamera (  715): <MCI><ERROR> mm_stream_read_msm_frame: 1723: E, my_handle = 0x2d01, fd = 78, state = 6 blackjoe
06-03 20:41:15.222 I/QCamera (  715): <MCI><INFO> mm_stream_read_msm_frame: 1770: VIDIOC_DQBUF buf_index 11, frame_idx 38, stream type 8, rc 0,queued: 5, buf_type = 0 flags = 8192 FD = 78 my_num 0 buf fd 128
06-03 20:41:15.222 E/mm-camera(  715): <SENSOR><ERROR> 4883: sensor_get_frame_duration: resolution is invalid, it seems stream has stopped.
06-03 20:41:15.222 E/QCamera (  715): <MCI><ERROR> mm_stream_read_msm_frame: 1790: X rc = 0
06-03 20:41:15.222 E/mm-camera(  715): <SENSOR><ERROR> 884: sensor_fc_report_meta: Failed to get frame duration
06-03 20:41:15.232 E/        (    0): frame_src is 1 frame_id is 39 blackjoe
06-03 20:41:15.222 I/QCamera (  715): <MCI><INFO> mm_stream_handle_rcvd_buf: 220: E, my_handle = 0x2d01, fd = 78, state = 6
06-03 20:41:15.222 E/mm-camera(  715): <SENSOR><ERROR> 4805: sensor_get_exposure_time: resolution is invalid, it seems stream has stopped.
06-03 20:41:15.222 I/QCamera (  715): <MCI><INFO> mm_stream_handle_rcvd_buf: 244: has cb and it is active by blackjoe
06-03 20:41:15.222 E/mm-camera(  715): <SENSOR><ERROR> 904: sensor_fc_report_meta: Failed to get exposure time
06-03 20:41:15.223 I/QCamera (  715): <MCI><INFO> mm_stream_dispatch_app_data: 415: E, my_handle = 0x2d01, fd = 78, state = 6
06-03 20:41:15.223 I/QCamera (  715): <MCI><INFO> mm_stream_dispatch_app_data: 436: frame_sync.is_active = 0, is_cb_active = 1
06-03 20:41:15.223 I/QCamera (  715): <MCI><INFO> mm_stream_dispatch_app_data: 457: Enter callback by blackjoe
06-03 20:41:15.223 E/mm-camera(  715): <MCT   ><ERROR> 2722: mct_stream_process_bus_msg: Check the runing function blackjoe 
06-03 20:41:15.223 E/mm-camera(  715): <MCT   ><ERROR> 2755: mct_stream_process_bus_msg: isp_sof_bus_msg is 0xe7840fd0
06-03 20:41:15.224 E/mm-camera(  715): <MCT   ><ERROR> 2757: mct_stream_process_bus_msg: frameid is 39 hal_version is 3
06-03 20:41:15.224 E/mm-camera(  715): <MCT   ><ERROR> 2759: mct_stream_process_bus_msg: kstate_ptr is 0xe4adf254, isp_kstate_ptr is 0xe8854000
06-03 20:41:15.224 E/mm-camera(  715): <MCT   ><ERROR> 2765: mct_stream_process_bus_msg: frame_id is 39
06-03 20:41:15.224 E/QCamera (  715): <MCI><ERROR> mm_stream_data_notify: 337: E, my_handle = 0x2c00, fd = 67, state = 6 blackjoe
06-03 20:41:15.224 E/QCamera (  715): <MCI><ERROR> mm_stream_read_msm_frame: 1723: E, my_handle = 0x2c00, fd = 67, state = 6 blackjoe
06-03 20:41:15.225 I/QCamera (  715): <MCI><INFO> mm_stream_read_msm_frame: 1770: VIDIOC_DQBUF buf_index 2, frame_idx 38, stream type 7, rc 0,queued: 17, buf_type = 0 flags = 8192 FD = 67 my_num 0 buf fd 86
06-03 20:41:15.225 E/QCamera (  715): <MCI><ERROR> mm_stream_read_msm_frame: 1790: X rc = 0
06-03 20:41:15.225 I/QCamera (  715): <MCI><INFO> mm_stream_handle_rcvd_buf: 220: E, my_handle = 0x2c00, fd = 67, state = 6
06-03 20:41:15.225 I/QCamera (  715): <MCI><INFO> mm_stream_handle_rcvd_buf: 244: has cb and it is active by blackjoe
06-03 20:41:15.225 I/QCamera (  715): <MCI><INFO> mm_stream_dispatch_app_data: 415: E, my_handle = 0x2c00, fd = 67, state = 6
06-03 20:41:15.225 I/QCamera (  715): <MCI><INFO> mm_stream_dispatch_app_data: 436: frame_sync.is_active = 0, is_cb_active = 1
06-03 20:41:15.226 I/QCamera (  715): <MCI><INFO> mm_stream_dispatch_app_data: 457: Enter callback by blackjoe
06-03 20:41:15.228 E/mm-camera(  715): <STATS_AIS ><ERROR> 1316: dsps_process_response_gyro: Query request denied, error code = 5, QId_valid = 1, QueryId = 0x270a, AckNak_valid = 1, AckNak = 3
06-03 20:41:15.232 E/mm-camera(  715): <MCT   ><ERROR> 4828: mct_pipeline_process_serv_msg: pipeline blackjoe data->sessionid 3 pipeline->session 3 msgid 3
06-03 20:41:15.232 E/mm-camera(  715): <MCT   ><ERROR> 4299: mct_pipeline_process_set: command is 0x8000014 blackjoe CAM_PRIV_PARM 0x8000014
06-03 20:41:15.251 E/        (    0): frame_src is 1 frame_id is 40 blackjoe
06-03 20:41:15.240 E/QCamera (  715): <MCI><ERROR> mm_stream_data_notify: 337: E, my_handle = 0x2d01, fd = 78, state = 6 blackjoe
06-03 20:41:15.241 E/QCamera (  715): <MCI><ERROR> mm_stream_read_msm_frame: 1723: E, my_handle = 0x2d01, fd = 78, state = 6 blackjoe
06-03 20:41:15.241 I/QCamera (  715): <MCI><INFO> mm_stream_read_msm_frame: 1770: VIDIOC_DQBUF buf_index 6, frame_idx 39, stream type 8, rc 0,queued: 5, buf_type = 0 flags = 8192 FD = 78 my_num 0 buf fd 126
06-03 20:41:15.241 E/mm-camera(  715): <SENSOR><ERROR> 4883: sensor_get_frame_duration: resolution is invalid, it seems stream has stopped.
06-03 20:41:15.241 E/QCamera (  715): <MCI><ERROR> mm_stream_read_msm_frame: 1790: X rc = 0
06-03 20:41:15.241 E/mm-camera(  715): <SENSOR><ERROR> 884: sensor_fc_report_meta: Failed to get frame duration
06-03 20:41:15.241 I/QCamera (  715): <MCI><INFO> mm_stream_handle_rcvd_buf: 220: E, my_handle = 0x2d01, fd = 78, state = 6
06-03 20:41:15.242 E/mm-camera(  715): <SENSOR><ERROR> 4805: sensor_get_exposure_time: resolution is invalid, it seems stream has stopped.
06-03 20:41:15.242 I/QCamera (  715): <MCI><INFO> mm_stream_handle_rcvd_buf: 244: has cb and it is active by blackjoe
06-03 20:41:15.242 E/mm-camera(  715): <SENSOR><ERROR> 904: sensor_fc_report_meta: Failed to get exposure time
06-03 20:41:15.242 I/QCamera (  715): <MCI><INFO> mm_stream_dispatch_app_data: 415: E, my_handle = 0x2d01, fd = 78, state = 6
06-03 20:41:15.242 I/QCamera (  715): <MCI><INFO> mm_stream_dispatch_app_data: 436: frame_sync.is_active = 0, is_cb_active = 1
06-03 20:41:15.243 I/QCamera (  715): <MCI><INFO> mm_stream_dispatch_app_data: 457: Enter callback by blackjoe
06-03 20:41:15.243 E/mm-camera(  715): <MCT   ><ERROR> 2722: mct_stream_process_bus_msg: Check the runing function blackjoe 
06-03 20:41:15.243 E/mm-camera(  715): <MCT   ><ERROR> 2755: mct_stream_process_bus_msg: isp_sof_bus_msg is 0xe78401c0
06-03 20:41:15.244 E/mm-camera(  715): <MCT   ><ERROR> 2757: mct_stream_process_bus_msg: frameid is 40 hal_version is 3
06-03 20:41:15.244 E/mm-camera(  715): <MCT   ><ERROR> 2759: mct_stream_process_bus_msg: kstate_ptr is 0xe4adf254, isp_kstate_ptr is 0xe8854000
06-03 20:41:15.244 E/mm-camera(  715): <MCT   ><ERROR> 2765: mct_stream_process_bus_msg: frame_id is 40
06-03 20:41:15.248 E/mm-camera(  715): <STATS_AIS ><ERROR> 1316: dsps_process_response_gyro: Query request denied, error code = 5, QId_valid = 1, QueryId = 0x280a, AckNak_valid = 1, AckNak = 3
06-03 20:41:15.248 E/QCamera (  715): <MCI><ERROR> mm_stream_data_notify: 337: E, my_handle = 0x2c00, fd = 67, state = 6 blackjoe
06-03 20:41:15.249 E/QCamera (  715): <MCI><ERROR> mm_stream_read_msm_frame: 1723: E, my_handle = 0x2c00, fd = 67, state = 6 blackjoe
06-03 20:41:15.250 I/QCamera (  715): <MCI><INFO> mm_stream_read_msm_frame: 1770: VIDIOC_DQBUF buf_index 3, frame_idx 39, stream type 7, rc 0,queued: 17, buf_type = 0 flags = 8192 FD = 67 my_num 0 buf fd 88
06-03 20:41:15.250 E/QCamera (  715): <MCI><ERROR> mm_stream_read_msm_frame: 1790: X rc = 0
06-03 20:41:15.250 I/QCamera (  715): <MCI><INFO> mm_stream_handle_rcvd_buf: 220: E, my_handle = 0x2c00, fd = 67, state = 6
06-03 20:41:15.250 I/QCamera (  715): <MCI><INFO> mm_stream_handle_rcvd_buf: 244: has cb and it is active by blackjoe
06-03 20:41:15.251 I/QCamera (  715): <MCI><INFO> mm_stream_dispatch_app_data: 415: E, my_handle = 0x2c00, fd = 67, state = 6
06-03 20:41:15.251 I/QCamera (  715): <MCI><INFO> mm_stream_dispatch_app_data: 436: frame_sync.is_active = 0, is_cb_active = 1
06-03 20:41:15.251 I/QCamera (  715): <MCI><INFO> mm_stream_dispatch_app_data: 457: Enter callback by blackjoe
06-03 20:41:15.259 E/QCamera (  715): <MCI><ERROR> mm_stream_data_notify: 337: E, my_handle = 0x2d01, fd = 78, state = 6 blackjoe
06-03 20:41:15.259 E/QCamera (  715): <MCI><ERROR> mm_stream_read_msm_frame: 1723: E, my_handle = 0x2d01, fd = 78, state = 6 blackjoe
06-03 20:41:15.260 I/QCamera (  715): <MCI><INFO> mm_stream_read_msm_frame: 1770: VIDIOC_DQBUF buf_index 7, frame_idx 40, stream type 8, rc 0,queued: 4, buf_type = 0 flags = 8192 FD = 78 my_num 0 buf fd 129
06-03 20:41:15.260 E/QCamera (  715): <MCI><ERROR> mm_stream_read_msm_frame: 1790: X rc = 0
06-03 20:41:15.260 E/mm-camera(  715): <SENSOR><ERROR> 4883: sensor_get_frame_duration: resolution is invalid, it seems stream has stopped.
06-03 20:41:15.260 I/QCamera (  715): <MCI><INFO> mm_stream_handle_rcvd_buf: 220: E, my_handle = 0x2d01, fd = 78, state = 6
06-03 20:41:15.260 E/mm-camera(  715): <SENSOR><ERROR> 884: sensor_fc_report_meta: Failed to get frame duration
06-03 20:41:15.260 I/QCamera (  715): <MCI><INFO> mm_stream_handle_rcvd_buf: 244: has cb and it is active by blackjoe
06-03 20:41:15.260 E/mm-camera(  715): <SENSOR><ERROR> 4805: sensor_get_exposure_time: resolution is invalid, it seems stream has stopped.
06-03 20:41:15.260 E/mm-camera(  715): <SENSOR><ERROR> 904: sensor_fc_report_meta: Failed to get exposure time
06-03 20:41:15.260 I/QCamera (  715): <MCI><INFO> mm_stream_dispatch_app_data: 415: E, my_handle = 0x2d01, fd = 78, state = 6
06-03 20:41:15.260 I/QCamera (  715): <MCI><INFO> mm_stream_dispatch_app_data: 436: frame_sync.is_active = 0, is_cb_active = 1
06-03 20:41:15.261 I/QCamera (  715): <MCI><INFO> mm_stream_dispatch_app_data: 457: Enter callback by blackjoe
06-03 20:41:15.261 E/mm-camera(  715): <MCT   ><ERROR> 2722: mct_stream_process_bus_msg: Check the runing function blackjoe 
06-03 20:41:15.261 E/mm-camera(  715): <MCT   ><ERROR> 2755: mct_stream_process_bus_msg: isp_sof_bus_msg is 0xe7841e70
06-03 20:41:15.270 E/        (    0): frame_src is 1 frame_id is 41 blackjoe
06-03 20:41:15.261 E/mm-camera(  715): <MCT   ><ERROR> 2757: mct_stream_process_bus_msg: frameid is 41 hal_version is 3
06-03 20:41:15.262 E/mm-camera(  715): <MCT   ><ERROR> 2759: mct_stream_process_bus_msg: kstate_ptr is 0xe4adf254, isp_kstate_ptr is 0xe8854000
06-03 20:41:15.262 E/mm-camera(  715): <MCT   ><ERROR> 2765: mct_stream_process_bus_msg: frame_id is 41
06-03 20:41:15.263 E/mm-camera(  715): <MCT   ><ERROR> 4828: mct_pipeline_process_serv_msg: pipeline blackjoe data->sessionid 3 pipeline->session 3 msgid 3
06-03 20:41:15.263 E/mm-camera(  715): <MCT   ><ERROR> 4299: mct_pipeline_process_set: command is 0x8000014 blackjoe CAM_PRIV_PARM 0x8000014
06-03 20:41:15.263 E/QCamera (  715): <MCI><ERROR> mm_stream_data_notify: 337: E, my_handle = 0x2c00, fd = 67, state = 6 blackjoe
06-03 20:41:15.263 E/QCamera (  715): <MCI><ERROR> mm_stream_read_msm_frame: 1723: E, my_handle = 0x2c00, fd = 67, state = 6 blackjoe
06-03 20:41:15.264 I/QCamera (  715): <MCI><INFO> mm_stream_read_msm_frame: 1770: VIDIOC_DQBUF buf_index 4, frame_idx 40, stream type 7, rc 0,queued: 17, buf_type = 0 flags = 8192 FD = 67 my_num 0 buf fd 90
06-03 20:41:15.264 E/QCamera (  715): <MCI><ERROR> mm_stream_read_msm_frame: 1790: X rc = 0
06-03 20:41:15.264 I/QCamera (  715): <MCI><INFO> mm_stream_handle_rcvd_buf: 220: E, my_handle = 0x2c00, fd = 67, state = 6
06-03 20:41:15.264 I/QCamera (  715): <MCI><INFO> mm_stream_handle_rcvd_buf: 244: has cb and it is active by blackjoe
06-03 20:41:15.265 I/QCamera (  715): <MCI><INFO> mm_stream_dispatch_app_data: 415: E, my_handle = 0x2c00, fd = 67, state = 6
06-03 20:41:15.265 I/QCamera (  715): <MCI><INFO> mm_stream_dispatch_app_data: 436: frame_sync.is_active = 0, is_cb_active = 1
06-03 20:41:15.265 I/QCamera (  715): <MCI><INFO> mm_stream_dispatch_app_data: 457: Enter callback by blackjoe
06-03 20:41:15.266 E/mm-camera(  715): <STATS_AIS ><ERROR> 1316: dsps_process_response_gyro: Query request denied, error code = 5, QId_valid = 1, QueryId = 0x290a, AckNak_valid = 1, AckNak = 3
06-03 20:41:15.275 E/mm-camera(  715): <MCT   ><ERROR> 4828: mct_pipeline_process_serv_msg: pipeline blackjoe data->sessionid 3 pipeline->session 3 msgid 3
06-03 20:41:15.275 E/mm-camera(  715): <MCT   ><ERROR> 4299: mct_pipeline_process_set: command is 0x8000014 blackjoe CAM_PRIV_PARM 0x8000014
06-03 20:41:15.339 E/        (    0): frame_src is 1 frame_id is 42 blackjoe
06-03 20:41:15.329 E/QCamera (  715): <MCI><ERROR> mm_stream_data_notify: 337: E, my_handle = 0x2d01, fd = 78, state = 6 blackjoe
06-03 20:41:15.329 E/QCamera (  715): <MCI><ERROR> mm_stream_read_msm_frame: 1723: E, my_handle = 0x2d01, fd = 78, state = 6 blackjoe
06-03 20:41:15.330 E/mm-camera(  715): <SENSOR><ERROR> 4883: sensor_get_frame_duration: resolution is invalid, it seems stream has stopped.
06-03 20:41:15.330 I/QCamera (  715): <MCI><INFO> mm_stream_read_msm_frame: 1770: VIDIOC_DQBUF buf_index 8, frame_idx 41, stream type 8, rc 0,queued: 5, buf_type = 0 flags = 8192 FD = 78 my_num 0 buf fd 134
06-03 20:41:15.330 E/mm-camera(  715): <SENSOR><ERROR> 884: sensor_fc_report_meta: Failed to get frame duration
06-03 20:41:15.330 E/QCamera (  715): <MCI><ERROR> mm_stream_read_msm_frame: 1790: X rc = 0
06-03 20:41:15.330 E/mm-camera(  715): <SENSOR><ERROR> 4805: sensor_get_exposure_time: resolution is invalid, it seems stream has stopped.
06-03 20:41:15.331 I/QCamera (  715): <MCI><INFO> mm_stream_handle_rcvd_buf: 220: E, my_handle = 0x2d01, fd = 78, state = 6
06-03 20:41:15.331 E/mm-camera(  715): <SENSOR><ERROR> 904: sensor_fc_report_meta: Failed to get exposure time
06-03 20:41:15.331 I/QCamera (  715): <MCI><INFO> mm_stream_handle_rcvd_buf: 244: has cb and it is active by blackjoe
06-03 20:41:15.332 I/QCamera (  715): <MCI><INFO> mm_stream_dispatch_app_data: 415: E, my_handle = 0x2d01, fd = 78, state = 6
06-03 20:41:15.332 I/QCamera (  715): <MCI><INFO> mm_stream_dispatch_app_data: 436: frame_sync.is_active = 0, is_cb_active = 1
06-03 20:41:15.332 I/QCamera (  715): <MCI><INFO> mm_stream_dispatch_app_data: 457: Enter callback by blackjoe
06-03 20:41:15.333 E/mm-camera(  715): <MCT   ><ERROR> 2722: mct_stream_process_bus_msg: Check the runing function blackjoe 
06-03 20:41:15.333 E/mm-camera(  715): <MCT   ><ERROR> 2755: mct_stream_process_bus_msg: isp_sof_bus_msg is 0xe7840ac0
06-03 20:41:15.333 E/mm-camera(  715): <MCT   ><ERROR> 2757: mct_stream_process_bus_msg: frameid is 42 hal_version is 3
06-03 20:41:15.333 E/mm-camera(  715): <MCT   ><ERROR> 2759: mct_stream_process_bus_msg: kstate_ptr is 0xe4adf254, isp_kstate_ptr is 0xe8854000
06-03 20:41:15.334 E/mm-camera(  715): <MCT   ><ERROR> 2765: mct_stream_process_bus_msg: frame_id is 42
06-03 20:41:15.336 E/QCamera (  715): <MCI><ERROR> mm_stream_data_notify: 337: E, my_handle = 0x2c00, fd = 67, state = 6 blackjoe
06-03 20:41:15.336 E/QCamera (  715): <MCI><ERROR> mm_stream_read_msm_frame: 1723: E, my_handle = 0x2c00, fd = 67, state = 6 blackjoe
06-03 20:41:15.337 E/mm-camera(  715): <STATS_AIS ><ERROR> 1316: dsps_process_response_gyro: Query request denied, error code = 5, QId_valid = 1, QueryId = 0x2a0a, AckNak_valid = 1, AckNak = 3
06-03 20:41:15.337 I/QCamera (  715): <MCI><INFO> mm_stream_read_msm_frame: 1770: VIDIOC_DQBUF buf_index 5, frame_idx 41, stream type 7, rc 0,queued: 17, buf_type = 0 flags = 8192 FD = 67 my_num 0 buf fd 92
06-03 20:41:15.337 E/QCamera (  715): <MCI><ERROR> mm_stream_read_msm_frame: 1790: X rc = 0
06-03 20:41:15.338 I/QCamera (  715): <MCI><INFO> mm_stream_handle_rcvd_buf: 220: E, my_handle = 0x2c00, fd = 67, state = 6
06-03 20:41:15.338 I/QCamera (  715): <MCI><INFO> mm_stream_handle_rcvd_buf: 244: has cb and it is active by blackjoe
06-03 20:41:15.339 I/QCamera (  715): <MCI><INFO> mm_stream_dispatch_app_data: 415: E, my_handle = 0x2c00, fd = 67, state = 6
06-03 20:41:15.339 I/QCamera (  715): <MCI><INFO> mm_stream_dispatch_app_data: 436: frame_sync.is_active = 0, is_cb_active = 1
06-03 20:41:15.339 I/QCamera (  715): <MCI><INFO> mm_stream_dispatch_app_data: 457: Enter callback by blackjoe
06-03 20:41:15.354 E/mm-camera(  715): <MCT   ><ERROR> 4828: mct_pipeline_process_serv_msg: pipeline blackjoe data->sessionid 3 pipeline->session 3 msgid 3
06-03 20:41:15.354 E/mm-camera(  715): <MCT   ><ERROR> 4299: mct_pipeline_process_set: command is 0x8000014 blackjoe CAM_PRIV_PARM 0x8000014
06-03 20:41:15.373 E/        (    0): frame_src is 1 frame_id is 43 blackjoe
06-03 20:41:15.363 E/QCamera (  715): <MCI><ERROR> mm_stream_data_notify: 337: E, my_handle = 0x2d01, fd = 78, state = 6 blackjoe
06-03 20:41:15.363 E/QCamera (  715): <MCI><ERROR> mm_stream_read_msm_frame: 1723: E, my_handle = 0x2d01, fd = 78, state = 6 blackjoe
06-03 20:41:15.364 E/mm-camera(  715): <SENSOR><ERROR> 4883: sensor_get_frame_duration: resolution is invalid, it seems stream has stopped.
06-03 20:41:15.364 I/QCamera (  715): <MCI><INFO> mm_stream_read_msm_frame: 1770: VIDIOC_DQBUF buf_index 9, frame_idx 42, stream type 8, rc 0,queued: 5, buf_type = 0 flags = 8192 FD = 78 my_num 0 buf fd 137
06-03 20:41:15.364 E/mm-camera(  715): <SENSOR><ERROR> 884: sensor_fc_report_meta: Failed to get frame duration
06-03 20:41:15.364 E/QCamera (  715): <MCI><ERROR> mm_stream_read_msm_frame: 1790: X rc = 0
06-03 20:41:15.365 E/mm-camera(  715): <SENSOR><ERROR> 4805: sensor_get_exposure_time: resolution is invalid, it seems stream has stopped.
06-03 20:41:15.365 I/QCamera (  715): <MCI><INFO> mm_stream_handle_rcvd_buf: 220: E, my_handle = 0x2d01, fd = 78, state = 6
06-03 20:41:15.365 E/mm-camera(  715): <SENSOR><ERROR> 904: sensor_fc_report_meta: Failed to get exposure time
06-03 20:41:15.365 I/QCamera (  715): <MCI><INFO> mm_stream_handle_rcvd_buf: 244: has cb and it is active by blackjoe
06-03 20:41:15.366 E/mm-camera(  715): <MCT   ><ERROR> 2722: mct_stream_process_bus_msg: Check the runing function blackjoe 
06-03 20:41:15.367 E/mm-camera(  715): <MCT   ><ERROR> 2755: mct_stream_process_bus_msg: isp_sof_bus_msg is 0xe7841f00
06-03 20:41:15.367 E/mm-camera(  715): <MCT   ><ERROR> 2757: mct_stream_process_bus_msg: frameid is 43 hal_version is 3
06-03 20:41:15.368 I/QCamera (  715): <MCI><INFO> mm_stream_dispatch_app_data: 415: E, my_handle = 0x2d01, fd = 78, state = 6
06-03 20:41:15.368 I/QCamera (  715): <MCI><INFO> mm_stream_dispatch_app_data: 436: frame_sync.is_active = 0, is_cb_active = 1
06-03 20:41:15.368 I/QCamera (  715): <MCI><INFO> mm_stream_dispatch_app_data: 457: Enter callback by blackjoe
06-03 20:41:15.367 E/mm-camera(  715): <MCT   ><ERROR> 2759: mct_stream_process_bus_msg: kstate_ptr is 0xe4adf254, isp_kstate_ptr is 0xe8854000
06-03 20:41:15.369 E/mm-camera(  715): <MCT   ><ERROR> 2765: mct_stream_process_bus_msg: frame_id is 43
06-03 20:41:15.370 E/QCamera (  715): <MCI><ERROR> mm_stream_data_notify: 337: E, my_handle = 0x2c00, fd = 67, state = 6 blackjoe
06-03 20:41:15.370 E/QCamera (  715): <MCI><ERROR> mm_stream_read_msm_frame: 1723: E, my_handle = 0x2c00, fd = 67, state = 6 blackjoe
06-03 20:41:15.371 E/mm-camera(  715): <STATS_AIS ><ERROR> 1316: dsps_process_response_gyro: Query request denied, error code = 5, QId_valid = 1, QueryId = 0x2b0a, AckNak_valid = 1, AckNak = 3
06-03 20:41:15.372 I/QCamera (  715): <MCI><INFO> mm_stream_read_msm_frame: 1770: VIDIOC_DQBUF buf_index 6, frame_idx 42, stream type 7, rc 0,queued: 17, buf_type = 0 flags = 8192 FD = 67 my_num 0 buf fd 94
06-03 20:41:15.372 E/QCamera (  715): <MCI><ERROR> mm_stream_read_msm_frame: 1790: X rc = 0
06-03 20:41:15.372 I/QCamera (  715): <MCI><INFO> mm_stream_handle_rcvd_buf: 220: E, my_handle = 0x2c00, fd = 67, state = 6
06-03 20:41:15.373 I/QCamera (  715): <MCI><INFO> mm_stream_handle_rcvd_buf: 244: has cb and it is active by blackjoe
06-03 20:41:15.374 I/QCamera (  715): <MCI><INFO> mm_stream_dispatch_app_data: 415: E, my_handle = 0x2c00, fd = 67, state = 6
06-03 20:41:15.375 I/QCamera (  715): <MCI><INFO> mm_stream_dispatch_app_data: 436: frame_sync.is_active = 0, is_cb_active = 1
06-03 20:41:15.375 I/QCamera (  715): <MCI><INFO> mm_stream_dispatch_app_data: 457: Enter callback by blackjoe
06-03 20:41:15.387 E/mm-camera(  715): <MCT   ><ERROR> 4828: mct_pipeline_process_serv_msg: pipeline blackjoe data->sessionid 3 pipeline->session 3 msgid 3
06-03 20:41:15.388 E/mm-camera(  715): <MCT   ><ERROR> 4299: mct_pipeline_process_set: command is 0x8000014 blackjoe CAM_PRIV_PARM 0x8000014
06-03 20:41:15.397 E/QCamera (  715): <MCI><ERROR> mm_stream_data_notify: 337: E, my_handle = 0x2d01, fd = 78, state = 6 blackjoe
06-03 20:41:15.397 E/QCamera (  715): <MCI><ERROR> mm_stream_read_msm_frame: 1723: E, my_handle = 0x2d01, fd = 78, state = 6 blackjoe
06-03 20:41:15.398 E/mm-camera(  715): <SENSOR><ERROR> 4883: sensor_get_frame_duration: resolution is invalid, it seems stream has stopped.
06-03 20:41:15.398 E/mm-camera(  715): <SENSOR><ERROR> 884: sensor_fc_report_meta: Failed to get frame duration
06-03 20:41:15.398 I/QCamera (  715): <MCI><INFO> mm_stream_read_msm_frame: 1770: VIDIOC_DQBUF buf_index 10, frame_idx 43, stream type 8, rc 0,queued: 5, buf_type = 0 flags = 8192 FD = 78 my_num 0 buf fd 140
06-03 20:41:15.398 E/mm-camera(  715): <SENSOR><ERROR> 4805: sensor_get_exposure_time: resolution is invalid, it seems stream has stopped.
06-03 20:41:15.398 E/QCamera (  715): <MCI><ERROR> mm_stream_read_msm_frame: 1790: X rc = 0
06-03 20:41:15.398 E/mm-camera(  715): <SENSOR><ERROR> 904: sensor_fc_report_meta: Failed to get exposure time
06-03 20:41:15.398 I/QCamera (  715): <MCI><INFO> mm_stream_handle_rcvd_buf: 220: E, my_handle = 0x2d01, fd = 78, state = 6
06-03 20:41:15.399 I/QCamera (  715): <MCI><INFO> mm_stream_handle_rcvd_buf: 244: has cb and it is active by blackjoe
06-03 20:41:15.408 E/        (    0): frame_src is 1 frame_id is 44 blackjoe
06-03 20:41:15.399 E/mm-camera(  715): <MCT   ><ERROR> 2722: mct_stream_process_bus_msg: Check the runing function blackjoe 
06-03 20:41:15.400 E/mm-camera(  715): <MCT   ><ERROR> 2755: mct_stream_process_bus_msg: isp_sof_bus_msg is 0xe7840eb0
06-03 20:41:15.400 E/mm-camera(  715): <MCT   ><ERROR> 2757: mct_stream_process_bus_msg: frameid is 44 hal_version is 3
06-03 20:41:15.400 E/mm-camera(  715): <MCT   ><ERROR> 2759: mct_stream_process_bus_msg: kstate_ptr is 0xe4adf254, isp_kstate_ptr is 0xe8854000
06-03 20:41:15.400 E/mm-camera(  715): <MCT   ><ERROR> 2765: mct_stream_process_bus_msg: frame_id is 44
06-03 20:41:15.400 E/QCamera (  715): <MCI><ERROR> mm_stream_data_notify: 337: E, my_handle = 0x2c00, fd = 67, state = 6 blackjoe
06-03 20:41:15.400 I/QCamera (  715): <MCI><INFO> mm_stream_dispatch_app_data: 415: E, my_handle = 0x2d01, fd = 78, state = 6
06-03 20:41:15.401 E/QCamera (  715): <MCI><ERROR> mm_stream_read_msm_frame: 1723: E, my_handle = 0x2c00, fd = 67, state = 6 blackjoe
06-03 20:41:15.401 I/QCamera (  715): <MCI><INFO> mm_stream_dispatch_app_data: 436: frame_sync.is_active = 0, is_cb_active = 1
06-03 20:41:15.401 I/QCamera (  715): <MCI><INFO> mm_stream_dispatch_app_data: 457: Enter callback by blackjoe
06-03 20:41:15.401 I/QCamera (  715): <MCI><INFO> mm_stream_read_msm_frame: 1770: VIDIOC_DQBUF buf_index 7, frame_idx 43, stream type 7, rc 0,queued: 17, buf_type = 0 flags = 8192 FD = 67 my_num 0 buf fd 96
06-03 20:41:15.401 E/QCamera (  715): <MCI><ERROR> mm_stream_read_msm_frame: 1790: X rc = 0
06-03 20:41:15.401 I/QCamera (  715): <MCI><INFO> mm_stream_handle_rcvd_buf: 220: E, my_handle = 0x2c00, fd = 67, state = 6
06-03 20:41:15.402 I/QCamera (  715): <MCI><INFO> mm_stream_handle_rcvd_buf: 244: has cb and it is active by blackjoe
06-03 20:41:15.403 E/mm-camera(  715): <STATS_AIS ><ERROR> 1316: dsps_process_response_gyro: Query request denied, error code = 5, QId_valid = 1, QueryId = 0x2c0a, AckNak_valid = 1, AckNak = 3
06-03 20:41:15.403 I/QCamera (  715): <MCI><INFO> mm_stream_dispatch_app_data: 415: E, my_handle = 0x2c00, fd = 67, state = 6
06-03 20:41:15.403 I/QCamera (  715): <MCI><INFO> mm_stream_dispatch_app_data: 436: frame_sync.is_active = 0, is_cb_active = 1
06-03 20:41:15.403 I/QCamera (  715): <MCI><INFO> mm_stream_dispatch_app_data: 457: Enter callback by blackjoe
06-03 20:41:15.411 E/mm-camera(  715): <MCT   ><ERROR> 4828: mct_pipeline_process_serv_msg: pipeline blackjoe data->sessionid 3 pipeline->session 3 msgid 3
06-03 20:41:15.411 E/mm-camera(  715): <MCT   ><ERROR> 4299: mct_pipeline_process_set: command is 0x8000014 blackjoe CAM_PRIV_PARM 0x8000014
06-03 20:41:15.491 E/        (    0): frame_src is 1 frame_id is 45 blackjoe
06-03 20:41:15.481 E/QCamera (  715): <MCI><ERROR> mm_stream_data_notify: 337: E, my_handle = 0x2d01, fd = 78, state = 6 blackjoe
06-03 20:41:15.481 E/QCamera (  715): <MCI><ERROR> mm_stream_read_msm_frame: 1723: E, my_handle = 0x2d01, fd = 78, state = 6 blackjoe
06-03 20:41:15.482 E/mm-camera(  715): <SENSOR><ERROR> 4883: sensor_get_frame_duration: resolution is invalid, it seems stream has stopped.
06-03 20:41:15.483 E/mm-camera(  715): <SENSOR><ERROR> 884: sensor_fc_report_meta: Failed to get frame duration
06-03 20:41:15.483 I/QCamera (  715): <MCI><INFO> mm_stream_read_msm_frame: 1770: VIDIOC_DQBUF buf_index 11, frame_idx 44, stream type 8, rc 0,queued: 5, buf_type = 0 flags = 8192 FD = 78 my_num 0 buf fd 76
06-03 20:41:15.483 E/mm-camera(  715): <SENSOR><ERROR> 4805: sensor_get_exposure_time: resolution is invalid, it seems stream has stopped.
06-03 20:41:15.483 E/QCamera (  715): <MCI><ERROR> mm_stream_read_msm_frame: 1790: X rc = 0
06-03 20:41:15.483 E/mm-camera(  715): <SENSOR><ERROR> 904: sensor_fc_report_meta: Failed to get exposure time
06-03 20:41:15.483 I/QCamera (  715): <MCI><INFO> mm_stream_handle_rcvd_buf: 220: E, my_handle = 0x2d01, fd = 78, state = 6
06-03 20:41:15.484 I/QCamera (  715): <MCI><INFO> mm_stream_handle_rcvd_buf: 244: has cb and it is active by blackjoe
06-03 20:41:15.484 I/QCamera (  715): <MCI><INFO> mm_stream_dispatch_app_data: 415: E, my_handle = 0x2d01, fd = 78, state = 6
06-03 20:41:15.484 I/QCamera (  715): <MCI><INFO> mm_stream_dispatch_app_data: 436: frame_sync.is_active = 0, is_cb_active = 1
06-03 20:41:15.485 I/QCamera (  715): <MCI><INFO> mm_stream_dispatch_app_data: 457: Enter callback by blackjoe
06-03 20:41:15.488 E/mm-camera(  715): <MCT   ><ERROR> 2722: mct_stream_process_bus_msg: Check the runing function blackjoe 
06-03 20:41:15.488 E/mm-camera(  715): <MCT   ><ERROR> 2755: mct_stream_process_bus_msg: isp_sof_bus_msg is 0xe78402e0
06-03 20:41:15.489 E/mm-camera(  715): <MCT   ><ERROR> 2757: mct_stream_process_bus_msg: frameid is 45 hal_version is 3
06-03 20:41:15.489 E/mm-camera(  715): <MCT   ><ERROR> 2759: mct_stream_process_bus_msg: kstate_ptr is 0xe4adf254, isp_kstate_ptr is 0xe8854000
06-03 20:41:15.489 E/mm-camera(  715): <MCT   ><ERROR> 2765: mct_stream_process_bus_msg: frame_id is 45
06-03 20:41:15.490 E/QCamera (  715): <MCI><ERROR> mm_stream_data_notify: 337: E, my_handle = 0x2c00, fd = 67, state = 6 blackjoe
06-03 20:41:15.491 E/QCamera (  715): <MCI><ERROR> mm_stream_read_msm_frame: 1723: E, my_handle = 0x2c00, fd = 67, state = 6 blackjoe
06-03 20:41:15.491 I/QCamera (  715): <MCI><INFO> mm_stream_read_msm_frame: 1770: VIDIOC_DQBUF buf_index 8, frame_idx 44, stream type 7, rc 0,queued: 17, buf_type = 0 flags = 8192 FD = 67 my_num 0 buf fd 98
06-03 20:41:15.492 E/QCamera (  715): <MCI><ERROR> mm_stream_read_msm_frame: 1790: X rc = 0
06-03 20:41:15.494 I/QCamera (  715): <MCI><INFO> mm_stream_handle_rcvd_buf: 220: E, my_handle = 0x2c00, fd = 67, state = 6
06-03 20:41:15.494 E/mm-camera(  715): <STATS_AIS ><ERROR> 1316: dsps_process_response_gyro: Query request denied, error code = 5, QId_valid = 1, QueryId = 0x2d0a, AckNak_valid = 1, AckNak = 3
06-03 20:41:15.505 D/logd    (    0): logdr: UID=0 GID=0 PID=7135 n tail=0 logMask=99 pid=0 start=0ns timeout=0ns
06-03 20:41:15.525 E/        (    0): frame_src is 1 frame_id is 46 blackjoe
06-03 20:41:15.560 E/        (    0): frame_src is 1 frame_id is 47 blackjoe
06-03 20:41:15.494 I/QCamera (  715): <MCI><INFO> mm_stream_handle_rcvd_buf: 244: has cb and it is active by blackjoe
06-03 20:41:15.496 I/QCamera (  715): <MCI><INFO> mm_stream_dispatch_app_data: 415: E, my_handle = 0x2c00, fd = 67, state = 6
06-03 20:41:15.496 I/QCamera (  715): <MCI><INFO> mm_stream_dispatch_app_data: 436: frame_sync.is_active = 0, is_cb_active = 1
06-03 20:41:15.496 I/QCamera (  715): <MCI><INFO> mm_stream_dispatch_app_data: 457: Enter callback by blackjoe
06-03 20:41:15.510 E/mm-camera(  715): <MCT   ><ERROR> 4828: mct_pipeline_process_serv_msg: pipeline blackjoe data->sessionid 3 pipeline->session 3 msgid 3
06-03 20:41:15.510 E/mm-camera(  715): <MCT   ><ERROR> 4299: mct_pipeline_process_set: command is 0x8000014 blackjoe CAM_PRIV_PARM 0x8000014
06-03 20:41:15.515 E/QCamera (  715): <MCI><ERROR> mm_stream_data_notify: 337: E, my_handle = 0x2d01, fd = 78, state = 6 blackjoe
06-03 20:41:15.515 E/mm-camera(  715): <SENSOR><ERROR> 4883: sensor_get_frame_duration: resolution is invalid, it seems stream has stopped.
06-03 20:41:15.516 E/QCamera (  715): <MCI><ERROR> mm_stream_read_msm_frame: 1723: E, my_handle = 0x2d01, fd = 78, state = 6 blackjoe
06-03 20:41:15.516 E/mm-camera(  715): <SENSOR><ERROR> 884: sensor_fc_report_meta: Failed to get frame duration
06-03 20:41:15.516 E/mm-camera(  715): <SENSOR><ERROR> 4805: sensor_get_exposure_time: resolution is invalid, it seems stream has stopped.
06-03 20:41:15.516 I/QCamera (  715): <MCI><INFO> mm_stream_read_msm_frame: 1770: VIDIOC_DQBUF buf_index 6, frame_idx 45, stream type 8, rc 0,queued: 5, buf_type = 0 flags = 8192 FD = 78 my_num 0 buf fd 128
06-03 20:41:15.516 E/mm-camera(  715): <SENSOR><ERROR> 904: sensor_fc_report_meta: Failed to get exposure time
06-03 20:41:15.516 E/QCamera (  715): <MCI><ERROR> mm_stream_read_msm_frame: 1790: X rc = 0
06-03 20:41:15.517 I/QCamera (  715): <MCI><INFO> mm_stream_handle_rcvd_buf: 220: E, my_handle = 0x2d01, fd = 78, state = 6
06-03 20:41:15.517 I/QCamera (  715): <MCI><INFO> mm_stream_handle_rcvd_buf: 244: has cb and it is active by blackjoe
06-03 20:41:15.517 I/QCamera (  715): <MCI><INFO> mm_stream_dispatch_app_data: 415: E, my_handle = 0x2d01, fd = 78, state = 6
06-03 20:41:15.518 I/QCamera (  715): <MCI><INFO> mm_stream_dispatch_app_data: 436: frame_sync.is_active = 0, is_cb_active = 1
06-03 20:41:15.518 I/QCamera (  715): <MCI><INFO> mm_stream_dispatch_app_data: 457: Enter callback by blackjoe
06-03 20:41:15.519 E/mm-camera(  715): <MCT   ><ERROR> 2722: mct_stream_process_bus_msg: Check the runing function blackjoe 
06-03 20:41:15.519 E/mm-camera(  715): <MCT   ><ERROR> 2755: mct_stream_process_bus_msg: isp_sof_bus_msg is 0xe7840640
06-03 20:41:15.519 E/mm-camera(  715): <MCT   ><ERROR> 2757: mct_stream_process_bus_msg: frameid is 46 hal_version is 3
06-03 20:41:15.520 E/mm-camera(  715): <MCT   ><ERROR> 2759: mct_stream_process_bus_msg: kstate_ptr is 0xe4adf254, isp_kstate_ptr is 0xe8854000
06-03 20:41:15.520 E/mm-camera(  715): <MCT   ><ERROR> 2765: mct_stream_process_bus_msg: frame_id is 46
06-03 20:41:15.520 E/QCamera (  715): <MCI><ERROR> mm_stream_data_notify: 337: E, my_handle = 0x2c00, fd = 67, state = 6 blackjoe
06-03 20:41:15.521 E/QCamera (  715): <MCI><ERROR> mm_stream_read_msm_frame: 1723: E, my_handle = 0x2c00, fd = 67, state = 6 blackjoe
06-03 20:41:15.521 I/QCamera (  715): <MCI><INFO> mm_stream_read_msm_frame: 1770: VIDIOC_DQBUF buf_index 9, frame_idx 45, stream type 7, rc 0,queued: 17, buf_type = 0 flags = 8192 FD = 67 my_num 0 buf fd 100
06-03 20:41:15.522 E/QCamera (  715): <MCI><ERROR> mm_stream_read_msm_frame: 1790: X rc = 0
06-03 20:41:15.523 I/QCamera (  715): <MCI><INFO> mm_stream_handle_rcvd_buf: 220: E, my_handle = 0x2c00, fd = 67, state = 6
06-03 20:41:15.523 E/mm-camera(  715): <STATS_AIS ><ERROR> 1316: dsps_process_response_gyro: Query request denied, error code = 5, QId_valid = 1, QueryId = 0x2e0a, AckNak_valid = 1, AckNak = 3
06-03 20:41:15.523 I/QCamera (  715): <MCI><INFO> mm_stream_handle_rcvd_buf: 244: has cb and it is active by blackjoe
06-03 20:41:15.523 I/QCamera (  715): <MCI><INFO> mm_stream_dispatch_app_data: 415: E, my_handle = 0x2c00, fd = 67, state = 6
06-03 20:41:15.524 I/QCamera (  715): <MCI><INFO> mm_stream_dispatch_app_data: 436: frame_sync.is_active = 0, is_cb_active = 1
06-03 20:41:15.524 I/QCamera (  715): <MCI><INFO> mm_stream_dispatch_app_data: 457: Enter callback by blackjoe
06-03 20:41:15.532 E/mm-camera(  715): <MCT   ><ERROR> 4828: mct_pipeline_process_serv_msg: pipeline blackjoe data->sessionid 3 pipeline->session 3 msgid 3
06-03 20:41:15.533 E/mm-camera(  715): <MCT   ><ERROR> 4299: mct_pipeline_process_set: command is 0x8000014 blackjoe CAM_PRIV_PARM 0x8000014
06-03 20:41:15.549 E/QCamera (  715): <MCI><ERROR> mm_stream_data_notify: 337: E, my_handle = 0x2d01, fd = 78, state = 6 blackjoe
06-03 20:41:15.549 E/QCamera (  715): <MCI><ERROR> mm_stream_read_msm_frame: 1723: E, my_handle = 0x2d01, fd = 78, state = 6 blackjoe
06-03 20:41:15.550 I/QCamera (  715): <MCI><INFO> mm_stream_read_msm_frame: 1770: VIDIOC_DQBUF buf_index 7, frame_idx 46, stream type 8, rc 0,queued: 5, buf_type = 0 flags = 8192 FD = 78 my_num 0 buf fd 126
06-03 20:41:15.550 E/mm-camera(  715): <SENSOR><ERROR> 4883: sensor_get_frame_duration: resolution is invalid, it seems stream has stopped.
06-03 20:41:15.550 E/QCamera (  715): <MCI><ERROR> mm_stream_read_msm_frame: 1790: X rc = 0
06-03 20:41:15.550 E/mm-camera(  715): <SENSOR><ERROR> 884: sensor_fc_report_meta: Failed to get frame duration
06-03 20:41:15.550 I/QCamera (  715): <MCI><INFO> mm_stream_handle_rcvd_buf: 220: E, my_handle = 0x2d01, fd = 78, state = 6
06-03 20:41:15.550 E/mm-camera(  715): <SENSOR><ERROR> 4805: sensor_get_exposure_time: resolution is invalid, it seems stream has stopped.
06-03 20:41:15.550 I/QCamera (  715): <MCI><INFO> mm_stream_handle_rcvd_buf: 244: has cb and it is active by blackjoe
06-03 20:41:15.550 E/mm-camera(  715): <SENSOR><ERROR> 904: sensor_fc_report_meta: Failed to get exposure time
06-03 20:41:15.550 I/QCamera (  715): <MCI><INFO> mm_stream_dispatch_app_data: 415: E, my_handle = 0x2d01, fd = 78, state = 6
06-03 20:41:15.551 I/QCamera (  715): <MCI><INFO> mm_stream_dispatch_app_data: 436: frame_sync.is_active = 0, is_cb_active = 1
06-03 20:41:15.551 I/QCamera (  715): <MCI><INFO> mm_stream_dispatch_app_data: 457: Enter callback by blackjoe
06-03 20:41:15.551 E/mm-camera(  715): <MCT   ><ERROR> 2722: mct_stream_process_bus_msg: Check the runing function blackjoe 
06-03 20:41:15.552 E/mm-camera(  715): <MCT   ><ERROR> 2755: mct_stream_process_bus_msg: isp_sof_bus_msg is 0xe7840370
06-03 20:41:15.552 E/mm-camera(  715): <MCT   ><ERROR> 2757: mct_stream_process_bus_msg: frameid is 47 hal_version is 3
06-03 20:41:15.552 E/mm-camera(  715): <MCT   ><ERROR> 2759: mct_stream_process_bus_msg: kstate_ptr is 0xe4adf254, isp_kstate_ptr is 0xe8854000
06-03 20:41:15.553 E/mm-camera(  715): <MCT   ><ERROR> 2765: mct_stream_process_bus_msg: frame_id is 47
06-03 20:41:15.553 E/QCamera (  715): <MCI><ERROR> mm_stream_data_notify: 337: E, my_handle = 0x2c00, fd = 67, state = 6 blackjoe
06-03 20:41:15.553 E/QCamera (  715): <MCI><ERROR> mm_stream_read_msm_frame: 1723: E, my_handle = 0x2c00, fd = 67, state = 6 blackjoe
06-03 20:41:15.554 I/QCamera (  715): <MCI><INFO> mm_stream_read_msm_frame: 1770: VIDIOC_DQBUF buf_index 10, frame_idx 46, stream type 7, rc 0,queued: 17, buf_type = 0 flags = 8192 FD = 67 my_num 0 buf fd 102
06-03 20:41:15.554 E/QCamera (  715): <MCI><ERROR> mm_stream_read_msm_frame: 1790: X rc = 0
06-03 20:41:15.554 I/QCamera (  715): <MCI><INFO> mm_stream_handle_rcvd_buf: 220: E, my_handle = 0x2c00, fd = 67, state = 6
06-03 20:41:15.554 I/QCamera (  715): <MCI><INFO> mm_stream_handle_rcvd_buf: 244: has cb and it is active by blackjoe
06-03 20:41:15.555 I/QCamera (  715): <MCI><INFO> mm_stream_dispatch_app_data: 415: E, my_handle = 0x2c00, fd = 67, state = 6
06-03 20:41:15.555 I/QCamera (  715): <MCI><INFO> mm_stream_dispatch_app_data: 436: frame_sync.is_active = 0, is_cb_active = 1
06-03 20:41:15.555 I/QCamera (  715): <MCI><INFO> mm_stream_dispatch_app_data: 457: Enter callback by blackjoe
06-03 20:41:15.557 E/mm-camera(  715): <STATS_AIS ><ERROR> 1316: dsps_process_response_gyro: Query request denied, error code = 5, QId_valid = 1, QueryId = 0x2f0a, AckNak_valid = 1, AckNak = 3
06-03 20:41:15.567 E/mm-camera(  715): <MCT   ><ERROR> 4828: mct_pipeline_process_serv_msg: pipeline blackjoe data->sessionid 3 pipeline->session 3 msgid 3
06-03 20:41:15.567 E/mm-camera(  715): <MCT   ><ERROR> 4299: mct_pipeline_process_set: command is 0x8000014 blackjoe CAM_PRIV_PARM 0x8000014
06-03 20:41:15.587 E/QCamera (  715): <MCI><ERROR> mm_stream_data_notify: 337: E, my_handle = 0x2d01, fd = 78, state = 6 blackjoe
06-03 20:41:15.587 E/QCamera (  715): <MCI><ERROR> mm_stream_read_msm_frame: 1723: E, my_handle = 0x2d01, fd = 78, state = 6 blackjoe
06-03 20:41:15.587 E/mm-camera(  715): <SENSOR><ERROR> 4883: sensor_get_frame_duration: resolution is invalid, it seems stream has stopped.
06-03 20:41:15.588 E/mm-camera(  715): <SENSOR><ERROR> 884: sensor_fc_report_meta: Failed to get frame duration
06-03 20:41:15.588 I/QCamera (  715): <MCI><INFO> mm_stream_read_msm_frame: 1770: VIDIOC_DQBUF buf_index 8, frame_idx 47, stream type 8, rc 0,queued: 5, buf_type = 0 flags = 8192 FD = 78 my_num 0 buf fd 129
06-03 20:41:15.588 E/mm-camera(  715): <SENSOR><ERROR> 4805: sensor_get_exposure_time: resolution is invalid, it seems stream has stopped.
06-03 20:41:15.588 E/QCamera (  715): <MCI><ERROR> mm_stream_read_msm_frame: 1790: X rc = 0
06-03 20:41:15.588 E/mm-camera(  715): <SENSOR><ERROR> 904: sensor_fc_report_meta: Failed to get exposure time
06-03 20:41:15.588 I/QCamera (  715): <MCI><INFO> mm_stream_handle_rcvd_buf: 220: E, my_handle = 0x2d01, fd = 78, state = 6
06-03 20:41:15.588 I/QCamera (  715): <MCI><INFO> mm_stream_handle_rcvd_buf: 244: has cb and it is active by blackjoe
06-03 20:41:15.588 I/QCamera (  715): <MCI><INFO> mm_stream_dispatch_app_data: 415: E, my_handle = 0x2d01, fd = 78, state = 6
06-03 20:41:15.588 I/QCamera (  715): <MCI><INFO> mm_stream_dispatch_app_data: 436: frame_sync.is_active = 0, is_cb_active = 1
06-03 20:41:15.589 I/QCamera (  715): <MCI><INFO> mm_stream_dispatch_app_data: 457: Enter callback by blackjoe
