06-03 20:53:48.126 E/QCamera (  715): <HAL><ERROR> handleMetadataWithLock: 4863: Cancel missing frame = 5031, buffer = 0xe8698800,stream type = 8, stream format = 36
06-03 20:53:48.126 E/QCamera (  715): <HAL><ERROR> handleMetadataWithLock: 4863: Cancel missing frame = 5032, buffer = 0xe8693790,stream type = 8, stream format = 36
06-03 20:53:48.126 E/QCamera (  715): <MCI><ERROR> cancelBuffer: 884: Calling cancel buf on idx:9 for stream type:8
06-03 20:53:48.126 E/QCamera (  715): <HAL><ERROR> handleMetadataWithLock: 4863: Cancel missing frame = 5033, buffer = 0xe86965e0,stream type = 8, stream format = 36
06-03 20:53:48.126 E/QCamera (  715): <MCI><ERROR> mm_stream_cancel_buf: 5156: mm_stream_cancel_buf(idx=9) err=-1
06-03 20:53:48.126 E/QCamera (  715): <HAL><ERROR> handleMetadataWithLock: 4863: Cancel missing frame = 5034, buffer = 0xe8691540,stream type = 8, stream format = 36
06-03 20:53:48.126 E/QCamera (  715): <MCI><ERROR> cancelBuffer: 884: Calling cancel buf on idx:10 for stream type:8
06-03 20:53:48.126 E/QCamera (  715): <HAL><ERROR> handleMetadataWithLock: 4863: Cancel missing frame = 5035, buffer = 0xe8697810,stream type = 8, stream format = 36
06-03 20:53:48.126 E/QCamera (  715): <MCI><ERROR> mm_stream_cancel_buf: 5125: Error Trying to extract a frame already sent to HAL(idx=10) count=1
06-03 20:53:48.126 E/QCamera (  715): <MCI><ERROR> cancelBuffer: 884: Calling cancel buf on idx:6 for stream type:8
06-03 20:53:48.126 E/QCamera (  715): <MCI><ERROR> mm_stream_cancel_buf: 5125: Error Trying to extract a frame already sent to HAL(idx=6) count=1
06-03 20:53:48.127 E/QCamera (  715): <MCI><ERROR> cancelBuffer: 884: Calling cancel buf on idx:7 for stream type:8
06-03 20:53:48.127 E/QCamera (  715): <MCI><ERROR> mm_stream_cancel_buf: 5125: Error Trying to extract a frame already sent to HAL(idx=7) count=1
06-03 20:53:48.127 E/QCamera (  715): <MCI><ERROR> cancelBuffer: 884: Calling cancel buf on idx:11 for stream type:8
06-03 20:53:48.127 E/QCamera (  715): <MCI><ERROR> mm_stream_cancel_buf: 5125: Error Trying to extract a frame already sent to HAL(idx=11) count=1
06-03 20:53:48.127 E/QCamera (  715): <MCI><ERROR> cancelBuffer: 884: Calling cancel buf on idx:8 for stream type:8
06-03 20:53:48.127 E/QCamera (  715): <MCI><ERROR> mm_stream_cancel_buf: 5125: Error Trying to extract a frame already sent to HAL(idx=8) count=1
06-03 20:53:48.202 E/        (    0): frame_src is 1 frame_id is 1660 blackjoe
06-03 20:53:48.192 E/mm-camera(  715): <SENSOR><ERROR> 4883: sensor_get_frame_duration: resolution is invalid, it seems stream has stopped.
06-03 20:53:48.193 E/mm-camera(  715): <SENSOR><ERROR> 884: sensor_fc_report_meta: Failed to get frame duration
06-03 20:53:48.193 E/mm-camera(  715): <SENSOR><ERROR> 4805: sensor_get_exposure_time: resolution is invalid, it seems stream has stopped.
06-03 20:53:48.193 E/mm-camera(  715): <SENSOR><ERROR> 904: sensor_fc_report_meta: Failed to get exposure time
06-03 20:53:48.194 E/mm-camera(  715): <MCT   ><ERROR> 2722: mct_stream_process_bus_msg: Check the runing function blackjoe 
06-03 20:53:48.195 E/mm-camera(  715): <MCT   ><ERROR> 2755: mct_stream_process_bus_msg: isp_sof_bus_msg is 0xe7840d90
06-03 20:53:48.195 E/mm-camera(  715): <MCT   ><ERROR> 2757: mct_stream_process_bus_msg: frameid is 1660 hal_version is 3
06-03 20:53:48.195 E/mm-camera(  715): <MCT   ><ERROR> 2759: mct_stream_process_bus_msg: kstate_ptr is 0xe4adf254, isp_kstate_ptr is 0xe8854000
06-03 20:53:48.195 E/mm-camera(  715): <MCT   ><ERROR> 2765: mct_stream_process_bus_msg: frame_id is 1660
06-03 20:53:48.196 E/QCamera (  715): <MCI><ERROR> mm_stream_data_notify: 337: E, my_handle = 0x5200, fd = 67, state = 6 blackjoe
06-03 20:53:48.196 E/QCamera (  715): <MCI><ERROR> mm_stream_read_msm_frame: 1723: E, my_handle = 0x5200, fd = 67, state = 6 blackjoe
06-03 20:53:48.196 I/QCamera (  715): <MCI><INFO> mm_stream_read_msm_frame: 1770: VIDIOC_DQBUF buf_index 3, frame_idx 1659, stream type 7, rc 0,queued: 17, buf_type = 0 flags = 8192 FD = 67 my_num 0 buf fd 88
06-03 20:53:48.197 E/QCamera (  715): <MCI><ERROR> mm_stream_read_msm_frame: 1790: X rc = 0
06-03 20:53:48.197 I/QCamera (  715): <MCI><INFO> mm_stream_handle_rcvd_buf: 220: E, my_handle = 0x5200, fd = 67, state = 6
06-03 20:53:48.197 I/QCamera (  715): <MCI><INFO> mm_stream_handle_rcvd_buf: 244: has cb and it is active by blackjoe
06-03 20:53:48.197 I/QCamera (  715): <MCI><INFO> mm_stream_dispatch_app_data: 415: E, my_handle = 0x5200, fd = 67, state = 6
06-03 20:53:48.197 I/QCamera (  715): <MCI><INFO> mm_stream_dispatch_app_data: 436: frame_sync.is_active = 0, is_cb_active = 1
06-03 20:53:48.197 I/QCamera (  715): <MCI><INFO> mm_stream_dispatch_app_data: 457: Enter callback by blackjoe
06-03 20:53:48.198 E/QCamera (  715): <HAL><ERROR> handleMetadataWithLock: 4863: Cancel missing frame = 5030, buffer = 0xe8693340,stream type = 8, stream format = 36
06-03 20:53:48.198 E/QCamera (  715): <HAL><ERROR> handleMetadataWithLock: 4863: Cancel missing frame = 5031, buffer = 0xe8698800,stream type = 8, stream format = 36
06-03 20:53:48.198 E/QCamera (  715): <HAL><ERROR> handleMetadataWithLock: 4863: Cancel missing frame = 5032, buffer = 0xe8693790,stream type = 8, stream format = 36
06-03 20:53:48.199 E/QCamera (  715): <HAL><ERROR> handleMetadataWithLock: 4863: Cancel missing frame = 5033, buffer = 0xe86965e0,stream type = 8, stream format = 36
06-03 20:53:48.199 E/QCamera (  715): <HAL><ERROR> handleMetadataWithLock: 4863: Cancel missing frame = 5034, buffer = 0xe8691540,stream type = 8, stream format = 36
06-03 20:53:48.199 E/QCamera (  715): <MCI><ERROR> cancelBuffer: 884: Calling cancel buf on idx:9 for stream type:8
06-03 20:53:48.199 E/QCamera (  715): <HAL><ERROR> handleMetadataWithLock: 4863: Cancel missing frame = 5035, buffer = 0xe8697810,stream type = 8, stream format = 36
06-03 20:53:48.199 E/QCamera (  715): <MCI><ERROR> mm_stream_cancel_buf: 5156: mm_stream_cancel_buf(idx=9) err=-1
06-03 20:53:48.199 E/QCamera (  715): <MCI><ERROR> cancelBuffer: 884: Calling cancel buf on idx:10 for stream type:8
06-03 20:53:48.199 E/QCamera (  715): <MCI><ERROR> mm_stream_cancel_buf: 5125: Error Trying to extract a frame already sent to HAL(idx=10) count=1
06-03 20:53:48.199 E/QCamera (  715): <MCI><ERROR> cancelBuffer: 884: Calling cancel buf on idx:6 for stream type:8
06-03 20:53:48.200 E/QCamera (  715): <MCI><ERROR> mm_stream_cancel_buf: 5125: Error Trying to extract a frame already sent to HAL(idx=6) count=1
06-03 20:53:48.200 E/QCamera (  715): <MCI><ERROR> cancelBuffer: 884: Calling cancel buf on idx:7 for stream type:8
06-03 20:53:48.200 E/QCamera (  715): <MCI><ERROR> mm_stream_cancel_buf: 5125: Error Trying to extract a frame already sent to HAL(idx=7) count=1
06-03 20:53:48.200 E/QCamera (  715): <MCI><ERROR> cancelBuffer: 884: Calling cancel buf on idx:11 for stream type:8
06-03 20:53:48.200 E/QCamera (  715): <MCI><ERROR> mm_stream_cancel_buf: 5125: Error Trying to extract a frame already sent to HAL(idx=11) count=1
06-03 20:53:48.200 E/mm-camera(  715): <STATS_AIS ><ERROR> 1316: dsps_process_response_gyro: Query request denied, error code = 5, QId_valid = 1, QueryId = 0x7c0a, AckNak_valid = 1, AckNak = 3
06-03 20:53:48.200 E/QCamera (  715): <MCI><ERROR> cancelBuffer: 884: Calling cancel buf on idx:8 for stream type:8
06-03 20:53:48.200 E/QCamera (  715): <MCI><ERROR> mm_stream_cancel_buf: 5125: Error Trying to extract a frame already sent to HAL(idx=8) count=1
06-03 20:53:48.226 E/mm-camera(  715): <SENSOR><ERROR> 4883: sensor_get_frame_duration: resolution is invalid, it seems stream has stopped.
06-03 20:53:48.226 E/mm-camera(  715): <SENSOR><ERROR> 884: sensor_fc_report_meta: Failed to get frame duration
06-03 20:53:48.226 E/mm-camera(  715): <SENSOR><ERROR> 4805: sensor_get_exposure_time: resolution is invalid, it seems stream has stopped.
06-03 20:53:48.227 E/mm-camera(  715): <SENSOR><ERROR> 904: sensor_fc_report_meta: Failed to get exposure time
06-03 20:53:48.227 E/mm-camera(  715): <MCT   ><ERROR> 2722: mct_stream_process_bus_msg: Check the runing function blackjoe 
06-03 20:53:48.228 E/mm-camera(  715): <MCT   ><ERROR> 2755: mct_stream_process_bus_msg: isp_sof_bus_msg is 0xe7840d90
06-03 20:53:48.228 E/mm-camera(  715): <MCT   ><ERROR> 2757: mct_stream_process_bus_msg: frameid is 1661 hal_version is 3
06-03 20:53:48.228 E/mm-camera(  715): <MCT   ><ERROR> 2759: mct_stream_process_bus_msg: kstate_ptr is 0xe4adf254, isp_kstate_ptr is 0xe8854000
06-03 20:53:48.228 E/mm-camera(  715): <MCT   ><ERROR> 2765: mct_stream_process_bus_msg: frame_id is 1661
06-03 20:53:48.236 E/        (    0): frame_src is 1 frame_id is 1661 blackjoe
06-03 20:53:48.232 E/QCamera (  715): <MCI><ERROR> mm_stream_data_notify: 337: E, my_handle = 0x5200, fd = 67, state = 6 blackjoe
06-03 20:53:48.232 E/QCamera (  715): <MCI><ERROR> mm_stream_read_msm_frame: 1723: E, my_handle = 0x5200, fd = 67, state = 6 blackjoe
06-03 20:53:48.232 E/mm-camera(  715): <STATS_AIS ><ERROR> 1316: dsps_process_response_gyro: Query request denied, error code = 5, QId_valid = 1, QueryId = 0x7d0a, AckNak_valid = 1, AckNak = 3
06-03 20:53:48.233 I/QCamera (  715): <MCI><INFO> mm_stream_read_msm_frame: 1770: VIDIOC_DQBUF buf_index 4, frame_idx 1660, stream type 7, rc 0,queued: 17, buf_type = 0 flags = 8192 FD = 67 my_num 0 buf fd 90
06-03 20:53:48.233 E/QCamera (  715): <MCI><ERROR> mm_stream_read_msm_frame: 1790: X rc = 0
06-03 20:53:48.233 I/QCamera (  715): <MCI><INFO> mm_stream_handle_rcvd_buf: 220: E, my_handle = 0x5200, fd = 67, state = 6
06-03 20:53:48.233 I/QCamera (  715): <MCI><INFO> mm_stream_handle_rcvd_buf: 244: has cb and it is active by blackjoe
06-03 20:53:48.235 I/QCamera (  715): <MCI><INFO> mm_stream_dispatch_app_data: 415: E, my_handle = 0x5200, fd = 67, state = 6
06-03 20:53:48.235 I/QCamera (  715): <MCI><INFO> mm_stream_dispatch_app_data: 436: frame_sync.is_active = 0, is_cb_active = 1
06-03 20:53:48.235 I/QCamera (  715): <MCI><INFO> mm_stream_dispatch_app_data: 457: Enter callback by blackjoe
06-03 20:53:48.236 E/QCamera (  715): <HAL><ERROR> handleMetadataWithLock: 4863: Cancel missing frame = 5030, buffer = 0xe8693340,stream type = 8, stream format = 36
06-03 20:53:48.236 E/QCamera (  715): <HAL><ERROR> handleMetadataWithLock: 4863: Cancel missing frame = 5031, buffer = 0xe8698800,stream type = 8, stream format = 36
06-03 20:53:48.236 E/QCamera (  715): <MCI><ERROR> cancelBuffer: 884: Calling cancel buf on idx:9 for stream type:8
06-03 20:53:48.236 E/QCamera (  715): <HAL><ERROR> handleMetadataWithLock: 4863: Cancel missing frame = 5032, buffer = 0xe8693790,stream type = 8, stream format = 36
06-03 20:53:48.236 E/QCamera (  715): <MCI><ERROR> mm_stream_cancel_buf: 5156: mm_stream_cancel_buf(idx=9) err=-1
06-03 20:53:48.236 E/QCamera (  715): <HAL><ERROR> handleMetadataWithLock: 4863: Cancel missing frame = 5033, buffer = 0xe86965e0,stream type = 8, stream format = 36
06-03 20:53:48.236 E/QCamera (  715): <MCI><ERROR> cancelBuffer: 884: Calling cancel buf on idx:10 for stream type:8
06-03 20:53:48.236 E/QCamera (  715): <MCI><ERROR> mm_stream_cancel_buf: 5125: Error Trying to extract a frame already sent to HAL(idx=10) count=1
06-03 20:53:48.237 E/QCamera (  715): <MCI><ERROR> cancelBuffer: 884: Calling cancel buf on idx:6 for stream type:8
06-03 20:53:48.236 E/QCamera (  715): <HAL><ERROR> handleMetadataWithLock: 4863: Cancel missing frame = 5034, buffer = 0xe8691540,stream type = 8, stream format = 36
06-03 20:53:48.237 E/QCamera (  715): <MCI><ERROR> mm_stream_cancel_buf: 5125: Error Trying to extract a frame already sent to HAL(idx=6) count=1
06-03 20:53:48.237 E/QCamera (  715): <HAL><ERROR> handleMetadataWithLock: 4863: Cancel missing frame = 5035, buffer = 0xe8697810,stream type = 8, stream format = 36
06-03 20:53:48.237 E/QCamera (  715): <MCI><ERROR> cancelBuffer: 884: Calling cancel buf on idx:7 for stream type:8
06-03 20:53:48.237 E/QCamera (  715): <MCI><ERROR> mm_stream_cancel_buf: 5125: Error Trying to extract a frame already sent to HAL(idx=7) count=1
06-03 20:53:48.237 E/QCamera (  715): <MCI><ERROR> cancelBuffer: 884: Calling cancel buf on idx:11 for stream type:8
06-03 20:53:48.237 E/QCamera (  715): <MCI><ERROR> mm_stream_cancel_buf: 5125: Error Trying to extract a frame already sent to HAL(idx=11) count=1
06-03 20:53:48.238 E/QCamera (  715): <MCI><ERROR> cancelBuffer: 884: Calling cancel buf on idx:8 for stream type:8
06-03 20:53:48.238 E/QCamera (  715): <MCI><ERROR> mm_stream_cancel_buf: 5125: Error Trying to extract a frame already sent to HAL(idx=8) count=1
06-03 20:53:48.270 E/        (    0): frame_src is 1 frame_id is 1662 blackjoe
06-03 20:53:48.260 E/mm-camera(  715): <SENSOR><ERROR> 4883: sensor_get_frame_duration: resolution is invalid, it seems stream has stopped.
06-03 20:53:48.260 E/mm-camera(  715): <SENSOR><ERROR> 884: sensor_fc_report_meta: Failed to get frame duration
06-03 20:53:48.260 E/mm-camera(  715): <SENSOR><ERROR> 4805: sensor_get_exposure_time: resolution is invalid, it seems stream has stopped.
06-03 20:53:48.261 E/mm-camera(  715): <SENSOR><ERROR> 904: sensor_fc_report_meta: Failed to get exposure time
06-03 20:53:48.261 E/mm-camera(  715): <MCT   ><ERROR> 2722: mct_stream_process_bus_msg: Check the runing function blackjoe 
06-03 20:53:48.262 E/mm-camera(  715): <MCT   ><ERROR> 2755: mct_stream_process_bus_msg: isp_sof_bus_msg is 0xe7840d90
06-03 20:53:48.262 E/mm-camera(  715): <MCT   ><ERROR> 2757: mct_stream_process_bus_msg: frameid is 1662 hal_version is 3
06-03 20:53:48.262 E/mm-camera(  715): <MCT   ><ERROR> 2759: mct_stream_process_bus_msg: kstate_ptr is 0xe4adf254, isp_kstate_ptr is 0xe8854000
06-03 20:53:48.262 E/mm-camera(  715): <MCT   ><ERROR> 2765: mct_stream_process_bus_msg: frame_id is 1662
06-03 20:53:48.263 E/QCamera (  715): <MCI><ERROR> mm_stream_data_notify: 337: E, my_handle = 0x5200, fd = 67, state = 6 blackjoe
06-03 20:53:48.263 E/QCamera (  715): <MCI><ERROR> mm_stream_read_msm_frame: 1723: E, my_handle = 0x5200, fd = 67, state = 6 blackjoe
06-03 20:53:48.264 I/QCamera (  715): <MCI><INFO> mm_stream_read_msm_frame: 1770: VIDIOC_DQBUF buf_index 5, frame_idx 1661, stream type 7, rc 0,queued: 17, buf_type = 0 flags = 8192 FD = 67 my_num 0 buf fd 92
06-03 20:53:48.264 E/QCamera (  715): <MCI><ERROR> mm_stream_read_msm_frame: 1790: X rc = 0
06-03 20:53:48.264 I/QCamera (  715): <MCI><INFO> mm_stream_handle_rcvd_buf: 220: E, my_handle = 0x5200, fd = 67, state = 6
06-03 20:53:48.264 I/QCamera (  715): <MCI><INFO> mm_stream_handle_rcvd_buf: 244: has cb and it is active by blackjoe
06-03 20:53:48.265 I/QCamera (  715): <MCI><INFO> mm_stream_dispatch_app_data: 415: E, my_handle = 0x5200, fd = 67, state = 6
06-03 20:53:48.265 I/QCamera (  715): <MCI><INFO> mm_stream_dispatch_app_data: 436: frame_sync.is_active = 0, is_cb_active = 1
06-03 20:53:48.265 E/mm-camera(  715): <STATS_AIS ><ERROR> 1316: dsps_process_response_gyro: Query request denied, error code = 5, QId_valid = 1, QueryId = 0x7e0a, AckNak_valid = 1, AckNak = 3
06-03 20:53:48.265 I/QCamera (  715): <MCI><INFO> mm_stream_dispatch_app_data: 457: Enter callback by blackjoe
06-03 20:53:48.266 E/QCamera (  715): <HAL><ERROR> handleMetadataWithLock: 4863: Cancel missing frame = 5030, buffer = 0xe8693340,stream type = 8, stream format = 36
06-03 20:53:48.266 E/QCamera (  715): <HAL><ERROR> handleMetadataWithLock: 4863: Cancel missing frame = 5031, buffer = 0xe8698800,stream type = 8, stream format = 36
06-03 20:53:48.266 E/QCamera (  715): <MCI><ERROR> cancelBuffer: 884: Calling cancel buf on idx:9 for stream type:8
06-03 20:53:48.266 E/QCamera (  715): <HAL><ERROR> handleMetadataWithLock: 4863: Cancel missing frame = 5032, buffer = 0xe8693790,stream type = 8, stream format = 36
06-03 20:53:48.266 E/QCamera (  715): <MCI><ERROR> mm_stream_cancel_buf: 5156: mm_stream_cancel_buf(idx=9) err=-1
06-03 20:53:48.267 E/QCamera (  715): <HAL><ERROR> handleMetadataWithLock: 4863: Cancel missing frame = 5033, buffer = 0xe86965e0,stream type = 8, stream format = 36
06-03 20:53:48.267 E/QCamera (  715): <MCI><ERROR> cancelBuffer: 884: Calling cancel buf on idx:10 for stream type:8
06-03 20:53:48.267 E/QCamera (  715): <HAL><ERROR> handleMetadataWithLock: 4863: Cancel missing frame = 5034, buffer = 0xe8691540,stream type = 8, stream format = 36
06-03 20:53:48.267 E/QCamera (  715): <MCI><ERROR> mm_stream_cancel_buf: 5125: Error Trying to extract a frame already sent to HAL(idx=10) count=1
06-03 20:53:48.267 E/QCamera (  715): <HAL><ERROR> handleMetadataWithLock: 4863: Cancel missing frame = 5035, buffer = 0xe8697810,stream type = 8, stream format = 36
06-03 20:53:48.267 E/QCamera (  715): <MCI><ERROR> cancelBuffer: 884: Calling cancel buf on idx:6 for stream type:8
06-03 20:53:48.267 E/QCamera (  715): <MCI><ERROR> mm_stream_cancel_buf: 5125: Error Trying to extract a frame already sent to HAL(idx=6) count=1
06-03 20:53:48.267 E/QCamera (  715): <MCI><ERROR> cancelBuffer: 884: Calling cancel buf on idx:7 for stream type:8
06-03 20:53:48.267 E/QCamera (  715): <MCI><ERROR> mm_stream_cancel_buf: 5125: Error Trying to extract a frame already sent to HAL(idx=7) count=1
06-03 20:53:48.267 E/QCamera (  715): <MCI><ERROR> cancelBuffer: 884: Calling cancel buf on idx:11 for stream type:8
06-03 20:53:48.268 E/QCamera (  715): <MCI><ERROR> mm_stream_cancel_buf: 5125: Error Trying to extract a frame already sent to HAL(idx=11) count=1
06-03 20:53:48.268 E/QCamera (  715): <MCI><ERROR> cancelBuffer: 884: Calling cancel buf on idx:8 for stream type:8
06-03 20:53:48.268 E/QCamera (  715): <MCI><ERROR> mm_stream_cancel_buf: 5125: Error Trying to extract a frame already sent to HAL(idx=8) count=1
06-03 20:53:48.309 E/        (    0): frame_src is 1 frame_id is 1663 blackjoe
06-03 20:53:48.298 E/mm-camera(  715): <SENSOR><ERROR> 4883: sensor_get_frame_duration: resolution is invalid, it seems stream has stopped.
06-03 20:53:48.299 E/mm-camera(  715): <SENSOR><ERROR> 884: sensor_fc_report_meta: Failed to get frame duration
06-03 20:53:48.299 E/mm-camera(  715): <SENSOR><ERROR> 4805: sensor_get_exposure_time: resolution is invalid, it seems stream has stopped.
06-03 20:53:48.299 E/mm-camera(  715): <SENSOR><ERROR> 904: sensor_fc_report_meta: Failed to get exposure time
06-03 20:53:48.300 E/mm-camera(  715): <MCT   ><ERROR> 2722: mct_stream_process_bus_msg: Check the runing function blackjoe 
06-03 20:53:48.301 E/mm-camera(  715): <MCT   ><ERROR> 2755: mct_stream_process_bus_msg: isp_sof_bus_msg is 0xe7840d90
06-03 20:53:48.301 E/mm-camera(  715): <MCT   ><ERROR> 2757: mct_stream_process_bus_msg: frameid is 1663 hal_version is 3
06-03 20:53:48.301 E/mm-camera(  715): <MCT   ><ERROR> 2759: mct_stream_process_bus_msg: kstate_ptr is 0xe4adf254, isp_kstate_ptr is 0xe8854000
06-03 20:53:48.301 E/mm-camera(  715): <MCT   ><ERROR> 2765: mct_stream_process_bus_msg: frame_id is 1663
06-03 20:53:48.302 E/QCamera (  715): <MCI><ERROR> mm_stream_data_notify: 337: E, my_handle = 0x5200, fd = 67, state = 6 blackjoe
06-03 20:53:48.302 E/QCamera (  715): <MCI><ERROR> mm_stream_read_msm_frame: 1723: E, my_handle = 0x5200, fd = 67, state = 6 blackjoe
06-03 20:53:48.302 I/QCamera (  715): <MCI><INFO> mm_stream_read_msm_frame: 1770: VIDIOC_DQBUF buf_index 6, frame_idx 1662, stream type 7, rc 0,queued: 17, buf_type = 0 flags = 8192 FD = 67 my_num 0 buf fd 94
06-03 20:53:48.303 E/QCamera (  715): <MCI><ERROR> mm_stream_read_msm_frame: 1790: X rc = 0
06-03 20:53:48.303 I/QCamera (  715): <MCI><INFO> mm_stream_handle_rcvd_buf: 220: E, my_handle = 0x5200, fd = 67, state = 6
06-03 20:53:48.303 I/QCamera (  715): <MCI><INFO> mm_stream_handle_rcvd_buf: 244: has cb and it is active by blackjoe
06-03 20:53:48.304 I/QCamera (  715): <MCI><INFO> mm_stream_dispatch_app_data: 415: E, my_handle = 0x5200, fd = 67, state = 6
06-03 20:53:48.304 I/QCamera (  715): <MCI><INFO> mm_stream_dispatch_app_data: 436: frame_sync.is_active = 0, is_cb_active = 1
06-03 20:53:48.304 I/QCamera (  715): <MCI><INFO> mm_stream_dispatch_app_data: 457: Enter callback by blackjoe
06-03 20:53:48.305 E/QCamera (  715): <HAL><ERROR> handleMetadataWithLock: 4863: Cancel missing frame = 5030, buffer = 0xe8693340,stream type = 8, stream format = 36
06-03 20:53:48.306 E/QCamera (  715): <HAL><ERROR> handleMetadataWithLock: 4863: Cancel missing frame = 5031, buffer = 0xe8698800,stream type = 8, stream format = 36
06-03 20:53:48.306 E/QCamera (  715): <MCI><ERROR> cancelBuffer: 884: Calling cancel buf on idx:9 for stream type:8
06-03 20:53:48.306 E/QCamera (  715): <HAL><ERROR> handleMetadataWithLock: 4863: Cancel missing frame = 5032, buffer = 0xe8693790,stream type = 8, stream format = 36
06-03 20:53:48.306 E/QCamera (  715): <MCI><ERROR> mm_stream_cancel_buf: 5156: mm_stream_cancel_buf(idx=9) err=-1
06-03 20:53:48.306 E/QCamera (  715): <HAL><ERROR> handleMetadataWithLock: 4863: Cancel missing frame = 5033, buffer = 0xe86965e0,stream type = 8, stream format = 36
06-03 20:53:48.306 E/QCamera (  715): <MCI><ERROR> cancelBuffer: 884: Calling cancel buf on idx:10 for stream type:8
06-03 20:53:48.306 E/QCamera (  715): <HAL><ERROR> handleMetadataWithLock: 4863: Cancel missing frame = 5034, buffer = 0xe8691540,stream type = 8, stream format = 36
06-03 20:53:48.307 E/QCamera (  715): <MCI><ERROR> mm_stream_cancel_buf: 5125: Error Trying to extract a frame already sent to HAL(idx=10) count=1
06-03 20:53:48.307 E/QCamera (  715): <HAL><ERROR> handleMetadataWithLock: 4863: Cancel missing frame = 5035, buffer = 0xe8697810,stream type = 8, stream format = 36
06-03 20:53:48.307 E/QCamera (  715): <MCI><ERROR> cancelBuffer: 884: Calling cancel buf on idx:6 for stream type:8
06-03 20:53:48.307 E/QCamera (  715): <MCI><ERROR> mm_stream_cancel_buf: 5125: Error Trying to extract a frame already sent to HAL(idx=6) count=1
06-03 20:53:48.308 E/QCamera (  715): <MCI><ERROR> cancelBuffer: 884: Calling cancel buf on idx:7 for stream type:8
06-03 20:53:48.308 E/mm-camera(  715): <STATS_AIS ><ERROR> 1316: dsps_process_response_gyro: Query request denied, error code = 5, QId_valid = 1, QueryId = 0x7f0a, AckNak_valid = 1, AckNak = 3
06-03 20:53:48.308 E/QCamera (  715): <MCI><ERROR> mm_stream_cancel_buf: 5125: Error Trying to extract a frame already sent to HAL(idx=7) count=1
06-03 20:53:48.308 E/QCamera (  715): <MCI><ERROR> cancelBuffer: 884: Calling cancel buf on idx:11 for stream type:8
06-03 20:53:48.308 E/QCamera (  715): <MCI><ERROR> mm_stream_cancel_buf: 5125: Error Trying to extract a frame already sent to HAL(idx=11) count=1
06-03 20:53:48.309 E/QCamera (  715): <MCI><ERROR> cancelBuffer: 884: Calling cancel buf on idx:8 for stream type:8
06-03 20:53:48.309 E/QCamera (  715): <MCI><ERROR> mm_stream_cancel_buf: 5125: Error Trying to extract a frame already sent to HAL(idx=8) count=1
06-03 20:53:48.327 E/        (    0): frame_src is 1 frame_id is 1664 blackjoe
06-03 20:53:48.328 D/logd    (    0): logdr: UID=0 GID=0 PID=10569 n tail=0 logMask=99 pid=0 start=0ns timeout=0ns
06-03 20:53:48.346 E/        (    0): frame_src is 1 frame_id is 1665 blackjoe
06-03 20:53:48.365 E/        (    0): frame_src is 1 frame_id is 1666 blackjoe
06-03 20:53:48.384 E/        (    0): frame_src is 1 frame_id is 1667 blackjoe
06-03 20:53:48.317 E/mm-camera(  715): <SENSOR><ERROR> 4883: sensor_get_frame_duration: resolution is invalid, it seems stream has stopped.
06-03 20:53:48.318 E/mm-camera(  715): <SENSOR><ERROR> 884: sensor_fc_report_meta: Failed to get frame duration
06-03 20:53:48.318 E/mm-camera(  715): <SENSOR><ERROR> 4805: sensor_get_exposure_time: resolution is invalid, it seems stream has stopped.
06-03 20:53:48.319 E/mm-camera(  715): <SENSOR><ERROR> 904: sensor_fc_report_meta: Failed to get exposure time
06-03 20:53:48.320 E/mm-camera(  715): <MCT   ><ERROR> 2722: mct_stream_process_bus_msg: Check the runing function blackjoe 
06-03 20:53:48.321 E/mm-camera(  715): <MCT   ><ERROR> 2755: mct_stream_process_bus_msg: isp_sof_bus_msg is 0xe7840d90
06-03 20:53:48.321 E/mm-camera(  715): <MCT   ><ERROR> 2757: mct_stream_process_bus_msg: frameid is 1664 hal_version is 3
06-03 20:53:48.321 E/mm-camera(  715): <MCT   ><ERROR> 2759: mct_stream_process_bus_msg: kstate_ptr is 0xe4adf254, isp_kstate_ptr is 0xe8854000
06-03 20:53:48.321 E/mm-camera(  715): <MCT   ><ERROR> 2765: mct_stream_process_bus_msg: frame_id is 1664
06-03 20:53:48.323 E/QCamera (  715): <MCI><ERROR> mm_stream_data_notify: 337: E, my_handle = 0x5200, fd = 67, state = 6 blackjoe
06-03 20:53:48.323 E/QCamera (  715): <MCI><ERROR> mm_stream_read_msm_frame: 1723: E, my_handle = 0x5200, fd = 67, state = 6 blackjoe
06-03 20:53:48.323 I/QCamera (  715): <MCI><INFO> mm_stream_read_msm_frame: 1770: VIDIOC_DQBUF buf_index 7, frame_idx 1663, stream type 7, rc 0,queued: 17, buf_type = 0 flags = 8192 FD = 67 my_num 0 buf fd 96
06-03 20:53:48.324 E/QCamera (  715): <MCI><ERROR> mm_stream_read_msm_frame: 1790: X rc = 0
06-03 20:53:48.324 I/QCamera (  715): <MCI><INFO> mm_stream_handle_rcvd_buf: 220: E, my_handle = 0x5200, fd = 67, state = 6
06-03 20:53:48.324 I/QCamera (  715): <MCI><INFO> mm_stream_handle_rcvd_buf: 244: has cb and it is active by blackjoe
06-03 20:53:48.324 I/QCamera (  715): <MCI><INFO> mm_stream_dispatch_app_data: 415: E, my_handle = 0x5200, fd = 67, state = 6
06-03 20:53:48.325 I/QCamera (  715): <MCI><INFO> mm_stream_dispatch_app_data: 436: frame_sync.is_active = 0, is_cb_active = 1
06-03 20:53:48.325 E/mm-camera(  715): <STATS_AIS ><ERROR> 1316: dsps_process_response_gyro: Query request denied, error code = 5, QId_valid = 1, QueryId = 0x800a, AckNak_valid = 1, AckNak = 3
06-03 20:53:48.325 I/QCamera (  715): <MCI><INFO> mm_stream_dispatch_app_data: 457: Enter callback by blackjoe
06-03 20:53:48.325 E/QCamera (  715): <HAL><ERROR> handleMetadataWithLock: 4863: Cancel missing frame = 5030, buffer = 0xe8693340,stream type = 8, stream format = 36
06-03 20:53:48.326 E/QCamera (  715): <HAL><ERROR> handleMetadataWithLock: 4863: Cancel missing frame = 5031, buffer = 0xe8698800,stream type = 8, stream format = 36
06-03 20:53:48.326 E/QCamera (  715): <MCI><ERROR> cancelBuffer: 884: Calling cancel buf on idx:9 for stream type:8
06-03 20:53:48.326 E/QCamera (  715): <HAL><ERROR> handleMetadataWithLock: 4863: Cancel missing frame = 5032, buffer = 0xe8693790,stream type = 8, stream format = 36
06-03 20:53:48.326 E/QCamera (  715): <MCI><ERROR> mm_stream_cancel_buf: 5156: mm_stream_cancel_buf(idx=9) err=-1
06-03 20:53:48.326 E/QCamera (  715): <HAL><ERROR> handleMetadataWithLock: 4863: Cancel missing frame = 5033, buffer = 0xe86965e0,stream type = 8, stream format = 36
06-03 20:53:48.326 E/QCamera (  715): <MCI><ERROR> cancelBuffer: 884: Calling cancel buf on idx:10 for stream type:8
06-03 20:53:48.326 E/QCamera (  715): <HAL><ERROR> handleMetadataWithLock: 4863: Cancel missing frame = 5034, buffer = 0xe8691540,stream type = 8, stream format = 36
06-03 20:53:48.326 E/QCamera (  715): <MCI><ERROR> mm_stream_cancel_buf: 5125: Error Trying to extract a frame already sent to HAL(idx=10) count=1
06-03 20:53:48.326 E/QCamera (  715): <HAL><ERROR> handleMetadataWithLock: 4863: Cancel missing frame = 5035, buffer = 0xe8697810,stream type = 8, stream format = 36
06-03 20:53:48.326 E/QCamera (  715): <MCI><ERROR> cancelBuffer: 884: Calling cancel buf on idx:6 for stream type:8
06-03 20:53:48.327 E/QCamera (  715): <MCI><ERROR> mm_stream_cancel_buf: 5125: Error Trying to extract a frame already sent to HAL(idx=6) count=1
06-03 20:53:48.327 E/QCamera (  715): <MCI><ERROR> cancelBuffer: 884: Calling cancel buf on idx:7 for stream type:8
06-03 20:53:48.327 E/QCamera (  715): <MCI><ERROR> mm_stream_cancel_buf: 5125: Error Trying to extract a frame already sent to HAL(idx=7) count=1
06-03 20:53:48.327 E/QCamera (  715): <MCI><ERROR> cancelBuffer: 884: Calling cancel buf on idx:11 for stream type:8
06-03 20:53:48.327 E/QCamera (  715): <MCI><ERROR> mm_stream_cancel_buf: 5125: Error Trying to extract a frame already sent to HAL(idx=11) count=1
06-03 20:53:48.327 E/QCamera (  715): <MCI><ERROR> cancelBuffer: 884: Calling cancel buf on idx:8 for stream type:8
06-03 20:53:48.328 E/QCamera (  715): <MCI><ERROR> mm_stream_cancel_buf: 5125: Error Trying to extract a frame already sent to HAL(idx=8) count=1
06-03 20:53:48.405 W/healthd (    0): battery l=41 v=3453 t=27.0 h=2 st=2 c=-1126464 fc=0 cc=8 chg=u
06-03 20:53:48.336 E/mm-camera(  715): <SENSOR><ERROR> 4883: sensor_get_frame_duration: resolution is invalid, it seems stream has stopped.
06-03 20:53:48.336 E/mm-camera(  715): <SENSOR><ERROR> 884: sensor_fc_report_meta: Failed to get frame duration
06-03 20:53:48.337 E/mm-camera(  715): <SENSOR><ERROR> 4805: sensor_get_exposure_time: resolution is invalid, it seems stream has stopped.
06-03 20:53:48.337 E/mm-camera(  715): <SENSOR><ERROR> 904: sensor_fc_report_meta: Failed to get exposure time
06-03 20:53:48.338 E/mm-camera(  715): <MCT   ><ERROR> 2722: mct_stream_process_bus_msg: Check the runing function blackjoe 
06-03 20:53:48.338 E/mm-camera(  715): <MCT   ><ERROR> 2755: mct_stream_process_bus_msg: isp_sof_bus_msg is 0xe7840d90
06-03 20:53:48.339 E/mm-camera(  715): <MCT   ><ERROR> 2757: mct_stream_process_bus_msg: frameid is 1665 hal_version is 3
06-03 20:53:48.339 E/mm-camera(  715): <MCT   ><ERROR> 2759: mct_stream_process_bus_msg: kstate_ptr is 0xe4adf254, isp_kstate_ptr is 0xe8854000
06-03 20:53:48.339 E/mm-camera(  715): <MCT   ><ERROR> 2765: mct_stream_process_bus_msg: frame_id is 1665
06-03 20:53:48.340 E/QCamera (  715): <MCI><ERROR> mm_stream_data_notify: 337: E, my_handle = 0x5200, fd = 67, state = 6 blackjoe
06-03 20:53:48.340 E/QCamera (  715): <MCI><ERROR> mm_stream_read_msm_frame: 1723: E, my_handle = 0x5200, fd = 67, state = 6 blackjoe
06-03 20:53:48.341 I/QCamera (  715): <MCI><INFO> mm_stream_read_msm_frame: 1770: VIDIOC_DQBUF buf_index 8, frame_idx 1664, stream type 7, rc 0,queued: 17, buf_type = 0 flags = 8192 FD = 67 my_num 0 buf fd 98
06-03 20:53:48.341 E/QCamera (  715): <MCI><ERROR> mm_stream_read_msm_frame: 1790: X rc = 0
06-03 20:53:48.341 I/QCamera (  715): <MCI><INFO> mm_stream_handle_rcvd_buf: 220: E, my_handle = 0x5200, fd = 67, state = 6
06-03 20:53:48.341 I/QCamera (  715): <MCI><INFO> mm_stream_handle_rcvd_buf: 244: has cb and it is active by blackjoe
06-03 20:53:48.342 I/QCamera (  715): <MCI><INFO> mm_stream_dispatch_app_data: 415: E, my_handle = 0x5200, fd = 67, state = 6
06-03 20:53:48.342 I/QCamera (  715): <MCI><INFO> mm_stream_dispatch_app_data: 436: frame_sync.is_active = 0, is_cb_active = 1
06-03 20:53:48.342 I/QCamera (  715): <MCI><INFO> mm_stream_dispatch_app_data: 457: Enter callback by blackjoe
06-03 20:53:48.343 E/QCamera (  715): <HAL><ERROR> handleMetadataWithLock: 4863: Cancel missing frame = 5030, buffer = 0xe8693340,stream type = 8, stream format = 36
06-03 20:53:48.343 E/mm-camera(  715): <STATS_AIS ><ERROR> 1316: dsps_process_response_gyro: Query request denied, error code = 5, QId_valid = 1, QueryId = 0x810a, AckNak_valid = 1, AckNak = 3
06-03 20:53:48.343 E/QCamera (  715): <HAL><ERROR> handleMetadataWithLock: 4863: Cancel missing frame = 5031, buffer = 0xe8698800,stream type = 8, stream format = 36
06-03 20:53:48.343 E/QCamera (  715): <MCI><ERROR> cancelBuffer: 884: Calling cancel buf on idx:9 for stream type:8
06-03 20:53:48.343 E/QCamera (  715): <HAL><ERROR> handleMetadataWithLock: 4863: Cancel missing frame = 5032, buffer = 0xe8693790,stream type = 8, stream format = 36
06-03 20:53:48.343 E/QCamera (  715): <MCI><ERROR> mm_stream_cancel_buf: 5156: mm_stream_cancel_buf(idx=9) err=-1
06-03 20:53:48.343 E/QCamera (  715): <HAL><ERROR> handleMetadataWithLock: 4863: Cancel missing frame = 5033, buffer = 0xe86965e0,stream type = 8, stream format = 36
06-03 20:53:48.343 E/QCamera (  715): <MCI><ERROR> cancelBuffer: 884: Calling cancel buf on idx:10 for stream type:8
06-03 20:53:48.343 E/QCamera (  715): <HAL><ERROR> handleMetadataWithLock: 4863: Cancel missing frame = 5034, buffer = 0xe8691540,stream type = 8, stream format = 36
06-03 20:53:48.343 E/QCamera (  715): <MCI><ERROR> mm_stream_cancel_buf: 5125: Error Trying to extract a frame already sent to HAL(idx=10) count=1
06-03 20:53:48.343 E/QCamera (  715): <HAL><ERROR> handleMetadataWithLock: 4863: Cancel missing frame = 5035, buffer = 0xe8697810,stream type = 8, stream format = 36
06-03 20:53:48.344 E/QCamera (  715): <MCI><ERROR> cancelBuffer: 884: Calling cancel buf on idx:6 for stream type:8
06-03 20:53:48.344 E/QCamera (  715): <MCI><ERROR> mm_stream_cancel_buf: 5125: Error Trying to extract a frame already sent to HAL(idx=6) count=1
06-03 20:53:48.344 E/QCamera (  715): <MCI><ERROR> cancelBuffer: 884: Calling cancel buf on idx:7 for stream type:8
06-03 20:53:48.344 E/QCamera (  715): <MCI><ERROR> mm_stream_cancel_buf: 5125: Error Trying to extract a frame already sent to HAL(idx=7) count=1
06-03 20:53:48.344 E/QCamera (  715): <MCI><ERROR> cancelBuffer: 884: Calling cancel buf on idx:11 for stream type:8
06-03 20:53:48.344 E/QCamera (  715): <MCI><ERROR> mm_stream_cancel_buf: 5125: Error Trying to extract a frame already sent to HAL(idx=11) count=1
06-03 20:53:48.344 E/QCamera (  715): <MCI><ERROR> cancelBuffer: 884: Calling cancel buf on idx:8 for stream type:8
06-03 20:53:48.345 E/QCamera (  715): <MCI><ERROR> mm_stream_cancel_buf: 5125: Error Trying to extract a frame already sent to HAL(idx=8) count=1
06-03 20:53:48.355 E/mm-camera(  715): <SENSOR><ERROR> 4883: sensor_get_frame_duration: resolution is invalid, it seems stream has stopped.
06-03 20:53:48.355 E/mm-camera(  715): <SENSOR><ERROR> 884: sensor_fc_report_meta: Failed to get frame duration
06-03 20:53:48.356 E/mm-camera(  715): <SENSOR><ERROR> 4805: sensor_get_exposure_time: resolution is invalid, it seems stream has stopped.
06-03 20:53:48.356 E/mm-camera(  715): <SENSOR><ERROR> 904: sensor_fc_report_meta: Failed to get exposure time
06-03 20:53:48.358 E/mm-camera(  715): <MCT   ><ERROR> 2722: mct_stream_process_bus_msg: Check the runing function blackjoe 
06-03 20:53:48.359 E/mm-camera(  715): <MCT   ><ERROR> 2755: mct_stream_process_bus_msg: isp_sof_bus_msg is 0xe7840d90
06-03 20:53:48.359 E/mm-camera(  715): <MCT   ><ERROR> 2757: mct_stream_process_bus_msg: frameid is 1666 hal_version is 3
06-03 20:53:48.359 E/mm-camera(  715): <MCT   ><ERROR> 2759: mct_stream_process_bus_msg: kstate_ptr is 0xe4adf254, isp_kstate_ptr is 0xe8854000
06-03 20:53:48.359 E/mm-camera(  715): <MCT   ><ERROR> 2765: mct_stream_process_bus_msg: frame_id is 1666
06-03 20:53:48.360 E/QCamera (  715): <MCI><ERROR> mm_stream_data_notify: 337: E, my_handle = 0x5200, fd = 67, state = 6 blackjoe
06-03 20:53:48.360 E/QCamera (  715): <MCI><ERROR> mm_stream_read_msm_frame: 1723: E, my_handle = 0x5200, fd = 67, state = 6 blackjoe
06-03 20:53:48.360 I/QCamera (  715): <MCI><INFO> mm_stream_read_msm_frame: 1770: VIDIOC_DQBUF buf_index 9, frame_idx 1665, stream type 7, rc 0,queued: 17, buf_type = 0 flags = 8192 FD = 67 my_num 0 buf fd 100
06-03 20:53:48.360 E/QCamera (  715): <MCI><ERROR> mm_stream_read_msm_frame: 1790: X rc = 0
06-03 20:53:48.361 I/QCamera (  715): <MCI><INFO> mm_stream_handle_rcvd_buf: 220: E, my_handle = 0x5200, fd = 67, state = 6
06-03 20:53:48.361 I/QCamera (  715): <MCI><INFO> mm_stream_handle_rcvd_buf: 244: has cb and it is active by blackjoe
06-03 20:53:48.361 I/QCamera (  715): <MCI><INFO> mm_stream_dispatch_app_data: 415: E, my_handle = 0x5200, fd = 67, state = 6
06-03 20:53:48.361 I/QCamera (  715): <MCI><INFO> mm_stream_dispatch_app_data: 436: frame_sync.is_active = 0, is_cb_active = 1
06-03 20:53:48.361 I/QCamera (  715): <MCI><INFO> mm_stream_dispatch_app_data: 457: Enter callback by blackjoe
06-03 20:53:48.362 E/QCamera (  715): <HAL><ERROR> handleMetadataWithLock: 4863: Cancel missing frame = 5030, buffer = 0xe8693340,stream type = 8, stream format = 36
06-03 20:53:48.362 E/QCamera (  715): <HAL><ERROR> handleMetadataWithLock: 4863: Cancel missing frame = 5031, buffer = 0xe8698800,stream type = 8, stream format = 36
06-03 20:53:48.362 E/QCamera (  715): <HAL><ERROR> handleMetadataWithLock: 4863: Cancel missing frame = 5032, buffer = 0xe8693790,stream type = 8, stream format = 36
06-03 20:53:48.363 E/QCamera (  715): <HAL><ERROR> handleMetadataWithLock: 4863: Cancel missing frame = 5033, buffer = 0xe86965e0,stream type = 8, stream format = 36
06-03 20:53:48.363 E/QCamera (  715): <HAL><ERROR> handleMetadataWithLock: 4863: Cancel missing frame = 5034, buffer = 0xe8691540,stream type = 8, stream format = 36
06-03 20:53:48.363 E/QCamera (  715): <HAL><ERROR> handleMetadataWithLock: 4863: Cancel missing frame = 5035, buffer = 0xe8697810,stream type = 8, stream format = 36
06-03 20:53:48.363 E/mm-camera(  715): <STATS_AIS ><ERROR> 1316: dsps_process_response_gyro: Query request denied, error code = 5, QId_valid = 1, QueryId = 0x820a, AckNak_valid = 1, AckNak = 3
06-03 20:53:48.363 E/QCamera (  715): <MCI><ERROR> cancelBuffer: 884: Calling cancel buf on idx:9 for stream type:8
06-03 20:53:48.364 E/QCamera (  715): <MCI><ERROR> mm_stream_cancel_buf: 5156: mm_stream_cancel_buf(idx=9) err=-1
06-03 20:53:48.364 E/QCamera (  715): <MCI><ERROR> cancelBuffer: 884: Calling cancel buf on idx:10 for stream type:8
06-03 20:53:48.364 E/QCamera (  715): <MCI><ERROR> mm_stream_cancel_buf: 5125: Error Trying to extract a frame already sent to HAL(idx=10) count=1
06-03 20:53:48.364 E/QCamera (  715): <MCI><ERROR> cancelBuffer: 884: Calling cancel buf on idx:6 for stream type:8
06-03 20:53:48.364 E/QCamera (  715): <MCI><ERROR> mm_stream_cancel_buf: 5125: Error Trying to extract a frame already sent to HAL(idx=6) count=1
06-03 20:53:48.364 E/QCamera (  715): <MCI><ERROR> cancelBuffer: 884: Calling cancel buf on idx:7 for stream type:8
06-03 20:53:48.364 E/QCamera (  715): <MCI><ERROR> mm_stream_cancel_buf: 5125: Error Trying to extract a frame already sent to HAL(idx=7) count=1
06-03 20:53:48.365 E/QCamera (  715): <MCI><ERROR> cancelBuffer: 884: Calling cancel buf on idx:11 for stream type:8
06-03 20:53:48.365 E/QCamera (  715): <MCI><ERROR> mm_stream_cancel_buf: 5125: Error Trying to extract a frame already sent to HAL(idx=11) count=1
06-03 20:53:48.365 E/QCamera (  715): <MCI><ERROR> cancelBuffer: 884: Calling cancel buf on idx:8 for stream type:8
06-03 20:53:48.365 E/QCamera (  715): <MCI><ERROR> mm_stream_cancel_buf: 5125: Error Trying to extract a frame already sent to HAL(idx=8) count=1
06-03 20:53:48.374 E/mm-camera(  715): <SENSOR><ERROR> 4883: sensor_get_frame_duration: resolution is invalid, it seems stream has stopped.
06-03 20:53:48.374 E/mm-camera(  715): <SENSOR><ERROR> 884: sensor_fc_report_meta: Failed to get frame duration
06-03 20:53:48.374 E/mm-camera(  715): <SENSOR><ERROR> 4805: sensor_get_exposure_time: resolution is invalid, it seems stream has stopped.
06-03 20:53:48.374 E/mm-camera(  715): <SENSOR><ERROR> 904: sensor_fc_report_meta: Failed to get exposure time
06-03 20:53:48.377 E/mm-camera(  715): <MCT   ><ERROR> 2722: mct_stream_process_bus_msg: Check the runing function blackjoe 
06-03 20:53:48.377 E/mm-camera(  715): <MCT   ><ERROR> 2755: mct_stream_process_bus_msg: isp_sof_bus_msg is 0xe7840d90
06-03 20:53:48.378 E/mm-camera(  715): <MCT   ><ERROR> 2757: mct_stream_process_bus_msg: frameid is 1667 hal_version is 3
06-03 20:53:48.378 E/mm-camera(  715): <MCT   ><ERROR> 2759: mct_stream_process_bus_msg: kstate_ptr is 0xe4adf254, isp_kstate_ptr is 0xe8854000
06-03 20:53:48.378 E/mm-camera(  715): <MCT   ><ERROR> 2765: mct_stream_process_bus_msg: frame_id is 1667
06-03 20:53:48.379 E/QCamera (  715): <MCI><ERROR> mm_stream_data_notify: 337: E, my_handle = 0x5200, fd = 67, state = 6 blackjoe
06-03 20:53:48.379 E/QCamera (  715): <MCI><ERROR> mm_stream_read_msm_frame: 1723: E, my_handle = 0x5200, fd = 67, state = 6 blackjoe
06-03 20:53:48.379 I/QCamera (  715): <MCI><INFO> mm_stream_read_msm_frame: 1770: VIDIOC_DQBUF buf_index 10, frame_idx 1666, stream type 7, rc 0,queued: 17, buf_type = 0 flags = 8192 FD = 67 my_num 0 buf fd 102
06-03 20:53:48.379 E/QCamera (  715): <MCI><ERROR> mm_stream_read_msm_frame: 1790: X rc = 0
06-03 20:53:48.379 I/QCamera (  715): <MCI><INFO> mm_stream_handle_rcvd_buf: 220: E, my_handle = 0x5200, fd = 67, state = 6
06-03 20:53:48.379 I/QCamera (  715): <MCI><INFO> mm_stream_handle_rcvd_buf: 244: has cb and it is active by blackjoe
06-03 20:53:48.380 I/QCamera (  715): <MCI><INFO> mm_stream_dispatch_app_data: 415: E, my_handle = 0x5200, fd = 67, state = 6
06-03 20:53:48.380 I/QCamera (  715): <MCI><INFO> mm_stream_dispatch_app_data: 436: frame_sync.is_active = 0, is_cb_active = 1
06-03 20:53:48.380 I/QCamera (  715): <MCI><INFO> mm_stream_dispatch_app_data: 457: Enter callback by blackjoe
06-03 20:53:48.380 E/QCamera (  715): <HAL><ERROR> handleMetadataWithLock: 4863: Cancel missing frame = 5030, buffer = 0xe8693340,stream type = 8, stream format = 36
06-03 20:53:48.381 E/QCamera (  715): <HAL><ERROR> handleMetadataWithLock: 4863: Cancel missing frame = 5031, buffer = 0xe8698800,stream type = 8, stream format = 36
06-03 20:53:48.381 E/QCamera (  715): <MCI><ERROR> cancelBuffer: 884: Calling cancel buf on idx:9 for stream type:8
06-03 20:53:48.381 E/QCamera (  715): <HAL><ERROR> handleMetadataWithLock: 4863: Cancel missing frame = 5032, buffer = 0xe8693790,stream type = 8, stream format = 36
06-03 20:53:48.381 E/QCamera (  715): <MCI><ERROR> mm_stream_cancel_buf: 5156: mm_stream_cancel_buf(idx=9) err=-1
06-03 20:53:48.381 E/QCamera (  715): <HAL><ERROR> handleMetadataWithLock: 4863: Cancel missing frame = 5033, buffer = 0xe86965e0,stream type = 8, stream format = 36
06-03 20:53:48.381 E/QCamera (  715): <MCI><ERROR> cancelBuffer: 884: Calling cancel buf on idx:10 for stream type:8
06-03 20:53:48.381 E/QCamera (  715): <HAL><ERROR> handleMetadataWithLock: 4863: Cancel missing frame = 5034, buffer = 0xe8691540,stream type = 8, stream format = 36
06-03 20:53:48.381 E/QCamera (  715): <MCI><ERROR> mm_stream_cancel_buf: 5125: Error Trying to extract a frame already sent to HAL(idx=10) count=1
06-03 20:53:48.381 E/QCamera (  715): <HAL><ERROR> handleMetadataWithLock: 4863: Cancel missing frame = 5035, buffer = 0xe8697810,stream type = 8, stream format = 36
06-03 20:53:48.381 E/QCamera (  715): <MCI><ERROR> cancelBuffer: 884: Calling cancel buf on idx:6 for stream type:8
06-03 20:53:48.382 E/QCamera (  715): <MCI><ERROR> mm_stream_cancel_buf: 5125: Error Trying to extract a frame already sent to HAL(idx=6) count=1
06-03 20:53:48.382 E/QCamera (  715): <MCI><ERROR> cancelBuffer: 884: Calling cancel buf on idx:7 for stream type:8
06-03 20:53:48.382 E/QCamera (  715): <MCI><ERROR> mm_stream_cancel_buf: 5125: Error Trying to extract a frame already sent to HAL(idx=7) count=1
06-03 20:53:48.382 E/QCamera (  715): <MCI><ERROR> cancelBuffer: 884: Calling cancel buf on idx:11 for stream type:8
06-03 20:53:48.382 E/QCamera (  715): <MCI><ERROR> mm_stream_cancel_buf: 5125: Error Trying to extract a frame already sent to HAL(idx=11) count=1
06-03 20:53:48.382 E/QCamera (  715): <MCI><ERROR> cancelBuffer: 884: Calling cancel buf on idx:8 for stream type:8
06-03 20:53:48.382 E/QCamera (  715): <MCI><ERROR> mm_stream_cancel_buf: 5125: Error Trying to extract a frame already sent to HAL(idx=8) count=1
06-03 20:53:48.383 E/mm-camera(  715): <STATS_AIS ><ERROR> 1316: dsps_process_response_gyro: Query request denied, error code = 5, QId_valid = 1, QueryId = 0x830a, AckNak_valid = 1, AckNak = 3
06-03 20:53:48.452 E/        (    0): frame_src is 1 frame_id is 1668 blackjoe
06-03 20:53:48.442 E/mm-camera(  715): <SENSOR><ERROR> 4883: sensor_get_frame_duration: resolution is invalid, it seems stream has stopped.
06-03 20:53:48.442 E/mm-camera(  715): <SENSOR><ERROR> 884: sensor_fc_report_meta: Failed to get frame duration
06-03 20:53:48.442 E/mm-camera(  715): <SENSOR><ERROR> 4805: sensor_get_exposure_time: resolution is invalid, it seems stream has stopped.
06-03 20:53:48.443 E/mm-camera(  715): <SENSOR><ERROR> 904: sensor_fc_report_meta: Failed to get exposure time
06-03 20:53:48.443 E/mm-camera(  715): <MCT   ><ERROR> 2722: mct_stream_process_bus_msg: Check the runing function blackjoe 
06-03 20:53:48.444 E/mm-camera(  715): <MCT   ><ERROR> 2755: mct_stream_process_bus_msg: isp_sof_bus_msg is 0xe7840d90
06-03 20:53:48.444 E/mm-camera(  715): <MCT   ><ERROR> 2757: mct_stream_process_bus_msg: frameid is 1668 hal_version is 3
06-03 20:53:48.444 E/mm-camera(  715): <MCT   ><ERROR> 2759: mct_stream_process_bus_msg: kstate_ptr is 0xe4adf254, isp_kstate_ptr is 0xe8854000
06-03 20:53:48.444 E/mm-camera(  715): <MCT   ><ERROR> 2765: mct_stream_process_bus_msg: frame_id is 1668
06-03 20:53:48.445 E/QCamera (  715): <MCI><ERROR> mm_stream_data_notify: 337: E, my_handle = 0x5200, fd = 67, state = 6 blackjoe
06-03 20:53:48.445 E/QCamera (  715): <MCI><ERROR> mm_stream_read_msm_frame: 1723: E, my_handle = 0x5200, fd = 67, state = 6 blackjoe
06-03 20:53:48.445 I/QCamera (  715): <MCI><INFO> mm_stream_read_msm_frame: 1770: VIDIOC_DQBUF buf_index 11, frame_idx 1667, stream type 7, rc 0,queued: 17, buf_type = 0 flags = 8192 FD = 67 my_num 0 buf fd 104
06-03 20:53:48.445 E/QCamera (  715): <MCI><ERROR> mm_stream_read_msm_frame: 1790: X rc = 0
06-03 20:53:48.445 I/QCamera (  715): <MCI><INFO> mm_stream_handle_rcvd_buf: 220: E, my_handle = 0x5200, fd = 67, state = 6
06-03 20:53:48.445 I/QCamera (  715): <MCI><INFO> mm_stream_handle_rcvd_buf: 244: has cb and it is active by blackjoe
06-03 20:53:48.446 I/QCamera (  715): <MCI><INFO> mm_stream_dispatch_app_data: 415: E, my_handle = 0x5200, fd = 67, state = 6
06-03 20:53:48.446 I/QCamera (  715): <MCI><INFO> mm_stream_dispatch_app_data: 436: frame_sync.is_active = 0, is_cb_active = 1
06-03 20:53:48.446 I/QCamera (  715): <MCI><INFO> mm_stream_dispatch_app_data: 457: Enter callback by blackjoe
06-03 20:53:48.446 E/QCamera (  715): <HAL><ERROR> handleMetadataWithLock: 4863: Cancel missing frame = 5030, buffer = 0xe8693340,stream type = 8, stream format = 36
06-03 20:53:48.446 E/QCamera (  715): <HAL><ERROR> handleMetadataWithLock: 4863: Cancel missing frame = 5031, buffer = 0xe8698800,stream type = 8, stream format = 36
06-03 20:53:48.446 E/QCamera (  715): <MCI><ERROR> cancelBuffer: 884: Calling cancel buf on idx:9 for stream type:8
06-03 20:53:48.447 E/QCamera (  715): <HAL><ERROR> handleMetadataWithLock: 4863: Cancel missing frame = 5032, buffer = 0xe8693790,stream type = 8, stream format = 36
06-03 20:53:48.447 E/QCamera (  715): <MCI><ERROR> mm_stream_cancel_buf: 5156: mm_stream_cancel_buf(idx=9) err=-1
06-03 20:53:48.447 E/QCamera (  715): <HAL><ERROR> handleMetadataWithLock: 4863: Cancel missing frame = 5033, buffer = 0xe86965e0,stream type = 8, stream format = 36
06-03 20:53:48.447 E/QCamera (  715): <MCI><ERROR> cancelBuffer: 884: Calling cancel buf on idx:10 for stream type:8
06-03 20:53:48.447 E/mm-camera(  715): <STATS_AIS ><ERROR> 1316: dsps_process_response_gyro: Query request denied, error code = 5, QId_valid = 1, QueryId = 0x840a, AckNak_valid = 1, AckNak = 3
06-03 20:53:48.447 E/QCamera (  715): <HAL><ERROR> handleMetadataWithLock: 4863: Cancel missing frame = 5034, buffer = 0xe8691540,stream type = 8, stream format = 36
06-03 20:53:48.447 E/QCamera (  715): <MCI><ERROR> mm_stream_cancel_buf: 5125: Error Trying to extract a frame already sent to HAL(idx=10) count=1
06-03 20:53:48.447 E/QCamera (  715): <HAL><ERROR> handleMetadataWithLock: 4863: Cancel missing frame = 5035, buffer = 0xe8697810,stream type = 8, stream format = 36
06-03 20:53:48.447 E/QCamera (  715): <MCI><ERROR> cancelBuffer: 884: Calling cancel buf on idx:6 for stream type:8
06-03 20:53:48.447 E/QCamera (  715): <MCI><ERROR> mm_stream_cancel_buf: 5125: Error Trying to extract a frame already sent to HAL(idx=6) count=1
06-03 20:53:48.447 E/QCamera (  715): <MCI><ERROR> cancelBuffer: 884: Calling cancel buf on idx:7 for stream type:8
06-03 20:53:48.447 E/QCamera (  715): <MCI><ERROR> mm_stream_cancel_buf: 5125: Error Trying to extract a frame already sent to HAL(idx=7) count=1
06-03 20:53:48.448 E/QCamera (  715): <MCI><ERROR> cancelBuffer: 884: Calling cancel buf on idx:11 for stream type:8
06-03 20:53:48.448 E/QCamera (  715): <MCI><ERROR> mm_stream_cancel_buf: 5125: Error Trying to extract a frame already sent to HAL(idx=11) count=1
06-03 20:53:48.448 E/QCamera (  715): <MCI><ERROR> cancelBuffer: 884: Calling cancel buf on idx:8 for stream type:8
06-03 20:53:48.448 E/QCamera (  715): <MCI><ERROR> mm_stream_cancel_buf: 5125: Error Trying to extract a frame already sent to HAL(idx=8) count=1
06-03 20:53:48.486 E/        (    0): frame_src is 1 frame_id is 1669 blackjoe
06-03 20:53:48.482 E/mm-camera(  715): <SENSOR><ERROR> 4883: sensor_get_frame_duration: resolution is invalid, it seems stream has stopped.
06-03 20:53:48.483 E/mm-camera(  715): <SENSOR><ERROR> 884: sensor_fc_report_meta: Failed to get frame duration
06-03 20:53:48.483 E/mm-camera(  715): <SENSOR><ERROR> 4805: sensor_get_exposure_time: resolution is invalid, it seems stream has stopped.
06-03 20:53:48.483 E/mm-camera(  715): <SENSOR><ERROR> 904: sensor_fc_report_meta: Failed to get exposure time
06-03 20:53:48.484 E/mm-camera(  715): <MCT   ><ERROR> 2722: mct_stream_process_bus_msg: Check the runing function blackjoe 
06-03 20:53:48.484 E/mm-camera(  715): <MCT   ><ERROR> 2755: mct_stream_process_bus_msg: isp_sof_bus_msg is 0xe7840d90
06-03 20:53:48.484 E/mm-camera(  715): <MCT   ><ERROR> 2757: mct_stream_process_bus_msg: frameid is 1669 hal_version is 3
06-03 20:53:48.485 E/mm-camera(  715): <MCT   ><ERROR> 2759: mct_stream_process_bus_msg: kstate_ptr is 0xe4adf254, isp_kstate_ptr is 0xe8854000
06-03 20:53:48.485 E/mm-camera(  715): <MCT   ><ERROR> 2765: mct_stream_process_bus_msg: frame_id is 1669
06-03 20:53:48.485 E/QCamera (  715): <MCI><ERROR> mm_stream_data_notify: 337: E, my_handle = 0x5200, fd = 67, state = 6 blackjoe
06-03 20:53:48.486 E/QCamera (  715): <MCI><ERROR> mm_stream_read_msm_frame: 1723: E, my_handle = 0x5200, fd = 67, state = 6 blackjoe
