06-03 20:39:22.334 I/QCamera (  715): <MCI><INFO> mm_stream_read_msm_frame: 1770: VIDIOC_DQBUF buf_index 17, frame_idx 71, stream type 7, rc 0,queued: 17, buf_type = 0 flags = 8192 FD = 67 my_num 0 buf fd 116
06-03 20:39:22.335 E/QCamera (  715): <MCI><ERROR> mm_stream_read_msm_frame: 1790: X rc = 0
06-03 20:39:22.335 I/QCamera (  715): <MCI><INFO> mm_stream_handle_rcvd_buf: 220: E, my_handle = 0x2200, fd = 67, state = 6
06-03 20:39:22.335 I/QCamera (  715): <MCI><INFO> mm_stream_handle_rcvd_buf: 244: has cb and it is active by blackjoe
06-03 20:39:22.335 I/QCamera (  715): <MCI><INFO> mm_stream_dispatch_app_data: 415: E, my_handle = 0x2200, fd = 67, state = 6
06-03 20:39:22.335 I/QCamera (  715): <MCI><INFO> mm_stream_dispatch_app_data: 436: frame_sync.is_active = 0, is_cb_active = 1
06-03 20:39:22.335 I/QCamera (  715): <MCI><INFO> mm_stream_dispatch_app_data: 457: Enter callback by blackjoe
06-03 20:39:22.335 E/mm-camera(  715): <STATS_AIS ><ERROR> 1316: dsps_process_response_gyro: Query request denied, error code = 5, QId_valid = 1, QueryId = 0x480a, AckNak_valid = 1, AckNak = 3
06-03 20:39:22.348 E/QCamera (  715): <MCI><ERROR> mm_stream_data_notify: 337: E, my_handle = 0x2301, fd = 78, state = 6 blackjoe
06-03 20:39:22.348 E/QCamera (  715): <MCI><ERROR> mm_stream_read_msm_frame: 1723: E, my_handle = 0x2301, fd = 78, state = 6 blackjoe
06-03 20:39:22.348 I/QCamera (  715): <MCI><INFO> mm_stream_read_msm_frame: 1770: VIDIOC_DQBUF buf_index 9, frame_idx 72, stream type 8, rc 0,queued: 5, buf_type = 0 flags = 8192 FD = 78 my_num 0 buf fd 76
06-03 20:39:22.348 E/mm-camera(  715): <SENSOR><ERROR> 4883: sensor_get_frame_duration: resolution is invalid, it seems stream has stopped.
06-03 20:39:22.348 E/QCamera (  715): <MCI><ERROR> mm_stream_read_msm_frame: 1790: X rc = 0
06-03 20:39:22.348 I/QCamera (  715): <MCI><INFO> mm_stream_handle_rcvd_buf: 220: E, my_handle = 0x2301, fd = 78, state = 6
06-03 20:39:22.349 E/mm-camera(  715): <SENSOR><ERROR> 884: sensor_fc_report_meta: Failed to get frame duration
06-03 20:39:22.349 I/QCamera (  715): <MCI><INFO> mm_stream_handle_rcvd_buf: 244: has cb and it is active by blackjoe
06-03 20:39:22.349 E/mm-camera(  715): <SENSOR><ERROR> 4805: sensor_get_exposure_time: resolution is invalid, it seems stream has stopped.
06-03 20:39:22.359 E/        (    0): frame_src is 1 frame_id is 73 blackjoe
06-03 20:39:22.349 I/QCamera (  715): <MCI><INFO> mm_stream_dispatch_app_data: 415: E, my_handle = 0x2301, fd = 78, state = 6
06-03 20:39:22.349 E/mm-camera(  715): <SENSOR><ERROR> 904: sensor_fc_report_meta: Failed to get exposure time
06-03 20:39:22.349 I/QCamera (  715): <MCI><INFO> mm_stream_dispatch_app_data: 436: frame_sync.is_active = 0, is_cb_active = 1
06-03 20:39:22.349 I/QCamera (  715): <MCI><INFO> mm_stream_dispatch_app_data: 457: Enter callback by blackjoe
06-03 20:39:22.350 E/mm-camera(  715): <MCT   ><ERROR> 4828: mct_pipeline_process_serv_msg: pipeline blackjoe data->sessionid 3 pipeline->session 3 msgid 3
06-03 20:39:22.350 E/mm-camera(  715): <MCT   ><ERROR> 4299: mct_pipeline_process_set: command is 0x8000014 blackjoe CAM_PRIV_PARM 0x8000014
06-03 20:39:22.350 E/mm-camera(  715): <MCT   ><ERROR> 2722: mct_stream_process_bus_msg: Check the runing function blackjoe 
06-03 20:39:22.351 E/mm-camera(  715): <MCT   ><ERROR> 2755: mct_stream_process_bus_msg: isp_sof_bus_msg is 0xe78400a0
06-03 20:39:22.351 E/mm-camera(  715): <MCT   ><ERROR> 2757: mct_stream_process_bus_msg: frameid is 73 hal_version is 3
06-03 20:39:22.351 E/mm-camera(  715): <MCT   ><ERROR> 2759: mct_stream_process_bus_msg: kstate_ptr is 0xe4adf254, isp_kstate_ptr is 0xe8854000
06-03 20:39:22.351 E/mm-camera(  715): <MCT   ><ERROR> 2765: mct_stream_process_bus_msg: frame_id is 73
06-03 20:39:22.352 E/QCamera (  715): <MCI><ERROR> mm_stream_data_notify: 337: E, my_handle = 0x2200, fd = 67, state = 6 blackjoe
06-03 20:39:22.352 E/QCamera (  715): <MCI><ERROR> mm_stream_read_msm_frame: 1723: E, my_handle = 0x2200, fd = 67, state = 6 blackjoe
06-03 20:39:22.352 I/QCamera (  715): <MCI><INFO> mm_stream_read_msm_frame: 1770: VIDIOC_DQBUF buf_index 0, frame_idx 72, stream type 7, rc 0,queued: 17, buf_type = 0 flags = 8192 FD = 67 my_num 0 buf fd 82
06-03 20:39:22.353 E/QCamera (  715): <MCI><ERROR> mm_stream_read_msm_frame: 1790: X rc = 0
06-03 20:39:22.353 E/mm-camera(  715): <STATS_AIS ><ERROR> 1316: dsps_process_response_gyro: Query request denied, error code = 5, QId_valid = 1, QueryId = 0x490a, AckNak_valid = 1, AckNak = 3
06-03 20:39:22.353 I/QCamera (  715): <MCI><INFO> mm_stream_handle_rcvd_buf: 220: E, my_handle = 0x2200, fd = 67, state = 6
06-03 20:39:22.354 I/QCamera (  715): <MCI><INFO> mm_stream_handle_rcvd_buf: 244: has cb and it is active by blackjoe
06-03 20:39:22.354 I/QCamera (  715): <MCI><INFO> mm_stream_dispatch_app_data: 415: E, my_handle = 0x2200, fd = 67, state = 6
06-03 20:39:22.354 I/QCamera (  715): <MCI><INFO> mm_stream_dispatch_app_data: 436: frame_sync.is_active = 0, is_cb_active = 1
06-03 20:39:22.354 I/QCamera (  715): <MCI><INFO> mm_stream_dispatch_app_data: 457: Enter callback by blackjoe
06-03 20:39:22.364 E/mm-camera(  715): <MCT   ><ERROR> 4828: mct_pipeline_process_serv_msg: pipeline blackjoe data->sessionid 3 pipeline->session 3 msgid 3
06-03 20:39:22.365 E/mm-camera(  715): <MCT   ><ERROR> 4299: mct_pipeline_process_set: command is 0x8000014 blackjoe CAM_PRIV_PARM 0x8000014
06-03 20:39:22.367 E/QCamera (  715): <MCI><ERROR> mm_stream_data_notify: 337: E, my_handle = 0x2301, fd = 78, state = 6 blackjoe
06-03 20:39:22.367 E/mm-camera(  715): <SENSOR><ERROR> 4883: sensor_get_frame_duration: resolution is invalid, it seems stream has stopped.
06-03 20:39:22.367 E/QCamera (  715): <MCI><ERROR> mm_stream_read_msm_frame: 1723: E, my_handle = 0x2301, fd = 78, state = 6 blackjoe
06-03 20:39:22.367 E/mm-camera(  715): <SENSOR><ERROR> 884: sensor_fc_report_meta: Failed to get frame duration
06-03 20:39:22.368 E/mm-camera(  715): <SENSOR><ERROR> 4805: sensor_get_exposure_time: resolution is invalid, it seems stream has stopped.
06-03 20:39:22.368 I/QCamera (  715): <MCI><INFO> mm_stream_read_msm_frame: 1770: VIDIOC_DQBUF buf_index 10, frame_idx 73, stream type 8, rc 0,queued: 5, buf_type = 0 flags = 8192 FD = 78 my_num 0 buf fd 128
06-03 20:39:22.377 E/        (    0): frame_src is 1 frame_id is 74 blackjoe
06-03 20:39:22.368 E/mm-camera(  715): <SENSOR><ERROR> 904: sensor_fc_report_meta: Failed to get exposure time
06-03 20:39:22.368 E/QCamera (  715): <MCI><ERROR> mm_stream_read_msm_frame: 1790: X rc = 0
06-03 20:39:22.368 I/QCamera (  715): <MCI><INFO> mm_stream_handle_rcvd_buf: 220: E, my_handle = 0x2301, fd = 78, state = 6
06-03 20:39:22.368 I/QCamera (  715): <MCI><INFO> mm_stream_handle_rcvd_buf: 244: has cb and it is active by blackjoe
06-03 20:39:22.368 I/QCamera (  715): <MCI><INFO> mm_stream_dispatch_app_data: 415: E, my_handle = 0x2301, fd = 78, state = 6
06-03 20:39:22.369 I/QCamera (  715): <MCI><INFO> mm_stream_dispatch_app_data: 436: frame_sync.is_active = 0, is_cb_active = 1
06-03 20:39:22.369 E/mm-camera(  715): <MCT   ><ERROR> 2722: mct_stream_process_bus_msg: Check the runing function blackjoe 
06-03 20:39:22.369 I/QCamera (  715): <MCI><INFO> mm_stream_dispatch_app_data: 457: Enter callback by blackjoe
06-03 20:39:22.369 E/mm-camera(  715): <MCT   ><ERROR> 2755: mct_stream_process_bus_msg: isp_sof_bus_msg is 0xe78400a0
06-03 20:39:22.369 E/mm-camera(  715): <MCT   ><ERROR> 2757: mct_stream_process_bus_msg: frameid is 74 hal_version is 3
06-03 20:39:22.369 E/mm-camera(  715): <MCT   ><ERROR> 2759: mct_stream_process_bus_msg: kstate_ptr is 0xe4adf254, isp_kstate_ptr is 0xe8854000
06-03 20:39:22.370 E/mm-camera(  715): <MCT   ><ERROR> 2765: mct_stream_process_bus_msg: frame_id is 74
06-03 20:39:22.370 E/QCamera (  715): <MCI><ERROR> mm_stream_data_notify: 337: E, my_handle = 0x2200, fd = 67, state = 6 blackjoe
06-03 20:39:22.370 E/QCamera (  715): <MCI><ERROR> mm_stream_read_msm_frame: 1723: E, my_handle = 0x2200, fd = 67, state = 6 blackjoe
06-03 20:39:22.371 I/QCamera (  715): <MCI><INFO> mm_stream_read_msm_frame: 1770: VIDIOC_DQBUF buf_index 1, frame_idx 73, stream type 7, rc 0,queued: 17, buf_type = 0 flags = 8192 FD = 67 my_num 0 buf fd 84
06-03 20:39:22.371 E/QCamera (  715): <MCI><ERROR> mm_stream_read_msm_frame: 1790: X rc = 0
06-03 20:39:22.371 I/QCamera (  715): <MCI><INFO> mm_stream_handle_rcvd_buf: 220: E, my_handle = 0x2200, fd = 67, state = 6
06-03 20:39:22.371 I/QCamera (  715): <MCI><INFO> mm_stream_handle_rcvd_buf: 244: has cb and it is active by blackjoe
06-03 20:39:22.372 I/QCamera (  715): <MCI><INFO> mm_stream_dispatch_app_data: 415: E, my_handle = 0x2200, fd = 67, state = 6
06-03 20:39:22.372 I/QCamera (  715): <MCI><INFO> mm_stream_dispatch_app_data: 436: frame_sync.is_active = 0, is_cb_active = 1
06-03 20:39:22.372 I/QCamera (  715): <MCI><INFO> mm_stream_dispatch_app_data: 457: Enter callback by blackjoe
06-03 20:39:22.373 E/mm-camera(  715): <STATS_AIS ><ERROR> 1316: dsps_process_response_gyro: Query request denied, error code = 5, QId_valid = 1, QueryId = 0x4a0a, AckNak_valid = 1, AckNak = 3
06-03 20:39:22.385 E/mm-camera(  715): <MCT   ><ERROR> 4828: mct_pipeline_process_serv_msg: pipeline blackjoe data->sessionid 3 pipeline->session 3 msgid 3
06-03 20:39:22.386 E/mm-camera(  715): <MCT   ><ERROR> 4299: mct_pipeline_process_set: command is 0x8000014 blackjoe CAM_PRIV_PARM 0x8000014
06-03 20:39:22.446 E/        (    0): frame_src is 1 frame_id is 75 blackjoe
06-03 20:39:22.436 E/QCamera (  715): <MCI><ERROR> mm_stream_data_notify: 337: E, my_handle = 0x2301, fd = 78, state = 6 blackjoe
06-03 20:39:22.436 E/mm-camera(  715): <SENSOR><ERROR> 4883: sensor_get_frame_duration: resolution is invalid, it seems stream has stopped.
06-03 20:39:22.436 E/QCamera (  715): <MCI><ERROR> mm_stream_read_msm_frame: 1723: E, my_handle = 0x2301, fd = 78, state = 6 blackjoe
06-03 20:39:22.436 E/mm-camera(  715): <SENSOR><ERROR> 884: sensor_fc_report_meta: Failed to get frame duration
06-03 20:39:22.436 E/mm-camera(  715): <SENSOR><ERROR> 4805: sensor_get_exposure_time: resolution is invalid, it seems stream has stopped.
06-03 20:39:22.437 E/mm-camera(  715): <SENSOR><ERROR> 904: sensor_fc_report_meta: Failed to get exposure time
06-03 20:39:22.437 I/QCamera (  715): <MCI><INFO> mm_stream_read_msm_frame: 1770: VIDIOC_DQBUF buf_index 11, frame_idx 74, stream type 8, rc 0,queued: 5, buf_type = 0 flags = 8192 FD = 78 my_num 0 buf fd 126
06-03 20:39:22.437 E/QCamera (  715): <MCI><ERROR> mm_stream_read_msm_frame: 1790: X rc = 0
06-03 20:39:22.437 I/QCamera (  715): <MCI><INFO> mm_stream_handle_rcvd_buf: 220: E, my_handle = 0x2301, fd = 78, state = 6
06-03 20:39:22.438 I/QCamera (  715): <MCI><INFO> mm_stream_handle_rcvd_buf: 244: has cb and it is active by blackjoe
06-03 20:39:22.438 E/mm-camera(  715): <MCT   ><ERROR> 2722: mct_stream_process_bus_msg: Check the runing function blackjoe 
06-03 20:39:22.438 I/QCamera (  715): <MCI><INFO> mm_stream_dispatch_app_data: 415: E, my_handle = 0x2301, fd = 78, state = 6
06-03 20:39:22.438 I/QCamera (  715): <MCI><INFO> mm_stream_dispatch_app_data: 436: frame_sync.is_active = 0, is_cb_active = 1
06-03 20:39:22.438 E/mm-camera(  715): <MCT   ><ERROR> 2755: mct_stream_process_bus_msg: isp_sof_bus_msg is 0xe78400a0
06-03 20:39:22.439 I/QCamera (  715): <MCI><INFO> mm_stream_dispatch_app_data: 457: Enter callback by blackjoe
06-03 20:39:22.439 E/mm-camera(  715): <MCT   ><ERROR> 2757: mct_stream_process_bus_msg: frameid is 75 hal_version is 3
06-03 20:39:22.439 E/mm-camera(  715): <MCT   ><ERROR> 2759: mct_stream_process_bus_msg: kstate_ptr is 0xe4adf254, isp_kstate_ptr is 0xe8854000
06-03 20:39:22.439 E/mm-camera(  715): <MCT   ><ERROR> 2765: mct_stream_process_bus_msg: frame_id is 75
06-03 20:39:22.441 E/QCamera (  715): <MCI><ERROR> mm_stream_data_notify: 337: E, my_handle = 0x2200, fd = 67, state = 6 blackjoe
06-03 20:39:22.441 E/QCamera (  715): <MCI><ERROR> mm_stream_read_msm_frame: 1723: E, my_handle = 0x2200, fd = 67, state = 6 blackjoe
06-03 20:39:22.442 E/mm-camera(  715): <STATS_AIS ><ERROR> 1316: dsps_process_response_gyro: Query request denied, error code = 5, QId_valid = 1, QueryId = 0x4b0a, AckNak_valid = 1, AckNak = 3
06-03 20:39:22.442 I/QCamera (  715): <MCI><INFO> mm_stream_read_msm_frame: 1770: VIDIOC_DQBUF buf_index 2, frame_idx 74, stream type 7, rc 0,queued: 17, buf_type = 0 flags = 8192 FD = 67 my_num 0 buf fd 86
06-03 20:39:22.442 E/QCamera (  715): <MCI><ERROR> mm_stream_read_msm_frame: 1790: X rc = 0
06-03 20:39:22.443 I/QCamera (  715): <MCI><INFO> mm_stream_handle_rcvd_buf: 220: E, my_handle = 0x2200, fd = 67, state = 6
06-03 20:39:22.443 I/QCamera (  715): <MCI><INFO> mm_stream_handle_rcvd_buf: 244: has cb and it is active by blackjoe
06-03 20:39:22.444 I/QCamera (  715): <MCI><INFO> mm_stream_dispatch_app_data: 415: E, my_handle = 0x2200, fd = 67, state = 6
06-03 20:39:22.445 I/QCamera (  715): <MCI><INFO> mm_stream_dispatch_app_data: 436: frame_sync.is_active = 0, is_cb_active = 1
06-03 20:39:22.445 I/QCamera (  715): <MCI><INFO> mm_stream_dispatch_app_data: 457: Enter callback by blackjoe
06-03 20:39:22.480 E/        (    0): frame_src is 1 frame_id is 76 blackjoe
06-03 20:39:22.464 E/mm-camera(  715): <MCT   ><ERROR> 4828: mct_pipeline_process_serv_msg: pipeline blackjoe data->sessionid 3 pipeline->session 3 msgid 3
06-03 20:39:22.464 E/mm-camera(  715): <MCT   ><ERROR> 4299: mct_pipeline_process_set: command is 0x8000014 blackjoe CAM_PRIV_PARM 0x8000014
06-03 20:39:22.469 E/QCamera (  715): <MCI><ERROR> mm_stream_data_notify: 337: E, my_handle = 0x2301, fd = 78, state = 6 blackjoe
06-03 20:39:22.470 E/QCamera (  715): <MCI><ERROR> mm_stream_read_msm_frame: 1723: E, my_handle = 0x2301, fd = 78, state = 6 blackjoe
06-03 20:39:22.470 I/QCamera (  715): <MCI><INFO> mm_stream_read_msm_frame: 1770: VIDIOC_DQBUF buf_index 6, frame_idx 75, stream type 8, rc 0,queued: 5, buf_type = 0 flags = 8192 FD = 78 my_num 0 buf fd 129
06-03 20:39:22.470 E/mm-camera(  715): <SENSOR><ERROR> 4883: sensor_get_frame_duration: resolution is invalid, it seems stream has stopped.
06-03 20:39:22.470 E/QCamera (  715): <MCI><ERROR> mm_stream_read_msm_frame: 1790: X rc = 0
06-03 20:39:22.470 E/mm-camera(  715): <SENSOR><ERROR> 884: sensor_fc_report_meta: Failed to get frame duration
06-03 20:39:22.470 I/QCamera (  715): <MCI><INFO> mm_stream_handle_rcvd_buf: 220: E, my_handle = 0x2301, fd = 78, state = 6
06-03 20:39:22.470 E/mm-camera(  715): <SENSOR><ERROR> 4805: sensor_get_exposure_time: resolution is invalid, it seems stream has stopped.
06-03 20:39:22.470 I/QCamera (  715): <MCI><INFO> mm_stream_handle_rcvd_buf: 244: has cb and it is active by blackjoe
06-03 20:39:22.470 E/mm-camera(  715): <SENSOR><ERROR> 904: sensor_fc_report_meta: Failed to get exposure time
06-03 20:39:22.471 I/QCamera (  715): <MCI><INFO> mm_stream_dispatch_app_data: 415: E, my_handle = 0x2301, fd = 78, state = 6
06-03 20:39:22.471 I/QCamera (  715): <MCI><INFO> mm_stream_dispatch_app_data: 436: frame_sync.is_active = 0, is_cb_active = 1
06-03 20:39:22.471 I/QCamera (  715): <MCI><INFO> mm_stream_dispatch_app_data: 457: Enter callback by blackjoe
06-03 20:39:22.471 E/mm-camera(  715): <MCT   ><ERROR> 2722: mct_stream_process_bus_msg: Check the runing function blackjoe 
06-03 20:39:22.472 E/mm-camera(  715): <MCT   ><ERROR> 2755: mct_stream_process_bus_msg: isp_sof_bus_msg is 0xe78400a0
06-03 20:39:22.472 E/mm-camera(  715): <MCT   ><ERROR> 2757: mct_stream_process_bus_msg: frameid is 76 hal_version is 3
06-03 20:39:22.472 E/mm-camera(  715): <MCT   ><ERROR> 2759: mct_stream_process_bus_msg: kstate_ptr is 0xe4adf254, isp_kstate_ptr is 0xe8854000
06-03 20:39:22.472 E/mm-camera(  715): <MCT   ><ERROR> 2765: mct_stream_process_bus_msg: frame_id is 76
06-03 20:39:22.473 E/QCamera (  715): <MCI><ERROR> mm_stream_data_notify: 337: E, my_handle = 0x2200, fd = 67, state = 6 blackjoe
06-03 20:39:22.473 E/QCamera (  715): <MCI><ERROR> mm_stream_read_msm_frame: 1723: E, my_handle = 0x2200, fd = 67, state = 6 blackjoe
06-03 20:39:22.473 I/QCamera (  715): <MCI><INFO> mm_stream_read_msm_frame: 1770: VIDIOC_DQBUF buf_index 3, frame_idx 75, stream type 7, rc 0,queued: 17, buf_type = 0 flags = 8192 FD = 67 my_num 0 buf fd 88
06-03 20:39:22.473 E/QCamera (  715): <MCI><ERROR> mm_stream_read_msm_frame: 1790: X rc = 0
06-03 20:39:22.474 I/QCamera (  715): <MCI><INFO> mm_stream_handle_rcvd_buf: 220: E, my_handle = 0x2200, fd = 67, state = 6
06-03 20:39:22.474 I/QCamera (  715): <MCI><INFO> mm_stream_handle_rcvd_buf: 244: has cb and it is active by blackjoe
06-03 20:39:22.474 E/mm-camera(  715): <STATS_AIS ><ERROR> 1316: dsps_process_response_gyro: Query request denied, error code = 5, QId_valid = 1, QueryId = 0x4c0a, AckNak_valid = 1, AckNak = 3
06-03 20:39:22.474 I/QCamera (  715): <MCI><INFO> mm_stream_dispatch_app_data: 415: E, my_handle = 0x2200, fd = 67, state = 6
06-03 20:39:22.474 I/QCamera (  715): <MCI><INFO> mm_stream_dispatch_app_data: 436: frame_sync.is_active = 0, is_cb_active = 1
06-03 20:39:22.475 I/QCamera (  715): <MCI><INFO> mm_stream_dispatch_app_data: 457: Enter callback by blackjoe
06-03 20:39:22.484 E/mm-camera(  715): <MCT   ><ERROR> 4828: mct_pipeline_process_serv_msg: pipeline blackjoe data->sessionid 3 pipeline->session 3 msgid 3
06-03 20:39:22.484 E/mm-camera(  715): <MCT   ><ERROR> 4299: mct_pipeline_process_set: command is 0x8000014 blackjoe CAM_PRIV_PARM 0x8000014
06-03 20:39:22.504 E/QCamera (  715): <MCI><ERROR> mm_stream_data_notify: 337: E, my_handle = 0x2301, fd = 78, state = 6 blackjoe
06-03 20:39:22.504 E/mm-camera(  715): <SENSOR><ERROR> 4883: sensor_get_frame_duration: resolution is invalid, it seems stream has stopped.
06-03 20:39:22.504 E/QCamera (  715): <MCI><ERROR> mm_stream_read_msm_frame: 1723: E, my_handle = 0x2301, fd = 78, state = 6 blackjoe
06-03 20:39:22.504 E/mm-camera(  715): <SENSOR><ERROR> 884: sensor_fc_report_meta: Failed to get frame duration
06-03 20:39:22.504 E/mm-camera(  715): <SENSOR><ERROR> 4805: sensor_get_exposure_time: resolution is invalid, it seems stream has stopped.
06-03 20:39:22.504 E/mm-camera(  715): <SENSOR><ERROR> 904: sensor_fc_report_meta: Failed to get exposure time
06-03 20:39:22.504 I/QCamera (  715): <MCI><INFO> mm_stream_read_msm_frame: 1770: VIDIOC_DQBUF buf_index 7, frame_idx 76, stream type 8, rc 0,queued: 5, buf_type = 0 flags = 8192 FD = 78 my_num 0 buf fd 134
06-03 20:39:22.505 E/QCamera (  715): <MCI><ERROR> mm_stream_read_msm_frame: 1790: X rc = 0
06-03 20:39:22.514 E/        (    0): frame_src is 1 frame_id is 77 blackjoe
06-03 20:39:22.505 I/QCamera (  715): <MCI><INFO> mm_stream_handle_rcvd_buf: 220: E, my_handle = 0x2301, fd = 78, state = 6
06-03 20:39:22.505 I/QCamera (  715): <MCI><INFO> mm_stream_handle_rcvd_buf: 244: has cb and it is active by blackjoe
06-03 20:39:22.505 I/QCamera (  715): <MCI><INFO> mm_stream_dispatch_app_data: 415: E, my_handle = 0x2301, fd = 78, state = 6
06-03 20:39:22.505 E/mm-camera(  715): <MCT   ><ERROR> 2722: mct_stream_process_bus_msg: Check the runing function blackjoe 
06-03 20:39:22.505 I/QCamera (  715): <MCI><INFO> mm_stream_dispatch_app_data: 436: frame_sync.is_active = 0, is_cb_active = 1
06-03 20:39:22.506 E/mm-camera(  715): <MCT   ><ERROR> 2755: mct_stream_process_bus_msg: isp_sof_bus_msg is 0xe78400a0
06-03 20:39:22.506 I/QCamera (  715): <MCI><INFO> mm_stream_dispatch_app_data: 457: Enter callback by blackjoe
06-03 20:39:22.506 E/mm-camera(  715): <MCT   ><ERROR> 2757: mct_stream_process_bus_msg: frameid is 77 hal_version is 3
06-03 20:39:22.506 E/mm-camera(  715): <MCT   ><ERROR> 2759: mct_stream_process_bus_msg: kstate_ptr is 0xe4adf254, isp_kstate_ptr is 0xe8854000
06-03 20:39:22.506 E/mm-camera(  715): <MCT   ><ERROR> 2765: mct_stream_process_bus_msg: frame_id is 77
06-03 20:39:22.507 E/QCamera (  715): <MCI><ERROR> mm_stream_data_notify: 337: E, my_handle = 0x2200, fd = 67, state = 6 blackjoe
06-03 20:39:22.507 E/QCamera (  715): <MCI><ERROR> mm_stream_read_msm_frame: 1723: E, my_handle = 0x2200, fd = 67, state = 6 blackjoe
06-03 20:39:22.507 I/QCamera (  715): <MCI><INFO> mm_stream_read_msm_frame: 1770: VIDIOC_DQBUF buf_index 4, frame_idx 76, stream type 7, rc 0,queued: 17, buf_type = 0 flags = 8192 FD = 67 my_num 0 buf fd 90
06-03 20:39:22.507 E/QCamera (  715): <MCI><ERROR> mm_stream_read_msm_frame: 1790: X rc = 0
06-03 20:39:22.507 I/QCamera (  715): <MCI><INFO> mm_stream_handle_rcvd_buf: 220: E, my_handle = 0x2200, fd = 67, state = 6
06-03 20:39:22.508 I/QCamera (  715): <MCI><INFO> mm_stream_handle_rcvd_buf: 244: has cb and it is active by blackjoe
06-03 20:39:22.508 I/QCamera (  715): <MCI><INFO> mm_stream_dispatch_app_data: 415: E, my_handle = 0x2200, fd = 67, state = 6
06-03 20:39:22.508 I/QCamera (  715): <MCI><INFO> mm_stream_dispatch_app_data: 436: frame_sync.is_active = 0, is_cb_active = 1
06-03 20:39:22.508 E/mm-camera(  715): <STATS_AIS ><ERROR> 1316: dsps_process_response_gyro: Query request denied, error code = 5, QId_valid = 1, QueryId = 0x4d0a, AckNak_valid = 1, AckNak = 3
06-03 20:39:22.508 I/QCamera (  715): <MCI><INFO> mm_stream_dispatch_app_data: 457: Enter callback by blackjoe
06-03 20:39:22.517 E/mm-camera(  715): <MCT   ><ERROR> 4828: mct_pipeline_process_serv_msg: pipeline blackjoe data->sessionid 3 pipeline->session 3 msgid 3
06-03 20:39:22.517 E/mm-camera(  715): <MCT   ><ERROR> 4299: mct_pipeline_process_set: command is 0x8000014 blackjoe CAM_PRIV_PARM 0x8000014
06-03 20:39:22.581 D/logd    (    0): logdr: UID=0 GID=0 PID=6573 n tail=0 logMask=99 pid=0 start=0ns timeout=0ns
06-03 20:39:22.598 E/        (    0): frame_src is 1 frame_id is 78 blackjoe
06-03 20:39:22.632 E/        (    0): frame_src is 1 frame_id is 79 blackjoe
06-03 20:39:22.588 E/QCamera (  715): <MCI><ERROR> mm_stream_data_notify: 337: E, my_handle = 0x2301, fd = 78, state = 6 blackjoe
06-03 20:39:22.588 E/QCamera (  715): <MCI><ERROR> mm_stream_read_msm_frame: 1723: E, my_handle = 0x2301, fd = 78, state = 6 blackjoe
06-03 20:39:22.588 E/mm-camera(  715): <SENSOR><ERROR> 4883: sensor_get_frame_duration: resolution is invalid, it seems stream has stopped.
06-03 20:39:22.589 E/mm-camera(  715): <SENSOR><ERROR> 884: sensor_fc_report_meta: Failed to get frame duration
06-03 20:39:22.589 I/QCamera (  715): <MCI><INFO> mm_stream_read_msm_frame: 1770: VIDIOC_DQBUF buf_index 8, frame_idx 77, stream type 8, rc 0,queued: 5, buf_type = 0 flags = 8192 FD = 78 my_num 0 buf fd 137
06-03 20:39:22.589 E/mm-camera(  715): <SENSOR><ERROR> 4805: sensor_get_exposure_time: resolution is invalid, it seems stream has stopped.
06-03 20:39:22.589 E/QCamera (  715): <MCI><ERROR> mm_stream_read_msm_frame: 1790: X rc = 0
06-03 20:39:22.589 E/mm-camera(  715): <SENSOR><ERROR> 904: sensor_fc_report_meta: Failed to get exposure time
06-03 20:39:22.589 I/QCamera (  715): <MCI><INFO> mm_stream_handle_rcvd_buf: 220: E, my_handle = 0x2301, fd = 78, state = 6
06-03 20:39:22.590 I/QCamera (  715): <MCI><INFO> mm_stream_handle_rcvd_buf: 244: has cb and it is active by blackjoe
06-03 20:39:22.590 I/QCamera (  715): <MCI><INFO> mm_stream_dispatch_app_data: 415: E, my_handle = 0x2301, fd = 78, state = 6
06-03 20:39:22.591 E/mm-camera(  715): <MCT   ><ERROR> 2722: mct_stream_process_bus_msg: Check the runing function blackjoe 
06-03 20:39:22.591 I/QCamera (  715): <MCI><INFO> mm_stream_dispatch_app_data: 436: frame_sync.is_active = 0, is_cb_active = 1
06-03 20:39:22.591 I/QCamera (  715): <MCI><INFO> mm_stream_dispatch_app_data: 457: Enter callback by blackjoe
06-03 20:39:22.591 E/mm-camera(  715): <MCT   ><ERROR> 2755: mct_stream_process_bus_msg: isp_sof_bus_msg is 0xe78400a0
06-03 20:39:22.591 E/mm-camera(  715): <MCT   ><ERROR> 2757: mct_stream_process_bus_msg: frameid is 78 hal_version is 3
06-03 20:39:22.592 E/mm-camera(  715): <MCT   ><ERROR> 2759: mct_stream_process_bus_msg: kstate_ptr is 0xe4adf254, isp_kstate_ptr is 0xe8854000
06-03 20:39:22.592 E/mm-camera(  715): <MCT   ><ERROR> 2765: mct_stream_process_bus_msg: frame_id is 78
06-03 20:39:22.593 E/QCamera (  715): <MCI><ERROR> mm_stream_data_notify: 337: E, my_handle = 0x2200, fd = 67, state = 6 blackjoe
06-03 20:39:22.594 E/QCamera (  715): <MCI><ERROR> mm_stream_read_msm_frame: 1723: E, my_handle = 0x2200, fd = 67, state = 6 blackjoe
06-03 20:39:22.594 I/QCamera (  715): <MCI><INFO> mm_stream_read_msm_frame: 1770: VIDIOC_DQBUF buf_index 5, frame_idx 77, stream type 7, rc 0,queued: 17, buf_type = 0 flags = 8192 FD = 67 my_num 0 buf fd 92
06-03 20:39:22.594 E/mm-camera(  715): <STATS_AIS ><ERROR> 1316: dsps_process_response_gyro: Query request denied, error code = 5, QId_valid = 1, QueryId = 0x4e0a, AckNak_valid = 1, AckNak = 3
06-03 20:39:22.595 E/QCamera (  715): <MCI><ERROR> mm_stream_read_msm_frame: 1790: X rc = 0
06-03 20:39:22.595 I/QCamera (  715): <MCI><INFO> mm_stream_handle_rcvd_buf: 220: E, my_handle = 0x2200, fd = 67, state = 6
06-03 20:39:22.595 I/QCamera (  715): <MCI><INFO> mm_stream_handle_rcvd_buf: 244: has cb and it is active by blackjoe
06-03 20:39:22.596 I/QCamera (  715): <MCI><INFO> mm_stream_dispatch_app_data: 415: E, my_handle = 0x2200, fd = 67, state = 6
06-03 20:39:22.596 I/QCamera (  715): <MCI><INFO> mm_stream_dispatch_app_data: 436: frame_sync.is_active = 0, is_cb_active = 1
06-03 20:39:22.597 I/QCamera (  715): <MCI><INFO> mm_stream_dispatch_app_data: 457: Enter callback by blackjoe
06-03 20:39:22.609 E/mm-camera(  715): <MCT   ><ERROR> 4828: mct_pipeline_process_serv_msg: pipeline blackjoe data->sessionid 3 pipeline->session 3 msgid 3
06-03 20:39:22.609 E/mm-camera(  715): <MCT   ><ERROR> 4299: mct_pipeline_process_set: command is 0x8000014 blackjoe CAM_PRIV_PARM 0x8000014
06-03 20:39:22.622 E/QCamera (  715): <MCI><ERROR> mm_stream_data_notify: 337: E, my_handle = 0x2301, fd = 78, state = 6 blackjoe
06-03 20:39:22.622 E/QCamera (  715): <MCI><ERROR> mm_stream_read_msm_frame: 1723: E, my_handle = 0x2301, fd = 78, state = 6 blackjoe
06-03 20:39:22.622 E/mm-camera(  715): <SENSOR><ERROR> 4883: sensor_get_frame_duration: resolution is invalid, it seems stream has stopped.
06-03 20:39:22.622 I/QCamera (  715): <MCI><INFO> mm_stream_read_msm_frame: 1770: VIDIOC_DQBUF buf_index 9, frame_idx 78, stream type 8, rc 0,queued: 5, buf_type = 0 flags = 8192 FD = 78 my_num 0 buf fd 140
06-03 20:39:22.622 E/mm-camera(  715): <SENSOR><ERROR> 884: sensor_fc_report_meta: Failed to get frame duration
06-03 20:39:22.622 E/QCamera (  715): <MCI><ERROR> mm_stream_read_msm_frame: 1790: X rc = 0
06-03 20:39:22.622 E/mm-camera(  715): <SENSOR><ERROR> 4805: sensor_get_exposure_time: resolution is invalid, it seems stream has stopped.
06-03 20:39:22.623 I/QCamera (  715): <MCI><INFO> mm_stream_handle_rcvd_buf: 220: E, my_handle = 0x2301, fd = 78, state = 6
06-03 20:39:22.623 E/mm-camera(  715): <SENSOR><ERROR> 904: sensor_fc_report_meta: Failed to get exposure time
06-03 20:39:22.623 I/QCamera (  715): <MCI><INFO> mm_stream_handle_rcvd_buf: 244: has cb and it is active by blackjoe
06-03 20:39:22.623 I/QCamera (  715): <MCI><INFO> mm_stream_dispatch_app_data: 415: E, my_handle = 0x2301, fd = 78, state = 6
06-03 20:39:22.623 I/QCamera (  715): <MCI><INFO> mm_stream_dispatch_app_data: 436: frame_sync.is_active = 0, is_cb_active = 1
06-03 20:39:22.623 E/mm-camera(  715): <MCT   ><ERROR> 2722: mct_stream_process_bus_msg: Check the runing function blackjoe 
06-03 20:39:22.623 I/QCamera (  715): <MCI><INFO> mm_stream_dispatch_app_data: 457: Enter callback by blackjoe
06-03 20:39:22.624 E/mm-camera(  715): <MCT   ><ERROR> 2755: mct_stream_process_bus_msg: isp_sof_bus_msg is 0xe78400a0
06-03 20:39:22.624 E/mm-camera(  715): <MCT   ><ERROR> 2757: mct_stream_process_bus_msg: frameid is 79 hal_version is 3
06-03 20:39:22.624 E/mm-camera(  715): <MCT   ><ERROR> 2759: mct_stream_process_bus_msg: kstate_ptr is 0xe4adf254, isp_kstate_ptr is 0xe8854000
06-03 20:39:22.624 E/mm-camera(  715): <MCT   ><ERROR> 2765: mct_stream_process_bus_msg: frame_id is 79
06-03 20:39:22.624 E/QCamera (  715): <MCI><ERROR> mm_stream_data_notify: 337: E, my_handle = 0x2200, fd = 67, state = 6 blackjoe
06-03 20:39:22.625 E/QCamera (  715): <MCI><ERROR> mm_stream_read_msm_frame: 1723: E, my_handle = 0x2200, fd = 67, state = 6 blackjoe
06-03 20:39:22.625 I/QCamera (  715): <MCI><INFO> mm_stream_read_msm_frame: 1770: VIDIOC_DQBUF buf_index 6, frame_idx 78, stream type 7, rc 0,queued: 17, buf_type = 0 flags = 8192 FD = 67 my_num 0 buf fd 94
06-03 20:39:22.625 E/QCamera (  715): <MCI><ERROR> mm_stream_read_msm_frame: 1790: X rc = 0
06-03 20:39:22.625 I/QCamera (  715): <MCI><INFO> mm_stream_handle_rcvd_buf: 220: E, my_handle = 0x2200, fd = 67, state = 6
06-03 20:39:22.625 I/QCamera (  715): <MCI><INFO> mm_stream_handle_rcvd_buf: 244: has cb and it is active by blackjoe
06-03 20:39:22.626 E/mm-camera(  715): <STATS_AIS ><ERROR> 1316: dsps_process_response_gyro: Query request denied, error code = 5, QId_valid = 1, QueryId = 0x4f0a, AckNak_valid = 1, AckNak = 3
06-03 20:39:22.626 I/QCamera (  715): <MCI><INFO> mm_stream_dispatch_app_data: 415: E, my_handle = 0x2200, fd = 67, state = 6
06-03 20:39:22.626 I/QCamera (  715): <MCI><INFO> mm_stream_dispatch_app_data: 436: frame_sync.is_active = 0, is_cb_active = 1
06-03 20:39:22.626 I/QCamera (  715): <MCI><INFO> mm_stream_dispatch_app_data: 457: Enter callback by blackjoe
06-03 20:39:22.639 E/mm-camera(  715): <MCT   ><ERROR> 4828: mct_pipeline_process_serv_msg: pipeline blackjoe data->sessionid 3 pipeline->session 3 msgid 3
06-03 20:39:22.639 E/mm-camera(  715): <MCT   ><ERROR> 4299: mct_pipeline_process_set: command is 0x8000014 blackjoe CAM_PRIV_PARM 0x8000014
06-03 20:39:22.667 E/        (    0): frame_src is 1 frame_id is 80 blackjoe
06-03 20:39:22.656 E/QCamera (  715): <MCI><ERROR> mm_stream_data_notify: 337: E, my_handle = 0x2301, fd = 78, state = 6 blackjoe
06-03 20:39:22.656 E/QCamera (  715): <MCI><ERROR> mm_stream_read_msm_frame: 1723: E, my_handle = 0x2301, fd = 78, state = 6 blackjoe
06-03 20:39:22.656 E/mm-camera(  715): <SENSOR><ERROR> 4883: sensor_get_frame_duration: resolution is invalid, it seems stream has stopped.
06-03 20:39:22.656 E/mm-camera(  715): <SENSOR><ERROR> 884: sensor_fc_report_meta: Failed to get frame duration
06-03 20:39:22.656 I/QCamera (  715): <MCI><INFO> mm_stream_read_msm_frame: 1770: VIDIOC_DQBUF buf_index 10, frame_idx 79, stream type 8, rc 0,queued: 5, buf_type = 0 flags = 8192 FD = 78 my_num 0 buf fd 76
06-03 20:39:22.657 E/mm-camera(  715): <SENSOR><ERROR> 4805: sensor_get_exposure_time: resolution is invalid, it seems stream has stopped.
06-03 20:39:22.657 E/QCamera (  715): <MCI><ERROR> mm_stream_read_msm_frame: 1790: X rc = 0
06-03 20:39:22.657 E/mm-camera(  715): <SENSOR><ERROR> 904: sensor_fc_report_meta: Failed to get exposure time
06-03 20:39:22.657 I/QCamera (  715): <MCI><INFO> mm_stream_handle_rcvd_buf: 220: E, my_handle = 0x2301, fd = 78, state = 6
06-03 20:39:22.657 I/QCamera (  715): <MCI><INFO> mm_stream_handle_rcvd_buf: 244: has cb and it is active by blackjoe
06-03 20:39:22.657 I/QCamera (  715): <MCI><INFO> mm_stream_dispatch_app_data: 415: E, my_handle = 0x2301, fd = 78, state = 6
06-03 20:39:22.657 I/QCamera (  715): <MCI><INFO> mm_stream_dispatch_app_data: 436: frame_sync.is_active = 0, is_cb_active = 1
06-03 20:39:22.657 E/mm-camera(  715): <MCT   ><ERROR> 2722: mct_stream_process_bus_msg: Check the runing function blackjoe 
06-03 20:39:22.658 E/mm-camera(  715): <MCT   ><ERROR> 2755: mct_stream_process_bus_msg: isp_sof_bus_msg is 0xe78400a0
06-03 20:39:22.658 I/QCamera (  715): <MCI><INFO> mm_stream_dispatch_app_data: 457: Enter callback by blackjoe
06-03 20:39:22.658 E/mm-camera(  715): <MCT   ><ERROR> 2757: mct_stream_process_bus_msg: frameid is 80 hal_version is 3
06-03 20:39:22.659 E/mm-camera(  715): <MCT   ><ERROR> 2759: mct_stream_process_bus_msg: kstate_ptr is 0xe4adf254, isp_kstate_ptr is 0xe8854000
06-03 20:39:22.659 E/mm-camera(  715): <MCT   ><ERROR> 2765: mct_stream_process_bus_msg: frame_id is 80
06-03 20:39:22.660 E/QCamera (  715): <MCI><ERROR> mm_stream_data_notify: 337: E, my_handle = 0x2200, fd = 67, state = 6 blackjoe
06-03 20:39:22.660 E/QCamera (  715): <MCI><ERROR> mm_stream_read_msm_frame: 1723: E, my_handle = 0x2200, fd = 67, state = 6 blackjoe
06-03 20:39:22.660 I/QCamera (  715): <MCI><INFO> mm_stream_read_msm_frame: 1770: VIDIOC_DQBUF buf_index 7, frame_idx 79, stream type 7, rc 0,queued: 17, buf_type = 0 flags = 8192 FD = 67 my_num 0 buf fd 96
06-03 20:39:22.660 E/QCamera (  715): <MCI><ERROR> mm_stream_read_msm_frame: 1790: X rc = 0
06-03 20:39:22.660 I/QCamera (  715): <MCI><INFO> mm_stream_handle_rcvd_buf: 220: E, my_handle = 0x2200, fd = 67, state = 6
06-03 20:39:22.660 E/mm-camera(  715): <STATS_AIS ><ERROR> 1316: dsps_process_response_gyro: Query request denied, error code = 5, QId_valid = 1, QueryId = 0x500a, AckNak_valid = 1, AckNak = 3
06-03 20:39:22.660 I/QCamera (  715): <MCI><INFO> mm_stream_handle_rcvd_buf: 244: has cb and it is active by blackjoe
06-03 20:39:22.661 I/QCamera (  715): <MCI><INFO> mm_stream_dispatch_app_data: 415: E, my_handle = 0x2200, fd = 67, state = 6
06-03 20:39:22.661 I/QCamera (  715): <MCI><INFO> mm_stream_dispatch_app_data: 436: frame_sync.is_active = 0, is_cb_active = 1
06-03 20:39:22.661 I/QCamera (  715): <MCI><INFO> mm_stream_dispatch_app_data: 457: Enter callback by blackjoe
06-03 20:39:22.669 E/mm-camera(  715): <MCT   ><ERROR> 4828: mct_pipeline_process_serv_msg: pipeline blackjoe data->sessionid 3 pipeline->session 3 msgid 3
06-03 20:39:22.669 E/mm-camera(  715): <MCT   ><ERROR> 4299: mct_pipeline_process_set: command is 0x8000014 blackjoe CAM_PRIV_PARM 0x8000014
06-03 20:39:22.694 E/QCamera (  715): <MCI><ERROR> mm_stream_data_notify: 337: E, my_handle = 0x2301, fd = 78, state = 6 blackjoe
06-03 20:39:22.695 E/QCamera (  715): <MCI><ERROR> mm_stream_read_msm_frame: 1723: E, my_handle = 0x2301, fd = 78, state = 6 blackjoe
06-03 20:39:22.695 E/mm-camera(  715): <SENSOR><ERROR> 4883: sensor_get_frame_duration: resolution is invalid, it seems stream has stopped.
06-03 20:39:22.695 E/mm-camera(  715): <SENSOR><ERROR> 884: sensor_fc_report_meta: Failed to get frame duration
06-03 20:39:22.695 I/QCamera (  715): <MCI><INFO> mm_stream_read_msm_frame: 1770: VIDIOC_DQBUF buf_index 11, frame_idx 80, stream type 8, rc 0,queued: 5, buf_type = 0 flags = 8192 FD = 78 my_num 0 buf fd 128
06-03 20:39:22.695 E/mm-camera(  715): <SENSOR><ERROR> 4805: sensor_get_exposure_time: resolution is invalid, it seems stream has stopped.
06-03 20:39:22.695 E/QCamera (  715): <MCI><ERROR> mm_stream_read_msm_frame: 1790: X rc = 0
06-03 20:39:22.695 E/mm-camera(  715): <SENSOR><ERROR> 904: sensor_fc_report_meta: Failed to get exposure time
06-03 20:39:22.695 I/QCamera (  715): <MCI><INFO> mm_stream_handle_rcvd_buf: 220: E, my_handle = 0x2301, fd = 78, state = 6
06-03 20:39:22.695 I/QCamera (  715): <MCI><INFO> mm_stream_handle_rcvd_buf: 244: has cb and it is active by blackjoe
06-03 20:39:22.696 I/QCamera (  715): <MCI><INFO> mm_stream_dispatch_app_data: 415: E, my_handle = 0x2301, fd = 78, state = 6
06-03 20:39:22.696 I/QCamera (  715): <MCI><INFO> mm_stream_dispatch_app_data: 436: frame_sync.is_active = 0, is_cb_active = 1
06-03 20:39:22.696 E/mm-camera(  715): <MCT   ><ERROR> 2722: mct_stream_process_bus_msg: Check the runing function blackjoe 
06-03 20:39:22.696 I/QCamera (  715): <MCI><INFO> mm_stream_dispatch_app_data: 457: Enter callback by blackjoe
06-03 20:39:22.696 E/mm-camera(  715): <MCT   ><ERROR> 2755: mct_stream_process_bus_msg: isp_sof_bus_msg is 0xe78400a0
06-03 20:39:22.696 E/mm-camera(  715): <MCT   ><ERROR> 2757: mct_stream_process_bus_msg: frameid is 81 hal_version is 3
06-03 20:39:22.697 E/mm-camera(  715): <MCT   ><ERROR> 2759: mct_stream_process_bus_msg: kstate_ptr is 0xe4adf254, isp_kstate_ptr is 0xe8854000
06-03 20:39:22.697 E/mm-camera(  715): <MCT   ><ERROR> 2765: mct_stream_process_bus_msg: frame_id is 81
06-03 20:39:22.698 E/QCamera (  715): <MCI><ERROR> mm_stream_data_notify: 337: E, my_handle = 0x2200, fd = 67, state = 6 blackjoe
06-03 20:39:22.698 E/QCamera (  715): <MCI><ERROR> mm_stream_read_msm_frame: 1723: E, my_handle = 0x2200, fd = 67, state = 6 blackjoe
06-03 20:39:22.699 E/mm-camera(  715): <STATS_AIS ><ERROR> 1316: dsps_process_response_gyro: Query request denied, error code = 5, QId_valid = 1, QueryId = 0x510a, AckNak_valid = 1, AckNak = 3
06-03 20:39:22.699 I/QCamera (  715): <MCI><INFO> mm_stream_read_msm_frame: 1770: VIDIOC_DQBUF buf_index 8, frame_idx 80, stream type 7, rc 0,queued: 17, buf_type = 0 flags = 8192 FD = 67 my_num 0 buf fd 98
06-03 20:39:22.699 E/QCamera (  715): <MCI><ERROR> mm_stream_read_msm_frame: 1790: X rc = 0
06-03 20:39:22.699 I/QCamera (  715): <MCI><INFO> mm_stream_handle_rcvd_buf: 220: E, my_handle = 0x2200, fd = 67, state = 6
06-03 20:39:22.699 I/QCamera (  715): <MCI><INFO> mm_stream_handle_rcvd_buf: 244: has cb and it is active by blackjoe
06-03 20:39:22.699 I/QCamera (  715): <MCI><INFO> mm_stream_dispatch_app_data: 415: E, my_handle = 0x2200, fd = 67, state = 6
06-03 20:39:22.700 I/QCamera (  715): <MCI><INFO> mm_stream_dispatch_app_data: 436: frame_sync.is_active = 0, is_cb_active = 1
06-03 20:39:22.700 I/QCamera (  715): <MCI><INFO> mm_stream_dispatch_app_data: 457: Enter callback by blackjoe
06-03 20:39:22.705 E/        (    0): frame_src is 1 frame_id is 81 blackjoe
06-03 20:39:22.706 E/mm-camera(  715): <MCT   ><ERROR> 4828: mct_pipeline_process_serv_msg: pipeline blackjoe data->sessionid 3 pipeline->session 3 msgid 3
06-03 20:39:22.706 E/mm-camera(  715): <MCT   ><ERROR> 4299: mct_pipeline_process_set: command is 0x8000014 blackjoe CAM_PRIV_PARM 0x8000014
06-03 20:39:22.724 E/        (    0): frame_src is 1 frame_id is 82 blackjoe
06-03 20:39:22.713 E/QCamera (  715): <MCI><ERROR> mm_stream_data_notify: 337: E, my_handle = 0x2301, fd = 78, state = 6 blackjoe
06-03 20:39:22.714 E/QCamera (  715): <MCI><ERROR> mm_stream_read_msm_frame: 1723: E, my_handle = 0x2301, fd = 78, state = 6 blackjoe
06-03 20:39:22.714 I/QCamera (  715): <MCI><INFO> mm_stream_read_msm_frame: 1770: VIDIOC_DQBUF buf_index 6, frame_idx 81, stream type 8, rc 0,queued: 5, buf_type = 0 flags = 8192 FD = 78 my_num 0 buf fd 126
06-03 20:39:22.714 E/QCamera (  715): <MCI><ERROR> mm_stream_read_msm_frame: 1790: X rc = 0
06-03 20:39:22.714 I/QCamera (  715): <MCI><INFO> mm_stream_handle_rcvd_buf: 220: E, my_handle = 0x2301, fd = 78, state = 6
06-03 20:39:22.714 I/QCamera (  715): <MCI><INFO> mm_stream_handle_rcvd_buf: 244: has cb and it is active by blackjoe
06-03 20:39:22.715 I/QCamera (  715): <MCI><INFO> mm_stream_dispatch_app_data: 415: E, my_handle = 0x2301, fd = 78, state = 6
06-03 20:39:22.715 I/QCamera (  715): <MCI><INFO> mm_stream_dispatch_app_data: 436: frame_sync.is_active = 0, is_cb_active = 1
06-03 20:39:22.715 E/mm-camera(  715): <SENSOR><ERROR> 4883: sensor_get_frame_duration: resolution is invalid, it seems stream has stopped.
06-03 20:39:22.715 I/QCamera (  715): <MCI><INFO> mm_stream_dispatch_app_data: 457: Enter callback by blackjoe
06-03 20:39:22.715 E/mm-camera(  715): <SENSOR><ERROR> 884: sensor_fc_report_meta: Failed to get frame duration
06-03 20:39:22.715 E/mm-camera(  715): <SENSOR><ERROR> 4805: sensor_get_exposure_time: resolution is invalid, it seems stream has stopped.
06-03 20:39:22.715 E/mm-camera(  715): <SENSOR><ERROR> 904: sensor_fc_report_meta: Failed to get exposure time
06-03 20:39:22.717 E/mm-camera(  715): <MCT   ><ERROR> 2722: mct_stream_process_bus_msg: Check the runing function blackjoe 
06-03 20:39:22.717 E/mm-camera(  715): <MCT   ><ERROR> 2755: mct_stream_process_bus_msg: isp_sof_bus_msg is 0xe78400a0
06-03 20:39:22.717 E/mm-camera(  715): <MCT   ><ERROR> 2757: mct_stream_process_bus_msg: frameid is 82 hal_version is 3
06-03 20:39:22.717 E/mm-camera(  715): <MCT   ><ERROR> 2759: mct_stream_process_bus_msg: kstate_ptr is 0xe4adf254, isp_kstate_ptr is 0xe8854000
06-03 20:39:22.717 E/mm-camera(  715): <MCT   ><ERROR> 2765: mct_stream_process_bus_msg: frame_id is 82
06-03 20:39:22.721 E/QCamera (  715): <MCI><ERROR> mm_stream_data_notify: 337: E, my_handle = 0x2200, fd = 67, state = 6 blackjoe
06-03 20:39:22.721 E/QCamera (  715): <MCI><ERROR> mm_stream_read_msm_frame: 1723: E, my_handle = 0x2200, fd = 67, state = 6 blackjoe
06-03 20:39:22.721 E/mm-camera(  715): <STATS_AIS ><ERROR> 1316: dsps_process_response_gyro: Query request denied, error code = 5, QId_valid = 1, QueryId = 0x520a, AckNak_valid = 1, AckNak = 3
06-03 20:39:22.722 I/QCamera (  715): <MCI><INFO> mm_stream_read_msm_frame: 1770: VIDIOC_DQBUF buf_index 9, frame_idx 81, stream type 7, rc 0,queued: 17, buf_type = 0 flags = 8192 FD = 67 my_num 0 buf fd 100
06-03 20:39:22.722 E/QCamera (  715): <MCI><ERROR> mm_stream_read_msm_frame: 1790: X rc = 0
06-03 20:39:22.722 I/QCamera (  715): <MCI><INFO> mm_stream_handle_rcvd_buf: 220: E, my_handle = 0x2200, fd = 67, state = 6
06-03 20:39:22.722 I/QCamera (  715): <MCI><INFO> mm_stream_handle_rcvd_buf: 244: has cb and it is active by blackjoe
06-03 20:39:22.723 I/QCamera (  715): <MCI><INFO> mm_stream_dispatch_app_data: 415: E, my_handle = 0x2200, fd = 67, state = 6
06-03 20:39:22.723 I/QCamera (  715): <MCI><INFO> mm_stream_dispatch_app_data: 436: frame_sync.is_active = 0, is_cb_active = 1
06-03 20:39:22.724 I/QCamera (  715): <MCI><INFO> mm_stream_dispatch_app_data: 457: Enter callback by blackjoe
06-03 20:39:22.730 E/mm-camera(  715): <MCT   ><ERROR> 4828: mct_pipeline_process_serv_msg: pipeline blackjoe data->sessionid 3 pipeline->session 3 msgid 3
06-03 20:39:22.730 E/mm-camera(  715): <MCT   ><ERROR> 4299: mct_pipeline_process_set: command is 0x8000014 blackjoe CAM_PRIV_PARM 0x8000014
06-03 20:39:22.743 E/        (    0): frame_src is 1 frame_id is 83 blackjoe
06-03 20:39:22.732 E/QCamera (  715): <MCI><ERROR> mm_stream_data_notify: 337: E, my_handle = 0x2301, fd = 78, state = 6 blackjoe
06-03 20:39:22.732 E/mm-camera(  715): <SENSOR><ERROR> 4883: sensor_get_frame_duration: resolution is invalid, it seems stream has stopped.
06-03 20:39:22.732 E/QCamera (  715): <MCI><ERROR> mm_stream_read_msm_frame: 1723: E, my_handle = 0x2301, fd = 78, state = 6 blackjoe
06-03 20:39:22.733 E/mm-camera(  715): <SENSOR><ERROR> 884: sensor_fc_report_meta: Failed to get frame duration
06-03 20:39:22.733 E/mm-camera(  715): <SENSOR><ERROR> 4805: sensor_get_exposure_time: resolution is invalid, it seems stream has stopped.
06-03 20:39:22.733 E/mm-camera(  715): <SENSOR><ERROR> 904: sensor_fc_report_meta: Failed to get exposure time
06-03 20:39:22.733 I/QCamera (  715): <MCI><INFO> mm_stream_read_msm_frame: 1770: VIDIOC_DQBUF buf_index 7, frame_idx 82, stream type 8, rc 0,queued: 5, buf_type = 0 flags = 8192 FD = 78 my_num 0 buf fd 129
06-03 20:39:22.733 E/QCamera (  715): <MCI><ERROR> mm_stream_read_msm_frame: 1790: X rc = 0
06-03 20:39:22.733 I/QCamera (  715): <MCI><INFO> mm_stream_handle_rcvd_buf: 220: E, my_handle = 0x2301, fd = 78, state = 6
06-03 20:39:22.733 I/QCamera (  715): <MCI><INFO> mm_stream_handle_rcvd_buf: 244: has cb and it is active by blackjoe
06-03 20:39:22.734 E/mm-camera(  715): <MCT   ><ERROR> 2722: mct_stream_process_bus_msg: Check the runing function blackjoe 
06-03 20:39:22.734 E/mm-camera(  715): <MCT   ><ERROR> 2755: mct_stream_process_bus_msg: isp_sof_bus_msg is 0xe78400a0
06-03 20:39:22.734 E/mm-camera(  715): <MCT   ><ERROR> 2757: mct_stream_process_bus_msg: frameid is 83 hal_version is 3
06-03 20:39:22.734 E/mm-camera(  715): <MCT   ><ERROR> 2759: mct_stream_process_bus_msg: kstate_ptr is 0xe4adf254, isp_kstate_ptr is 0xe8854000
06-03 20:39:22.734 E/mm-camera(  715): <MCT   ><ERROR> 2765: mct_stream_process_bus_msg: frame_id is 83
06-03 20:39:22.735 E/QCamera (  715): <MCI><ERROR> mm_stream_data_notify: 337: E, my_handle = 0x2200, fd = 67, state = 6 blackjoe
06-03 20:39:22.735 I/QCamera (  715): <MCI><INFO> mm_stream_dispatch_app_data: 415: E, my_handle = 0x2301, fd = 78, state = 6
06-03 20:39:22.735 E/QCamera (  715): <MCI><ERROR> mm_stream_read_msm_frame: 1723: E, my_handle = 0x2200, fd = 67, state = 6 blackjoe
06-03 20:39:22.735 I/QCamera (  715): <MCI><INFO> mm_stream_dispatch_app_data: 436: frame_sync.is_active = 0, is_cb_active = 1
06-03 20:39:22.735 I/QCamera (  715): <MCI><INFO> mm_stream_dispatch_app_data: 457: Enter callback by blackjoe
06-03 20:39:22.735 I/QCamera (  715): <MCI><INFO> mm_stream_read_msm_frame: 1770: VIDIOC_DQBUF buf_index 10, frame_idx 82, stream type 7, rc 0,queued: 17, buf_type = 0 flags = 8192 FD = 67 my_num 0 buf fd 102
06-03 20:39:22.735 E/QCamera (  715): <MCI><ERROR> mm_stream_read_msm_frame: 1790: X rc = 0
06-03 20:39:22.736 I/QCamera (  715): <MCI><INFO> mm_stream_handle_rcvd_buf: 220: E, my_handle = 0x2200, fd = 67, state = 6
06-03 20:39:22.736 I/QCamera (  715): <MCI><INFO> mm_stream_handle_rcvd_buf: 244: has cb and it is active by blackjoe
06-03 20:39:22.736 I/QCamera (  715): <MCI><INFO> mm_stream_dispatch_app_data: 415: E, my_handle = 0x2200, fd = 67, state = 6
06-03 20:39:22.736 I/QCamera (  715): <MCI><INFO> mm_stream_dispatch_app_data: 436: frame_sync.is_active = 0, is_cb_active = 1
06-03 20:39:22.736 E/mm-camera(  715): <STATS_AIS ><ERROR> 1316: dsps_process_response_gyro: Query request denied, error code = 5, QId_valid = 1, QueryId = 0x530a, AckNak_valid = 1, AckNak = 3
06-03 20:39:22.736 I/QCamera (  715): <MCI><INFO> mm_stream_dispatch_app_data: 457: Enter callback by blackjoe
06-03 20:39:22.743 E/mm-camera(  715): <MCT   ><ERROR> 4828: mct_pipeline_process_serv_msg: pipeline blackjoe data->sessionid 3 pipeline->session 3 msgid 3
06-03 20:39:22.743 E/mm-camera(  715): <MCT   ><ERROR> 4299: mct_pipeline_process_set: command is 0x8000014 blackjoe CAM_PRIV_PARM 0x8000014
06-03 20:39:22.762 E/        (    0): frame_src is 1 frame_id is 84 blackjoe
06-03 20:39:22.751 E/QCamera (  715): <MCI><ERROR> mm_stream_data_notify: 337: E, my_handle = 0x2301, fd = 78, state = 6 blackjoe
06-03 20:39:22.751 E/QCamera (  715): <MCI><ERROR> mm_stream_read_msm_frame: 1723: E, my_handle = 0x2301, fd = 78, state = 6 blackjoe
06-03 20:39:22.752 I/QCamera (  715): <MCI><INFO> mm_stream_read_msm_frame: 1770: VIDIOC_DQBUF buf_index 8, frame_idx 83, stream type 8, rc 0,queued: 5, buf_type = 0 flags = 8192 FD = 78 my_num 0 buf fd 134
06-03 20:39:22.752 E/QCamera (  715): <MCI><ERROR> mm_stream_read_msm_frame: 1790: X rc = 0
06-03 20:39:22.752 I/QCamera (  715): <MCI><INFO> mm_stream_handle_rcvd_buf: 220: E, my_handle = 0x2301, fd = 78, state = 6
06-03 20:39:22.752 I/QCamera (  715): <MCI><INFO> mm_stream_handle_rcvd_buf: 244: has cb and it is active by blackjoe
06-03 20:39:22.752 I/QCamera (  715): <MCI><INFO> mm_stream_dispatch_app_data: 415: E, my_handle = 0x2301, fd = 78, state = 6
06-03 20:39:22.753 I/QCamera (  715): <MCI><INFO> mm_stream_dispatch_app_data: 436: frame_sync.is_active = 0, is_cb_active = 1
06-03 20:39:22.753 I/QCamera (  715): <MCI><INFO> mm_stream_dispatch_app_data: 457: Enter callback by blackjoe
06-03 20:39:22.753 E/mm-camera(  715): <SENSOR><ERROR> 4883: sensor_get_frame_duration: resolution is invalid, it seems stream has stopped.
06-03 20:39:22.753 E/mm-camera(  715): <SENSOR><ERROR> 884: sensor_fc_report_meta: Failed to get frame duration
06-03 20:39:22.753 E/mm-camera(  715): <SENSOR><ERROR> 4805: sensor_get_exposure_time: resolution is invalid, it seems stream has stopped.
06-03 20:39:22.753 E/mm-camera(  715): <SENSOR><ERROR> 904: sensor_fc_report_meta: Failed to get exposure time
06-03 20:39:22.754 E/mm-camera(  715): <MCT   ><ERROR> 2722: mct_stream_process_bus_msg: Check the runing function blackjoe 
06-03 20:39:22.755 E/mm-camera(  715): <MCT   ><ERROR> 2755: mct_stream_process_bus_msg: isp_sof_bus_msg is 0xe78400a0
06-03 20:39:22.755 E/mm-camera(  715): <MCT   ><ERROR> 2757: mct_stream_process_bus_msg: frameid is 84 hal_version is 3
06-03 20:39:22.755 E/mm-camera(  715): <MCT   ><ERROR> 2759: mct_stream_process_bus_msg: kstate_ptr is 0xe4adf254, isp_kstate_ptr is 0xe8854000
06-03 20:39:22.755 E/mm-camera(  715): <MCT   ><ERROR> 2765: mct_stream_process_bus_msg: frame_id is 84
06-03 20:39:22.756 E/QCamera (  715): <MCI><ERROR> mm_stream_data_notify: 337: E, my_handle = 0x2200, fd = 67, state = 6 blackjoe
06-03 20:39:22.756 E/QCamera (  715): <MCI><ERROR> mm_stream_read_msm_frame: 1723: E, my_handle = 0x2200, fd = 67, state = 6 blackjoe
06-03 20:39:22.756 I/QCamera (  715): <MCI><INFO> mm_stream_read_msm_frame: 1770: VIDIOC_DQBUF buf_index 11, frame_idx 83, stream type 7, rc 0,queued: 17, buf_type = 0 flags = 8192 FD = 67 my_num 0 buf fd 104
06-03 20:39:22.756 E/QCamera (  715): <MCI><ERROR> mm_stream_read_msm_frame: 1790: X rc = 0
06-03 20:39:22.756 I/QCamera (  715): <MCI><INFO> mm_stream_handle_rcvd_buf: 220: E, my_handle = 0x2200, fd = 67, state = 6
06-03 20:39:22.757 I/QCamera (  715): <MCI><INFO> mm_stream_handle_rcvd_buf: 244: has cb and it is active by blackjoe
06-03 20:39:22.757 E/mm-camera(  715): <STATS_AIS ><ERROR> 1316: dsps_process_response_gyro: Query request denied, error code = 5, QId_valid = 1, QueryId = 0x540a, AckNak_valid = 1, AckNak = 3
06-03 20:39:22.757 I/QCamera (  715): <MCI><INFO> mm_stream_dispatch_app_data: 415: E, my_handle = 0x2200, fd = 67, state = 6
06-03 20:39:22.757 I/QCamera (  715): <MCI><INFO> mm_stream_dispatch_app_data: 436: frame_sync.is_active = 0, is_cb_active = 1
06-03 20:39:22.757 I/QCamera (  715): <MCI><INFO> mm_stream_dispatch_app_data: 457: Enter callback by blackjoe
06-03 20:39:22.763 E/mm-camera(  715): <MCT   ><ERROR> 4828: mct_pipeline_process_serv_msg: pipeline blackjoe data->sessionid 3 pipeline->session 3 msgid 3
06-03 20:39:22.764 E/mm-camera(  715): <MCT   ><ERROR> 4299: mct_pipeline_process_set: command is 0x8000014 blackjoe CAM_PRIV_PARM 0x8000014
06-03 20:39:22.781 E/        (    0): frame_src is 1 frame_id is 85 blackjoe
06-03 20:39:22.771 E/mm-camera(  715): <SENSOR><ERROR> 4883: sensor_get_frame_duration: resolution is invalid, it seems stream has stopped.
