06-03 20:53:49.168 E/QCamera (  715): <MCI><ERROR> cancelBuffer: 884: Calling cancel buf on idx:10 for stream type:8
06-03 20:53:49.169 E/QCamera (  715): <MCI><ERROR> mm_stream_cancel_buf: 5125: Error Trying to extract a frame already sent to HAL(idx=10) count=1
06-03 20:53:49.169 E/QCamera (  715): <MCI><ERROR> cancelBuffer: 884: Calling cancel buf on idx:6 for stream type:8
06-03 20:53:49.170 E/QCamera (  715): <MCI><ERROR> mm_stream_cancel_buf: 5125: Error Trying to extract a frame already sent to HAL(idx=6) count=1
06-03 20:53:49.170 E/QCamera (  715): <MCI><ERROR> cancelBuffer: 884: Calling cancel buf on idx:7 for stream type:8
06-03 20:53:49.170 E/QCamera (  715): <MCI><ERROR> mm_stream_cancel_buf: 5125: Error Trying to extract a frame already sent to HAL(idx=7) count=1
06-03 20:53:49.170 E/QCamera (  715): <MCI><ERROR> cancelBuffer: 884: Calling cancel buf on idx:11 for stream type:8
06-03 20:53:49.170 E/QCamera (  715): <MCI><ERROR> mm_stream_cancel_buf: 5125: Error Trying to extract a frame already sent to HAL(idx=11) count=1
06-03 20:53:49.170 E/QCamera (  715): <MCI><ERROR> cancelBuffer: 884: Calling cancel buf on idx:8 for stream type:8
06-03 20:53:49.170 E/QCamera (  715): <MCI><ERROR> mm_stream_cancel_buf: 5125: Error Trying to extract a frame already sent to HAL(idx=8) count=1
06-03 20:53:49.179 E/mm-camera(  715): <SENSOR><ERROR> 4883: sensor_get_frame_duration: resolution is invalid, it seems stream has stopped.
06-03 20:53:49.180 E/mm-camera(  715): <SENSOR><ERROR> 884: sensor_fc_report_meta: Failed to get frame duration
06-03 20:53:49.180 E/mm-camera(  715): <SENSOR><ERROR> 4805: sensor_get_exposure_time: resolution is invalid, it seems stream has stopped.
06-03 20:53:49.180 E/mm-camera(  715): <SENSOR><ERROR> 904: sensor_fc_report_meta: Failed to get exposure time
06-03 20:53:49.181 E/mm-camera(  715): <MCT   ><ERROR> 2722: mct_stream_process_bus_msg: Check the runing function blackjoe 
06-03 20:53:49.181 E/mm-camera(  715): <MCT   ><ERROR> 2755: mct_stream_process_bus_msg: isp_sof_bus_msg is 0xe7840c70
06-03 20:53:49.181 E/mm-camera(  715): <MCT   ><ERROR> 2757: mct_stream_process_bus_msg: frameid is 1689 hal_version is 3
06-03 20:53:49.181 E/mm-camera(  715): <MCT   ><ERROR> 2759: mct_stream_process_bus_msg: kstate_ptr is 0xe4adf254, isp_kstate_ptr is 0xe8854000
06-03 20:53:49.182 E/mm-camera(  715): <MCT   ><ERROR> 2765: mct_stream_process_bus_msg: frame_id is 1689
06-03 20:53:49.190 E/        (    0): frame_src is 1 frame_id is 1689 blackjoe
06-03 20:53:49.183 E/QCamera (  715): <MCI><ERROR> mm_stream_data_notify: 337: E, my_handle = 0x5200, fd = 67, state = 6 blackjoe
06-03 20:53:49.183 E/QCamera (  715): <MCI><ERROR> mm_stream_read_msm_frame: 1723: E, my_handle = 0x5200, fd = 67, state = 6 blackjoe
06-03 20:53:49.183 I/QCamera (  715): <MCI><INFO> mm_stream_read_msm_frame: 1770: VIDIOC_DQBUF buf_index 14, frame_idx 1688, stream type 7, rc 0,queued: 17, buf_type = 0 flags = 8192 FD = 67 my_num 0 buf fd 110
06-03 20:53:49.183 E/QCamera (  715): <MCI><ERROR> mm_stream_read_msm_frame: 1790: X rc = 0
06-03 20:53:49.184 I/QCamera (  715): <MCI><INFO> mm_stream_handle_rcvd_buf: 220: E, my_handle = 0x5200, fd = 67, state = 6
06-03 20:53:49.184 I/QCamera (  715): <MCI><INFO> mm_stream_handle_rcvd_buf: 244: has cb and it is active by blackjoe
06-03 20:53:49.184 I/QCamera (  715): <MCI><INFO> mm_stream_dispatch_app_data: 415: E, my_handle = 0x5200, fd = 67, state = 6
06-03 20:53:49.184 I/QCamera (  715): <MCI><INFO> mm_stream_dispatch_app_data: 436: frame_sync.is_active = 0, is_cb_active = 1
06-03 20:53:49.184 I/QCamera (  715): <MCI><INFO> mm_stream_dispatch_app_data: 457: Enter callback by blackjoe
06-03 20:53:49.184 E/QCamera (  715): <HAL><ERROR> handleMetadataWithLock: 4863: Cancel missing frame = 5030, buffer = 0xe8693340,stream type = 8, stream format = 36
06-03 20:53:49.185 E/QCamera (  715): <HAL><ERROR> handleMetadataWithLock: 4863: Cancel missing frame = 5031, buffer = 0xe8698800,stream type = 8, stream format = 36
06-03 20:53:49.185 E/QCamera (  715): <MCI><ERROR> cancelBuffer: 884: Calling cancel buf on idx:9 for stream type:8
06-03 20:53:49.185 E/QCamera (  715): <HAL><ERROR> handleMetadataWithLock: 4863: Cancel missing frame = 5032, buffer = 0xe8693790,stream type = 8, stream format = 36
06-03 20:53:49.185 E/QCamera (  715): <MCI><ERROR> mm_stream_cancel_buf: 5156: mm_stream_cancel_buf(idx=9) err=-1
06-03 20:53:49.185 E/QCamera (  715): <HAL><ERROR> handleMetadataWithLock: 4863: Cancel missing frame = 5033, buffer = 0xe86965e0,stream type = 8, stream format = 36
06-03 20:53:49.185 E/QCamera (  715): <MCI><ERROR> cancelBuffer: 884: Calling cancel buf on idx:10 for stream type:8
06-03 20:53:49.185 E/QCamera (  715): <HAL><ERROR> handleMetadataWithLock: 4863: Cancel missing frame = 5034, buffer = 0xe8691540,stream type = 8, stream format = 36
06-03 20:53:49.185 E/QCamera (  715): <MCI><ERROR> mm_stream_cancel_buf: 5125: Error Trying to extract a frame already sent to HAL(idx=10) count=1
06-03 20:53:49.185 E/QCamera (  715): <HAL><ERROR> handleMetadataWithLock: 4863: Cancel missing frame = 5035, buffer = 0xe8697810,stream type = 8, stream format = 36
06-03 20:53:49.185 E/QCamera (  715): <MCI><ERROR> cancelBuffer: 884: Calling cancel buf on idx:6 for stream type:8
06-03 20:53:49.185 E/QCamera (  715): <MCI><ERROR> mm_stream_cancel_buf: 5125: Error Trying to extract a frame already sent to HAL(idx=6) count=1
06-03 20:53:49.186 E/QCamera (  715): <MCI><ERROR> cancelBuffer: 884: Calling cancel buf on idx:7 for stream type:8
06-03 20:53:49.186 E/QCamera (  715): <MCI><ERROR> mm_stream_cancel_buf: 5125: Error Trying to extract a frame already sent to HAL(idx=7) count=1
06-03 20:53:49.186 E/QCamera (  715): <MCI><ERROR> cancelBuffer: 884: Calling cancel buf on idx:11 for stream type:8
06-03 20:53:49.186 E/QCamera (  715): <MCI><ERROR> mm_stream_cancel_buf: 5125: Error Trying to extract a frame already sent to HAL(idx=11) count=1
06-03 20:53:49.186 E/QCamera (  715): <MCI><ERROR> cancelBuffer: 884: Calling cancel buf on idx:8 for stream type:8
06-03 20:53:49.186 E/mm-camera(  715): <STATS_AIS ><ERROR> 1316: dsps_process_response_gyro: Query request denied, error code = 5, QId_valid = 1, QueryId = 0x990a, AckNak_valid = 1, AckNak = 3
06-03 20:53:49.186 E/QCamera (  715): <MCI><ERROR> mm_stream_cancel_buf: 5125: Error Trying to extract a frame already sent to HAL(idx=8) count=1
06-03 20:53:49.194 I/IRQ 6   (    0): no longer affine to CPU4
06-03 20:53:49.258 E/        (    0): frame_src is 1 frame_id is 1690 blackjoe
06-03 20:53:49.248 E/mm-camera(  715): <SENSOR><ERROR> 4883: sensor_get_frame_duration: resolution is invalid, it seems stream has stopped.
06-03 20:53:49.248 E/mm-camera(  715): <SENSOR><ERROR> 884: sensor_fc_report_meta: Failed to get frame duration
06-03 20:53:49.249 E/mm-camera(  715): <SENSOR><ERROR> 4805: sensor_get_exposure_time: resolution is invalid, it seems stream has stopped.
06-03 20:53:49.249 E/mm-camera(  715): <SENSOR><ERROR> 904: sensor_fc_report_meta: Failed to get exposure time
06-03 20:53:49.250 E/mm-camera(  715): <MCT   ><ERROR> 2722: mct_stream_process_bus_msg: Check the runing function blackjoe 
06-03 20:53:49.255 E/mm-camera(  715): <STATS_AIS ><ERROR> 1316: dsps_process_response_gyro: Query request denied, error code = 5, QId_valid = 1, QueryId = 0x9a0a, AckNak_valid = 1, AckNak = 3
06-03 20:53:49.251 E/mm-camera(  715): <MCT   ><ERROR> 2755: mct_stream_process_bus_msg: isp_sof_bus_msg is 0xe7841e70
06-03 20:53:49.256 E/mm-camera(  715): <MCT   ><ERROR> 2757: mct_stream_process_bus_msg: frameid is 1690 hal_version is 3
06-03 20:53:49.256 E/mm-camera(  715): <MCT   ><ERROR> 2759: mct_stream_process_bus_msg: kstate_ptr is 0xe4adf254, isp_kstate_ptr is 0xe8854000
06-03 20:53:49.257 E/mm-camera(  715): <MCT   ><ERROR> 2765: mct_stream_process_bus_msg: frame_id is 1690
06-03 20:53:49.257 E/QCamera (  715): <MCI><ERROR> mm_stream_data_notify: 337: E, my_handle = 0x5200, fd = 67, state = 6 blackjoe
06-03 20:53:49.257 E/QCamera (  715): <MCI><ERROR> mm_stream_read_msm_frame: 1723: E, my_handle = 0x5200, fd = 67, state = 6 blackjoe
06-03 20:53:49.259 I/QCamera (  715): <MCI><INFO> mm_stream_read_msm_frame: 1770: VIDIOC_DQBUF buf_index 15, frame_idx 1689, stream type 7, rc 0,queued: 17, buf_type = 0 flags = 8192 FD = 67 my_num 0 buf fd 112
06-03 20:53:49.259 E/QCamera (  715): <MCI><ERROR> mm_stream_read_msm_frame: 1790: X rc = 0
06-03 20:53:49.259 I/QCamera (  715): <MCI><INFO> mm_stream_handle_rcvd_buf: 220: E, my_handle = 0x5200, fd = 67, state = 6
06-03 20:53:49.260 I/QCamera (  715): <MCI><INFO> mm_stream_handle_rcvd_buf: 244: has cb and it is active by blackjoe
06-03 20:53:49.260 I/QCamera (  715): <MCI><INFO> mm_stream_dispatch_app_data: 415: E, my_handle = 0x5200, fd = 67, state = 6
06-03 20:53:49.260 I/QCamera (  715): <MCI><INFO> mm_stream_dispatch_app_data: 436: frame_sync.is_active = 0, is_cb_active = 1
06-03 20:53:49.261 I/QCamera (  715): <MCI><INFO> mm_stream_dispatch_app_data: 457: Enter callback by blackjoe
06-03 20:53:49.261 E/QCamera (  715): <HAL><ERROR> handleMetadataWithLock: 4863: Cancel missing frame = 5030, buffer = 0xe8693340,stream type = 8, stream format = 36
06-03 20:53:49.262 E/QCamera (  715): <HAL><ERROR> handleMetadataWithLock: 4863: Cancel missing frame = 5031, buffer = 0xe8698800,stream type = 8, stream format = 36
06-03 20:53:49.262 E/QCamera (  715): <MCI><ERROR> cancelBuffer: 884: Calling cancel buf on idx:9 for stream type:8
06-03 20:53:49.262 E/QCamera (  715): <HAL><ERROR> handleMetadataWithLock: 4863: Cancel missing frame = 5032, buffer = 0xe8693790,stream type = 8, stream format = 36
06-03 20:53:49.262 E/QCamera (  715): <MCI><ERROR> mm_stream_cancel_buf: 5156: mm_stream_cancel_buf(idx=9) err=-1
06-03 20:53:49.262 E/QCamera (  715): <HAL><ERROR> handleMetadataWithLock: 4863: Cancel missing frame = 5033, buffer = 0xe86965e0,stream type = 8, stream format = 36
06-03 20:53:49.263 E/QCamera (  715): <MCI><ERROR> cancelBuffer: 884: Calling cancel buf on idx:10 for stream type:8
06-03 20:53:49.263 E/QCamera (  715): <HAL><ERROR> handleMetadataWithLock: 4863: Cancel missing frame = 5034, buffer = 0xe8691540,stream type = 8, stream format = 36
06-03 20:53:49.263 E/QCamera (  715): <MCI><ERROR> mm_stream_cancel_buf: 5125: Error Trying to extract a frame already sent to HAL(idx=10) count=1
06-03 20:53:49.263 E/QCamera (  715): <HAL><ERROR> handleMetadataWithLock: 4863: Cancel missing frame = 5035, buffer = 0xe8697810,stream type = 8, stream format = 36
06-03 20:53:49.263 E/QCamera (  715): <MCI><ERROR> cancelBuffer: 884: Calling cancel buf on idx:6 for stream type:8
06-03 20:53:49.263 E/QCamera (  715): <MCI><ERROR> mm_stream_cancel_buf: 5125: Error Trying to extract a frame already sent to HAL(idx=6) count=1
06-03 20:53:49.264 E/QCamera (  715): <MCI><ERROR> cancelBuffer: 884: Calling cancel buf on idx:7 for stream type:8
06-03 20:53:49.264 E/QCamera (  715): <MCI><ERROR> mm_stream_cancel_buf: 5125: Error Trying to extract a frame already sent to HAL(idx=7) count=1
06-03 20:53:49.264 E/QCamera (  715): <MCI><ERROR> cancelBuffer: 884: Calling cancel buf on idx:11 for stream type:8
06-03 20:53:49.265 E/QCamera (  715): <MCI><ERROR> mm_stream_cancel_buf: 5125: Error Trying to extract a frame already sent to HAL(idx=11) count=1
06-03 20:53:49.265 E/QCamera (  715): <MCI><ERROR> cancelBuffer: 884: Calling cancel buf on idx:8 for stream type:8
06-03 20:53:49.265 E/QCamera (  715): <MCI><ERROR> mm_stream_cancel_buf: 5125: Error Trying to extract a frame already sent to HAL(idx=8) count=1
06-03 20:53:49.292 E/        (    0): frame_src is 1 frame_id is 1691 blackjoe
06-03 20:53:49.283 E/mm-camera(  715): <SENSOR><ERROR> 4883: sensor_get_frame_duration: resolution is invalid, it seems stream has stopped.
06-03 20:53:49.294 D/logd    (    0): logdr: UID=0 GID=0 PID=10578 n tail=0 logMask=99 pid=0 start=0ns timeout=0ns
06-03 20:53:49.283 E/mm-camera(  715): <SENSOR><ERROR> 884: sensor_fc_report_meta: Failed to get frame duration
06-03 20:53:49.327 E/        (    0): frame_src is 1 frame_id is 1692 blackjoe
06-03 20:53:49.283 E/mm-camera(  715): <SENSOR><ERROR> 4805: sensor_get_exposure_time: resolution is invalid, it seems stream has stopped.
06-03 20:53:49.284 E/mm-camera(  715): <SENSOR><ERROR> 904: sensor_fc_report_meta: Failed to get exposure time
06-03 20:53:49.285 E/mm-camera(  715): <MCT   ><ERROR> 2722: mct_stream_process_bus_msg: Check the runing function blackjoe 
06-03 20:53:49.285 E/mm-camera(  715): <MCT   ><ERROR> 2755: mct_stream_process_bus_msg: isp_sof_bus_msg is 0xe7840640
06-03 20:53:49.285 E/mm-camera(  715): <MCT   ><ERROR> 2757: mct_stream_process_bus_msg: frameid is 1691 hal_version is 3
06-03 20:53:49.285 E/mm-camera(  715): <MCT   ><ERROR> 2759: mct_stream_process_bus_msg: kstate_ptr is 0xe4adf254, isp_kstate_ptr is 0xe8854000
06-03 20:53:49.285 E/mm-camera(  715): <MCT   ><ERROR> 2765: mct_stream_process_bus_msg: frame_id is 1691
06-03 20:53:49.286 E/QCamera (  715): <MCI><ERROR> mm_stream_data_notify: 337: E, my_handle = 0x5200, fd = 67, state = 6 blackjoe
06-03 20:53:49.286 E/QCamera (  715): <MCI><ERROR> mm_stream_read_msm_frame: 1723: E, my_handle = 0x5200, fd = 67, state = 6 blackjoe
06-03 20:53:49.287 I/QCamera (  715): <MCI><INFO> mm_stream_read_msm_frame: 1770: VIDIOC_DQBUF buf_index 16, frame_idx 1690, stream type 7, rc 0,queued: 17, buf_type = 0 flags = 8192 FD = 67 my_num 0 buf fd 114
06-03 20:53:49.287 E/QCamera (  715): <MCI><ERROR> mm_stream_read_msm_frame: 1790: X rc = 0
06-03 20:53:49.287 I/QCamera (  715): <MCI><INFO> mm_stream_handle_rcvd_buf: 220: E, my_handle = 0x5200, fd = 67, state = 6
06-03 20:53:49.288 I/QCamera (  715): <MCI><INFO> mm_stream_handle_rcvd_buf: 244: has cb and it is active by blackjoe
06-03 20:53:49.288 I/QCamera (  715): <MCI><INFO> mm_stream_dispatch_app_data: 415: E, my_handle = 0x5200, fd = 67, state = 6
06-03 20:53:49.288 I/QCamera (  715): <MCI><INFO> mm_stream_dispatch_app_data: 436: frame_sync.is_active = 0, is_cb_active = 1
06-03 20:53:49.288 I/QCamera (  715): <MCI><INFO> mm_stream_dispatch_app_data: 457: Enter callback by blackjoe
06-03 20:53:49.289 E/QCamera (  715): <HAL><ERROR> handleMetadataWithLock: 4863: Cancel missing frame = 5030, buffer = 0xe8693340,stream type = 8, stream format = 36
06-03 20:53:49.289 E/QCamera (  715): <HAL><ERROR> handleMetadataWithLock: 4863: Cancel missing frame = 5031, buffer = 0xe8698800,stream type = 8, stream format = 36
06-03 20:53:49.289 E/QCamera (  715): <MCI><ERROR> cancelBuffer: 884: Calling cancel buf on idx:9 for stream type:8
06-03 20:53:49.289 E/QCamera (  715): <HAL><ERROR> handleMetadataWithLock: 4863: Cancel missing frame = 5032, buffer = 0xe8693790,stream type = 8, stream format = 36
06-03 20:53:49.289 E/QCamera (  715): <MCI><ERROR> mm_stream_cancel_buf: 5156: mm_stream_cancel_buf(idx=9) err=-1
06-03 20:53:49.289 E/QCamera (  715): <HAL><ERROR> handleMetadataWithLock: 4863: Cancel missing frame = 5033, buffer = 0xe86965e0,stream type = 8, stream format = 36
06-03 20:53:49.290 E/QCamera (  715): <MCI><ERROR> cancelBuffer: 884: Calling cancel buf on idx:10 for stream type:8
06-03 20:53:49.290 E/QCamera (  715): <HAL><ERROR> handleMetadataWithLock: 4863: Cancel missing frame = 5034, buffer = 0xe8691540,stream type = 8, stream format = 36
06-03 20:53:49.290 E/QCamera (  715): <MCI><ERROR> mm_stream_cancel_buf: 5125: Error Trying to extract a frame already sent to HAL(idx=10) count=1
06-03 20:53:49.290 E/QCamera (  715): <HAL><ERROR> handleMetadataWithLock: 4863: Cancel missing frame = 5035, buffer = 0xe8697810,stream type = 8, stream format = 36
06-03 20:53:49.290 E/QCamera (  715): <MCI><ERROR> cancelBuffer: 884: Calling cancel buf on idx:6 for stream type:8
06-03 20:53:49.290 E/QCamera (  715): <MCI><ERROR> mm_stream_cancel_buf: 5125: Error Trying to extract a frame already sent to HAL(idx=6) count=1
06-03 20:53:49.290 E/QCamera (  715): <MCI><ERROR> cancelBuffer: 884: Calling cancel buf on idx:7 for stream type:8
06-03 20:53:49.290 E/QCamera (  715): <MCI><ERROR> mm_stream_cancel_buf: 5125: Error Trying to extract a frame already sent to HAL(idx=7) count=1
06-03 20:53:49.291 E/QCamera (  715): <MCI><ERROR> cancelBuffer: 884: Calling cancel buf on idx:11 for stream type:8
06-03 20:53:49.291 E/QCamera (  715): <MCI><ERROR> mm_stream_cancel_buf: 5125: Error Trying to extract a frame already sent to HAL(idx=11) count=1
06-03 20:53:49.291 E/mm-camera(  715): <STATS_AIS ><ERROR> 1316: dsps_process_response_gyro: Query request denied, error code = 5, QId_valid = 1, QueryId = 0x9b0a, AckNak_valid = 1, AckNak = 3
06-03 20:53:49.291 E/QCamera (  715): <MCI><ERROR> cancelBuffer: 884: Calling cancel buf on idx:8 for stream type:8
06-03 20:53:49.291 E/QCamera (  715): <MCI><ERROR> mm_stream_cancel_buf: 5125: Error Trying to extract a frame already sent to HAL(idx=8) count=1
06-03 20:53:49.317 E/mm-camera(  715): <SENSOR><ERROR> 4883: sensor_get_frame_duration: resolution is invalid, it seems stream has stopped.
06-03 20:53:49.317 E/mm-camera(  715): <SENSOR><ERROR> 884: sensor_fc_report_meta: Failed to get frame duration
06-03 20:53:49.317 E/mm-camera(  715): <SENSOR><ERROR> 4805: sensor_get_exposure_time: resolution is invalid, it seems stream has stopped.
06-03 20:53:49.317 E/mm-camera(  715): <SENSOR><ERROR> 904: sensor_fc_report_meta: Failed to get exposure time
06-03 20:53:49.318 E/mm-camera(  715): <MCT   ><ERROR> 2722: mct_stream_process_bus_msg: Check the runing function blackjoe 
06-03 20:53:49.319 E/mm-camera(  715): <MCT   ><ERROR> 2755: mct_stream_process_bus_msg: isp_sof_bus_msg is 0xe7840400
06-03 20:53:49.319 E/mm-camera(  715): <MCT   ><ERROR> 2757: mct_stream_process_bus_msg: frameid is 1692 hal_version is 3
06-03 20:53:49.319 E/mm-camera(  715): <MCT   ><ERROR> 2759: mct_stream_process_bus_msg: kstate_ptr is 0xe4adf254, isp_kstate_ptr is 0xe8854000
06-03 20:53:49.319 E/mm-camera(  715): <MCT   ><ERROR> 2765: mct_stream_process_bus_msg: frame_id is 1692
06-03 20:53:49.319 E/QCamera (  715): <MCI><ERROR> mm_stream_data_notify: 337: E, my_handle = 0x5200, fd = 67, state = 6 blackjoe
06-03 20:53:49.320 E/QCamera (  715): <MCI><ERROR> mm_stream_read_msm_frame: 1723: E, my_handle = 0x5200, fd = 67, state = 6 blackjoe
06-03 20:53:49.320 I/QCamera (  715): <MCI><INFO> mm_stream_read_msm_frame: 1770: VIDIOC_DQBUF buf_index 17, frame_idx 1691, stream type 7, rc 0,queued: 17, buf_type = 0 flags = 8192 FD = 67 my_num 0 buf fd 116
06-03 20:53:49.320 E/QCamera (  715): <MCI><ERROR> mm_stream_read_msm_frame: 1790: X rc = 0
06-03 20:53:49.321 I/QCamera (  715): <MCI><INFO> mm_stream_handle_rcvd_buf: 220: E, my_handle = 0x5200, fd = 67, state = 6
06-03 20:53:49.321 I/QCamera (  715): <MCI><INFO> mm_stream_handle_rcvd_buf: 244: has cb and it is active by blackjoe
06-03 20:53:49.321 I/QCamera (  715): <MCI><INFO> mm_stream_dispatch_app_data: 415: E, my_handle = 0x5200, fd = 67, state = 6
06-03 20:53:49.321 I/QCamera (  715): <MCI><INFO> mm_stream_dispatch_app_data: 436: frame_sync.is_active = 0, is_cb_active = 1
06-03 20:53:49.322 I/QCamera (  715): <MCI><INFO> mm_stream_dispatch_app_data: 457: Enter callback by blackjoe
06-03 20:53:49.322 E/QCamera (  715): <HAL><ERROR> handleMetadataWithLock: 4863: Cancel missing frame = 5030, buffer = 0xe8693340,stream type = 8, stream format = 36
06-03 20:53:49.323 E/QCamera (  715): <HAL><ERROR> handleMetadataWithLock: 4863: Cancel missing frame = 5031, buffer = 0xe8698800,stream type = 8, stream format = 36
06-03 20:53:49.323 E/QCamera (  715): <HAL><ERROR> handleMetadataWithLock: 4863: Cancel missing frame = 5032, buffer = 0xe8693790,stream type = 8, stream format = 36
06-03 20:53:49.323 E/QCamera (  715): <MCI><ERROR> cancelBuffer: 884: Calling cancel buf on idx:9 for stream type:8
06-03 20:53:49.323 E/QCamera (  715): <HAL><ERROR> handleMetadataWithLock: 4863: Cancel missing frame = 5033, buffer = 0xe86965e0,stream type = 8, stream format = 36
06-03 20:53:49.323 E/QCamera (  715): <MCI><ERROR> mm_stream_cancel_buf: 5156: mm_stream_cancel_buf(idx=9) err=-1
06-03 20:53:49.323 E/QCamera (  715): <HAL><ERROR> handleMetadataWithLock: 4863: Cancel missing frame = 5034, buffer = 0xe8691540,stream type = 8, stream format = 36
06-03 20:53:49.323 E/QCamera (  715): <MCI><ERROR> cancelBuffer: 884: Calling cancel buf on idx:10 for stream type:8
06-03 20:53:49.323 E/QCamera (  715): <HAL><ERROR> handleMetadataWithLock: 4863: Cancel missing frame = 5035, buffer = 0xe8697810,stream type = 8, stream format = 36
06-03 20:53:49.323 E/QCamera (  715): <MCI><ERROR> mm_stream_cancel_buf: 5125: Error Trying to extract a frame already sent to HAL(idx=10) count=1
06-03 20:53:49.323 E/QCamera (  715): <MCI><ERROR> cancelBuffer: 884: Calling cancel buf on idx:6 for stream type:8
06-03 20:53:49.324 E/QCamera (  715): <MCI><ERROR> mm_stream_cancel_buf: 5125: Error Trying to extract a frame already sent to HAL(idx=6) count=1
06-03 20:53:49.324 E/QCamera (  715): <MCI><ERROR> cancelBuffer: 884: Calling cancel buf on idx:7 for stream type:8
06-03 20:53:49.324 E/QCamera (  715): <MCI><ERROR> mm_stream_cancel_buf: 5125: Error Trying to extract a frame already sent to HAL(idx=7) count=1
06-03 20:53:49.324 E/QCamera (  715): <MCI><ERROR> cancelBuffer: 884: Calling cancel buf on idx:11 for stream type:8
06-03 20:53:49.324 E/QCamera (  715): <MCI><ERROR> mm_stream_cancel_buf: 5125: Error Trying to extract a frame already sent to HAL(idx=11) count=1
06-03 20:53:49.324 E/QCamera (  715): <MCI><ERROR> cancelBuffer: 884: Calling cancel buf on idx:8 for stream type:8
06-03 20:53:49.324 E/mm-camera(  715): <STATS_AIS ><ERROR> 1316: dsps_process_response_gyro: Query request denied, error code = 5, QId_valid = 1, QueryId = 0x9c0a, AckNak_valid = 1, AckNak = 3
06-03 20:53:49.324 E/QCamera (  715): <MCI><ERROR> mm_stream_cancel_buf: 5125: Error Trying to extract a frame already sent to HAL(idx=8) count=1
06-03 20:53:49.410 E/        (    0): frame_src is 1 frame_id is 1693 blackjoe
06-03 20:53:49.400 E/mm-camera(  715): <SENSOR><ERROR> 4883: sensor_get_frame_duration: resolution is invalid, it seems stream has stopped.
06-03 20:53:49.400 E/mm-camera(  715): <SENSOR><ERROR> 884: sensor_fc_report_meta: Failed to get frame duration
06-03 20:53:49.400 E/mm-camera(  715): <SENSOR><ERROR> 4805: sensor_get_exposure_time: resolution is invalid, it seems stream has stopped.
06-03 20:53:49.400 E/mm-camera(  715): <SENSOR><ERROR> 904: sensor_fc_report_meta: Failed to get exposure time
06-03 20:53:49.402 E/mm-camera(  715): <MCT   ><ERROR> 2722: mct_stream_process_bus_msg: Check the runing function blackjoe 
06-03 20:53:49.402 E/mm-camera(  715): <MCT   ><ERROR> 2755: mct_stream_process_bus_msg: isp_sof_bus_msg is 0xe7840eb0
06-03 20:53:49.402 E/mm-camera(  715): <MCT   ><ERROR> 2757: mct_stream_process_bus_msg: frameid is 1693 hal_version is 3
06-03 20:53:49.402 E/mm-camera(  715): <MCT   ><ERROR> 2759: mct_stream_process_bus_msg: kstate_ptr is 0xe4adf254, isp_kstate_ptr is 0xe8854000
06-03 20:53:49.403 E/mm-camera(  715): <MCT   ><ERROR> 2765: mct_stream_process_bus_msg: frame_id is 1693
06-03 20:53:49.403 E/QCamera (  715): <MCI><ERROR> mm_stream_data_notify: 337: E, my_handle = 0x5200, fd = 67, state = 6 blackjoe
06-03 20:53:49.403 E/QCamera (  715): <MCI><ERROR> mm_stream_read_msm_frame: 1723: E, my_handle = 0x5200, fd = 67, state = 6 blackjoe
06-03 20:53:49.403 I/QCamera (  715): <MCI><INFO> mm_stream_read_msm_frame: 1770: VIDIOC_DQBUF buf_index 0, frame_idx 1692, stream type 7, rc 0,queued: 17, buf_type = 0 flags = 8192 FD = 67 my_num 0 buf fd 82
06-03 20:53:49.404 E/QCamera (  715): <MCI><ERROR> mm_stream_read_msm_frame: 1790: X rc = 0
06-03 20:53:49.404 I/QCamera (  715): <MCI><INFO> mm_stream_handle_rcvd_buf: 220: E, my_handle = 0x5200, fd = 67, state = 6
06-03 20:53:49.404 I/QCamera (  715): <MCI><INFO> mm_stream_handle_rcvd_buf: 244: has cb and it is active by blackjoe
06-03 20:53:49.404 I/QCamera (  715): <MCI><INFO> mm_stream_dispatch_app_data: 415: E, my_handle = 0x5200, fd = 67, state = 6
06-03 20:53:49.404 I/QCamera (  715): <MCI><INFO> mm_stream_dispatch_app_data: 436: frame_sync.is_active = 0, is_cb_active = 1
06-03 20:53:49.404 I/QCamera (  715): <MCI><INFO> mm_stream_dispatch_app_data: 457: Enter callback by blackjoe
06-03 20:53:49.405 E/QCamera (  715): <HAL><ERROR> handleMetadataWithLock: 4863: Cancel missing frame = 5030, buffer = 0xe8693340,stream type = 8, stream format = 36
06-03 20:53:49.405 E/QCamera (  715): <HAL><ERROR> handleMetadataWithLock: 4863: Cancel missing frame = 5031, buffer = 0xe8698800,stream type = 8, stream format = 36
06-03 20:53:49.405 E/QCamera (  715): <MCI><ERROR> cancelBuffer: 884: Calling cancel buf on idx:9 for stream type:8
06-03 20:53:49.405 E/QCamera (  715): <HAL><ERROR> handleMetadataWithLock: 4863: Cancel missing frame = 5032, buffer = 0xe8693790,stream type = 8, stream format = 36
06-03 20:53:49.405 E/QCamera (  715): <MCI><ERROR> mm_stream_cancel_buf: 5156: mm_stream_cancel_buf(idx=9) err=-1
06-03 20:53:49.405 E/QCamera (  715): <HAL><ERROR> handleMetadataWithLock: 4863: Cancel missing frame = 5033, buffer = 0xe86965e0,stream type = 8, stream format = 36
06-03 20:53:49.405 E/QCamera (  715): <MCI><ERROR> cancelBuffer: 884: Calling cancel buf on idx:10 for stream type:8
06-03 20:53:49.405 E/QCamera (  715): <HAL><ERROR> handleMetadataWithLock: 4863: Cancel missing frame = 5034, buffer = 0xe8691540,stream type = 8, stream format = 36
06-03 20:53:49.405 E/QCamera (  715): <MCI><ERROR> mm_stream_cancel_buf: 5125: Error Trying to extract a frame already sent to HAL(idx=10) count=1
06-03 20:53:49.405 E/QCamera (  715): <HAL><ERROR> handleMetadataWithLock: 4863: Cancel missing frame = 5035, buffer = 0xe8697810,stream type = 8, stream format = 36
06-03 20:53:49.405 E/QCamera (  715): <MCI><ERROR> cancelBuffer: 884: Calling cancel buf on idx:6 for stream type:8
06-03 20:53:49.406 E/QCamera (  715): <MCI><ERROR> mm_stream_cancel_buf: 5125: Error Trying to extract a frame already sent to HAL(idx=6) count=1
06-03 20:53:49.406 E/QCamera (  715): <MCI><ERROR> cancelBuffer: 884: Calling cancel buf on idx:7 for stream type:8
06-03 20:53:49.406 E/QCamera (  715): <MCI><ERROR> mm_stream_cancel_buf: 5125: Error Trying to extract a frame already sent to HAL(idx=7) count=1
06-03 20:53:49.406 E/QCamera (  715): <MCI><ERROR> cancelBuffer: 884: Calling cancel buf on idx:11 for stream type:8
06-03 20:53:49.406 E/QCamera (  715): <MCI><ERROR> mm_stream_cancel_buf: 5125: Error Trying to extract a frame already sent to HAL(idx=11) count=1
06-03 20:53:49.406 E/mm-camera(  715): <STATS_AIS ><ERROR> 1316: dsps_process_response_gyro: Query request denied, error code = 5, QId_valid = 1, QueryId = 0x9d0a, AckNak_valid = 1, AckNak = 3
06-03 20:53:49.406 E/QCamera (  715): <MCI><ERROR> cancelBuffer: 884: Calling cancel buf on idx:8 for stream type:8
06-03 20:53:49.407 E/QCamera (  715): <MCI><ERROR> mm_stream_cancel_buf: 5125: Error Trying to extract a frame already sent to HAL(idx=8) count=1
06-03 20:53:49.434 E/mm-camera(  715): <SENSOR><ERROR> 4883: sensor_get_frame_duration: resolution is invalid, it seems stream has stopped.
06-03 20:53:49.434 E/mm-camera(  715): <SENSOR><ERROR> 884: sensor_fc_report_meta: Failed to get frame duration
06-03 20:53:49.434 E/mm-camera(  715): <SENSOR><ERROR> 4805: sensor_get_exposure_time: resolution is invalid, it seems stream has stopped.
06-03 20:53:49.435 E/mm-camera(  715): <SENSOR><ERROR> 904: sensor_fc_report_meta: Failed to get exposure time
06-03 20:53:49.435 E/mm-camera(  715): <MCT   ><ERROR> 2722: mct_stream_process_bus_msg: Check the runing function blackjoe 
06-03 20:53:49.436 E/mm-camera(  715): <MCT   ><ERROR> 2755: mct_stream_process_bus_msg: isp_sof_bus_msg is 0xe7841720
06-03 20:53:49.436 E/mm-camera(  715): <MCT   ><ERROR> 2757: mct_stream_process_bus_msg: frameid is 1694 hal_version is 3
06-03 20:53:49.436 E/mm-camera(  715): <MCT   ><ERROR> 2759: mct_stream_process_bus_msg: kstate_ptr is 0xe4adf254, isp_kstate_ptr is 0xe8854000
06-03 20:53:49.436 E/mm-camera(  715): <MCT   ><ERROR> 2765: mct_stream_process_bus_msg: frame_id is 1694
06-03 20:53:49.436 E/QCamera (  715): <MCI><ERROR> mm_stream_data_notify: 337: E, my_handle = 0x5200, fd = 67, state = 6 blackjoe
06-03 20:53:49.437 E/QCamera (  715): <MCI><ERROR> mm_stream_read_msm_frame: 1723: E, my_handle = 0x5200, fd = 67, state = 6 blackjoe
06-03 20:53:49.437 I/QCamera (  715): <MCI><INFO> mm_stream_read_msm_frame: 1770: VIDIOC_DQBUF buf_index 1, frame_idx 1693, stream type 7, rc 0,queued: 17, buf_type = 0 flags = 8192 FD = 67 my_num 0 buf fd 84
06-03 20:53:49.437 E/QCamera (  715): <MCI><ERROR> mm_stream_read_msm_frame: 1790: X rc = 0
06-03 20:53:49.437 I/QCamera (  715): <MCI><INFO> mm_stream_handle_rcvd_buf: 220: E, my_handle = 0x5200, fd = 67, state = 6
06-03 20:53:49.437 I/QCamera (  715): <MCI><INFO> mm_stream_handle_rcvd_buf: 244: has cb and it is active by blackjoe
06-03 20:53:49.438 I/QCamera (  715): <MCI><INFO> mm_stream_dispatch_app_data: 415: E, my_handle = 0x5200, fd = 67, state = 6
06-03 20:53:49.438 I/QCamera (  715): <MCI><INFO> mm_stream_dispatch_app_data: 436: frame_sync.is_active = 0, is_cb_active = 1
06-03 20:53:49.438 I/QCamera (  715): <MCI><INFO> mm_stream_dispatch_app_data: 457: Enter callback by blackjoe
06-03 20:53:49.438 E/QCamera (  715): <HAL><ERROR> handleMetadataWithLock: 4863: Cancel missing frame = 5030, buffer = 0xe8693340,stream type = 8, stream format = 36
06-03 20:53:49.438 E/QCamera (  715): <HAL><ERROR> handleMetadataWithLock: 4863: Cancel missing frame = 5031, buffer = 0xe8698800,stream type = 8, stream format = 36
06-03 20:53:49.438 E/QCamera (  715): <MCI><ERROR> cancelBuffer: 884: Calling cancel buf on idx:9 for stream type:8
06-03 20:53:49.439 E/QCamera (  715): <HAL><ERROR> handleMetadataWithLock: 4863: Cancel missing frame = 5032, buffer = 0xe8693790,stream type = 8, stream format = 36
06-03 20:53:49.439 E/QCamera (  715): <MCI><ERROR> mm_stream_cancel_buf: 5156: mm_stream_cancel_buf(idx=9) err=-1
06-03 20:53:49.439 E/QCamera (  715): <HAL><ERROR> handleMetadataWithLock: 4863: Cancel missing frame = 5033, buffer = 0xe86965e0,stream type = 8, stream format = 36
06-03 20:53:49.439 E/QCamera (  715): <MCI><ERROR> cancelBuffer: 884: Calling cancel buf on idx:10 for stream type:8
06-03 20:53:49.439 E/QCamera (  715): <HAL><ERROR> handleMetadataWithLock: 4863: Cancel missing frame = 5034, buffer = 0xe8691540,stream type = 8, stream format = 36
06-03 20:53:49.439 E/QCamera (  715): <MCI><ERROR> mm_stream_cancel_buf: 5125: Error Trying to extract a frame already sent to HAL(idx=10) count=1
06-03 20:53:49.439 E/QCamera (  715): <HAL><ERROR> handleMetadataWithLock: 4863: Cancel missing frame = 5035, buffer = 0xe8697810,stream type = 8, stream format = 36
06-03 20:53:49.439 E/QCamera (  715): <MCI><ERROR> cancelBuffer: 884: Calling cancel buf on idx:6 for stream type:8
06-03 20:53:49.439 E/QCamera (  715): <MCI><ERROR> mm_stream_cancel_buf: 5125: Error Trying to extract a frame already sent to HAL(idx=6) count=1
06-03 20:53:49.439 E/QCamera (  715): <MCI><ERROR> cancelBuffer: 884: Calling cancel buf on idx:7 for stream type:8
06-03 20:53:49.439 E/QCamera (  715): <MCI><ERROR> mm_stream_cancel_buf: 5125: Error Trying to extract a frame already sent to HAL(idx=7) count=1
06-03 20:53:49.440 E/QCamera (  715): <MCI><ERROR> cancelBuffer: 884: Calling cancel buf on idx:11 for stream type:8
06-03 20:53:49.444 E/        (    0): frame_src is 1 frame_id is 1694 blackjoe
06-03 20:53:49.440 E/QCamera (  715): <MCI><ERROR> mm_stream_cancel_buf: 5125: Error Trying to extract a frame already sent to HAL(idx=11) count=1
06-03 20:53:49.440 E/QCamera (  715): <MCI><ERROR> cancelBuffer: 884: Calling cancel buf on idx:8 for stream type:8
06-03 20:53:49.440 E/mm-camera(  715): <STATS_AIS ><ERROR> 1316: dsps_process_response_gyro: Query request denied, error code = 5, QId_valid = 1, QueryId = 0x9e0a, AckNak_valid = 1, AckNak = 3
06-03 20:53:49.440 E/QCamera (  715): <MCI><ERROR> mm_stream_cancel_buf: 5125: Error Trying to extract a frame already sent to HAL(idx=8) count=1
06-03 20:53:49.479 E/        (    0): frame_src is 1 frame_id is 1695 blackjoe
06-03 20:53:49.468 E/mm-camera(  715): <SENSOR><ERROR> 4883: sensor_get_frame_duration: resolution is invalid, it seems stream has stopped.
06-03 20:53:49.469 E/mm-camera(  715): <SENSOR><ERROR> 884: sensor_fc_report_meta: Failed to get frame duration
06-03 20:53:49.469 E/mm-camera(  715): <SENSOR><ERROR> 4805: sensor_get_exposure_time: resolution is invalid, it seems stream has stopped.
06-03 20:53:49.469 E/mm-camera(  715): <SENSOR><ERROR> 904: sensor_fc_report_meta: Failed to get exposure time
06-03 20:53:49.470 E/mm-camera(  715): <MCT   ><ERROR> 2722: mct_stream_process_bus_msg: Check the runing function blackjoe 
06-03 20:53:49.470 E/mm-camera(  715): <MCT   ><ERROR> 2755: mct_stream_process_bus_msg: isp_sof_bus_msg is 0xe78406d0
06-03 20:53:49.470 E/mm-camera(  715): <MCT   ><ERROR> 2757: mct_stream_process_bus_msg: frameid is 1695 hal_version is 3
06-03 20:53:49.470 E/mm-camera(  715): <MCT   ><ERROR> 2759: mct_stream_process_bus_msg: kstate_ptr is 0xe4adf254, isp_kstate_ptr is 0xe8854000
06-03 20:53:49.470 E/mm-camera(  715): <MCT   ><ERROR> 2765: mct_stream_process_bus_msg: frame_id is 1695
06-03 20:53:49.471 E/QCamera (  715): <MCI><ERROR> mm_stream_data_notify: 337: E, my_handle = 0x5200, fd = 67, state = 6 blackjoe
06-03 20:53:49.471 E/QCamera (  715): <MCI><ERROR> mm_stream_read_msm_frame: 1723: E, my_handle = 0x5200, fd = 67, state = 6 blackjoe
06-03 20:53:49.471 I/QCamera (  715): <MCI><INFO> mm_stream_read_msm_frame: 1770: VIDIOC_DQBUF buf_index 2, frame_idx 1694, stream type 7, rc 0,queued: 17, buf_type = 0 flags = 8192 FD = 67 my_num 0 buf fd 86
06-03 20:53:49.472 E/QCamera (  715): <MCI><ERROR> mm_stream_read_msm_frame: 1790: X rc = 0
06-03 20:53:49.472 I/QCamera (  715): <MCI><INFO> mm_stream_handle_rcvd_buf: 220: E, my_handle = 0x5200, fd = 67, state = 6
06-03 20:53:49.472 I/QCamera (  715): <MCI><INFO> mm_stream_handle_rcvd_buf: 244: has cb and it is active by blackjoe
06-03 20:53:49.473 I/QCamera (  715): <MCI><INFO> mm_stream_dispatch_app_data: 415: E, my_handle = 0x5200, fd = 67, state = 6
06-03 20:53:49.473 I/QCamera (  715): <MCI><INFO> mm_stream_dispatch_app_data: 436: frame_sync.is_active = 0, is_cb_active = 1
06-03 20:53:49.473 I/QCamera (  715): <MCI><INFO> mm_stream_dispatch_app_data: 457: Enter callback by blackjoe
06-03 20:53:49.473 E/QCamera (  715): <HAL><ERROR> handleMetadataWithLock: 4863: Cancel missing frame = 5030, buffer = 0xe8693340,stream type = 8, stream format = 36
06-03 20:53:49.474 E/QCamera (  715): <HAL><ERROR> handleMetadataWithLock: 4863: Cancel missing frame = 5031, buffer = 0xe8698800,stream type = 8, stream format = 36
06-03 20:53:49.474 E/QCamera (  715): <MCI><ERROR> cancelBuffer: 884: Calling cancel buf on idx:9 for stream type:8
06-03 20:53:49.474 E/QCamera (  715): <HAL><ERROR> handleMetadataWithLock: 4863: Cancel missing frame = 5032, buffer = 0xe8693790,stream type = 8, stream format = 36
06-03 20:53:49.474 E/QCamera (  715): <MCI><ERROR> mm_stream_cancel_buf: 5156: mm_stream_cancel_buf(idx=9) err=-1
06-03 20:53:49.474 E/QCamera (  715): <HAL><ERROR> handleMetadataWithLock: 4863: Cancel missing frame = 5033, buffer = 0xe86965e0,stream type = 8, stream format = 36
06-03 20:53:49.474 E/QCamera (  715): <HAL><ERROR> handleMetadataWithLock: 4863: Cancel missing frame = 5034, buffer = 0xe8691540,stream type = 8, stream format = 36
06-03 20:53:49.474 E/QCamera (  715): <MCI><ERROR> cancelBuffer: 884: Calling cancel buf on idx:10 for stream type:8
06-03 20:53:49.474 E/QCamera (  715): <HAL><ERROR> handleMetadataWithLock: 4863: Cancel missing frame = 5035, buffer = 0xe8697810,stream type = 8, stream format = 36
06-03 20:53:49.474 E/QCamera (  715): <MCI><ERROR> mm_stream_cancel_buf: 5125: Error Trying to extract a frame already sent to HAL(idx=10) count=1
06-03 20:53:49.474 E/QCamera (  715): <MCI><ERROR> cancelBuffer: 884: Calling cancel buf on idx:6 for stream type:8
06-03 20:53:49.475 E/QCamera (  715): <MCI><ERROR> mm_stream_cancel_buf: 5125: Error Trying to extract a frame already sent to HAL(idx=6) count=1
06-03 20:53:49.475 E/mm-camera(  715): <STATS_AIS ><ERROR> 1316: dsps_process_response_gyro: Query request denied, error code = 5, QId_valid = 1, QueryId = 0x9f0a, AckNak_valid = 1, AckNak = 3
06-03 20:53:49.475 E/QCamera (  715): <MCI><ERROR> cancelBuffer: 884: Calling cancel buf on idx:7 for stream type:8
06-03 20:53:49.475 E/QCamera (  715): <MCI><ERROR> mm_stream_cancel_buf: 5125: Error Trying to extract a frame already sent to HAL(idx=7) count=1
06-03 20:53:49.475 E/QCamera (  715): <MCI><ERROR> cancelBuffer: 884: Calling cancel buf on idx:11 for stream type:8
06-03 20:53:49.475 E/QCamera (  715): <MCI><ERROR> mm_stream_cancel_buf: 5125: Error Trying to extract a frame already sent to HAL(idx=11) count=1
06-03 20:53:49.475 E/QCamera (  715): <MCI><ERROR> cancelBuffer: 884: Calling cancel buf on idx:8 for stream type:8
06-03 20:53:49.475 E/QCamera (  715): <MCI><ERROR> mm_stream_cancel_buf: 5125: Error Trying to extract a frame already sent to HAL(idx=8) count=1
06-03 20:53:49.506 E/mm-camera(  715): <SENSOR><ERROR> 4883: sensor_get_frame_duration: resolution is invalid, it seems stream has stopped.
06-03 20:53:49.506 E/mm-camera(  715): <SENSOR><ERROR> 884: sensor_fc_report_meta: Failed to get frame duration
06-03 20:53:49.506 E/mm-camera(  715): <SENSOR><ERROR> 4805: sensor_get_exposure_time: resolution is invalid, it seems stream has stopped.
06-03 20:53:49.507 E/mm-camera(  715): <SENSOR><ERROR> 904: sensor_fc_report_meta: Failed to get exposure time
06-03 20:53:49.508 E/mm-camera(  715): <MCT   ><ERROR> 2722: mct_stream_process_bus_msg: Check the runing function blackjoe 
06-03 20:53:49.508 E/mm-camera(  715): <MCT   ><ERROR> 2755: mct_stream_process_bus_msg: isp_sof_bus_msg is 0xe7841570
06-03 20:53:49.508 E/mm-camera(  715): <MCT   ><ERROR> 2757: mct_stream_process_bus_msg: frameid is 1696 hal_version is 3
06-03 20:53:49.508 E/mm-camera(  715): <MCT   ><ERROR> 2759: mct_stream_process_bus_msg: kstate_ptr is 0xe4adf254, isp_kstate_ptr is 0xe8854000
06-03 20:53:49.508 E/mm-camera(  715): <MCT   ><ERROR> 2765: mct_stream_process_bus_msg: frame_id is 1696
06-03 20:53:49.509 E/QCamera (  715): <MCI><ERROR> mm_stream_data_notify: 337: E, my_handle = 0x5200, fd = 67, state = 6 blackjoe
06-03 20:53:49.509 E/QCamera (  715): <MCI><ERROR> mm_stream_read_msm_frame: 1723: E, my_handle = 0x5200, fd = 67, state = 6 blackjoe
06-03 20:53:49.509 I/QCamera (  715): <MCI><INFO> mm_stream_read_msm_frame: 1770: VIDIOC_DQBUF buf_index 3, frame_idx 1695, stream type 7, rc 0,queued: 17, buf_type = 0 flags = 8192 FD = 67 my_num 0 buf fd 88
06-03 20:53:49.509 E/QCamera (  715): <MCI><ERROR> mm_stream_read_msm_frame: 1790: X rc = 0
06-03 20:53:49.509 I/QCamera (  715): <MCI><INFO> mm_stream_handle_rcvd_buf: 220: E, my_handle = 0x5200, fd = 67, state = 6
06-03 20:53:49.510 I/QCamera (  715): <MCI><INFO> mm_stream_handle_rcvd_buf: 244: has cb and it is active by blackjoe
06-03 20:53:49.510 I/QCamera (  715): <MCI><INFO> mm_stream_dispatch_app_data: 415: E, my_handle = 0x5200, fd = 67, state = 6
06-03 20:53:49.517 E/        (    0): frame_src is 1 frame_id is 1696 blackjoe
06-03 20:53:49.510 I/QCamera (  715): <MCI><INFO> mm_stream_dispatch_app_data: 436: frame_sync.is_active = 0, is_cb_active = 1
06-03 20:53:49.510 I/QCamera (  715): <MCI><INFO> mm_stream_dispatch_app_data: 457: Enter callback by blackjoe
06-03 20:53:49.510 E/QCamera (  715): <HAL><ERROR> handleMetadataWithLock: 4863: Cancel missing frame = 5030, buffer = 0xe8693340,stream type = 8, stream format = 36
06-03 20:53:49.510 E/QCamera (  715): <HAL><ERROR> handleMetadataWithLock: 4863: Cancel missing frame = 5031, buffer = 0xe8698800,stream type = 8, stream format = 36
06-03 20:53:49.510 E/QCamera (  715): <MCI><ERROR> cancelBuffer: 884: Calling cancel buf on idx:9 for stream type:8
06-03 20:53:49.511 E/QCamera (  715): <HAL><ERROR> handleMetadataWithLock: 4863: Cancel missing frame = 5032, buffer = 0xe8693790,stream type = 8, stream format = 36
06-03 20:53:49.511 E/QCamera (  715): <MCI><ERROR> mm_stream_cancel_buf: 5156: mm_stream_cancel_buf(idx=9) err=-1
06-03 20:53:49.511 E/QCamera (  715): <HAL><ERROR> handleMetadataWithLock: 4863: Cancel missing frame = 5033, buffer = 0xe86965e0,stream type = 8, stream format = 36
06-03 20:53:49.511 E/QCamera (  715): <MCI><ERROR> cancelBuffer: 884: Calling cancel buf on idx:10 for stream type:8
06-03 20:53:49.511 E/QCamera (  715): <HAL><ERROR> handleMetadataWithLock: 4863: Cancel missing frame = 5034, buffer = 0xe8691540,stream type = 8, stream format = 36
06-03 20:53:49.511 E/QCamera (  715): <MCI><ERROR> mm_stream_cancel_buf: 5125: Error Trying to extract a frame already sent to HAL(idx=10) count=1
06-03 20:53:49.511 E/QCamera (  715): <HAL><ERROR> handleMetadataWithLock: 4863: Cancel missing frame = 5035, buffer = 0xe8697810,stream type = 8, stream format = 36
06-03 20:53:49.511 E/QCamera (  715): <MCI><ERROR> cancelBuffer: 884: Calling cancel buf on idx:6 for stream type:8
06-03 20:53:49.511 E/QCamera (  715): <MCI><ERROR> mm_stream_cancel_buf: 5125: Error Trying to extract a frame already sent to HAL(idx=6) count=1
06-03 20:53:49.511 E/QCamera (  715): <MCI><ERROR> cancelBuffer: 884: Calling cancel buf on idx:7 for stream type:8
06-03 20:53:49.511 E/QCamera (  715): <MCI><ERROR> mm_stream_cancel_buf: 5125: Error Trying to extract a frame already sent to HAL(idx=7) count=1
06-03 20:53:49.511 E/QCamera (  715): <MCI><ERROR> cancelBuffer: 884: Calling cancel buf on idx:11 for stream type:8
06-03 20:53:49.512 E/QCamera (  715): <MCI><ERROR> mm_stream_cancel_buf: 5125: Error Trying to extract a frame already sent to HAL(idx=11) count=1
06-03 20:53:49.512 E/QCamera (  715): <MCI><ERROR> cancelBuffer: 884: Calling cancel buf on idx:8 for stream type:8
06-03 20:53:49.512 E/QCamera (  715): <MCI><ERROR> mm_stream_cancel_buf: 5125: Error Trying to extract a frame already sent to HAL(idx=8) count=1
06-03 20:53:49.512 E/mm-camera(  715): <STATS_AIS ><ERROR> 1316: dsps_process_response_gyro: Query request denied, error code = 5, QId_valid = 1, QueryId = 0xa00a, AckNak_valid = 1, AckNak = 3
06-03 20:53:49.535 E/        (    0): frame_src is 1 frame_id is 1697 blackjoe
06-03 20:53:49.525 E/mm-camera(  715): <SENSOR><ERROR> 4883: sensor_get_frame_duration: resolution is invalid, it seems stream has stopped.
06-03 20:53:49.525 E/mm-camera(  715): <SENSOR><ERROR> 884: sensor_fc_report_meta: Failed to get frame duration
06-03 20:53:49.525 E/mm-camera(  715): <SENSOR><ERROR> 4805: sensor_get_exposure_time: resolution is invalid, it seems stream has stopped.
06-03 20:53:49.526 E/mm-camera(  715): <SENSOR><ERROR> 904: sensor_fc_report_meta: Failed to get exposure time
06-03 20:53:49.526 E/mm-camera(  715): <MCT   ><ERROR> 2722: mct_stream_process_bus_msg: Check the runing function blackjoe 
06-03 20:53:49.527 E/mm-camera(  715): <MCT   ><ERROR> 2755: mct_stream_process_bus_msg: isp_sof_bus_msg is 0xe7840370
06-03 20:53:49.527 E/mm-camera(  715): <MCT   ><ERROR> 2757: mct_stream_process_bus_msg: frameid is 1697 hal_version is 3
06-03 20:53:49.527 E/mm-camera(  715): <MCT   ><ERROR> 2759: mct_stream_process_bus_msg: kstate_ptr is 0xe4adf254, isp_kstate_ptr is 0xe8854000
06-03 20:53:49.527 E/mm-camera(  715): <MCT   ><ERROR> 2765: mct_stream_process_bus_msg: frame_id is 1697
06-03 20:53:49.528 E/QCamera (  715): <MCI><ERROR> mm_stream_data_notify: 337: E, my_handle = 0x5200, fd = 67, state = 6 blackjoe
06-03 20:53:49.528 E/QCamera (  715): <MCI><ERROR> mm_stream_read_msm_frame: 1723: E, my_handle = 0x5200, fd = 67, state = 6 blackjoe
06-03 20:53:49.528 I/QCamera (  715): <MCI><INFO> mm_stream_read_msm_frame: 1770: VIDIOC_DQBUF buf_index 4, frame_idx 1696, stream type 7, rc 0,queued: 17, buf_type = 0 flags = 8192 FD = 67 my_num 0 buf fd 90
06-03 20:53:49.528 E/QCamera (  715): <MCI><ERROR> mm_stream_read_msm_frame: 1790: X rc = 0
06-03 20:53:49.528 I/QCamera (  715): <MCI><INFO> mm_stream_handle_rcvd_buf: 220: E, my_handle = 0x5200, fd = 67, state = 6
06-03 20:53:49.529 I/QCamera (  715): <MCI><INFO> mm_stream_handle_rcvd_buf: 244: has cb and it is active by blackjoe
06-03 20:53:49.529 I/QCamera (  715): <MCI><INFO> mm_stream_dispatch_app_data: 415: E, my_handle = 0x5200, fd = 67, state = 6
06-03 20:53:49.529 I/QCamera (  715): <MCI><INFO> mm_stream_dispatch_app_data: 436: frame_sync.is_active = 0, is_cb_active = 1
06-03 20:53:49.529 I/QCamera (  715): <MCI><INFO> mm_stream_dispatch_app_data: 457: Enter callback by blackjoe
06-03 20:53:49.530 E/QCamera (  715): <HAL><ERROR> handleMetadataWithLock: 4863: Cancel missing frame = 5030, buffer = 0xe8693340,stream type = 8, stream format = 36
06-03 20:53:49.530 E/QCamera (  715): <HAL><ERROR> handleMetadataWithLock: 4863: Cancel missing frame = 5031, buffer = 0xe8698800,stream type = 8, stream format = 36
06-03 20:53:49.530 E/QCamera (  715): <MCI><ERROR> cancelBuffer: 884: Calling cancel buf on idx:9 for stream type:8
06-03 20:53:49.530 E/QCamera (  715): <HAL><ERROR> handleMetadataWithLock: 4863: Cancel missing frame = 5032, buffer = 0xe8693790,stream type = 8, stream format = 36
06-03 20:53:49.530 E/QCamera (  715): <MCI><ERROR> mm_stream_cancel_buf: 5156: mm_stream_cancel_buf(idx=9) err=-1
06-03 20:53:49.530 E/QCamera (  715): <HAL><ERROR> handleMetadataWithLock: 4863: Cancel missing frame = 5033, buffer = 0xe86965e0,stream type = 8, stream format = 36
06-03 20:53:49.530 E/QCamera (  715): <MCI><ERROR> cancelBuffer: 884: Calling cancel buf on idx:10 for stream type:8
06-03 20:53:49.530 E/QCamera (  715): <HAL><ERROR> handleMetadataWithLock: 4863: Cancel missing frame = 5034, buffer = 0xe8691540,stream type = 8, stream format = 36
06-03 20:53:49.530 E/QCamera (  715): <MCI><ERROR> mm_stream_cancel_buf: 5125: Error Trying to extract a frame already sent to HAL(idx=10) count=1
06-03 20:53:49.530 E/QCamera (  715): <MCI><ERROR> cancelBuffer: 884: Calling cancel buf on idx:6 for stream type:8
06-03 20:53:49.530 E/QCamera (  715): <HAL><ERROR> handleMetadataWithLock: 4863: Cancel missing frame = 5035, buffer = 0xe8697810,stream type = 8, stream format = 36
06-03 20:53:49.531 E/QCamera (  715): <MCI><ERROR> mm_stream_cancel_buf: 5125: Error Trying to extract a frame already sent to HAL(idx=6) count=1
06-03 20:53:49.531 E/QCamera (  715): <MCI><ERROR> cancelBuffer: 884: Calling cancel buf on idx:7 for stream type:8
06-03 20:53:49.531 E/QCamera (  715): <MCI><ERROR> mm_stream_cancel_buf: 5125: Error Trying to extract a frame already sent to HAL(idx=7) count=1
06-03 20:53:49.531 E/mm-camera(  715): <STATS_AIS ><ERROR> 1316: dsps_process_response_gyro: Query request denied, error code = 5, QId_valid = 1, QueryId = 0xa10a, AckNak_valid = 1, AckNak = 3
06-03 20:53:49.531 E/QCamera (  715): <MCI><ERROR> cancelBuffer: 884: Calling cancel buf on idx:11 for stream type:8
06-03 20:53:49.531 E/QCamera (  715): <MCI><ERROR> mm_stream_cancel_buf: 5125: Error Trying to extract a frame already sent to HAL(idx=11) count=1
06-03 20:53:49.531 E/QCamera (  715): <MCI><ERROR> cancelBuffer: 884: Calling cancel buf on idx:8 for stream type:8
06-03 20:53:49.532 E/QCamera (  715): <MCI><ERROR> mm_stream_cancel_buf: 5125: Error Trying to extract a frame already sent to HAL(idx=8) count=1
06-03 20:53:49.554 E/        (    0): frame_src is 1 frame_id is 1698 blackjoe
06-03 20:53:49.544 E/mm-camera(  715): <SENSOR><ERROR> 4883: sensor_get_frame_duration: resolution is invalid, it seems stream has stopped.
06-03 20:53:49.544 E/mm-camera(  715): <SENSOR><ERROR> 884: sensor_fc_report_meta: Failed to get frame duration
06-03 20:53:49.545 E/mm-camera(  715): <SENSOR><ERROR> 4805: sensor_get_exposure_time: resolution is invalid, it seems stream has stopped.
06-03 20:53:49.545 E/mm-camera(  715): <SENSOR><ERROR> 904: sensor_fc_report_meta: Failed to get exposure time
06-03 20:53:49.546 E/mm-camera(  715): <MCT   ><ERROR> 2722: mct_stream_process_bus_msg: Check the runing function blackjoe 
06-03 20:53:49.546 E/mm-camera(  715): <MCT   ><ERROR> 2755: mct_stream_process_bus_msg: isp_sof_bus_msg is 0xe7840f40
06-03 20:53:49.546 E/mm-camera(  715): <MCT   ><ERROR> 2757: mct_stream_process_bus_msg: frameid is 1698 hal_version is 3
06-03 20:53:49.547 E/mm-camera(  715): <MCT   ><ERROR> 2759: mct_stream_process_bus_msg: kstate_ptr is 0xe4adf254, isp_kstate_ptr is 0xe8854000
06-03 20:53:49.547 E/mm-camera(  715): <MCT   ><ERROR> 2765: mct_stream_process_bus_msg: frame_id is 1698
06-03 20:53:49.547 E/QCamera (  715): <MCI><ERROR> mm_stream_data_notify: 337: E, my_handle = 0x5200, fd = 67, state = 6 blackjoe
06-03 20:53:49.548 E/QCamera (  715): <MCI><ERROR> mm_stream_read_msm_frame: 1723: E, my_handle = 0x5200, fd = 67, state = 6 blackjoe
06-03 20:53:49.548 I/QCamera (  715): <MCI><INFO> mm_stream_read_msm_frame: 1770: VIDIOC_DQBUF buf_index 5, frame_idx 1697, stream type 7, rc 0,queued: 17, buf_type = 0 flags = 8192 FD = 67 my_num 0 buf fd 92
06-03 20:53:49.548 E/QCamera (  715): <MCI><ERROR> mm_stream_read_msm_frame: 1790: X rc = 0
06-03 20:53:49.548 I/QCamera (  715): <MCI><INFO> mm_stream_handle_rcvd_buf: 220: E, my_handle = 0x5200, fd = 67, state = 6
06-03 20:53:49.549 I/QCamera (  715): <MCI><INFO> mm_stream_handle_rcvd_buf: 244: has cb and it is active by blackjoe
06-03 20:53:49.549 I/QCamera (  715): <MCI><INFO> mm_stream_dispatch_app_data: 415: E, my_handle = 0x5200, fd = 67, state = 6
06-03 20:53:49.549 I/QCamera (  715): <MCI><INFO> mm_stream_dispatch_app_data: 436: frame_sync.is_active = 0, is_cb_active = 1
06-03 20:53:49.549 I/QCamera (  715): <MCI><INFO> mm_stream_dispatch_app_data: 457: Enter callback by blackjoe
06-03 20:53:49.550 E/QCamera (  715): <HAL><ERROR> handleMetadataWithLock: 4863: Cancel missing frame = 5030, buffer = 0xe8693340,stream type = 8, stream format = 36
