06-03 21:02:40.406 E/QCamera (  715): <MCI><ERROR> mm_stream_cancel_buf: 5125: Error Trying to extract a frame already sent to HAL(idx=8) count=1
06-03 21:02:40.407 E/mm-camera(  715): <STATS_AIS ><ERROR> 1316: dsps_process_response_gyro: Query request denied, error code = 5, QId_valid = 1, QueryId = 0x400a, AckNak_valid = 1, AckNak = 3
06-03 21:02:40.430 E/        (    0): frame_src is 1 frame_id is 4673 blackjoe
06-03 21:02:40.420 E/mm-camera(  715): <SENSOR><ERROR> 4883: sensor_get_frame_duration: resolution is invalid, it seems stream has stopped.
06-03 21:02:40.420 E/mm-camera(  715): <SENSOR><ERROR> 884: sensor_fc_report_meta: Failed to get frame duration
06-03 21:02:40.420 E/mm-camera(  715): <SENSOR><ERROR> 4805: sensor_get_exposure_time: resolution is invalid, it seems stream has stopped.
06-03 21:02:40.420 E/mm-camera(  715): <SENSOR><ERROR> 904: sensor_fc_report_meta: Failed to get exposure time
06-03 21:02:40.421 E/mm-camera(  715): <MCT   ><ERROR> 2722: mct_stream_process_bus_msg: Check the runing function blackjoe 
06-03 21:02:40.421 E/mm-camera(  715): <MCT   ><ERROR> 2755: mct_stream_process_bus_msg: isp_sof_bus_msg is 0xe78417b0
06-03 21:02:40.422 E/mm-camera(  715): <MCT   ><ERROR> 2757: mct_stream_process_bus_msg: frameid is 4673 hal_version is 3
06-03 21:02:40.422 E/mm-camera(  715): <MCT   ><ERROR> 2759: mct_stream_process_bus_msg: kstate_ptr is 0xe4adf254, isp_kstate_ptr is 0xe8854000
06-03 21:02:40.422 E/mm-camera(  715): <MCT   ><ERROR> 2765: mct_stream_process_bus_msg: frame_id is 4673
06-03 21:02:40.424 E/QCamera (  715): <MCI><ERROR> mm_stream_data_notify: 337: E, my_handle = 0x5200, fd = 67, state = 6 blackjoe
06-03 21:02:40.424 E/QCamera (  715): <MCI><ERROR> mm_stream_read_msm_frame: 1723: E, my_handle = 0x5200, fd = 67, state = 6 blackjoe
06-03 21:02:40.424 I/QCamera (  715): <MCI><INFO> mm_stream_read_msm_frame: 1770: VIDIOC_DQBUF buf_index 10, frame_idx 4672, stream type 7, rc 0,queued: 17, buf_type = 0 flags = 8192 FD = 67 my_num 0 buf fd 102
06-03 21:02:40.425 E/QCamera (  715): <MCI><ERROR> mm_stream_read_msm_frame: 1790: X rc = 0
06-03 21:02:40.425 I/QCamera (  715): <MCI><INFO> mm_stream_handle_rcvd_buf: 220: E, my_handle = 0x5200, fd = 67, state = 6
06-03 21:02:40.425 I/QCamera (  715): <MCI><INFO> mm_stream_handle_rcvd_buf: 244: has cb and it is active by blackjoe
06-03 21:02:40.425 I/QCamera (  715): <MCI><INFO> mm_stream_dispatch_app_data: 415: E, my_handle = 0x5200, fd = 67, state = 6
06-03 21:02:40.425 I/QCamera (  715): <MCI><INFO> mm_stream_dispatch_app_data: 436: frame_sync.is_active = 0, is_cb_active = 1
06-03 21:02:40.425 I/QCamera (  715): <MCI><INFO> mm_stream_dispatch_app_data: 457: Enter callback by blackjoe
06-03 21:02:40.426 E/mm-camera(  715): <STATS_AIS ><ERROR> 1316: dsps_process_response_gyro: Query request denied, error code = 5, QId_valid = 1, QueryId = 0x410a, AckNak_valid = 1, AckNak = 3
06-03 21:02:40.430 E/QCamera (  715): <HAL><ERROR> handleMetadataWithLock: 4863: Cancel missing frame = 5030, buffer = 0xe8693340,stream type = 8, stream format = 36
06-03 21:02:40.430 E/QCamera (  715): <HAL><ERROR> handleMetadataWithLock: 4863: Cancel missing frame = 5031, buffer = 0xe8698800,stream type = 8, stream format = 36
06-03 21:02:40.431 E/QCamera (  715): <HAL><ERROR> handleMetadataWithLock: 4863: Cancel missing frame = 5032, buffer = 0xe8693790,stream type = 8, stream format = 36
06-03 21:02:40.431 E/QCamera (  715): <HAL><ERROR> handleMetadataWithLock: 4863: Cancel missing frame = 5033, buffer = 0xe86965e0,stream type = 8, stream format = 36
06-03 21:02:40.431 E/QCamera (  715): <HAL><ERROR> handleMetadataWithLock: 4863: Cancel missing frame = 5034, buffer = 0xe8691540,stream type = 8, stream format = 36
06-03 21:02:40.431 E/QCamera (  715): <HAL><ERROR> handleMetadataWithLock: 4863: Cancel missing frame = 5035, buffer = 0xe8697810,stream type = 8, stream format = 36
06-03 21:02:40.431 E/QCamera (  715): <MCI><ERROR> cancelBuffer: 884: Calling cancel buf on idx:9 for stream type:8
06-03 21:02:40.432 E/QCamera (  715): <MCI><ERROR> mm_stream_cancel_buf: 5156: mm_stream_cancel_buf(idx=9) err=-1
06-03 21:02:40.432 E/QCamera (  715): <MCI><ERROR> cancelBuffer: 884: Calling cancel buf on idx:10 for stream type:8
06-03 21:02:40.432 E/QCamera (  715): <MCI><ERROR> mm_stream_cancel_buf: 5125: Error Trying to extract a frame already sent to HAL(idx=10) count=1
06-03 21:02:40.432 E/QCamera (  715): <MCI><ERROR> cancelBuffer: 884: Calling cancel buf on idx:6 for stream type:8
06-03 21:02:40.432 E/QCamera (  715): <MCI><ERROR> mm_stream_cancel_buf: 5125: Error Trying to extract a frame already sent to HAL(idx=6) count=1
06-03 21:02:40.432 E/QCamera (  715): <MCI><ERROR> cancelBuffer: 884: Calling cancel buf on idx:7 for stream type:8
06-03 21:02:40.433 E/QCamera (  715): <MCI><ERROR> mm_stream_cancel_buf: 5125: Error Trying to extract a frame already sent to HAL(idx=7) count=1
06-03 21:02:40.433 E/QCamera (  715): <MCI><ERROR> cancelBuffer: 884: Calling cancel buf on idx:11 for stream type:8
06-03 21:02:40.433 E/QCamera (  715): <MCI><ERROR> mm_stream_cancel_buf: 5125: Error Trying to extract a frame already sent to HAL(idx=11) count=1
06-03 21:02:40.433 E/QCamera (  715): <MCI><ERROR> cancelBuffer: 884: Calling cancel buf on idx:8 for stream type:8
06-03 21:02:40.433 E/QCamera (  715): <MCI><ERROR> mm_stream_cancel_buf: 5125: Error Trying to extract a frame already sent to HAL(idx=8) count=1
06-03 21:02:40.438 E/mm-camera(  715): <SENSOR><ERROR> 4883: sensor_get_frame_duration: resolution is invalid, it seems stream has stopped.
06-03 21:02:40.439 E/mm-camera(  715): <SENSOR><ERROR> 884: sensor_fc_report_meta: Failed to get frame duration
06-03 21:02:40.439 E/mm-camera(  715): <SENSOR><ERROR> 4805: sensor_get_exposure_time: resolution is invalid, it seems stream has stopped.
06-03 21:02:40.439 E/mm-camera(  715): <SENSOR><ERROR> 904: sensor_fc_report_meta: Failed to get exposure time
06-03 21:02:40.440 E/mm-camera(  715): <MCT   ><ERROR> 2722: mct_stream_process_bus_msg: Check the runing function blackjoe 
06-03 21:02:40.440 E/mm-camera(  715): <MCT   ><ERROR> 2755: mct_stream_process_bus_msg: isp_sof_bus_msg is 0xe78412a0
06-03 21:02:40.440 E/mm-camera(  715): <MCT   ><ERROR> 2757: mct_stream_process_bus_msg: frameid is 4674 hal_version is 3
06-03 21:02:40.440 E/mm-camera(  715): <MCT   ><ERROR> 2759: mct_stream_process_bus_msg: kstate_ptr is 0xe4adf254, isp_kstate_ptr is 0xe8854000
06-03 21:02:40.440 E/mm-camera(  715): <MCT   ><ERROR> 2765: mct_stream_process_bus_msg: frame_id is 4674
06-03 21:02:40.441 E/QCamera (  715): <MCI><ERROR> mm_stream_data_notify: 337: E, my_handle = 0x5200, fd = 67, state = 6 blackjoe
06-03 21:02:40.441 E/QCamera (  715): <MCI><ERROR> mm_stream_read_msm_frame: 1723: E, my_handle = 0x5200, fd = 67, state = 6 blackjoe
06-03 21:02:40.441 I/QCamera (  715): <MCI><INFO> mm_stream_read_msm_frame: 1770: VIDIOC_DQBUF buf_index 11, frame_idx 4673, stream type 7, rc 0,queued: 17, buf_type = 0 flags = 8192 FD = 67 my_num 0 buf fd 104
06-03 21:02:40.441 E/QCamera (  715): <MCI><ERROR> mm_stream_read_msm_frame: 1790: X rc = 0
06-03 21:02:40.449 E/        (    0): frame_src is 1 frame_id is 4674 blackjoe
06-03 21:02:40.452 W/healthd (    0): battery l=39 v=3468 t=27.0 h=2 st=2 c=-953124 fc=0 cc=8 chg=u
06-03 21:02:40.441 I/QCamera (  715): <MCI><INFO> mm_stream_handle_rcvd_buf: 220: E, my_handle = 0x5200, fd = 67, state = 6
06-03 21:02:40.441 I/QCamera (  715): <MCI><INFO> mm_stream_handle_rcvd_buf: 244: has cb and it is active by blackjoe
06-03 21:02:40.441 I/QCamera (  715): <MCI><INFO> mm_stream_dispatch_app_data: 415: E, my_handle = 0x5200, fd = 67, state = 6
06-03 21:02:40.442 I/QCamera (  715): <MCI><INFO> mm_stream_dispatch_app_data: 436: frame_sync.is_active = 0, is_cb_active = 1
06-03 21:02:40.442 I/QCamera (  715): <MCI><INFO> mm_stream_dispatch_app_data: 457: Enter callback by blackjoe
06-03 21:02:40.443 E/QCamera (  715): <HAL><ERROR> handleMetadataWithLock: 4863: Cancel missing frame = 5030, buffer = 0xe8693340,stream type = 8, stream format = 36
06-03 21:02:40.443 E/QCamera (  715): <HAL><ERROR> handleMetadataWithLock: 4863: Cancel missing frame = 5031, buffer = 0xe8698800,stream type = 8, stream format = 36
06-03 21:02:40.443 E/QCamera (  715): <MCI><ERROR> cancelBuffer: 884: Calling cancel buf on idx:9 for stream type:8
06-03 21:02:40.443 E/QCamera (  715): <HAL><ERROR> handleMetadataWithLock: 4863: Cancel missing frame = 5032, buffer = 0xe8693790,stream type = 8, stream format = 36
06-03 21:02:40.443 E/mm-camera(  715): <STATS_AIS ><ERROR> 1316: dsps_process_response_gyro: Query request denied, error code = 5, QId_valid = 1, QueryId = 0x420a, AckNak_valid = 1, AckNak = 3
06-03 21:02:40.443 E/QCamera (  715): <HAL><ERROR> handleMetadataWithLock: 4863: Cancel missing frame = 5033, buffer = 0xe86965e0,stream type = 8, stream format = 36
06-03 21:02:40.443 E/QCamera (  715): <MCI><ERROR> mm_stream_cancel_buf: 5156: mm_stream_cancel_buf(idx=9) err=-1
06-03 21:02:40.443 E/QCamera (  715): <HAL><ERROR> handleMetadataWithLock: 4863: Cancel missing frame = 5034, buffer = 0xe8691540,stream type = 8, stream format = 36
06-03 21:02:40.443 E/QCamera (  715): <HAL><ERROR> handleMetadataWithLock: 4863: Cancel missing frame = 5035, buffer = 0xe8697810,stream type = 8, stream format = 36
06-03 21:02:40.443 E/QCamera (  715): <MCI><ERROR> cancelBuffer: 884: Calling cancel buf on idx:10 for stream type:8
06-03 21:02:40.443 E/QCamera (  715): <MCI><ERROR> mm_stream_cancel_buf: 5125: Error Trying to extract a frame already sent to HAL(idx=10) count=1
06-03 21:02:40.444 E/QCamera (  715): <MCI><ERROR> cancelBuffer: 884: Calling cancel buf on idx:6 for stream type:8
06-03 21:02:40.444 E/QCamera (  715): <MCI><ERROR> mm_stream_cancel_buf: 5125: Error Trying to extract a frame already sent to HAL(idx=6) count=1
06-03 21:02:40.444 E/QCamera (  715): <MCI><ERROR> cancelBuffer: 884: Calling cancel buf on idx:7 for stream type:8
06-03 21:02:40.444 E/QCamera (  715): <MCI><ERROR> mm_stream_cancel_buf: 5125: Error Trying to extract a frame already sent to HAL(idx=7) count=1
06-03 21:02:40.444 E/QCamera (  715): <MCI><ERROR> cancelBuffer: 884: Calling cancel buf on idx:11 for stream type:8
06-03 21:02:40.444 E/QCamera (  715): <MCI><ERROR> mm_stream_cancel_buf: 5125: Error Trying to extract a frame already sent to HAL(idx=11) count=1
06-03 21:02:40.444 E/QCamera (  715): <MCI><ERROR> cancelBuffer: 884: Calling cancel buf on idx:8 for stream type:8
06-03 21:02:40.444 E/QCamera (  715): <MCI><ERROR> mm_stream_cancel_buf: 5125: Error Trying to extract a frame already sent to HAL(idx=8) count=1
06-03 21:02:40.468 E/        (    0): frame_src is 1 frame_id is 4675 blackjoe
06-03 21:02:40.458 E/mm-camera(  715): <SENSOR><ERROR> 4883: sensor_get_frame_duration: resolution is invalid, it seems stream has stopped.
06-03 21:02:40.458 E/mm-camera(  715): <SENSOR><ERROR> 884: sensor_fc_report_meta: Failed to get frame duration
06-03 21:02:40.459 E/mm-camera(  715): <SENSOR><ERROR> 4805: sensor_get_exposure_time: resolution is invalid, it seems stream has stopped.
06-03 21:02:40.459 E/mm-camera(  715): <SENSOR><ERROR> 904: sensor_fc_report_meta: Failed to get exposure time
06-03 21:02:40.459 E/mm-camera(  715): <MCT   ><ERROR> 2722: mct_stream_process_bus_msg: Check the runing function blackjoe 
06-03 21:02:40.460 E/mm-camera(  715): <MCT   ><ERROR> 2755: mct_stream_process_bus_msg: isp_sof_bus_msg is 0xe7841840
06-03 21:02:40.460 E/mm-camera(  715): <MCT   ><ERROR> 2757: mct_stream_process_bus_msg: frameid is 4675 hal_version is 3
06-03 21:02:40.460 E/mm-camera(  715): <MCT   ><ERROR> 2759: mct_stream_process_bus_msg: kstate_ptr is 0xe4adf254, isp_kstate_ptr is 0xe8854000
06-03 21:02:40.460 E/mm-camera(  715): <MCT   ><ERROR> 2765: mct_stream_process_bus_msg: frame_id is 4675
06-03 21:02:40.460 E/QCamera (  715): <MCI><ERROR> mm_stream_data_notify: 337: E, my_handle = 0x5200, fd = 67, state = 6 blackjoe
06-03 21:02:40.460 E/QCamera (  715): <MCI><ERROR> mm_stream_read_msm_frame: 1723: E, my_handle = 0x5200, fd = 67, state = 6 blackjoe
06-03 21:02:40.461 I/QCamera (  715): <MCI><INFO> mm_stream_read_msm_frame: 1770: VIDIOC_DQBUF buf_index 12, frame_idx 4674, stream type 7, rc 0,queued: 17, buf_type = 0 flags = 8192 FD = 67 my_num 0 buf fd 106
06-03 21:02:40.461 E/QCamera (  715): <MCI><ERROR> mm_stream_read_msm_frame: 1790: X rc = 0
06-03 21:02:40.461 I/QCamera (  715): <MCI><INFO> mm_stream_handle_rcvd_buf: 220: E, my_handle = 0x5200, fd = 67, state = 6
06-03 21:02:40.461 I/QCamera (  715): <MCI><INFO> mm_stream_handle_rcvd_buf: 244: has cb and it is active by blackjoe
06-03 21:02:40.462 I/QCamera (  715): <MCI><INFO> mm_stream_dispatch_app_data: 415: E, my_handle = 0x5200, fd = 67, state = 6
06-03 21:02:40.462 I/QCamera (  715): <MCI><INFO> mm_stream_dispatch_app_data: 436: frame_sync.is_active = 0, is_cb_active = 1
06-03 21:02:40.462 I/QCamera (  715): <MCI><INFO> mm_stream_dispatch_app_data: 457: Enter callback by blackjoe
06-03 21:02:40.463 E/QCamera (  715): <HAL><ERROR> handleMetadataWithLock: 4863: Cancel missing frame = 5030, buffer = 0xe8693340,stream type = 8, stream format = 36
06-03 21:02:40.463 E/QCamera (  715): <HAL><ERROR> handleMetadataWithLock: 4863: Cancel missing frame = 5031, buffer = 0xe8698800,stream type = 8, stream format = 36
06-03 21:02:40.463 E/QCamera (  715): <HAL><ERROR> handleMetadataWithLock: 4863: Cancel missing frame = 5032, buffer = 0xe8693790,stream type = 8, stream format = 36
06-03 21:02:40.463 E/QCamera (  715): <HAL><ERROR> handleMetadataWithLock: 4863: Cancel missing frame = 5033, buffer = 0xe86965e0,stream type = 8, stream format = 36
06-03 21:02:40.463 E/QCamera (  715): <HAL><ERROR> handleMetadataWithLock: 4863: Cancel missing frame = 5034, buffer = 0xe8691540,stream type = 8, stream format = 36
06-03 21:02:40.463 E/QCamera (  715): <HAL><ERROR> handleMetadataWithLock: 4863: Cancel missing frame = 5035, buffer = 0xe8697810,stream type = 8, stream format = 36
06-03 21:02:40.464 E/mm-camera(  715): <STATS_AIS ><ERROR> 1316: dsps_process_response_gyro: Query request denied, error code = 5, QId_valid = 1, QueryId = 0x430a, AckNak_valid = 1, AckNak = 3
06-03 21:02:40.468 E/QCamera (  715): <MCI><ERROR> cancelBuffer: 884: Calling cancel buf on idx:9 for stream type:8
06-03 21:02:40.468 E/QCamera (  715): <MCI><ERROR> mm_stream_cancel_buf: 5156: mm_stream_cancel_buf(idx=9) err=-1
06-03 21:02:40.468 E/QCamera (  715): <MCI><ERROR> cancelBuffer: 884: Calling cancel buf on idx:10 for stream type:8
06-03 21:02:40.468 E/QCamera (  715): <MCI><ERROR> mm_stream_cancel_buf: 5125: Error Trying to extract a frame already sent to HAL(idx=10) count=1
06-03 21:02:40.468 E/QCamera (  715): <MCI><ERROR> cancelBuffer: 884: Calling cancel buf on idx:6 for stream type:8
06-03 21:02:40.469 E/QCamera (  715): <MCI><ERROR> mm_stream_cancel_buf: 5125: Error Trying to extract a frame already sent to HAL(idx=6) count=1
06-03 21:02:40.469 E/QCamera (  715): <MCI><ERROR> cancelBuffer: 884: Calling cancel buf on idx:7 for stream type:8
06-03 21:02:40.469 E/QCamera (  715): <MCI><ERROR> mm_stream_cancel_buf: 5125: Error Trying to extract a frame already sent to HAL(idx=7) count=1
06-03 21:02:40.469 E/QCamera (  715): <MCI><ERROR> cancelBuffer: 884: Calling cancel buf on idx:11 for stream type:8
06-03 21:02:40.469 E/QCamera (  715): <MCI><ERROR> mm_stream_cancel_buf: 5125: Error Trying to extract a frame already sent to HAL(idx=11) count=1
06-03 21:02:40.469 E/QCamera (  715): <MCI><ERROR> cancelBuffer: 884: Calling cancel buf on idx:8 for stream type:8
06-03 21:02:40.469 E/QCamera (  715): <MCI><ERROR> mm_stream_cancel_buf: 5125: Error Trying to extract a frame already sent to HAL(idx=8) count=1
06-03 21:02:40.471 D/BatteryService( 1605): level : 39 / status : 2/Health : 2/Decommission : 0
06-03 21:02:40.473 D/ZebraRttProvider.FusionEngine( 3670): receive broadcast intent, action: android.intent.action.BATTERY_CHANGED
06-03 21:02:40.473 D/ZebraRttProvider.FusionEngine( 3670): Battery Level = 39
06-03 21:02:40.474 D/KeyguardUpdateMonitor( 1873): received broadcast android.intent.action.BATTERY_CHANGED
06-03 21:02:40.474 D/ZebraRttProvider.FusionEngine( 3670): receive broadcast intent, action: android.intent.action.BATTERY_CHANGED
06-03 21:02:40.474 D/BatterySwapServ( 3442): onReceive BATTERY_CHANGED
06-03 21:02:40.474 D/BatterySwapServ( 3442): battery changed: present=true level=39 plugType=2 shutdownLevel=6 batteryType = 201 serialnumber =T5017
06-03 21:02:40.476 W/ContextImpl( 3249): Calling a method in the system process without a qualified user: android.app.ContextImpl.startService:1669 android.content.ContextWrapper.startService:720 com.symbol.batterymanager.model.BatteryManagerReceiver.startBatteryApplicationService:81 com.symbol.batterymanager.model.BatteryManagerReceiver.onReceive:47 android.app.LoadedApk$ReceiverDispatcher$Args.lambda$getRunnable$0$LoadedApk$ReceiverDispatcher$Args:1580 
06-03 21:02:40.476 D/OSUService( 3189): dev-dbg:is_charging current_now -953124, batteryLevel: 39, isCharging(isCharging): true
06-03 21:02:40.476 D/OSUService( 3189): dev-dbg:is_charging ADAPTER_CHARGE_LIMIIT 500000
06-03 21:02:40.476 D/OSUService( 3189): dev-dbg:is_charging current_now > ADAPTER_CHARGE_LIMIIT false
06-03 21:02:40.476 D/OSUService( 3189): dev-dbg:is_charging conditionCheck false
06-03 21:02:40.476 D/OSUService( 3189): dev-dbg: battery change intent batteryLevel: 39, is_charging(context): true, STATE: 1
06-03 21:02:40.477 D/com.symbol.dataanalytics.a.a.d.b( 4441): Received battery event
06-03 21:02:40.477 D/com.symbol.dataanalytics.a.a.d.b( 4441): BatteryFactory event action = android.intent.action.BATTERY_CHANGED
06-03 21:02:40.479 D/UsbCradleMode( 5084): onReceive:Battery change, status:2
06-03 21:02:40.479 D/HighTemperatureReceiver( 2266): Receive action: android.intent.action.BATTERY_CHANGED
06-03 21:02:40.480 V/BatteryApplicationService( 3249): BatteryType  201
06-03 21:02:40.480 D/OSUService( 3189): dev-dbg:is_charging current_now -953124, batteryLevel: 39, isCharging(isCharging): true
06-03 21:02:40.480 D/OSUService( 3189): dev-dbg:is_charging ADAPTER_CHARGE_LIMIIT 500000
06-03 21:02:40.480 D/OSUService( 3189): dev-dbg:is_charging current_now > ADAPTER_CHARGE_LIMIIT false
06-03 21:02:40.481 D/OSUService( 3189): dev-dbg:is_charging conditionCheck false
06-03 21:02:40.481 D/OSUService( 3189): dev-dbg: calling for resume
06-03 21:02:40.481 I/OSUService( 3189): handle_ab_resume -1 3
06-03 21:02:40.481 I/OSUService( 3189): handle_ab_resume state 1 last_state 0
06-03 21:02:40.481 E/OSUService( 3189): Can't resume - there are no update in suspended state
06-03 21:02:40.481 D/OSUService( 3189): dev-dbg: battery change intent finished
06-03 21:02:40.484 D/KeyguardUpdateMonitor( 1873): handleBatteryUpdate
06-03 21:02:40.527 E/mm-camera(  715): <SENSOR><ERROR> 4883: sensor_get_frame_duration: resolution is invalid, it seems stream has stopped.
06-03 21:02:40.527 E/mm-camera(  715): <SENSOR><ERROR> 884: sensor_fc_report_meta: Failed to get frame duration
06-03 21:02:40.527 E/mm-camera(  715): <SENSOR><ERROR> 4805: sensor_get_exposure_time: resolution is invalid, it seems stream has stopped.
06-03 21:02:40.527 E/mm-camera(  715): <SENSOR><ERROR> 904: sensor_fc_report_meta: Failed to get exposure time
06-03 21:02:40.528 E/mm-camera(  715): <MCT   ><ERROR> 2722: mct_stream_process_bus_msg: Check the runing function blackjoe 
06-03 21:02:40.529 E/mm-camera(  715): <MCT   ><ERROR> 2755: mct_stream_process_bus_msg: isp_sof_bus_msg is 0xe78402e0
06-03 21:02:40.529 E/mm-camera(  715): <MCT   ><ERROR> 2757: mct_stream_process_bus_msg: frameid is 4676 hal_version is 3
06-03 21:02:40.529 E/mm-camera(  715): <MCT   ><ERROR> 2759: mct_stream_process_bus_msg: kstate_ptr is 0xe4adf254, isp_kstate_ptr is 0xe8854000
06-03 21:02:40.529 E/mm-camera(  715): <MCT   ><ERROR> 2765: mct_stream_process_bus_msg: frame_id is 4676
06-03 21:02:40.529 E/QCamera (  715): <MCI><ERROR> mm_stream_data_notify: 337: E, my_handle = 0x5200, fd = 67, state = 6 blackjoe
06-03 21:02:40.529 E/QCamera (  715): <MCI><ERROR> mm_stream_read_msm_frame: 1723: E, my_handle = 0x5200, fd = 67, state = 6 blackjoe
06-03 21:02:40.530 I/QCamera (  715): <MCI><INFO> mm_stream_read_msm_frame: 1770: VIDIOC_DQBUF buf_index 13, frame_idx 4675, stream type 7, rc 0,queued: 17, buf_type = 0 flags = 8192 FD = 67 my_num 0 buf fd 108
06-03 21:02:40.530 E/QCamera (  715): <MCI><ERROR> mm_stream_read_msm_frame: 1790: X rc = 0
06-03 21:02:40.530 I/QCamera (  715): <MCI><INFO> mm_stream_handle_rcvd_buf: 220: E, my_handle = 0x5200, fd = 67, state = 6
06-03 21:02:40.530 I/QCamera (  715): <MCI><INFO> mm_stream_handle_rcvd_buf: 244: has cb and it is active by blackjoe
06-03 21:02:40.537 E/        (    0): frame_src is 1 frame_id is 4676 blackjoe
06-03 21:02:40.531 I/QCamera (  715): <MCI><INFO> mm_stream_dispatch_app_data: 415: E, my_handle = 0x5200, fd = 67, state = 6
06-03 21:02:40.531 I/QCamera (  715): <MCI><INFO> mm_stream_dispatch_app_data: 436: frame_sync.is_active = 0, is_cb_active = 1
06-03 21:02:40.531 I/QCamera (  715): <MCI><INFO> mm_stream_dispatch_app_data: 457: Enter callback by blackjoe
06-03 21:02:40.531 E/QCamera (  715): <HAL><ERROR> handleMetadataWithLock: 4863: Cancel missing frame = 5030, buffer = 0xe8693340,stream type = 8, stream format = 36
06-03 21:02:40.532 E/QCamera (  715): <HAL><ERROR> handleMetadataWithLock: 4863: Cancel missing frame = 5031, buffer = 0xe8698800,stream type = 8, stream format = 36
06-03 21:02:40.532 E/QCamera (  715): <MCI><ERROR> cancelBuffer: 884: Calling cancel buf on idx:9 for stream type:8
06-03 21:02:40.532 E/QCamera (  715): <HAL><ERROR> handleMetadataWithLock: 4863: Cancel missing frame = 5032, buffer = 0xe8693790,stream type = 8, stream format = 36
06-03 21:02:40.532 E/QCamera (  715): <MCI><ERROR> mm_stream_cancel_buf: 5156: mm_stream_cancel_buf(idx=9) err=-1
06-03 21:02:40.532 E/QCamera (  715): <MCI><ERROR> cancelBuffer: 884: Calling cancel buf on idx:10 for stream type:8
06-03 21:02:40.532 E/QCamera (  715): <HAL><ERROR> handleMetadataWithLock: 4863: Cancel missing frame = 5033, buffer = 0xe86965e0,stream type = 8, stream format = 36
06-03 21:02:40.532 E/QCamera (  715): <MCI><ERROR> mm_stream_cancel_buf: 5125: Error Trying to extract a frame already sent to HAL(idx=10) count=1
06-03 21:02:40.532 E/QCamera (  715): <MCI><ERROR> cancelBuffer: 884: Calling cancel buf on idx:6 for stream type:8
06-03 21:02:40.532 E/QCamera (  715): <HAL><ERROR> handleMetadataWithLock: 4863: Cancel missing frame = 5034, buffer = 0xe8691540,stream type = 8, stream format = 36
06-03 21:02:40.533 E/QCamera (  715): <MCI><ERROR> mm_stream_cancel_buf: 5125: Error Trying to extract a frame already sent to HAL(idx=6) count=1
06-03 21:02:40.533 E/QCamera (  715): <MCI><ERROR> cancelBuffer: 884: Calling cancel buf on idx:7 for stream type:8
06-03 21:02:40.533 E/QCamera (  715): <HAL><ERROR> handleMetadataWithLock: 4863: Cancel missing frame = 5035, buffer = 0xe8697810,stream type = 8, stream format = 36
06-03 21:02:40.533 E/QCamera (  715): <MCI><ERROR> mm_stream_cancel_buf: 5125: Error Trying to extract a frame already sent to HAL(idx=7) count=1
06-03 21:02:40.533 E/QCamera (  715): <MCI><ERROR> cancelBuffer: 884: Calling cancel buf on idx:11 for stream type:8
06-03 21:02:40.533 E/QCamera (  715): <MCI><ERROR> mm_stream_cancel_buf: 5125: Error Trying to extract a frame already sent to HAL(idx=11) count=1
06-03 21:02:40.533 E/QCamera (  715): <MCI><ERROR> cancelBuffer: 884: Calling cancel buf on idx:8 for stream type:8
06-03 21:02:40.533 E/QCamera (  715): <MCI><ERROR> mm_stream_cancel_buf: 5125: Error Trying to extract a frame already sent to HAL(idx=8) count=1
06-03 21:02:40.533 E/mm-camera(  715): <STATS_AIS ><ERROR> 1316: dsps_process_response_gyro: Query request denied, error code = 5, QId_valid = 1, QueryId = 0x440a, AckNak_valid = 1, AckNak = 3
06-03 21:02:40.572 E/        (    0): frame_src is 1 frame_id is 4677 blackjoe
06-03 21:02:40.562 E/mm-camera(  715): <SENSOR><ERROR> 4883: sensor_get_frame_duration: resolution is invalid, it seems stream has stopped.
06-03 21:02:40.562 E/mm-camera(  715): <SENSOR><ERROR> 884: sensor_fc_report_meta: Failed to get frame duration
06-03 21:02:40.562 E/mm-camera(  715): <SENSOR><ERROR> 4805: sensor_get_exposure_time: resolution is invalid, it seems stream has stopped.
06-03 21:02:40.562 E/mm-camera(  715): <SENSOR><ERROR> 904: sensor_fc_report_meta: Failed to get exposure time
06-03 21:02:40.563 E/mm-camera(  715): <MCT   ><ERROR> 2722: mct_stream_process_bus_msg: Check the runing function blackjoe 
06-03 21:02:40.563 E/mm-camera(  715): <MCT   ><ERROR> 2755: mct_stream_process_bus_msg: isp_sof_bus_msg is 0xe78414e0
06-03 21:02:40.564 E/mm-camera(  715): <MCT   ><ERROR> 2757: mct_stream_process_bus_msg: frameid is 4677 hal_version is 3
06-03 21:02:40.564 E/mm-camera(  715): <MCT   ><ERROR> 2759: mct_stream_process_bus_msg: kstate_ptr is 0xe4adf254, isp_kstate_ptr is 0xe8854000
06-03 21:02:40.564 E/mm-camera(  715): <MCT   ><ERROR> 2765: mct_stream_process_bus_msg: frame_id is 4677
06-03 21:02:40.565 E/QCamera (  715): <MCI><ERROR> mm_stream_data_notify: 337: E, my_handle = 0x5200, fd = 67, state = 6 blackjoe
06-03 21:02:40.565 E/QCamera (  715): <MCI><ERROR> mm_stream_read_msm_frame: 1723: E, my_handle = 0x5200, fd = 67, state = 6 blackjoe
06-03 21:02:40.565 I/QCamera (  715): <MCI><INFO> mm_stream_read_msm_frame: 1770: VIDIOC_DQBUF buf_index 14, frame_idx 4676, stream type 7, rc 0,queued: 17, buf_type = 0 flags = 8192 FD = 67 my_num 0 buf fd 110
06-03 21:02:40.565 E/QCamera (  715): <MCI><ERROR> mm_stream_read_msm_frame: 1790: X rc = 0
06-03 21:02:40.566 I/QCamera (  715): <MCI><INFO> mm_stream_handle_rcvd_buf: 220: E, my_handle = 0x5200, fd = 67, state = 6
06-03 21:02:40.566 I/QCamera (  715): <MCI><INFO> mm_stream_handle_rcvd_buf: 244: has cb and it is active by blackjoe
06-03 21:02:40.566 I/QCamera (  715): <MCI><INFO> mm_stream_dispatch_app_data: 415: E, my_handle = 0x5200, fd = 67, state = 6
06-03 21:02:40.566 I/QCamera (  715): <MCI><INFO> mm_stream_dispatch_app_data: 436: frame_sync.is_active = 0, is_cb_active = 1
06-03 21:02:40.566 I/QCamera (  715): <MCI><INFO> mm_stream_dispatch_app_data: 457: Enter callback by blackjoe
06-03 21:02:40.567 E/QCamera (  715): <HAL><ERROR> handleMetadataWithLock: 4863: Cancel missing frame = 5030, buffer = 0xe8693340,stream type = 8, stream format = 36
06-03 21:02:40.567 E/QCamera (  715): <HAL><ERROR> handleMetadataWithLock: 4863: Cancel missing frame = 5031, buffer = 0xe8698800,stream type = 8, stream format = 36
06-03 21:02:40.567 E/QCamera (  715): <MCI><ERROR> cancelBuffer: 884: Calling cancel buf on idx:9 for stream type:8
06-03 21:02:40.567 E/QCamera (  715): <HAL><ERROR> handleMetadataWithLock: 4863: Cancel missing frame = 5032, buffer = 0xe8693790,stream type = 8, stream format = 36
06-03 21:02:40.568 E/QCamera (  715): <MCI><ERROR> mm_stream_cancel_buf: 5156: mm_stream_cancel_buf(idx=9) err=-1
06-03 21:02:40.568 E/QCamera (  715): <HAL><ERROR> handleMetadataWithLock: 4863: Cancel missing frame = 5033, buffer = 0xe86965e0,stream type = 8, stream format = 36
06-03 21:02:40.568 E/QCamera (  715): <HAL><ERROR> handleMetadataWithLock: 4863: Cancel missing frame = 5034, buffer = 0xe8691540,stream type = 8, stream format = 36
06-03 21:02:40.568 E/QCamera (  715): <MCI><ERROR> cancelBuffer: 884: Calling cancel buf on idx:10 for stream type:8
06-03 21:02:40.568 E/QCamera (  715): <HAL><ERROR> handleMetadataWithLock: 4863: Cancel missing frame = 5035, buffer = 0xe8697810,stream type = 8, stream format = 36
06-03 21:02:40.568 E/QCamera (  715): <MCI><ERROR> mm_stream_cancel_buf: 5125: Error Trying to extract a frame already sent to HAL(idx=10) count=1
06-03 21:02:40.568 E/QCamera (  715): <MCI><ERROR> cancelBuffer: 884: Calling cancel buf on idx:6 for stream type:8
06-03 21:02:40.569 E/QCamera (  715): <MCI><ERROR> mm_stream_cancel_buf: 5125: Error Trying to extract a frame already sent to HAL(idx=6) count=1
06-03 21:02:40.569 E/QCamera (  715): <MCI><ERROR> cancelBuffer: 884: Calling cancel buf on idx:7 for stream type:8
06-03 21:02:40.570 E/mm-camera(  715): <STATS_AIS ><ERROR> 1316: dsps_process_response_gyro: Query request denied, error code = 5, QId_valid = 1, QueryId = 0x450a, AckNak_valid = 1, AckNak = 3
06-03 21:02:40.569 E/QCamera (  715): <MCI><ERROR> mm_stream_cancel_buf: 5125: Error Trying to extract a frame already sent to HAL(idx=7) count=1
06-03 21:02:40.572 E/QCamera (  715): <MCI><ERROR> cancelBuffer: 884: Calling cancel buf on idx:11 for stream type:8
06-03 21:02:40.573 E/QCamera (  715): <MCI><ERROR> mm_stream_cancel_buf: 5125: Error Trying to extract a frame already sent to HAL(idx=11) count=1
06-03 21:02:40.573 E/QCamera (  715): <MCI><ERROR> cancelBuffer: 884: Calling cancel buf on idx:8 for stream type:8
06-03 21:02:40.573 E/QCamera (  715): <MCI><ERROR> mm_stream_cancel_buf: 5125: Error Trying to extract a frame already sent to HAL(idx=8) count=1
06-03 21:02:40.609 E/        (    0): frame_src is 1 frame_id is 4678 blackjoe
06-03 21:02:40.600 E/mm-camera(  715): <SENSOR><ERROR> 4883: sensor_get_frame_duration: resolution is invalid, it seems stream has stopped.
06-03 21:02:40.603 E/mm-camera(  715): <SENSOR><ERROR> 884: sensor_fc_report_meta: Failed to get frame duration
06-03 21:02:40.603 E/mm-camera(  715): <SENSOR><ERROR> 4805: sensor_get_exposure_time: resolution is invalid, it seems stream has stopped.
06-03 21:02:40.603 E/mm-camera(  715): <SENSOR><ERROR> 904: sensor_fc_report_meta: Failed to get exposure time
06-03 21:02:40.604 E/mm-camera(  715): <MCT   ><ERROR> 2722: mct_stream_process_bus_msg: Check the runing function blackjoe 
06-03 21:02:40.604 E/mm-camera(  715): <MCT   ><ERROR> 2755: mct_stream_process_bus_msg: isp_sof_bus_msg is 0xe7840d90
06-03 21:02:40.604 E/mm-camera(  715): <MCT   ><ERROR> 2757: mct_stream_process_bus_msg: frameid is 4678 hal_version is 3
06-03 21:02:40.604 E/mm-camera(  715): <MCT   ><ERROR> 2759: mct_stream_process_bus_msg: kstate_ptr is 0xe4adf254, isp_kstate_ptr is 0xe8854000
06-03 21:02:40.604 E/mm-camera(  715): <MCT   ><ERROR> 2765: mct_stream_process_bus_msg: frame_id is 4678
06-03 21:02:40.605 E/QCamera (  715): <MCI><ERROR> mm_stream_data_notify: 337: E, my_handle = 0x5200, fd = 67, state = 6 blackjoe
06-03 21:02:40.605 E/QCamera (  715): <MCI><ERROR> mm_stream_read_msm_frame: 1723: E, my_handle = 0x5200, fd = 67, state = 6 blackjoe
06-03 21:02:40.605 I/QCamera (  715): <MCI><INFO> mm_stream_read_msm_frame: 1770: VIDIOC_DQBUF buf_index 15, frame_idx 4677, stream type 7, rc 0,queued: 17, buf_type = 0 flags = 8192 FD = 67 my_num 0 buf fd 112
06-03 21:02:40.605 E/QCamera (  715): <MCI><ERROR> mm_stream_read_msm_frame: 1790: X rc = 0
06-03 21:02:40.606 I/QCamera (  715): <MCI><INFO> mm_stream_handle_rcvd_buf: 220: E, my_handle = 0x5200, fd = 67, state = 6
06-03 21:02:40.606 I/QCamera (  715): <MCI><INFO> mm_stream_handle_rcvd_buf: 244: has cb and it is active by blackjoe
06-03 21:02:40.606 I/QCamera (  715): <MCI><INFO> mm_stream_dispatch_app_data: 415: E, my_handle = 0x5200, fd = 67, state = 6
06-03 21:02:40.606 I/QCamera (  715): <MCI><INFO> mm_stream_dispatch_app_data: 436: frame_sync.is_active = 0, is_cb_active = 1
06-03 21:02:40.606 I/QCamera (  715): <MCI><INFO> mm_stream_dispatch_app_data: 457: Enter callback by blackjoe
06-03 21:02:40.607 E/QCamera (  715): <HAL><ERROR> handleMetadataWithLock: 4863: Cancel missing frame = 5030, buffer = 0xe8693340,stream type = 8, stream format = 36
06-03 21:02:40.607 E/QCamera (  715): <HAL><ERROR> handleMetadataWithLock: 4863: Cancel missing frame = 5031, buffer = 0xe8698800,stream type = 8, stream format = 36
06-03 21:02:40.607 E/QCamera (  715): <HAL><ERROR> handleMetadataWithLock: 4863: Cancel missing frame = 5032, buffer = 0xe8693790,stream type = 8, stream format = 36
06-03 21:02:40.607 E/QCamera (  715): <HAL><ERROR> handleMetadataWithLock: 4863: Cancel missing frame = 5033, buffer = 0xe86965e0,stream type = 8, stream format = 36
06-03 21:02:40.607 E/QCamera (  715): <MCI><ERROR> cancelBuffer: 884: Calling cancel buf on idx:9 for stream type:8
06-03 21:02:40.607 E/QCamera (  715): <HAL><ERROR> handleMetadataWithLock: 4863: Cancel missing frame = 5034, buffer = 0xe8691540,stream type = 8, stream format = 36
06-03 21:02:40.607 E/QCamera (  715): <MCI><ERROR> mm_stream_cancel_buf: 5156: mm_stream_cancel_buf(idx=9) err=-1
06-03 21:02:40.608 E/QCamera (  715): <HAL><ERROR> handleMetadataWithLock: 4863: Cancel missing frame = 5035, buffer = 0xe8697810,stream type = 8, stream format = 36
06-03 21:02:40.608 E/QCamera (  715): <MCI><ERROR> cancelBuffer: 884: Calling cancel buf on idx:10 for stream type:8
06-03 21:02:40.608 E/QCamera (  715): <MCI><ERROR> mm_stream_cancel_buf: 5125: Error Trying to extract a frame already sent to HAL(idx=10) count=1
06-03 21:02:40.608 E/QCamera (  715): <MCI><ERROR> cancelBuffer: 884: Calling cancel buf on idx:6 for stream type:8
06-03 21:02:40.608 E/QCamera (  715): <MCI><ERROR> mm_stream_cancel_buf: 5125: Error Trying to extract a frame already sent to HAL(idx=6) count=1
06-03 21:02:40.608 E/mm-camera(  715): <STATS_AIS ><ERROR> 1316: dsps_process_response_gyro: Query request denied, error code = 5, QId_valid = 1, QueryId = 0x460a, AckNak_valid = 1, AckNak = 3
06-03 21:02:40.608 E/QCamera (  715): <MCI><ERROR> cancelBuffer: 884: Calling cancel buf on idx:7 for stream type:8
06-03 21:02:40.608 E/QCamera (  715): <MCI><ERROR> mm_stream_cancel_buf: 5125: Error Trying to extract a frame already sent to HAL(idx=7) count=1
06-03 21:02:40.609 E/QCamera (  715): <MCI><ERROR> cancelBuffer: 884: Calling cancel buf on idx:11 for stream type:8
06-03 21:02:40.609 E/QCamera (  715): <MCI><ERROR> mm_stream_cancel_buf: 5125: Error Trying to extract a frame already sent to HAL(idx=11) count=1
06-03 21:02:40.609 E/QCamera (  715): <MCI><ERROR> cancelBuffer: 884: Calling cancel buf on idx:8 for stream type:8
06-03 21:02:40.609 E/QCamera (  715): <MCI><ERROR> mm_stream_cancel_buf: 5125: Error Trying to extract a frame already sent to HAL(idx=8) count=1
06-03 21:02:40.690 E/        (    0): frame_src is 1 frame_id is 4679 blackjoe
06-03 21:02:40.680 E/mm-camera(  715): <SENSOR><ERROR> 4883: sensor_get_frame_duration: resolution is invalid, it seems stream has stopped.
06-03 21:02:40.680 E/mm-camera(  715): <SENSOR><ERROR> 884: sensor_fc_report_meta: Failed to get frame duration
06-03 21:02:40.680 E/mm-camera(  715): <SENSOR><ERROR> 4805: sensor_get_exposure_time: resolution is invalid, it seems stream has stopped.
06-03 21:02:40.680 E/mm-camera(  715): <SENSOR><ERROR> 904: sensor_fc_report_meta: Failed to get exposure time
06-03 21:02:40.681 E/mm-camera(  715): <MCT   ><ERROR> 2722: mct_stream_process_bus_msg: Check the runing function blackjoe 
06-03 21:02:40.681 E/mm-camera(  715): <MCT   ><ERROR> 2755: mct_stream_process_bus_msg: isp_sof_bus_msg is 0xe7840130
06-03 21:02:40.682 E/mm-camera(  715): <MCT   ><ERROR> 2757: mct_stream_process_bus_msg: frameid is 4679 hal_version is 3
06-03 21:02:40.682 E/mm-camera(  715): <MCT   ><ERROR> 2759: mct_stream_process_bus_msg: kstate_ptr is 0xe4adf254, isp_kstate_ptr is 0xe8854000
06-03 21:02:40.682 E/mm-camera(  715): <MCT   ><ERROR> 2765: mct_stream_process_bus_msg: frame_id is 4679
06-03 21:02:40.682 E/QCamera (  715): <MCI><ERROR> mm_stream_data_notify: 337: E, my_handle = 0x5200, fd = 67, state = 6 blackjoe
06-03 21:02:40.683 E/QCamera (  715): <MCI><ERROR> mm_stream_read_msm_frame: 1723: E, my_handle = 0x5200, fd = 67, state = 6 blackjoe
06-03 21:02:40.683 I/QCamera (  715): <MCI><INFO> mm_stream_read_msm_frame: 1770: VIDIOC_DQBUF buf_index 16, frame_idx 4678, stream type 7, rc 0,queued: 17, buf_type = 0 flags = 8192 FD = 67 my_num 0 buf fd 114
06-03 21:02:40.683 E/QCamera (  715): <MCI><ERROR> mm_stream_read_msm_frame: 1790: X rc = 0
06-03 21:02:40.683 I/QCamera (  715): <MCI><INFO> mm_stream_handle_rcvd_buf: 220: E, my_handle = 0x5200, fd = 67, state = 6
06-03 21:02:40.683 I/QCamera (  715): <MCI><INFO> mm_stream_handle_rcvd_buf: 244: has cb and it is active by blackjoe
06-03 21:02:40.684 I/QCamera (  715): <MCI><INFO> mm_stream_dispatch_app_data: 415: E, my_handle = 0x5200, fd = 67, state = 6
06-03 21:02:40.684 I/QCamera (  715): <MCI><INFO> mm_stream_dispatch_app_data: 436: frame_sync.is_active = 0, is_cb_active = 1
06-03 21:02:40.684 I/QCamera (  715): <MCI><INFO> mm_stream_dispatch_app_data: 457: Enter callback by blackjoe
06-03 21:02:40.684 E/QCamera (  715): <HAL><ERROR> handleMetadataWithLock: 4863: Cancel missing frame = 5030, buffer = 0xe8693340,stream type = 8, stream format = 36
06-03 21:02:40.684 E/QCamera (  715): <HAL><ERROR> handleMetadataWithLock: 4863: Cancel missing frame = 5031, buffer = 0xe8698800,stream type = 8, stream format = 36
06-03 21:02:40.685 E/QCamera (  715): <MCI><ERROR> cancelBuffer: 884: Calling cancel buf on idx:9 for stream type:8
06-03 21:02:40.685 E/QCamera (  715): <HAL><ERROR> handleMetadataWithLock: 4863: Cancel missing frame = 5032, buffer = 0xe8693790,stream type = 8, stream format = 36
06-03 21:02:40.685 E/QCamera (  715): <MCI><ERROR> mm_stream_cancel_buf: 5156: mm_stream_cancel_buf(idx=9) err=-1
06-03 21:02:40.685 E/QCamera (  715): <HAL><ERROR> handleMetadataWithLock: 4863: Cancel missing frame = 5033, buffer = 0xe86965e0,stream type = 8, stream format = 36
06-03 21:02:40.685 E/QCamera (  715): <MCI><ERROR> cancelBuffer: 884: Calling cancel buf on idx:10 for stream type:8
06-03 21:02:40.685 E/QCamera (  715): <HAL><ERROR> handleMetadataWithLock: 4863: Cancel missing frame = 5034, buffer = 0xe8691540,stream type = 8, stream format = 36
06-03 21:02:40.685 E/QCamera (  715): <MCI><ERROR> mm_stream_cancel_buf: 5125: Error Trying to extract a frame already sent to HAL(idx=10) count=1
06-03 21:02:40.685 E/QCamera (  715): <HAL><ERROR> handleMetadataWithLock: 4863: Cancel missing frame = 5035, buffer = 0xe8697810,stream type = 8, stream format = 36
06-03 21:02:40.685 E/QCamera (  715): <MCI><ERROR> cancelBuffer: 884: Calling cancel buf on idx:6 for stream type:8
06-03 21:02:40.685 E/QCamera (  715): <MCI><ERROR> mm_stream_cancel_buf: 5125: Error Trying to extract a frame already sent to HAL(idx=6) count=1
06-03 21:02:40.685 E/QCamera (  715): <MCI><ERROR> cancelBuffer: 884: Calling cancel buf on idx:7 for stream type:8
06-03 21:02:40.686 E/QCamera (  715): <MCI><ERROR> mm_stream_cancel_buf: 5125: Error Trying to extract a frame already sent to HAL(idx=7) count=1
06-03 21:02:40.686 E/QCamera (  715): <MCI><ERROR> cancelBuffer: 884: Calling cancel buf on idx:11 for stream type:8
06-03 21:02:40.686 E/mm-camera(  715): <STATS_AIS ><ERROR> 1316: dsps_process_response_gyro: Query request denied, error code = 5, QId_valid = 1, QueryId = 0x470a, AckNak_valid = 1, AckNak = 3
06-03 21:02:40.686 E/QCamera (  715): <MCI><ERROR> mm_stream_cancel_buf: 5125: Error Trying to extract a frame already sent to HAL(idx=11) count=1
06-03 21:02:40.686 E/QCamera (  715): <MCI><ERROR> cancelBuffer: 884: Calling cancel buf on idx:8 for stream type:8
06-03 21:02:40.686 E/QCamera (  715): <MCI><ERROR> mm_stream_cancel_buf: 5125: Error Trying to extract a frame already sent to HAL(idx=8) count=1
06-03 21:02:40.714 E/mm-camera(  715): <SENSOR><ERROR> 4883: sensor_get_frame_duration: resolution is invalid, it seems stream has stopped.
06-03 21:02:40.714 E/mm-camera(  715): <SENSOR><ERROR> 884: sensor_fc_report_meta: Failed to get frame duration
06-03 21:02:40.714 E/mm-camera(  715): <SENSOR><ERROR> 4805: sensor_get_exposure_time: resolution is invalid, it seems stream has stopped.
06-03 21:02:40.714 E/mm-camera(  715): <SENSOR><ERROR> 904: sensor_fc_report_meta: Failed to get exposure time
06-03 21:02:40.715 E/mm-camera(  715): <MCT   ><ERROR> 2722: mct_stream_process_bus_msg: Check the runing function blackjoe 
06-03 21:02:40.716 E/mm-camera(  715): <MCT   ><ERROR> 2755: mct_stream_process_bus_msg: isp_sof_bus_msg is 0xe7840b50
06-03 21:02:40.716 E/mm-camera(  715): <MCT   ><ERROR> 2757: mct_stream_process_bus_msg: frameid is 4680 hal_version is 3
06-03 21:02:40.716 E/mm-camera(  715): <MCT   ><ERROR> 2759: mct_stream_process_bus_msg: kstate_ptr is 0xe4adf254, isp_kstate_ptr is 0xe8854000
06-03 21:02:40.716 E/mm-camera(  715): <MCT   ><ERROR> 2765: mct_stream_process_bus_msg: frame_id is 4680
06-03 21:02:40.716 E/QCamera (  715): <MCI><ERROR> mm_stream_data_notify: 337: E, my_handle = 0x5200, fd = 67, state = 6 blackjoe
06-03 21:02:40.716 E/QCamera (  715): <MCI><ERROR> mm_stream_read_msm_frame: 1723: E, my_handle = 0x5200, fd = 67, state = 6 blackjoe
06-03 21:02:40.717 I/QCamera (  715): <MCI><INFO> mm_stream_read_msm_frame: 1770: VIDIOC_DQBUF buf_index 17, frame_idx 4679, stream type 7, rc 0,queued: 17, buf_type = 0 flags = 8192 FD = 67 my_num 0 buf fd 116
06-03 21:02:40.717 E/QCamera (  715): <MCI><ERROR> mm_stream_read_msm_frame: 1790: X rc = 0
06-03 21:02:40.717 I/QCamera (  715): <MCI><INFO> mm_stream_handle_rcvd_buf: 220: E, my_handle = 0x5200, fd = 67, state = 6
06-03 21:02:40.717 I/QCamera (  715): <MCI><INFO> mm_stream_handle_rcvd_buf: 244: has cb and it is active by blackjoe
06-03 21:02:40.718 I/QCamera (  715): <MCI><INFO> mm_stream_dispatch_app_data: 415: E, my_handle = 0x5200, fd = 67, state = 6
06-03 21:02:40.718 I/QCamera (  715): <MCI><INFO> mm_stream_dispatch_app_data: 436: frame_sync.is_active = 0, is_cb_active = 1
06-03 21:02:40.718 I/QCamera (  715): <MCI><INFO> mm_stream_dispatch_app_data: 457: Enter callback by blackjoe
06-03 21:02:40.718 E/QCamera (  715): <HAL><ERROR> handleMetadataWithLock: 4863: Cancel missing frame = 5030, buffer = 0xe8693340,stream type = 8, stream format = 36
06-03 21:02:40.718 E/QCamera (  715): <HAL><ERROR> handleMetadataWithLock: 4863: Cancel missing frame = 5031, buffer = 0xe8698800,stream type = 8, stream format = 36
06-03 21:02:40.719 E/QCamera (  715): <MCI><ERROR> cancelBuffer: 884: Calling cancel buf on idx:9 for stream type:8
06-03 21:02:40.719 E/QCamera (  715): <HAL><ERROR> handleMetadataWithLock: 4863: Cancel missing frame = 5032, buffer = 0xe8693790,stream type = 8, stream format = 36
06-03 21:02:40.719 E/QCamera (  715): <MCI><ERROR> mm_stream_cancel_buf: 5156: mm_stream_cancel_buf(idx=9) err=-1
06-03 21:02:40.719 E/QCamera (  715): <HAL><ERROR> handleMetadataWithLock: 4863: Cancel missing frame = 5033, buffer = 0xe86965e0,stream type = 8, stream format = 36
06-03 21:02:40.719 E/QCamera (  715): <MCI><ERROR> cancelBuffer: 884: Calling cancel buf on idx:10 for stream type:8
06-03 21:02:40.719 E/QCamera (  715): <HAL><ERROR> handleMetadataWithLock: 4863: Cancel missing frame = 5034, buffer = 0xe8691540,stream type = 8, stream format = 36
06-03 21:02:40.724 E/        (    0): frame_src is 1 frame_id is 4680 blackjoe
06-03 21:02:40.719 E/QCamera (  715): <MCI><ERROR> mm_stream_cancel_buf: 5125: Error Trying to extract a frame already sent to HAL(idx=10) count=1
06-03 21:02:40.719 E/QCamera (  715): <HAL><ERROR> handleMetadataWithLock: 4863: Cancel missing frame = 5035, buffer = 0xe8697810,stream type = 8, stream format = 36
06-03 21:02:40.719 E/QCamera (  715): <MCI><ERROR> cancelBuffer: 884: Calling cancel buf on idx:6 for stream type:8
06-03 21:02:40.719 E/QCamera (  715): <MCI><ERROR> mm_stream_cancel_buf: 5125: Error Trying to extract a frame already sent to HAL(idx=6) count=1
06-03 21:02:40.719 E/QCamera (  715): <MCI><ERROR> cancelBuffer: 884: Calling cancel buf on idx:7 for stream type:8
06-03 21:02:40.720 E/QCamera (  715): <MCI><ERROR> mm_stream_cancel_buf: 5125: Error Trying to extract a frame already sent to HAL(idx=7) count=1
06-03 21:02:40.720 E/QCamera (  715): <MCI><ERROR> cancelBuffer: 884: Calling cancel buf on idx:11 for stream type:8
06-03 21:02:40.720 E/QCamera (  715): <MCI><ERROR> mm_stream_cancel_buf: 5125: Error Trying to extract a frame already sent to HAL(idx=11) count=1
06-03 21:02:40.720 E/QCamera (  715): <MCI><ERROR> cancelBuffer: 884: Calling cancel buf on idx:8 for stream type:8
06-03 21:02:40.720 E/QCamera (  715): <MCI><ERROR> mm_stream_cancel_buf: 5125: Error Trying to extract a frame already sent to HAL(idx=8) count=1
06-03 21:02:40.720 E/mm-camera(  715): <STATS_AIS ><ERROR> 1316: dsps_process_response_gyro: Query request denied, error code = 5, QId_valid = 1, QueryId = 0x480a, AckNak_valid = 1, AckNak = 3
06-03 21:02:40.759 E/        (    0): frame_src is 1 frame_id is 4681 blackjoe
06-03 21:02:40.748 E/mm-camera(  715): <SENSOR><ERROR> 4883: sensor_get_frame_duration: resolution is invalid, it seems stream has stopped.
06-03 21:02:40.749 E/mm-camera(  715): <SENSOR><ERROR> 884: sensor_fc_report_meta: Failed to get frame duration
06-03 21:02:40.749 E/mm-camera(  715): <SENSOR><ERROR> 4805: sensor_get_exposure_time: resolution is invalid, it seems stream has stopped.
06-03 21:02:40.749 E/mm-camera(  715): <SENSOR><ERROR> 904: sensor_fc_report_meta: Failed to get exposure time
06-03 21:02:40.750 E/mm-camera(  715): <MCT   ><ERROR> 2722: mct_stream_process_bus_msg: Check the runing function blackjoe 
06-03 21:02:40.751 E/mm-camera(  715): <MCT   ><ERROR> 2755: mct_stream_process_bus_msg: isp_sof_bus_msg is 0xe7840ac0
06-03 21:02:40.751 E/mm-camera(  715): <MCT   ><ERROR> 2757: mct_stream_process_bus_msg: frameid is 4681 hal_version is 3
06-03 21:02:40.751 E/mm-camera(  715): <MCT   ><ERROR> 2759: mct_stream_process_bus_msg: kstate_ptr is 0xe4adf254, isp_kstate_ptr is 0xe8854000
06-03 21:02:40.751 E/mm-camera(  715): <MCT   ><ERROR> 2765: mct_stream_process_bus_msg: frame_id is 4681
06-03 21:02:40.752 E/QCamera (  715): <MCI><ERROR> mm_stream_data_notify: 337: E, my_handle = 0x5200, fd = 67, state = 6 blackjoe
06-03 21:02:40.752 E/QCamera (  715): <MCI><ERROR> mm_stream_read_msm_frame: 1723: E, my_handle = 0x5200, fd = 67, state = 6 blackjoe
06-03 21:02:40.753 I/QCamera (  715): <MCI><INFO> mm_stream_read_msm_frame: 1770: VIDIOC_DQBUF buf_index 0, frame_idx 4680, stream type 7, rc 0,queued: 17, buf_type = 0 flags = 8192 FD = 67 my_num 0 buf fd 82
06-03 21:02:40.753 E/QCamera (  715): <MCI><ERROR> mm_stream_read_msm_frame: 1790: X rc = 0
06-03 21:02:40.753 I/QCamera (  715): <MCI><INFO> mm_stream_handle_rcvd_buf: 220: E, my_handle = 0x5200, fd = 67, state = 6
06-03 21:02:40.754 I/QCamera (  715): <MCI><INFO> mm_stream_handle_rcvd_buf: 244: has cb and it is active by blackjoe
06-03 21:02:40.754 E/mm-camera(  715): <STATS_AIS ><ERROR> 1316: dsps_process_response_gyro: Query request denied, error code = 5, QId_valid = 1, QueryId = 0x490a, AckNak_valid = 1, AckNak = 3
06-03 21:02:40.754 I/QCamera (  715): <MCI><INFO> mm_stream_dispatch_app_data: 415: E, my_handle = 0x5200, fd = 67, state = 6
06-03 21:02:40.754 I/QCamera (  715): <MCI><INFO> mm_stream_dispatch_app_data: 436: frame_sync.is_active = 0, is_cb_active = 1
06-03 21:02:40.754 I/QCamera (  715): <MCI><INFO> mm_stream_dispatch_app_data: 457: Enter callback by blackjoe
06-03 21:02:40.755 E/QCamera (  715): <HAL><ERROR> handleMetadataWithLock: 4863: Cancel missing frame = 5030, buffer = 0xe8693340,stream type = 8, stream format = 36
06-03 21:02:40.755 E/QCamera (  715): <HAL><ERROR> handleMetadataWithLock: 4863: Cancel missing frame = 5031, buffer = 0xe8698800,stream type = 8, stream format = 36
06-03 21:02:40.756 E/QCamera (  715): <HAL><ERROR> handleMetadataWithLock: 4863: Cancel missing frame = 5032, buffer = 0xe8693790,stream type = 8, stream format = 36
06-03 21:02:40.756 E/QCamera (  715): <MCI><ERROR> cancelBuffer: 884: Calling cancel buf on idx:9 for stream type:8
06-03 21:02:40.756 E/QCamera (  715): <HAL><ERROR> handleMetadataWithLock: 4863: Cancel missing frame = 5033, buffer = 0xe86965e0,stream type = 8, stream format = 36
06-03 21:02:40.756 E/QCamera (  715): <MCI><ERROR> mm_stream_cancel_buf: 5156: mm_stream_cancel_buf(idx=9) err=-1
06-03 21:02:40.756 E/QCamera (  715): <HAL><ERROR> handleMetadataWithLock: 4863: Cancel missing frame = 5034, buffer = 0xe8691540,stream type = 8, stream format = 36
06-03 21:02:40.756 E/QCamera (  715): <MCI><ERROR> cancelBuffer: 884: Calling cancel buf on idx:10 for stream type:8
06-03 21:02:40.756 E/QCamera (  715): <HAL><ERROR> handleMetadataWithLock: 4863: Cancel missing frame = 5035, buffer = 0xe8697810,stream type = 8, stream format = 36
06-03 21:02:40.757 E/QCamera (  715): <MCI><ERROR> mm_stream_cancel_buf: 5125: Error Trying to extract a frame already sent to HAL(idx=10) count=1
06-03 21:02:40.757 E/QCamera (  715): <MCI><ERROR> cancelBuffer: 884: Calling cancel buf on idx:6 for stream type:8
06-03 21:02:40.757 E/QCamera (  715): <MCI><ERROR> mm_stream_cancel_buf: 5125: Error Trying to extract a frame already sent to HAL(idx=6) count=1
06-03 21:02:40.757 E/QCamera (  715): <MCI><ERROR> cancelBuffer: 884: Calling cancel buf on idx:7 for stream type:8
06-03 21:02:40.757 E/QCamera (  715): <MCI><ERROR> mm_stream_cancel_buf: 5125: Error Trying to extract a frame already sent to HAL(idx=7) count=1
06-03 21:02:40.758 E/QCamera (  715): <MCI><ERROR> cancelBuffer: 884: Calling cancel buf on idx:11 for stream type:8
06-03 21:02:40.758 E/QCamera (  715): <MCI><ERROR> mm_stream_cancel_buf: 5125: Error Trying to extract a frame already sent to HAL(idx=11) count=1
06-03 21:02:40.758 E/QCamera (  715): <MCI><ERROR> cancelBuffer: 884: Calling cancel buf on idx:8 for stream type:8
06-03 21:02:40.758 E/QCamera (  715): <MCI><ERROR> mm_stream_cancel_buf: 5125: Error Trying to extract a frame already sent to HAL(idx=8) count=1
06-03 21:02:40.775 D/logd    (    0): logdr: UID=0 GID=0 PID=12804 n tail=0 logMask=99 pid=0 start=0ns timeout=0ns
06-03 21:02:40.786 E/mm-camera(  715): <SENSOR><ERROR> 4883: sensor_get_frame_duration: resolution is invalid, it seems stream has stopped.
06-03 21:02:40.794 W/healthd (    0): battery l=39 v=3468 t=27.0 h=2 st=2 c=-953124 fc=0 cc=8 chg=u
06-03 21:02:40.797 E/        (    0): frame_src is 1 frame_id is 4682 blackjoe
06-03 21:02:40.816 E/        (    0): frame_src is 1 frame_id is 4683 blackjoe
