06-03 20:57:26.814 I/QCamera (  715): <MCI><INFO> mm_stream_dispatch_app_data: 415: E, my_handle = 0x5200, fd = 67, state = 6
06-03 20:57:26.814 I/QCamera (  715): <MCI><INFO> mm_stream_dispatch_app_data: 436: frame_sync.is_active = 0, is_cb_active = 1
06-03 20:57:26.815 I/QCamera (  715): <MCI><INFO> mm_stream_dispatch_app_data: 457: Enter callback by blackjoe
06-03 20:57:26.815 E/QCamera (  715): <HAL><ERROR> handleMetadataWithLock: 4863: Cancel missing frame = 5030, buffer = 0xe8693340,stream type = 8, stream format = 36
06-03 20:57:26.815 E/QCamera (  715): <MCI><ERROR> cancelBuffer: 884: Calling cancel buf on idx:9 for stream type:8
06-03 20:57:26.815 E/QCamera (  715): <HAL><ERROR> handleMetadataWithLock: 4863: Cancel missing frame = 5031, buffer = 0xe8698800,stream type = 8, stream format = 36
06-03 20:57:26.815 E/QCamera (  715): <MCI><ERROR> mm_stream_cancel_buf: 5156: mm_stream_cancel_buf(idx=9) err=-1
06-03 20:57:26.815 E/QCamera (  715): <HAL><ERROR> handleMetadataWithLock: 4863: Cancel missing frame = 5032, buffer = 0xe8693790,stream type = 8, stream format = 36
06-03 20:57:26.816 E/QCamera (  715): <MCI><ERROR> cancelBuffer: 884: Calling cancel buf on idx:10 for stream type:8
06-03 20:57:26.816 E/QCamera (  715): <HAL><ERROR> handleMetadataWithLock: 4863: Cancel missing frame = 5033, buffer = 0xe86965e0,stream type = 8, stream format = 36
06-03 20:57:26.816 E/QCamera (  715): <MCI><ERROR> mm_stream_cancel_buf: 5125: Error Trying to extract a frame already sent to HAL(idx=10) count=1
06-03 20:57:26.816 E/QCamera (  715): <HAL><ERROR> handleMetadataWithLock: 4863: Cancel missing frame = 5034, buffer = 0xe8691540,stream type = 8, stream format = 36
06-03 20:57:26.816 E/QCamera (  715): <MCI><ERROR> cancelBuffer: 884: Calling cancel buf on idx:6 for stream type:8
06-03 20:57:26.816 E/QCamera (  715): <HAL><ERROR> handleMetadataWithLock: 4863: Cancel missing frame = 5035, buffer = 0xe8697810,stream type = 8, stream format = 36
06-03 20:57:26.816 E/QCamera (  715): <MCI><ERROR> mm_stream_cancel_buf: 5125: Error Trying to extract a frame already sent to HAL(idx=6) count=1
06-03 20:57:26.817 E/QCamera (  715): <MCI><ERROR> cancelBuffer: 884: Calling cancel buf on idx:7 for stream type:8
06-03 20:57:26.817 E/QCamera (  715): <MCI><ERROR> mm_stream_cancel_buf: 5125: Error Trying to extract a frame already sent to HAL(idx=7) count=1
06-03 20:57:26.817 E/mm-camera(  715): <STATS_AIS ><ERROR> 1316: dsps_process_response_gyro: Query request denied, error code = 5, QId_valid = 1, QueryId = 0x4e0a, AckNak_valid = 1, AckNak = 3
06-03 20:57:26.817 E/QCamera (  715): <MCI><ERROR> cancelBuffer: 884: Calling cancel buf on idx:11 for stream type:8
06-03 20:57:26.817 E/QCamera (  715): <MCI><ERROR> mm_stream_cancel_buf: 5125: Error Trying to extract a frame already sent to HAL(idx=11) count=1
06-03 20:57:26.817 E/QCamera (  715): <MCI><ERROR> cancelBuffer: 884: Calling cancel buf on idx:8 for stream type:8
06-03 20:57:26.818 E/QCamera (  715): <MCI><ERROR> mm_stream_cancel_buf: 5125: Error Trying to extract a frame already sent to HAL(idx=8) count=1
06-03 20:57:26.852 E/        (    0): frame_src is 1 frame_id is 2895 blackjoe
06-03 20:57:26.844 E/mm-camera(  715): <SENSOR><ERROR> 4883: sensor_get_frame_duration: resolution is invalid, it seems stream has stopped.
06-03 20:57:26.844 E/mm-camera(  715): <SENSOR><ERROR> 884: sensor_fc_report_meta: Failed to get frame duration
06-03 20:57:26.844 E/mm-camera(  715): <SENSOR><ERROR> 4805: sensor_get_exposure_time: resolution is invalid, it seems stream has stopped.
06-03 20:57:26.844 E/mm-camera(  715): <SENSOR><ERROR> 904: sensor_fc_report_meta: Failed to get exposure time
06-03 20:57:26.845 E/mm-camera(  715): <MCT   ><ERROR> 2722: mct_stream_process_bus_msg: Check the runing function blackjoe 
06-03 20:57:26.846 E/mm-camera(  715): <MCT   ><ERROR> 2755: mct_stream_process_bus_msg: isp_sof_bus_msg is 0xe7840370
06-03 20:57:26.846 E/mm-camera(  715): <MCT   ><ERROR> 2757: mct_stream_process_bus_msg: frameid is 2895 hal_version is 3
06-03 20:57:26.846 E/mm-camera(  715): <MCT   ><ERROR> 2759: mct_stream_process_bus_msg: kstate_ptr is 0xe4adf254, isp_kstate_ptr is 0xe8854000
06-03 20:57:26.846 E/mm-camera(  715): <MCT   ><ERROR> 2765: mct_stream_process_bus_msg: frame_id is 2895
06-03 20:57:26.847 E/QCamera (  715): <MCI><ERROR> mm_stream_data_notify: 337: E, my_handle = 0x5200, fd = 67, state = 6 blackjoe
06-03 20:57:26.847 E/QCamera (  715): <MCI><ERROR> mm_stream_read_msm_frame: 1723: E, my_handle = 0x5200, fd = 67, state = 6 blackjoe
06-03 20:57:26.848 I/QCamera (  715): <MCI><INFO> mm_stream_read_msm_frame: 1770: VIDIOC_DQBUF buf_index 14, frame_idx 2894, stream type 7, rc 0,queued: 17, buf_type = 0 flags = 8192 FD = 67 my_num 0 buf fd 110
06-03 20:57:26.848 E/QCamera (  715): <MCI><ERROR> mm_stream_read_msm_frame: 1790: X rc = 0
06-03 20:57:26.848 I/QCamera (  715): <MCI><INFO> mm_stream_handle_rcvd_buf: 220: E, my_handle = 0x5200, fd = 67, state = 6
06-03 20:57:26.849 I/QCamera (  715): <MCI><INFO> mm_stream_handle_rcvd_buf: 244: has cb and it is active by blackjoe
06-03 20:57:26.849 I/QCamera (  715): <MCI><INFO> mm_stream_dispatch_app_data: 415: E, my_handle = 0x5200, fd = 67, state = 6
06-03 20:57:26.849 I/QCamera (  715): <MCI><INFO> mm_stream_dispatch_app_data: 436: frame_sync.is_active = 0, is_cb_active = 1
06-03 20:57:26.849 I/QCamera (  715): <MCI><INFO> mm_stream_dispatch_app_data: 457: Enter callback by blackjoe
06-03 20:57:26.850 E/QCamera (  715): <HAL><ERROR> handleMetadataWithLock: 4863: Cancel missing frame = 5030, buffer = 0xe8693340,stream type = 8, stream format = 36
06-03 20:57:26.850 E/QCamera (  715): <HAL><ERROR> handleMetadataWithLock: 4863: Cancel missing frame = 5031, buffer = 0xe8698800,stream type = 8, stream format = 36
06-03 20:57:26.850 E/QCamera (  715): <MCI><ERROR> cancelBuffer: 884: Calling cancel buf on idx:9 for stream type:8
06-03 20:57:26.850 E/QCamera (  715): <HAL><ERROR> handleMetadataWithLock: 4863: Cancel missing frame = 5032, buffer = 0xe8693790,stream type = 8, stream format = 36
06-03 20:57:26.850 E/QCamera (  715): <MCI><ERROR> mm_stream_cancel_buf: 5156: mm_stream_cancel_buf(idx=9) err=-1
06-03 20:57:26.851 E/QCamera (  715): <HAL><ERROR> handleMetadataWithLock: 4863: Cancel missing frame = 5033, buffer = 0xe86965e0,stream type = 8, stream format = 36
06-03 20:57:26.851 E/QCamera (  715): <MCI><ERROR> cancelBuffer: 884: Calling cancel buf on idx:10 for stream type:8
06-03 20:57:26.851 E/QCamera (  715): <HAL><ERROR> handleMetadataWithLock: 4863: Cancel missing frame = 5034, buffer = 0xe8691540,stream type = 8, stream format = 36
06-03 20:57:26.851 E/QCamera (  715): <MCI><ERROR> mm_stream_cancel_buf: 5125: Error Trying to extract a frame already sent to HAL(idx=10) count=1
06-03 20:57:26.851 E/QCamera (  715): <HAL><ERROR> handleMetadataWithLock: 4863: Cancel missing frame = 5035, buffer = 0xe8697810,stream type = 8, stream format = 36
06-03 20:57:26.851 E/QCamera (  715): <MCI><ERROR> cancelBuffer: 884: Calling cancel buf on idx:6 for stream type:8
06-03 20:57:26.851 E/QCamera (  715): <MCI><ERROR> mm_stream_cancel_buf: 5125: Error Trying to extract a frame already sent to HAL(idx=6) count=1
06-03 20:57:26.851 E/QCamera (  715): <MCI><ERROR> cancelBuffer: 884: Calling cancel buf on idx:7 for stream type:8
06-03 20:57:26.851 E/mm-camera(  715): <STATS_AIS ><ERROR> 1316: dsps_process_response_gyro: Query request denied, error code = 5, QId_valid = 1, QueryId = 0x4f0a, AckNak_valid = 1, AckNak = 3
06-03 20:57:26.852 E/QCamera (  715): <MCI><ERROR> mm_stream_cancel_buf: 5125: Error Trying to extract a frame already sent to HAL(idx=7) count=1
06-03 20:57:26.852 E/QCamera (  715): <MCI><ERROR> cancelBuffer: 884: Calling cancel buf on idx:11 for stream type:8
06-03 20:57:26.852 E/QCamera (  715): <MCI><ERROR> mm_stream_cancel_buf: 5125: Error Trying to extract a frame already sent to HAL(idx=11) count=1
06-03 20:57:26.853 E/QCamera (  715): <MCI><ERROR> cancelBuffer: 884: Calling cancel buf on idx:8 for stream type:8
06-03 20:57:26.853 E/QCamera (  715): <MCI><ERROR> mm_stream_cancel_buf: 5125: Error Trying to extract a frame already sent to HAL(idx=8) count=1
06-03 20:57:26.876 E/mm-camera(  715): <SENSOR><ERROR> 4883: sensor_get_frame_duration: resolution is invalid, it seems stream has stopped.
06-03 20:57:26.877 E/mm-camera(  715): <SENSOR><ERROR> 884: sensor_fc_report_meta: Failed to get frame duration
06-03 20:57:26.877 E/mm-camera(  715): <SENSOR><ERROR> 4805: sensor_get_exposure_time: resolution is invalid, it seems stream has stopped.
06-03 20:57:26.877 E/mm-camera(  715): <SENSOR><ERROR> 904: sensor_fc_report_meta: Failed to get exposure time
06-03 20:57:26.878 E/mm-camera(  715): <MCT   ><ERROR> 2722: mct_stream_process_bus_msg: Check the runing function blackjoe 
06-03 20:57:26.878 E/mm-camera(  715): <MCT   ><ERROR> 2755: mct_stream_process_bus_msg: isp_sof_bus_msg is 0xe7840370
06-03 20:57:26.878 E/mm-camera(  715): <MCT   ><ERROR> 2757: mct_stream_process_bus_msg: frameid is 2896 hal_version is 3
06-03 20:57:26.879 E/mm-camera(  715): <MCT   ><ERROR> 2759: mct_stream_process_bus_msg: kstate_ptr is 0xe4adf254, isp_kstate_ptr is 0xe8854000
06-03 20:57:26.879 E/mm-camera(  715): <MCT   ><ERROR> 2765: mct_stream_process_bus_msg: frame_id is 2896
06-03 20:57:26.879 E/QCamera (  715): <MCI><ERROR> mm_stream_data_notify: 337: E, my_handle = 0x5200, fd = 67, state = 6 blackjoe
06-03 20:57:26.879 E/QCamera (  715): <MCI><ERROR> mm_stream_read_msm_frame: 1723: E, my_handle = 0x5200, fd = 67, state = 6 blackjoe
06-03 20:57:26.880 I/QCamera (  715): <MCI><INFO> mm_stream_read_msm_frame: 1770: VIDIOC_DQBUF buf_index 15, frame_idx 2895, stream type 7, rc 0,queued: 17, buf_type = 0 flags = 8192 FD = 67 my_num 0 buf fd 112
06-03 20:57:26.880 E/QCamera (  715): <MCI><ERROR> mm_stream_read_msm_frame: 1790: X rc = 0
06-03 20:57:26.880 I/QCamera (  715): <MCI><INFO> mm_stream_handle_rcvd_buf: 220: E, my_handle = 0x5200, fd = 67, state = 6
06-03 20:57:26.886 E/        (    0): frame_src is 1 frame_id is 2896 blackjoe
06-03 20:57:26.880 I/QCamera (  715): <MCI><INFO> mm_stream_handle_rcvd_buf: 244: has cb and it is active by blackjoe
06-03 20:57:26.881 I/QCamera (  715): <MCI><INFO> mm_stream_dispatch_app_data: 415: E, my_handle = 0x5200, fd = 67, state = 6
06-03 20:57:26.881 I/QCamera (  715): <MCI><INFO> mm_stream_dispatch_app_data: 436: frame_sync.is_active = 0, is_cb_active = 1
06-03 20:57:26.881 I/QCamera (  715): <MCI><INFO> mm_stream_dispatch_app_data: 457: Enter callback by blackjoe
06-03 20:57:26.881 E/QCamera (  715): <HAL><ERROR> handleMetadataWithLock: 4863: Cancel missing frame = 5030, buffer = 0xe8693340,stream type = 8, stream format = 36
06-03 20:57:26.882 E/QCamera (  715): <HAL><ERROR> handleMetadataWithLock: 4863: Cancel missing frame = 5031, buffer = 0xe8698800,stream type = 8, stream format = 36
06-03 20:57:26.882 E/QCamera (  715): <HAL><ERROR> handleMetadataWithLock: 4863: Cancel missing frame = 5032, buffer = 0xe8693790,stream type = 8, stream format = 36
06-03 20:57:26.882 E/QCamera (  715): <HAL><ERROR> handleMetadataWithLock: 4863: Cancel missing frame = 5033, buffer = 0xe86965e0,stream type = 8, stream format = 36
06-03 20:57:26.882 E/QCamera (  715): <HAL><ERROR> handleMetadataWithLock: 4863: Cancel missing frame = 5034, buffer = 0xe8691540,stream type = 8, stream format = 36
06-03 20:57:26.883 E/QCamera (  715): <HAL><ERROR> handleMetadataWithLock: 4863: Cancel missing frame = 5035, buffer = 0xe8697810,stream type = 8, stream format = 36
06-03 20:57:26.883 E/mm-camera(  715): <STATS_AIS ><ERROR> 1316: dsps_process_response_gyro: Query request denied, error code = 5, QId_valid = 1, QueryId = 0x500a, AckNak_valid = 1, AckNak = 3
06-03 20:57:26.883 E/QCamera (  715): <MCI><ERROR> cancelBuffer: 884: Calling cancel buf on idx:9 for stream type:8
06-03 20:57:26.883 E/QCamera (  715): <MCI><ERROR> mm_stream_cancel_buf: 5156: mm_stream_cancel_buf(idx=9) err=-1
06-03 20:57:26.883 E/QCamera (  715): <MCI><ERROR> cancelBuffer: 884: Calling cancel buf on idx:10 for stream type:8
06-03 20:57:26.883 E/QCamera (  715): <MCI><ERROR> mm_stream_cancel_buf: 5125: Error Trying to extract a frame already sent to HAL(idx=10) count=1
06-03 20:57:26.884 E/QCamera (  715): <MCI><ERROR> cancelBuffer: 884: Calling cancel buf on idx:6 for stream type:8
06-03 20:57:26.884 E/QCamera (  715): <MCI><ERROR> mm_stream_cancel_buf: 5125: Error Trying to extract a frame already sent to HAL(idx=6) count=1
06-03 20:57:26.884 E/QCamera (  715): <MCI><ERROR> cancelBuffer: 884: Calling cancel buf on idx:7 for stream type:8
06-03 20:57:26.884 E/QCamera (  715): <MCI><ERROR> mm_stream_cancel_buf: 5125: Error Trying to extract a frame already sent to HAL(idx=7) count=1
06-03 20:57:26.884 E/QCamera (  715): <MCI><ERROR> cancelBuffer: 884: Calling cancel buf on idx:11 for stream type:8
06-03 20:57:26.884 E/QCamera (  715): <MCI><ERROR> mm_stream_cancel_buf: 5125: Error Trying to extract a frame already sent to HAL(idx=11) count=1
06-03 20:57:26.885 E/QCamera (  715): <MCI><ERROR> cancelBuffer: 884: Calling cancel buf on idx:8 for stream type:8
06-03 20:57:26.885 E/QCamera (  715): <MCI><ERROR> mm_stream_cancel_buf: 5125: Error Trying to extract a frame already sent to HAL(idx=8) count=1
06-03 20:57:26.950 D/logd    (    0): logdr: UID=0 GID=0 PID=11498 n tail=0 logMask=99 pid=0 start=0ns timeout=0ns
06-03 20:57:26.970 E/        (    0): frame_src is 1 frame_id is 2897 blackjoe
06-03 20:57:27.004 E/        (    0): frame_src is 1 frame_id is 2898 blackjoe
06-03 20:57:26.961 E/mm-camera(  715): <SENSOR><ERROR> 4883: sensor_get_frame_duration: resolution is invalid, it seems stream has stopped.
06-03 20:57:26.961 E/mm-camera(  715): <SENSOR><ERROR> 884: sensor_fc_report_meta: Failed to get frame duration
06-03 20:57:26.962 E/mm-camera(  715): <SENSOR><ERROR> 4805: sensor_get_exposure_time: resolution is invalid, it seems stream has stopped.
06-03 20:57:26.962 E/mm-camera(  715): <SENSOR><ERROR> 904: sensor_fc_report_meta: Failed to get exposure time
06-03 20:57:26.963 E/mm-camera(  715): <MCT   ><ERROR> 2722: mct_stream_process_bus_msg: Check the runing function blackjoe 
06-03 20:57:26.964 E/mm-camera(  715): <MCT   ><ERROR> 2755: mct_stream_process_bus_msg: isp_sof_bus_msg is 0xe7840370
06-03 20:57:26.964 E/mm-camera(  715): <MCT   ><ERROR> 2757: mct_stream_process_bus_msg: frameid is 2897 hal_version is 3
06-03 20:57:26.964 E/mm-camera(  715): <MCT   ><ERROR> 2759: mct_stream_process_bus_msg: kstate_ptr is 0xe4adf254, isp_kstate_ptr is 0xe8854000
06-03 20:57:26.964 E/mm-camera(  715): <MCT   ><ERROR> 2765: mct_stream_process_bus_msg: frame_id is 2897
06-03 20:57:26.965 E/QCamera (  715): <MCI><ERROR> mm_stream_data_notify: 337: E, my_handle = 0x5200, fd = 67, state = 6 blackjoe
06-03 20:57:26.965 E/QCamera (  715): <MCI><ERROR> mm_stream_read_msm_frame: 1723: E, my_handle = 0x5200, fd = 67, state = 6 blackjoe
06-03 20:57:26.966 I/QCamera (  715): <MCI><INFO> mm_stream_read_msm_frame: 1770: VIDIOC_DQBUF buf_index 16, frame_idx 2896, stream type 7, rc 0,queued: 17, buf_type = 0 flags = 8192 FD = 67 my_num 0 buf fd 114
06-03 20:57:26.966 E/QCamera (  715): <MCI><ERROR> mm_stream_read_msm_frame: 1790: X rc = 0
06-03 20:57:26.966 I/QCamera (  715): <MCI><INFO> mm_stream_handle_rcvd_buf: 220: E, my_handle = 0x5200, fd = 67, state = 6
06-03 20:57:26.966 I/QCamera (  715): <MCI><INFO> mm_stream_handle_rcvd_buf: 244: has cb and it is active by blackjoe
06-03 20:57:26.966 I/QCamera (  715): <MCI><INFO> mm_stream_dispatch_app_data: 415: E, my_handle = 0x5200, fd = 67, state = 6
06-03 20:57:26.967 I/QCamera (  715): <MCI><INFO> mm_stream_dispatch_app_data: 436: frame_sync.is_active = 0, is_cb_active = 1
06-03 20:57:26.967 I/QCamera (  715): <MCI><INFO> mm_stream_dispatch_app_data: 457: Enter callback by blackjoe
06-03 20:57:26.967 E/QCamera (  715): <HAL><ERROR> handleMetadataWithLock: 4863: Cancel missing frame = 5030, buffer = 0xe8693340,stream type = 8, stream format = 36
06-03 20:57:26.967 E/QCamera (  715): <HAL><ERROR> handleMetadataWithLock: 4863: Cancel missing frame = 5031, buffer = 0xe8698800,stream type = 8, stream format = 36
06-03 20:57:26.968 E/QCamera (  715): <HAL><ERROR> handleMetadataWithLock: 4863: Cancel missing frame = 5032, buffer = 0xe8693790,stream type = 8, stream format = 36
06-03 20:57:26.968 E/QCamera (  715): <HAL><ERROR> handleMetadataWithLock: 4863: Cancel missing frame = 5033, buffer = 0xe86965e0,stream type = 8, stream format = 36
06-03 20:57:26.968 E/QCamera (  715): <HAL><ERROR> handleMetadataWithLock: 4863: Cancel missing frame = 5034, buffer = 0xe8691540,stream type = 8, stream format = 36
06-03 20:57:26.968 E/QCamera (  715): <HAL><ERROR> handleMetadataWithLock: 4863: Cancel missing frame = 5035, buffer = 0xe8697810,stream type = 8, stream format = 36
06-03 20:57:26.969 E/QCamera (  715): <MCI><ERROR> cancelBuffer: 884: Calling cancel buf on idx:9 for stream type:8
06-03 20:57:26.969 E/mm-camera(  715): <STATS_AIS ><ERROR> 1316: dsps_process_response_gyro: Query request denied, error code = 5, QId_valid = 1, QueryId = 0x510a, AckNak_valid = 1, AckNak = 3
06-03 20:57:26.969 E/QCamera (  715): <MCI><ERROR> mm_stream_cancel_buf: 5156: mm_stream_cancel_buf(idx=9) err=-1
06-03 20:57:26.969 E/QCamera (  715): <MCI><ERROR> cancelBuffer: 884: Calling cancel buf on idx:10 for stream type:8
06-03 20:57:26.969 E/QCamera (  715): <MCI><ERROR> mm_stream_cancel_buf: 5125: Error Trying to extract a frame already sent to HAL(idx=10) count=1
06-03 20:57:26.969 E/QCamera (  715): <MCI><ERROR> cancelBuffer: 884: Calling cancel buf on idx:6 for stream type:8
06-03 20:57:26.969 E/QCamera (  715): <MCI><ERROR> mm_stream_cancel_buf: 5125: Error Trying to extract a frame already sent to HAL(idx=6) count=1
06-03 20:57:26.970 E/QCamera (  715): <MCI><ERROR> cancelBuffer: 884: Calling cancel buf on idx:7 for stream type:8
06-03 20:57:26.970 E/QCamera (  715): <MCI><ERROR> mm_stream_cancel_buf: 5125: Error Trying to extract a frame already sent to HAL(idx=7) count=1
06-03 20:57:26.970 E/QCamera (  715): <MCI><ERROR> cancelBuffer: 884: Calling cancel buf on idx:11 for stream type:8
06-03 20:57:26.970 E/QCamera (  715): <MCI><ERROR> mm_stream_cancel_buf: 5125: Error Trying to extract a frame already sent to HAL(idx=11) count=1
06-03 20:57:26.970 E/QCamera (  715): <MCI><ERROR> cancelBuffer: 884: Calling cancel buf on idx:8 for stream type:8
06-03 20:57:26.970 E/QCamera (  715): <MCI><ERROR> mm_stream_cancel_buf: 5125: Error Trying to extract a frame already sent to HAL(idx=8) count=1
06-03 20:57:26.994 E/mm-camera(  715): <SENSOR><ERROR> 4883: sensor_get_frame_duration: resolution is invalid, it seems stream has stopped.
06-03 20:57:26.994 E/mm-camera(  715): <SENSOR><ERROR> 884: sensor_fc_report_meta: Failed to get frame duration
06-03 20:57:26.994 E/mm-camera(  715): <SENSOR><ERROR> 4805: sensor_get_exposure_time: resolution is invalid, it seems stream has stopped.
06-03 20:57:26.994 E/mm-camera(  715): <SENSOR><ERROR> 904: sensor_fc_report_meta: Failed to get exposure time
06-03 20:57:26.996 E/mm-camera(  715): <MCT   ><ERROR> 2722: mct_stream_process_bus_msg: Check the runing function blackjoe 
06-03 20:57:26.996 E/mm-camera(  715): <MCT   ><ERROR> 2755: mct_stream_process_bus_msg: isp_sof_bus_msg is 0xe7840370
06-03 20:57:26.996 E/mm-camera(  715): <MCT   ><ERROR> 2757: mct_stream_process_bus_msg: frameid is 2898 hal_version is 3
06-03 20:57:26.997 E/mm-camera(  715): <MCT   ><ERROR> 2759: mct_stream_process_bus_msg: kstate_ptr is 0xe4adf254, isp_kstate_ptr is 0xe8854000
06-03 20:57:26.997 E/mm-camera(  715): <MCT   ><ERROR> 2765: mct_stream_process_bus_msg: frame_id is 2898
06-03 20:57:26.997 E/QCamera (  715): <MCI><ERROR> mm_stream_data_notify: 337: E, my_handle = 0x5200, fd = 67, state = 6 blackjoe
06-03 20:57:26.997 E/QCamera (  715): <MCI><ERROR> mm_stream_read_msm_frame: 1723: E, my_handle = 0x5200, fd = 67, state = 6 blackjoe
06-03 20:57:26.998 I/QCamera (  715): <MCI><INFO> mm_stream_read_msm_frame: 1770: VIDIOC_DQBUF buf_index 17, frame_idx 2897, stream type 7, rc 0,queued: 17, buf_type = 0 flags = 8192 FD = 67 my_num 0 buf fd 116
06-03 20:57:26.998 E/QCamera (  715): <MCI><ERROR> mm_stream_read_msm_frame: 1790: X rc = 0
06-03 20:57:26.998 I/QCamera (  715): <MCI><INFO> mm_stream_handle_rcvd_buf: 220: E, my_handle = 0x5200, fd = 67, state = 6
06-03 20:57:26.998 I/QCamera (  715): <MCI><INFO> mm_stream_handle_rcvd_buf: 244: has cb and it is active by blackjoe
06-03 20:57:26.999 I/QCamera (  715): <MCI><INFO> mm_stream_dispatch_app_data: 415: E, my_handle = 0x5200, fd = 67, state = 6
06-03 20:57:26.999 I/QCamera (  715): <MCI><INFO> mm_stream_dispatch_app_data: 436: frame_sync.is_active = 0, is_cb_active = 1
06-03 20:57:26.999 I/QCamera (  715): <MCI><INFO> mm_stream_dispatch_app_data: 457: Enter callback by blackjoe
06-03 20:57:26.999 E/QCamera (  715): <HAL><ERROR> handleMetadataWithLock: 4863: Cancel missing frame = 5030, buffer = 0xe8693340,stream type = 8, stream format = 36
06-03 20:57:27.000 E/QCamera (  715): <HAL><ERROR> handleMetadataWithLock: 4863: Cancel missing frame = 5031, buffer = 0xe8698800,stream type = 8, stream format = 36
06-03 20:57:27.000 E/QCamera (  715): <HAL><ERROR> handleMetadataWithLock: 4863: Cancel missing frame = 5032, buffer = 0xe8693790,stream type = 8, stream format = 36
06-03 20:57:27.000 E/QCamera (  715): <HAL><ERROR> handleMetadataWithLock: 4863: Cancel missing frame = 5033, buffer = 0xe86965e0,stream type = 8, stream format = 36
06-03 20:57:27.000 E/QCamera (  715): <HAL><ERROR> handleMetadataWithLock: 4863: Cancel missing frame = 5034, buffer = 0xe8691540,stream type = 8, stream format = 36
06-03 20:57:27.000 E/QCamera (  715): <HAL><ERROR> handleMetadataWithLock: 4863: Cancel missing frame = 5035, buffer = 0xe8697810,stream type = 8, stream format = 36
06-03 20:57:27.001 E/mm-camera(  715): <STATS_AIS ><ERROR> 1316: dsps_process_response_gyro: Query request denied, error code = 5, QId_valid = 1, QueryId = 0x520a, AckNak_valid = 1, AckNak = 3
06-03 20:57:27.001 E/QCamera (  715): <MCI><ERROR> cancelBuffer: 884: Calling cancel buf on idx:9 for stream type:8
06-03 20:57:27.001 E/QCamera (  715): <MCI><ERROR> mm_stream_cancel_buf: 5156: mm_stream_cancel_buf(idx=9) err=-1
06-03 20:57:27.001 E/QCamera (  715): <MCI><ERROR> cancelBuffer: 884: Calling cancel buf on idx:10 for stream type:8
06-03 20:57:27.001 E/QCamera (  715): <MCI><ERROR> mm_stream_cancel_buf: 5125: Error Trying to extract a frame already sent to HAL(idx=10) count=1
06-03 20:57:27.001 E/QCamera (  715): <MCI><ERROR> cancelBuffer: 884: Calling cancel buf on idx:6 for stream type:8
06-03 20:57:27.001 E/QCamera (  715): <MCI><ERROR> mm_stream_cancel_buf: 5125: Error Trying to extract a frame already sent to HAL(idx=6) count=1
06-03 20:57:27.001 E/QCamera (  715): <MCI><ERROR> cancelBuffer: 884: Calling cancel buf on idx:7 for stream type:8
06-03 20:57:27.002 E/QCamera (  715): <MCI><ERROR> mm_stream_cancel_buf: 5125: Error Trying to extract a frame already sent to HAL(idx=7) count=1
06-03 20:57:27.002 E/QCamera (  715): <MCI><ERROR> cancelBuffer: 884: Calling cancel buf on idx:11 for stream type:8
06-03 20:57:27.002 E/QCamera (  715): <MCI><ERROR> mm_stream_cancel_buf: 5125: Error Trying to extract a frame already sent to HAL(idx=11) count=1
06-03 20:57:27.002 E/QCamera (  715): <MCI><ERROR> cancelBuffer: 884: Calling cancel buf on idx:8 for stream type:8
06-03 20:57:27.002 E/QCamera (  715): <MCI><ERROR> mm_stream_cancel_buf: 5125: Error Trying to extract a frame already sent to HAL(idx=8) count=1
06-03 20:57:27.028 E/mm-camera(  715): <SENSOR><ERROR> 4883: sensor_get_frame_duration: resolution is invalid, it seems stream has stopped.
06-03 20:57:27.028 E/mm-camera(  715): <SENSOR><ERROR> 884: sensor_fc_report_meta: Failed to get frame duration
06-03 20:57:27.028 E/mm-camera(  715): <SENSOR><ERROR> 4805: sensor_get_exposure_time: resolution is invalid, it seems stream has stopped.
06-03 20:57:27.028 E/mm-camera(  715): <SENSOR><ERROR> 904: sensor_fc_report_meta: Failed to get exposure time
06-03 20:57:27.029 E/mm-camera(  715): <MCT   ><ERROR> 2722: mct_stream_process_bus_msg: Check the runing function blackjoe 
06-03 20:57:27.029 E/mm-camera(  715): <MCT   ><ERROR> 2755: mct_stream_process_bus_msg: isp_sof_bus_msg is 0xe7840370
06-03 20:57:27.029 E/mm-camera(  715): <MCT   ><ERROR> 2757: mct_stream_process_bus_msg: frameid is 2899 hal_version is 3
06-03 20:57:27.029 E/mm-camera(  715): <MCT   ><ERROR> 2759: mct_stream_process_bus_msg: kstate_ptr is 0xe4adf254, isp_kstate_ptr is 0xe8854000
06-03 20:57:27.029 E/mm-camera(  715): <MCT   ><ERROR> 2765: mct_stream_process_bus_msg: frame_id is 2899
06-03 20:57:27.038 E/        (    0): frame_src is 1 frame_id is 2899 blackjoe
06-03 20:57:27.032 E/QCamera (  715): <MCI><ERROR> mm_stream_data_notify: 337: E, my_handle = 0x5200, fd = 67, state = 6 blackjoe
06-03 20:57:27.032 E/QCamera (  715): <MCI><ERROR> mm_stream_read_msm_frame: 1723: E, my_handle = 0x5200, fd = 67, state = 6 blackjoe
06-03 20:57:27.033 I/QCamera (  715): <MCI><INFO> mm_stream_read_msm_frame: 1770: VIDIOC_DQBUF buf_index 0, frame_idx 2898, stream type 7, rc 0,queued: 17, buf_type = 0 flags = 8192 FD = 67 my_num 0 buf fd 82
06-03 20:57:27.033 E/QCamera (  715): <MCI><ERROR> mm_stream_read_msm_frame: 1790: X rc = 0
06-03 20:57:27.033 I/QCamera (  715): <MCI><INFO> mm_stream_handle_rcvd_buf: 220: E, my_handle = 0x5200, fd = 67, state = 6
06-03 20:57:27.033 I/QCamera (  715): <MCI><INFO> mm_stream_handle_rcvd_buf: 244: has cb and it is active by blackjoe
06-03 20:57:27.033 I/QCamera (  715): <MCI><INFO> mm_stream_dispatch_app_data: 415: E, my_handle = 0x5200, fd = 67, state = 6
06-03 20:57:27.033 I/QCamera (  715): <MCI><INFO> mm_stream_dispatch_app_data: 436: frame_sync.is_active = 0, is_cb_active = 1
06-03 20:57:27.033 I/QCamera (  715): <MCI><INFO> mm_stream_dispatch_app_data: 457: Enter callback by blackjoe
06-03 20:57:27.034 E/mm-camera(  715): <STATS_AIS ><ERROR> 1316: dsps_process_response_gyro: Query request denied, error code = 5, QId_valid = 1, QueryId = 0x530a, AckNak_valid = 1, AckNak = 3
06-03 20:57:27.034 E/QCamera (  715): <HAL><ERROR> handleMetadataWithLock: 4863: Cancel missing frame = 5030, buffer = 0xe8693340,stream type = 8, stream format = 36
06-03 20:57:27.034 E/QCamera (  715): <HAL><ERROR> handleMetadataWithLock: 4863: Cancel missing frame = 5031, buffer = 0xe8698800,stream type = 8, stream format = 36
06-03 20:57:27.034 E/QCamera (  715): <HAL><ERROR> handleMetadataWithLock: 4863: Cancel missing frame = 5032, buffer = 0xe8693790,stream type = 8, stream format = 36
06-03 20:57:27.034 E/QCamera (  715): <HAL><ERROR> handleMetadataWithLock: 4863: Cancel missing frame = 5033, buffer = 0xe86965e0,stream type = 8, stream format = 36
06-03 20:57:27.034 E/QCamera (  715): <HAL><ERROR> handleMetadataWithLock: 4863: Cancel missing frame = 5034, buffer = 0xe8691540,stream type = 8, stream format = 36
06-03 20:57:27.035 E/QCamera (  715): <HAL><ERROR> handleMetadataWithLock: 4863: Cancel missing frame = 5035, buffer = 0xe8697810,stream type = 8, stream format = 36
06-03 20:57:27.035 E/QCamera (  715): <MCI><ERROR> cancelBuffer: 884: Calling cancel buf on idx:9 for stream type:8
06-03 20:57:27.035 E/QCamera (  715): <MCI><ERROR> mm_stream_cancel_buf: 5156: mm_stream_cancel_buf(idx=9) err=-1
06-03 20:57:27.035 E/QCamera (  715): <MCI><ERROR> cancelBuffer: 884: Calling cancel buf on idx:10 for stream type:8
06-03 20:57:27.035 E/QCamera (  715): <MCI><ERROR> mm_stream_cancel_buf: 5125: Error Trying to extract a frame already sent to HAL(idx=10) count=1
06-03 20:57:27.035 E/QCamera (  715): <MCI><ERROR> cancelBuffer: 884: Calling cancel buf on idx:6 for stream type:8
06-03 20:57:27.036 E/QCamera (  715): <MCI><ERROR> mm_stream_cancel_buf: 5125: Error Trying to extract a frame already sent to HAL(idx=6) count=1
06-03 20:57:27.036 E/QCamera (  715): <MCI><ERROR> cancelBuffer: 884: Calling cancel buf on idx:7 for stream type:8
06-03 20:57:27.036 E/QCamera (  715): <MCI><ERROR> mm_stream_cancel_buf: 5125: Error Trying to extract a frame already sent to HAL(idx=7) count=1
06-03 20:57:27.036 E/QCamera (  715): <MCI><ERROR> cancelBuffer: 884: Calling cancel buf on idx:11 for stream type:8
06-03 20:57:27.036 E/QCamera (  715): <MCI><ERROR> mm_stream_cancel_buf: 5125: Error Trying to extract a frame already sent to HAL(idx=11) count=1
06-03 20:57:27.036 E/QCamera (  715): <MCI><ERROR> cancelBuffer: 884: Calling cancel buf on idx:8 for stream type:8
06-03 20:57:27.036 E/QCamera (  715): <MCI><ERROR> mm_stream_cancel_buf: 5125: Error Trying to extract a frame already sent to HAL(idx=8) count=1
06-03 20:57:27.054 W/healthd (    0): battery l=41 v=3449 t=27.0 h=2 st=2 c=-1111815 fc=0 cc=8 chg=u
06-03 20:57:27.066 E/mm-camera(  715): <SENSOR><ERROR> 4883: sensor_get_frame_duration: resolution is invalid, it seems stream has stopped.
06-03 20:57:27.066 E/mm-camera(  715): <SENSOR><ERROR> 884: sensor_fc_report_meta: Failed to get frame duration
06-03 20:57:27.066 E/mm-camera(  715): <SENSOR><ERROR> 4805: sensor_get_exposure_time: resolution is invalid, it seems stream has stopped.
06-03 20:57:27.067 E/mm-camera(  715): <SENSOR><ERROR> 904: sensor_fc_report_meta: Failed to get exposure time
06-03 20:57:27.067 E/mm-camera(  715): <MCT   ><ERROR> 2722: mct_stream_process_bus_msg: Check the runing function blackjoe 
06-03 20:57:27.068 E/mm-camera(  715): <MCT   ><ERROR> 2755: mct_stream_process_bus_msg: isp_sof_bus_msg is 0xe7840370
06-03 20:57:27.068 E/mm-camera(  715): <MCT   ><ERROR> 2757: mct_stream_process_bus_msg: frameid is 2900 hal_version is 3
06-03 20:57:27.068 E/mm-camera(  715): <MCT   ><ERROR> 2759: mct_stream_process_bus_msg: kstate_ptr is 0xe4adf254, isp_kstate_ptr is 0xe8854000
06-03 20:57:27.068 E/mm-camera(  715): <MCT   ><ERROR> 2765: mct_stream_process_bus_msg: frame_id is 2900
06-03 20:57:27.068 E/QCamera (  715): <MCI><ERROR> mm_stream_data_notify: 337: E, my_handle = 0x5200, fd = 67, state = 6 blackjoe
06-03 20:57:27.068 E/QCamera (  715): <MCI><ERROR> mm_stream_read_msm_frame: 1723: E, my_handle = 0x5200, fd = 67, state = 6 blackjoe
06-03 20:57:27.069 I/QCamera (  715): <MCI><INFO> mm_stream_read_msm_frame: 1770: VIDIOC_DQBUF buf_index 1, frame_idx 2899, stream type 7, rc 0,queued: 17, buf_type = 0 flags = 8192 FD = 67 my_num 0 buf fd 84
06-03 20:57:27.069 E/QCamera (  715): <MCI><ERROR> mm_stream_read_msm_frame: 1790: X rc = 0
06-03 20:57:27.069 I/QCamera (  715): <MCI><INFO> mm_stream_handle_rcvd_buf: 220: E, my_handle = 0x5200, fd = 67, state = 6
06-03 20:57:27.069 I/QCamera (  715): <MCI><INFO> mm_stream_handle_rcvd_buf: 244: has cb and it is active by blackjoe
06-03 20:57:27.070 I/QCamera (  715): <MCI><INFO> mm_stream_dispatch_app_data: 415: E, my_handle = 0x5200, fd = 67, state = 6
06-03 20:57:27.070 I/QCamera (  715): <MCI><INFO> mm_stream_dispatch_app_data: 436: frame_sync.is_active = 0, is_cb_active = 1
06-03 20:57:27.070 I/QCamera (  715): <MCI><INFO> mm_stream_dispatch_app_data: 457: Enter callback by blackjoe
06-03 20:57:27.070 E/QCamera (  715): <HAL><ERROR> handleMetadataWithLock: 4863: Cancel missing frame = 5030, buffer = 0xe8693340,stream type = 8, stream format = 36
06-03 20:57:27.070 E/QCamera (  715): <HAL><ERROR> handleMetadataWithLock: 4863: Cancel missing frame = 5031, buffer = 0xe8698800,stream type = 8, stream format = 36
06-03 20:57:27.070 E/QCamera (  715): <MCI><ERROR> cancelBuffer: 884: Calling cancel buf on idx:9 for stream type:8
06-03 20:57:27.071 E/QCamera (  715): <HAL><ERROR> handleMetadataWithLock: 4863: Cancel missing frame = 5032, buffer = 0xe8693790,stream type = 8, stream format = 36
06-03 20:57:27.071 E/QCamera (  715): <MCI><ERROR> mm_stream_cancel_buf: 5156: mm_stream_cancel_buf(idx=9) err=-1
06-03 20:57:27.071 E/QCamera (  715): <HAL><ERROR> handleMetadataWithLock: 4863: Cancel missing frame = 5033, buffer = 0xe86965e0,stream type = 8, stream format = 36
06-03 20:57:27.071 E/QCamera (  715): <MCI><ERROR> cancelBuffer: 884: Calling cancel buf on idx:10 for stream type:8
06-03 20:57:27.071 E/QCamera (  715): <HAL><ERROR> handleMetadataWithLock: 4863: Cancel missing frame = 5034, buffer = 0xe8691540,stream type = 8, stream format = 36
06-03 20:57:27.071 E/QCamera (  715): <MCI><ERROR> mm_stream_cancel_buf: 5125: Error Trying to extract a frame already sent to HAL(idx=10) count=1
06-03 20:57:27.071 E/QCamera (  715): <HAL><ERROR> handleMetadataWithLock: 4863: Cancel missing frame = 5035, buffer = 0xe8697810,stream type = 8, stream format = 36
06-03 20:57:27.076 E/        (    0): frame_src is 1 frame_id is 2900 blackjoe
06-03 20:57:27.071 E/QCamera (  715): <MCI><ERROR> cancelBuffer: 884: Calling cancel buf on idx:6 for stream type:8
06-03 20:57:27.071 E/QCamera (  715): <MCI><ERROR> mm_stream_cancel_buf: 5125: Error Trying to extract a frame already sent to HAL(idx=6) count=1
06-03 20:57:27.071 E/QCamera (  715): <MCI><ERROR> cancelBuffer: 884: Calling cancel buf on idx:7 for stream type:8
06-03 20:57:27.071 E/QCamera (  715): <MCI><ERROR> mm_stream_cancel_buf: 5125: Error Trying to extract a frame already sent to HAL(idx=7) count=1
06-03 20:57:27.072 E/QCamera (  715): <MCI><ERROR> cancelBuffer: 884: Calling cancel buf on idx:11 for stream type:8
06-03 20:57:27.072 E/QCamera (  715): <MCI><ERROR> mm_stream_cancel_buf: 5125: Error Trying to extract a frame already sent to HAL(idx=11) count=1
06-03 20:57:27.072 E/mm-camera(  715): <STATS_AIS ><ERROR> 1316: dsps_process_response_gyro: Query request denied, error code = 5, QId_valid = 1, QueryId = 0x540a, AckNak_valid = 1, AckNak = 3
06-03 20:57:27.072 E/QCamera (  715): <MCI><ERROR> cancelBuffer: 884: Calling cancel buf on idx:8 for stream type:8
06-03 20:57:27.072 E/QCamera (  715): <MCI><ERROR> mm_stream_cancel_buf: 5125: Error Trying to extract a frame already sent to HAL(idx=8) count=1
06-03 20:57:27.076 D/BatteryService( 1605): level : 41 / status : 2/Health : 2/Decommission : 0
06-03 20:57:27.079 D/ZebraRttProvider.FusionEngine( 3670): receive broadcast intent, action: android.intent.action.BATTERY_CHANGED
06-03 20:57:27.079 D/ZebraRttProvider.FusionEngine( 3670): Battery Level = 41
06-03 20:57:27.079 D/ZebraRttProvider.FusionEngine( 3670): receive broadcast intent, action: android.intent.action.BATTERY_CHANGED
06-03 20:57:27.080 D/KeyguardUpdateMonitor( 1873): received broadcast android.intent.action.BATTERY_CHANGED
06-03 20:57:27.081 D/com.symbol.dataanalytics.a.a.d.b( 4441): Received battery event
06-03 20:57:27.081 D/com.symbol.dataanalytics.a.a.d.b( 4441): BatteryFactory event action = android.intent.action.BATTERY_CHANGED
06-03 20:57:27.081 D/HighTemperatureReceiver( 2266): Receive action: android.intent.action.BATTERY_CHANGED
06-03 20:57:27.082 D/BatterySwapServ( 3442): onReceive BATTERY_CHANGED
06-03 20:57:27.082 W/ContextImpl( 3249): Calling a method in the system process without a qualified user: android.app.ContextImpl.startService:1669 android.content.ContextWrapper.startService:720 com.symbol.batterymanager.model.BatteryManagerReceiver.startBatteryApplicationService:81 com.symbol.batterymanager.model.BatteryManagerReceiver.onReceive:47 android.app.LoadedApk$ReceiverDispatcher$Args.lambda$getRunnable$0$LoadedApk$ReceiverDispatcher$Args:1580 
06-03 20:57:27.082 D/BatterySwapServ( 3442): battery changed: present=true level=41 plugType=2 shutdownLevel=6 batteryType = 201 serialnumber =T5017
06-03 20:57:27.083 D/UsbCradleMode( 5084): onReceive:Battery change, status:2
06-03 20:57:27.085 D/OSUService( 3189): dev-dbg:is_charging current_now -1111815, batteryLevel: 41, isCharging(isCharging): true
06-03 20:57:27.085 D/OSUService( 3189): dev-dbg:is_charging ADAPTER_CHARGE_LIMIIT 500000
06-03 20:57:27.085 D/OSUService( 3189): dev-dbg:is_charging current_now > ADAPTER_CHARGE_LIMIIT false
06-03 20:57:27.085 E/mm-camera(  715): <SENSOR><ERROR> 4883: sensor_get_frame_duration: resolution is invalid, it seems stream has stopped.
06-03 20:57:27.085 D/OSUService( 3189): dev-dbg:is_charging conditionCheck false
06-03 20:57:27.085 D/OSUService( 3189): dev-dbg: battery change intent batteryLevel: 41, is_charging(context): true, STATE: 1
06-03 20:57:27.085 E/mm-camera(  715): <SENSOR><ERROR> 884: sensor_fc_report_meta: Failed to get frame duration
06-03 20:57:27.085 E/mm-camera(  715): <SENSOR><ERROR> 4805: sensor_get_exposure_time: resolution is invalid, it seems stream has stopped.
06-03 20:57:27.085 E/mm-camera(  715): <SENSOR><ERROR> 904: sensor_fc_report_meta: Failed to get exposure time
06-03 20:57:27.086 E/mm-camera(  715): <MCT   ><ERROR> 2722: mct_stream_process_bus_msg: Check the runing function blackjoe 
06-03 20:57:27.086 E/mm-camera(  715): <MCT   ><ERROR> 2755: mct_stream_process_bus_msg: isp_sof_bus_msg is 0xe7840370
06-03 20:57:27.086 E/mm-camera(  715): <MCT   ><ERROR> 2757: mct_stream_process_bus_msg: frameid is 2901 hal_version is 3
06-03 20:57:27.087 E/mm-camera(  715): <MCT   ><ERROR> 2759: mct_stream_process_bus_msg: kstate_ptr is 0xe4adf254, isp_kstate_ptr is 0xe8854000
06-03 20:57:27.087 E/mm-camera(  715): <MCT   ><ERROR> 2765: mct_stream_process_bus_msg: frame_id is 2901
06-03 20:57:27.087 V/BatteryApplicationService( 3249): BatteryType  201
06-03 20:57:27.087 E/QCamera (  715): <MCI><ERROR> mm_stream_data_notify: 337: E, my_handle = 0x5200, fd = 67, state = 6 blackjoe
06-03 20:57:27.087 E/QCamera (  715): <MCI><ERROR> mm_stream_read_msm_frame: 1723: E, my_handle = 0x5200, fd = 67, state = 6 blackjoe
06-03 20:57:27.087 D/OSUService( 3189): dev-dbg:is_charging current_now -1111815, batteryLevel: 41, isCharging(isCharging): true
06-03 20:57:27.087 D/OSUService( 3189): dev-dbg:is_charging ADAPTER_CHARGE_LIMIIT 500000
06-03 20:57:27.087 I/QCamera (  715): <MCI><INFO> mm_stream_read_msm_frame: 1770: VIDIOC_DQBUF buf_index 2, frame_idx 2900, stream type 7, rc 0,queued: 17, buf_type = 0 flags = 8192 FD = 67 my_num 0 buf fd 86
06-03 20:57:27.087 D/OSUService( 3189): dev-dbg:is_charging current_now > ADAPTER_CHARGE_LIMIIT false
06-03 20:57:27.088 E/QCamera (  715): <MCI><ERROR> mm_stream_read_msm_frame: 1790: X rc = 0
06-03 20:57:27.088 D/OSUService( 3189): dev-dbg:is_charging conditionCheck false
06-03 20:57:27.088 D/OSUService( 3189): dev-dbg: calling for resume
06-03 20:57:27.088 I/OSUService( 3189): handle_ab_resume -1 3
06-03 20:57:27.088 I/QCamera (  715): <MCI><INFO> mm_stream_handle_rcvd_buf: 220: E, my_handle = 0x5200, fd = 67, state = 6
06-03 20:57:27.088 I/OSUService( 3189): handle_ab_resume state 1 last_state 0
06-03 20:57:27.088 E/OSUService( 3189): Can't resume - there are no update in suspended state
06-03 20:57:27.088 D/OSUService( 3189): dev-dbg: battery change intent finished
06-03 20:57:27.088 I/QCamera (  715): <MCI><INFO> mm_stream_handle_rcvd_buf: 244: has cb and it is active by blackjoe
06-03 20:57:27.088 I/QCamera (  715): <MCI><INFO> mm_stream_dispatch_app_data: 415: E, my_handle = 0x5200, fd = 67, state = 6
06-03 20:57:27.088 I/QCamera (  715): <MCI><INFO> mm_stream_dispatch_app_data: 436: frame_sync.is_active = 0, is_cb_active = 1
06-03 20:57:27.088 I/QCamera (  715): <MCI><INFO> mm_stream_dispatch_app_data: 457: Enter callback by blackjoe
06-03 20:57:27.089 E/QCamera (  715): <HAL><ERROR> handleMetadataWithLock: 4863: Cancel missing frame = 5030, buffer = 0xe8693340,stream type = 8, stream format = 36
06-03 20:57:27.089 E/QCamera (  715): <HAL><ERROR> handleMetadataWithLock: 4863: Cancel missing frame = 5031, buffer = 0xe8698800,stream type = 8, stream format = 36
06-03 20:57:27.089 E/QCamera (  715): <MCI><ERROR> cancelBuffer: 884: Calling cancel buf on idx:9 for stream type:8
06-03 20:57:27.095 E/        (    0): frame_src is 1 frame_id is 2901 blackjoe
06-03 20:57:27.089 E/QCamera (  715): <HAL><ERROR> handleMetadataWithLock: 4863: Cancel missing frame = 5032, buffer = 0xe8693790,stream type = 8, stream format = 36
06-03 20:57:27.089 E/QCamera (  715): <HAL><ERROR> handleMetadataWithLock: 4863: Cancel missing frame = 5033, buffer = 0xe86965e0,stream type = 8, stream format = 36
06-03 20:57:27.089 E/QCamera (  715): <HAL><ERROR> handleMetadataWithLock: 4863: Cancel missing frame = 5034, buffer = 0xe8691540,stream type = 8, stream format = 36
06-03 20:57:27.089 E/QCamera (  715): <HAL><ERROR> handleMetadataWithLock: 4863: Cancel missing frame = 5035, buffer = 0xe8697810,stream type = 8, stream format = 36
06-03 20:57:27.090 D/KeyguardUpdateMonitor( 1873): handleBatteryUpdate
06-03 20:57:27.090 E/QCamera (  715): <MCI><ERROR> mm_stream_cancel_buf: 5156: mm_stream_cancel_buf(idx=9) err=-1
06-03 20:57:27.090 E/QCamera (  715): <MCI><ERROR> cancelBuffer: 884: Calling cancel buf on idx:10 for stream type:8
06-03 20:57:27.090 E/QCamera (  715): <MCI><ERROR> mm_stream_cancel_buf: 5125: Error Trying to extract a frame already sent to HAL(idx=10) count=1
06-03 20:57:27.090 E/QCamera (  715): <MCI><ERROR> cancelBuffer: 884: Calling cancel buf on idx:6 for stream type:8
06-03 20:57:27.090 E/QCamera (  715): <MCI><ERROR> mm_stream_cancel_buf: 5125: Error Trying to extract a frame already sent to HAL(idx=6) count=1
06-03 20:57:27.090 E/QCamera (  715): <MCI><ERROR> cancelBuffer: 884: Calling cancel buf on idx:7 for stream type:8
06-03 20:57:27.090 E/QCamera (  715): <MCI><ERROR> mm_stream_cancel_buf: 5125: Error Trying to extract a frame already sent to HAL(idx=7) count=1
06-03 20:57:27.090 E/QCamera (  715): <MCI><ERROR> cancelBuffer: 884: Calling cancel buf on idx:11 for stream type:8
06-03 20:57:27.090 E/QCamera (  715): <MCI><ERROR> mm_stream_cancel_buf: 5125: Error Trying to extract a frame already sent to HAL(idx=11) count=1
06-03 20:57:27.090 E/QCamera (  715): <MCI><ERROR> cancelBuffer: 884: Calling cancel buf on idx:8 for stream type:8
06-03 20:57:27.090 E/QCamera (  715): <MCI><ERROR> mm_stream_cancel_buf: 5125: Error Trying to extract a frame already sent to HAL(idx=8) count=1
06-03 20:57:27.091 E/mm-camera(  715): <STATS_AIS ><ERROR> 1316: dsps_process_response_gyro: Query request denied, error code = 5, QId_valid = 1, QueryId = 0x550a, AckNak_valid = 1, AckNak = 3
06-03 20:57:27.104 E/mm-camera(  715): <SENSOR><ERROR> 4883: sensor_get_frame_duration: resolution is invalid, it seems stream has stopped.
06-03 20:57:27.104 E/mm-camera(  715): <SENSOR><ERROR> 884: sensor_fc_report_meta: Failed to get frame duration
06-03 20:57:27.104 E/mm-camera(  715): <SENSOR><ERROR> 4805: sensor_get_exposure_time: resolution is invalid, it seems stream has stopped.
06-03 20:57:27.104 E/mm-camera(  715): <SENSOR><ERROR> 904: sensor_fc_report_meta: Failed to get exposure time
06-03 20:57:27.105 E/mm-camera(  715): <MCT   ><ERROR> 2722: mct_stream_process_bus_msg: Check the runing function blackjoe 
06-03 20:57:27.105 E/mm-camera(  715): <MCT   ><ERROR> 2755: mct_stream_process_bus_msg: isp_sof_bus_msg is 0xe7840370
06-03 20:57:27.106 E/mm-camera(  715): <MCT   ><ERROR> 2757: mct_stream_process_bus_msg: frameid is 2902 hal_version is 3
06-03 20:57:27.106 E/mm-camera(  715): <MCT   ><ERROR> 2759: mct_stream_process_bus_msg: kstate_ptr is 0xe4adf254, isp_kstate_ptr is 0xe8854000
06-03 20:57:27.106 E/mm-camera(  715): <MCT   ><ERROR> 2765: mct_stream_process_bus_msg: frame_id is 2902
06-03 20:57:27.106 E/QCamera (  715): <MCI><ERROR> mm_stream_data_notify: 337: E, my_handle = 0x5200, fd = 67, state = 6 blackjoe
06-03 20:57:27.107 E/QCamera (  715): <MCI><ERROR> mm_stream_read_msm_frame: 1723: E, my_handle = 0x5200, fd = 67, state = 6 blackjoe
06-03 20:57:27.108 I/QCamera (  715): <MCI><INFO> mm_stream_read_msm_frame: 1770: VIDIOC_DQBUF buf_index 3, frame_idx 2901, stream type 7, rc 0,queued: 17, buf_type = 0 flags = 8192 FD = 67 my_num 0 buf fd 88
06-03 20:57:27.108 E/QCamera (  715): <MCI><ERROR> mm_stream_read_msm_frame: 1790: X rc = 0
06-03 20:57:27.108 I/QCamera (  715): <MCI><INFO> mm_stream_handle_rcvd_buf: 220: E, my_handle = 0x5200, fd = 67, state = 6
06-03 20:57:27.108 I/QCamera (  715): <MCI><INFO> mm_stream_handle_rcvd_buf: 244: has cb and it is active by blackjoe
06-03 20:57:27.108 I/QCamera (  715): <MCI><INFO> mm_stream_dispatch_app_data: 415: E, my_handle = 0x5200, fd = 67, state = 6
06-03 20:57:27.108 I/QCamera (  715): <MCI><INFO> mm_stream_dispatch_app_data: 436: frame_sync.is_active = 0, is_cb_active = 1
06-03 20:57:27.111 I/QCamera (  715): <MCI><INFO> mm_stream_dispatch_app_data: 457: Enter callback by blackjoe
06-03 20:57:27.114 E/        (    0): frame_src is 1 frame_id is 2902 blackjoe
06-03 20:57:27.111 E/mm-camera(  715): <STATS_AIS ><ERROR> 1316: dsps_process_response_gyro: Query request denied, error code = 5, QId_valid = 1, QueryId = 0x560a, AckNak_valid = 1, AckNak = 3
06-03 20:57:27.112 E/QCamera (  715): <HAL><ERROR> handleMetadataWithLock: 4863: Cancel missing frame = 5030, buffer = 0xe8693340,stream type = 8, stream format = 36
06-03 20:57:27.112 E/QCamera (  715): <HAL><ERROR> handleMetadataWithLock: 4863: Cancel missing frame = 5031, buffer = 0xe8698800,stream type = 8, stream format = 36
06-03 20:57:27.112 E/QCamera (  715): <MCI><ERROR> cancelBuffer: 884: Calling cancel buf on idx:9 for stream type:8
06-03 20:57:27.113 E/QCamera (  715): <HAL><ERROR> handleMetadataWithLock: 4863: Cancel missing frame = 5032, buffer = 0xe8693790,stream type = 8, stream format = 36
06-03 20:57:27.113 E/QCamera (  715): <MCI><ERROR> mm_stream_cancel_buf: 5156: mm_stream_cancel_buf(idx=9) err=-1
06-03 20:57:27.113 E/QCamera (  715): <HAL><ERROR> handleMetadataWithLock: 4863: Cancel missing frame = 5033, buffer = 0xe86965e0,stream type = 8, stream format = 36
06-03 20:57:27.113 E/QCamera (  715): <MCI><ERROR> cancelBuffer: 884: Calling cancel buf on idx:10 for stream type:8
06-03 20:57:27.113 E/QCamera (  715): <HAL><ERROR> handleMetadataWithLock: 4863: Cancel missing frame = 5034, buffer = 0xe8691540,stream type = 8, stream format = 36
06-03 20:57:27.113 E/QCamera (  715): <MCI><ERROR> mm_stream_cancel_buf: 5125: Error Trying to extract a frame already sent to HAL(idx=10) count=1
06-03 20:57:27.113 E/QCamera (  715): <HAL><ERROR> handleMetadataWithLock: 4863: Cancel missing frame = 5035, buffer = 0xe8697810,stream type = 8, stream format = 36
06-03 20:57:27.113 E/QCamera (  715): <MCI><ERROR> cancelBuffer: 884: Calling cancel buf on idx:6 for stream type:8
06-03 20:57:27.113 E/QCamera (  715): <MCI><ERROR> mm_stream_cancel_buf: 5125: Error Trying to extract a frame already sent to HAL(idx=6) count=1
06-03 20:57:27.113 E/QCamera (  715): <MCI><ERROR> cancelBuffer: 884: Calling cancel buf on idx:7 for stream type:8
06-03 20:57:27.113 E/QCamera (  715): <MCI><ERROR> mm_stream_cancel_buf: 5125: Error Trying to extract a frame already sent to HAL(idx=7) count=1
06-03 20:57:27.113 E/QCamera (  715): <MCI><ERROR> cancelBuffer: 884: Calling cancel buf on idx:11 for stream type:8
06-03 20:57:27.113 E/QCamera (  715): <MCI><ERROR> mm_stream_cancel_buf: 5125: Error Trying to extract a frame already sent to HAL(idx=11) count=1
06-03 20:57:27.113 E/QCamera (  715): <MCI><ERROR> cancelBuffer: 884: Calling cancel buf on idx:8 for stream type:8
06-03 20:57:27.113 E/QCamera (  715): <MCI><ERROR> mm_stream_cancel_buf: 5125: Error Trying to extract a frame already sent to HAL(idx=8) count=1
06-03 20:57:27.133 E/        (    0): frame_src is 1 frame_id is 2903 blackjoe
06-03 20:57:27.123 E/mm-camera(  715): <SENSOR><ERROR> 4883: sensor_get_frame_duration: resolution is invalid, it seems stream has stopped.
06-03 20:57:27.123 E/mm-camera(  715): <SENSOR><ERROR> 884: sensor_fc_report_meta: Failed to get frame duration
06-03 20:57:27.123 E/mm-camera(  715): <SENSOR><ERROR> 4805: sensor_get_exposure_time: resolution is invalid, it seems stream has stopped.
06-03 20:57:27.123 E/mm-camera(  715): <SENSOR><ERROR> 904: sensor_fc_report_meta: Failed to get exposure time
06-03 20:57:27.124 E/mm-camera(  715): <MCT   ><ERROR> 2722: mct_stream_process_bus_msg: Check the runing function blackjoe 
06-03 20:57:27.124 E/mm-camera(  715): <MCT   ><ERROR> 2755: mct_stream_process_bus_msg: isp_sof_bus_msg is 0xe7840370
06-03 20:57:27.124 E/mm-camera(  715): <MCT   ><ERROR> 2757: mct_stream_process_bus_msg: frameid is 2903 hal_version is 3
06-03 20:57:27.125 E/mm-camera(  715): <MCT   ><ERROR> 2759: mct_stream_process_bus_msg: kstate_ptr is 0xe4adf254, isp_kstate_ptr is 0xe8854000
06-03 20:57:27.125 E/mm-camera(  715): <MCT   ><ERROR> 2765: mct_stream_process_bus_msg: frame_id is 2903
06-03 20:57:27.125 E/QCamera (  715): <MCI><ERROR> mm_stream_data_notify: 337: E, my_handle = 0x5200, fd = 67, state = 6 blackjoe
06-03 20:57:27.125 E/QCamera (  715): <MCI><ERROR> mm_stream_read_msm_frame: 1723: E, my_handle = 0x5200, fd = 67, state = 6 blackjoe
06-03 20:57:27.126 I/QCamera (  715): <MCI><INFO> mm_stream_read_msm_frame: 1770: VIDIOC_DQBUF buf_index 4, frame_idx 2902, stream type 7, rc 0,queued: 17, buf_type = 0 flags = 8192 FD = 67 my_num 0 buf fd 90
06-03 20:57:27.126 E/QCamera (  715): <MCI><ERROR> mm_stream_read_msm_frame: 1790: X rc = 0
06-03 20:57:27.126 I/QCamera (  715): <MCI><INFO> mm_stream_handle_rcvd_buf: 220: E, my_handle = 0x5200, fd = 67, state = 6
06-03 20:57:27.126 I/QCamera (  715): <MCI><INFO> mm_stream_handle_rcvd_buf: 244: has cb and it is active by blackjoe
06-03 20:57:27.127 I/QCamera (  715): <MCI><INFO> mm_stream_dispatch_app_data: 415: E, my_handle = 0x5200, fd = 67, state = 6
06-03 20:57:27.127 I/QCamera (  715): <MCI><INFO> mm_stream_dispatch_app_data: 436: frame_sync.is_active = 0, is_cb_active = 1
06-03 20:57:27.127 I/QCamera (  715): <MCI><INFO> mm_stream_dispatch_app_data: 457: Enter callback by blackjoe
06-03 20:57:27.127 E/QCamera (  715): <HAL><ERROR> handleMetadataWithLock: 4863: Cancel missing frame = 5030, buffer = 0xe8693340,stream type = 8, stream format = 36
06-03 20:57:27.128 E/QCamera (  715): <HAL><ERROR> handleMetadataWithLock: 4863: Cancel missing frame = 5031, buffer = 0xe8698800,stream type = 8, stream format = 36
