06-03 20:44:00.688 D/qdgralloc( 5000): Imported handle: 0x7786ad4910 id: 329
06-03 20:44:00.688 D/qdgralloc( 5000): GetTransportSize: num fds: 2 num ints: 22 err:0
06-03 20:44:00.689 E/mm-camera(  715): <SENSOR><ERROR> 4883: sensor_get_frame_duration: resolution is invalid, it seems stream has stopped.
06-03 20:44:00.689 D/qdgralloc( 1301): Imported handle: 0xec680690 id: 329
06-03 20:44:00.689 E/mm-camera(  715): <SENSOR><ERROR> 884: sensor_fc_report_meta: Failed to get frame duration
06-03 20:44:00.689 D/qdgralloc( 1301): GetTransportSize: num fds: 2 num ints: 22 err:0
06-03 20:44:00.689 E/mm-camera(  715): <SENSOR><ERROR> 4805: sensor_get_exposure_time: resolution is invalid, it seems stream has stopped.
06-03 20:44:00.690 E/mm-camera(  715): <SENSOR><ERROR> 904: sensor_fc_report_meta: Failed to get exposure time
06-03 20:44:00.690 D/qdgralloc(  715): Imported handle: 0xdf5c1890 id: 329
06-03 20:44:00.691 E/mm-camera(  715): <MCT   ><ERROR> 2722: mct_stream_process_bus_msg: Check the runing function blackjoe 
06-03 20:44:00.691 E/mm-camera(  715): <MCT   ><ERROR> 2755: mct_stream_process_bus_msg: isp_sof_bus_msg is 0xe7840ac0
06-03 20:44:00.691 E/mm-camera(  715): <MCT   ><ERROR> 2757: mct_stream_process_bus_msg: frameid is 2 hal_version is 3
06-03 20:44:00.691 E/mm-camera(  715): <MCT   ><ERROR> 2759: mct_stream_process_bus_msg: kstate_ptr is 0xe4adf254, isp_kstate_ptr is 0xe8854000
06-03 20:44:00.691 E/mm-camera(  715): <MCT   ><ERROR> 2765: mct_stream_process_bus_msg: frame_id is 2
06-03 20:44:00.691 E/QCamera (  715): <MCI><ERROR> mm_stream_data_notify: 337: E, my_handle = 0x3a00, fd = 67, state = 6 blackjoe
06-03 20:44:00.692 E/QCamera (  715): <MCI><ERROR> mm_stream_read_msm_frame: 1723: E, my_handle = 0x3a00, fd = 67, state = 6 blackjoe
06-03 20:44:00.692 I/QCamera (  715): <MCI><INFO> mm_stream_read_msm_frame: 1770: VIDIOC_DQBUF buf_index 1, frame_idx 1, stream type 7, rc 0,queued: 17, buf_type = 0 flags = 8192 FD = 67 my_num 0 buf fd 84
06-03 20:44:00.692 E/QCamera (  715): <MCI><ERROR> mm_stream_read_msm_frame: 1790: X rc = 0
06-03 20:44:00.692 E/mm-camera(  715): <MCT   ><ERROR> 4828: mct_pipeline_process_serv_msg: pipeline blackjoe data->sessionid 3 pipeline->session 3 msgid 3
06-03 20:44:00.692 I/QCamera (  715): <MCI><INFO> mm_stream_handle_rcvd_buf: 220: E, my_handle = 0x3a00, fd = 67, state = 6
06-03 20:44:00.692 E/mm-camera(  715): <MCT   ><ERROR> 4299: mct_pipeline_process_set: command is 0x8000014 blackjoe CAM_PRIV_PARM 0x8000014
06-03 20:44:00.693 I/QCamera (  715): <MCI><INFO> mm_stream_handle_rcvd_buf: 244: has cb and it is active by blackjoe
06-03 20:44:00.693 I/QCamera (  715): <MCI><INFO> mm_stream_dispatch_app_data: 415: E, my_handle = 0x3a00, fd = 67, state = 6
06-03 20:44:00.693 I/QCamera (  715): <MCI><INFO> mm_stream_dispatch_app_data: 436: frame_sync.is_active = 0, is_cb_active = 1
06-03 20:44:00.693 I/QCamera (  715): <MCI><INFO> mm_stream_dispatch_app_data: 457: Enter callback by blackjoe
06-03 20:44:00.694 E/mm-camera(  715): <STATS_AIS ><ERROR> 1316: dsps_process_response_gyro: Query request denied, error code = 5, QId_valid = 1, QueryId = 0x20a, AckNak_valid = 1, AckNak = 3
06-03 20:44:00.698 D/qdgralloc( 5000): Imported handle: 0x7786ad4400 id: 330
06-03 20:44:00.698 D/qdgralloc( 5000): GetTransportSize: num fds: 2 num ints: 22 err:0
06-03 20:44:00.699 D/qdgralloc( 1301): Imported handle: 0xec681310 id: 330
06-03 20:44:00.699 D/qdgralloc( 1301): GetTransportSize: num fds: 2 num ints: 22 err:0
06-03 20:44:00.700 D/qdgralloc(  715): Imported handle: 0xdf5c1210 id: 330
06-03 20:44:00.703 E/mm-camera(  715): <MCT   ><ERROR> 4828: mct_pipeline_process_serv_msg: pipeline blackjoe data->sessionid 3 pipeline->session 3 msgid 3
06-03 20:44:00.703 E/mm-camera(  715): <MCT   ><ERROR> 4299: mct_pipeline_process_set: command is 0x8000014 blackjoe CAM_PRIV_PARM 0x8000014
06-03 20:44:00.734 E/        (    0): frame_src is 1 frame_id is 3 blackjoe
06-03 20:44:00.724 E/mm-camera(  715): <SENSOR><ERROR> 4883: sensor_get_frame_duration: resolution is invalid, it seems stream has stopped.
06-03 20:44:00.724 E/mm-camera(  715): <SENSOR><ERROR> 884: sensor_fc_report_meta: Failed to get frame duration
06-03 20:44:00.724 E/mm-camera(  715): <SENSOR><ERROR> 4805: sensor_get_exposure_time: resolution is invalid, it seems stream has stopped.
06-03 20:44:00.724 E/mm-camera(  715): <SENSOR><ERROR> 904: sensor_fc_report_meta: Failed to get exposure time
06-03 20:44:00.725 E/mm-camera(  715): <MCT   ><ERROR> 2722: mct_stream_process_bus_msg: Check the runing function blackjoe 
06-03 20:44:00.725 E/mm-camera(  715): <MCT   ><ERROR> 2755: mct_stream_process_bus_msg: isp_sof_bus_msg is 0xe7840ac0
06-03 20:44:00.725 E/mm-camera(  715): <MCT   ><ERROR> 2757: mct_stream_process_bus_msg: frameid is 3 hal_version is 3
06-03 20:44:00.725 E/mm-camera(  715): <MCT   ><ERROR> 2759: mct_stream_process_bus_msg: kstate_ptr is 0xe4adf254, isp_kstate_ptr is 0xe8854000
06-03 20:44:00.725 E/mm-camera(  715): <MCT   ><ERROR> 2765: mct_stream_process_bus_msg: frame_id is 3
06-03 20:44:00.726 E/QCamera (  715): <MCI><ERROR> mm_stream_data_notify: 337: E, my_handle = 0x3a00, fd = 67, state = 6 blackjoe
06-03 20:44:00.726 E/QCamera (  715): <MCI><ERROR> mm_stream_read_msm_frame: 1723: E, my_handle = 0x3a00, fd = 67, state = 6 blackjoe
06-03 20:44:00.726 I/QCamera (  715): <MCI><INFO> mm_stream_read_msm_frame: 1770: VIDIOC_DQBUF buf_index 2, frame_idx 2, stream type 7, rc 0,queued: 17, buf_type = 0 flags = 8192 FD = 67 my_num 0 buf fd 86
06-03 20:44:00.726 E/QCamera (  715): <MCI><ERROR> mm_stream_read_msm_frame: 1790: X rc = 0
06-03 20:44:00.726 I/QCamera (  715): <MCI><INFO> mm_stream_handle_rcvd_buf: 220: E, my_handle = 0x3a00, fd = 67, state = 6
06-03 20:44:00.726 I/QCamera (  715): <MCI><INFO> mm_stream_handle_rcvd_buf: 244: has cb and it is active by blackjoe
06-03 20:44:00.726 I/QCamera (  715): <MCI><INFO> mm_stream_dispatch_app_data: 415: E, my_handle = 0x3a00, fd = 67, state = 6
06-03 20:44:00.727 I/QCamera (  715): <MCI><INFO> mm_stream_dispatch_app_data: 436: frame_sync.is_active = 0, is_cb_active = 1
06-03 20:44:00.727 I/QCamera (  715): <MCI><INFO> mm_stream_dispatch_app_data: 457: Enter callback by blackjoe
06-03 20:44:00.729 E/mm-camera(  715): <STATS_AIS ><ERROR> 1316: dsps_process_response_gyro: Query request denied, error code = 5, QId_valid = 1, QueryId = 0x30a, AckNak_valid = 1, AckNak = 3
06-03 20:44:00.770 E/        (    0): frame_src is 1 frame_id is 4 blackjoe
06-03 20:44:00.759 E/QCamera (  715): <MCI><ERROR> mm_stream_data_notify: 337: E, my_handle = 0x3b01, fd = 78, state = 6 blackjoe
06-03 20:44:00.760 E/QCamera (  715): <MCI><ERROR> mm_stream_read_msm_frame: 1723: E, my_handle = 0x3b01, fd = 78, state = 6 blackjoe
06-03 20:44:00.760 E/mm-camera(  715): <SENSOR><ERROR> 4883: sensor_get_frame_duration: resolution is invalid, it seems stream has stopped.
06-03 20:44:00.760 I/QCamera (  715): <MCI><INFO> mm_stream_read_msm_frame: 1770: VIDIOC_DQBUF buf_index 6, frame_idx 3, stream type 8, rc 0,queued: 5, buf_type = 0 flags = 8192 FD = 78 my_num 0 buf fd 76
06-03 20:44:00.760 E/mm-camera(  715): <SENSOR><ERROR> 884: sensor_fc_report_meta: Failed to get frame duration
06-03 20:44:00.760 E/QCamera (  715): <MCI><ERROR> mm_stream_read_msm_frame: 1790: X rc = 0
06-03 20:44:00.760 I/QCamera (  715): <MCI><INFO> mm_stream_handle_rcvd_buf: 220: E, my_handle = 0x3b01, fd = 78, state = 6
06-03 20:44:00.760 E/mm-camera(  715): <SENSOR><ERROR> 4805: sensor_get_exposure_time: resolution is invalid, it seems stream has stopped.
06-03 20:44:00.760 I/QCamera (  715): <MCI><INFO> mm_stream_handle_rcvd_buf: 244: has cb and it is active by blackjoe
06-03 20:44:00.760 E/mm-camera(  715): <SENSOR><ERROR> 904: sensor_fc_report_meta: Failed to get exposure time
06-03 20:44:00.761 I/QCamera (  715): <MCI><INFO> mm_stream_dispatch_app_data: 415: E, my_handle = 0x3b01, fd = 78, state = 6
06-03 20:44:00.761 I/QCamera (  715): <MCI><INFO> mm_stream_dispatch_app_data: 436: frame_sync.is_active = 0, is_cb_active = 1
06-03 20:44:00.761 I/QCamera (  715): <MCI><INFO> mm_stream_dispatch_app_data: 457: Enter callback by blackjoe
06-03 20:44:00.762 E/mm-camera(  715): <MCT   ><ERROR> 2722: mct_stream_process_bus_msg: Check the runing function blackjoe 
06-03 20:44:00.763 E/mm-camera(  715): <MCT   ><ERROR> 2755: mct_stream_process_bus_msg: isp_sof_bus_msg is 0xe7840ac0
06-03 20:44:00.763 E/mm-camera(  715): <MCT   ><ERROR> 2757: mct_stream_process_bus_msg: frameid is 4 hal_version is 3
06-03 20:44:00.763 E/mm-camera(  715): <MCT   ><ERROR> 2759: mct_stream_process_bus_msg: kstate_ptr is 0xe4adf254, isp_kstate_ptr is 0xe8854000
06-03 20:44:00.763 E/mm-camera(  715): <MCT   ><ERROR> 2765: mct_stream_process_bus_msg: frame_id is 4
06-03 20:44:00.763 E/QCamera (  715): <MCI><ERROR> mm_stream_data_notify: 337: E, my_handle = 0x3a00, fd = 67, state = 6 blackjoe
06-03 20:44:00.764 E/QCamera (  715): <MCI><ERROR> mm_stream_read_msm_frame: 1723: E, my_handle = 0x3a00, fd = 67, state = 6 blackjoe
06-03 20:44:00.764 I/QCamera (  715): <MCI><INFO> mm_stream_read_msm_frame: 1770: VIDIOC_DQBUF buf_index 3, frame_idx 3, stream type 7, rc 0,queued: 17, buf_type = 0 flags = 8192 FD = 67 my_num 0 buf fd 88
06-03 20:44:00.764 E/QCamera (  715): <MCI><ERROR> mm_stream_read_msm_frame: 1790: X rc = 0
06-03 20:44:00.764 I/QCamera (  715): <MCI><INFO> mm_stream_handle_rcvd_buf: 220: E, my_handle = 0x3a00, fd = 67, state = 6
06-03 20:44:00.764 I/QCamera (  715): <MCI><INFO> mm_stream_handle_rcvd_buf: 244: has cb and it is active by blackjoe
06-03 20:44:00.764 I/QCamera (  715): <MCI><INFO> mm_stream_dispatch_app_data: 415: E, my_handle = 0x3a00, fd = 67, state = 6
06-03 20:44:00.765 I/QCamera (  715): <MCI><INFO> mm_stream_dispatch_app_data: 436: frame_sync.is_active = 0, is_cb_active = 1
06-03 20:44:00.765 I/QCamera (  715): <MCI><INFO> mm_stream_dispatch_app_data: 457: Enter callback by blackjoe
06-03 20:44:00.767 E/mm-camera(  715): <STATS_AIS ><ERROR> 1316: dsps_process_response_gyro: Query request denied, error code = 5, QId_valid = 1, QueryId = 0x40a, AckNak_valid = 1, AckNak = 3
06-03 20:44:00.779 E/QCamera (  715): <MCI><ERROR> mm_stream_data_notify: 337: E, my_handle = 0x3b01, fd = 78, state = 6 blackjoe
06-03 20:44:00.779 E/QCamera (  715): <MCI><ERROR> mm_stream_read_msm_frame: 1723: E, my_handle = 0x3b01, fd = 78, state = 6 blackjoe
06-03 20:44:00.779 E/mm-camera(  715): <SENSOR><ERROR> 4883: sensor_get_frame_duration: resolution is invalid, it seems stream has stopped.
06-03 20:44:00.779 I/QCamera (  715): <MCI><INFO> mm_stream_read_msm_frame: 1770: VIDIOC_DQBUF buf_index 7, frame_idx 4, stream type 8, rc 0,queued: 4, buf_type = 0 flags = 8192 FD = 78 my_num 0 buf fd 126
06-03 20:44:00.779 E/mm-camera(  715): <SENSOR><ERROR> 884: sensor_fc_report_meta: Failed to get frame duration
06-03 20:44:00.779 E/QCamera (  715): <MCI><ERROR> mm_stream_read_msm_frame: 1790: X rc = 0
06-03 20:44:00.779 E/mm-camera(  715): <SENSOR><ERROR> 4805: sensor_get_exposure_time: resolution is invalid, it seems stream has stopped.
06-03 20:44:00.780 I/QCamera (  715): <MCI><INFO> mm_stream_handle_rcvd_buf: 220: E, my_handle = 0x3b01, fd = 78, state = 6
06-03 20:44:00.780 E/mm-camera(  715): <SENSOR><ERROR> 904: sensor_fc_report_meta: Failed to get exposure time
06-03 20:44:00.780 I/QCamera (  715): <MCI><INFO> mm_stream_handle_rcvd_buf: 244: has cb and it is active by blackjoe
06-03 20:44:00.780 I/QCamera (  715): <MCI><INFO> mm_stream_dispatch_app_data: 415: E, my_handle = 0x3b01, fd = 78, state = 6
06-03 20:44:00.780 I/QCamera (  715): <MCI><INFO> mm_stream_dispatch_app_data: 436: frame_sync.is_active = 0, is_cb_active = 1
06-03 20:44:00.789 E/        (    0): frame_src is 1 frame_id is 5 blackjoe
06-03 20:44:00.780 I/QCamera (  715): <MCI><INFO> mm_stream_dispatch_app_data: 457: Enter callback by blackjoe
06-03 20:44:00.781 E/mm-camera(  715): <MCT   ><ERROR> 2722: mct_stream_process_bus_msg: Check the runing function blackjoe 
06-03 20:44:00.781 E/mm-camera(  715): <MCT   ><ERROR> 2755: mct_stream_process_bus_msg: isp_sof_bus_msg is 0xe7840ac0
06-03 20:44:00.781 E/mm-camera(  715): <MCT   ><ERROR> 2757: mct_stream_process_bus_msg: frameid is 5 hal_version is 3
06-03 20:44:00.781 E/mm-camera(  715): <MCT   ><ERROR> 2759: mct_stream_process_bus_msg: kstate_ptr is 0xe4adf254, isp_kstate_ptr is 0xe8854000
06-03 20:44:00.782 E/mm-camera(  715): <MCT   ><ERROR> 2765: mct_stream_process_bus_msg: frame_id is 5
06-03 20:44:00.782 E/QCamera (  715): <MCI><ERROR> mm_stream_data_notify: 337: E, my_handle = 0x3a00, fd = 67, state = 6 blackjoe
06-03 20:44:00.782 E/QCamera (  715): <MCI><ERROR> mm_stream_read_msm_frame: 1723: E, my_handle = 0x3a00, fd = 67, state = 6 blackjoe
06-03 20:44:00.782 I/QCamera (  715): <MCI><INFO> mm_stream_read_msm_frame: 1770: VIDIOC_DQBUF buf_index 4, frame_idx 4, stream type 7, rc 0,queued: 17, buf_type = 0 flags = 8192 FD = 67 my_num 0 buf fd 90
06-03 20:44:00.783 E/QCamera (  715): <MCI><ERROR> mm_stream_read_msm_frame: 1790: X rc = 0
06-03 20:44:00.783 I/QCamera (  715): <MCI><INFO> mm_stream_handle_rcvd_buf: 220: E, my_handle = 0x3a00, fd = 67, state = 6
06-03 20:44:00.783 I/QCamera (  715): <MCI><INFO> mm_stream_handle_rcvd_buf: 244: has cb and it is active by blackjoe
06-03 20:44:00.783 I/QCamera (  715): <MCI><INFO> mm_stream_dispatch_app_data: 415: E, my_handle = 0x3a00, fd = 67, state = 6
06-03 20:44:00.783 I/QCamera (  715): <MCI><INFO> mm_stream_dispatch_app_data: 436: frame_sync.is_active = 0, is_cb_active = 1
06-03 20:44:00.783 I/QCamera (  715): <MCI><INFO> mm_stream_dispatch_app_data: 457: Enter callback by blackjoe
06-03 20:44:00.786 E/mm-camera(  715): <STATS_AIS ><ERROR> 1316: dsps_process_response_gyro: Query request denied, error code = 5, QId_valid = 1, QueryId = 0x50a, AckNak_valid = 1, AckNak = 3
06-03 20:44:00.795 E/mm-camera(  715): <MCT   ><ERROR> 4828: mct_pipeline_process_serv_msg: pipeline blackjoe data->sessionid 3 pipeline->session 3 msgid 3
06-03 20:44:00.795 E/mm-camera(  715): <MCT   ><ERROR> 4299: mct_pipeline_process_set: command is 0x8000014 blackjoe CAM_PRIV_PARM 0x8000014
06-03 20:44:00.808 E/        (    0): frame_src is 1 frame_id is 6 blackjoe
06-03 20:44:00.797 E/QCamera (  715): <MCI><ERROR> mm_stream_data_notify: 337: E, my_handle = 0x3b01, fd = 78, state = 6 blackjoe
06-03 20:44:00.797 E/QCamera (  715): <MCI><ERROR> mm_stream_read_msm_frame: 1723: E, my_handle = 0x3b01, fd = 78, state = 6 blackjoe
06-03 20:44:00.798 E/mm-camera(  715): <SENSOR><ERROR> 4883: sensor_get_frame_duration: resolution is invalid, it seems stream has stopped.
06-03 20:44:00.798 I/QCamera (  715): <MCI><INFO> mm_stream_read_msm_frame: 1770: VIDIOC_DQBUF buf_index 8, frame_idx 5, stream type 8, rc 0,queued: 4, buf_type = 0 flags = 8192 FD = 78 my_num 0 buf fd 129
06-03 20:44:00.798 E/QCamera (  715): <MCI><ERROR> mm_stream_read_msm_frame: 1790: X rc = 0
06-03 20:44:00.798 I/QCamera (  715): <MCI><INFO> mm_stream_handle_rcvd_buf: 220: E, my_handle = 0x3b01, fd = 78, state = 6
06-03 20:44:00.798 I/QCamera (  715): <MCI><INFO> mm_stream_handle_rcvd_buf: 244: has cb and it is active by blackjoe
06-03 20:44:00.798 E/mm-camera(  715): <SENSOR><ERROR> 884: sensor_fc_report_meta: Failed to get frame duration
06-03 20:44:00.799 I/QCamera (  715): <MCI><INFO> mm_stream_dispatch_app_data: 415: E, my_handle = 0x3b01, fd = 78, state = 6
06-03 20:44:00.799 I/QCamera (  715): <MCI><INFO> mm_stream_dispatch_app_data: 436: frame_sync.is_active = 0, is_cb_active = 1
06-03 20:44:00.800 I/QCamera (  715): <MCI><INFO> mm_stream_dispatch_app_data: 457: Enter callback by blackjoe
06-03 20:44:00.800 E/mm-camera(  715): <MCT   ><ERROR> 4828: mct_pipeline_process_serv_msg: pipeline blackjoe data->sessionid 3 pipeline->session 3 msgid 3
06-03 20:44:00.800 E/mm-camera(  715): <SENSOR><ERROR> 4805: sensor_get_exposure_time: resolution is invalid, it seems stream has stopped.
06-03 20:44:00.800 E/mm-camera(  715): <MCT   ><ERROR> 4299: mct_pipeline_process_set: command is 0x8000014 blackjoe CAM_PRIV_PARM 0x8000014
06-03 20:44:00.800 E/mm-camera(  715): <SENSOR><ERROR> 904: sensor_fc_report_meta: Failed to get exposure time
06-03 20:44:00.802 E/mm-camera(  715): <MCT   ><ERROR> 2722: mct_stream_process_bus_msg: Check the runing function blackjoe 
06-03 20:44:00.803 E/mm-camera(  715): <MCT   ><ERROR> 2755: mct_stream_process_bus_msg: isp_sof_bus_msg is 0xe7840ac0
06-03 20:44:00.803 E/mm-camera(  715): <MCT   ><ERROR> 2757: mct_stream_process_bus_msg: frameid is 6 hal_version is 3
06-03 20:44:00.803 E/mm-camera(  715): <MCT   ><ERROR> 2759: mct_stream_process_bus_msg: kstate_ptr is 0xe4adf254, isp_kstate_ptr is 0xe8854000
06-03 20:44:00.803 E/mm-camera(  715): <MCT   ><ERROR> 2765: mct_stream_process_bus_msg: frame_id is 6
06-03 20:44:00.805 E/QCamera (  715): <MCI><ERROR> mm_stream_data_notify: 337: E, my_handle = 0x3a00, fd = 67, state = 6 blackjoe
06-03 20:44:00.805 E/QCamera (  715): <MCI><ERROR> mm_stream_read_msm_frame: 1723: E, my_handle = 0x3a00, fd = 67, state = 6 blackjoe
06-03 20:44:00.806 E/mm-camera(  715): <STATS_AIS ><ERROR> 1316: dsps_process_response_gyro: Query request denied, error code = 5, QId_valid = 1, QueryId = 0x60a, AckNak_valid = 1, AckNak = 3
06-03 20:44:00.806 I/QCamera (  715): <MCI><INFO> mm_stream_read_msm_frame: 1770: VIDIOC_DQBUF buf_index 5, frame_idx 5, stream type 7, rc 0,queued: 17, buf_type = 0 flags = 8192 FD = 67 my_num 0 buf fd 92
06-03 20:44:00.806 E/QCamera (  715): <MCI><ERROR> mm_stream_read_msm_frame: 1790: X rc = 0
06-03 20:44:00.806 I/QCamera (  715): <MCI><INFO> mm_stream_handle_rcvd_buf: 220: E, my_handle = 0x3a00, fd = 67, state = 6
06-03 20:44:00.806 I/QCamera (  715): <MCI><INFO> mm_stream_handle_rcvd_buf: 244: has cb and it is active by blackjoe
06-03 20:44:00.806 I/QCamera (  715): <MCI><INFO> mm_stream_dispatch_app_data: 415: E, my_handle = 0x3a00, fd = 67, state = 6
06-03 20:44:00.807 I/QCamera (  715): <MCI><INFO> mm_stream_dispatch_app_data: 436: frame_sync.is_active = 0, is_cb_active = 1
06-03 20:44:00.807 I/QCamera (  715): <MCI><INFO> mm_stream_dispatch_app_data: 457: Enter callback by blackjoe
06-03 20:44:00.817 E/QCamera (  715): <MCI><ERROR> mm_stream_data_notify: 337: E, my_handle = 0x3b01, fd = 78, state = 6 blackjoe
06-03 20:44:00.817 E/QCamera (  715): <MCI><ERROR> mm_stream_read_msm_frame: 1723: E, my_handle = 0x3b01, fd = 78, state = 6 blackjoe
06-03 20:44:00.818 I/QCamera (  715): <MCI><INFO> mm_stream_read_msm_frame: 1770: VIDIOC_DQBUF buf_index 9, frame_idx 6, stream type 8, rc 0,queued: 4, buf_type = 0 flags = 8192 FD = 78 my_num 0 buf fd 134
06-03 20:44:00.818 E/QCamera (  715): <MCI><ERROR> mm_stream_read_msm_frame: 1790: X rc = 0
06-03 20:44:00.818 I/QCamera (  715): <MCI><INFO> mm_stream_handle_rcvd_buf: 220: E, my_handle = 0x3b01, fd = 78, state = 6
06-03 20:44:00.818 I/QCamera (  715): <MCI><INFO> mm_stream_handle_rcvd_buf: 244: has cb and it is active by blackjoe
06-03 20:44:00.827 E/        (    0): frame_src is 1 frame_id is 7 blackjoe
06-03 20:44:00.822 I/QCamera (  715): <MCI><INFO> mm_stream_dispatch_app_data: 415: E, my_handle = 0x3b01, fd = 78, state = 6
06-03 20:44:00.822 I/QCamera (  715): <MCI><INFO> mm_stream_dispatch_app_data: 436: frame_sync.is_active = 0, is_cb_active = 1
06-03 20:44:00.822 I/QCamera (  715): <MCI><INFO> mm_stream_dispatch_app_data: 457: Enter callback by blackjoe
06-03 20:44:00.823 E/mm-camera(  715): <SENSOR><ERROR> 4883: sensor_get_frame_duration: resolution is invalid, it seems stream has stopped.
06-03 20:44:00.823 E/mm-camera(  715): <SENSOR><ERROR> 884: sensor_fc_report_meta: Failed to get frame duration
06-03 20:44:00.823 E/mm-camera(  715): <SENSOR><ERROR> 4805: sensor_get_exposure_time: resolution is invalid, it seems stream has stopped.
06-03 20:44:00.823 E/mm-camera(  715): <SENSOR><ERROR> 904: sensor_fc_report_meta: Failed to get exposure time
06-03 20:44:00.825 E/mm-camera(  715): <MCT   ><ERROR> 2722: mct_stream_process_bus_msg: Check the runing function blackjoe 
06-03 20:44:00.825 E/mm-camera(  715): <MCT   ><ERROR> 2755: mct_stream_process_bus_msg: isp_sof_bus_msg is 0xe7840ac0
06-03 20:44:00.825 E/mm-camera(  715): <MCT   ><ERROR> 2757: mct_stream_process_bus_msg: frameid is 7 hal_version is 3
06-03 20:44:00.825 E/mm-camera(  715): <MCT   ><ERROR> 2759: mct_stream_process_bus_msg: kstate_ptr is 0xe4adf254, isp_kstate_ptr is 0xe8854000
06-03 20:44:00.826 E/mm-camera(  715): <MCT   ><ERROR> 2765: mct_stream_process_bus_msg: frame_id is 7
06-03 20:44:00.826 E/QCamera (  715): <MCI><ERROR> mm_stream_data_notify: 337: E, my_handle = 0x3a00, fd = 67, state = 6 blackjoe
06-03 20:44:00.826 E/QCamera (  715): <MCI><ERROR> mm_stream_read_msm_frame: 1723: E, my_handle = 0x3a00, fd = 67, state = 6 blackjoe
06-03 20:44:00.827 I/QCamera (  715): <MCI><INFO> mm_stream_read_msm_frame: 1770: VIDIOC_DQBUF buf_index 6, frame_idx 6, stream type 7, rc 0,queued: 17, buf_type = 0 flags = 8192 FD = 67 my_num 0 buf fd 94
06-03 20:44:00.827 E/QCamera (  715): <MCI><ERROR> mm_stream_read_msm_frame: 1790: X rc = 0
06-03 20:44:00.827 D/qdgralloc( 5000): Imported handle: 0x7786ad5060 id: 331
06-03 20:44:00.827 I/QCamera (  715): <MCI><INFO> mm_stream_handle_rcvd_buf: 220: E, my_handle = 0x3a00, fd = 67, state = 6
06-03 20:44:00.827 D/qdgralloc( 5000): GetTransportSize: num fds: 2 num ints: 22 err:0
06-03 20:44:00.827 I/QCamera (  715): <MCI><INFO> mm_stream_handle_rcvd_buf: 244: has cb and it is active by blackjoe
06-03 20:44:00.828 I/QCamera (  715): <MCI><INFO> mm_stream_dispatch_app_data: 415: E, my_handle = 0x3a00, fd = 67, state = 6
06-03 20:44:00.828 I/QCamera (  715): <MCI><INFO> mm_stream_dispatch_app_data: 436: frame_sync.is_active = 0, is_cb_active = 1
06-03 20:44:00.828 I/QCamera (  715): <MCI><INFO> mm_stream_dispatch_app_data: 457: Enter callback by blackjoe
06-03 20:44:00.828 D/qdgralloc( 1301): Imported handle: 0xec680790 id: 331
06-03 20:44:00.828 D/qdgralloc( 1301): GetTransportSize: num fds: 2 num ints: 22 err:0
06-03 20:44:00.829 D/qdgralloc(  715): Imported handle: 0xdf5c1e90 id: 331
06-03 20:44:00.830 E/mm-camera(  715): <STATS_AIS ><ERROR> 1316: dsps_process_response_gyro: Query request denied, error code = 5, QId_valid = 1, QueryId = 0x70a, AckNak_valid = 1, AckNak = 3
06-03 20:44:00.834 E/mm-camera(  715): <MCT   ><ERROR> 4828: mct_pipeline_process_serv_msg: pipeline blackjoe data->sessionid 3 pipeline->session 3 msgid 3
06-03 20:44:00.834 E/mm-camera(  715): <MCT   ><ERROR> 4299: mct_pipeline_process_set: command is 0x8000014 blackjoe CAM_PRIV_PARM 0x8000014
06-03 20:44:00.835 E/QCamera (  715): <MCI><ERROR> mm_stream_data_notify: 337: E, my_handle = 0x3b01, fd = 78, state = 6 blackjoe
06-03 20:44:00.835 E/QCamera (  715): <MCI><ERROR> mm_stream_read_msm_frame: 1723: E, my_handle = 0x3b01, fd = 78, state = 6 blackjoe
06-03 20:44:00.845 E/        (    0): frame_src is 1 frame_id is 8 blackjoe
06-03 20:44:00.835 I/QCamera (  715): <MCI><INFO> mm_stream_read_msm_frame: 1770: VIDIOC_DQBUF buf_index 10, frame_idx 7, stream type 8, rc 0,queued: 4, buf_type = 0 flags = 8192 FD = 78 my_num 0 buf fd 137
06-03 20:44:00.836 E/QCamera (  715): <MCI><ERROR> mm_stream_read_msm_frame: 1790: X rc = 0
06-03 20:44:00.836 I/QCamera (  715): <MCI><INFO> mm_stream_handle_rcvd_buf: 220: E, my_handle = 0x3b01, fd = 78, state = 6
06-03 20:44:00.836 I/QCamera (  715): <MCI><INFO> mm_stream_handle_rcvd_buf: 244: has cb and it is active by blackjoe
06-03 20:44:00.836 I/QCamera (  715): <MCI><INFO> mm_stream_dispatch_app_data: 415: E, my_handle = 0x3b01, fd = 78, state = 6
06-03 20:44:00.836 I/QCamera (  715): <MCI><INFO> mm_stream_dispatch_app_data: 436: frame_sync.is_active = 0, is_cb_active = 1
06-03 20:44:00.836 I/QCamera (  715): <MCI><INFO> mm_stream_dispatch_app_data: 457: Enter callback by blackjoe
06-03 20:44:00.836 E/mm-camera(  715): <SENSOR><ERROR> 4883: sensor_get_frame_duration: resolution is invalid, it seems stream has stopped.
06-03 20:44:00.837 E/mm-camera(  715): <SENSOR><ERROR> 884: sensor_fc_report_meta: Failed to get frame duration
06-03 20:44:00.837 E/mm-camera(  715): <SENSOR><ERROR> 4805: sensor_get_exposure_time: resolution is invalid, it seems stream has stopped.
06-03 20:44:00.837 E/mm-camera(  715): <SENSOR><ERROR> 904: sensor_fc_report_meta: Failed to get exposure time
06-03 20:44:00.838 E/mm-camera(  715): <MCT   ><ERROR> 2722: mct_stream_process_bus_msg: Check the runing function blackjoe 
06-03 20:44:00.838 E/mm-camera(  715): <MCT   ><ERROR> 2755: mct_stream_process_bus_msg: isp_sof_bus_msg is 0xe7840ac0
06-03 20:44:00.838 E/mm-camera(  715): <MCT   ><ERROR> 2757: mct_stream_process_bus_msg: frameid is 8 hal_version is 3
06-03 20:44:00.838 E/mm-camera(  715): <MCT   ><ERROR> 2759: mct_stream_process_bus_msg: kstate_ptr is 0xe4adf254, isp_kstate_ptr is 0xe8854000
06-03 20:44:00.838 E/mm-camera(  715): <MCT   ><ERROR> 2765: mct_stream_process_bus_msg: frame_id is 8
06-03 20:44:00.839 E/QCamera (  715): <MCI><ERROR> mm_stream_data_notify: 337: E, my_handle = 0x3a00, fd = 67, state = 6 blackjoe
06-03 20:44:00.839 E/QCamera (  715): <MCI><ERROR> mm_stream_read_msm_frame: 1723: E, my_handle = 0x3a00, fd = 67, state = 6 blackjoe
06-03 20:44:00.839 I/QCamera (  715): <MCI><INFO> mm_stream_read_msm_frame: 1770: VIDIOC_DQBUF buf_index 7, frame_idx 7, stream type 7, rc 0,queued: 17, buf_type = 0 flags = 8192 FD = 67 my_num 0 buf fd 96
06-03 20:44:00.839 E/QCamera (  715): <MCI><ERROR> mm_stream_read_msm_frame: 1790: X rc = 0
06-03 20:44:00.840 I/QCamera (  715): <MCI><INFO> mm_stream_handle_rcvd_buf: 220: E, my_handle = 0x3a00, fd = 67, state = 6
06-03 20:44:00.840 I/QCamera (  715): <MCI><INFO> mm_stream_handle_rcvd_buf: 244: has cb and it is active by blackjoe
06-03 20:44:00.840 I/QCamera (  715): <MCI><INFO> mm_stream_dispatch_app_data: 415: E, my_handle = 0x3a00, fd = 67, state = 6
06-03 20:44:00.840 I/QCamera (  715): <MCI><INFO> mm_stream_dispatch_app_data: 436: frame_sync.is_active = 0, is_cb_active = 1
06-03 20:44:00.840 E/mm-camera(  715): <MCT   ><ERROR> 4828: mct_pipeline_process_serv_msg: pipeline blackjoe data->sessionid 3 pipeline->session 3 msgid 3
06-03 20:44:00.840 I/QCamera (  715): <MCI><INFO> mm_stream_dispatch_app_data: 457: Enter callback by blackjoe
06-03 20:44:00.840 E/mm-camera(  715): <MCT   ><ERROR> 4299: mct_pipeline_process_set: command is 0x8000014 blackjoe CAM_PRIV_PARM 0x8000014
06-03 20:44:00.846 E/mm-camera(  715): <STATS_AIS ><ERROR> 1316: dsps_process_response_gyro: Query request denied, error code = 5, QId_valid = 1, QueryId = 0x80a, AckNak_valid = 1, AckNak = 3
06-03 20:44:00.856 E/mm-camera(  715): <MCT   ><ERROR> 4828: mct_pipeline_process_serv_msg: pipeline blackjoe data->sessionid 3 pipeline->session 3 msgid 3
06-03 20:44:00.856 E/mm-camera(  715): <MCT   ><ERROR> 4299: mct_pipeline_process_set: command is 0x8000014 blackjoe CAM_PRIV_PARM 0x8000014
06-03 20:44:00.873 D/logd    (    0): logdr: UID=0 GID=0 PID=7924 n tail=0 logMask=99 pid=0 start=0ns timeout=0ns
06-03 20:44:00.877 W/healthd (    0): battery l=44 v=3524 t=27.0 h=2 st=2 c=-718749 fc=0 cc=8 chg=u
06-03 20:44:00.889 D/BatteryService( 1605): level : 44 / status : 2/Health : 2/Decommission : 0
06-03 20:44:00.914 E/        (    0): frame_src is 1 frame_id is 9 blackjoe
06-03 20:44:00.893 D/ZebraRttProvider.FusionEngine( 3670): receive broadcast intent, action: android.intent.action.BATTERY_CHANGED
06-03 20:44:00.893 D/ZebraRttProvider.FusionEngine( 3670): Battery Level = 44
06-03 20:44:00.893 D/ZebraRttProvider.FusionEngine( 3670): receive broadcast intent, action: android.intent.action.BATTERY_CHANGED
06-03 20:44:00.894 D/com.symbol.dataanalytics.a.a.d.b( 4441): Received battery event
06-03 20:44:00.894 D/com.symbol.dataanalytics.a.a.d.b( 4441): BatteryFactory event action = android.intent.action.BATTERY_CHANGED
06-03 20:44:00.894 D/HighTemperatureReceiver( 2266): Receive action: android.intent.action.BATTERY_CHANGED
06-03 20:44:00.895 D/BatterySwapServ( 3442): onReceive BATTERY_CHANGED
06-03 20:44:00.895 D/BatterySwapServ( 3442): battery changed: present=true level=44 plugType=2 shutdownLevel=6 batteryType = 201 serialnumber =T5017
06-03 20:44:00.895 W/ContextImpl( 3249): Calling a method in the system process without a qualified user: android.app.ContextImpl.startService:1669 android.content.ContextWrapper.startService:720 com.symbol.batterymanager.model.BatteryManagerReceiver.startBatteryApplicationService:81 com.symbol.batterymanager.model.BatteryManagerReceiver.onReceive:47 android.app.LoadedApk$ReceiverDispatcher$Args.lambda$getRunnable$0$LoadedApk$ReceiverDispatcher$Args:1580 
06-03 20:44:00.896 D/UsbCradleMode( 5084): onReceive:Battery change, status:2
06-03 20:44:00.897 D/KeyguardUpdateMonitor( 1873): received broadcast android.intent.action.BATTERY_CHANGED
06-03 20:44:00.900 V/BatteryApplicationService( 3249): BatteryType  201
06-03 20:44:00.902 D/OSUService( 3189): dev-dbg:is_charging current_now -718749, batteryLevel: 44, isCharging(isCharging): true
06-03 20:44:00.902 D/OSUService( 3189): dev-dbg:is_charging ADAPTER_CHARGE_LIMIIT 500000
06-03 20:44:00.902 D/OSUService( 3189): dev-dbg:is_charging current_now > ADAPTER_CHARGE_LIMIIT false
06-03 20:44:00.902 D/OSUService( 3189): dev-dbg:is_charging conditionCheck false
06-03 20:44:00.902 D/OSUService( 3189): dev-dbg: battery change intent batteryLevel: 44, is_charging(context): true, STATE: 1
06-03 20:44:00.903 E/QCamera (  715): <MCI><ERROR> mm_stream_data_notify: 337: E, my_handle = 0x3b01, fd = 78, state = 6 blackjoe
06-03 20:44:00.903 E/QCamera (  715): <MCI><ERROR> mm_stream_read_msm_frame: 1723: E, my_handle = 0x3b01, fd = 78, state = 6 blackjoe
06-03 20:44:00.903 I/QCamera (  715): <MCI><INFO> mm_stream_read_msm_frame: 1770: VIDIOC_DQBUF buf_index 11, frame_idx 8, stream type 8, rc 0,queued: 5, buf_type = 0 flags = 8192 FD = 78 my_num 0 buf fd 140
06-03 20:44:00.903 E/QCamera (  715): <MCI><ERROR> mm_stream_read_msm_frame: 1790: X rc = 0
06-03 20:44:00.903 E/mm-camera(  715): <SENSOR><ERROR> 4883: sensor_get_frame_duration: resolution is invalid, it seems stream has stopped.
06-03 20:44:00.903 I/QCamera (  715): <MCI><INFO> mm_stream_handle_rcvd_buf: 220: E, my_handle = 0x3b01, fd = 78, state = 6
06-03 20:44:00.903 I/QCamera (  715): <MCI><INFO> mm_stream_handle_rcvd_buf: 244: has cb and it is active by blackjoe
06-03 20:44:00.903 E/mm-camera(  715): <SENSOR><ERROR> 884: sensor_fc_report_meta: Failed to get frame duration
06-03 20:44:00.904 I/QCamera (  715): <MCI><INFO> mm_stream_dispatch_app_data: 415: E, my_handle = 0x3b01, fd = 78, state = 6
06-03 20:44:00.904 E/mm-camera(  715): <SENSOR><ERROR> 4805: sensor_get_exposure_time: resolution is invalid, it seems stream has stopped.
06-03 20:44:00.904 I/QCamera (  715): <MCI><INFO> mm_stream_dispatch_app_data: 436: frame_sync.is_active = 0, is_cb_active = 1
06-03 20:44:00.904 E/mm-camera(  715): <SENSOR><ERROR> 904: sensor_fc_report_meta: Failed to get exposure time
06-03 20:44:00.904 I/QCamera (  715): <MCI><INFO> mm_stream_dispatch_app_data: 457: Enter callback by blackjoe
06-03 20:44:00.905 E/mm-camera(  715): <MCT   ><ERROR> 2722: mct_stream_process_bus_msg: Check the runing function blackjoe 
06-03 20:44:00.905 E/mm-camera(  715): <MCT   ><ERROR> 2755: mct_stream_process_bus_msg: isp_sof_bus_msg is 0xe7840ac0
06-03 20:44:00.905 E/mm-camera(  715): <MCT   ><ERROR> 2757: mct_stream_process_bus_msg: frameid is 9 hal_version is 3
06-03 20:44:00.905 E/mm-camera(  715): <MCT   ><ERROR> 2759: mct_stream_process_bus_msg: kstate_ptr is 0xe4adf254, isp_kstate_ptr is 0xe8854000
06-03 20:44:00.905 E/mm-camera(  715): <MCT   ><ERROR> 2765: mct_stream_process_bus_msg: frame_id is 9
06-03 20:44:00.905 D/OSUService( 3189): dev-dbg:is_charging current_now -718749, batteryLevel: 44, isCharging(isCharging): true
06-03 20:44:00.906 D/OSUService( 3189): dev-dbg:is_charging ADAPTER_CHARGE_LIMIIT 500000
06-03 20:44:00.906 D/OSUService( 3189): dev-dbg:is_charging current_now > ADAPTER_CHARGE_LIMIIT false
06-03 20:44:00.906 D/OSUService( 3189): dev-dbg:is_charging conditionCheck false
06-03 20:44:00.906 D/OSUService( 3189): dev-dbg: calling for resume
06-03 20:44:00.906 I/OSUService( 3189): handle_ab_resume -1 3
06-03 20:44:00.906 I/OSUService( 3189): handle_ab_resume state 1 last_state 0
06-03 20:44:00.906 E/OSUService( 3189): Can't resume - there are no update in suspended state
06-03 20:44:00.906 D/OSUService( 3189): dev-dbg: battery change intent finished
06-03 20:44:00.906 E/QCamera (  715): <MCI><ERROR> mm_stream_data_notify: 337: E, my_handle = 0x3a00, fd = 67, state = 6 blackjoe
06-03 20:44:00.906 E/QCamera (  715): <MCI><ERROR> mm_stream_read_msm_frame: 1723: E, my_handle = 0x3a00, fd = 67, state = 6 blackjoe
06-03 20:44:00.906 I/QCamera (  715): <MCI><INFO> mm_stream_read_msm_frame: 1770: VIDIOC_DQBUF buf_index 8, frame_idx 8, stream type 7, rc 0,queued: 17, buf_type = 0 flags = 8192 FD = 67 my_num 0 buf fd 98
06-03 20:44:00.906 E/QCamera (  715): <MCI><ERROR> mm_stream_read_msm_frame: 1790: X rc = 0
06-03 20:44:00.906 I/QCamera (  715): <MCI><INFO> mm_stream_handle_rcvd_buf: 220: E, my_handle = 0x3a00, fd = 67, state = 6
06-03 20:44:00.907 I/QCamera (  715): <MCI><INFO> mm_stream_handle_rcvd_buf: 244: has cb and it is active by blackjoe
06-03 20:44:00.907 I/QCamera (  715): <MCI><INFO> mm_stream_dispatch_app_data: 415: E, my_handle = 0x3a00, fd = 67, state = 6
06-03 20:44:00.907 I/QCamera (  715): <MCI><INFO> mm_stream_dispatch_app_data: 436: frame_sync.is_active = 0, is_cb_active = 1
06-03 20:44:00.907 I/QCamera (  715): <MCI><INFO> mm_stream_dispatch_app_data: 457: Enter callback by blackjoe
06-03 20:44:00.908 E/mm-camera(  715): <STATS_AIS ><ERROR> 1316: dsps_process_response_gyro: Query request denied, error code = 5, QId_valid = 1, QueryId = 0x90a, AckNak_valid = 1, AckNak = 3
06-03 20:44:00.908 D/KeyguardUpdateMonitor( 1873): handleBatteryUpdate
06-03 20:44:00.915 E/mm-camera(  715): <MCT   ><ERROR> 4828: mct_pipeline_process_serv_msg: pipeline blackjoe data->sessionid 3 pipeline->session 3 msgid 3
06-03 20:44:00.915 E/mm-camera(  715): <MCT   ><ERROR> 4299: mct_pipeline_process_set: command is 0x8000014 blackjoe CAM_PRIV_PARM 0x8000014
06-03 20:44:00.937 E/QCamera (  715): <MCI><ERROR> mm_stream_data_notify: 337: E, my_handle = 0x3b01, fd = 78, state = 6 blackjoe
06-03 20:44:00.937 E/QCamera (  715): <MCI><ERROR> mm_stream_read_msm_frame: 1723: E, my_handle = 0x3b01, fd = 78, state = 6 blackjoe
06-03 20:44:00.938 I/QCamera (  715): <MCI><INFO> mm_stream_read_msm_frame: 1770: VIDIOC_DQBUF buf_index 6, frame_idx 9, stream type 8, rc 0,queued: 5, buf_type = 0 flags = 8192 FD = 78 my_num 0 buf fd 76
06-03 20:44:00.938 E/QCamera (  715): <MCI><ERROR> mm_stream_read_msm_frame: 1790: X rc = 0
06-03 20:44:00.938 I/QCamera (  715): <MCI><INFO> mm_stream_handle_rcvd_buf: 220: E, my_handle = 0x3b01, fd = 78, state = 6
06-03 20:44:00.948 E/        (    0): frame_src is 1 frame_id is 10 blackjoe
06-03 20:44:00.938 I/QCamera (  715): <MCI><INFO> mm_stream_handle_rcvd_buf: 244: has cb and it is active by blackjoe
06-03 20:44:00.938 I/QCamera (  715): <MCI><INFO> mm_stream_dispatch_app_data: 415: E, my_handle = 0x3b01, fd = 78, state = 6
06-03 20:44:00.938 I/QCamera (  715): <MCI><INFO> mm_stream_dispatch_app_data: 436: frame_sync.is_active = 0, is_cb_active = 1
06-03 20:44:00.939 I/QCamera (  715): <MCI><INFO> mm_stream_dispatch_app_data: 457: Enter callback by blackjoe
06-03 20:44:00.939 E/mm-camera(  715): <SENSOR><ERROR> 4883: sensor_get_frame_duration: resolution is invalid, it seems stream has stopped.
06-03 20:44:00.939 E/mm-camera(  715): <SENSOR><ERROR> 884: sensor_fc_report_meta: Failed to get frame duration
06-03 20:44:00.939 E/mm-camera(  715): <SENSOR><ERROR> 4805: sensor_get_exposure_time: resolution is invalid, it seems stream has stopped.
06-03 20:44:00.939 E/mm-camera(  715): <SENSOR><ERROR> 904: sensor_fc_report_meta: Failed to get exposure time
06-03 20:44:00.940 E/mm-camera(  715): <MCT   ><ERROR> 2722: mct_stream_process_bus_msg: Check the runing function blackjoe 
06-03 20:44:00.940 E/mm-camera(  715): <MCT   ><ERROR> 2755: mct_stream_process_bus_msg: isp_sof_bus_msg is 0xe7840ac0
06-03 20:44:00.940 E/mm-camera(  715): <MCT   ><ERROR> 2757: mct_stream_process_bus_msg: frameid is 10 hal_version is 3
06-03 20:44:00.940 E/mm-camera(  715): <MCT   ><ERROR> 2759: mct_stream_process_bus_msg: kstate_ptr is 0xe4adf254, isp_kstate_ptr is 0xe8854000
06-03 20:44:00.941 E/mm-camera(  715): <MCT   ><ERROR> 2765: mct_stream_process_bus_msg: frame_id is 10
06-03 20:44:00.941 E/QCamera (  715): <MCI><ERROR> mm_stream_data_notify: 337: E, my_handle = 0x3a00, fd = 67, state = 6 blackjoe
06-03 20:44:00.941 E/QCamera (  715): <MCI><ERROR> mm_stream_read_msm_frame: 1723: E, my_handle = 0x3a00, fd = 67, state = 6 blackjoe
06-03 20:44:00.942 I/QCamera (  715): <MCI><INFO> mm_stream_read_msm_frame: 1770: VIDIOC_DQBUF buf_index 9, frame_idx 9, stream type 7, rc 0,queued: 17, buf_type = 0 flags = 8192 FD = 67 my_num 0 buf fd 100
06-03 20:44:00.942 E/QCamera (  715): <MCI><ERROR> mm_stream_read_msm_frame: 1790: X rc = 0
06-03 20:44:00.942 I/QCamera (  715): <MCI><INFO> mm_stream_handle_rcvd_buf: 220: E, my_handle = 0x3a00, fd = 67, state = 6
06-03 20:44:00.942 I/QCamera (  715): <MCI><INFO> mm_stream_handle_rcvd_buf: 244: has cb and it is active by blackjoe
06-03 20:44:00.943 I/QCamera (  715): <MCI><INFO> mm_stream_dispatch_app_data: 415: E, my_handle = 0x3a00, fd = 67, state = 6
06-03 20:44:00.943 I/QCamera (  715): <MCI><INFO> mm_stream_dispatch_app_data: 436: frame_sync.is_active = 0, is_cb_active = 1
06-03 20:44:00.943 I/QCamera (  715): <MCI><INFO> mm_stream_dispatch_app_data: 457: Enter callback by blackjoe
06-03 20:44:00.943 E/mm-camera(  715): <STATS_AIS ><ERROR> 1316: dsps_process_response_gyro: Query request denied, error code = 5, QId_valid = 1, QueryId = 0xa0a, AckNak_valid = 1, AckNak = 3
06-03 20:44:00.949 E/mm-camera(  715): <MCT   ><ERROR> 4828: mct_pipeline_process_serv_msg: pipeline blackjoe data->sessionid 3 pipeline->session 3 msgid 3
06-03 20:44:00.950 E/mm-camera(  715): <MCT   ><ERROR> 4299: mct_pipeline_process_set: command is 0x8000014 blackjoe CAM_PRIV_PARM 0x8000014
06-03 20:44:00.982 E/        (    0): frame_src is 1 frame_id is 11 blackjoe
06-03 20:44:00.972 E/mm-camera(  715): <SENSOR><ERROR> 4883: sensor_get_frame_duration: resolution is invalid, it seems stream has stopped.
06-03 20:44:00.972 E/mm-camera(  715): <SENSOR><ERROR> 884: sensor_fc_report_meta: Failed to get frame duration
06-03 20:44:00.972 E/mm-camera(  715): <SENSOR><ERROR> 4805: sensor_get_exposure_time: resolution is invalid, it seems stream has stopped.
06-03 20:44:00.973 E/mm-camera(  715): <SENSOR><ERROR> 904: sensor_fc_report_meta: Failed to get exposure time
06-03 20:44:00.973 E/mm-camera(  715): <MCT   ><ERROR> 2722: mct_stream_process_bus_msg: Check the runing function blackjoe 
06-03 20:44:00.973 E/mm-camera(  715): <MCT   ><ERROR> 2755: mct_stream_process_bus_msg: isp_sof_bus_msg is 0xe7840ac0
06-03 20:44:00.974 E/mm-camera(  715): <MCT   ><ERROR> 2757: mct_stream_process_bus_msg: frameid is 11 hal_version is 3
06-03 20:44:00.974 E/mm-camera(  715): <MCT   ><ERROR> 2759: mct_stream_process_bus_msg: kstate_ptr is 0xe4adf254, isp_kstate_ptr is 0xe8854000
06-03 20:44:00.974 E/mm-camera(  715): <MCT   ><ERROR> 2765: mct_stream_process_bus_msg: frame_id is 11
06-03 20:44:00.974 E/QCamera (  715): <MCI><ERROR> mm_stream_data_notify: 337: E, my_handle = 0x3b01, fd = 78, state = 6 blackjoe
06-03 20:44:00.974 E/QCamera (  715): <MCI><ERROR> mm_stream_read_msm_frame: 1723: E, my_handle = 0x3b01, fd = 78, state = 6 blackjoe
06-03 20:44:00.975 I/QCamera (  715): <MCI><INFO> mm_stream_read_msm_frame: 1770: VIDIOC_DQBUF buf_index 7, frame_idx 10, stream type 8, rc 0,queued: 5, buf_type = 0 flags = 8192 FD = 78 my_num 0 buf fd 126
06-03 20:44:00.975 E/QCamera (  715): <MCI><ERROR> mm_stream_read_msm_frame: 1790: X rc = 0
06-03 20:44:00.975 I/QCamera (  715): <MCI><INFO> mm_stream_handle_rcvd_buf: 220: E, my_handle = 0x3b01, fd = 78, state = 6
06-03 20:44:00.975 I/QCamera (  715): <MCI><INFO> mm_stream_handle_rcvd_buf: 244: has cb and it is active by blackjoe
06-03 20:44:00.976 I/QCamera (  715): <MCI><INFO> mm_stream_dispatch_app_data: 415: E, my_handle = 0x3b01, fd = 78, state = 6
06-03 20:44:00.976 E/QCamera (  715): <MCI><ERROR> mm_stream_data_notify: 337: E, my_handle = 0x3a00, fd = 67, state = 6 blackjoe
06-03 20:44:00.976 I/QCamera (  715): <MCI><INFO> mm_stream_dispatch_app_data: 436: frame_sync.is_active = 0, is_cb_active = 1
06-03 20:44:00.976 E/QCamera (  715): <MCI><ERROR> mm_stream_read_msm_frame: 1723: E, my_handle = 0x3a00, fd = 67, state = 6 blackjoe
06-03 20:44:00.976 I/QCamera (  715): <MCI><INFO> mm_stream_dispatch_app_data: 457: Enter callback by blackjoe
06-03 20:44:00.976 I/QCamera (  715): <MCI><INFO> mm_stream_read_msm_frame: 1770: VIDIOC_DQBUF buf_index 10, frame_idx 10, stream type 7, rc 0,queued: 17, buf_type = 0 flags = 8192 FD = 67 my_num 0 buf fd 102
06-03 20:44:00.976 E/QCamera (  715): <MCI><ERROR> mm_stream_read_msm_frame: 1790: X rc = 0
06-03 20:44:00.976 I/QCamera (  715): <MCI><INFO> mm_stream_handle_rcvd_buf: 220: E, my_handle = 0x3a00, fd = 67, state = 6
06-03 20:44:00.976 I/QCamera (  715): <MCI><INFO> mm_stream_handle_rcvd_buf: 244: has cb and it is active by blackjoe
06-03 20:44:00.977 I/QCamera (  715): <MCI><INFO> mm_stream_dispatch_app_data: 415: E, my_handle = 0x3a00, fd = 67, state = 6
06-03 20:44:00.977 I/QCamera (  715): <MCI><INFO> mm_stream_dispatch_app_data: 436: frame_sync.is_active = 0, is_cb_active = 1
06-03 20:44:00.977 I/QCamera (  715): <MCI><INFO> mm_stream_dispatch_app_data: 457: Enter callback by blackjoe
06-03 20:44:00.978 E/mm-camera(  715): <STATS_AIS ><ERROR> 1316: dsps_process_response_gyro: Query request denied, error code = 5, QId_valid = 1, QueryId = 0xb0a, AckNak_valid = 1, AckNak = 3
06-03 20:44:00.983 E/mm-camera(  715): <MCT   ><ERROR> 4828: mct_pipeline_process_serv_msg: pipeline blackjoe data->sessionid 3 pipeline->session 3 msgid 3
06-03 20:44:00.983 E/mm-camera(  715): <MCT   ><ERROR> 4299: mct_pipeline_process_set: command is 0x8000014 blackjoe CAM_PRIV_PARM 0x8000014
06-03 20:44:01.066 E/        (    0): frame_src is 1 frame_id is 12 blackjoe
06-03 20:44:01.055 E/QCamera (  715): <MCI><ERROR> mm_stream_data_notify: 337: E, my_handle = 0x3b01, fd = 78, state = 6 blackjoe
06-03 20:44:01.055 E/QCamera (  715): <MCI><ERROR> mm_stream_read_msm_frame: 1723: E, my_handle = 0x3b01, fd = 78, state = 6 blackjoe
06-03 20:44:01.056 I/QCamera (  715): <MCI><INFO> mm_stream_read_msm_frame: 1770: VIDIOC_DQBUF buf_index 8, frame_idx 11, stream type 8, rc 0,queued: 5, buf_type = 0 flags = 8192 FD = 78 my_num 0 buf fd 131
06-03 20:44:01.056 E/QCamera (  715): <MCI><ERROR> mm_stream_read_msm_frame: 1790: X rc = 0
06-03 20:44:01.056 E/mm-camera(  715): <SENSOR><ERROR> 4883: sensor_get_frame_duration: resolution is invalid, it seems stream has stopped.
06-03 20:44:01.056 I/QCamera (  715): <MCI><INFO> mm_stream_handle_rcvd_buf: 220: E, my_handle = 0x3b01, fd = 78, state = 6
06-03 20:44:01.056 E/mm-camera(  715): <SENSOR><ERROR> 884: sensor_fc_report_meta: Failed to get frame duration
06-03 20:44:01.056 I/QCamera (  715): <MCI><INFO> mm_stream_handle_rcvd_buf: 244: has cb and it is active by blackjoe
06-03 20:44:01.056 E/mm-camera(  715): <SENSOR><ERROR> 4805: sensor_get_exposure_time: resolution is invalid, it seems stream has stopped.
06-03 20:44:01.056 I/QCamera (  715): <MCI><INFO> mm_stream_dispatch_app_data: 415: E, my_handle = 0x3b01, fd = 78, state = 6
06-03 20:44:01.056 E/mm-camera(  715): <SENSOR><ERROR> 904: sensor_fc_report_meta: Failed to get exposure time
06-03 20:44:01.057 I/QCamera (  715): <MCI><INFO> mm_stream_dispatch_app_data: 436: frame_sync.is_active = 0, is_cb_active = 1
06-03 20:44:01.057 I/QCamera (  715): <MCI><INFO> mm_stream_dispatch_app_data: 457: Enter callback by blackjoe
06-03 20:44:01.057 E/mm-camera(  715): <MCT   ><ERROR> 2722: mct_stream_process_bus_msg: Check the runing function blackjoe 
06-03 20:44:01.057 E/mm-camera(  715): <MCT   ><ERROR> 2755: mct_stream_process_bus_msg: isp_sof_bus_msg is 0xe7840ac0
06-03 20:44:01.057 E/mm-camera(  715): <MCT   ><ERROR> 2757: mct_stream_process_bus_msg: frameid is 12 hal_version is 3
06-03 20:44:01.058 E/mm-camera(  715): <MCT   ><ERROR> 2759: mct_stream_process_bus_msg: kstate_ptr is 0xe4adf254, isp_kstate_ptr is 0xe8854000
06-03 20:44:01.058 E/mm-camera(  715): <MCT   ><ERROR> 2765: mct_stream_process_bus_msg: frame_id is 12
06-03 20:44:01.058 E/QCamera (  715): <MCI><ERROR> mm_stream_data_notify: 337: E, my_handle = 0x3a00, fd = 67, state = 6 blackjoe
06-03 20:44:01.058 E/QCamera (  715): <MCI><ERROR> mm_stream_read_msm_frame: 1723: E, my_handle = 0x3a00, fd = 67, state = 6 blackjoe
06-03 20:44:01.059 I/QCamera (  715): <MCI><INFO> mm_stream_read_msm_frame: 1770: VIDIOC_DQBUF buf_index 11, frame_idx 11, stream type 7, rc 0,queued: 17, buf_type = 0 flags = 8192 FD = 67 my_num 0 buf fd 104
06-03 20:44:01.059 E/QCamera (  715): <MCI><ERROR> mm_stream_read_msm_frame: 1790: X rc = 0
06-03 20:44:01.059 I/QCamera (  715): <MCI><INFO> mm_stream_handle_rcvd_buf: 220: E, my_handle = 0x3a00, fd = 67, state = 6
06-03 20:44:01.059 I/QCamera (  715): <MCI><INFO> mm_stream_handle_rcvd_buf: 244: has cb and it is active by blackjoe
06-03 20:44:01.059 I/QCamera (  715): <MCI><INFO> mm_stream_dispatch_app_data: 415: E, my_handle = 0x3a00, fd = 67, state = 6
06-03 20:44:01.060 I/QCamera (  715): <MCI><INFO> mm_stream_dispatch_app_data: 436: frame_sync.is_active = 0, is_cb_active = 1
06-03 20:44:01.060 I/QCamera (  715): <MCI><INFO> mm_stream_dispatch_app_data: 457: Enter callback by blackjoe
06-03 20:44:01.062 E/mm-camera(  715): <STATS_AIS ><ERROR> 1316: dsps_process_response_gyro: Query request denied, error code = 5, QId_valid = 1, QueryId = 0xc0a, AckNak_valid = 1, AckNak = 3
06-03 20:44:01.066 E/mm-camera(  715): <MCT   ><ERROR> 4828: mct_pipeline_process_serv_msg: pipeline blackjoe data->sessionid 3 pipeline->session 3 msgid 3
06-03 20:44:01.066 E/mm-camera(  715): <MCT   ><ERROR> 4299: mct_pipeline_process_set: command is 0x8000014 blackjoe CAM_PRIV_PARM 0x8000014
06-03 20:44:01.089 E/QCamera (  715): <MCI><ERROR> mm_stream_data_notify: 337: E, my_handle = 0x3b01, fd = 78, state = 6 blackjoe
06-03 20:44:01.090 E/QCamera (  715): <MCI><ERROR> mm_stream_read_msm_frame: 1723: E, my_handle = 0x3b01, fd = 78, state = 6 blackjoe
06-03 20:44:01.090 E/mm-camera(  715): <SENSOR><ERROR> 4883: sensor_get_frame_duration: resolution is invalid, it seems stream has stopped.
06-03 20:44:01.090 E/mm-camera(  715): <SENSOR><ERROR> 884: sensor_fc_report_meta: Failed to get frame duration
06-03 20:44:01.090 I/QCamera (  715): <MCI><INFO> mm_stream_read_msm_frame: 1770: VIDIOC_DQBUF buf_index 9, frame_idx 12, stream type 8, rc 0,queued: 5, buf_type = 0 flags = 8192 FD = 78 my_num 0 buf fd 129
06-03 20:44:01.090 E/mm-camera(  715): <SENSOR><ERROR> 4805: sensor_get_exposure_time: resolution is invalid, it seems stream has stopped.
06-03 20:44:01.090 E/QCamera (  715): <MCI><ERROR> mm_stream_read_msm_frame: 1790: X rc = 0
06-03 20:44:01.090 E/mm-camera(  715): <SENSOR><ERROR> 904: sensor_fc_report_meta: Failed to get exposure time
06-03 20:44:01.090 I/QCamera (  715): <MCI><INFO> mm_stream_handle_rcvd_buf: 220: E, my_handle = 0x3b01, fd = 78, state = 6
06-03 20:44:01.090 I/QCamera (  715): <MCI><INFO> mm_stream_handle_rcvd_buf: 244: has cb and it is active by blackjoe
06-03 20:44:01.091 I/QCamera (  715): <MCI><INFO> mm_stream_dispatch_app_data: 415: E, my_handle = 0x3b01, fd = 78, state = 6
06-03 20:44:01.091 I/QCamera (  715): <MCI><INFO> mm_stream_dispatch_app_data: 436: frame_sync.is_active = 0, is_cb_active = 1
06-03 20:44:01.091 E/mm-camera(  715): <MCT   ><ERROR> 2722: mct_stream_process_bus_msg: Check the runing function blackjoe 
06-03 20:44:01.100 E/        (    0): frame_src is 1 frame_id is 13 blackjoe
06-03 20:44:01.091 I/QCamera (  715): <MCI><INFO> mm_stream_dispatch_app_data: 457: Enter callback by blackjoe
06-03 20:44:01.091 E/mm-camera(  715): <MCT   ><ERROR> 2755: mct_stream_process_bus_msg: isp_sof_bus_msg is 0xe7840ac0
06-03 20:44:01.091 E/mm-camera(  715): <MCT   ><ERROR> 2757: mct_stream_process_bus_msg: frameid is 13 hal_version is 3
06-03 20:44:01.091 E/mm-camera(  715): <MCT   ><ERROR> 2759: mct_stream_process_bus_msg: kstate_ptr is 0xe4adf254, isp_kstate_ptr is 0xe8854000
06-03 20:44:01.091 E/mm-camera(  715): <MCT   ><ERROR> 2765: mct_stream_process_bus_msg: frame_id is 13
06-03 20:44:01.092 E/QCamera (  715): <MCI><ERROR> mm_stream_data_notify: 337: E, my_handle = 0x3a00, fd = 67, state = 6 blackjoe
06-03 20:44:01.092 E/QCamera (  715): <MCI><ERROR> mm_stream_read_msm_frame: 1723: E, my_handle = 0x3a00, fd = 67, state = 6 blackjoe
06-03 20:44:01.092 I/QCamera (  715): <MCI><INFO> mm_stream_read_msm_frame: 1770: VIDIOC_DQBUF buf_index 12, frame_idx 12, stream type 7, rc 0,queued: 17, buf_type = 0 flags = 8192 FD = 67 my_num 0 buf fd 106
06-03 20:44:01.093 E/QCamera (  715): <MCI><ERROR> mm_stream_read_msm_frame: 1790: X rc = 0
06-03 20:44:01.093 I/QCamera (  715): <MCI><INFO> mm_stream_handle_rcvd_buf: 220: E, my_handle = 0x3a00, fd = 67, state = 6
06-03 20:44:01.093 I/QCamera (  715): <MCI><INFO> mm_stream_handle_rcvd_buf: 244: has cb and it is active by blackjoe
06-03 20:44:01.093 I/QCamera (  715): <MCI><INFO> mm_stream_dispatch_app_data: 415: E, my_handle = 0x3a00, fd = 67, state = 6
06-03 20:44:01.093 I/QCamera (  715): <MCI><INFO> mm_stream_dispatch_app_data: 436: frame_sync.is_active = 0, is_cb_active = 1
06-03 20:44:01.094 I/QCamera (  715): <MCI><INFO> mm_stream_dispatch_app_data: 457: Enter callback by blackjoe
06-03 20:44:01.095 E/mm-camera(  715): <STATS_AIS ><ERROR> 1316: dsps_process_response_gyro: Query request denied, error code = 5, QId_valid = 1, QueryId = 0xd0a, AckNak_valid = 1, AckNak = 3
