--------- beginning of main
06-03 20:54:20.184 D/audio_hw_primary(  711): out_standby: enter: stream (0xeee421a0) usecase(1: low-latency-playback)
06-03 20:54:20.243 E/WifiScoringParams( 1605): Invalid frequency(-1), using 5G as default rssi array
06-03 20:54:20.262 D/WifiNative( 1605): Scan trigered from WifiNative
06-03 20:54:20.268 V/WifiHAL ( 1407): event received NL80211_CMD_TRIGGER_SCAN
06-03 20:54:20.269 V/WifiHAL (  753): event received NL80211_CMD_TRIGGER_SCAN
--------- beginning of kernel
06-03 20:54:20.275 I/FUSIONWL(    0): : ==ChannelMask_GetChannels==: Dropping channel 144, not valid
06-03 20:54:20.275 I/FUSIONWL(    0): : ==ChannelMask_GetChannels==: Band Auto, Ch list length 37
06-03 20:54:20.276 E/qcom-lpi-pinctrl 15070000.lpi_pinctrl(    0): lpi_pinctrl_runtime_resume: unable to get core clk handle -2
06-03 20:54:20.279 I/afe_close(    0): port_id = 0x102e
06-03 20:54:20.281 D/audio_hw_primary(  711): disable_audio_route: reset and update mixer path: low-latency-playback
06-03 20:54:20.284 D/soundtrigger(  711): audio_extn_sound_trigger_update_stream_status: uc_info->id 1 of type 0 for Event 2, with Raise=0
06-03 20:54:20.285 D/hardware_info(  711): hw_info_append_hw_type : device_name = speaker
06-03 20:54:20.285 D/audio_hw_primary(  711): disable_snd_device: snd_device(2: speaker)
06-03 20:54:20.287 I/soundtrigger(  711): audio_extn_sound_trigger_update_device_status: device 0x2 of type 0 for Event 0, with Raise=0
06-03 20:54:20.290 I/system_server( 1605): oneway function results will be dropped but finished with status OK and parcel size 4
06-03 20:54:20.373 E/qcom-lpi-pinctrl 15070000.lpi_pinctrl(    0): lpi_pinctrl_runtime_suspend: unable to get core clk handle -2
06-03 20:54:22.357 E/[schedu][0x172fa14d472][20:54:22.346702] wlan(    0): [2028:E:scan] scm_11d_elected_country_algo_fcc: 98: No AP with 11d Country code is present in scan list
06-03 20:54:22.357 E/FUSIONWL(    0): : ==Regulatory_elect_country_db==: No AP with 11d Country code is present in scan list
06-03 20:54:22.372 E/FUSIONWL(    0): : ==Regulatory_scan_country_list_db_reset==: Reset complete for scan country list
06-03 20:54:22.374 V/WifiHAL ( 1407): event received NL80211_CMD_NEW_SCAN_RESULTS
06-03 20:54:22.375 V/WifiHAL (  753): event received NL80211_CMD_NEW_SCAN_RESULTS
06-03 20:54:22.377 D/WifiNl80211Manager( 1605): Scan result ready event
06-03 20:54:22.378 D/WifiNative( 1605): Scan result ready event
--------- beginning of system
06-03 20:54:22.387 D/ZebraRttProvider.FusionEngine( 3670): receive broadcast intent, action: android.net.wifi.SCAN_RESULTS
06-03 20:54:22.387 D/FusionLoggerService( 4588): onReceive = android.net.wifi.SCAN_RESULTS
06-03 20:54:22.387 I/FusionManager( 4588): getCountry ENTER
06-03 20:54:22.389 D/vendor.zebra.fusion@1.0-service(  819): is80211dEnabled: returns 1
06-03 20:54:22.389 E/FusionServiceImpl( 4621): is80211dEnabled true
06-03 20:54:22.391 I/fusionconfd( 1407): getDriverCountry ENTER
06-03 20:54:22.394 D/FusionLoggerService( 4588): Country unchanged
06-03 20:54:22.447 I/init    (    0): starting service 'qccsyshalservice'...
06-03 20:54:22.492 I/init    (    0): starting service 'qccvndhalservice'...
06-03 20:54:22.549 I/qccsyshalservice(10715): Start with system binder
06-03 20:54:22.550 I/qccsyshalservice(10715): Registering qccsyshal service...
06-03 20:54:22.553 I/hwservicemanager(  500): getTransport: Cannot find entry vendor.qti.hardware.qccsyshal@1.0::IQccsyshal/qccsyshal in either framework or device manifest.
06-03 20:54:22.554 E/HidlServiceManagement(10715): Service vendor.qti.hardware.qccsyshal@1.0::IQccsyshal/qccsyshal must be in VINTF manifest in order to register/get.
06-03 20:54:22.555 E/qccsyshalservice(10715): [ERROR] registerAsService() failed with status: -2147483648
06-03 20:54:22.581 I/init    (    0): Service 'qccsyshalservice' (pid 10715) exited with status 1
06-03 20:54:22.581 I/init    (    0): Sending signal 9 to service 'qccsyshalservice' (pid 10715) process group...
06-03 20:54:22.582 I/libprocessgroup(    0): Successfully killed process cgroup uid 1000 pid 10715 in 0ms
06-03 20:54:22.583 I/vendor.qti.hardware.qccvndhal@1.0-service(10716): Start with vendor binder
06-03 20:54:22.585 I/vendor.qti.hardware.qccvndhal@1.0-service(10716): Registering qccvndhal service...
06-03 20:54:22.587 I/hwservicemanager(  500): getTransport: Cannot find entry vendor.qti.hardware.qccvndhal@1.0::IQccvndhal/qccvndhal in either framework or device manifest.
06-03 20:54:22.588 E/HidlServiceManagement(10716): Service vendor.qti.hardware.qccvndhal@1.0::IQccvndhal/qccvndhal must be in VINTF manifest in order to register/get.
06-03 20:54:22.588 E/vendor.qti.hardware.qccvndhal@1.0-service(10716): [ERROR] registerAsService() failed with status: -2147483648
06-03 20:54:22.609 I/init    (    0): Service 'qccvndhalservice' (pid 10716) exited with status 1
06-03 20:54:22.609 I/init    (    0): Sending signal 9 to service 'qccvndhalservice' (pid 10716) process group...
06-03 20:54:22.610 I/libprocessgroup(    0): Successfully killed process cgroup uid 1000 pid 10716 in 0ms
06-03 20:54:22.788 D/CompatibilityInfo( 1605): mCompatibilityFlags - 4
06-03 20:54:22.788 D/CompatibilityInfo( 1605): applicationDensity - 240
06-03 20:54:22.788 D/CompatibilityInfo( 1605): applicationScale - 1.0
06-03 20:54:22.800 I/NextSubtest service( 5000): hit
06-03 20:54:22.813 E/        (    0): [SDL] misc_ioctl msg.len is 3 : 0x77 0x03 0x86
06-03 20:54:22.824 E/        (    0): [SDL] misc_ioctl msg.len is 2 : 0x88 0x00
06-03 20:54:22.824 E/        (    0): [SDL] se47xx_misc_ioctl ret = -107
06-03 20:54:22.828 E/        (    0): [SDL] misc_ioctl msg.len is 2 : 0x88 0x00
06-03 20:54:22.833 E/        (    0): [SDL] misc_ioctl msg.len is 3 : 0x77 0x08 0x81
06-03 20:54:22.839 E/        (    0): [SDL] misc_ioctl msg.len is 2 : 0x88 0x00
06-03 20:54:22.843 E/        (    0): [SDL] misc_ioctl msg.len is 3 : 0x58 0x00 0xa8
06-03 20:54:22.848 E/        (    0): [SDL] misc_ioctl msg.len is 2 : 0xa7 0x00
06-03 20:54:22.856 E/        (    0): [SDL] misc_ioctl msg.len is 3 : 0x77 0x03 0x86
06-03 20:54:22.859 E/        (    0): [SDL] misc_ioctl msg.len is 2 : 0x88 0x00
06-03 20:54:22.865 E/        (    0): [SDL] misc_ioctl msg.len is 3 : 0x77 0x08 0x81
06-03 20:54:22.870 E/        (    0): [SDL] misc_ioctl msg.len is 2 : 0x88 0x00
06-03 20:54:22.876 E/        (    0): [SDL] misc_ioctl msg.len is 3 : 0x58 0x00 0xa8
06-03 20:54:22.881 E/        (    0): [SDL] misc_ioctl msg.len is 2 : 0xa7 0x00
06-03 20:54:23.278 D/logd    (    0): logdr: UID=0 GID=0 PID=10725 b tail=0 logMask=99 pid=0 start=0ns timeout=0ns
06-03 20:54:24.339 W/adbd    ( 3968): timeout expired while flushing socket, closing
06-03 20:54:25.688 D/EventSequenceValidator( 1605): Transition from INTENT_FAILED to INTENT_STARTED
06-03 20:54:25.688 I/ActivityTaskManager( 1605): START u0 {flg=0x10000000 cmp=sdl.android.testapp/.SW_Decode_Android_TestApp_Activity} from uid 0
06-03 20:54:25.699 D/EventSequenceValidator( 1605): Transition from INTENT_STARTED to INTENT_FAILED
06-03 20:54:26.448 I/swapper/1(    0): type=1400 audit(0.0:192550): avc: denied { kill } for capability=5 scontext=u:r:kernel:s0 tcontext=u:r:kernel:s0 tclass=capability permissive=1
06-03 20:54:27.590 I/qccsyshalservice(10745): Start with system binder
06-03 20:54:27.591 I/qccsyshalservice(10745): Registering qccsyshal service...
06-03 20:54:27.594 I/hwservicemanager(  500): getTransport: Cannot find entry vendor.qti.hardware.qccsyshal@1.0::IQccsyshal/qccsyshal in either framework or device manifest.
06-03 20:54:27.595 E/HidlServiceManagement(10745): Service vendor.qti.hardware.qccsyshal@1.0::IQccsyshal/qccsyshal must be in VINTF manifest in order to register/get.
06-03 20:54:27.595 E/qccsyshalservice(10745): [ERROR] registerAsService() failed with status: -2147483648
06-03 20:54:27.621 I/vendor.qti.hardware.qccvndhal@1.0-service(10746): Start with vendor binder
06-03 20:54:27.623 I/vendor.qti.hardware.qccvndhal@1.0-service(10746): Registering qccvndhal service...
06-03 20:54:27.626 I/hwservicemanager(  500): getTransport: Cannot find entry vendor.qti.hardware.qccvndhal@1.0::IQccvndhal/qccvndhal in either framework or device manifest.
06-03 20:54:27.627 E/HidlServiceManagement(10746): Service vendor.qti.hardware.qccvndhal@1.0::IQccvndhal/qccvndhal must be in VINTF manifest in order to register/get.
06-03 20:54:27.627 E/vendor.qti.hardware.qccvndhal@1.0-service(10746): [ERROR] registerAsService() failed with status: -2147483648
06-03 20:54:27.648 I/init    (    0): Service 'qccvndhalservice' (pid 10746) exited with status 1
06-03 20:54:27.648 I/init    (    0): Sending signal 9 to service 'qccvndhalservice' (pid 10746) process group...
06-03 20:54:27.649 I/libprocessgroup(    0): Successfully killed process cgroup uid 1000 pid 10746 in 0ms
06-03 20:54:28.362 W/ProcessCpuTracker( 1605): Failed to stat(/proc/10747): android.system.ErrnoException: stat failed: ENOENT (No such file or directory)
06-03 20:54:28.363 W/ProcessCpuTracker( 1605): Skipping unknown process pid 10747
06-03 20:54:28.468 E/PhoneInterfaceManager( 2472): [PhoneIntfMgr] queryModemActivityInfo: Empty response
06-03 20:54:28.580 E/KernelCpuSpeedReader( 1605): Failed to read cpu-freq: /sys/devices/system/cpu/cpu4/cpufreq/stats/time_in_state: open failed: ENOENT (No such file or directory)
06-03 20:54:28.581 E/KernelCpuSpeedReader( 1605): Failed to read cpu-freq: /sys/devices/system/cpu/cpu0/cpufreq/stats/time_in_state: open failed: ENOENT (No such file or directory)
06-03 20:54:28.578 I/Binder:568_1(  568): type=1400 audit(0.0:192551): avc: denied { read } for name="wakeup48" dev="sysfs" ino=68376 scontext=u:r:system_suspend:s0 tcontext=u:object_r:sysfs:s0 tclass=dir permissive=1
06-03 20:54:28.578 I/Binder:568_1(  568): type=1400 audit(0.0:192552): avc: denied { open } for path="/sys/devices/virtual/misc/msm_mp3/wakeup48" dev="sysfs" ino=68376 scontext=u:r:system_suspend:s0 tcontext=u:object_r:sysfs:s0 tclass=dir permissive=1
06-03 20:54:28.728 I/Binder:568_1(  568): type=1400 audit(0.0:192556): avc: denied { read } for name="wakeup27" dev="sysfs" ino=57704 scontext=u:r:system_suspend:s0 tcontext=u:object_r:sysfs_battery_supply:s0 tclass=dir permissive=1
06-03 20:54:28.728 I/Binder:568_1(  568): type=1400 audit(0.0:192557): avc: denied { open } for path="/sys/devices/platform/soc/800f000.qcom,spmi/spmi-0/spmi0-00/800f000.qcom,spmi:qcom,pm660@0:qcom,qpnp-smb2/power_supply/battery/wakeup27" dev="sysfs" ino=57704 scontext=u:r:system_suspend:s0 tcontext=u:object_r:sysfs_battery_supply:s0 tclass=dir permissive=1
06-03 20:54:28.728 I/Binder:568_1(  568): type=1400 audit(0.0:192558): avc: denied { read } for name="event_count" dev="sysfs" ino=57711 scontext=u:r:system_suspend:s0 tcontext=u:object_r:sysfs_battery_supply:s0 tclass=file permissive=1
06-03 20:54:28.817 E/BatteryStatsService( 1605): Power Hal not loaded
06-03 20:54:28.817 W/BatteryExternalStatsWorker( 1605): modem info is invalid: ModemActivityInfo{ mTimestamp=0 mSleepTimeMs=0 mIdleTimeMs=0 mTransmitPowerInfo[]=[TransmitPower{ mTimeInMillis=0 mPowerRangeInDbm={-2147483648,0}}, TransmitPower{ mTimeInMillis=0 mPowerRangeInDbm={0,5}}, TransmitPower{ mTimeInMillis=0 mPowerRangeInDbm={5,15}}, TransmitPower{ mTimeInMillis=0 mPowerRangeInDbm={15,20}}, TransmitPower{ mTimeInMillis=0 mPowerRangeInDbm={20,2147483647}}] mRxTimeMs=0}
06-03 20:54:29.770 W/l.dataanalytic( 3990): Reducing the number of considered missed Gc histogram windows from 208 to 100
06-03 20:54:30.244 E/WifiScoringParams( 1605): Invalid frequency(-1), using 5G as default rssi array
06-03 20:54:30.264 D/WifiNative( 1605): Scan trigered from WifiNative
06-03 20:54:30.268 V/WifiHAL ( 1407): event received NL80211_CMD_TRIGGER_SCAN
06-03 20:54:30.269 V/WifiHAL (  753): event received NL80211_CMD_TRIGGER_SCAN
06-03 20:54:32.374 D/WifiNl80211Manager( 1605): Scan result ready event
06-03 20:54:32.374 D/WifiNative( 1605): Scan result ready event
06-03 20:54:32.378 D/WificondScannerImpl( 1605): Filtering out 1 scan results.
06-03 20:54:32.383 V/WifiHAL ( 1407): event received NL80211_CMD_NEW_SCAN_RESULTS
06-03 20:54:32.383 V/WifiHAL (  753): event received NL80211_CMD_NEW_SCAN_RESULTS
06-03 20:54:32.386 D/FusionLoggerService( 4588): onReceive = android.net.wifi.SCAN_RESULTS
06-03 20:54:32.387 I/FusionManager( 4588): getCountry ENTER
06-03 20:54:32.388 D/ZebraRttProvider.FusionEngine( 3670): receive broadcast intent, action: android.net.wifi.SCAN_RESULTS
06-03 20:54:32.390 D/vendor.zebra.fusion@1.0-service(  819): is80211dEnabled: returns 1
06-03 20:54:32.390 E/FusionServiceImpl( 4621): is80211dEnabled true
06-03 20:54:32.393 I/fusionconfd( 1407): getDriverCountry ENTER
06-03 20:54:32.396 D/FusionLoggerService( 4588): Country unchanged
06-03 20:54:32.533 I/init    (    0): starting service 'qccsyshalservice'...
06-03 20:54:32.588 I/qccsyshalservic(10749): type=1400 audit(0.0:192561): avc: denied { search } for name="/" dev="mmcblk0p37" ino=2 scontext=u:r:vendor_qccsyshal_qti:s0 tcontext=u:object_r:factory_file:s0 tclass=dir permissive=1
06-03 20:54:32.634 I/qccsyshalservice(10749): Start with system binder
06-03 20:54:32.628 I/vendor.qti.hard(10750): type=1400 audit(0.0:192562): avc: denied { search } for name="/" dev="mmcblk0p37" ino=2 scontext=u:r:vendor_hal_qccvndhal_qti:s0 tcontext=u:object_r:factory_file:s0 tclass=dir permissive=1
06-03 20:54:32.636 I/qccsyshalservice(10749): Registering qccsyshal service...
06-03 20:54:32.638 I/hwservicemanager(  500): getTransport: Cannot find entry vendor.qti.hardware.qccsyshal@1.0::IQccsyshal/qccsyshal in either framework or device manifest.
06-03 20:54:32.639 E/HidlServiceManagement(10749): Service vendor.qti.hardware.qccsyshal@1.0::IQccsyshal/qccsyshal must be in VINTF manifest in order to register/get.
06-03 20:54:32.640 E/qccsyshalservice(10749): [ERROR] registerAsService() failed with status: -2147483648
06-03 20:54:32.673 I/vendor.qti.hardware.qccvndhal@1.0-service(10750): Start with vendor binder
06-03 20:54:32.675 I/vendor.qti.hardware.qccvndhal@1.0-service(10750): Registering qccvndhal service...
06-03 20:54:32.679 I/hwservicemanager(  500): getTransport: Cannot find entry vendor.qti.hardware.qccvndhal@1.0::IQccvndhal/qccvndhal in either framework or device manifest.
06-03 20:54:32.680 E/HidlServiceManagement(10750): Service vendor.qti.hardware.qccvndhal@1.0::IQccvndhal/qccvndhal must be in VINTF manifest in order to register/get.
06-03 20:54:32.680 E/vendor.qti.hardware.qccvndhal@1.0-service(10750): [ERROR] registerAsService() failed with status: -2147483648
06-03 20:54:36.089 D/CompatibilityInfo( 1605): mCompatibilityFlags - 4
06-03 20:54:36.089 D/CompatibilityInfo( 1605): applicationDensity - 240
06-03 20:54:36.089 D/CompatibilityInfo( 1605): applicationScale - 1.0
06-03 20:54:36.110 E/        (    0): [SDL] misc_ioctl msg.len is 3 : 0x77 0x03 0x86
06-03 20:54:36.098 I/NextSubtest service( 5000): hit
06-03 20:54:36.100 D/SW_Decode_Android_TestApp_Activity( 5000): GetLastDecodedImageTests : 0
06-03 20:54:36.100 E/BCReader-JNI( 5000): mCancelCaptSession=0
06-03 20:54:36.136 E/        (    0): [SDL] misc_ioctl msg.len is 2 : 0xa7 0x00
06-03 20:54:36.141 E/        (    0): [SDL] misc_ioctl msg.len is 3 : 0x77 0x03 0x86
06-03 20:54:36.157 E/        (    0): [SDL] misc_ioctl msg.len is 2 : 0x88 0x00
06-03 20:54:36.168 E/        (    0): [SDL] misc_ioctl msg.len is 2 : 0xa7 0x00
06-03 20:54:36.174 E/        (    0): [SDL] misc_ioctl msg.len is 3 : 0x58 0x00 0xa8
06-03 20:54:36.174 D/BCReader-JNI( 5000): CHECK camera_status_t ZebraCamera::createCaptureSession() /swdec/SDL/MR-2022/Release/SDL-ALAS00-011-R00-D01/Framework.SDL_standard/project/Android/proj_BarCodeReaderSDL/jni/camera2.h 1741
06-03 20:54:36.174 D/BCReader-JNI( 5000): CHECK camera_status_t ZebraCamera::createCaptureSession() /swdec/SDL/MR-2022/Release/SDL-ALAS00-011-R00-D01/Framework.SDL_standard/project/Android/proj_BarCodeReaderSDL/jni/camera2.h 1757
06-03 20:54:36.174 D/BCReader-JNI( 5000): CHECK camera_status_t ZebraCamera::createCaptureSession() /swdec/SDL/MR-2022/Release/SDL-ALAS00-011-R00-D01/Framework.SDL_standard/project/Android/proj_BarCodeReaderSDL/jni/camera2.h 1769
06-03 20:54:36.174 D/BCReader-JNI( 5000): Call ACameraDevice_createCaptureSession createCaptureSession:1819
06-03 20:54:36.174 E/ACameraDevice( 5000): checkCameraClosedOrErrorLocked: camera device has encountered a serious error
06-03 20:54:36.174 D/BCReader-JNI( 5000): End ACameraDevice_createCaptureSession createCaptureSession:1822
06-03 20:54:36.174 E/BCReader-JNI( 5000): Create session for camera 0 failed. ret ACAMERA_ERROR_CAMERA_DEVICE session 0x0
06-03 20:54:36.174 E/BCReader-JNI( 5000): Camera 0 create CaptureSession request failed. ret -10005
06-03 20:54:36.220 E/mm-camera(  715): <SENSOR><ERROR> 4883: sensor_get_frame_duration: resolution is invalid, it seems stream has stopped.
06-03 20:54:36.221 E/mm-camera(  715): <SENSOR><ERROR> 884: sensor_fc_report_meta: Failed to get frame duration
06-03 20:54:36.221 E/mm-camera(  715): <SENSOR><ERROR> 4805: sensor_get_exposure_time: resolution is invalid, it seems stream has stopped.
06-03 20:54:36.221 E/mm-camera(  715): <SENSOR><ERROR> 904: sensor_fc_report_meta: Failed to get exposure time
06-03 20:54:36.222 E/mm-camera(  715): <MCT   ><ERROR> 2722: mct_stream_process_bus_msg: Check the runing function blackjoe 
06-03 20:54:36.223 E/mm-camera(  715): <MCT   ><ERROR> 2755: mct_stream_process_bus_msg: isp_sof_bus_msg is 0xe78414e0
06-03 20:54:36.223 E/mm-camera(  715): <MCT   ><ERROR> 2757: mct_stream_process_bus_msg: frameid is 1905 hal_version is 3
06-03 20:54:36.223 E/mm-camera(  715): <MCT   ><ERROR> 2759: mct_stream_process_bus_msg: kstate_ptr is 0xe4adf254, isp_kstate_ptr is 0xe8854000
06-03 20:54:36.223 E/mm-camera(  715): <MCT   ><ERROR> 2765: mct_stream_process_bus_msg: frame_id is 1905
06-03 20:54:36.224 E/QCamera (  715): <MCI><ERROR> mm_stream_data_notify: 337: E, my_handle = 0x5200, fd = 67, state = 6 blackjoe
06-03 20:54:36.224 E/QCamera (  715): <MCI><ERROR> mm_stream_read_msm_frame: 1723: E, my_handle = 0x5200, fd = 67, state = 6 blackjoe
06-03 20:54:36.224 I/QCamera (  715): <MCI><INFO> mm_stream_read_msm_frame: 1770: VIDIOC_DQBUF buf_index 14, frame_idx 1904, stream type 7, rc 0,queued: 17, buf_type = 0 flags = 8192 FD = 67 my_num 0 buf fd 110
06-03 20:54:36.224 E/QCamera (  715): <MCI><ERROR> mm_stream_read_msm_frame: 1790: X rc = 0
06-03 20:54:36.224 I/QCamera (  715): <MCI><INFO> mm_stream_handle_rcvd_buf: 220: E, my_handle = 0x5200, fd = 67, state = 6
06-03 20:54:36.225 I/QCamera (  715): <MCI><INFO> mm_stream_handle_rcvd_buf: 244: has cb and it is active by blackjoe
06-03 20:54:36.225 I/QCamera (  715): <MCI><INFO> mm_stream_dispatch_app_data: 415: E, my_handle = 0x5200, fd = 67, state = 6
06-03 20:54:36.225 I/QCamera (  715): <MCI><INFO> mm_stream_dispatch_app_data: 436: frame_sync.is_active = 0, is_cb_active = 1
06-03 20:54:36.225 I/QCamera (  715): <MCI><INFO> mm_stream_dispatch_app_data: 457: Enter callback by blackjoe
06-03 20:54:36.226 E/QCamera (  715): <HAL><ERROR> handleMetadataWithLock: 4863: Cancel missing frame = 5030, buffer = 0xe8693340,stream type = 8, stream format = 36
06-03 20:54:36.226 E/QCamera (  715): <HAL><ERROR> handleMetadataWithLock: 4863: Cancel missing frame = 5031, buffer = 0xe8698800,stream type = 8, stream format = 36
06-03 20:54:36.226 E/QCamera (  715): <MCI><ERROR> cancelBuffer: 884: Calling cancel buf on idx:9 for stream type:8
06-03 20:54:36.226 E/QCamera (  715): <HAL><ERROR> handleMetadataWithLock: 4863: Cancel missing frame = 5032, buffer = 0xe8693790,stream type = 8, stream format = 36
06-03 20:54:36.226 E/QCamera (  715): <MCI><ERROR> mm_stream_cancel_buf: 5156: mm_stream_cancel_buf(idx=9) err=-1
06-03 20:54:36.226 E/QCamera (  715): <HAL><ERROR> handleMetadataWithLock: 4863: Cancel missing frame = 5033, buffer = 0xe86965e0,stream type = 8, stream format = 36
06-03 20:54:36.226 E/QCamera (  715): <MCI><ERROR> cancelBuffer: 884: Calling cancel buf on idx:10 for stream type:8
06-03 20:54:36.227 E/QCamera (  715): <HAL><ERROR> handleMetadataWithLock: 4863: Cancel missing frame = 5034, buffer = 0xe8691540,stream type = 8, stream format = 36
06-03 20:54:36.227 E/QCamera (  715): <MCI><ERROR> mm_stream_cancel_buf: 5125: Error Trying to extract a frame already sent to HAL(idx=10) count=1
06-03 20:54:36.227 E/QCamera (  715): <HAL><ERROR> handleMetadataWithLock: 4863: Cancel missing frame = 5035, buffer = 0xe8697810,stream type = 8, stream format = 36
06-03 20:54:36.227 E/QCamera (  715): <MCI><ERROR> cancelBuffer: 884: Calling cancel buf on idx:6 for stream type:8
06-03 20:54:36.227 E/QCamera (  715): <MCI><ERROR> mm_stream_cancel_buf: 5125: Error Trying to extract a frame already sent to HAL(idx=6) count=1
06-03 20:54:36.227 E/QCamera (  715): <MCI><ERROR> cancelBuffer: 884: Calling cancel buf on idx:7 for stream type:8
06-03 20:54:36.227 E/QCamera (  715): <MCI><ERROR> mm_stream_cancel_buf: 5125: Error Trying to extract a frame already sent to HAL(idx=7) count=1
06-03 20:54:36.227 E/QCamera (  715): <MCI><ERROR> cancelBuffer: 884: Calling cancel buf on idx:11 for stream type:8
06-03 20:54:36.228 E/QCamera (  715): <MCI><ERROR> mm_stream_cancel_buf: 5125: Error Trying to extract a frame already sent to HAL(idx=11) count=1
06-03 20:54:36.228 E/QCamera (  715): <MCI><ERROR> cancelBuffer: 884: Calling cancel buf on idx:8 for stream type:8
06-03 20:54:36.228 E/QCamera (  715): <MCI><ERROR> mm_stream_cancel_buf: 5125: Error Trying to extract a frame already sent to HAL(idx=8) count=1
06-03 20:54:36.228 E/mm-camera(  715): <STATS_AIS ><ERROR> 1316: dsps_process_response_gyro: Query request denied, error code = 5, QId_valid = 1, QueryId = 0x710a, AckNak_valid = 1, AckNak = 3
06-03 20:54:36.254 E/mm-camera(  715): <SENSOR><ERROR> 4883: sensor_get_frame_duration: resolution is invalid, it seems stream has stopped.
06-03 20:54:36.254 E/mm-camera(  715): <SENSOR><ERROR> 884: sensor_fc_report_meta: Failed to get frame duration
06-03 20:54:36.255 E/mm-camera(  715): <SENSOR><ERROR> 4805: sensor_get_exposure_time: resolution is invalid, it seems stream has stopped.
06-03 20:54:36.255 E/mm-camera(  715): <SENSOR><ERROR> 904: sensor_fc_report_meta: Failed to get exposure time
06-03 20:54:36.256 E/mm-camera(  715): <MCT   ><ERROR> 2722: mct_stream_process_bus_msg: Check the runing function blackjoe 
06-03 20:54:36.257 E/mm-camera(  715): <MCT   ><ERROR> 2755: mct_stream_process_bus_msg: isp_sof_bus_msg is 0xe78402e0
06-03 20:54:36.257 E/mm-camera(  715): <MCT   ><ERROR> 2757: mct_stream_process_bus_msg: frameid is 1906 hal_version is 3
06-03 20:54:36.257 E/mm-camera(  715): <MCT   ><ERROR> 2759: mct_stream_process_bus_msg: kstate_ptr is 0xe4adf254, isp_kstate_ptr is 0xe8854000
06-03 20:54:36.257 E/mm-camera(  715): <MCT   ><ERROR> 2765: mct_stream_process_bus_msg: frame_id is 1906
06-03 20:54:36.258 E/QCamera (  715): <MCI><ERROR> mm_stream_data_notify: 337: E, my_handle = 0x5200, fd = 67, state = 6 blackjoe
06-03 20:54:36.258 E/QCamera (  715): <MCI><ERROR> mm_stream_read_msm_frame: 1723: E, my_handle = 0x5200, fd = 67, state = 6 blackjoe
06-03 20:54:36.258 I/QCamera (  715): <MCI><INFO> mm_stream_read_msm_frame: 1770: VIDIOC_DQBUF buf_index 15, frame_idx 1905, stream type 7, rc 0,queued: 17, buf_type = 0 flags = 8192 FD = 67 my_num 0 buf fd 112
06-03 20:54:36.258 E/QCamera (  715): <MCI><ERROR> mm_stream_read_msm_frame: 1790: X rc = 0
06-03 20:54:36.258 I/QCamera (  715): <MCI><INFO> mm_stream_handle_rcvd_buf: 220: E, my_handle = 0x5200, fd = 67, state = 6
06-03 20:54:36.259 I/QCamera (  715): <MCI><INFO> mm_stream_handle_rcvd_buf: 244: has cb and it is active by blackjoe
06-03 20:54:36.259 I/QCamera (  715): <MCI><INFO> mm_stream_dispatch_app_data: 415: E, my_handle = 0x5200, fd = 67, state = 6
06-03 20:54:36.259 I/QCamera (  715): <MCI><INFO> mm_stream_dispatch_app_data: 436: frame_sync.is_active = 0, is_cb_active = 1
06-03 20:54:36.259 I/QCamera (  715): <MCI><INFO> mm_stream_dispatch_app_data: 457: Enter callback by blackjoe
06-03 20:54:36.260 E/QCamera (  715): <HAL><ERROR> handleMetadataWithLock: 4863: Cancel missing frame = 5030, buffer = 0xe8693340,stream type = 8, stream format = 36
06-03 20:54:36.260 E/QCamera (  715): <MCI><ERROR> cancelBuffer: 884: Calling cancel buf on idx:9 for stream type:8
06-03 20:54:36.260 E/QCamera (  715): <HAL><ERROR> handleMetadataWithLock: 4863: Cancel missing frame = 5031, buffer = 0xe8698800,stream type = 8, stream format = 36
06-03 20:54:36.260 E/QCamera (  715): <HAL><ERROR> handleMetadataWithLock: 4863: Cancel missing frame = 5032, buffer = 0xe8693790,stream type = 8, stream format = 36
06-03 20:54:36.260 E/QCamera (  715): <MCI><ERROR> mm_stream_cancel_buf: 5156: mm_stream_cancel_buf(idx=9) err=-1
06-03 20:54:36.260 E/QCamera (  715): <HAL><ERROR> handleMetadataWithLock: 4863: Cancel missing frame = 5033, buffer = 0xe86965e0,stream type = 8, stream format = 36
06-03 20:54:36.260 E/QCamera (  715): <MCI><ERROR> cancelBuffer: 884: Calling cancel buf on idx:10 for stream type:8
06-03 20:54:36.260 E/QCamera (  715): <HAL><ERROR> handleMetadataWithLock: 4863: Cancel missing frame = 5034, buffer = 0xe8691540,stream type = 8, stream format = 36
06-03 20:54:36.260 E/QCamera (  715): <MCI><ERROR> mm_stream_cancel_buf: 5125: Error Trying to extract a frame already sent to HAL(idx=10) count=1
06-03 20:54:36.261 E/QCamera (  715): <HAL><ERROR> handleMetadataWithLock: 4863: Cancel missing frame = 5035, buffer = 0xe8697810,stream type = 8, stream format = 36
06-03 20:54:36.261 E/QCamera (  715): <MCI><ERROR> cancelBuffer: 884: Calling cancel buf on idx:6 for stream type:8
06-03 20:54:36.261 E/QCamera (  715): <MCI><ERROR> mm_stream_cancel_buf: 5125: Error Trying to extract a frame already sent to HAL(idx=6) count=1
06-03 20:54:36.261 E/QCamera (  715): <MCI><ERROR> cancelBuffer: 884: Calling cancel buf on idx:7 for stream type:8
06-03 20:54:36.261 E/mm-camera(  715): <STATS_AIS ><ERROR> 1316: dsps_process_response_gyro: Query request denied, error code = 5, QId_valid = 1, QueryId = 0x720a, AckNak_valid = 1, AckNak = 3
06-03 20:54:36.264 E/        (    0): frame_src is 1 frame_id is 1906 blackjoe
06-03 20:54:36.261 E/QCamera (  715): <MCI><ERROR> mm_stream_cancel_buf: 5125: Error Trying to extract a frame already sent to HAL(idx=7) count=1
06-03 20:54:36.261 E/QCamera (  715): <MCI><ERROR> cancelBuffer: 884: Calling cancel buf on idx:11 for stream type:8
06-03 20:54:36.261 E/QCamera (  715): <MCI><ERROR> mm_stream_cancel_buf: 5125: Error Trying to extract a frame already sent to HAL(idx=11) count=1
06-03 20:54:36.261 E/QCamera (  715): <MCI><ERROR> cancelBuffer: 884: Calling cancel buf on idx:8 for stream type:8
06-03 20:54:36.262 E/QCamera (  715): <MCI><ERROR> mm_stream_cancel_buf: 5125: Error Trying to extract a frame already sent to HAL(idx=8) count=1
06-03 20:54:36.289 E/mm-camera(  715): <SENSOR><ERROR> 4883: sensor_get_frame_duration: resolution is invalid, it seems stream has stopped.
06-03 20:54:36.289 E/mm-camera(  715): <SENSOR><ERROR> 884: sensor_fc_report_meta: Failed to get frame duration
06-03 20:54:36.290 E/mm-camera(  715): <SENSOR><ERROR> 4805: sensor_get_exposure_time: resolution is invalid, it seems stream has stopped.
06-03 20:54:36.290 E/mm-camera(  715): <SENSOR><ERROR> 904: sensor_fc_report_meta: Failed to get exposure time
06-03 20:54:36.291 E/mm-camera(  715): <MCT   ><ERROR> 2722: mct_stream_process_bus_msg: Check the runing function blackjoe 
06-03 20:54:36.292 E/mm-camera(  715): <MCT   ><ERROR> 2755: mct_stream_process_bus_msg: isp_sof_bus_msg is 0xe7841840
06-03 20:54:36.292 E/mm-camera(  715): <MCT   ><ERROR> 2757: mct_stream_process_bus_msg: frameid is 1907 hal_version is 3
06-03 20:54:36.293 E/mm-camera(  715): <MCT   ><ERROR> 2759: mct_stream_process_bus_msg: kstate_ptr is 0xe4adf254, isp_kstate_ptr is 0xe8854000
06-03 20:54:36.293 E/mm-camera(  715): <MCT   ><ERROR> 2765: mct_stream_process_bus_msg: frame_id is 1907
06-03 20:54:36.294 E/QCamera (  715): <MCI><ERROR> mm_stream_data_notify: 337: E, my_handle = 0x5200, fd = 67, state = 6 blackjoe
06-03 20:54:36.294 E/QCamera (  715): <MCI><ERROR> mm_stream_read_msm_frame: 1723: E, my_handle = 0x5200, fd = 67, state = 6 blackjoe
06-03 20:54:36.295 I/QCamera (  715): <MCI><INFO> mm_stream_read_msm_frame: 1770: VIDIOC_DQBUF buf_index 16, frame_idx 1906, stream type 7, rc 0,queued: 17, buf_type = 0 flags = 8192 FD = 67 my_num 0 buf fd 114
06-03 20:54:36.296 E/QCamera (  715): <MCI><ERROR> mm_stream_read_msm_frame: 1790: X rc = 0
06-03 20:54:36.296 I/QCamera (  715): <MCI><INFO> mm_stream_handle_rcvd_buf: 220: E, my_handle = 0x5200, fd = 67, state = 6
06-03 20:54:36.296 I/QCamera (  715): <MCI><INFO> mm_stream_handle_rcvd_buf: 244: has cb and it is active by blackjoe
06-03 20:54:36.296 E/mm-camera(  715): <STATS_AIS ><ERROR> 1316: dsps_process_response_gyro: Query request denied, error code = 5, QId_valid = 1, QueryId = 0x730a, AckNak_valid = 1, AckNak = 3
06-03 20:54:36.297 I/QCamera (  715): <MCI><INFO> mm_stream_dispatch_app_data: 415: E, my_handle = 0x5200, fd = 67, state = 6
06-03 20:54:36.297 I/QCamera (  715): <MCI><INFO> mm_stream_dispatch_app_data: 436: frame_sync.is_active = 0, is_cb_active = 1
06-03 20:54:36.298 I/QCamera (  715): <MCI><INFO> mm_stream_dispatch_app_data: 457: Enter callback by blackjoe
06-03 20:54:36.298 E/QCamera (  715): <HAL><ERROR> handleMetadataWithLock: 4863: Cancel missing frame = 5030, buffer = 0xe8693340,stream type = 8, stream format = 36
06-03 20:54:36.299 E/QCamera (  715): <HAL><ERROR> handleMetadataWithLock: 4863: Cancel missing frame = 5031, buffer = 0xe8698800,stream type = 8, stream format = 36
06-03 20:54:36.299 E/QCamera (  715): <MCI><ERROR> cancelBuffer: 884: Calling cancel buf on idx:9 for stream type:8
06-03 20:54:36.299 E/QCamera (  715): <HAL><ERROR> handleMetadataWithLock: 4863: Cancel missing frame = 5032, buffer = 0xe8693790,stream type = 8, stream format = 36
06-03 20:54:36.299 E/QCamera (  715): <MCI><ERROR> mm_stream_cancel_buf: 5156: mm_stream_cancel_buf(idx=9) err=-1
06-03 20:54:36.299 E/QCamera (  715): <HAL><ERROR> handleMetadataWithLock: 4863: Cancel missing frame = 5033, buffer = 0xe86965e0,stream type = 8, stream format = 36
06-03 20:54:36.300 E/QCamera (  715): <MCI><ERROR> cancelBuffer: 884: Calling cancel buf on idx:10 for stream type:8
06-03 20:54:36.300 E/QCamera (  715): <HAL><ERROR> handleMetadataWithLock: 4863: Cancel missing frame = 5034, buffer = 0xe8691540,stream type = 8, stream format = 36
06-03 20:54:36.300 E/QCamera (  715): <MCI><ERROR> mm_stream_cancel_buf: 5125: Error Trying to extract a frame already sent to HAL(idx=10) count=1
06-03 20:54:36.300 E/QCamera (  715): <HAL><ERROR> handleMetadataWithLock: 4863: Cancel missing frame = 5035, buffer = 0xe8697810,stream type = 8, stream format = 36
06-03 20:54:36.300 E/QCamera (  715): <MCI><ERROR> cancelBuffer: 884: Calling cancel buf on idx:6 for stream type:8
06-03 20:54:36.301 E/QCamera (  715): <MCI><ERROR> mm_stream_cancel_buf: 5125: Error Trying to extract a frame already sent to HAL(idx=6) count=1
06-03 20:54:36.301 E/QCamera (  715): <MCI><ERROR> cancelBuffer: 884: Calling cancel buf on idx:7 for stream type:8
06-03 20:54:36.301 E/QCamera (  715): <MCI><ERROR> mm_stream_cancel_buf: 5125: Error Trying to extract a frame already sent to HAL(idx=7) count=1
06-03 20:54:36.301 E/QCamera (  715): <MCI><ERROR> cancelBuffer: 884: Calling cancel buf on idx:11 for stream type:8
06-03 20:54:36.302 E/QCamera (  715): <MCI><ERROR> mm_stream_cancel_buf: 5125: Error Trying to extract a frame already sent to HAL(idx=11) count=1
06-03 20:54:36.303 E/QCamera (  715): <MCI><ERROR> cancelBuffer: 884: Calling cancel buf on idx:8 for stream type:8
06-03 20:54:36.303 E/QCamera (  715): <MCI><ERROR> mm_stream_cancel_buf: 5125: Error Trying to extract a frame already sent to HAL(idx=8) count=1
06-03 20:54:36.382 E/        (    0): frame_src is 1 frame_id is 1908 blackjoe
06-03 20:54:36.372 E/mm-camera(  715): <SENSOR><ERROR> 4883: sensor_get_frame_duration: resolution is invalid, it seems stream has stopped.
06-03 20:54:36.372 E/mm-camera(  715): <SENSOR><ERROR> 884: sensor_fc_report_meta: Failed to get frame duration
06-03 20:54:36.372 E/mm-camera(  715): <SENSOR><ERROR> 4805: sensor_get_exposure_time: resolution is invalid, it seems stream has stopped.
06-03 20:54:36.373 E/mm-camera(  715): <SENSOR><ERROR> 904: sensor_fc_report_meta: Failed to get exposure time
06-03 20:54:36.373 E/mm-camera(  715): <MCT   ><ERROR> 2722: mct_stream_process_bus_msg: Check the runing function blackjoe 
06-03 20:54:36.374 E/mm-camera(  715): <MCT   ><ERROR> 2755: mct_stream_process_bus_msg: isp_sof_bus_msg is 0xe78412a0
06-03 20:54:36.374 E/mm-camera(  715): <MCT   ><ERROR> 2757: mct_stream_process_bus_msg: frameid is 1908 hal_version is 3
06-03 20:54:36.374 E/mm-camera(  715): <MCT   ><ERROR> 2759: mct_stream_process_bus_msg: kstate_ptr is 0xe4adf254, isp_kstate_ptr is 0xe8854000
06-03 20:54:36.374 E/mm-camera(  715): <MCT   ><ERROR> 2765: mct_stream_process_bus_msg: frame_id is 1908
06-03 20:54:36.375 E/QCamera (  715): <MCI><ERROR> mm_stream_data_notify: 337: E, my_handle = 0x5200, fd = 67, state = 6 blackjoe
06-03 20:54:36.375 E/QCamera (  715): <MCI><ERROR> mm_stream_read_msm_frame: 1723: E, my_handle = 0x5200, fd = 67, state = 6 blackjoe
06-03 20:54:36.376 I/QCamera (  715): <MCI><INFO> mm_stream_read_msm_frame: 1770: VIDIOC_DQBUF buf_index 17, frame_idx 1907, stream type 7, rc 0,queued: 17, buf_type = 0 flags = 8192 FD = 67 my_num 0 buf fd 116
06-03 20:54:36.376 E/QCamera (  715): <MCI><ERROR> mm_stream_read_msm_frame: 1790: X rc = 0
06-03 20:54:36.376 I/QCamera (  715): <MCI><INFO> mm_stream_handle_rcvd_buf: 220: E, my_handle = 0x5200, fd = 67, state = 6
06-03 20:54:36.376 I/QCamera (  715): <MCI><INFO> mm_stream_handle_rcvd_buf: 244: has cb and it is active by blackjoe
06-03 20:54:36.376 I/QCamera (  715): <MCI><INFO> mm_stream_dispatch_app_data: 415: E, my_handle = 0x5200, fd = 67, state = 6
06-03 20:54:36.377 I/QCamera (  715): <MCI><INFO> mm_stream_dispatch_app_data: 436: frame_sync.is_active = 0, is_cb_active = 1
06-03 20:54:36.377 I/QCamera (  715): <MCI><INFO> mm_stream_dispatch_app_data: 457: Enter callback by blackjoe
06-03 20:54:36.377 E/QCamera (  715): <HAL><ERROR> handleMetadataWithLock: 4863: Cancel missing frame = 5030, buffer = 0xe8693340,stream type = 8, stream format = 36
06-03 20:54:36.378 E/QCamera (  715): <HAL><ERROR> handleMetadataWithLock: 4863: Cancel missing frame = 5031, buffer = 0xe8698800,stream type = 8, stream format = 36
06-03 20:54:36.378 E/QCamera (  715): <HAL><ERROR> handleMetadataWithLock: 4863: Cancel missing frame = 5032, buffer = 0xe8693790,stream type = 8, stream format = 36
06-03 20:54:36.378 E/mm-camera(  715): <STATS_AIS ><ERROR> 1316: dsps_process_response_gyro: Query request denied, error code = 5, QId_valid = 1, QueryId = 0x740a, AckNak_valid = 1, AckNak = 3
06-03 20:54:36.378 E/QCamera (  715): <HAL><ERROR> handleMetadataWithLock: 4863: Cancel missing frame = 5033, buffer = 0xe86965e0,stream type = 8, stream format = 36
06-03 20:54:36.378 E/QCamera (  715): <HAL><ERROR> handleMetadataWithLock: 4863: Cancel missing frame = 5034, buffer = 0xe8691540,stream type = 8, stream format = 36
06-03 20:54:36.378 E/QCamera (  715): <HAL><ERROR> handleMetadataWithLock: 4863: Cancel missing frame = 5035, buffer = 0xe8697810,stream type = 8, stream format = 36
06-03 20:54:36.378 E/QCamera (  715): <MCI><ERROR> cancelBuffer: 884: Calling cancel buf on idx:9 for stream type:8
06-03 20:54:36.379 E/QCamera (  715): <MCI><ERROR> mm_stream_cancel_buf: 5156: mm_stream_cancel_buf(idx=9) err=-1
06-03 20:54:36.379 E/QCamera (  715): <MCI><ERROR> cancelBuffer: 884: Calling cancel buf on idx:10 for stream type:8
06-03 20:54:36.379 E/QCamera (  715): <MCI><ERROR> mm_stream_cancel_buf: 5125: Error Trying to extract a frame already sent to HAL(idx=10) count=1
06-03 20:54:36.379 E/QCamera (  715): <MCI><ERROR> cancelBuffer: 884: Calling cancel buf on idx:6 for stream type:8
06-03 20:54:36.379 E/QCamera (  715): <MCI><ERROR> mm_stream_cancel_buf: 5125: Error Trying to extract a frame already sent to HAL(idx=6) count=1
06-03 20:54:36.379 E/QCamera (  715): <MCI><ERROR> cancelBuffer: 884: Calling cancel buf on idx:7 for stream type:8
06-03 20:54:36.379 E/QCamera (  715): <MCI><ERROR> mm_stream_cancel_buf: 5125: Error Trying to extract a frame already sent to HAL(idx=7) count=1
06-03 20:54:36.380 E/QCamera (  715): <MCI><ERROR> cancelBuffer: 884: Calling cancel buf on idx:11 for stream type:8
06-03 20:54:36.380 E/QCamera (  715): <MCI><ERROR> mm_stream_cancel_buf: 5125: Error Trying to extract a frame already sent to HAL(idx=11) count=1
06-03 20:54:36.380 E/QCamera (  715): <MCI><ERROR> cancelBuffer: 884: Calling cancel buf on idx:8 for stream type:8
06-03 20:54:36.380 E/QCamera (  715): <MCI><ERROR> mm_stream_cancel_buf: 5125: Error Trying to extract a frame already sent to HAL(idx=8) count=1
06-03 20:54:36.406 E/mm-camera(  715): <SENSOR><ERROR> 4883: sensor_get_frame_duration: resolution is invalid, it seems stream has stopped.
06-03 20:54:36.407 E/mm-camera(  715): <SENSOR><ERROR> 884: sensor_fc_report_meta: Failed to get frame duration
06-03 20:54:36.407 E/mm-camera(  715): <SENSOR><ERROR> 4805: sensor_get_exposure_time: resolution is invalid, it seems stream has stopped.
06-03 20:54:36.407 E/mm-camera(  715): <SENSOR><ERROR> 904: sensor_fc_report_meta: Failed to get exposure time
06-03 20:54:36.409 E/mm-camera(  715): <MCT   ><ERROR> 2722: mct_stream_process_bus_msg: Check the runing function blackjoe 
06-03 20:54:36.409 E/mm-camera(  715): <MCT   ><ERROR> 2755: mct_stream_process_bus_msg: isp_sof_bus_msg is 0xe78417b0
06-03 20:54:36.409 E/mm-camera(  715): <MCT   ><ERROR> 2757: mct_stream_process_bus_msg: frameid is 1909 hal_version is 3
06-03 20:54:36.410 E/mm-camera(  715): <MCT   ><ERROR> 2759: mct_stream_process_bus_msg: kstate_ptr is 0xe4adf254, isp_kstate_ptr is 0xe8854000
06-03 20:54:36.410 E/mm-camera(  715): <MCT   ><ERROR> 2765: mct_stream_process_bus_msg: frame_id is 1909
06-03 20:54:36.411 E/QCamera (  715): <MCI><ERROR> mm_stream_data_notify: 337: E, my_handle = 0x5200, fd = 67, state = 6 blackjoe
06-03 20:54:36.411 E/QCamera (  715): <MCI><ERROR> mm_stream_read_msm_frame: 1723: E, my_handle = 0x5200, fd = 67, state = 6 blackjoe
06-03 20:54:36.412 I/QCamera (  715): <MCI><INFO> mm_stream_read_msm_frame: 1770: VIDIOC_DQBUF buf_index 0, frame_idx 1908, stream type 7, rc 0,queued: 17, buf_type = 0 flags = 8192 FD = 67 my_num 0 buf fd 82
06-03 20:54:36.412 E/QCamera (  715): <MCI><ERROR> mm_stream_read_msm_frame: 1790: X rc = 0
06-03 20:54:36.413 I/QCamera (  715): <MCI><INFO> mm_stream_handle_rcvd_buf: 220: E, my_handle = 0x5200, fd = 67, state = 6
06-03 20:54:36.413 I/QCamera (  715): <MCI><INFO> mm_stream_handle_rcvd_buf: 244: has cb and it is active by blackjoe
06-03 20:54:36.414 I/QCamera (  715): <MCI><INFO> mm_stream_dispatch_app_data: 415: E, my_handle = 0x5200, fd = 67, state = 6
06-03 20:54:36.414 I/QCamera (  715): <MCI><INFO> mm_stream_dispatch_app_data: 436: frame_sync.is_active = 0, is_cb_active = 1
06-03 20:54:36.414 E/mm-camera(  715): <STATS_AIS ><ERROR> 1316: dsps_process_response_gyro: Query request denied, error code = 5, QId_valid = 1, QueryId = 0x750a, AckNak_valid = 1, AckNak = 3
06-03 20:54:36.414 I/QCamera (  715): <MCI><INFO> mm_stream_dispatch_app_data: 457: Enter callback by blackjoe
06-03 20:54:36.415 E/QCamera (  715): <HAL><ERROR> handleMetadataWithLock: 4863: Cancel missing frame = 5030, buffer = 0xe8693340,stream type = 8, stream format = 36
06-03 20:54:36.416 E/QCamera (  715): <HAL><ERROR> handleMetadataWithLock: 4863: Cancel missing frame = 5031, buffer = 0xe8698800,stream type = 8, stream format = 36
06-03 20:54:36.416 E/QCamera (  715): <HAL><ERROR> handleMetadataWithLock: 4863: Cancel missing frame = 5032, buffer = 0xe8693790,stream type = 8, stream format = 36
06-03 20:54:36.416 E/QCamera (  715): <MCI><ERROR> cancelBuffer: 884: Calling cancel buf on idx:9 for stream type:8
06-03 20:54:36.416 E/QCamera (  715): <HAL><ERROR> handleMetadataWithLock: 4863: Cancel missing frame = 5033, buffer = 0xe86965e0,stream type = 8, stream format = 36
06-03 20:54:36.417 E/QCamera (  715): <MCI><ERROR> mm_stream_cancel_buf: 5156: mm_stream_cancel_buf(idx=9) err=-1
06-03 20:54:36.417 E/QCamera (  715): <HAL><ERROR> handleMetadataWithLock: 4863: Cancel missing frame = 5034, buffer = 0xe8691540,stream type = 8, stream format = 36
06-03 20:54:36.417 E/QCamera (  715): <MCI><ERROR> cancelBuffer: 884: Calling cancel buf on idx:10 for stream type:8
06-03 20:54:36.417 E/QCamera (  715): <HAL><ERROR> handleMetadataWithLock: 4863: Cancel missing frame = 5035, buffer = 0xe8697810,stream type = 8, stream format = 36
06-03 20:54:36.417 E/QCamera (  715): <MCI><ERROR> mm_stream_cancel_buf: 5125: Error Trying to extract a frame already sent to HAL(idx=10) count=1
06-03 20:54:36.417 E/QCamera (  715): <MCI><ERROR> cancelBuffer: 884: Calling cancel buf on idx:6 for stream type:8
06-03 20:54:36.418 E/QCamera (  715): <MCI><ERROR> mm_stream_cancel_buf: 5125: Error Trying to extract a frame already sent to HAL(idx=6) count=1
06-03 20:54:36.418 E/QCamera (  715): <MCI><ERROR> cancelBuffer: 884: Calling cancel buf on idx:7 for stream type:8
06-03 20:54:36.418 E/QCamera (  715): <MCI><ERROR> mm_stream_cancel_buf: 5125: Error Trying to extract a frame already sent to HAL(idx=7) count=1
06-03 20:54:36.419 E/QCamera (  715): <MCI><ERROR> cancelBuffer: 884: Calling cancel buf on idx:11 for stream type:8
06-03 20:54:36.419 E/QCamera (  715): <MCI><ERROR> mm_stream_cancel_buf: 5125: Error Trying to extract a frame already sent to HAL(idx=11) count=1
06-03 20:54:36.419 E/QCamera (  715): <MCI><ERROR> cancelBuffer: 884: Calling cancel buf on idx:8 for stream type:8
06-03 20:54:36.419 E/QCamera (  715): <MCI><ERROR> mm_stream_cancel_buf: 5125: Error Trying to extract a frame already sent to HAL(idx=8) count=1
06-03 20:54:36.451 E/        (    0): frame_src is 1 frame_id is 1910 blackjoe
06-03 20:54:36.441 E/mm-camera(  715): <SENSOR><ERROR> 4883: sensor_get_frame_duration: resolution is invalid, it seems stream has stopped.
06-03 20:54:36.441 E/mm-camera(  715): <SENSOR><ERROR> 884: sensor_fc_report_meta: Failed to get frame duration
06-03 20:54:36.442 E/mm-camera(  715): <SENSOR><ERROR> 4805: sensor_get_exposure_time: resolution is invalid, it seems stream has stopped.
06-03 20:54:36.442 E/mm-camera(  715): <SENSOR><ERROR> 904: sensor_fc_report_meta: Failed to get exposure time
06-03 20:54:36.443 E/mm-camera(  715): <MCT   ><ERROR> 2722: mct_stream_process_bus_msg: Check the runing function blackjoe 
06-03 20:54:36.444 E/mm-camera(  715): <MCT   ><ERROR> 2755: mct_stream_process_bus_msg: isp_sof_bus_msg is 0xe78400a0
06-03 20:54:36.444 E/mm-camera(  715): <MCT   ><ERROR> 2757: mct_stream_process_bus_msg: frameid is 1910 hal_version is 3
06-03 20:54:36.444 E/mm-camera(  715): <MCT   ><ERROR> 2759: mct_stream_process_bus_msg: kstate_ptr is 0xe4adf254, isp_kstate_ptr is 0xe8854000
06-03 20:54:36.444 E/mm-camera(  715): <MCT   ><ERROR> 2765: mct_stream_process_bus_msg: frame_id is 1910
06-03 20:54:36.445 E/QCamera (  715): <MCI><ERROR> mm_stream_data_notify: 337: E, my_handle = 0x5200, fd = 67, state = 6 blackjoe
06-03 20:54:36.445 E/QCamera (  715): <MCI><ERROR> mm_stream_read_msm_frame: 1723: E, my_handle = 0x5200, fd = 67, state = 6 blackjoe
06-03 20:54:36.445 I/QCamera (  715): <MCI><INFO> mm_stream_read_msm_frame: 1770: VIDIOC_DQBUF buf_index 1, frame_idx 1909, stream type 7, rc 0,queued: 17, buf_type = 0 flags = 8192 FD = 67 my_num 0 buf fd 84
06-03 20:54:36.445 E/QCamera (  715): <MCI><ERROR> mm_stream_read_msm_frame: 1790: X rc = 0
06-03 20:54:36.446 I/QCamera (  715): <MCI><INFO> mm_stream_handle_rcvd_buf: 220: E, my_handle = 0x5200, fd = 67, state = 6
06-03 20:54:36.446 I/QCamera (  715): <MCI><INFO> mm_stream_handle_rcvd_buf: 244: has cb and it is active by blackjoe
06-03 20:54:36.446 I/QCamera (  715): <MCI><INFO> mm_stream_dispatch_app_data: 415: E, my_handle = 0x5200, fd = 67, state = 6
06-03 20:54:36.446 I/QCamera (  715): <MCI><INFO> mm_stream_dispatch_app_data: 436: frame_sync.is_active = 0, is_cb_active = 1
06-03 20:54:36.446 I/QCamera (  715): <MCI><INFO> mm_stream_dispatch_app_data: 457: Enter callback by blackjoe
06-03 20:54:36.447 E/QCamera (  715): <HAL><ERROR> handleMetadataWithLock: 4863: Cancel missing frame = 5030, buffer = 0xe8693340,stream type = 8, stream format = 36
06-03 20:54:36.448 E/QCamera (  715): <HAL><ERROR> handleMetadataWithLock: 4863: Cancel missing frame = 5031, buffer = 0xe8698800,stream type = 8, stream format = 36
06-03 20:54:36.448 E/QCamera (  715): <MCI><ERROR> cancelBuffer: 884: Calling cancel buf on idx:9 for stream type:8
06-03 20:54:36.448 E/QCamera (  715): <HAL><ERROR> handleMetadataWithLock: 4863: Cancel missing frame = 5032, buffer = 0xe8693790,stream type = 8, stream format = 36
06-03 20:54:36.448 E/QCamera (  715): <MCI><ERROR> mm_stream_cancel_buf: 5156: mm_stream_cancel_buf(idx=9) err=-1
06-03 20:54:36.448 E/QCamera (  715): <HAL><ERROR> handleMetadataWithLock: 4863: Cancel missing frame = 5033, buffer = 0xe86965e0,stream type = 8, stream format = 36
06-03 20:54:36.448 I/swapper/2(    0): type=1400 audit(0.0:192563): avc: denied { kill } for capability=5 scontext=u:r:kernel:s0 tcontext=u:r:kernel:s0 tclass=capability permissive=1
06-03 20:54:36.448 E/mm-camera(  715): <STATS_AIS ><ERROR> 1316: dsps_process_response_gyro: Query request denied, error code = 5, QId_valid = 1, QueryId = 0x760a, AckNak_valid = 1, AckNak = 3
06-03 20:54:36.448 E/QCamera (  715): <MCI><ERROR> cancelBuffer: 884: Calling cancel buf on idx:10 for stream type:8
06-03 20:54:36.448 E/QCamera (  715): <HAL><ERROR> handleMetadataWithLock: 4863: Cancel missing frame = 5034, buffer = 0xe8691540,stream type = 8, stream format = 36
06-03 20:54:36.448 E/QCamera (  715): <MCI><ERROR> mm_stream_cancel_buf: 5125: Error Trying to extract a frame already sent to HAL(idx=10) count=1
06-03 20:54:36.448 E/QCamera (  715): <HAL><ERROR> handleMetadataWithLock: 4863: Cancel missing frame = 5035, buffer = 0xe8697810,stream type = 8, stream format = 36
06-03 20:54:36.449 E/QCamera (  715): <MCI><ERROR> cancelBuffer: 884: Calling cancel buf on idx:6 for stream type:8
06-03 20:54:36.449 E/QCamera (  715): <MCI><ERROR> mm_stream_cancel_buf: 5125: Error Trying to extract a frame already sent to HAL(idx=6) count=1
06-03 20:54:36.449 E/QCamera (  715): <MCI><ERROR> cancelBuffer: 884: Calling cancel buf on idx:7 for stream type:8
06-03 20:54:36.449 E/QCamera (  715): <MCI><ERROR> mm_stream_cancel_buf: 5125: Error Trying to extract a frame already sent to HAL(idx=7) count=1
06-03 20:54:36.449 E/QCamera (  715): <MCI><ERROR> cancelBuffer: 884: Calling cancel buf on idx:11 for stream type:8
06-03 20:54:36.450 E/QCamera (  715): <MCI><ERROR> mm_stream_cancel_buf: 5125: Error Trying to extract a frame already sent to HAL(idx=11) count=1
06-03 20:54:36.450 E/QCamera (  715): <MCI><ERROR> cancelBuffer: 884: Calling cancel buf on idx:8 for stream type:8
06-03 20:54:36.450 E/QCamera (  715): <MCI><ERROR> mm_stream_cancel_buf: 5125: Error Trying to extract a frame already sent to HAL(idx=8) count=1
06-03 20:54:36.476 E/mm-camera(  715): <SENSOR><ERROR> 4883: sensor_get_frame_duration: resolution is invalid, it seems stream has stopped.
06-03 20:54:36.477 E/mm-camera(  715): <SENSOR><ERROR> 884: sensor_fc_report_meta: Failed to get frame duration
06-03 20:54:36.477 E/mm-camera(  715): <SENSOR><ERROR> 4805: sensor_get_exposure_time: resolution is invalid, it seems stream has stopped.
06-03 20:54:36.477 E/mm-camera(  715): <SENSOR><ERROR> 904: sensor_fc_report_meta: Failed to get exposure time
06-03 20:54:36.478 E/mm-camera(  715): <MCT   ><ERROR> 2722: mct_stream_process_bus_msg: Check the runing function blackjoe 
06-03 20:54:36.478 E/mm-camera(  715): <MCT   ><ERROR> 2755: mct_stream_process_bus_msg: isp_sof_bus_msg is 0xe7841330
06-03 20:54:36.478 E/mm-camera(  715): <MCT   ><ERROR> 2757: mct_stream_process_bus_msg: frameid is 1911 hal_version is 3
06-03 20:54:36.478 E/mm-camera(  715): <MCT   ><ERROR> 2759: mct_stream_process_bus_msg: kstate_ptr is 0xe4adf254, isp_kstate_ptr is 0xe8854000
06-03 20:54:36.478 E/mm-camera(  715): <MCT   ><ERROR> 2765: mct_stream_process_bus_msg: frame_id is 1911
06-03 20:54:36.479 E/QCamera (  715): <MCI><ERROR> mm_stream_data_notify: 337: E, my_handle = 0x5200, fd = 67, state = 6 blackjoe
06-03 20:54:36.479 E/QCamera (  715): <MCI><ERROR> mm_stream_read_msm_frame: 1723: E, my_handle = 0x5200, fd = 67, state = 6 blackjoe
06-03 20:54:36.479 I/QCamera (  715): <MCI><INFO> mm_stream_read_msm_frame: 1770: VIDIOC_DQBUF buf_index 2, frame_idx 1910, stream type 7, rc 0,queued: 17, buf_type = 0 flags = 8192 FD = 67 my_num 0 buf fd 86
06-03 20:54:36.479 E/QCamera (  715): <MCI><ERROR> mm_stream_read_msm_frame: 1790: X rc = 0
06-03 20:54:36.480 I/QCamera (  715): <MCI><INFO> mm_stream_handle_rcvd_buf: 220: E, my_handle = 0x5200, fd = 67, state = 6
06-03 20:54:36.480 I/QCamera (  715): <MCI><INFO> mm_stream_handle_rcvd_buf: 244: has cb and it is active by blackjoe
06-03 20:54:36.480 I/QCamera (  715): <MCI><INFO> mm_stream_dispatch_app_data: 415: E, my_handle = 0x5200, fd = 67, state = 6
06-03 20:54:36.480 I/QCamera (  715): <MCI><INFO> mm_stream_dispatch_app_data: 436: frame_sync.is_active = 0, is_cb_active = 1
06-03 20:54:36.480 I/QCamera (  715): <MCI><INFO> mm_stream_dispatch_app_data: 457: Enter callback by blackjoe
06-03 20:54:36.487 E/        (    0): frame_src is 1 frame_id is 1911 blackjoe
06-03 20:54:36.481 E/QCamera (  715): <HAL><ERROR> handleMetadataWithLock: 4863: Cancel missing frame = 5030, buffer = 0xe8693340,stream type = 8, stream format = 36
06-03 20:54:36.481 E/QCamera (  715): <HAL><ERROR> handleMetadataWithLock: 4863: Cancel missing frame = 5031, buffer = 0xe8698800,stream type = 8, stream format = 36
