01-17 15:30:55.651 I/QCamera (  722): <MCI><INFO> mm_stream_dispatch_app_data: 457: Enter callback by blackjoe
01-17 15:30:55.651 D/msm8974_platform(  718): platform_set_channel_map: set mapping(1 2 0 0 0 0 0 0) for channel:2
01-17 15:30:55.653 E/mm-camera(  722): <STATS_AIS ><ERROR> 1316: dsps_process_response_gyro: Query request denied, error code = 5, QId_valid = 1, QueryId = 0xa0a, AckNak_valid = 1, AckNak = 3
01-17 15:30:55.653 D/audio_hw_primary(  718): start_output_stream: stream_handle(0xf1a864c0) usecase(1: low-latency-playback) out_snd_device(2: speaker)             acdb_id(14) sample_rate(48000) channel_mask(0x3) app_type(69937)             audio_mode(0 : MODE_NORMAL) out_flags(0x6 : OUTPUT_FLAG_PRIMARY|OUTPUT_FLAG_FAST) out_devices(0x2 : OUT_SPEAKER) 
01-17 15:30:55.654 D/audio_hw_primary(  718): start_output_stream: exit
01-17 15:30:55.654 D/audio_hw_primary(  718): out_write: retry previous failed cal level set
01-17 15:30:55.654 D/ACDB-LOADER(  718): ACDB -> send_audvoltable
01-17 15:30:55.654 D/ACDB-LOADER(  718): ACDB -> ACDB_CMD_GET_AUDPROC_GAIN_DEP_STEP_TABLE_SIZE
01-17 15:30:55.654 D/ACDB-LOADER(  718): ACDB -> ACDB_CMD_GET_AUDPROC_GAIN_DEP_STEP_TABLE, vol index 5
01-17 15:30:55.654 D/ACDB-LOADER(  718): ACDB -> AUDIO_SET_VOL_CAL cal type = 40
01-17 15:30:55.674 E/        (    0): frame_src is 1 frame_id is 11 blackjoe
01-17 15:30:55.664 E/QCamera (  722): <MCI><ERROR> mm_stream_data_notify: 337: E, my_handle = 0x8f01, fd = 78, state = 6 blackjoe
01-17 15:30:55.664 E/QCamera (  722): <MCI><ERROR> mm_stream_read_msm_frame: 1723: E, my_handle = 0x8f01, fd = 78, state = 6 blackjoe
01-17 15:30:55.664 E/mm-camera(  722): <SENSOR><ERROR> 4883: sensor_get_frame_duration: resolution is invalid, it seems stream has stopped.
01-17 15:30:55.664 E/mm-camera(  722): <SENSOR><ERROR> 884: sensor_fc_report_meta: Failed to get frame duration
01-17 15:30:55.665 E/mm-camera(  722): <SENSOR><ERROR> 4805: sensor_get_exposure_time: resolution is invalid, it seems stream has stopped.
01-17 15:30:55.665 I/QCamera (  722): <MCI><INFO> mm_stream_read_msm_frame: 1770: VIDIOC_DQBUF buf_index 7, frame_idx 10, stream type 8, rc 0,queued: 0, buf_type = 0 flags = 8192 FD = 78 my_num 0 buf fd 128
01-17 15:30:55.665 E/mm-camera(  722): <SENSOR><ERROR> 904: sensor_fc_report_meta: Failed to get exposure time
01-17 15:30:55.665 E/QCamera (  722): <MCI><ERROR> mm_stream_read_msm_frame: 1790: X rc = 0
01-17 15:30:55.665 I/QCamera (  722): <MCI><INFO> mm_stream_handle_rcvd_buf: 220: E, my_handle = 0x8f01, fd = 78, state = 6
01-17 15:30:55.665 I/QCamera (  722): <MCI><INFO> mm_stream_handle_rcvd_buf: 244: has cb and it is active by blackjoe
01-17 15:30:55.665 I/QCamera (  722): <MCI><INFO> mm_stream_dispatch_app_data: 415: E, my_handle = 0x8f01, fd = 78, state = 6
01-17 15:30:55.666 I/QCamera (  722): <MCI><INFO> mm_stream_dispatch_app_data: 436: frame_sync.is_active = 0, is_cb_active = 1
01-17 15:30:55.666 E/mm-camera(  722): <MCT   ><ERROR> 2722: mct_stream_process_bus_msg: Check the runing function blackjoe 
01-17 15:30:55.666 I/QCamera (  722): <MCI><INFO> mm_stream_dispatch_app_data: 457: Enter callback by blackjoe
01-17 15:30:55.666 E/mm-camera(  722): <MCT   ><ERROR> 2755: mct_stream_process_bus_msg: isp_sof_bus_msg is 0xecac1de0
01-17 15:30:55.666 E/mm-camera(  722): <MCT   ><ERROR> 2757: mct_stream_process_bus_msg: frameid is 11 hal_version is 3
01-17 15:30:55.666 E/mm-camera(  722): <MCT   ><ERROR> 2759: mct_stream_process_bus_msg: kstate_ptr is 0xe9d487d4, isp_kstate_ptr is 0xeda49000
01-17 15:30:55.666 E/mm-camera(  722): <MCT   ><ERROR> 2765: mct_stream_process_bus_msg: frame_id is 11
01-17 15:30:55.667 E/QCamera (  722): <MCI><ERROR> mm_stream_data_notify: 337: E, my_handle = 0x8e00, fd = 69, state = 6 blackjoe
01-17 15:30:55.667 E/QCamera (  722): <MCI><ERROR> mm_stream_read_msm_frame: 1723: E, my_handle = 0x8e00, fd = 69, state = 6 blackjoe
01-17 15:30:55.667 I/QCamera (  722): <MCI><INFO> mm_stream_read_msm_frame: 1770: VIDIOC_DQBUF buf_index 10, frame_idx 10, stream type 7, rc 0,queued: 17, buf_type = 0 flags = 8192 FD = 69 my_num 0 buf fd 102
01-17 15:30:55.667 E/QCamera (  722): <MCI><ERROR> mm_stream_read_msm_frame: 1790: X rc = 0
01-17 15:30:55.668 I/QCamera (  722): <MCI><INFO> mm_stream_handle_rcvd_buf: 220: E, my_handle = 0x8e00, fd = 69, state = 6
01-17 15:30:55.668 I/QCamera (  722): <MCI><INFO> mm_stream_handle_rcvd_buf: 244: has cb and it is active by blackjoe
01-17 15:30:55.668 I/QCamera (  722): <MCI><INFO> mm_stream_dispatch_app_data: 415: E, my_handle = 0x8e00, fd = 69, state = 6
01-17 15:30:55.668 I/QCamera (  722): <MCI><INFO> mm_stream_dispatch_app_data: 436: frame_sync.is_active = 0, is_cb_active = 1
01-17 15:30:55.668 I/QCamera (  722): <MCI><INFO> mm_stream_dispatch_app_data: 457: Enter callback by blackjoe
01-17 15:30:55.669 E/mm-camera(  722): <STATS_AIS ><ERROR> 1316: dsps_process_response_gyro: Query request denied, error code = 5, QId_valid = 1, QueryId = 0xb0a, AckNak_valid = 1, AckNak = 3
01-17 15:30:55.672 E/ACameraDevice( 6187): onDeviceIdle sending state cb
01-17 15:30:55.672 E/NdkCameraCaptureSession( 6187): ACameraCaptureSession_getDevice: session 0x7bbe9e9390 is already closed
01-17 15:30:55.672 I/BCReader-JNI( 6187): onReady Getting camera device from session callback failed!
01-17 15:30:55.672 E/NdkCameraDevice( 6187): ACameraDevice_getId: invalid argument! device is null
01-17 15:30:55.672 I/BCReader-JNI( 6187): Session for camera (null) is ready!
01-17 15:30:55.674 I/CameraLatencyHistogram( 1374): Stream 124 dequeueBuffer latency histogram (8) samples:
01-17 15:30:55.674 I/CameraLatencyHistogram( 1374):         5     10     15     20     25     30     35     40     45    inf (max ms)
01-17 15:30:55.674 I/CameraLatencyHistogram( 1374):      75.00   25.00   0.00   0.00   0.00   0.00   0.00   0.00   0.00   0.00 (%)
01-17 15:30:55.674 I/CameraLatencyHistogram( 1374): Stream 124 latency histogram for wait on max_buffers (2) samples:
01-17 15:30:55.674 I/CameraLatencyHistogram( 1374):        33     66     99    132    165    198    231    264    297    inf (max ms)
01-17 15:30:55.674 I/CameraLatencyHistogram( 1374):      0.00   100.00   0.00   0.00   0.00   0.00   0.00   0.00   0.00   0.00 (%)
01-17 15:30:55.679 E/mm-camera(  722): <MCT   ><ERROR> 4828: mct_pipeline_process_serv_msg: pipeline blackjoe data->sessionid 3 pipeline->session 3 msgid 3
01-17 15:30:55.679 E/mm-camera(  722): <MCT   ><ERROR> 4299: mct_pipeline_process_set: command is 0x8000009 blackjoe CAM_PRIV_PARM 0x8000014
01-17 15:30:55.679 I/mm-camera(  722): <MCT   >< INFO> 4302: mct_pipeline_process_set: command=8000009
01-17 15:30:55.679 I/mm-camera(  722): <MCT   >< INFO> 4465: mct_pipeline_process_set:  STREAM-OFF on stream 0x30002 stream type=8
01-17 15:30:55.679 I/mm-camera(  722): <IFACE >< INFO> 1841: iface_streamoff_to_thread: iface_streamoff_to_thread: E, session id = 3, user stream id = 2
01-17 15:30:55.680 I/mm-camera(  722): <IFACE >< INFO> 2472: iface_streamoff: E, session_id 3 mct_stream_id = 2
01-17 15:30:55.680 I/mm-camera(  722): <IFACE >< INFO> 12256: iface_util_get_user_streams_by_bundle: streamoff, first bundled streamoff all bindled streams!
01-17 15:30:55.684 I/mm-camera(  722): <IFACE >< INFO> 2718: iface_streamoff: session_id = 3, active_streams = 0
01-17 15:30:55.684 I/mm-camera(  722): <IFACE >< INFO> 2722: iface_streamoff: all bundled stream streamoff, clear hal bundled mask
01-17 15:30:55.684 I/mm-camera(  722): <IFACE >< INFO> 2727: iface_streamoff: X
01-17 15:30:55.684 I/mm-camera(  722): <IFACE >< INFO> 1867: iface_streamoff_to_thread: iface_streamoff_to_thread: X, session id = 3, user stream id = 2
01-17 15:30:55.685 E/mm-camera(  722): <ISP   ><ERROR> 1197: isp_handler_control_streamoff: Bundle streamon count is less than zero
01-17 15:30:55.685 E/mm-camera(  722): <ISP   ><ERROR> 1201: isp_handler_control_streamoff: invalid stream_on_count 0
01-17 15:30:55.685 I/mm-camera(  722): <IFACE >< INFO> 11005: iface_util_release_resource: camif_cnt= 0, rdi_cnt= 0, used mask 2
01-17 15:30:55.691 E/        (    0): frame_src is 1 frame_id is 12 blackjoe
01-17 15:30:55.685 I/mm-camera(  722): <IFACE >< INFO> 4047: iface_destroy_hw: iface_destroy_hw: Destroy axi hw on VFE :0
01-17 15:30:55.689 I/mm-camera(  722): <MCT   >< INFO> 26: mct_refcount_get_object: ref count is already 0. Object is freed.
01-17 15:30:55.689 I/mm-camera(  722): <MCT   >< INFO> 4482: mct_pipeline_process_set:  STREAM-OFF success for stream 0x30002, stream type=8
01-17 15:30:55.689 E/mm-camera(  722): <MCT   ><ERROR> 229: mct_bus_sof_tracker: Current SOF: 12. SOF missed for 11 frame(s) session 3
01-17 15:30:55.689 E/mm-camera(  722): <SENSOR><ERROR> 4883: sensor_get_frame_duration: resolution is invalid, it seems stream has stopped.
01-17 15:30:55.690 E/mm-camera(  722): <SENSOR><ERROR> 884: sensor_fc_report_meta: Failed to get frame duration
01-17 15:30:55.690 E/mm-camera(  722): <SENSOR><ERROR> 4805: sensor_get_exposure_time: resolution is invalid, it seems stream has stopped.
01-17 15:30:55.690 E/mm-camera(  722): <SENSOR><ERROR> 904: sensor_fc_report_meta: Failed to get exposure time
01-17 15:30:55.691 E/mm-camera(  722): <MCT   ><ERROR> 2722: mct_stream_process_bus_msg: Check the runing function blackjoe 
01-17 15:30:55.691 E/mm-camera(  722): <MCT   ><ERROR> 2755: mct_stream_process_bus_msg: isp_sof_bus_msg is 0xecac10f0
01-17 15:30:55.691 E/mm-camera(  722): <MCT   ><ERROR> 2757: mct_stream_process_bus_msg: frameid is 12 hal_version is 3
01-17 15:30:55.691 E/mm-camera(  722): <MCT   ><ERROR> 2759: mct_stream_process_bus_msg: kstate_ptr is 0xe9d487d4, isp_kstate_ptr is 0xeda49000
01-17 15:30:55.691 E/mm-camera(  722): <MCT   ><ERROR> 2765: mct_stream_process_bus_msg: frame_id is 12
01-17 15:30:55.692 E/QCamera (  722): <MCI><ERROR> mm_stream_data_notify: 337: E, my_handle = 0x8e00, fd = 69, state = 6 blackjoe
01-17 15:30:55.692 E/QCamera (  722): <MCI><ERROR> mm_stream_read_msm_frame: 1723: E, my_handle = 0x8e00, fd = 69, state = 6 blackjoe
01-17 15:30:55.692 I/QCamera (  722): <MCI><INFO> mm_stream_read_msm_frame: 1770: VIDIOC_DQBUF buf_index 11, frame_idx 11, stream type 7, rc 0,queued: 17, buf_type = 0 flags = 8192 FD = 69 my_num 0 buf fd 104
01-17 15:30:55.692 E/QCamera (  722): <MCI><ERROR> mm_stream_read_msm_frame: 1790: X rc = 0
01-17 15:30:55.692 I/QCamera (  722): <MCI><INFO> mm_stream_handle_rcvd_buf: 220: E, my_handle = 0x8e00, fd = 69, state = 6
01-17 15:30:55.693 I/QCamera (  722): <MCI><INFO> mm_stream_handle_rcvd_buf: 244: has cb and it is active by blackjoe
01-17 15:30:55.693 E/mm-camera(  722): <STATS_AIS ><ERROR> 1316: dsps_process_response_gyro: Query request denied, error code = 5, QId_valid = 1, QueryId = 0xc0a, AckNak_valid = 1, AckNak = 3
01-17 15:30:55.694 I/QCamera (  722): <MCI><INFO> mm_stream_dispatch_app_data: 415: E, my_handle = 0x8e00, fd = 69, state = 6
01-17 15:30:55.694 I/QCamera (  722): <MCI><INFO> mm_stream_dispatch_app_data: 436: frame_sync.is_active = 0, is_cb_active = 1
01-17 15:30:55.694 I/QCamera (  722): <MCI><INFO> mm_stream_dispatch_app_data: 457: Enter callback by blackjoe
01-17 15:30:55.694 E/mm-camera(  722): <MCT   ><ERROR> 4828: mct_pipeline_process_serv_msg: pipeline blackjoe data->sessionid 3 pipeline->session 3 msgid 3
01-17 15:30:55.695 E/mm-camera(  722): <MCT   ><ERROR> 4299: mct_pipeline_process_set: command is 0x8000009 blackjoe CAM_PRIV_PARM 0x8000014
01-17 15:30:55.695 I/mm-camera(  722): <MCT   >< INFO> 4302: mct_pipeline_process_set: command=8000009
01-17 15:30:55.695 I/mm-camera(  722): <MCT   >< INFO> 4465: mct_pipeline_process_set:  STREAM-OFF on stream 0x30001 stream type=7
01-17 15:30:55.696 I/mm-camera(  722): <MCT   >< INFO> 4482: mct_pipeline_process_set:  STREAM-OFF success for stream 0x30001, stream type=7
01-17 15:30:55.709 I/QCamera (  722): <HAL><INFO> configureStreamsPerfLocked: 2399: stream[0] type = 0, format = 34, width = 320, height = 240, rotation = 0, usage = 0x800
01-17 15:30:55.709 E/QCamera (  722): <HAL><ERROR> validateStreamDimensions: 1491: Error: Unsupported size: 320 x 240 type: 34 array size: 1344 x 760
01-17 15:30:55.709 E/QCamera (  722): <HAL><ERROR> configureStreamsPerfLocked: 2602: Invalid stream configuration requested!
01-17 15:30:55.710 E/Camera3-Device( 1374): Camera 0: configureStreamsLocked: Set of requested inputs/outputs not supported by HAL
01-17 15:30:55.710 E/CameraDeviceClient( 1374): endConfigure: Camera 0: Unsupported set of inputs/outputs provided
01-17 15:30:55.710 E/ACameraDevice( 6187): Camera device 0 cannnot support app output configuration: Status(-8, EX_SERVICE_SPECIFIC): '3: endConfigure:513: Camera 0: Unsupported set of inputs/outputs provided'
01-17 15:30:55.710 E/ACameraDevice( 6187): Unconfigure stream failed. Device might still be configured! ret -10009
01-17 15:30:55.711 I/BCReader-JNI( 6187): ACameraCaptureSession_close session=0x7bbe9e9390 takes ~141 ms to close
01-17 15:30:55.711 D/BCReader-JNI( 6187): LEAVE camera_status_t ZebraCamera::stopPreview():2725
01-17 15:30:55.722 E/        (    0): [SDL] misc_ioctl msg.len is 3 : 0x58 0x00 0xa8
01-17 15:30:55.723 E/        (    0): [SDL] misc_ioctl msg.len is 2 : 0xa7 0x00
01-17 15:30:55.727 E/        (    0): [SDL] misc_ioctl msg.len is 3 : 0x58 0x00 0xa8
01-17 15:30:55.732 E/        (    0): [SDL] se47xx_misc_ioctl ret = -107
01-17 15:30:55.737 E/        (    0): [SDL] misc_ioctl msg.len is 3 : 0x58 0x00 0xa8
01-17 15:30:55.742 E/        (    0): [SDL] misc_ioctl msg.len is 2 : 0xa7 0x00
01-17 15:30:55.748 E/        (    0): [SDL] misc_ioctl msg.len is 3 : 0x77 0x03 0x86
01-17 15:30:55.753 E/        (    0): [SDL] misc_ioctl msg.len is 2 : 0x88 0x00
01-17 15:30:55.838 I/ActivityTaskManager( 1670): START u0 {flg=0x10000000 cmp=sdl.android.testapp/.SW_Decode_Android_TestApp_Activity} from uid 0
01-17 15:30:55.838 D/EventSequenceValidator( 1670): Transition from INTENT_FAILED to INTENT_STARTED
01-17 15:30:55.843 D/EventSequenceValidator( 1670): Transition from INTENT_STARTED to INTENT_FAILED
01-17 15:30:55.843 I/cmd     (14088): oneway function results will be dropped but finished with status OK and parcel size 4
01-17 15:30:55.964 D/AudioTrack( 6187): stop(35): called with 14592 frames delivered
01-17 15:30:56.031 I/system_server( 1670): oneway function results will be dropped but finished with status OK and parcel size 4
01-17 15:30:56.033 D/ACDB-LOADER(  718): ACDB -> send_audvoltable
01-17 15:30:56.033 D/ACDB-LOADER(  718): ACDB -> ACDB_CMD_GET_AUDPROC_GAIN_DEP_STEP_TABLE_SIZE
01-17 15:30:56.033 D/ACDB-LOADER(  718): ACDB -> ACDB_CMD_GET_AUDPROC_GAIN_DEP_STEP_TABLE, vol index 0
01-17 15:30:56.034 D/ACDB-LOADER(  718): ACDB -> AUDIO_SET_VOL_CAL cal type = 40
01-17 15:30:56.037 W/APM::AudioPolicyEngine(  855): getDevicesForStrategy() unknown strategy: -1
01-17 15:30:56.787 I/IRQ 6   (    0): no longer affine to CPU6
01-17 15:30:57.906 I/init    (    0): starting service 'smartmu'...
01-17 15:30:56.037 I/chatty  (  855): uid=1041(audioserver) ApmOutput identical 1 line
01-17 15:30:56.038 W/APM::AudioPolicyEngine(  855): getDevicesForStrategy() unknown strategy: -1
01-17 15:30:57.967 I/qccsyshalservice(14095): Start with system binder
01-17 15:30:57.968 I/qccsyshalservice(14095): Registering qccsyshal service...
01-17 15:30:57.972 I/hwservicemanager(  512): getTransport: Cannot find entry vendor.qti.hardware.qccsyshal@1.0::IQccsyshal/qccsyshal in either framework or device manifest.
01-17 15:30:57.973 E/HidlServiceManagement(14095): Service vendor.qti.hardware.qccsyshal@1.0::IQccsyshal/qccsyshal must be in VINTF manifest in order to register/get.
01-17 15:30:57.973 E/qccsyshalservice(14095): [ERROR] registerAsService() failed with status: -2147483648
01-17 15:30:57.991 I/init    (    0): Service 'qccsyshalservice' (pid 14095) exited with status 1
01-17 15:30:57.991 I/init    (    0): Sending signal 9 to service 'qccsyshalservice' (pid 14095) process group...
01-17 15:30:57.993 I/libprocessgroup(    0): Successfully killed process cgroup uid 1000 pid 14095 in 1ms
01-17 15:30:58.019 I/init    (    0): starting service 'qccvndhalservice'...
01-17 15:30:58.016 D/SMARTMU (14096): #(14096) [ main.cpp : 25] SmartMU Version , 
01-17 15:30:58.017 E/AsymmetricDecrypt(14096): [AsymmetricDecrypt::acquireKeyFile] KeyPath - /system/vendor/keys/TC52AXANF/proxyframework 
01-17 15:30:58.020 E/AsymmetricDecrypt(14096): [AsymmetricDecrypt::ObtainSeedText] Buffer - Zebra Technologies/TC52AXANF/TC52AX/proxyframework 
01-17 15:30:58.020 E/AsymmetricDecrypt(14096): [AsymmetricDecrypt::NativeAuthenticate] Authentication failed. zDecodedText returned by ReadAndDecodeEncryptedText = Zebra Technologies/TC52AX/TC52AX/proxyframework, zBuf returned by ObtainSeedText = Zebra Technologies/TC52AXANF/TC52AX/proxyframework
01-17 15:30:58.020 D/SMARTMU (14096): #(14096) [ main.cpp : 31] Authentication failed
01-17 15:30:58.069 I/init    (    0): Service 'smartmu' (pid 14096) exited with status 0
01-17 15:30:58.069 I/init    (    0): Sending signal 9 to service 'smartmu' (pid 14096) process group...
01-17 15:30:58.070 I/libprocessgroup(    0): Successfully killed process cgroup uid 0 pid 14096 in 0ms
01-17 15:30:58.084 I/swapper/2(    0): type=1400 audit(0.0:4451): avc: denied { kill } for capability=5 scontext=u:r:kernel:s0 tcontext=u:r:kernel:s0 tclass=capability permissive=1
01-17 15:30:58.129 I/vendor.qti.hardware.qccvndhal@1.0-service(14098): Start with vendor binder
01-17 15:30:58.130 I/vendor.qti.hardware.qccvndhal@1.0-service(14098): Registering qccvndhal service...
01-17 15:30:58.132 I/hwservicemanager(  512): getTransport: Cannot find entry vendor.qti.hardware.qccvndhal@1.0::IQccvndhal/qccvndhal in either framework or device manifest.
01-17 15:30:58.133 E/HidlServiceManagement(14098): Service vendor.qti.hardware.qccvndhal@1.0::IQccvndhal/qccvndhal must be in VINTF manifest in order to register/get.
01-17 15:30:58.133 E/vendor.qti.hardware.qccvndhal@1.0-service(14098): [ERROR] registerAsService() failed with status: -2147483648
01-17 15:30:58.153 I/init    (    0): Service 'qccvndhalservice' (pid 14098) exited with status 1
01-17 15:30:58.153 I/init    (    0): Sending signal 9 to service 'qccvndhalservice' (pid 14098) process group...
01-17 15:30:59.020 D/audio_hw_primary(  718): out_standby: enter: stream (0xf1a864c0) usecase(1: low-latency-playback)
01-17 15:30:59.093 I/afe_close(    0): port_id = 0x4000
01-17 15:30:59.096 D/audio_hw_primary(  718): disable_audio_route: reset and update mixer path: low-latency-playback
01-17 15:30:59.098 D/soundtrigger(  718): audio_extn_sound_trigger_update_stream_status: uc_info->id 1 of type 0 for Event 2, with Raise=0
01-17 15:30:59.098 D/hardware_info(  718): hw_info_append_hw_type : device_name = speaker
01-17 15:30:59.099 D/audio_hw_primary(  718): disable_snd_device: snd_device(2: speaker)
01-17 15:30:59.119 E/        (    0): tavil_codec tavil_codec: ASoC: DAPM unknown pin Lineout_3 amp
01-17 15:30:59.112 I/soundtrigger(  718): audio_extn_sound_trigger_update_device_status: device 0x2 of type 0 for Event 0, with Raise=0
01-17 15:30:59.117 I/system_server( 1670): oneway function results will be dropped but finished with status OK and parcel size 4
01-17 15:31:00.005 D/KeyguardUpdateMonitor( 1897): received broadcast android.intent.action.TIME_TICK
01-17 15:31:00.006 D/KeyguardUpdateMonitor( 1897): handleTimeUpdate
01-17 15:31:00.007 D/KeyguardClockSwitch( 1897): Updating clock: 331
01-17 15:31:00.019 D/CompatibilityInfo( 1670): mCompatibilityFlags - 0
01-17 15:31:00.020 D/CompatibilityInfo( 1670): applicationDensity - 480
01-17 15:31:00.020 D/CompatibilityInfo( 1670): applicationScale - 1.0
01-17 15:31:00.242 D/CompatibilityInfo( 1670): mCompatibilityFlags - 0
01-17 15:31:00.242 D/CompatibilityInfo( 1670): applicationDensity - 480
01-17 15:31:00.242 D/CompatibilityInfo( 1670): applicationScale - 1.0
01-17 15:31:00.251 I/NextSubtest service( 6187): hit
01-17 15:31:00.262 E/        (    0): [SDL] misc_ioctl msg.len is 3 : 0x58 0x00 0xa8
01-17 15:31:00.264 E/        (    0): [SDL] misc_ioctl msg.len is 2 : 0xa7 0x00
01-17 15:31:00.268 E/        (    0): [SDL] misc_ioctl msg.len is 3 : 0x77 0x03 0x86
01-17 15:31:00.272 E/        (    0): [SDL] misc_ioctl msg.len is 2 : 0x88 0x00
