01-17 15:52:14.267 I/QCamera (  722): <MCI><INFO> mm_stream_dispatch_app_data: 457: Enter callback by blackjoe
01-17 15:52:14.267 E/mm-camera(  722): <MCT   ><ERROR> 2722: mct_stream_process_bus_msg: Check the runing function blackjoe 
01-17 15:52:14.268 E/mm-camera(  722): <MCT   ><ERROR> 2755: mct_stream_process_bus_msg: isp_sof_bus_msg is 0xecac0760
01-17 15:52:14.268 E/mm-camera(  722): <MCT   ><ERROR> 2757: mct_stream_process_bus_msg: frameid is 12 hal_version is 3
01-17 15:52:14.268 E/mm-camera(  722): <MCT   ><ERROR> 2759: mct_stream_process_bus_msg: kstate_ptr is 0xe9d53d14, isp_kstate_ptr is 0xeda49000
01-17 15:52:14.268 E/mm-camera(  722): <MCT   ><ERROR> 2765: mct_stream_process_bus_msg: frame_id is 12
01-17 15:52:14.269 E/QCamera (  722): <MCI><ERROR> mm_stream_data_notify: 337: E, my_handle = 0xfa00, fd = 69, state = 6 blackjoe
01-17 15:52:14.269 E/QCamera (  722): <MCI><ERROR> mm_stream_read_msm_frame: 1723: E, my_handle = 0xfa00, fd = 69, state = 6 blackjoe
01-17 15:52:14.269 I/QCamera (  722): <MCI><INFO> mm_stream_read_msm_frame: 1770: VIDIOC_DQBUF buf_index 11, frame_idx 11, stream type 7, rc 0,queued: 17, buf_type = 0 flags = 8192 FD = 69 my_num 0 buf fd 104
01-17 15:52:14.269 E/QCamera (  722): <MCI><ERROR> mm_stream_read_msm_frame: 1790: X rc = 0
01-17 15:52:14.269 I/QCamera (  722): <MCI><INFO> mm_stream_handle_rcvd_buf: 220: E, my_handle = 0xfa00, fd = 69, state = 6
01-17 15:52:14.270 I/QCamera (  722): <MCI><INFO> mm_stream_handle_rcvd_buf: 244: has cb and it is active by blackjoe
01-17 15:52:14.270 I/QCamera (  722): <MCI><INFO> mm_stream_dispatch_app_data: 415: E, my_handle = 0xfa00, fd = 69, state = 6
01-17 15:52:14.270 I/QCamera (  722): <MCI><INFO> mm_stream_dispatch_app_data: 436: frame_sync.is_active = 0, is_cb_active = 1
01-17 15:52:14.270 I/QCamera (  722): <MCI><INFO> mm_stream_dispatch_app_data: 457: Enter callback by blackjoe
01-17 15:52:14.273 E/mm-camera(  722): <STATS_AIS ><ERROR> 1316: dsps_process_response_gyro: Query request denied, error code = 5, QId_valid = 1, QueryId = 0xc0a, AckNak_valid = 1, AckNak = 3
01-17 15:52:14.275 E/mm-camera(  722): <MCT   ><ERROR> 4828: mct_pipeline_process_serv_msg: pipeline blackjoe data->sessionid 3 pipeline->session 3 msgid 3
01-17 15:52:14.276 E/mm-camera(  722): <MCT   ><ERROR> 4299: mct_pipeline_process_set: command is 0x8000014 blackjoe CAM_PRIV_PARM 0x8000014
01-17 15:52:14.289 E/QCamera (  722): <MCI><ERROR> mm_stream_data_notify: 337: E, my_handle = 0xfb01, fd = 78, state = 6 blackjoe
01-17 15:52:14.289 E/QCamera (  722): <MCI><ERROR> mm_stream_read_msm_frame: 1723: E, my_handle = 0xfb01, fd = 78, state = 6 blackjoe
01-17 15:52:14.289 E/mm-camera(  722): <SENSOR><ERROR> 4883: sensor_get_frame_duration: resolution is invalid, it seems stream has stopped.
01-17 15:52:14.289 E/mm-camera(  722): <SENSOR><ERROR> 884: sensor_fc_report_meta: Failed to get frame duration
01-17 15:52:14.289 E/mm-camera(  722): <SENSOR><ERROR> 4805: sensor_get_exposure_time: resolution is invalid, it seems stream has stopped.
01-17 15:52:14.289 I/QCamera (  722): <MCI><INFO> mm_stream_read_msm_frame: 1770: VIDIOC_DQBUF buf_index 9, frame_idx 12, stream type 8, rc 0,queued: 5, buf_type = 0 flags = 8192 FD = 78 my_num 0 buf fd 129
01-17 15:52:14.290 E/mm-camera(  722): <SENSOR><ERROR> 904: sensor_fc_report_meta: Failed to get exposure time
01-17 15:52:14.290 E/QCamera (  722): <MCI><ERROR> mm_stream_read_msm_frame: 1790: X rc = 0
01-17 15:52:14.290 I/QCamera (  722): <MCI><INFO> mm_stream_handle_rcvd_buf: 220: E, my_handle = 0xfb01, fd = 78, state = 6
01-17 15:52:14.290 I/QCamera (  722): <MCI><INFO> mm_stream_handle_rcvd_buf: 244: has cb and it is active by blackjoe
01-17 15:52:14.290 E/mm-camera(  722): <MCT   ><ERROR> 2722: mct_stream_process_bus_msg: Check the runing function blackjoe 
01-17 15:52:14.291 E/mm-camera(  722): <MCT   ><ERROR> 2755: mct_stream_process_bus_msg: isp_sof_bus_msg is 0xecac0be0
01-17 15:52:14.291 E/mm-camera(  722): <MCT   ><ERROR> 2757: mct_stream_process_bus_msg: frameid is 13 hal_version is 3
01-17 15:52:14.291 E/mm-camera(  722): <MCT   ><ERROR> 2759: mct_stream_process_bus_msg: kstate_ptr is 0xe9d53d14, isp_kstate_ptr is 0xeda49000
01-17 15:52:14.291 E/mm-camera(  722): <MCT   ><ERROR> 2765: mct_stream_process_bus_msg: frame_id is 13
01-17 15:52:14.291 E/QCamera (  722): <MCI><ERROR> mm_stream_data_notify: 337: E, my_handle = 0xfa00, fd = 69, state = 6 blackjoe
01-17 15:52:14.292 E/QCamera (  722): <MCI><ERROR> mm_stream_read_msm_frame: 1723: E, my_handle = 0xfa00, fd = 69, state = 6 blackjoe
01-17 15:52:14.292 I/QCamera (  722): <MCI><INFO> mm_stream_read_msm_frame: 1770: VIDIOC_DQBUF buf_index 12, frame_idx 12, stream type 7, rc 0,queued: 17, buf_type = 0 flags = 8192 FD = 69 my_num 0 buf fd 106
01-17 15:52:14.292 E/QCamera (  722): <MCI><ERROR> mm_stream_read_msm_frame: 1790: X rc = 0
01-17 15:52:14.292 I/QCamera (  722): <MCI><INFO> mm_stream_handle_rcvd_buf: 220: E, my_handle = 0xfa00, fd = 69, state = 6
01-17 15:52:14.292 I/QCamera (  722): <MCI><INFO> mm_stream_handle_rcvd_buf: 244: has cb and it is active by blackjoe
01-17 15:52:14.293 I/QCamera (  722): <MCI><INFO> mm_stream_dispatch_app_data: 415: E, my_handle = 0xfa00, fd = 69, state = 6
01-17 15:52:14.293 I/QCamera (  722): <MCI><INFO> mm_stream_dispatch_app_data: 415: E, my_handle = 0xfb01, fd = 78, state = 6
01-17 15:52:14.293 I/QCamera (  722): <MCI><INFO> mm_stream_dispatch_app_data: 436: frame_sync.is_active = 0, is_cb_active = 1
01-17 15:52:14.293 I/QCamera (  722): <MCI><INFO> mm_stream_dispatch_app_data: 436: frame_sync.is_active = 0, is_cb_active = 1
01-17 15:52:14.293 I/QCamera (  722): <MCI><INFO> mm_stream_dispatch_app_data: 457: Enter callback by blackjoe
01-17 15:52:14.293 I/QCamera (  722): <MCI><INFO> mm_stream_dispatch_app_data: 457: Enter callback by blackjoe
01-17 15:52:14.294 E/mm-camera(  722): <STATS_AIS ><ERROR> 1316: dsps_process_response_gyro: Query request denied, error code = 5, QId_valid = 1, QueryId = 0xd0a, AckNak_valid = 1, AckNak = 3
01-17 15:52:14.300 E/mm-camera(  722): <MCT   ><ERROR> 4828: mct_pipeline_process_serv_msg: pipeline blackjoe data->sessionid 3 pipeline->session 3 msgid 3
01-17 15:52:14.300 E/mm-camera(  722): <MCT   ><ERROR> 4299: mct_pipeline_process_set: command is 0x8000014 blackjoe CAM_PRIV_PARM 0x8000014
01-17 15:52:14.299 E/        (    0): frame_src is 1 frame_id is 13 blackjoe
01-17 15:52:14.306 E/QCamera (  722): <MCI><ERROR> mm_stream_data_notify: 337: E, my_handle = 0xfb01, fd = 78, state = 6 blackjoe
01-17 15:52:14.306 E/QCamera (  722): <MCI><ERROR> mm_stream_read_msm_frame: 1723: E, my_handle = 0xfb01, fd = 78, state = 6 blackjoe
01-17 15:52:14.306 E/mm-camera(  722): <SENSOR><ERROR> 4883: sensor_get_frame_duration: resolution is invalid, it seems stream has stopped.
01-17 15:52:14.306 E/mm-camera(  722): <SENSOR><ERROR> 884: sensor_fc_report_meta: Failed to get frame duration
01-17 15:52:14.306 E/mm-camera(  722): <SENSOR><ERROR> 4805: sensor_get_exposure_time: resolution is invalid, it seems stream has stopped.
01-17 15:52:14.306 I/QCamera (  722): <MCI><INFO> mm_stream_read_msm_frame: 1770: VIDIOC_DQBUF buf_index 10, frame_idx 13, stream type 8, rc 0,queued: 5, buf_type = 0 flags = 8192 FD = 78 my_num 0 buf fd 134
01-17 15:52:14.306 E/mm-camera(  722): <SENSOR><ERROR> 904: sensor_fc_report_meta: Failed to get exposure time
01-17 15:52:14.306 E/QCamera (  722): <MCI><ERROR> mm_stream_read_msm_frame: 1790: X rc = 0
01-17 15:52:14.306 I/QCamera (  722): <MCI><INFO> mm_stream_handle_rcvd_buf: 220: E, my_handle = 0xfb01, fd = 78, state = 6
01-17 15:52:14.307 I/QCamera (  722): <MCI><INFO> mm_stream_handle_rcvd_buf: 244: has cb and it is active by blackjoe
01-17 15:52:14.307 I/QCamera (  722): <MCI><INFO> mm_stream_dispatch_app_data: 415: E, my_handle = 0xfb01, fd = 78, state = 6
01-17 15:52:14.307 E/mm-camera(  722): <MCT   ><ERROR> 2722: mct_stream_process_bus_msg: Check the runing function blackjoe 
01-17 15:52:14.307 I/QCamera (  722): <MCI><INFO> mm_stream_dispatch_app_data: 436: frame_sync.is_active = 0, is_cb_active = 1
01-17 15:52:14.307 E/mm-camera(  722): <MCT   ><ERROR> 2755: mct_stream_process_bus_msg: isp_sof_bus_msg is 0xecac1de0
01-17 15:52:14.307 I/QCamera (  722): <MCI><INFO> mm_stream_dispatch_app_data: 457: Enter callback by blackjoe
01-17 15:52:14.307 E/mm-camera(  722): <MCT   ><ERROR> 2757: mct_stream_process_bus_msg: frameid is 14 hal_version is 3
01-17 15:52:14.307 E/mm-camera(  722): <MCT   ><ERROR> 2759: mct_stream_process_bus_msg: kstate_ptr is 0xe9d53d14, isp_kstate_ptr is 0xeda49000
01-17 15:52:14.308 E/mm-camera(  722): <MCT   ><ERROR> 2765: mct_stream_process_bus_msg: frame_id is 14
01-17 15:52:14.308 E/QCamera (  722): <MCI><ERROR> mm_stream_data_notify: 337: E, my_handle = 0xfa00, fd = 69, state = 6 blackjoe
01-17 15:52:14.308 E/QCamera (  722): <MCI><ERROR> mm_stream_read_msm_frame: 1723: E, my_handle = 0xfa00, fd = 69, state = 6 blackjoe
01-17 15:52:14.308 I/QCamera (  722): <MCI><INFO> mm_stream_read_msm_frame: 1770: VIDIOC_DQBUF buf_index 13, frame_idx 13, stream type 7, rc 0,queued: 17, buf_type = 0 flags = 8192 FD = 69 my_num 0 buf fd 108
01-17 15:52:14.309 E/QCamera (  722): <MCI><ERROR> mm_stream_read_msm_frame: 1790: X rc = 0
01-17 15:52:14.309 I/QCamera (  722): <MCI><INFO> mm_stream_handle_rcvd_buf: 220: E, my_handle = 0xfa00, fd = 69, state = 6
01-17 15:52:14.309 I/QCamera (  722): <MCI><INFO> mm_stream_handle_rcvd_buf: 244: has cb and it is active by blackjoe
01-17 15:52:14.309 I/QCamera (  722): <MCI><INFO> mm_stream_dispatch_app_data: 415: E, my_handle = 0xfa00, fd = 69, state = 6
01-17 15:52:14.309 I/QCamera (  722): <MCI><INFO> mm_stream_dispatch_app_data: 436: frame_sync.is_active = 0, is_cb_active = 1
01-17 15:52:14.310 I/QCamera (  722): <MCI><INFO> mm_stream_dispatch_app_data: 457: Enter callback by blackjoe
01-17 15:52:14.310 E/mm-camera(  722): <STATS_AIS ><ERROR> 1316: dsps_process_response_gyro: Query request denied, error code = 5, QId_valid = 1, QueryId = 0xe0a, AckNak_valid = 1, AckNak = 3
01-17 15:52:14.314 E/mm-camera(  722): <MCT   ><ERROR> 4828: mct_pipeline_process_serv_msg: pipeline blackjoe data->sessionid 3 pipeline->session 3 msgid 3
01-17 15:52:14.314 E/mm-camera(  722): <MCT   ><ERROR> 4299: mct_pipeline_process_set: command is 0x8000014 blackjoe CAM_PRIV_PARM 0x8000014
01-17 15:52:14.316 E/        (    0): frame_src is 1 frame_id is 14 blackjoe
01-17 15:52:14.322 E/QCamera (  722): <MCI><ERROR> mm_stream_data_notify: 337: E, my_handle = 0xfb01, fd = 78, state = 6 blackjoe
01-17 15:52:14.322 E/QCamera (  722): <MCI><ERROR> mm_stream_read_msm_frame: 1723: E, my_handle = 0xfb01, fd = 78, state = 6 blackjoe
01-17 15:52:14.322 E/mm-camera(  722): <SENSOR><ERROR> 4883: sensor_get_frame_duration: resolution is invalid, it seems stream has stopped.
01-17 15:52:14.322 E/mm-camera(  722): <SENSOR><ERROR> 884: sensor_fc_report_meta: Failed to get frame duration
01-17 15:52:14.323 E/mm-camera(  722): <SENSOR><ERROR> 4805: sensor_get_exposure_time: resolution is invalid, it seems stream has stopped.
01-17 15:52:14.323 I/QCamera (  722): <MCI><INFO> mm_stream_read_msm_frame: 1770: VIDIOC_DQBUF buf_index 11, frame_idx 14, stream type 8, rc 0,queued: 5, buf_type = 0 flags = 8192 FD = 78 my_num 0 buf fd 137
01-17 15:52:14.323 E/mm-camera(  722): <SENSOR><ERROR> 904: sensor_fc_report_meta: Failed to get exposure time
01-17 15:52:14.323 E/QCamera (  722): <MCI><ERROR> mm_stream_read_msm_frame: 1790: X rc = 0
01-17 15:52:14.323 I/QCamera (  722): <MCI><INFO> mm_stream_handle_rcvd_buf: 220: E, my_handle = 0xfb01, fd = 78, state = 6
01-17 15:52:14.323 I/QCamera (  722): <MCI><INFO> mm_stream_handle_rcvd_buf: 244: has cb and it is active by blackjoe
01-17 15:52:14.323 I/QCamera (  722): <MCI><INFO> mm_stream_dispatch_app_data: 415: E, my_handle = 0xfb01, fd = 78, state = 6
01-17 15:52:14.323 I/QCamera (  722): <MCI><INFO> mm_stream_dispatch_app_data: 436: frame_sync.is_active = 0, is_cb_active = 1
01-17 15:52:14.324 E/mm-camera(  722): <MCT   ><ERROR> 2722: mct_stream_process_bus_msg: Check the runing function blackjoe 
01-17 15:52:14.324 I/QCamera (  722): <MCI><INFO> mm_stream_dispatch_app_data: 457: Enter callback by blackjoe
01-17 15:52:14.324 E/mm-camera(  722): <MCT   ><ERROR> 2755: mct_stream_process_bus_msg: isp_sof_bus_msg is 0xecac13c0
01-17 15:52:14.324 E/mm-camera(  722): <MCT   ><ERROR> 2757: mct_stream_process_bus_msg: frameid is 15 hal_version is 3
01-17 15:52:14.324 E/mm-camera(  722): <MCT   ><ERROR> 2759: mct_stream_process_bus_msg: kstate_ptr is 0xe9d53d14, isp_kstate_ptr is 0xeda49000
01-17 15:52:14.324 E/mm-camera(  722): <MCT   ><ERROR> 2765: mct_stream_process_bus_msg: frame_id is 15
01-17 15:52:14.325 E/QCamera (  722): <MCI><ERROR> mm_stream_data_notify: 337: E, my_handle = 0xfa00, fd = 69, state = 6 blackjoe
01-17 15:52:14.332 E/        (    0): frame_src is 1 frame_id is 15 blackjoe
01-17 15:52:14.325 E/QCamera (  722): <MCI><ERROR> mm_stream_read_msm_frame: 1723: E, my_handle = 0xfa00, fd = 69, state = 6 blackjoe
01-17 15:52:14.325 I/QCamera (  722): <MCI><INFO> mm_stream_read_msm_frame: 1770: VIDIOC_DQBUF buf_index 14, frame_idx 14, stream type 7, rc 0,queued: 17, buf_type = 0 flags = 8192 FD = 69 my_num 0 buf fd 110
01-17 15:52:14.325 E/QCamera (  722): <MCI><ERROR> mm_stream_read_msm_frame: 1790: X rc = 0
01-17 15:52:14.326 I/QCamera (  722): <MCI><INFO> mm_stream_handle_rcvd_buf: 220: E, my_handle = 0xfa00, fd = 69, state = 6
01-17 15:52:14.326 I/QCamera (  722): <MCI><INFO> mm_stream_handle_rcvd_buf: 244: has cb and it is active by blackjoe
01-17 15:52:14.326 I/QCamera (  722): <MCI><INFO> mm_stream_dispatch_app_data: 415: E, my_handle = 0xfa00, fd = 69, state = 6
01-17 15:52:14.326 I/QCamera (  722): <MCI><INFO> mm_stream_dispatch_app_data: 436: frame_sync.is_active = 0, is_cb_active = 1
01-17 15:52:14.326 I/QCamera (  722): <MCI><INFO> mm_stream_dispatch_app_data: 457: Enter callback by blackjoe
01-17 15:52:14.328 E/mm-camera(  722): <STATS_AIS ><ERROR> 1316: dsps_process_response_gyro: Query request denied, error code = 5, QId_valid = 1, QueryId = 0xf0a, AckNak_valid = 1, AckNak = 3
01-17 15:52:14.331 E/mm-camera(  722): <MCT   ><ERROR> 4828: mct_pipeline_process_serv_msg: pipeline blackjoe data->sessionid 3 pipeline->session 3 msgid 3
01-17 15:52:14.332 E/mm-camera(  722): <MCT   ><ERROR> 4299: mct_pipeline_process_set: command is 0x8000014 blackjoe CAM_PRIV_PARM 0x8000014
01-17 15:52:14.338 E/QCamera (  722): <MCI><ERROR> mm_stream_data_notify: 337: E, my_handle = 0xfb01, fd = 78, state = 6 blackjoe
01-17 15:52:14.339 E/QCamera (  722): <MCI><ERROR> mm_stream_read_msm_frame: 1723: E, my_handle = 0xfb01, fd = 78, state = 6 blackjoe
01-17 15:52:14.339 E/mm-camera(  722): <SENSOR><ERROR> 4883: sensor_get_frame_duration: resolution is invalid, it seems stream has stopped.
01-17 15:52:14.339 E/mm-camera(  722): <SENSOR><ERROR> 884: sensor_fc_report_meta: Failed to get frame duration
01-17 15:52:14.339 I/QCamera (  722): <MCI><INFO> mm_stream_read_msm_frame: 1770: VIDIOC_DQBUF buf_index 6, frame_idx 15, stream type 8, rc 0,queued: 5, buf_type = 0 flags = 8192 FD = 78 my_num 0 buf fd 140
01-17 15:52:14.339 E/mm-camera(  722): <SENSOR><ERROR> 4805: sensor_get_exposure_time: resolution is invalid, it seems stream has stopped.
01-17 15:52:14.339 E/QCamera (  722): <MCI><ERROR> mm_stream_read_msm_frame: 1790: X rc = 0
01-17 15:52:14.339 E/mm-camera(  722): <SENSOR><ERROR> 904: sensor_fc_report_meta: Failed to get exposure time
01-17 15:52:14.339 I/QCamera (  722): <MCI><INFO> mm_stream_handle_rcvd_buf: 220: E, my_handle = 0xfb01, fd = 78, state = 6
01-17 15:52:14.340 I/QCamera (  722): <MCI><INFO> mm_stream_handle_rcvd_buf: 244: has cb and it is active by blackjoe
01-17 15:52:14.340 I/QCamera (  722): <MCI><INFO> mm_stream_dispatch_app_data: 415: E, my_handle = 0xfb01, fd = 78, state = 6
01-17 15:52:14.340 I/QCamera (  722): <MCI><INFO> mm_stream_dispatch_app_data: 436: frame_sync.is_active = 0, is_cb_active = 1
01-17 15:52:14.340 I/QCamera (  722): <MCI><INFO> mm_stream_dispatch_app_data: 457: Enter callback by blackjoe
01-17 15:52:14.340 E/mm-camera(  722): <MCT   ><ERROR> 2722: mct_stream_process_bus_msg: Check the runing function blackjoe 
01-17 15:52:14.340 E/mm-camera(  722): <MCT   ><ERROR> 2755: mct_stream_process_bus_msg: isp_sof_bus_msg is 0xecac10f0
01-17 15:52:14.340 E/mm-camera(  722): <MCT   ><ERROR> 2757: mct_stream_process_bus_msg: frameid is 16 hal_version is 3
01-17 15:52:14.341 E/mm-camera(  722): <MCT   ><ERROR> 2759: mct_stream_process_bus_msg: kstate_ptr is 0xe9d53d14, isp_kstate_ptr is 0xeda49000
01-17 15:52:14.341 E/mm-camera(  722): <MCT   ><ERROR> 2765: mct_stream_process_bus_msg: frame_id is 16
01-17 15:52:14.341 E/QCamera (  722): <MCI><ERROR> mm_stream_data_notify: 337: E, my_handle = 0xfa00, fd = 69, state = 6 blackjoe
01-17 15:52:14.341 E/QCamera (  722): <MCI><ERROR> mm_stream_read_msm_frame: 1723: E, my_handle = 0xfa00, fd = 69, state = 6 blackjoe
01-17 15:52:14.342 I/QCamera (  722): <MCI><INFO> mm_stream_read_msm_frame: 1770: VIDIOC_DQBUF buf_index 15, frame_idx 15, stream type 7, rc 0,queued: 17, buf_type = 0 flags = 8192 FD = 69 my_num 0 buf fd 112
01-17 15:52:14.342 E/QCamera (  722): <MCI><ERROR> mm_stream_read_msm_frame: 1790: X rc = 0
01-17 15:52:14.342 I/QCamera (  722): <MCI><INFO> mm_stream_handle_rcvd_buf: 220: E, my_handle = 0xfa00, fd = 69, state = 6
01-17 15:52:14.342 I/QCamera (  722): <MCI><INFO> mm_stream_handle_rcvd_buf: 244: has cb and it is active by blackjoe
01-17 15:52:14.342 I/QCamera (  722): <MCI><INFO> mm_stream_dispatch_app_data: 415: E, my_handle = 0xfa00, fd = 69, state = 6
01-17 15:52:14.342 I/QCamera (  722): <MCI><INFO> mm_stream_dispatch_app_data: 436: frame_sync.is_active = 0, is_cb_active = 1
01-17 15:52:14.343 I/QCamera (  722): <MCI><INFO> mm_stream_dispatch_app_data: 457: Enter callback by blackjoe
01-17 15:52:14.344 E/mm-camera(  722): <STATS_AIS ><ERROR> 1316: dsps_process_response_gyro: Query request denied, error code = 5, QId_valid = 1, QueryId = 0x100a, AckNak_valid = 1, AckNak = 3
01-17 15:52:14.349 E/        (    0): frame_src is 1 frame_id is 16 blackjoe
01-17 15:52:14.349 E/mm-camera(  722): <MCT   ><ERROR> 4828: mct_pipeline_process_serv_msg: pipeline blackjoe data->sessionid 3 pipeline->session 3 msgid 3
01-17 15:52:14.349 E/mm-camera(  722): <MCT   ><ERROR> 4299: mct_pipeline_process_set: command is 0x8000014 blackjoe CAM_PRIV_PARM 0x8000014
01-17 15:52:14.355 E/QCamera (  722): <MCI><ERROR> mm_stream_data_notify: 337: E, my_handle = 0xfb01, fd = 78, state = 6 blackjoe
01-17 15:52:14.355 E/QCamera (  722): <MCI><ERROR> mm_stream_read_msm_frame: 1723: E, my_handle = 0xfb01, fd = 78, state = 6 blackjoe
01-17 15:52:14.356 E/mm-camera(  722): <SENSOR><ERROR> 4883: sensor_get_frame_duration: resolution is invalid, it seems stream has stopped.
01-17 15:52:14.356 E/mm-camera(  722): <SENSOR><ERROR> 884: sensor_fc_report_meta: Failed to get frame duration
01-17 15:52:14.356 I/QCamera (  722): <MCI><INFO> mm_stream_read_msm_frame: 1770: VIDIOC_DQBUF buf_index 7, frame_idx 16, stream type 8, rc 0,queued: 5, buf_type = 0 flags = 8192 FD = 78 my_num 0 buf fd 76
01-17 15:52:14.356 E/mm-camera(  722): <SENSOR><ERROR> 4805: sensor_get_exposure_time: resolution is invalid, it seems stream has stopped.
01-17 15:52:14.356 E/QCamera (  722): <MCI><ERROR> mm_stream_read_msm_frame: 1790: X rc = 0
01-17 15:52:14.356 E/mm-camera(  722): <SENSOR><ERROR> 904: sensor_fc_report_meta: Failed to get exposure time
01-17 15:52:14.356 I/QCamera (  722): <MCI><INFO> mm_stream_handle_rcvd_buf: 220: E, my_handle = 0xfb01, fd = 78, state = 6
01-17 15:52:14.356 I/QCamera (  722): <MCI><INFO> mm_stream_handle_rcvd_buf: 244: has cb and it is active by blackjoe
01-17 15:52:14.357 I/QCamera (  722): <MCI><INFO> mm_stream_dispatch_app_data: 415: E, my_handle = 0xfb01, fd = 78, state = 6
01-17 15:52:14.357 I/QCamera (  722): <MCI><INFO> mm_stream_dispatch_app_data: 436: frame_sync.is_active = 0, is_cb_active = 1
01-17 15:52:14.366 E/        (    0): frame_src is 1 frame_id is 17 blackjoe
01-17 15:52:14.370 D/logd    (    0): logdr: UID=0 GID=0 PID=20158 n tail=0 logMask=99 pid=0 start=0ns timeout=0ns
01-17 15:52:14.357 E/mm-camera(  722): <MCT   ><ERROR> 2722: mct_stream_process_bus_msg: Check the runing function blackjoe 
01-17 15:52:14.357 I/QCamera (  722): <MCI><INFO> mm_stream_dispatch_app_data: 457: Enter callback by blackjoe
01-17 15:52:14.357 E/mm-camera(  722): <MCT   ><ERROR> 2755: mct_stream_process_bus_msg: isp_sof_bus_msg is 0xecac0910
01-17 15:52:14.357 E/mm-camera(  722): <MCT   ><ERROR> 2757: mct_stream_process_bus_msg: frameid is 17 hal_version is 3
01-17 15:52:14.357 E/mm-camera(  722): <MCT   ><ERROR> 2759: mct_stream_process_bus_msg: kstate_ptr is 0xe9d53d14, isp_kstate_ptr is 0xeda49000
01-17 15:52:14.358 E/mm-camera(  722): <MCT   ><ERROR> 2765: mct_stream_process_bus_msg: frame_id is 17
01-17 15:52:14.358 E/QCamera (  722): <MCI><ERROR> mm_stream_data_notify: 337: E, my_handle = 0xfa00, fd = 69, state = 6 blackjoe
01-17 15:52:14.358 E/QCamera (  722): <MCI><ERROR> mm_stream_read_msm_frame: 1723: E, my_handle = 0xfa00, fd = 69, state = 6 blackjoe
01-17 15:52:14.359 I/QCamera (  722): <MCI><INFO> mm_stream_read_msm_frame: 1770: VIDIOC_DQBUF buf_index 16, frame_idx 16, stream type 7, rc 0,queued: 17, buf_type = 0 flags = 8192 FD = 69 my_num 0 buf fd 114
01-17 15:52:14.359 E/QCamera (  722): <MCI><ERROR> mm_stream_read_msm_frame: 1790: X rc = 0
01-17 15:52:14.359 I/QCamera (  722): <MCI><INFO> mm_stream_handle_rcvd_buf: 220: E, my_handle = 0xfa00, fd = 69, state = 6
01-17 15:52:14.359 I/QCamera (  722): <MCI><INFO> mm_stream_handle_rcvd_buf: 244: has cb and it is active by blackjoe
01-17 15:52:14.359 I/QCamera (  722): <MCI><INFO> mm_stream_dispatch_app_data: 415: E, my_handle = 0xfa00, fd = 69, state = 6
01-17 15:52:14.359 I/QCamera (  722): <MCI><INFO> mm_stream_dispatch_app_data: 436: frame_sync.is_active = 0, is_cb_active = 1
01-17 15:52:14.359 I/QCamera (  722): <MCI><INFO> mm_stream_dispatch_app_data: 457: Enter callback by blackjoe
01-17 15:52:14.360 E/mm-camera(  722): <STATS_AIS ><ERROR> 1316: dsps_process_response_gyro: Query request denied, error code = 5, QId_valid = 1, QueryId = 0x110a, AckNak_valid = 1, AckNak = 3
01-17 15:52:14.365 E/mm-camera(  722): <MCT   ><ERROR> 4828: mct_pipeline_process_serv_msg: pipeline blackjoe data->sessionid 3 pipeline->session 3 msgid 3
01-17 15:52:14.365 E/mm-camera(  722): <MCT   ><ERROR> 4299: mct_pipeline_process_set: command is 0x8000014 blackjoe CAM_PRIV_PARM 0x8000014
01-17 15:52:14.372 E/QCamera (  722): <MCI><ERROR> mm_stream_data_notify: 337: E, my_handle = 0xfb01, fd = 78, state = 6 blackjoe
01-17 15:52:14.372 E/QCamera (  722): <MCI><ERROR> mm_stream_read_msm_frame: 1723: E, my_handle = 0xfb01, fd = 78, state = 6 blackjoe
01-17 15:52:14.372 E/mm-camera(  722): <SENSOR><ERROR> 4883: sensor_get_frame_duration: resolution is invalid, it seems stream has stopped.
01-17 15:52:14.372 E/mm-camera(  722): <SENSOR><ERROR> 884: sensor_fc_report_meta: Failed to get frame duration
01-17 15:52:14.372 I/QCamera (  722): <MCI><INFO> mm_stream_read_msm_frame: 1770: VIDIOC_DQBUF buf_index 8, frame_idx 17, stream type 8, rc 0,queued: 5, buf_type = 0 flags = 8192 FD = 78 my_num 0 buf fd 128
01-17 15:52:14.372 E/mm-camera(  722): <SENSOR><ERROR> 4805: sensor_get_exposure_time: resolution is invalid, it seems stream has stopped.
01-17 15:52:14.372 E/QCamera (  722): <MCI><ERROR> mm_stream_read_msm_frame: 1790: X rc = 0
01-17 15:52:14.373 E/mm-camera(  722): <SENSOR><ERROR> 904: sensor_fc_report_meta: Failed to get exposure time
01-17 15:52:14.373 I/QCamera (  722): <MCI><INFO> mm_stream_handle_rcvd_buf: 220: E, my_handle = 0xfb01, fd = 78, state = 6
01-17 15:52:14.373 I/QCamera (  722): <MCI><INFO> mm_stream_handle_rcvd_buf: 244: has cb and it is active by blackjoe
01-17 15:52:14.373 I/QCamera (  722): <MCI><INFO> mm_stream_dispatch_app_data: 415: E, my_handle = 0xfb01, fd = 78, state = 6
01-17 15:52:14.373 I/QCamera (  722): <MCI><INFO> mm_stream_dispatch_app_data: 436: frame_sync.is_active = 0, is_cb_active = 1
01-17 15:52:14.373 I/QCamera (  722): <MCI><INFO> mm_stream_dispatch_app_data: 457: Enter callback by blackjoe
01-17 15:52:14.373 E/mm-camera(  722): <MCT   ><ERROR> 2722: mct_stream_process_bus_msg: Check the runing function blackjoe 
01-17 15:52:14.373 E/mm-camera(  722): <MCT   ><ERROR> 2755: mct_stream_process_bus_msg: isp_sof_bus_msg is 0xecac1690
01-17 15:52:14.374 E/mm-camera(  722): <MCT   ><ERROR> 2757: mct_stream_process_bus_msg: frameid is 18 hal_version is 3
01-17 15:52:14.374 E/mm-camera(  722): <MCT   ><ERROR> 2759: mct_stream_process_bus_msg: kstate_ptr is 0xe9d53d14, isp_kstate_ptr is 0xeda49000
01-17 15:52:14.374 E/mm-camera(  722): <MCT   ><ERROR> 2765: mct_stream_process_bus_msg: frame_id is 18
01-17 15:52:14.374 E/QCamera (  722): <MCI><ERROR> mm_stream_data_notify: 337: E, my_handle = 0xfa00, fd = 69, state = 6 blackjoe
01-17 15:52:14.374 E/QCamera (  722): <MCI><ERROR> mm_stream_read_msm_frame: 1723: E, my_handle = 0xfa00, fd = 69, state = 6 blackjoe
01-17 15:52:14.375 I/QCamera (  722): <MCI><INFO> mm_stream_read_msm_frame: 1770: VIDIOC_DQBUF buf_index 17, frame_idx 17, stream type 7, rc 0,queued: 17, buf_type = 0 flags = 8192 FD = 69 my_num 0 buf fd 117
01-17 15:52:14.375 E/QCamera (  722): <MCI><ERROR> mm_stream_read_msm_frame: 1790: X rc = 0
01-17 15:52:14.375 I/QCamera (  722): <MCI><INFO> mm_stream_handle_rcvd_buf: 220: E, my_handle = 0xfa00, fd = 69, state = 6
01-17 15:52:14.375 I/QCamera (  722): <MCI><INFO> mm_stream_handle_rcvd_buf: 244: has cb and it is active by blackjoe
01-17 15:52:14.376 I/QCamera (  722): <MCI><INFO> mm_stream_dispatch_app_data: 415: E, my_handle = 0xfa00, fd = 69, state = 6
01-17 15:52:14.376 I/QCamera (  722): <MCI><INFO> mm_stream_dispatch_app_data: 436: frame_sync.is_active = 0, is_cb_active = 1
01-17 15:52:14.376 I/QCamera (  722): <MCI><INFO> mm_stream_dispatch_app_data: 457: Enter callback by blackjoe
01-17 15:52:14.377 E/mm-camera(  722): <STATS_AIS ><ERROR> 1316: dsps_process_response_gyro: Query request denied, error code = 5, QId_valid = 1, QueryId = 0x120a, AckNak_valid = 1, AckNak = 3
01-17 15:52:14.382 E/        (    0): frame_src is 1 frame_id is 18 blackjoe
01-17 15:52:14.381 E/mm-camera(  722): <MCT   ><ERROR> 4828: mct_pipeline_process_serv_msg: pipeline blackjoe data->sessionid 3 pipeline->session 3 msgid 3
01-17 15:52:14.381 E/mm-camera(  722): <MCT   ><ERROR> 4299: mct_pipeline_process_set: command is 0x8000014 blackjoe CAM_PRIV_PARM 0x8000014
01-17 15:52:14.388 E/QCamera (  722): <MCI><ERROR> mm_stream_data_notify: 337: E, my_handle = 0xfb01, fd = 78, state = 6 blackjoe
01-17 15:52:14.388 E/QCamera (  722): <MCI><ERROR> mm_stream_read_msm_frame: 1723: E, my_handle = 0xfb01, fd = 78, state = 6 blackjoe
01-17 15:52:14.389 E/mm-camera(  722): <SENSOR><ERROR> 4883: sensor_get_frame_duration: resolution is invalid, it seems stream has stopped.
01-17 15:52:14.389 E/mm-camera(  722): <SENSOR><ERROR> 884: sensor_fc_report_meta: Failed to get frame duration
01-17 15:52:14.389 I/QCamera (  722): <MCI><INFO> mm_stream_read_msm_frame: 1770: VIDIOC_DQBUF buf_index 9, frame_idx 18, stream type 8, rc 0,queued: 5, buf_type = 0 flags = 8192 FD = 78 my_num 0 buf fd 126
01-17 15:52:14.389 E/mm-camera(  722): <SENSOR><ERROR> 4805: sensor_get_exposure_time: resolution is invalid, it seems stream has stopped.
01-17 15:52:14.389 E/QCamera (  722): <MCI><ERROR> mm_stream_read_msm_frame: 1790: X rc = 0
01-17 15:52:14.399 E/        (    0): frame_src is 1 frame_id is 19 blackjoe
01-17 15:52:14.389 E/mm-camera(  722): <SENSOR><ERROR> 904: sensor_fc_report_meta: Failed to get exposure time
01-17 15:52:14.389 I/QCamera (  722): <MCI><INFO> mm_stream_handle_rcvd_buf: 220: E, my_handle = 0xfb01, fd = 78, state = 6
01-17 15:52:14.389 I/QCamera (  722): <MCI><INFO> mm_stream_handle_rcvd_buf: 244: has cb and it is active by blackjoe
01-17 15:52:14.390 I/QCamera (  722): <MCI><INFO> mm_stream_dispatch_app_data: 415: E, my_handle = 0xfb01, fd = 78, state = 6
01-17 15:52:14.390 I/QCamera (  722): <MCI><INFO> mm_stream_dispatch_app_data: 436: frame_sync.is_active = 0, is_cb_active = 1
01-17 15:52:14.390 E/mm-camera(  722): <MCT   ><ERROR> 2722: mct_stream_process_bus_msg: Check the runing function blackjoe 
01-17 15:52:14.390 I/QCamera (  722): <MCI><INFO> mm_stream_dispatch_app_data: 457: Enter callback by blackjoe
01-17 15:52:14.390 E/mm-camera(  722): <MCT   ><ERROR> 2755: mct_stream_process_bus_msg: isp_sof_bus_msg is 0xecac0b50
01-17 15:52:14.390 E/mm-camera(  722): <MCT   ><ERROR> 2757: mct_stream_process_bus_msg: frameid is 19 hal_version is 3
01-17 15:52:14.390 E/mm-camera(  722): <MCT   ><ERROR> 2759: mct_stream_process_bus_msg: kstate_ptr is 0xe9d53d14, isp_kstate_ptr is 0xeda49000
01-17 15:52:14.390 E/mm-camera(  722): <MCT   ><ERROR> 2765: mct_stream_process_bus_msg: frame_id is 19
01-17 15:52:14.391 E/QCamera (  722): <MCI><ERROR> mm_stream_data_notify: 337: E, my_handle = 0xfa00, fd = 69, state = 6 blackjoe
01-17 15:52:14.391 E/QCamera (  722): <MCI><ERROR> mm_stream_read_msm_frame: 1723: E, my_handle = 0xfa00, fd = 69, state = 6 blackjoe
01-17 15:52:14.391 I/QCamera (  722): <MCI><INFO> mm_stream_read_msm_frame: 1770: VIDIOC_DQBUF buf_index 0, frame_idx 18, stream type 7, rc 0,queued: 17, buf_type = 0 flags = 8192 FD = 69 my_num 0 buf fd 82
01-17 15:52:14.391 E/QCamera (  722): <MCI><ERROR> mm_stream_read_msm_frame: 1790: X rc = 0
01-17 15:52:14.392 I/QCamera (  722): <MCI><INFO> mm_stream_handle_rcvd_buf: 220: E, my_handle = 0xfa00, fd = 69, state = 6
01-17 15:52:14.392 I/QCamera (  722): <MCI><INFO> mm_stream_handle_rcvd_buf: 244: has cb and it is active by blackjoe
01-17 15:52:14.392 I/QCamera (  722): <MCI><INFO> mm_stream_dispatch_app_data: 415: E, my_handle = 0xfa00, fd = 69, state = 6
01-17 15:52:14.392 I/QCamera (  722): <MCI><INFO> mm_stream_dispatch_app_data: 436: frame_sync.is_active = 0, is_cb_active = 1
01-17 15:52:14.393 I/QCamera (  722): <MCI><INFO> mm_stream_dispatch_app_data: 457: Enter callback by blackjoe
01-17 15:52:14.395 E/mm-camera(  722): <STATS_AIS ><ERROR> 1316: dsps_process_response_gyro: Query request denied, error code = 5, QId_valid = 1, QueryId = 0x130a, AckNak_valid = 1, AckNak = 3
01-17 15:52:14.398 E/mm-camera(  722): <MCT   ><ERROR> 4828: mct_pipeline_process_serv_msg: pipeline blackjoe data->sessionid 3 pipeline->session 3 msgid 3
01-17 15:52:14.398 E/mm-camera(  722): <MCT   ><ERROR> 4299: mct_pipeline_process_set: command is 0x8000014 blackjoe CAM_PRIV_PARM 0x8000014
01-17 15:52:14.415 E/        (    0): frame_src is 1 frame_id is 20 blackjoe
01-17 15:52:14.405 E/QCamera (  722): <MCI><ERROR> mm_stream_data_notify: 337: E, my_handle = 0xfb01, fd = 78, state = 6 blackjoe
01-17 15:52:14.405 E/QCamera (  722): <MCI><ERROR> mm_stream_read_msm_frame: 1723: E, my_handle = 0xfb01, fd = 78, state = 6 blackjoe
01-17 15:52:14.405 E/mm-camera(  722): <SENSOR><ERROR> 4883: sensor_get_frame_duration: resolution is invalid, it seems stream has stopped.
01-17 15:52:14.405 E/mm-camera(  722): <SENSOR><ERROR> 884: sensor_fc_report_meta: Failed to get frame duration
01-17 15:52:14.406 I/QCamera (  722): <MCI><INFO> mm_stream_read_msm_frame: 1770: VIDIOC_DQBUF buf_index 10, frame_idx 19, stream type 8, rc 0,queued: 5, buf_type = 0 flags = 8192 FD = 78 my_num 0 buf fd 129
01-17 15:52:14.406 E/mm-camera(  722): <SENSOR><ERROR> 4805: sensor_get_exposure_time: resolution is invalid, it seems stream has stopped.
01-17 15:52:14.406 E/QCamera (  722): <MCI><ERROR> mm_stream_read_msm_frame: 1790: X rc = 0
01-17 15:52:14.406 E/mm-camera(  722): <SENSOR><ERROR> 904: sensor_fc_report_meta: Failed to get exposure time
01-17 15:52:14.406 I/QCamera (  722): <MCI><INFO> mm_stream_handle_rcvd_buf: 220: E, my_handle = 0xfb01, fd = 78, state = 6
01-17 15:52:14.406 I/QCamera (  722): <MCI><INFO> mm_stream_handle_rcvd_buf: 244: has cb and it is active by blackjoe
01-17 15:52:14.406 I/QCamera (  722): <MCI><INFO> mm_stream_dispatch_app_data: 415: E, my_handle = 0xfb01, fd = 78, state = 6
01-17 15:52:14.406 I/QCamera (  722): <MCI><INFO> mm_stream_dispatch_app_data: 436: frame_sync.is_active = 0, is_cb_active = 1
01-17 15:52:14.406 E/mm-camera(  722): <MCT   ><ERROR> 2722: mct_stream_process_bus_msg: Check the runing function blackjoe 
01-17 15:52:14.407 I/QCamera (  722): <MCI><INFO> mm_stream_dispatch_app_data: 457: Enter callback by blackjoe
01-17 15:52:14.407 E/mm-camera(  722): <MCT   ><ERROR> 2755: mct_stream_process_bus_msg: isp_sof_bus_msg is 0xecac0fd0
01-17 15:52:14.407 E/mm-camera(  722): <MCT   ><ERROR> 2757: mct_stream_process_bus_msg: frameid is 20 hal_version is 3
01-17 15:52:14.407 E/mm-camera(  722): <MCT   ><ERROR> 2759: mct_stream_process_bus_msg: kstate_ptr is 0xe9d53d14, isp_kstate_ptr is 0xeda49000
01-17 15:52:14.407 E/mm-camera(  722): <MCT   ><ERROR> 2765: mct_stream_process_bus_msg: frame_id is 20
01-17 15:52:14.407 E/QCamera (  722): <MCI><ERROR> mm_stream_data_notify: 337: E, my_handle = 0xfa00, fd = 69, state = 6 blackjoe
01-17 15:52:14.408 E/QCamera (  722): <MCI><ERROR> mm_stream_read_msm_frame: 1723: E, my_handle = 0xfa00, fd = 69, state = 6 blackjoe
01-17 15:52:14.408 I/QCamera (  722): <MCI><INFO> mm_stream_read_msm_frame: 1770: VIDIOC_DQBUF buf_index 1, frame_idx 19, stream type 7, rc 0,queued: 17, buf_type = 0 flags = 8192 FD = 69 my_num 0 buf fd 84
01-17 15:52:14.408 E/QCamera (  722): <MCI><ERROR> mm_stream_read_msm_frame: 1790: X rc = 0
01-17 15:52:14.408 I/QCamera (  722): <MCI><INFO> mm_stream_handle_rcvd_buf: 220: E, my_handle = 0xfa00, fd = 69, state = 6
01-17 15:52:14.409 I/QCamera (  722): <MCI><INFO> mm_stream_handle_rcvd_buf: 244: has cb and it is active by blackjoe
01-17 15:52:14.409 I/QCamera (  722): <MCI><INFO> mm_stream_dispatch_app_data: 415: E, my_handle = 0xfa00, fd = 69, state = 6
01-17 15:52:14.409 I/QCamera (  722): <MCI><INFO> mm_stream_dispatch_app_data: 436: frame_sync.is_active = 0, is_cb_active = 1
01-17 15:52:14.409 I/QCamera (  722): <MCI><INFO> mm_stream_dispatch_app_data: 457: Enter callback by blackjoe
01-17 15:52:14.411 E/mm-camera(  722): <STATS_AIS ><ERROR> 1316: dsps_process_response_gyro: Query request denied, error code = 5, QId_valid = 1, QueryId = 0x140a, AckNak_valid = 1, AckNak = 3
01-17 15:52:14.415 E/mm-camera(  722): <MCT   ><ERROR> 4828: mct_pipeline_process_serv_msg: pipeline blackjoe data->sessionid 3 pipeline->session 3 msgid 3
01-17 15:52:14.415 E/mm-camera(  722): <MCT   ><ERROR> 4299: mct_pipeline_process_set: command is 0x8000014 blackjoe CAM_PRIV_PARM 0x8000014
01-17 15:52:14.422 E/QCamera (  722): <MCI><ERROR> mm_stream_data_notify: 337: E, my_handle = 0xfb01, fd = 78, state = 6 blackjoe
01-17 15:52:14.422 E/QCamera (  722): <MCI><ERROR> mm_stream_read_msm_frame: 1723: E, my_handle = 0xfb01, fd = 78, state = 6 blackjoe
01-17 15:52:14.422 E/mm-camera(  722): <SENSOR><ERROR> 4883: sensor_get_frame_duration: resolution is invalid, it seems stream has stopped.
01-17 15:52:14.422 E/mm-camera(  722): <SENSOR><ERROR> 884: sensor_fc_report_meta: Failed to get frame duration
01-17 15:52:14.422 I/QCamera (  722): <MCI><INFO> mm_stream_read_msm_frame: 1770: VIDIOC_DQBUF buf_index 11, frame_idx 20, stream type 8, rc 0,queued: 5, buf_type = 0 flags = 8192 FD = 78 my_num 0 buf fd 134
01-17 15:52:14.422 E/mm-camera(  722): <SENSOR><ERROR> 4805: sensor_get_exposure_time: resolution is invalid, it seems stream has stopped.
01-17 15:52:14.422 E/QCamera (  722): <MCI><ERROR> mm_stream_read_msm_frame: 1790: X rc = 0
01-17 15:52:14.422 E/mm-camera(  722): <SENSOR><ERROR> 904: sensor_fc_report_meta: Failed to get exposure time
01-17 15:52:14.422 I/QCamera (  722): <MCI><INFO> mm_stream_handle_rcvd_buf: 220: E, my_handle = 0xfb01, fd = 78, state = 6
01-17 15:52:14.423 I/QCamera (  722): <MCI><INFO> mm_stream_handle_rcvd_buf: 244: has cb and it is active by blackjoe
01-17 15:52:14.423 I/QCamera (  722): <MCI><INFO> mm_stream_dispatch_app_data: 415: E, my_handle = 0xfb01, fd = 78, state = 6
01-17 15:52:14.423 I/QCamera (  722): <MCI><INFO> mm_stream_dispatch_app_data: 436: frame_sync.is_active = 0, is_cb_active = 1
01-17 15:52:14.432 E/        (    0): frame_src is 1 frame_id is 21 blackjoe
01-17 15:52:14.423 E/mm-camera(  722): <MCT   ><ERROR> 2722: mct_stream_process_bus_msg: Check the runing function blackjoe 
01-17 15:52:14.423 I/QCamera (  722): <MCI><INFO> mm_stream_dispatch_app_data: 457: Enter callback by blackjoe
01-17 15:52:14.423 E/mm-camera(  722): <MCT   ><ERROR> 2755: mct_stream_process_bus_msg: isp_sof_bus_msg is 0xecac0e20
01-17 15:52:14.423 E/mm-camera(  722): <MCT   ><ERROR> 2757: mct_stream_process_bus_msg: frameid is 21 hal_version is 3
01-17 15:52:14.423 E/mm-camera(  722): <MCT   ><ERROR> 2759: mct_stream_process_bus_msg: kstate_ptr is 0xe9d53d14, isp_kstate_ptr is 0xeda49000
01-17 15:52:14.424 E/mm-camera(  722): <MCT   ><ERROR> 2765: mct_stream_process_bus_msg: frame_id is 21
01-17 15:52:14.424 E/QCamera (  722): <MCI><ERROR> mm_stream_data_notify: 337: E, my_handle = 0xfa00, fd = 69, state = 6 blackjoe
01-17 15:52:14.424 E/QCamera (  722): <MCI><ERROR> mm_stream_read_msm_frame: 1723: E, my_handle = 0xfa00, fd = 69, state = 6 blackjoe
01-17 15:52:14.425 I/QCamera (  722): <MCI><INFO> mm_stream_read_msm_frame: 1770: VIDIOC_DQBUF buf_index 2, frame_idx 20, stream type 7, rc 0,queued: 17, buf_type = 0 flags = 8192 FD = 69 my_num 0 buf fd 86
01-17 15:52:14.425 E/QCamera (  722): <MCI><ERROR> mm_stream_read_msm_frame: 1790: X rc = 0
01-17 15:52:14.425 I/QCamera (  722): <MCI><INFO> mm_stream_handle_rcvd_buf: 220: E, my_handle = 0xfa00, fd = 69, state = 6
01-17 15:52:14.425 I/QCamera (  722): <MCI><INFO> mm_stream_handle_rcvd_buf: 244: has cb and it is active by blackjoe
01-17 15:52:14.425 I/QCamera (  722): <MCI><INFO> mm_stream_dispatch_app_data: 415: E, my_handle = 0xfa00, fd = 69, state = 6
01-17 15:52:14.426 I/QCamera (  722): <MCI><INFO> mm_stream_dispatch_app_data: 436: frame_sync.is_active = 0, is_cb_active = 1
01-17 15:52:14.426 I/QCamera (  722): <MCI><INFO> mm_stream_dispatch_app_data: 457: Enter callback by blackjoe
01-17 15:52:14.428 E/mm-camera(  722): <STATS_AIS ><ERROR> 1316: dsps_process_response_gyro: Query request denied, error code = 5, QId_valid = 1, QueryId = 0x150a, AckNak_valid = 1, AckNak = 3
01-17 15:52:14.431 E/mm-camera(  722): <MCT   ><ERROR> 4828: mct_pipeline_process_serv_msg: pipeline blackjoe data->sessionid 3 pipeline->session 3 msgid 3
01-17 15:52:14.431 E/mm-camera(  722): <MCT   ><ERROR> 4299: mct_pipeline_process_set: command is 0x8000014 blackjoe CAM_PRIV_PARM 0x8000014
01-17 15:52:14.438 E/QCamera (  722): <MCI><ERROR> mm_stream_data_notify: 337: E, my_handle = 0xfb01, fd = 78, state = 6 blackjoe
01-17 15:52:14.438 E/QCamera (  722): <MCI><ERROR> mm_stream_read_msm_frame: 1723: E, my_handle = 0xfb01, fd = 78, state = 6 blackjoe
01-17 15:52:14.439 E/mm-camera(  722): <SENSOR><ERROR> 4883: sensor_get_frame_duration: resolution is invalid, it seems stream has stopped.
01-17 15:52:14.439 E/mm-camera(  722): <SENSOR><ERROR> 884: sensor_fc_report_meta: Failed to get frame duration
01-17 15:52:14.439 I/QCamera (  722): <MCI><INFO> mm_stream_read_msm_frame: 1770: VIDIOC_DQBUF buf_index 6, frame_idx 21, stream type 8, rc 0,queued: 5, buf_type = 0 flags = 8192 FD = 78 my_num 0 buf fd 137
01-17 15:52:14.439 E/mm-camera(  722): <SENSOR><ERROR> 4805: sensor_get_exposure_time: resolution is invalid, it seems stream has stopped.
01-17 15:52:14.439 E/mm-camera(  722): <SENSOR><ERROR> 904: sensor_fc_report_meta: Failed to get exposure time
01-17 15:52:14.439 E/QCamera (  722): <MCI><ERROR> mm_stream_read_msm_frame: 1790: X rc = 0
01-17 15:52:14.439 I/QCamera (  722): <MCI><INFO> mm_stream_handle_rcvd_buf: 220: E, my_handle = 0xfb01, fd = 78, state = 6
01-17 15:52:14.439 I/QCamera (  722): <MCI><INFO> mm_stream_handle_rcvd_buf: 244: has cb and it is active by blackjoe
01-17 15:52:14.440 I/QCamera (  722): <MCI><INFO> mm_stream_dispatch_app_data: 415: E, my_handle = 0xfb01, fd = 78, state = 6
01-17 15:52:14.440 E/mm-camera(  722): <MCT   ><ERROR> 2722: mct_stream_process_bus_msg: Check the runing function blackjoe 
01-17 15:52:14.440 I/QCamera (  722): <MCI><INFO> mm_stream_dispatch_app_data: 436: frame_sync.is_active = 0, is_cb_active = 1
01-17 15:52:14.440 I/QCamera (  722): <MCI><INFO> mm_stream_dispatch_app_data: 457: Enter callback by blackjoe
01-17 15:52:14.440 E/mm-camera(  722): <MCT   ><ERROR> 2755: mct_stream_process_bus_msg: isp_sof_bus_msg is 0xecac0d00
01-17 15:52:14.440 E/mm-camera(  722): <MCT   ><ERROR> 2757: mct_stream_process_bus_msg: frameid is 22 hal_version is 3
01-17 15:52:14.440 E/mm-camera(  722): <MCT   ><ERROR> 2759: mct_stream_process_bus_msg: kstate_ptr is 0xe9d53d14, isp_kstate_ptr is 0xeda49000
01-17 15:52:14.440 E/mm-camera(  722): <MCT   ><ERROR> 2765: mct_stream_process_bus_msg: frame_id is 22
01-17 15:52:14.441 E/QCamera (  722): <MCI><ERROR> mm_stream_data_notify: 337: E, my_handle = 0xfa00, fd = 69, state = 6 blackjoe
01-17 15:52:14.441 E/QCamera (  722): <MCI><ERROR> mm_stream_read_msm_frame: 1723: E, my_handle = 0xfa00, fd = 69, state = 6 blackjoe
01-17 15:52:14.441 I/QCamera (  722): <MCI><INFO> mm_stream_read_msm_frame: 1770: VIDIOC_DQBUF buf_index 3, frame_idx 21, stream type 7, rc 0,queued: 17, buf_type = 0 flags = 8192 FD = 69 my_num 0 buf fd 88
01-17 15:52:14.441 E/QCamera (  722): <MCI><ERROR> mm_stream_read_msm_frame: 1790: X rc = 0
01-17 15:52:14.442 I/QCamera (  722): <MCI><INFO> mm_stream_handle_rcvd_buf: 220: E, my_handle = 0xfa00, fd = 69, state = 6
01-17 15:52:14.442 I/QCamera (  722): <MCI><INFO> mm_stream_handle_rcvd_buf: 244: has cb and it is active by blackjoe
01-17 15:52:14.442 I/QCamera (  722): <MCI><INFO> mm_stream_dispatch_app_data: 415: E, my_handle = 0xfa00, fd = 69, state = 6
01-17 15:52:14.442 I/QCamera (  722): <MCI><INFO> mm_stream_dispatch_app_data: 436: frame_sync.is_active = 0, is_cb_active = 1
01-17 15:52:14.442 I/QCamera (  722): <MCI><INFO> mm_stream_dispatch_app_data: 457: Enter callback by blackjoe
01-17 15:52:14.443 E/mm-camera(  722): <STATS_AIS ><ERROR> 1316: dsps_process_response_gyro: Query request denied, error code = 5, QId_valid = 1, QueryId = 0x160a, AckNak_valid = 1, AckNak = 3
01-17 15:52:14.449 E/        (    0): frame_src is 1 frame_id is 22 blackjoe
01-17 15:52:14.448 E/mm-camera(  722): <MCT   ><ERROR> 4828: mct_pipeline_process_serv_msg: pipeline blackjoe data->sessionid 3 pipeline->session 3 msgid 3
01-17 15:52:14.448 E/mm-camera(  722): <MCT   ><ERROR> 4299: mct_pipeline_process_set: command is 0x8000014 blackjoe CAM_PRIV_PARM 0x8000014
01-17 15:52:14.465 E/        (    0): frame_src is 1 frame_id is 23 blackjoe
01-17 15:52:14.455 E/QCamera (  722): <MCI><ERROR> mm_stream_data_notify: 337: E, my_handle = 0xfb01, fd = 78, state = 6 blackjoe
01-17 15:52:14.455 E/QCamera (  722): <MCI><ERROR> mm_stream_read_msm_frame: 1723: E, my_handle = 0xfb01, fd = 78, state = 6 blackjoe
01-17 15:52:14.455 I/QCamera (  722): <MCI><INFO> mm_stream_read_msm_frame: 1770: VIDIOC_DQBUF buf_index 7, frame_idx 22, stream type 8, rc 0,queued: 5, buf_type = 0 flags = 8192 FD = 78 my_num 0 buf fd 140
01-17 15:52:14.456 E/mm-camera(  722): <SENSOR><ERROR> 4883: sensor_get_frame_duration: resolution is invalid, it seems stream has stopped.
01-17 15:52:14.456 E/mm-camera(  722): <SENSOR><ERROR> 884: sensor_fc_report_meta: Failed to get frame duration
01-17 15:52:14.456 E/QCamera (  722): <MCI><ERROR> mm_stream_read_msm_frame: 1790: X rc = 0
01-17 15:52:14.456 E/mm-camera(  722): <SENSOR><ERROR> 4805: sensor_get_exposure_time: resolution is invalid, it seems stream has stopped.
01-17 15:52:14.456 E/mm-camera(  722): <SENSOR><ERROR> 904: sensor_fc_report_meta: Failed to get exposure time
01-17 15:52:14.456 I/QCamera (  722): <MCI><INFO> mm_stream_handle_rcvd_buf: 220: E, my_handle = 0xfb01, fd = 78, state = 6
01-17 15:52:14.456 I/QCamera (  722): <MCI><INFO> mm_stream_handle_rcvd_buf: 244: has cb and it is active by blackjoe
01-17 15:52:14.456 I/QCamera (  722): <MCI><INFO> mm_stream_dispatch_app_data: 415: E, my_handle = 0xfb01, fd = 78, state = 6
01-17 15:52:14.456 E/mm-camera(  722): <MCT   ><ERROR> 2722: mct_stream_process_bus_msg: Check the runing function blackjoe 
01-17 15:52:14.456 I/QCamera (  722): <MCI><INFO> mm_stream_dispatch_app_data: 436: frame_sync.is_active = 0, is_cb_active = 1
01-17 15:52:14.457 E/mm-camera(  722): <MCT   ><ERROR> 2755: mct_stream_process_bus_msg: isp_sof_bus_msg is 0xecac1180
01-17 15:52:14.457 E/mm-camera(  722): <MCT   ><ERROR> 2757: mct_stream_process_bus_msg: frameid is 23 hal_version is 3
01-17 15:52:14.457 I/QCamera (  722): <MCI><INFO> mm_stream_dispatch_app_data: 457: Enter callback by blackjoe
01-17 15:52:14.457 E/mm-camera(  722): <MCT   ><ERROR> 2759: mct_stream_process_bus_msg: kstate_ptr is 0xe9d53d14, isp_kstate_ptr is 0xeda49000
01-17 15:52:14.457 E/mm-camera(  722): <MCT   ><ERROR> 2765: mct_stream_process_bus_msg: frame_id is 23
01-17 15:52:14.457 E/QCamera (  722): <MCI><ERROR> mm_stream_data_notify: 337: E, my_handle = 0xfa00, fd = 69, state = 6 blackjoe
01-17 15:52:14.457 E/QCamera (  722): <MCI><ERROR> mm_stream_read_msm_frame: 1723: E, my_handle = 0xfa00, fd = 69, state = 6 blackjoe
01-17 15:52:14.457 I/QCamera (  722): <MCI><INFO> mm_stream_read_msm_frame: 1770: VIDIOC_DQBUF buf_index 4, frame_idx 22, stream type 7, rc 0,queued: 17, buf_type = 0 flags = 8192 FD = 69 my_num 0 buf fd 90
01-17 15:52:14.458 E/QCamera (  722): <MCI><ERROR> mm_stream_read_msm_frame: 1790: X rc = 0
01-17 15:52:14.458 I/QCamera (  722): <MCI><INFO> mm_stream_handle_rcvd_buf: 220: E, my_handle = 0xfa00, fd = 69, state = 6
01-17 15:52:14.458 I/QCamera (  722): <MCI><INFO> mm_stream_handle_rcvd_buf: 244: has cb and it is active by blackjoe
01-17 15:52:14.458 I/QCamera (  722): <MCI><INFO> mm_stream_dispatch_app_data: 415: E, my_handle = 0xfa00, fd = 69, state = 6
01-17 15:52:14.458 I/QCamera (  722): <MCI><INFO> mm_stream_dispatch_app_data: 436: frame_sync.is_active = 0, is_cb_active = 1
01-17 15:52:14.458 I/QCamera (  722): <MCI><INFO> mm_stream_dispatch_app_data: 457: Enter callback by blackjoe
01-17 15:52:14.459 E/mm-camera(  722): <STATS_AIS ><ERROR> 1316: dsps_process_response_gyro: Query request denied, error code = 5, QId_valid = 1, QueryId = 0x170a, AckNak_valid = 1, AckNak = 3
01-17 15:52:14.464 E/mm-camera(  722): <MCT   ><ERROR> 4828: mct_pipeline_process_serv_msg: pipeline blackjoe data->sessionid 3 pipeline->session 3 msgid 3
01-17 15:52:14.464 E/mm-camera(  722): <MCT   ><ERROR> 4299: mct_pipeline_process_set: command is 0x8000014 blackjoe CAM_PRIV_PARM 0x8000014
01-17 15:52:14.482 E/        (    0): frame_src is 1 frame_id is 24 blackjoe
01-17 15:52:14.471 E/QCamera (  722): <MCI><ERROR> mm_stream_data_notify: 337: E, my_handle = 0xfb01, fd = 78, state = 6 blackjoe
01-17 15:52:14.472 E/QCamera (  722): <MCI><ERROR> mm_stream_read_msm_frame: 1723: E, my_handle = 0xfb01, fd = 78, state = 6 blackjoe
01-17 15:52:14.472 E/mm-camera(  722): <SENSOR><ERROR> 4883: sensor_get_frame_duration: resolution is invalid, it seems stream has stopped.
01-17 15:52:14.472 I/QCamera (  722): <MCI><INFO> mm_stream_read_msm_frame: 1770: VIDIOC_DQBUF buf_index 8, frame_idx 23, stream type 8, rc 0,queued: 5, buf_type = 0 flags = 8192 FD = 78 my_num 0 buf fd 76
01-17 15:52:14.472 E/mm-camera(  722): <SENSOR><ERROR> 884: sensor_fc_report_meta: Failed to get frame duration
01-17 15:52:14.472 E/QCamera (  722): <MCI><ERROR> mm_stream_read_msm_frame: 1790: X rc = 0
01-17 15:52:14.472 E/mm-camera(  722): <SENSOR><ERROR> 4805: sensor_get_exposure_time: resolution is invalid, it seems stream has stopped.
01-17 15:52:14.472 I/QCamera (  722): <MCI><INFO> mm_stream_handle_rcvd_buf: 220: E, my_handle = 0xfb01, fd = 78, state = 6
01-17 15:52:14.472 E/mm-camera(  722): <SENSOR><ERROR> 904: sensor_fc_report_meta: Failed to get exposure time
01-17 15:52:14.472 I/QCamera (  722): <MCI><INFO> mm_stream_handle_rcvd_buf: 244: has cb and it is active by blackjoe
01-17 15:52:14.473 I/QCamera (  722): <MCI><INFO> mm_stream_dispatch_app_data: 415: E, my_handle = 0xfb01, fd = 78, state = 6
01-17 15:52:14.473 I/QCamera (  722): <MCI><INFO> mm_stream_dispatch_app_data: 436: frame_sync.is_active = 0, is_cb_active = 1
01-17 15:52:14.473 I/QCamera (  722): <MCI><INFO> mm_stream_dispatch_app_data: 457: Enter callback by blackjoe
01-17 15:52:14.473 E/mm-camera(  722): <MCT   ><ERROR> 2722: mct_stream_process_bus_msg: Check the runing function blackjoe 
01-17 15:52:14.473 E/mm-camera(  722): <MCT   ><ERROR> 2755: mct_stream_process_bus_msg: isp_sof_bus_msg is 0xecac1450
01-17 15:52:14.473 E/mm-camera(  722): <MCT   ><ERROR> 2757: mct_stream_process_bus_msg: frameid is 24 hal_version is 3
01-17 15:52:14.474 E/mm-camera(  722): <MCT   ><ERROR> 2759: mct_stream_process_bus_msg: kstate_ptr is 0xe9d53d14, isp_kstate_ptr is 0xeda49000
01-17 15:52:14.474 E/mm-camera(  722): <MCT   ><ERROR> 2765: mct_stream_process_bus_msg: frame_id is 24
01-17 15:52:14.474 E/QCamera (  722): <MCI><ERROR> mm_stream_data_notify: 337: E, my_handle = 0xfa00, fd = 69, state = 6 blackjoe
01-17 15:52:14.474 E/QCamera (  722): <MCI><ERROR> mm_stream_read_msm_frame: 1723: E, my_handle = 0xfa00, fd = 69, state = 6 blackjoe
01-17 15:52:14.475 I/QCamera (  722): <MCI><INFO> mm_stream_read_msm_frame: 1770: VIDIOC_DQBUF buf_index 5, frame_idx 23, stream type 7, rc 0,queued: 17, buf_type = 0 flags = 8192 FD = 69 my_num 0 buf fd 92
01-17 15:52:14.475 E/QCamera (  722): <MCI><ERROR> mm_stream_read_msm_frame: 1790: X rc = 0
01-17 15:52:14.475 I/QCamera (  722): <MCI><INFO> mm_stream_handle_rcvd_buf: 220: E, my_handle = 0xfa00, fd = 69, state = 6
01-17 15:52:14.475 I/QCamera (  722): <MCI><INFO> mm_stream_handle_rcvd_buf: 244: has cb and it is active by blackjoe
