01-17 15:21:36.307 E/mm-camera(  722): <STATS_AIS ><ERROR> 1316: dsps_process_response_gyro: Query request denied, error code = 5, QId_valid = 1, QueryId = 0x260a, AckNak_valid = 1, AckNak = 3
01-17 15:21:36.312 E/mm-camera(  722): <MCT   ><ERROR> 4828: mct_pipeline_process_serv_msg: pipeline blackjoe data->sessionid 3 pipeline->session 3 msgid 3
01-17 15:21:36.312 E/mm-camera(  722): <MCT   ><ERROR> 4299: mct_pipeline_process_set: command is 0x8000014 blackjoe CAM_PRIV_PARM 0x8000014
01-17 15:21:36.320 E/QCamera (  722): <MCI><ERROR> mm_stream_data_notify: 337: E, my_handle = 0x5d01, fd = 78, state = 6 blackjoe
01-17 15:21:36.331 E/        (    0): frame_src is 1 frame_id is 39 blackjoe
01-17 15:21:36.320 E/QCamera (  722): <MCI><ERROR> mm_stream_read_msm_frame: 1723: E, my_handle = 0x5d01, fd = 78, state = 6 blackjoe
01-17 15:21:36.321 I/QCamera (  722): <MCI><INFO> mm_stream_read_msm_frame: 1770: VIDIOC_DQBUF buf_index 11, frame_idx 38, stream type 8, rc 0,queued: 5, buf_type = 0 flags = 8192 FD = 78 my_num 0 buf fd 128
01-17 15:21:36.321 E/QCamera (  722): <MCI><ERROR> mm_stream_read_msm_frame: 1790: X rc = 0
01-17 15:21:36.321 I/QCamera (  722): <MCI><INFO> mm_stream_handle_rcvd_buf: 220: E, my_handle = 0x5d01, fd = 78, state = 6
01-17 15:21:36.321 I/QCamera (  722): <MCI><INFO> mm_stream_handle_rcvd_buf: 244: has cb and it is active by blackjoe
01-17 15:21:36.321 I/QCamera (  722): <MCI><INFO> mm_stream_dispatch_app_data: 415: E, my_handle = 0x5d01, fd = 78, state = 6
01-17 15:21:36.322 I/QCamera (  722): <MCI><INFO> mm_stream_dispatch_app_data: 436: frame_sync.is_active = 0, is_cb_active = 1
01-17 15:21:36.322 E/mm-camera(  722): <SENSOR><ERROR> 4883: sensor_get_frame_duration: resolution is invalid, it seems stream has stopped.
01-17 15:21:36.322 I/QCamera (  722): <MCI><INFO> mm_stream_dispatch_app_data: 457: Enter callback by blackjoe
01-17 15:21:36.322 E/mm-camera(  722): <SENSOR><ERROR> 884: sensor_fc_report_meta: Failed to get frame duration
01-17 15:21:36.322 E/mm-camera(  722): <SENSOR><ERROR> 4805: sensor_get_exposure_time: resolution is invalid, it seems stream has stopped.
01-17 15:21:36.322 E/mm-camera(  722): <SENSOR><ERROR> 904: sensor_fc_report_meta: Failed to get exposure time
01-17 15:21:36.323 E/mm-camera(  722): <MCT   ><ERROR> 2722: mct_stream_process_bus_msg: Check the runing function blackjoe 
01-17 15:21:36.323 E/mm-camera(  722): <MCT   ><ERROR> 2755: mct_stream_process_bus_msg: isp_sof_bus_msg is 0xecac0490
01-17 15:21:36.323 E/mm-camera(  722): <MCT   ><ERROR> 2757: mct_stream_process_bus_msg: frameid is 39 hal_version is 3
01-17 15:21:36.323 E/mm-camera(  722): <MCT   ><ERROR> 2759: mct_stream_process_bus_msg: kstate_ptr is 0xe9d53d14, isp_kstate_ptr is 0xeda49000
01-17 15:21:36.324 E/mm-camera(  722): <MCT   ><ERROR> 2765: mct_stream_process_bus_msg: frame_id is 39
01-17 15:21:36.324 E/QCamera (  722): <MCI><ERROR> mm_stream_data_notify: 337: E, my_handle = 0x5c00, fd = 69, state = 6 blackjoe
01-17 15:21:36.324 E/QCamera (  722): <MCI><ERROR> mm_stream_read_msm_frame: 1723: E, my_handle = 0x5c00, fd = 69, state = 6 blackjoe
01-17 15:21:36.324 I/QCamera (  722): <MCI><INFO> mm_stream_read_msm_frame: 1770: VIDIOC_DQBUF buf_index 2, frame_idx 38, stream type 7, rc 0,queued: 17, buf_type = 0 flags = 8192 FD = 69 my_num 0 buf fd 86
01-17 15:21:36.325 E/QCamera (  722): <MCI><ERROR> mm_stream_read_msm_frame: 1790: X rc = 0
01-17 15:21:36.325 I/QCamera (  722): <MCI><INFO> mm_stream_handle_rcvd_buf: 220: E, my_handle = 0x5c00, fd = 69, state = 6
01-17 15:21:36.325 I/QCamera (  722): <MCI><INFO> mm_stream_handle_rcvd_buf: 244: has cb and it is active by blackjoe
01-17 15:21:36.325 I/QCamera (  722): <MCI><INFO> mm_stream_dispatch_app_data: 415: E, my_handle = 0x5c00, fd = 69, state = 6
01-17 15:21:36.325 I/QCamera (  722): <MCI><INFO> mm_stream_dispatch_app_data: 436: frame_sync.is_active = 0, is_cb_active = 1
01-17 15:21:36.326 I/QCamera (  722): <MCI><INFO> mm_stream_dispatch_app_data: 457: Enter callback by blackjoe
01-17 15:21:36.327 E/mm-camera(  722): <STATS_AIS ><ERROR> 1316: dsps_process_response_gyro: Query request denied, error code = 5, QId_valid = 1, QueryId = 0x270a, AckNak_valid = 1, AckNak = 3
01-17 15:21:36.331 E/mm-camera(  722): <MCT   ><ERROR> 4828: mct_pipeline_process_serv_msg: pipeline blackjoe data->sessionid 3 pipeline->session 3 msgid 3
01-17 15:21:36.331 E/mm-camera(  722): <MCT   ><ERROR> 4299: mct_pipeline_process_set: command is 0x8000014 blackjoe CAM_PRIV_PARM 0x8000014
01-17 15:21:36.337 E/QCamera (  722): <MCI><ERROR> mm_stream_data_notify: 337: E, my_handle = 0x5d01, fd = 78, state = 6 blackjoe
01-17 15:21:36.337 E/QCamera (  722): <MCI><ERROR> mm_stream_read_msm_frame: 1723: E, my_handle = 0x5d01, fd = 78, state = 6 blackjoe
01-17 15:21:36.337 E/mm-camera(  722): <SENSOR><ERROR> 4883: sensor_get_frame_duration: resolution is invalid, it seems stream has stopped.
01-17 15:21:36.337 E/mm-camera(  722): <SENSOR><ERROR> 884: sensor_fc_report_meta: Failed to get frame duration
01-17 15:21:36.337 I/QCamera (  722): <MCI><INFO> mm_stream_read_msm_frame: 1770: VIDIOC_DQBUF buf_index 6, frame_idx 39, stream type 8, rc 0,queued: 5, buf_type = 0 flags = 8192 FD = 78 my_num 0 buf fd 126
01-17 15:21:36.337 E/mm-camera(  722): <SENSOR><ERROR> 4805: sensor_get_exposure_time: resolution is invalid, it seems stream has stopped.
01-17 15:21:36.337 E/QCamera (  722): <MCI><ERROR> mm_stream_read_msm_frame: 1790: X rc = 0
01-17 15:21:36.337 E/mm-camera(  722): <SENSOR><ERROR> 904: sensor_fc_report_meta: Failed to get exposure time
01-17 15:21:36.338 I/QCamera (  722): <MCI><INFO> mm_stream_handle_rcvd_buf: 220: E, my_handle = 0x5d01, fd = 78, state = 6
01-17 15:21:36.338 I/QCamera (  722): <MCI><INFO> mm_stream_handle_rcvd_buf: 244: has cb and it is active by blackjoe
01-17 15:21:36.347 E/        (    0): frame_src is 1 frame_id is 40 blackjoe
01-17 15:21:36.338 I/QCamera (  722): <MCI><INFO> mm_stream_dispatch_app_data: 415: E, my_handle = 0x5d01, fd = 78, state = 6
01-17 15:21:36.338 I/QCamera (  722): <MCI><INFO> mm_stream_dispatch_app_data: 436: frame_sync.is_active = 0, is_cb_active = 1
01-17 15:21:36.338 E/mm-camera(  722): <MCT   ><ERROR> 2722: mct_stream_process_bus_msg: Check the runing function blackjoe 
01-17 15:21:36.338 I/QCamera (  722): <MCI><INFO> mm_stream_dispatch_app_data: 457: Enter callback by blackjoe
01-17 15:21:36.338 E/mm-camera(  722): <MCT   ><ERROR> 2755: mct_stream_process_bus_msg: isp_sof_bus_msg is 0xecac1e70
01-17 15:21:36.339 E/mm-camera(  722): <MCT   ><ERROR> 2757: mct_stream_process_bus_msg: frameid is 40 hal_version is 3
01-17 15:21:36.339 E/mm-camera(  722): <MCT   ><ERROR> 2759: mct_stream_process_bus_msg: kstate_ptr is 0xe9d53d14, isp_kstate_ptr is 0xeda49000
01-17 15:21:36.339 E/mm-camera(  722): <MCT   ><ERROR> 2765: mct_stream_process_bus_msg: frame_id is 40
01-17 15:21:36.339 E/QCamera (  722): <MCI><ERROR> mm_stream_data_notify: 337: E, my_handle = 0x5c00, fd = 69, state = 6 blackjoe
01-17 15:21:36.339 E/QCamera (  722): <MCI><ERROR> mm_stream_read_msm_frame: 1723: E, my_handle = 0x5c00, fd = 69, state = 6 blackjoe
01-17 15:21:36.340 I/QCamera (  722): <MCI><INFO> mm_stream_read_msm_frame: 1770: VIDIOC_DQBUF buf_index 3, frame_idx 39, stream type 7, rc 0,queued: 17, buf_type = 0 flags = 8192 FD = 69 my_num 0 buf fd 88
01-17 15:21:36.340 E/QCamera (  722): <MCI><ERROR> mm_stream_read_msm_frame: 1790: X rc = 0
01-17 15:21:36.340 I/QCamera (  722): <MCI><INFO> mm_stream_handle_rcvd_buf: 220: E, my_handle = 0x5c00, fd = 69, state = 6
01-17 15:21:36.340 I/QCamera (  722): <MCI><INFO> mm_stream_handle_rcvd_buf: 244: has cb and it is active by blackjoe
01-17 15:21:36.341 I/QCamera (  722): <MCI><INFO> mm_stream_dispatch_app_data: 415: E, my_handle = 0x5c00, fd = 69, state = 6
01-17 15:21:36.341 I/QCamera (  722): <MCI><INFO> mm_stream_dispatch_app_data: 436: frame_sync.is_active = 0, is_cb_active = 1
01-17 15:21:36.341 I/QCamera (  722): <MCI><INFO> mm_stream_dispatch_app_data: 457: Enter callback by blackjoe
01-17 15:21:36.344 E/mm-camera(  722): <STATS_AIS ><ERROR> 1316: dsps_process_response_gyro: Query request denied, error code = 5, QId_valid = 1, QueryId = 0x280a, AckNak_valid = 1, AckNak = 3
01-17 15:21:36.347 E/mm-camera(  722): <MCT   ><ERROR> 4828: mct_pipeline_process_serv_msg: pipeline blackjoe data->sessionid 3 pipeline->session 3 msgid 3
01-17 15:21:36.347 E/mm-camera(  722): <MCT   ><ERROR> 4299: mct_pipeline_process_set: command is 0x8000014 blackjoe CAM_PRIV_PARM 0x8000014
01-17 15:21:36.353 E/QCamera (  722): <MCI><ERROR> mm_stream_data_notify: 337: E, my_handle = 0x5d01, fd = 78, state = 6 blackjoe
01-17 15:21:36.354 E/QCamera (  722): <MCI><ERROR> mm_stream_read_msm_frame: 1723: E, my_handle = 0x5d01, fd = 78, state = 6 blackjoe
01-17 15:21:36.354 E/mm-camera(  722): <SENSOR><ERROR> 4883: sensor_get_frame_duration: resolution is invalid, it seems stream has stopped.
01-17 15:21:36.354 E/mm-camera(  722): <SENSOR><ERROR> 884: sensor_fc_report_meta: Failed to get frame duration
01-17 15:21:36.354 I/QCamera (  722): <MCI><INFO> mm_stream_read_msm_frame: 1770: VIDIOC_DQBUF buf_index 7, frame_idx 40, stream type 8, rc 0,queued: 5, buf_type = 0 flags = 8192 FD = 78 my_num 0 buf fd 129
01-17 15:21:36.354 E/QCamera (  722): <MCI><ERROR> mm_stream_read_msm_frame: 1790: X rc = 0
01-17 15:21:36.354 E/mm-camera(  722): <SENSOR><ERROR> 4805: sensor_get_exposure_time: resolution is invalid, it seems stream has stopped.
01-17 15:21:36.354 I/QCamera (  722): <MCI><INFO> mm_stream_handle_rcvd_buf: 220: E, my_handle = 0x5d01, fd = 78, state = 6
01-17 15:21:36.354 I/QCamera (  722): <MCI><INFO> mm_stream_handle_rcvd_buf: 244: has cb and it is active by blackjoe
01-17 15:21:36.354 E/mm-camera(  722): <SENSOR><ERROR> 904: sensor_fc_report_meta: Failed to get exposure time
01-17 15:21:36.355 I/QCamera (  722): <MCI><INFO> mm_stream_dispatch_app_data: 415: E, my_handle = 0x5d01, fd = 78, state = 6
01-17 15:21:36.355 I/QCamera (  722): <MCI><INFO> mm_stream_dispatch_app_data: 436: frame_sync.is_active = 0, is_cb_active = 1
01-17 15:21:36.355 I/QCamera (  722): <MCI><INFO> mm_stream_dispatch_app_data: 457: Enter callback by blackjoe
01-17 15:21:36.355 E/mm-camera(  722): <MCT   ><ERROR> 2722: mct_stream_process_bus_msg: Check the runing function blackjoe 
01-17 15:21:36.355 E/mm-camera(  722): <MCT   ><ERROR> 2755: mct_stream_process_bus_msg: isp_sof_bus_msg is 0xecac1210
01-17 15:21:36.356 E/mm-camera(  722): <MCT   ><ERROR> 2757: mct_stream_process_bus_msg: frameid is 41 hal_version is 3
01-17 15:21:36.356 E/mm-camera(  722): <MCT   ><ERROR> 2759: mct_stream_process_bus_msg: kstate_ptr is 0xe9d53d14, isp_kstate_ptr is 0xeda49000
01-17 15:21:36.356 E/mm-camera(  722): <MCT   ><ERROR> 2765: mct_stream_process_bus_msg: frame_id is 41
01-17 15:21:36.364 E/        (    0): frame_src is 1 frame_id is 41 blackjoe
01-17 15:21:36.356 E/QCamera (  722): <MCI><ERROR> mm_stream_data_notify: 337: E, my_handle = 0x5c00, fd = 69, state = 6 blackjoe
01-17 15:21:36.356 E/QCamera (  722): <MCI><ERROR> mm_stream_read_msm_frame: 1723: E, my_handle = 0x5c00, fd = 69, state = 6 blackjoe
01-17 15:21:36.357 I/QCamera (  722): <MCI><INFO> mm_stream_read_msm_frame: 1770: VIDIOC_DQBUF buf_index 4, frame_idx 40, stream type 7, rc 0,queued: 17, buf_type = 0 flags = 8192 FD = 69 my_num 0 buf fd 90
01-17 15:21:36.357 E/QCamera (  722): <MCI><ERROR> mm_stream_read_msm_frame: 1790: X rc = 0
01-17 15:21:36.357 I/QCamera (  722): <MCI><INFO> mm_stream_handle_rcvd_buf: 220: E, my_handle = 0x5c00, fd = 69, state = 6
01-17 15:21:36.357 I/QCamera (  722): <MCI><INFO> mm_stream_handle_rcvd_buf: 244: has cb and it is active by blackjoe
01-17 15:21:36.357 I/QCamera (  722): <MCI><INFO> mm_stream_dispatch_app_data: 415: E, my_handle = 0x5c00, fd = 69, state = 6
01-17 15:21:36.358 I/QCamera (  722): <MCI><INFO> mm_stream_dispatch_app_data: 436: frame_sync.is_active = 0, is_cb_active = 1
01-17 15:21:36.358 I/QCamera (  722): <MCI><INFO> mm_stream_dispatch_app_data: 457: Enter callback by blackjoe
01-17 15:21:36.361 E/mm-camera(  722): <STATS_AIS ><ERROR> 1316: dsps_process_response_gyro: Query request denied, error code = 5, QId_valid = 1, QueryId = 0x290a, AckNak_valid = 1, AckNak = 3
01-17 15:21:36.363 E/mm-camera(  722): <MCT   ><ERROR> 4828: mct_pipeline_process_serv_msg: pipeline blackjoe data->sessionid 3 pipeline->session 3 msgid 3
01-17 15:21:36.363 E/mm-camera(  722): <MCT   ><ERROR> 4299: mct_pipeline_process_set: command is 0x8000014 blackjoe CAM_PRIV_PARM 0x8000014
01-17 15:21:36.370 E/QCamera (  722): <MCI><ERROR> mm_stream_data_notify: 337: E, my_handle = 0x5d01, fd = 78, state = 6 blackjoe
01-17 15:21:36.370 E/QCamera (  722): <MCI><ERROR> mm_stream_read_msm_frame: 1723: E, my_handle = 0x5d01, fd = 78, state = 6 blackjoe
01-17 15:21:36.370 E/mm-camera(  722): <SENSOR><ERROR> 4883: sensor_get_frame_duration: resolution is invalid, it seems stream has stopped.
01-17 15:21:36.370 E/mm-camera(  722): <SENSOR><ERROR> 884: sensor_fc_report_meta: Failed to get frame duration
01-17 15:21:36.380 E/        (    0): frame_src is 1 frame_id is 42 blackjoe
01-17 15:21:36.370 I/QCamera (  722): <MCI><INFO> mm_stream_read_msm_frame: 1770: VIDIOC_DQBUF buf_index 8, frame_idx 41, stream type 8, rc 0,queued: 5, buf_type = 0 flags = 8192 FD = 78 my_num 0 buf fd 134
01-17 15:21:36.371 E/mm-camera(  722): <SENSOR><ERROR> 4805: sensor_get_exposure_time: resolution is invalid, it seems stream has stopped.
01-17 15:21:36.371 E/QCamera (  722): <MCI><ERROR> mm_stream_read_msm_frame: 1790: X rc = 0
01-17 15:21:36.371 E/mm-camera(  722): <SENSOR><ERROR> 904: sensor_fc_report_meta: Failed to get exposure time
01-17 15:21:36.371 I/QCamera (  722): <MCI><INFO> mm_stream_handle_rcvd_buf: 220: E, my_handle = 0x5d01, fd = 78, state = 6
01-17 15:21:36.371 I/QCamera (  722): <MCI><INFO> mm_stream_handle_rcvd_buf: 244: has cb and it is active by blackjoe
01-17 15:21:36.371 I/QCamera (  722): <MCI><INFO> mm_stream_dispatch_app_data: 415: E, my_handle = 0x5d01, fd = 78, state = 6
01-17 15:21:36.371 I/QCamera (  722): <MCI><INFO> mm_stream_dispatch_app_data: 436: frame_sync.is_active = 0, is_cb_active = 1
01-17 15:21:36.371 E/mm-camera(  722): <MCT   ><ERROR> 2722: mct_stream_process_bus_msg: Check the runing function blackjoe 
01-17 15:21:36.371 I/QCamera (  722): <MCI><INFO> mm_stream_dispatch_app_data: 457: Enter callback by blackjoe
01-17 15:21:36.372 E/mm-camera(  722): <MCT   ><ERROR> 2755: mct_stream_process_bus_msg: isp_sof_bus_msg is 0xecac05b0
01-17 15:21:36.372 E/mm-camera(  722): <MCT   ><ERROR> 2757: mct_stream_process_bus_msg: frameid is 42 hal_version is 3
01-17 15:21:36.372 E/mm-camera(  722): <MCT   ><ERROR> 2759: mct_stream_process_bus_msg: kstate_ptr is 0xe9d53d14, isp_kstate_ptr is 0xeda49000
01-17 15:21:36.372 E/mm-camera(  722): <MCT   ><ERROR> 2765: mct_stream_process_bus_msg: frame_id is 42
01-17 15:21:36.372 E/QCamera (  722): <MCI><ERROR> mm_stream_data_notify: 337: E, my_handle = 0x5c00, fd = 69, state = 6 blackjoe
01-17 15:21:36.373 E/QCamera (  722): <MCI><ERROR> mm_stream_read_msm_frame: 1723: E, my_handle = 0x5c00, fd = 69, state = 6 blackjoe
01-17 15:21:36.373 I/QCamera (  722): <MCI><INFO> mm_stream_read_msm_frame: 1770: VIDIOC_DQBUF buf_index 5, frame_idx 41, stream type 7, rc 0,queued: 17, buf_type = 0 flags = 8192 FD = 69 my_num 0 buf fd 92
01-17 15:21:36.373 E/QCamera (  722): <MCI><ERROR> mm_stream_read_msm_frame: 1790: X rc = 0
01-17 15:21:36.374 I/QCamera (  722): <MCI><INFO> mm_stream_handle_rcvd_buf: 220: E, my_handle = 0x5c00, fd = 69, state = 6
01-17 15:21:36.374 I/QCamera (  722): <MCI><INFO> mm_stream_handle_rcvd_buf: 244: has cb and it is active by blackjoe
01-17 15:21:36.374 I/QCamera (  722): <MCI><INFO> mm_stream_dispatch_app_data: 415: E, my_handle = 0x5c00, fd = 69, state = 6
01-17 15:21:36.374 I/QCamera (  722): <MCI><INFO> mm_stream_dispatch_app_data: 436: frame_sync.is_active = 0, is_cb_active = 1
01-17 15:21:36.374 I/QCamera (  722): <MCI><INFO> mm_stream_dispatch_app_data: 457: Enter callback by blackjoe
01-17 15:21:36.376 E/mm-camera(  722): <STATS_AIS ><ERROR> 1316: dsps_process_response_gyro: Query request denied, error code = 5, QId_valid = 1, QueryId = 0x2a0a, AckNak_valid = 1, AckNak = 3
01-17 15:21:36.382 E/mm-camera(  722): <MCT   ><ERROR> 4828: mct_pipeline_process_serv_msg: pipeline blackjoe data->sessionid 3 pipeline->session 3 msgid 3
01-17 15:21:36.382 E/mm-camera(  722): <MCT   ><ERROR> 4299: mct_pipeline_process_set: command is 0x8000014 blackjoe CAM_PRIV_PARM 0x8000014
01-17 15:21:36.387 E/QCamera (  722): <MCI><ERROR> mm_stream_data_notify: 337: E, my_handle = 0x5d01, fd = 78, state = 6 blackjoe
01-17 15:21:36.387 E/QCamera (  722): <MCI><ERROR> mm_stream_read_msm_frame: 1723: E, my_handle = 0x5d01, fd = 78, state = 6 blackjoe
01-17 15:21:36.387 I/QCamera (  722): <MCI><INFO> mm_stream_read_msm_frame: 1770: VIDIOC_DQBUF buf_index 9, frame_idx 42, stream type 8, rc 0,queued: 5, buf_type = 0 flags = 8192 FD = 78 my_num 0 buf fd 137
01-17 15:21:36.387 E/QCamera (  722): <MCI><ERROR> mm_stream_read_msm_frame: 1790: X rc = 0
01-17 15:21:36.387 I/QCamera (  722): <MCI><INFO> mm_stream_handle_rcvd_buf: 220: E, my_handle = 0x5d01, fd = 78, state = 6
01-17 15:21:36.388 I/QCamera (  722): <MCI><INFO> mm_stream_handle_rcvd_buf: 244: has cb and it is active by blackjoe
01-17 15:21:36.388 I/QCamera (  722): <MCI><INFO> mm_stream_dispatch_app_data: 415: E, my_handle = 0x5d01, fd = 78, state = 6
01-17 15:21:36.388 I/QCamera (  722): <MCI><INFO> mm_stream_dispatch_app_data: 436: frame_sync.is_active = 0, is_cb_active = 1
01-17 15:21:36.388 E/mm-camera(  722): <SENSOR><ERROR> 4883: sensor_get_frame_duration: resolution is invalid, it seems stream has stopped.
01-17 15:21:36.388 I/QCamera (  722): <MCI><INFO> mm_stream_dispatch_app_data: 457: Enter callback by blackjoe
01-17 15:21:36.388 E/mm-camera(  722): <SENSOR><ERROR> 884: sensor_fc_report_meta: Failed to get frame duration
01-17 15:21:36.388 E/mm-camera(  722): <SENSOR><ERROR> 4805: sensor_get_exposure_time: resolution is invalid, it seems stream has stopped.
01-17 15:21:36.389 E/mm-camera(  722): <SENSOR><ERROR> 904: sensor_fc_report_meta: Failed to get exposure time
01-17 15:21:36.389 E/mm-camera(  722): <MCT   ><ERROR> 2722: mct_stream_process_bus_msg: Check the runing function blackjoe 
01-17 15:21:36.390 E/mm-camera(  722): <MCT   ><ERROR> 2755: mct_stream_process_bus_msg: isp_sof_bus_msg is 0xecac0fd0
01-17 15:21:36.390 E/mm-camera(  722): <MCT   ><ERROR> 2757: mct_stream_process_bus_msg: frameid is 43 hal_version is 3
01-17 15:21:36.390 E/mm-camera(  722): <MCT   ><ERROR> 2759: mct_stream_process_bus_msg: kstate_ptr is 0xe9d53d14, isp_kstate_ptr is 0xeda49000
01-17 15:21:36.390 E/mm-camera(  722): <MCT   ><ERROR> 2765: mct_stream_process_bus_msg: frame_id is 43
01-17 15:21:36.390 E/QCamera (  722): <MCI><ERROR> mm_stream_data_notify: 337: E, my_handle = 0x5c00, fd = 69, state = 6 blackjoe
01-17 15:21:36.390 E/QCamera (  722): <MCI><ERROR> mm_stream_read_msm_frame: 1723: E, my_handle = 0x5c00, fd = 69, state = 6 blackjoe
01-17 15:21:36.391 I/QCamera (  722): <MCI><INFO> mm_stream_read_msm_frame: 1770: VIDIOC_DQBUF buf_index 6, frame_idx 42, stream type 7, rc 0,queued: 17, buf_type = 0 flags = 8192 FD = 69 my_num 0 buf fd 94
01-17 15:21:36.391 E/QCamera (  722): <MCI><ERROR> mm_stream_read_msm_frame: 1790: X rc = 0
01-17 15:21:36.391 I/QCamera (  722): <MCI><INFO> mm_stream_handle_rcvd_buf: 220: E, my_handle = 0x5c00, fd = 69, state = 6
01-17 15:21:36.391 I/QCamera (  722): <MCI><INFO> mm_stream_handle_rcvd_buf: 244: has cb and it is active by blackjoe
01-17 15:21:36.392 I/QCamera (  722): <MCI><INFO> mm_stream_dispatch_app_data: 415: E, my_handle = 0x5c00, fd = 69, state = 6
01-17 15:21:36.392 I/QCamera (  722): <MCI><INFO> mm_stream_dispatch_app_data: 436: frame_sync.is_active = 0, is_cb_active = 1
01-17 15:21:36.392 I/QCamera (  722): <MCI><INFO> mm_stream_dispatch_app_data: 457: Enter callback by blackjoe
01-17 15:21:36.394 E/mm-camera(  722): <STATS_AIS ><ERROR> 1316: dsps_process_response_gyro: Query request denied, error code = 5, QId_valid = 1, QueryId = 0x2b0a, AckNak_valid = 1, AckNak = 3
01-17 15:21:36.397 E/        (    0): frame_src is 1 frame_id is 43 blackjoe
01-17 15:21:36.401 E/mm-camera(  722): <MCT   ><ERROR> 4828: mct_pipeline_process_serv_msg: pipeline blackjoe data->sessionid 3 pipeline->session 3 msgid 3
01-17 15:21:36.401 E/mm-camera(  722): <MCT   ><ERROR> 4299: mct_pipeline_process_set: command is 0x8000014 blackjoe CAM_PRIV_PARM 0x8000014
01-17 15:21:36.414 E/        (    0): frame_src is 1 frame_id is 44 blackjoe
01-17 15:21:36.403 E/QCamera (  722): <MCI><ERROR> mm_stream_data_notify: 337: E, my_handle = 0x5d01, fd = 78, state = 6 blackjoe
01-17 15:21:36.403 E/mm-camera(  722): <SENSOR><ERROR> 4883: sensor_get_frame_duration: resolution is invalid, it seems stream has stopped.
01-17 15:21:36.403 E/QCamera (  722): <MCI><ERROR> mm_stream_read_msm_frame: 1723: E, my_handle = 0x5d01, fd = 78, state = 6 blackjoe
01-17 15:21:36.404 E/mm-camera(  722): <SENSOR><ERROR> 884: sensor_fc_report_meta: Failed to get frame duration
01-17 15:21:36.404 E/mm-camera(  722): <SENSOR><ERROR> 4805: sensor_get_exposure_time: resolution is invalid, it seems stream has stopped.
01-17 15:21:36.404 I/QCamera (  722): <MCI><INFO> mm_stream_read_msm_frame: 1770: VIDIOC_DQBUF buf_index 10, frame_idx 43, stream type 8, rc 0,queued: 5, buf_type = 0 flags = 8192 FD = 78 my_num 0 buf fd 140
01-17 15:21:36.404 E/mm-camera(  722): <SENSOR><ERROR> 904: sensor_fc_report_meta: Failed to get exposure time
01-17 15:21:36.404 E/QCamera (  722): <MCI><ERROR> mm_stream_read_msm_frame: 1790: X rc = 0
01-17 15:21:36.404 I/QCamera (  722): <MCI><INFO> mm_stream_handle_rcvd_buf: 220: E, my_handle = 0x5d01, fd = 78, state = 6
01-17 15:21:36.404 I/QCamera (  722): <MCI><INFO> mm_stream_handle_rcvd_buf: 244: has cb and it is active by blackjoe
01-17 15:21:36.405 I/QCamera (  722): <MCI><INFO> mm_stream_dispatch_app_data: 415: E, my_handle = 0x5d01, fd = 78, state = 6
01-17 15:21:36.405 E/mm-camera(  722): <MCT   ><ERROR> 2722: mct_stream_process_bus_msg: Check the runing function blackjoe 
01-17 15:21:36.405 I/QCamera (  722): <MCI><INFO> mm_stream_dispatch_app_data: 436: frame_sync.is_active = 0, is_cb_active = 1
01-17 15:21:36.405 I/QCamera (  722): <MCI><INFO> mm_stream_dispatch_app_data: 457: Enter callback by blackjoe
01-17 15:21:36.405 E/mm-camera(  722): <MCT   ><ERROR> 2755: mct_stream_process_bus_msg: isp_sof_bus_msg is 0xecac0f40
01-17 15:21:36.405 E/mm-camera(  722): <MCT   ><ERROR> 2757: mct_stream_process_bus_msg: frameid is 44 hal_version is 3
01-17 15:21:36.405 E/mm-camera(  722): <MCT   ><ERROR> 2759: mct_stream_process_bus_msg: kstate_ptr is 0xe9d53d14, isp_kstate_ptr is 0xeda49000
01-17 15:21:36.405 E/mm-camera(  722): <MCT   ><ERROR> 2765: mct_stream_process_bus_msg: frame_id is 44
01-17 15:21:36.406 E/QCamera (  722): <MCI><ERROR> mm_stream_data_notify: 337: E, my_handle = 0x5c00, fd = 69, state = 6 blackjoe
01-17 15:21:36.406 E/QCamera (  722): <MCI><ERROR> mm_stream_read_msm_frame: 1723: E, my_handle = 0x5c00, fd = 69, state = 6 blackjoe
01-17 15:21:36.407 I/QCamera (  722): <MCI><INFO> mm_stream_read_msm_frame: 1770: VIDIOC_DQBUF buf_index 7, frame_idx 43, stream type 7, rc 0,queued: 17, buf_type = 0 flags = 8192 FD = 69 my_num 0 buf fd 96
01-17 15:21:36.407 E/QCamera (  722): <MCI><ERROR> mm_stream_read_msm_frame: 1790: X rc = 0
01-17 15:21:36.407 I/QCamera (  722): <MCI><INFO> mm_stream_handle_rcvd_buf: 220: E, my_handle = 0x5c00, fd = 69, state = 6
01-17 15:21:36.407 I/QCamera (  722): <MCI><INFO> mm_stream_handle_rcvd_buf: 244: has cb and it is active by blackjoe
01-17 15:21:36.407 I/QCamera (  722): <MCI><INFO> mm_stream_dispatch_app_data: 415: E, my_handle = 0x5c00, fd = 69, state = 6
01-17 15:21:36.407 I/QCamera (  722): <MCI><INFO> mm_stream_dispatch_app_data: 436: frame_sync.is_active = 0, is_cb_active = 1
01-17 15:21:36.408 I/QCamera (  722): <MCI><INFO> mm_stream_dispatch_app_data: 457: Enter callback by blackjoe
01-17 15:21:36.412 E/mm-camera(  722): <STATS_AIS ><ERROR> 1316: dsps_process_response_gyro: Query request denied, error code = 5, QId_valid = 1, QueryId = 0x2c0a, AckNak_valid = 1, AckNak = 3
01-17 15:21:36.414 E/mm-camera(  722): <MCT   ><ERROR> 4828: mct_pipeline_process_serv_msg: pipeline blackjoe data->sessionid 3 pipeline->session 3 msgid 3
01-17 15:21:36.414 E/mm-camera(  722): <MCT   ><ERROR> 4299: mct_pipeline_process_set: command is 0x8000014 blackjoe CAM_PRIV_PARM 0x8000014
01-17 15:21:36.420 E/QCamera (  722): <MCI><ERROR> mm_stream_data_notify: 337: E, my_handle = 0x5d01, fd = 78, state = 6 blackjoe
01-17 15:21:36.420 E/QCamera (  722): <MCI><ERROR> mm_stream_read_msm_frame: 1723: E, my_handle = 0x5d01, fd = 78, state = 6 blackjoe
01-17 15:21:36.420 E/mm-camera(  722): <SENSOR><ERROR> 4883: sensor_get_frame_duration: resolution is invalid, it seems stream has stopped.
01-17 15:21:36.420 E/mm-camera(  722): <SENSOR><ERROR> 884: sensor_fc_report_meta: Failed to get frame duration
01-17 15:21:36.420 I/QCamera (  722): <MCI><INFO> mm_stream_read_msm_frame: 1770: VIDIOC_DQBUF buf_index 11, frame_idx 44, stream type 8, rc 0,queued: 5, buf_type = 0 flags = 8192 FD = 78 my_num 0 buf fd 76
01-17 15:21:36.420 E/mm-camera(  722): <SENSOR><ERROR> 4805: sensor_get_exposure_time: resolution is invalid, it seems stream has stopped.
01-17 15:21:36.421 E/QCamera (  722): <MCI><ERROR> mm_stream_read_msm_frame: 1790: X rc = 0
01-17 15:21:36.421 E/mm-camera(  722): <SENSOR><ERROR> 904: sensor_fc_report_meta: Failed to get exposure time
01-17 15:21:36.421 I/QCamera (  722): <MCI><INFO> mm_stream_handle_rcvd_buf: 220: E, my_handle = 0x5d01, fd = 78, state = 6
01-17 15:21:36.421 I/QCamera (  722): <MCI><INFO> mm_stream_handle_rcvd_buf: 244: has cb and it is active by blackjoe
01-17 15:21:36.421 I/QCamera (  722): <MCI><INFO> mm_stream_dispatch_app_data: 415: E, my_handle = 0x5d01, fd = 78, state = 6
01-17 15:21:36.421 I/QCamera (  722): <MCI><INFO> mm_stream_dispatch_app_data: 436: frame_sync.is_active = 0, is_cb_active = 1
01-17 15:21:36.421 E/mm-camera(  722): <MCT   ><ERROR> 2722: mct_stream_process_bus_msg: Check the runing function blackjoe 
01-17 15:21:36.421 I/QCamera (  722): <MCI><INFO> mm_stream_dispatch_app_data: 457: Enter callback by blackjoe
01-17 15:21:36.421 E/mm-camera(  722): <MCT   ><ERROR> 2755: mct_stream_process_bus_msg: isp_sof_bus_msg is 0xecac0760
01-17 15:21:36.422 E/mm-camera(  722): <MCT   ><ERROR> 2757: mct_stream_process_bus_msg: frameid is 45 hal_version is 3
01-17 15:21:36.430 E/        (    0): frame_src is 1 frame_id is 45 blackjoe
01-17 15:21:36.422 E/mm-camera(  722): <MCT   ><ERROR> 2759: mct_stream_process_bus_msg: kstate_ptr is 0xe9d53d14, isp_kstate_ptr is 0xeda49000
01-17 15:21:36.422 E/mm-camera(  722): <MCT   ><ERROR> 2765: mct_stream_process_bus_msg: frame_id is 45
01-17 15:21:36.422 E/QCamera (  722): <MCI><ERROR> mm_stream_data_notify: 337: E, my_handle = 0x5c00, fd = 69, state = 6 blackjoe
01-17 15:21:36.422 E/QCamera (  722): <MCI><ERROR> mm_stream_read_msm_frame: 1723: E, my_handle = 0x5c00, fd = 69, state = 6 blackjoe
01-17 15:21:36.423 I/QCamera (  722): <MCI><INFO> mm_stream_read_msm_frame: 1770: VIDIOC_DQBUF buf_index 8, frame_idx 44, stream type 7, rc 0,queued: 17, buf_type = 0 flags = 8192 FD = 69 my_num 0 buf fd 98
01-17 15:21:36.423 E/QCamera (  722): <MCI><ERROR> mm_stream_read_msm_frame: 1790: X rc = 0
01-17 15:21:36.423 I/QCamera (  722): <MCI><INFO> mm_stream_handle_rcvd_buf: 220: E, my_handle = 0x5c00, fd = 69, state = 6
01-17 15:21:36.423 I/QCamera (  722): <MCI><INFO> mm_stream_handle_rcvd_buf: 244: has cb and it is active by blackjoe
01-17 15:21:36.423 I/QCamera (  722): <MCI><INFO> mm_stream_dispatch_app_data: 415: E, my_handle = 0x5c00, fd = 69, state = 6
01-17 15:21:36.424 I/QCamera (  722): <MCI><INFO> mm_stream_dispatch_app_data: 436: frame_sync.is_active = 0, is_cb_active = 1
01-17 15:21:36.424 I/QCamera (  722): <MCI><INFO> mm_stream_dispatch_app_data: 457: Enter callback by blackjoe
01-17 15:21:36.428 E/mm-camera(  722): <STATS_AIS ><ERROR> 1316: dsps_process_response_gyro: Query request denied, error code = 5, QId_valid = 1, QueryId = 0x2d0a, AckNak_valid = 1, AckNak = 3
01-17 15:21:36.429 E/mm-camera(  722): <MCT   ><ERROR> 4828: mct_pipeline_process_serv_msg: pipeline blackjoe data->sessionid 3 pipeline->session 3 msgid 3
01-17 15:21:36.429 E/mm-camera(  722): <MCT   ><ERROR> 4299: mct_pipeline_process_set: command is 0x8000014 blackjoe CAM_PRIV_PARM 0x8000014
01-17 15:21:36.436 E/QCamera (  722): <MCI><ERROR> mm_stream_data_notify: 337: E, my_handle = 0x5d01, fd = 78, state = 6 blackjoe
01-17 15:21:36.447 E/        (    0): frame_src is 1 frame_id is 46 blackjoe
01-17 15:21:36.437 E/QCamera (  722): <MCI><ERROR> mm_stream_read_msm_frame: 1723: E, my_handle = 0x5d01, fd = 78, state = 6 blackjoe
01-17 15:21:36.437 I/QCamera (  722): <MCI><INFO> mm_stream_read_msm_frame: 1770: VIDIOC_DQBUF buf_index 6, frame_idx 45, stream type 8, rc 0,queued: 5, buf_type = 0 flags = 8192 FD = 78 my_num 0 buf fd 128
01-17 15:21:36.437 E/mm-camera(  722): <SENSOR><ERROR> 4883: sensor_get_frame_duration: resolution is invalid, it seems stream has stopped.
01-17 15:21:36.437 E/QCamera (  722): <MCI><ERROR> mm_stream_read_msm_frame: 1790: X rc = 0
01-17 15:21:36.437 I/QCamera (  722): <MCI><INFO> mm_stream_handle_rcvd_buf: 220: E, my_handle = 0x5d01, fd = 78, state = 6
01-17 15:21:36.437 E/mm-camera(  722): <SENSOR><ERROR> 884: sensor_fc_report_meta: Failed to get frame duration
01-17 15:21:36.437 I/QCamera (  722): <MCI><INFO> mm_stream_handle_rcvd_buf: 244: has cb and it is active by blackjoe
01-17 15:21:36.437 E/mm-camera(  722): <SENSOR><ERROR> 4805: sensor_get_exposure_time: resolution is invalid, it seems stream has stopped.
01-17 15:21:36.438 E/mm-camera(  722): <SENSOR><ERROR> 904: sensor_fc_report_meta: Failed to get exposure time
01-17 15:21:36.438 I/QCamera (  722): <MCI><INFO> mm_stream_dispatch_app_data: 415: E, my_handle = 0x5d01, fd = 78, state = 6
01-17 15:21:36.438 I/QCamera (  722): <MCI><INFO> mm_stream_dispatch_app_data: 436: frame_sync.is_active = 0, is_cb_active = 1
01-17 15:21:36.438 I/QCamera (  722): <MCI><INFO> mm_stream_dispatch_app_data: 457: Enter callback by blackjoe
01-17 15:21:36.438 E/mm-camera(  722): <MCT   ><ERROR> 2722: mct_stream_process_bus_msg: Check the runing function blackjoe 
01-17 15:21:36.439 E/mm-camera(  722): <MCT   ><ERROR> 2755: mct_stream_process_bus_msg: isp_sof_bus_msg is 0xecac1c30
01-17 15:21:36.439 E/mm-camera(  722): <MCT   ><ERROR> 2757: mct_stream_process_bus_msg: frameid is 46 hal_version is 3
01-17 15:21:36.439 E/mm-camera(  722): <MCT   ><ERROR> 2759: mct_stream_process_bus_msg: kstate_ptr is 0xe9d53d14, isp_kstate_ptr is 0xeda49000
01-17 15:21:36.439 E/mm-camera(  722): <MCT   ><ERROR> 2765: mct_stream_process_bus_msg: frame_id is 46
01-17 15:21:36.439 E/QCamera (  722): <MCI><ERROR> mm_stream_data_notify: 337: E, my_handle = 0x5c00, fd = 69, state = 6 blackjoe
01-17 15:21:36.439 E/QCamera (  722): <MCI><ERROR> mm_stream_read_msm_frame: 1723: E, my_handle = 0x5c00, fd = 69, state = 6 blackjoe
01-17 15:21:36.440 I/QCamera (  722): <MCI><INFO> mm_stream_read_msm_frame: 1770: VIDIOC_DQBUF buf_index 9, frame_idx 45, stream type 7, rc 0,queued: 17, buf_type = 0 flags = 8192 FD = 69 my_num 0 buf fd 100
01-17 15:21:36.440 E/QCamera (  722): <MCI><ERROR> mm_stream_read_msm_frame: 1790: X rc = 0
01-17 15:21:36.440 I/QCamera (  722): <MCI><INFO> mm_stream_handle_rcvd_buf: 220: E, my_handle = 0x5c00, fd = 69, state = 6
01-17 15:21:36.440 I/QCamera (  722): <MCI><INFO> mm_stream_handle_rcvd_buf: 244: has cb and it is active by blackjoe
01-17 15:21:36.441 I/QCamera (  722): <MCI><INFO> mm_stream_dispatch_app_data: 415: E, my_handle = 0x5c00, fd = 69, state = 6
01-17 15:21:36.441 I/QCamera (  722): <MCI><INFO> mm_stream_dispatch_app_data: 436: frame_sync.is_active = 0, is_cb_active = 1
01-17 15:21:36.441 I/QCamera (  722): <MCI><INFO> mm_stream_dispatch_app_data: 457: Enter callback by blackjoe
01-17 15:21:36.443 E/mm-camera(  722): <STATS_AIS ><ERROR> 1316: dsps_process_response_gyro: Query request denied, error code = 5, QId_valid = 1, QueryId = 0x2e0a, AckNak_valid = 1, AckNak = 3
01-17 15:21:36.450 E/mm-camera(  722): <MCT   ><ERROR> 4828: mct_pipeline_process_serv_msg: pipeline blackjoe data->sessionid 3 pipeline->session 3 msgid 3
01-17 15:21:36.450 E/mm-camera(  722): <MCT   ><ERROR> 4299: mct_pipeline_process_set: command is 0x8000014 blackjoe CAM_PRIV_PARM 0x8000014
01-17 15:21:36.464 E/        (    0): frame_src is 1 frame_id is 47 blackjoe
01-17 15:21:36.453 E/QCamera (  722): <MCI><ERROR> mm_stream_data_notify: 337: E, my_handle = 0x5d01, fd = 78, state = 6 blackjoe
01-17 15:21:36.453 E/QCamera (  722): <MCI><ERROR> mm_stream_read_msm_frame: 1723: E, my_handle = 0x5d01, fd = 78, state = 6 blackjoe
01-17 15:21:36.453 E/mm-camera(  722): <SENSOR><ERROR> 4883: sensor_get_frame_duration: resolution is invalid, it seems stream has stopped.
01-17 15:21:36.454 E/mm-camera(  722): <SENSOR><ERROR> 884: sensor_fc_report_meta: Failed to get frame duration
01-17 15:21:36.454 I/QCamera (  722): <MCI><INFO> mm_stream_read_msm_frame: 1770: VIDIOC_DQBUF buf_index 7, frame_idx 46, stream type 8, rc 0,queued: 5, buf_type = 0 flags = 8192 FD = 78 my_num 0 buf fd 126
01-17 15:21:36.454 E/mm-camera(  722): <SENSOR><ERROR> 4805: sensor_get_exposure_time: resolution is invalid, it seems stream has stopped.
01-17 15:21:36.454 E/QCamera (  722): <MCI><ERROR> mm_stream_read_msm_frame: 1790: X rc = 0
01-17 15:21:36.454 E/mm-camera(  722): <SENSOR><ERROR> 904: sensor_fc_report_meta: Failed to get exposure time
01-17 15:21:36.454 I/QCamera (  722): <MCI><INFO> mm_stream_handle_rcvd_buf: 220: E, my_handle = 0x5d01, fd = 78, state = 6
01-17 15:21:36.454 I/QCamera (  722): <MCI><INFO> mm_stream_handle_rcvd_buf: 244: has cb and it is active by blackjoe
01-17 15:21:36.454 I/QCamera (  722): <MCI><INFO> mm_stream_dispatch_app_data: 415: E, my_handle = 0x5d01, fd = 78, state = 6
01-17 15:21:36.454 I/QCamera (  722): <MCI><INFO> mm_stream_dispatch_app_data: 436: frame_sync.is_active = 0, is_cb_active = 1
01-17 15:21:36.455 E/mm-camera(  722): <MCT   ><ERROR> 2722: mct_stream_process_bus_msg: Check the runing function blackjoe 
01-17 15:21:36.455 I/QCamera (  722): <MCI><INFO> mm_stream_dispatch_app_data: 457: Enter callback by blackjoe
01-17 15:21:36.455 E/mm-camera(  722): <MCT   ><ERROR> 2755: mct_stream_process_bus_msg: isp_sof_bus_msg is 0xecac0640
01-17 15:21:36.455 E/mm-camera(  722): <MCT   ><ERROR> 2757: mct_stream_process_bus_msg: frameid is 47 hal_version is 3
01-17 15:21:36.455 E/mm-camera(  722): <MCT   ><ERROR> 2759: mct_stream_process_bus_msg: kstate_ptr is 0xe9d53d14, isp_kstate_ptr is 0xeda49000
01-17 15:21:36.455 E/mm-camera(  722): <MCT   ><ERROR> 2765: mct_stream_process_bus_msg: frame_id is 47
01-17 15:21:36.456 E/QCamera (  722): <MCI><ERROR> mm_stream_data_notify: 337: E, my_handle = 0x5c00, fd = 69, state = 6 blackjoe
01-17 15:21:36.456 E/QCamera (  722): <MCI><ERROR> mm_stream_read_msm_frame: 1723: E, my_handle = 0x5c00, fd = 69, state = 6 blackjoe
01-17 15:21:36.456 I/QCamera (  722): <MCI><INFO> mm_stream_read_msm_frame: 1770: VIDIOC_DQBUF buf_index 10, frame_idx 46, stream type 7, rc 0,queued: 17, buf_type = 0 flags = 8192 FD = 69 my_num 0 buf fd 102
01-17 15:21:36.456 E/QCamera (  722): <MCI><ERROR> mm_stream_read_msm_frame: 1790: X rc = 0
01-17 15:21:36.457 I/QCamera (  722): <MCI><INFO> mm_stream_handle_rcvd_buf: 220: E, my_handle = 0x5c00, fd = 69, state = 6
01-17 15:21:36.457 I/QCamera (  722): <MCI><INFO> mm_stream_handle_rcvd_buf: 244: has cb and it is active by blackjoe
01-17 15:21:36.457 I/QCamera (  722): <MCI><INFO> mm_stream_dispatch_app_data: 415: E, my_handle = 0x5c00, fd = 69, state = 6
01-17 15:21:36.457 I/QCamera (  722): <MCI><INFO> mm_stream_dispatch_app_data: 436: frame_sync.is_active = 0, is_cb_active = 1
01-17 15:21:36.457 I/QCamera (  722): <MCI><INFO> mm_stream_dispatch_app_data: 457: Enter callback by blackjoe
01-17 15:21:36.460 E/mm-camera(  722): <STATS_AIS ><ERROR> 1316: dsps_process_response_gyro: Query request denied, error code = 5, QId_valid = 1, QueryId = 0x2f0a, AckNak_valid = 1, AckNak = 3
01-17 15:21:36.464 E/mm-camera(  722): <MCT   ><ERROR> 4828: mct_pipeline_process_serv_msg: pipeline blackjoe data->sessionid 3 pipeline->session 3 msgid 3
01-17 15:21:36.464 E/mm-camera(  722): <MCT   ><ERROR> 4299: mct_pipeline_process_set: command is 0x8000014 blackjoe CAM_PRIV_PARM 0x8000014
01-17 15:21:36.480 E/        (    0): frame_src is 1 frame_id is 48 blackjoe
01-17 15:21:36.470 E/QCamera (  722): <MCI><ERROR> mm_stream_data_notify: 337: E, my_handle = 0x5d01, fd = 78, state = 6 blackjoe
01-17 15:21:36.470 E/QCamera (  722): <MCI><ERROR> mm_stream_read_msm_frame: 1723: E, my_handle = 0x5d01, fd = 78, state = 6 blackjoe
01-17 15:21:36.470 I/QCamera (  722): <MCI><INFO> mm_stream_read_msm_frame: 1770: VIDIOC_DQBUF buf_index 8, frame_idx 47, stream type 8, rc 0,queued: 5, buf_type = 0 flags = 8192 FD = 78 my_num 0 buf fd 129
01-17 15:21:36.470 E/QCamera (  722): <MCI><ERROR> mm_stream_read_msm_frame: 1790: X rc = 0
01-17 15:21:36.471 I/QCamera (  722): <MCI><INFO> mm_stream_handle_rcvd_buf: 220: E, my_handle = 0x5d01, fd = 78, state = 6
01-17 15:21:36.471 I/QCamera (  722): <MCI><INFO> mm_stream_handle_rcvd_buf: 244: has cb and it is active by blackjoe
01-17 15:21:36.471 I/QCamera (  722): <MCI><INFO> mm_stream_dispatch_app_data: 415: E, my_handle = 0x5d01, fd = 78, state = 6
01-17 15:21:36.471 I/QCamera (  722): <MCI><INFO> mm_stream_dispatch_app_data: 436: frame_sync.is_active = 0, is_cb_active = 1
01-17 15:21:36.471 E/mm-camera(  722): <SENSOR><ERROR> 4883: sensor_get_frame_duration: resolution is invalid, it seems stream has stopped.
01-17 15:21:36.471 I/QCamera (  722): <MCI><INFO> mm_stream_dispatch_app_data: 457: Enter callback by blackjoe
01-17 15:21:36.471 E/mm-camera(  722): <SENSOR><ERROR> 884: sensor_fc_report_meta: Failed to get frame duration
01-17 15:21:36.471 E/mm-camera(  722): <SENSOR><ERROR> 4805: sensor_get_exposure_time: resolution is invalid, it seems stream has stopped.
01-17 15:21:36.472 E/mm-camera(  722): <SENSOR><ERROR> 904: sensor_fc_report_meta: Failed to get exposure time
01-17 15:21:36.472 E/mm-camera(  722): <MCT   ><ERROR> 2722: mct_stream_process_bus_msg: Check the runing function blackjoe 
01-17 15:21:36.473 E/mm-camera(  722): <MCT   ><ERROR> 2755: mct_stream_process_bus_msg: isp_sof_bus_msg is 0xecac0c70
01-17 15:21:36.473 E/mm-camera(  722): <MCT   ><ERROR> 2757: mct_stream_process_bus_msg: frameid is 48 hal_version is 3
01-17 15:21:36.473 E/mm-camera(  722): <MCT   ><ERROR> 2759: mct_stream_process_bus_msg: kstate_ptr is 0xe9d53d14, isp_kstate_ptr is 0xeda49000
01-17 15:21:36.473 E/mm-camera(  722): <MCT   ><ERROR> 2765: mct_stream_process_bus_msg: frame_id is 48
01-17 15:21:36.473 E/QCamera (  722): <MCI><ERROR> mm_stream_data_notify: 337: E, my_handle = 0x5c00, fd = 69, state = 6 blackjoe
01-17 15:21:36.473 E/QCamera (  722): <MCI><ERROR> mm_stream_read_msm_frame: 1723: E, my_handle = 0x5c00, fd = 69, state = 6 blackjoe
01-17 15:21:36.474 I/QCamera (  722): <MCI><INFO> mm_stream_read_msm_frame: 1770: VIDIOC_DQBUF buf_index 11, frame_idx 47, stream type 7, rc 0,queued: 17, buf_type = 0 flags = 8192 FD = 69 my_num 0 buf fd 104
01-17 15:21:36.474 E/QCamera (  722): <MCI><ERROR> mm_stream_read_msm_frame: 1790: X rc = 0
01-17 15:21:36.474 I/QCamera (  722): <MCI><INFO> mm_stream_handle_rcvd_buf: 220: E, my_handle = 0x5c00, fd = 69, state = 6
01-17 15:21:36.474 I/QCamera (  722): <MCI><INFO> mm_stream_handle_rcvd_buf: 244: has cb and it is active by blackjoe
01-17 15:21:36.474 I/QCamera (  722): <MCI><INFO> mm_stream_dispatch_app_data: 415: E, my_handle = 0x5c00, fd = 69, state = 6
01-17 15:21:36.475 I/QCamera (  722): <MCI><INFO> mm_stream_dispatch_app_data: 436: frame_sync.is_active = 0, is_cb_active = 1
01-17 15:21:36.475 I/QCamera (  722): <MCI><INFO> mm_stream_dispatch_app_data: 457: Enter callback by blackjoe
01-17 15:21:36.476 E/mm-camera(  722): <STATS_AIS ><ERROR> 1316: dsps_process_response_gyro: Query request denied, error code = 5, QId_valid = 1, QueryId = 0x300a, AckNak_valid = 1, AckNak = 3
01-17 15:21:36.479 E/mm-camera(  722): <MCT   ><ERROR> 4828: mct_pipeline_process_serv_msg: pipeline blackjoe data->sessionid 3 pipeline->session 3 msgid 3
01-17 15:21:36.479 E/mm-camera(  722): <MCT   ><ERROR> 4299: mct_pipeline_process_set: command is 0x8000014 blackjoe CAM_PRIV_PARM 0x8000014
01-17 15:21:36.497 E/        (    0): frame_src is 1 frame_id is 49 blackjoe
01-17 15:21:36.487 E/QCamera (  722): <MCI><ERROR> mm_stream_data_notify: 337: E, my_handle = 0x5d01, fd = 78, state = 6 blackjoe
01-17 15:21:36.487 E/QCamera (  722): <MCI><ERROR> mm_stream_read_msm_frame: 1723: E, my_handle = 0x5d01, fd = 78, state = 6 blackjoe
01-17 15:21:36.487 E/mm-camera(  722): <SENSOR><ERROR> 4883: sensor_get_frame_duration: resolution is invalid, it seems stream has stopped.
01-17 15:21:36.487 I/QCamera (  722): <MCI><INFO> mm_stream_read_msm_frame: 1770: VIDIOC_DQBUF buf_index 9, frame_idx 48, stream type 8, rc 0,queued: 5, buf_type = 0 flags = 8192 FD = 78 my_num 0 buf fd 134
01-17 15:21:36.487 E/QCamera (  722): <MCI><ERROR> mm_stream_read_msm_frame: 1790: X rc = 0
01-17 15:21:36.487 E/mm-camera(  722): <SENSOR><ERROR> 884: sensor_fc_report_meta: Failed to get frame duration
01-17 15:21:36.487 I/QCamera (  722): <MCI><INFO> mm_stream_handle_rcvd_buf: 220: E, my_handle = 0x5d01, fd = 78, state = 6
01-17 15:21:36.487 I/QCamera (  722): <MCI><INFO> mm_stream_handle_rcvd_buf: 244: has cb and it is active by blackjoe
01-17 15:21:36.487 E/mm-camera(  722): <SENSOR><ERROR> 4805: sensor_get_exposure_time: resolution is invalid, it seems stream has stopped.
01-17 15:21:36.487 I/QCamera (  722): <MCI><INFO> mm_stream_dispatch_app_data: 415: E, my_handle = 0x5d01, fd = 78, state = 6
01-17 15:21:36.487 E/mm-camera(  722): <SENSOR><ERROR> 904: sensor_fc_report_meta: Failed to get exposure time
01-17 15:21:36.487 I/QCamera (  722): <MCI><INFO> mm_stream_dispatch_app_data: 436: frame_sync.is_active = 0, is_cb_active = 1
01-17 15:21:36.488 I/QCamera (  722): <MCI><INFO> mm_stream_dispatch_app_data: 457: Enter callback by blackjoe
01-17 15:21:36.488 E/mm-camera(  722): <MCT   ><ERROR> 2722: mct_stream_process_bus_msg: Check the runing function blackjoe 
01-17 15:21:36.488 E/mm-camera(  722): <MCT   ><ERROR> 2755: mct_stream_process_bus_msg: isp_sof_bus_msg is 0xecac0400
01-17 15:21:36.488 E/mm-camera(  722): <MCT   ><ERROR> 2757: mct_stream_process_bus_msg: frameid is 49 hal_version is 3
01-17 15:21:36.488 E/mm-camera(  722): <MCT   ><ERROR> 2759: mct_stream_process_bus_msg: kstate_ptr is 0xe9d53d14, isp_kstate_ptr is 0xeda49000
01-17 15:21:36.489 E/mm-camera(  722): <MCT   ><ERROR> 2765: mct_stream_process_bus_msg: frame_id is 49
01-17 15:21:36.489 E/QCamera (  722): <MCI><ERROR> mm_stream_data_notify: 337: E, my_handle = 0x5c00, fd = 69, state = 6 blackjoe
01-17 15:21:36.489 E/QCamera (  722): <MCI><ERROR> mm_stream_read_msm_frame: 1723: E, my_handle = 0x5c00, fd = 69, state = 6 blackjoe
01-17 15:21:36.489 I/QCamera (  722): <MCI><INFO> mm_stream_read_msm_frame: 1770: VIDIOC_DQBUF buf_index 12, frame_idx 48, stream type 7, rc 0,queued: 17, buf_type = 0 flags = 8192 FD = 69 my_num 0 buf fd 106
01-17 15:21:36.489 E/QCamera (  722): <MCI><ERROR> mm_stream_read_msm_frame: 1790: X rc = 0
01-17 15:21:36.489 I/QCamera (  722): <MCI><INFO> mm_stream_handle_rcvd_buf: 220: E, my_handle = 0x5c00, fd = 69, state = 6
01-17 15:21:36.489 I/QCamera (  722): <MCI><INFO> mm_stream_handle_rcvd_buf: 244: has cb and it is active by blackjoe
01-17 15:21:36.490 I/QCamera (  722): <MCI><INFO> mm_stream_dispatch_app_data: 415: E, my_handle = 0x5c00, fd = 69, state = 6
01-17 15:21:36.490 I/QCamera (  722): <MCI><INFO> mm_stream_dispatch_app_data: 436: frame_sync.is_active = 0, is_cb_active = 1
01-17 15:21:36.490 I/QCamera (  722): <MCI><INFO> mm_stream_dispatch_app_data: 457: Enter callback by blackjoe
01-17 15:21:36.491 E/mm-camera(  722): <STATS_AIS ><ERROR> 1316: dsps_process_response_gyro: Query request denied, error code = 5, QId_valid = 1, QueryId = 0x310a, AckNak_valid = 1, AckNak = 3
01-17 15:21:36.497 E/mm-camera(  722): <MCT   ><ERROR> 4828: mct_pipeline_process_serv_msg: pipeline blackjoe data->sessionid 3 pipeline->session 3 msgid 3
01-17 15:21:36.497 E/mm-camera(  722): <MCT   ><ERROR> 4299: mct_pipeline_process_set: command is 0x8000014 blackjoe CAM_PRIV_PARM 0x8000014
01-17 15:21:36.513 E/        (    0): frame_src is 1 frame_id is 50 blackjoe
01-17 15:21:36.503 E/QCamera (  722): <MCI><ERROR> mm_stream_data_notify: 337: E, my_handle = 0x5d01, fd = 78, state = 6 blackjoe
01-17 15:21:36.503 E/QCamera (  722): <MCI><ERROR> mm_stream_read_msm_frame: 1723: E, my_handle = 0x5d01, fd = 78, state = 6 blackjoe
01-17 15:21:36.503 E/mm-camera(  722): <SENSOR><ERROR> 4883: sensor_get_frame_duration: resolution is invalid, it seems stream has stopped.
01-17 15:21:36.503 I/QCamera (  722): <MCI><INFO> mm_stream_read_msm_frame: 1770: VIDIOC_DQBUF buf_index 10, frame_idx 49, stream type 8, rc 0,queued: 5, buf_type = 0 flags = 8192 FD = 78 my_num 0 buf fd 137
01-17 15:21:36.504 E/mm-camera(  722): <SENSOR><ERROR> 884: sensor_fc_report_meta: Failed to get frame duration
01-17 15:21:36.504 E/QCamera (  722): <MCI><ERROR> mm_stream_read_msm_frame: 1790: X rc = 0
01-17 15:21:36.504 E/mm-camera(  722): <SENSOR><ERROR> 4805: sensor_get_exposure_time: resolution is invalid, it seems stream has stopped.
01-17 15:21:36.504 I/QCamera (  722): <MCI><INFO> mm_stream_handle_rcvd_buf: 220: E, my_handle = 0x5d01, fd = 78, state = 6
01-17 15:21:36.504 E/mm-camera(  722): <SENSOR><ERROR> 904: sensor_fc_report_meta: Failed to get exposure time
01-17 15:21:36.504 I/QCamera (  722): <MCI><INFO> mm_stream_handle_rcvd_buf: 244: has cb and it is active by blackjoe
01-17 15:21:36.504 I/QCamera (  722): <MCI><INFO> mm_stream_dispatch_app_data: 415: E, my_handle = 0x5d01, fd = 78, state = 6
01-17 15:21:36.504 I/QCamera (  722): <MCI><INFO> mm_stream_dispatch_app_data: 436: frame_sync.is_active = 0, is_cb_active = 1
01-17 15:21:36.504 I/QCamera (  722): <MCI><INFO> mm_stream_dispatch_app_data: 457: Enter callback by blackjoe
01-17 15:21:36.505 E/mm-camera(  722): <MCT   ><ERROR> 2722: mct_stream_process_bus_msg: Check the runing function blackjoe 
01-17 15:21:36.505 E/mm-camera(  722): <MCT   ><ERROR> 2755: mct_stream_process_bus_msg: isp_sof_bus_msg is 0xecac1b10
01-17 15:21:36.505 E/mm-camera(  722): <MCT   ><ERROR> 2757: mct_stream_process_bus_msg: frameid is 50 hal_version is 3
01-17 15:21:36.505 E/mm-camera(  722): <MCT   ><ERROR> 2759: mct_stream_process_bus_msg: kstate_ptr is 0xe9d53d14, isp_kstate_ptr is 0xeda49000
01-17 15:21:36.505 E/mm-camera(  722): <MCT   ><ERROR> 2765: mct_stream_process_bus_msg: frame_id is 50
01-17 15:21:36.506 E/QCamera (  722): <MCI><ERROR> mm_stream_data_notify: 337: E, my_handle = 0x5c00, fd = 69, state = 6 blackjoe
01-17 15:21:36.506 E/QCamera (  722): <MCI><ERROR> mm_stream_read_msm_frame: 1723: E, my_handle = 0x5c00, fd = 69, state = 6 blackjoe
01-17 15:21:36.506 I/QCamera (  722): <MCI><INFO> mm_stream_read_msm_frame: 1770: VIDIOC_DQBUF buf_index 13, frame_idx 49, stream type 7, rc 0,queued: 17, buf_type = 0 flags = 8192 FD = 69 my_num 0 buf fd 108
01-17 15:21:36.506 E/QCamera (  722): <MCI><ERROR> mm_stream_read_msm_frame: 1790: X rc = 0
01-17 15:21:36.507 I/QCamera (  722): <MCI><INFO> mm_stream_handle_rcvd_buf: 220: E, my_handle = 0x5c00, fd = 69, state = 6
01-17 15:21:36.507 I/QCamera (  722): <MCI><INFO> mm_stream_handle_rcvd_buf: 244: has cb and it is active by blackjoe
01-17 15:21:36.507 I/QCamera (  722): <MCI><INFO> mm_stream_dispatch_app_data: 415: E, my_handle = 0x5c00, fd = 69, state = 6
01-17 15:21:36.507 I/QCamera (  722): <MCI><INFO> mm_stream_dispatch_app_data: 436: frame_sync.is_active = 0, is_cb_active = 1
01-17 15:21:36.508 I/QCamera (  722): <MCI><INFO> mm_stream_dispatch_app_data: 457: Enter callback by blackjoe
01-17 15:21:36.509 E/mm-camera(  722): <STATS_AIS ><ERROR> 1316: dsps_process_response_gyro: Query request denied, error code = 5, QId_valid = 1, QueryId = 0x320a, AckNak_valid = 1, AckNak = 3
01-17 15:21:36.514 E/mm-camera(  722): <MCT   ><ERROR> 4828: mct_pipeline_process_serv_msg: pipeline blackjoe data->sessionid 3 pipeline->session 3 msgid 3
01-17 15:21:36.515 E/mm-camera(  722): <MCT   ><ERROR> 4299: mct_pipeline_process_set: command is 0x8000014 blackjoe CAM_PRIV_PARM 0x8000014
01-17 15:21:36.530 E/        (    0): frame_src is 1 frame_id is 51 blackjoe
01-17 15:21:36.519 E/QCamera (  722): <MCI><ERROR> mm_stream_data_notify: 337: E, my_handle = 0x5d01, fd = 78, state = 6 blackjoe
01-17 15:21:36.520 E/QCamera (  722): <MCI><ERROR> mm_stream_read_msm_frame: 1723: E, my_handle = 0x5d01, fd = 78, state = 6 blackjoe
01-17 15:21:36.520 E/mm-camera(  722): <SENSOR><ERROR> 4883: sensor_get_frame_duration: resolution is invalid, it seems stream has stopped.
01-17 15:21:36.520 E/mm-camera(  722): <SENSOR><ERROR> 884: sensor_fc_report_meta: Failed to get frame duration
01-17 15:21:36.520 I/QCamera (  722): <MCI><INFO> mm_stream_read_msm_frame: 1770: VIDIOC_DQBUF buf_index 11, frame_idx 50, stream type 8, rc 0,queued: 5, buf_type = 0 flags = 8192 FD = 78 my_num 0 buf fd 140
01-17 15:21:36.520 E/mm-camera(  722): <SENSOR><ERROR> 4805: sensor_get_exposure_time: resolution is invalid, it seems stream has stopped.
01-17 15:21:36.520 E/QCamera (  722): <MCI><ERROR> mm_stream_read_msm_frame: 1790: X rc = 0
01-17 15:21:36.520 E/mm-camera(  722): <SENSOR><ERROR> 904: sensor_fc_report_meta: Failed to get exposure time
01-17 15:21:36.520 I/QCamera (  722): <MCI><INFO> mm_stream_handle_rcvd_buf: 220: E, my_handle = 0x5d01, fd = 78, state = 6
