01-17 15:31:14.086 D/audio_hw_primary(  718): start_output_stream: stream_handle(0xf1a864c0) usecase(1: low-latency-playback) out_snd_device(2: speaker)             acdb_id(14) sample_rate(48000) channel_mask(0x3) app_type(69937)             audio_mode(0 : MODE_NORMAL) out_flags(0x6 : OUTPUT_FLAG_PRIMARY|OUTPUT_FLAG_FAST) out_devices(0x2 : OUT_SPEAKER) 
01-17 15:31:14.086 D/audio_hw_primary(  718): start_output_stream: exit
01-17 15:31:14.086 D/audio_hw_primary(  718): out_write: retry previous failed cal level set
01-17 15:31:14.086 D/ACDB-LOADER(  718): ACDB -> send_audvoltable
01-17 15:31:14.086 D/ACDB-LOADER(  718): ACDB -> ACDB_CMD_GET_AUDPROC_GAIN_DEP_STEP_TABLE_SIZE
01-17 15:31:14.086 D/ACDB-LOADER(  718): ACDB -> ACDB_CMD_GET_AUDPROC_GAIN_DEP_STEP_TABLE, vol index 5
01-17 15:31:14.086 D/ACDB-LOADER(  718): ACDB -> AUDIO_SET_VOL_CAL cal type = 40
01-17 15:31:14.100 E/        (    0): frame_src is 1 frame_id is 12 blackjoe
01-17 15:31:14.090 E/QCamera (  722): <MCI><ERROR> mm_stream_data_notify: 337: E, my_handle = 0x9101, fd = 78, state = 6 blackjoe
01-17 15:31:14.090 E/mm-camera(  722): <SENSOR><ERROR> 4883: sensor_get_frame_duration: resolution is invalid, it seems stream has stopped.
01-17 15:31:14.090 E/mm-camera(  722): <SENSOR><ERROR> 884: sensor_fc_report_meta: Failed to get frame duration
01-17 15:31:14.090 E/QCamera (  722): <MCI><ERROR> mm_stream_read_msm_frame: 1723: E, my_handle = 0x9101, fd = 78, state = 6 blackjoe
01-17 15:31:14.090 E/mm-camera(  722): <SENSOR><ERROR> 4805: sensor_get_exposure_time: resolution is invalid, it seems stream has stopped.
01-17 15:31:14.090 E/mm-camera(  722): <SENSOR><ERROR> 904: sensor_fc_report_meta: Failed to get exposure time
01-17 15:31:14.090 I/QCamera (  722): <MCI><INFO> mm_stream_read_msm_frame: 1770: VIDIOC_DQBUF buf_index 7, frame_idx 11, stream type 8, rc 0,queued: 0, buf_type = 0 flags = 8192 FD = 78 my_num 0 buf fd 128
01-17 15:31:14.091 E/QCamera (  722): <MCI><ERROR> mm_stream_read_msm_frame: 1790: X rc = 0
01-17 15:31:14.091 E/mm-camera(  722): <MCT   ><ERROR> 2722: mct_stream_process_bus_msg: Check the runing function blackjoe 
01-17 15:31:14.091 E/mm-camera(  722): <MCT   ><ERROR> 2755: mct_stream_process_bus_msg: isp_sof_bus_msg is 0xecac0250
01-17 15:31:14.091 I/QCamera (  722): <MCI><INFO> mm_stream_handle_rcvd_buf: 220: E, my_handle = 0x9101, fd = 78, state = 6
01-17 15:31:14.091 E/mm-camera(  722): <MCT   ><ERROR> 2757: mct_stream_process_bus_msg: frameid is 12 hal_version is 3
01-17 15:31:14.091 E/mm-camera(  722): <MCT   ><ERROR> 2759: mct_stream_process_bus_msg: kstate_ptr is 0xe9d487d4, isp_kstate_ptr is 0xeda49000
01-17 15:31:14.091 I/QCamera (  722): <MCI><INFO> mm_stream_handle_rcvd_buf: 244: has cb and it is active by blackjoe
01-17 15:31:14.091 E/mm-camera(  722): <MCT   ><ERROR> 2765: mct_stream_process_bus_msg: frame_id is 12
01-17 15:31:14.091 I/QCamera (  722): <MCI><INFO> mm_stream_dispatch_app_data: 415: E, my_handle = 0x9101, fd = 78, state = 6
01-17 15:31:14.091 E/QCamera (  722): <MCI><ERROR> mm_stream_data_notify: 337: E, my_handle = 0x9000, fd = 69, state = 6 blackjoe
01-17 15:31:14.091 I/QCamera (  722): <MCI><INFO> mm_stream_dispatch_app_data: 436: frame_sync.is_active = 0, is_cb_active = 1
01-17 15:31:14.092 E/QCamera (  722): <MCI><ERROR> mm_stream_read_msm_frame: 1723: E, my_handle = 0x9000, fd = 69, state = 6 blackjoe
01-17 15:31:14.092 I/QCamera (  722): <MCI><INFO> mm_stream_dispatch_app_data: 457: Enter callback by blackjoe
01-17 15:31:14.092 I/QCamera (  722): <MCI><INFO> mm_stream_read_msm_frame: 1770: VIDIOC_DQBUF buf_index 10, frame_idx 11, stream type 7, rc 0,queued: 17, buf_type = 0 flags = 8192 FD = 69 my_num 0 buf fd 102
01-17 15:31:14.092 E/QCamera (  722): <MCI><ERROR> mm_stream_read_msm_frame: 1790: X rc = 0
01-17 15:31:14.092 I/QCamera (  722): <MCI><INFO> mm_stream_handle_rcvd_buf: 220: E, my_handle = 0x9000, fd = 69, state = 6
01-17 15:31:14.092 I/QCamera (  722): <MCI><INFO> mm_stream_handle_rcvd_buf: 244: has cb and it is active by blackjoe
01-17 15:31:14.093 I/QCamera (  722): <MCI><INFO> mm_stream_dispatch_app_data: 415: E, my_handle = 0x9000, fd = 69, state = 6
01-17 15:31:14.093 I/QCamera (  722): <MCI><INFO> mm_stream_dispatch_app_data: 436: frame_sync.is_active = 0, is_cb_active = 1
01-17 15:31:14.093 I/QCamera (  722): <MCI><INFO> mm_stream_dispatch_app_data: 457: Enter callback by blackjoe
01-17 15:31:14.096 E/ACameraDevice( 6187): onDeviceIdle sending state cb
01-17 15:31:14.096 E/NdkCameraCaptureSession( 6187): ACameraCaptureSession_getDevice: session 0x7bbe9e9390 is already closed
01-17 15:31:14.096 I/BCReader-JNI( 6187): onReady Getting camera device from session callback failed!
01-17 15:31:14.096 E/NdkCameraDevice( 6187): ACameraDevice_getId: invalid argument! device is null
01-17 15:31:14.096 I/BCReader-JNI( 6187): Session for camera (null) is ready!
01-17 15:31:14.100 I/CameraLatencyHistogram( 1374): Stream 126 dequeueBuffer latency histogram (8) samples:
01-17 15:31:14.099 E/mm-camera(  722): <STATS_AIS ><ERROR> 1316: dsps_process_response_gyro: Query request denied, error code = 5, QId_valid = 1, QueryId = 0xc0a, AckNak_valid = 1, AckNak = 3
01-17 15:31:14.100 I/CameraLatencyHistogram( 1374):         5     10     15     20     25     30     35     40     45    inf (max ms)
01-17 15:31:14.100 I/CameraLatencyHistogram( 1374):      87.50   12.50   0.00   0.00   0.00   0.00   0.00   0.00   0.00   0.00 (%)
01-17 15:31:14.100 I/CameraLatencyHistogram( 1374): Stream 126 latency histogram for wait on max_buffers (2) samples:
01-17 15:31:14.100 I/CameraLatencyHistogram( 1374):        33     66     99    132    165    198    231    264    297    inf (max ms)
01-17 15:31:14.100 I/CameraLatencyHistogram( 1374):      0.00   0.00   100.00   0.00   0.00   0.00   0.00   0.00   0.00   0.00 (%)
01-17 15:31:14.104 E/mm-camera(  722): <MCT   ><ERROR> 4828: mct_pipeline_process_serv_msg: pipeline blackjoe data->sessionid 3 pipeline->session 3 msgid 3
01-17 15:31:14.104 E/mm-camera(  722): <MCT   ><ERROR> 4299: mct_pipeline_process_set: command is 0x8000009 blackjoe CAM_PRIV_PARM 0x8000014
01-17 15:31:14.104 I/mm-camera(  722): <MCT   >< INFO> 4302: mct_pipeline_process_set: command=8000009
01-17 15:31:14.104 I/mm-camera(  722): <MCT   >< INFO> 4465: mct_pipeline_process_set:  STREAM-OFF on stream 0x30002 stream type=8
01-17 15:31:14.104 I/mm-camera(  722): <IFACE >< INFO> 1841: iface_streamoff_to_thread: iface_streamoff_to_thread: E, session id = 3, user stream id = 2
01-17 15:31:14.105 I/mm-camera(  722): <IFACE >< INFO> 2472: iface_streamoff: E, session_id 3 mct_stream_id = 2
01-17 15:31:14.105 I/mm-camera(  722): <IFACE >< INFO> 12256: iface_util_get_user_streams_by_bundle: streamoff, first bundled streamoff all bindled streams!
01-17 15:31:14.109 I/mm-camera(  722): <IFACE >< INFO> 2718: iface_streamoff: session_id = 3, active_streams = 0
01-17 15:31:14.109 I/mm-camera(  722): <IFACE >< INFO> 2722: iface_streamoff: all bundled stream streamoff, clear hal bundled mask
01-17 15:31:14.109 I/mm-camera(  722): <IFACE >< INFO> 2727: iface_streamoff: X
01-17 15:31:14.109 I/mm-camera(  722): <IFACE >< INFO> 1867: iface_streamoff_to_thread: iface_streamoff_to_thread: X, session id = 3, user stream id = 2
01-17 15:31:14.110 E/mm-camera(  722): <ISP   ><ERROR> 1197: isp_handler_control_streamoff: Bundle streamon count is less than zero
01-17 15:31:14.110 E/mm-camera(  722): <ISP   ><ERROR> 1201: isp_handler_control_streamoff: invalid stream_on_count 0
01-17 15:31:14.110 I/mm-camera(  722): <IFACE >< INFO> 11005: iface_util_release_resource: camif_cnt= 0, rdi_cnt= 0, used mask 2
01-17 15:31:14.110 I/mm-camera(  722): <IFACE >< INFO> 4047: iface_destroy_hw: iface_destroy_hw: Destroy axi hw on VFE :0
01-17 15:31:14.114 I/mm-camera(  722): <MCT   >< INFO> 4482: mct_pipeline_process_set:  STREAM-OFF success for stream 0x30002, stream type=8
01-17 15:31:14.118 E/mm-camera(  722): <MCT   ><ERROR> 4828: mct_pipeline_process_serv_msg: pipeline blackjoe data->sessionid 3 pipeline->session 3 msgid 3
01-17 15:31:14.142 E/        (    0): [SDL] misc_ioctl msg.len is 3 : 0x58 0x00 0xa8
01-17 15:31:14.118 E/mm-camera(  722): <MCT   ><ERROR> 4299: mct_pipeline_process_set: command is 0x8000009 blackjoe CAM_PRIV_PARM 0x8000014
01-17 15:31:14.143 E/        (    0): [SDL] misc_ioctl msg.len is 2 : 0xa7 0x00
01-17 15:31:14.118 I/mm-camera(  722): <MCT   >< INFO> 4302: mct_pipeline_process_set: command=8000009
01-17 15:31:14.118 I/mm-camera(  722): <MCT   >< INFO> 4465: mct_pipeline_process_set:  STREAM-OFF on stream 0x30001 stream type=7
01-17 15:31:14.119 I/mm-camera(  722): <MCT   >< INFO> 4482: mct_pipeline_process_set:  STREAM-OFF success for stream 0x30001, stream type=7
01-17 15:31:14.130 I/QCamera (  722): <HAL><INFO> configureStreamsPerfLocked: 2399: stream[0] type = 0, format = 34, width = 320, height = 240, rotation = 0, usage = 0x800
01-17 15:31:14.130 E/QCamera (  722): <HAL><ERROR> validateStreamDimensions: 1491: Error: Unsupported size: 320 x 240 type: 34 array size: 1344 x 760
01-17 15:31:14.130 E/QCamera (  722): <HAL><ERROR> configureStreamsPerfLocked: 2602: Invalid stream configuration requested!
01-17 15:31:14.130 E/Camera3-Device( 1374): Camera 0: configureStreamsLocked: Set of requested inputs/outputs not supported by HAL
01-17 15:31:14.131 E/CameraDeviceClient( 1374): endConfigure: Camera 0: Unsupported set of inputs/outputs provided
01-17 15:31:14.131 E/ACameraDevice( 6187): Camera device 0 cannnot support app output configuration: Status(-8, EX_SERVICE_SPECIFIC): '3: endConfigure:513: Camera 0: Unsupported set of inputs/outputs provided'
01-17 15:31:14.131 E/ACameraDevice( 6187): Unconfigure stream failed. Device might still be configured! ret -10009
01-17 15:31:14.132 I/BCReader-JNI( 6187): ACameraCaptureSession_close session=0x7bbe9e9390 takes ~132 ms to close
01-17 15:31:14.132 D/BCReader-JNI( 6187): LEAVE camera_status_t ZebraCamera::stopPreview():2725
01-17 15:31:14.148 E/        (    0): [SDL] misc_ioctl msg.len is 3 : 0x58 0x00 0xa8
01-17 15:31:14.153 E/        (    0): [SDL] misc_ioctl msg.len is 2 : 0xa7 0x00
01-17 15:31:14.158 E/        (    0): [SDL] misc_ioctl msg.len is 3 : 0x77 0x03 0x86
01-17 15:31:14.163 E/        (    0): [SDL] misc_ioctl msg.len is 2 : 0x88 0x00
01-17 15:31:14.250 D/EventSequenceValidator( 1670): Transition from INTENT_FAILED to INTENT_STARTED
01-17 15:31:14.254 D/EventSequenceValidator( 1670): Transition from INTENT_STARTED to INTENT_FAILED
01-17 15:31:14.400 D/AudioTrack( 6187): stop(35): called with 14784 frames delivered
01-17 15:31:14.469 I/system_server( 1670): oneway function results will be dropped but finished with status OK and parcel size 4
01-17 15:31:14.470 D/ACDB-LOADER(  718): ACDB -> send_audvoltable
01-17 15:31:14.470 D/ACDB-LOADER(  718): ACDB -> ACDB_CMD_GET_AUDPROC_GAIN_DEP_STEP_TABLE_SIZE
01-17 15:31:14.470 D/ACDB-LOADER(  718): ACDB -> ACDB_CMD_GET_AUDPROC_GAIN_DEP_STEP_TABLE, vol index 0
01-17 15:31:14.470 D/ACDB-LOADER(  718): ACDB -> AUDIO_SET_VOL_CAL cal type = 40
01-17 15:31:14.473 W/APM::AudioPolicyEngine(  855): getDevicesForStrategy() unknown strategy: -1
01-17 15:31:14.474 I/chatty  (  855): uid=1041(audioserver) ApmOutput identical 1 line
01-17 15:31:14.474 W/APM::AudioPolicyEngine(  855): getDevicesForStrategy() unknown strategy: -1
01-17 15:31:17.461 D/audio_hw_primary(  718): out_standby: enter: stream (0xf1a864c0) usecase(1: low-latency-playback)
01-17 15:31:17.533 I/afe_close(    0): port_id = 0x4000
01-17 15:31:17.562 E/        (    0): tavil_codec tavil_codec: ASoC: DAPM unknown pin Lineout_3 amp
01-17 15:31:17.540 D/audio_hw_primary(  718): disable_audio_route: reset and update mixer path: low-latency-playback
01-17 15:31:17.541 D/soundtrigger(  718): audio_extn_sound_trigger_update_stream_status: uc_info->id 1 of type 0 for Event 2, with Raise=0
01-17 15:31:17.542 D/hardware_info(  718): hw_info_append_hw_type : device_name = speaker
01-17 15:31:17.542 D/audio_hw_primary(  718): disable_snd_device: snd_device(2: speaker)
01-17 15:31:17.556 I/soundtrigger(  718): audio_extn_sound_trigger_update_device_status: device 0x2 of type 0 for Event 0, with Raise=0
01-17 15:31:17.559 I/system_server( 1670): oneway function results will be dropped but finished with status OK and parcel size 4
01-17 15:31:18.092 I/init    (    0): starting service 'smartmu'...
01-17 15:31:18.094 I/rcu_sched(   12): type=1400 audit(0.0:4454): avc: denied { kill } for capability=5 scontext=u:r:kernel:s0 tcontext=u:r:kernel:s0 tclass=capability permissive=1
01-17 15:31:18.152 I/qccsyshalservice(14179): Start with system binder
01-17 15:31:18.153 I/qccsyshalservice(14179): Registering qccsyshal service...
01-17 15:31:18.156 I/hwservicemanager(  512): getTransport: Cannot find entry vendor.qti.hardware.qccsyshal@1.0::IQccsyshal/qccsyshal in either framework or device manifest.
01-17 15:31:18.157 E/HidlServiceManagement(14179): Service vendor.qti.hardware.qccsyshal@1.0::IQccsyshal/qccsyshal must be in VINTF manifest in order to register/get.
01-17 15:31:18.157 E/qccsyshalservice(14179): [ERROR] registerAsService() failed with status: -2147483648
01-17 15:31:18.177 I/init    (    0): Service 'qccsyshalservice' (pid 14179) exited with status 1
01-17 15:31:18.177 I/init    (    0): Sending signal 9 to service 'qccsyshalservice' (pid 14179) process group...
01-17 15:31:18.178 I/libprocessgroup(    0): Successfully killed process cgroup uid 1000 pid 14179 in 1ms
01-17 15:31:18.191 I/init    (    0): starting service 'qccvndhalservice'...
01-17 15:31:18.196 D/SMARTMU (14181): #(14181) [ main.cpp : 25] SmartMU Version , 
01-17 15:31:18.197 E/AsymmetricDecrypt(14181): [AsymmetricDecrypt::acquireKeyFile] KeyPath - /system/vendor/keys/TC52AXANF/proxyframework 
01-17 15:31:18.200 E/AsymmetricDecrypt(14181): [AsymmetricDecrypt::ObtainSeedText] Buffer - Zebra Technologies/TC52AXANF/TC52AX/proxyframework 
01-17 15:31:18.200 E/AsymmetricDecrypt(14181): [AsymmetricDecrypt::NativeAuthenticate] Authentication failed. zDecodedText returned by ReadAndDecodeEncryptedText = Zebra Technologies/TC52AX/TC52AX/proxyframework, zBuf returned by ObtainSeedText = Zebra Technologies/TC52AXANF/TC52AX/proxyframework
01-17 15:31:18.200 D/SMARTMU (14181): #(14181) [ main.cpp : 31] Authentication failed
01-17 15:31:18.233 I/init    (    0): Service 'smartmu' (pid 14181) exited with status 0
01-17 15:31:18.233 I/init    (    0): Sending signal 9 to service 'smartmu' (pid 14181) process group...
01-17 15:31:18.234 I/libprocessgroup(    0): Successfully killed process cgroup uid 0 pid 14181 in 0ms
01-17 15:31:18.299 I/vendor.qti.hardware.qccvndhal@1.0-service(14183): Start with vendor binder
01-17 15:31:18.301 I/vendor.qti.hardware.qccvndhal@1.0-service(14183): Registering qccvndhal service...
01-17 15:31:18.303 I/hwservicemanager(  512): getTransport: Cannot find entry vendor.qti.hardware.qccvndhal@1.0::IQccvndhal/qccvndhal in either framework or device manifest.
01-17 15:31:18.304 E/HidlServiceManagement(14183): Service vendor.qti.hardware.qccvndhal@1.0::IQccvndhal/qccvndhal must be in VINTF manifest in order to register/get.
01-17 15:31:18.305 E/vendor.qti.hardware.qccvndhal@1.0-service(14183): [ERROR] registerAsService() failed with status: -2147483648
01-17 15:31:18.323 I/init    (    0): Service 'qccvndhalservice' (pid 14183) exited with status 1
01-17 15:31:18.323 I/init    (    0): Sending signal 9 to service 'qccvndhalservice' (pid 14183) process group...
01-17 15:31:19.545 D/CompatibilityInfo( 1670): mCompatibilityFlags - 0
01-17 15:31:19.545 D/CompatibilityInfo( 1670): applicationDensity - 480
01-17 15:31:19.545 D/CompatibilityInfo( 1670): applicationScale - 1.0
01-17 15:31:19.551 I/NextSubtest service( 6187): hit
01-17 15:31:19.563 E/        (    0): [SDL] misc_ioctl msg.len is 3 : 0x58 0x00 0xa8
01-17 15:31:19.564 E/        (    0): [SDL] misc_ioctl msg.len is 2 : 0xa7 0x00
01-17 15:31:19.568 E/        (    0): [SDL] misc_ioctl msg.len is 3 : 0x77 0x03 0x86
01-17 15:31:19.573 E/        (    0): [SDL] misc_ioctl msg.len is 2 : 0x88 0x00
01-17 15:31:19.578 E/        (    0): [SDL] misc_ioctl msg.len is 3 : 0x77 0x08 0x81
01-17 15:31:19.583 E/        (    0): [SDL] misc_ioctl msg.len is 2 : 0x88 0x00
01-17 15:31:19.589 E/        (    0): [SDL] misc_ioctl msg.len is 3 : 0x58 0x00 0xa8
01-17 15:31:19.594 E/        (    0): [SDL] misc_ioctl msg.len is 2 : 0xa7 0x00
