01-17 15:40:39.406 I/QCamera (  722): <MCI><INFO> mm_stream_read_msm_frame: 1770: VIDIOC_DQBUF buf_index 12, frame_idx 48, stream type 7, rc 0,queued: 17, buf_type = 0 flags = 8192 FD = 69 my_num 0 buf fd 106
01-17 15:40:39.407 E/QCamera (  722): <MCI><ERROR> mm_stream_read_msm_frame: 1790: X rc = 0
01-17 15:40:39.407 I/QCamera (  722): <MCI><INFO> mm_stream_handle_rcvd_buf: 220: E, my_handle = 0xc000, fd = 69, state = 6
01-17 15:40:39.407 I/QCamera (  722): <MCI><INFO> mm_stream_handle_rcvd_buf: 244: has cb and it is active by blackjoe
01-17 15:40:39.407 I/QCamera (  722): <MCI><INFO> mm_stream_dispatch_app_data: 415: E, my_handle = 0xc000, fd = 69, state = 6
01-17 15:40:39.408 I/QCamera (  722): <MCI><INFO> mm_stream_dispatch_app_data: 436: frame_sync.is_active = 0, is_cb_active = 1
01-17 15:40:39.408 I/QCamera (  722): <MCI><INFO> mm_stream_dispatch_app_data: 457: Enter callback by blackjoe
01-17 15:40:39.412 E/mm-camera(  722): <STATS_AIS ><ERROR> 1316: dsps_process_response_gyro: Query request denied, error code = 5, QId_valid = 1, QueryId = 0x310a, AckNak_valid = 1, AckNak = 3
01-17 15:40:39.415 E/mm-camera(  722): <MCT   ><ERROR> 4828: mct_pipeline_process_serv_msg: pipeline blackjoe data->sessionid 3 pipeline->session 3 msgid 3
01-17 15:40:39.415 E/mm-camera(  722): <MCT   ><ERROR> 4299: mct_pipeline_process_set: command is 0x8000014 blackjoe CAM_PRIV_PARM 0x8000014
01-17 15:40:39.416 E/QCamera (  722): <MCI><ERROR> mm_stream_data_notify: 337: E, my_handle = 0xc101, fd = 78, state = 6 blackjoe
01-17 15:40:39.416 E/QCamera (  722): <MCI><ERROR> mm_stream_read_msm_frame: 1723: E, my_handle = 0xc101, fd = 78, state = 6 blackjoe
01-17 15:40:39.417 E/mm-camera(  722): <SENSOR><ERROR> 4883: sensor_get_frame_duration: resolution is invalid, it seems stream has stopped.
01-17 15:40:39.417 I/QCamera (  722): <MCI><INFO> mm_stream_read_msm_frame: 1770: VIDIOC_DQBUF buf_index 10, frame_idx 49, stream type 8, rc 0,queued: 5, buf_type = 0 flags = 8192 FD = 78 my_num 0 buf fd 137
01-17 15:40:39.417 E/mm-camera(  722): <SENSOR><ERROR> 884: sensor_fc_report_meta: Failed to get frame duration
01-17 15:40:39.417 E/QCamera (  722): <MCI><ERROR> mm_stream_read_msm_frame: 1790: X rc = 0
01-17 15:40:39.417 E/mm-camera(  722): <SENSOR><ERROR> 4805: sensor_get_exposure_time: resolution is invalid, it seems stream has stopped.
01-17 15:40:39.417 I/QCamera (  722): <MCI><INFO> mm_stream_handle_rcvd_buf: 220: E, my_handle = 0xc101, fd = 78, state = 6
01-17 15:40:39.417 E/mm-camera(  722): <SENSOR><ERROR> 904: sensor_fc_report_meta: Failed to get exposure time
01-17 15:40:39.417 I/QCamera (  722): <MCI><INFO> mm_stream_handle_rcvd_buf: 244: has cb and it is active by blackjoe
01-17 15:40:39.418 I/QCamera (  722): <MCI><INFO> mm_stream_dispatch_app_data: 415: E, my_handle = 0xc101, fd = 78, state = 6
01-17 15:40:39.418 I/QCamera (  722): <MCI><INFO> mm_stream_dispatch_app_data: 436: frame_sync.is_active = 0, is_cb_active = 1
01-17 15:40:39.418 I/QCamera (  722): <MCI><INFO> mm_stream_dispatch_app_data: 457: Enter callback by blackjoe
01-17 15:40:39.418 E/mm-camera(  722): <MCT   ><ERROR> 2722: mct_stream_process_bus_msg: Check the runing function blackjoe 
01-17 15:40:39.418 E/mm-camera(  722): <MCT   ><ERROR> 2755: mct_stream_process_bus_msg: isp_sof_bus_msg is 0xecac0b50
01-17 15:40:39.418 E/mm-camera(  722): <MCT   ><ERROR> 2757: mct_stream_process_bus_msg: frameid is 50 hal_version is 3
01-17 15:40:39.419 E/mm-camera(  722): <MCT   ><ERROR> 2759: mct_stream_process_bus_msg: kstate_ptr is 0xe9d487d4, isp_kstate_ptr is 0xeda49000
01-17 15:40:39.419 E/mm-camera(  722): <MCT   ><ERROR> 2765: mct_stream_process_bus_msg: frame_id is 50
01-17 15:40:39.419 E/QCamera (  722): <MCI><ERROR> mm_stream_data_notify: 337: E, my_handle = 0xc000, fd = 69, state = 6 blackjoe
01-17 15:40:39.419 E/QCamera (  722): <MCI><ERROR> mm_stream_read_msm_frame: 1723: E, my_handle = 0xc000, fd = 69, state = 6 blackjoe
01-17 15:40:39.420 I/QCamera (  722): <MCI><INFO> mm_stream_read_msm_frame: 1770: VIDIOC_DQBUF buf_index 13, frame_idx 49, stream type 7, rc 0,queued: 17, buf_type = 0 flags = 8192 FD = 69 my_num 0 buf fd 108
01-17 15:40:39.420 E/QCamera (  722): <MCI><ERROR> mm_stream_read_msm_frame: 1790: X rc = 0
01-17 15:40:39.420 I/QCamera (  722): <MCI><INFO> mm_stream_handle_rcvd_buf: 220: E, my_handle = 0xc000, fd = 69, state = 6
01-17 15:40:39.420 I/QCamera (  722): <MCI><INFO> mm_stream_handle_rcvd_buf: 244: has cb and it is active by blackjoe
01-17 15:40:39.420 I/QCamera (  722): <MCI><INFO> mm_stream_dispatch_app_data: 415: E, my_handle = 0xc000, fd = 69, state = 6
01-17 15:40:39.421 I/QCamera (  722): <MCI><INFO> mm_stream_dispatch_app_data: 436: frame_sync.is_active = 0, is_cb_active = 1
01-17 15:40:39.421 I/QCamera (  722): <MCI><INFO> mm_stream_dispatch_app_data: 457: Enter callback by blackjoe
01-17 15:40:39.421 E/mm-camera(  722): <STATS_AIS ><ERROR> 1316: dsps_process_response_gyro: Query request denied, error code = 5, QId_valid = 1, QueryId = 0x320a, AckNak_valid = 1, AckNak = 3
01-17 15:40:39.427 E/mm-camera(  722): <MCT   ><ERROR> 4828: mct_pipeline_process_serv_msg: pipeline blackjoe data->sessionid 3 pipeline->session 3 msgid 3
01-17 15:40:39.427 E/mm-camera(  722): <MCT   ><ERROR> 4299: mct_pipeline_process_set: command is 0x8000014 blackjoe CAM_PRIV_PARM 0x8000014
01-17 15:40:39.427 E/        (    0): frame_src is 1 frame_id is 50 blackjoe
01-17 15:40:39.443 E/        (    0): frame_src is 1 frame_id is 51 blackjoe
01-17 15:40:39.433 E/QCamera (  722): <MCI><ERROR> mm_stream_data_notify: 337: E, my_handle = 0xc101, fd = 78, state = 6 blackjoe
01-17 15:40:39.433 E/QCamera (  722): <MCI><ERROR> mm_stream_read_msm_frame: 1723: E, my_handle = 0xc101, fd = 78, state = 6 blackjoe
01-17 15:40:39.434 E/mm-camera(  722): <SENSOR><ERROR> 4883: sensor_get_frame_duration: resolution is invalid, it seems stream has stopped.
01-17 15:40:39.434 I/QCamera (  722): <MCI><INFO> mm_stream_read_msm_frame: 1770: VIDIOC_DQBUF buf_index 11, frame_idx 50, stream type 8, rc 0,queued: 5, buf_type = 0 flags = 8192 FD = 78 my_num 0 buf fd 140
01-17 15:40:39.434 E/mm-camera(  722): <SENSOR><ERROR> 884: sensor_fc_report_meta: Failed to get frame duration
01-17 15:40:39.434 E/QCamera (  722): <MCI><ERROR> mm_stream_read_msm_frame: 1790: X rc = 0
01-17 15:40:39.434 E/mm-camera(  722): <SENSOR><ERROR> 4805: sensor_get_exposure_time: resolution is invalid, it seems stream has stopped.
01-17 15:40:39.434 I/QCamera (  722): <MCI><INFO> mm_stream_handle_rcvd_buf: 220: E, my_handle = 0xc101, fd = 78, state = 6
01-17 15:40:39.434 E/mm-camera(  722): <SENSOR><ERROR> 904: sensor_fc_report_meta: Failed to get exposure time
01-17 15:40:39.434 I/QCamera (  722): <MCI><INFO> mm_stream_handle_rcvd_buf: 244: has cb and it is active by blackjoe
01-17 15:40:39.435 I/QCamera (  722): <MCI><INFO> mm_stream_dispatch_app_data: 415: E, my_handle = 0xc101, fd = 78, state = 6
01-17 15:40:39.435 I/QCamera (  722): <MCI><INFO> mm_stream_dispatch_app_data: 436: frame_sync.is_active = 0, is_cb_active = 1
01-17 15:40:39.435 E/mm-camera(  722): <MCT   ><ERROR> 2722: mct_stream_process_bus_msg: Check the runing function blackjoe 
01-17 15:40:39.435 I/QCamera (  722): <MCI><INFO> mm_stream_dispatch_app_data: 457: Enter callback by blackjoe
01-17 15:40:39.435 E/mm-camera(  722): <MCT   ><ERROR> 2755: mct_stream_process_bus_msg: isp_sof_bus_msg is 0xecac0b50
01-17 15:40:39.436 E/mm-camera(  722): <MCT   ><ERROR> 2757: mct_stream_process_bus_msg: frameid is 51 hal_version is 3
01-17 15:40:39.436 E/mm-camera(  722): <MCT   ><ERROR> 2759: mct_stream_process_bus_msg: kstate_ptr is 0xe9d487d4, isp_kstate_ptr is 0xeda49000
01-17 15:40:39.436 E/mm-camera(  722): <MCT   ><ERROR> 2765: mct_stream_process_bus_msg: frame_id is 51
01-17 15:40:39.436 E/QCamera (  722): <MCI><ERROR> mm_stream_data_notify: 337: E, my_handle = 0xc000, fd = 69, state = 6 blackjoe
01-17 15:40:39.436 E/QCamera (  722): <MCI><ERROR> mm_stream_read_msm_frame: 1723: E, my_handle = 0xc000, fd = 69, state = 6 blackjoe
01-17 15:40:39.437 I/QCamera (  722): <MCI><INFO> mm_stream_read_msm_frame: 1770: VIDIOC_DQBUF buf_index 14, frame_idx 50, stream type 7, rc 0,queued: 17, buf_type = 0 flags = 8192 FD = 69 my_num 0 buf fd 110
01-17 15:40:39.437 E/QCamera (  722): <MCI><ERROR> mm_stream_read_msm_frame: 1790: X rc = 0
01-17 15:40:39.437 I/QCamera (  722): <MCI><INFO> mm_stream_handle_rcvd_buf: 220: E, my_handle = 0xc000, fd = 69, state = 6
01-17 15:40:39.437 I/QCamera (  722): <MCI><INFO> mm_stream_handle_rcvd_buf: 244: has cb and it is active by blackjoe
01-17 15:40:39.437 I/QCamera (  722): <MCI><INFO> mm_stream_dispatch_app_data: 415: E, my_handle = 0xc000, fd = 69, state = 6
01-17 15:40:39.438 I/QCamera (  722): <MCI><INFO> mm_stream_dispatch_app_data: 436: frame_sync.is_active = 0, is_cb_active = 1
01-17 15:40:39.438 I/QCamera (  722): <MCI><INFO> mm_stream_dispatch_app_data: 457: Enter callback by blackjoe
01-17 15:40:39.439 E/mm-camera(  722): <STATS_AIS ><ERROR> 1316: dsps_process_response_gyro: Query request denied, error code = 5, QId_valid = 1, QueryId = 0x330a, AckNak_valid = 1, AckNak = 3
01-17 15:40:39.448 E/mm-camera(  722): <MCT   ><ERROR> 4828: mct_pipeline_process_serv_msg: pipeline blackjoe data->sessionid 3 pipeline->session 3 msgid 3
01-17 15:40:39.448 E/mm-camera(  722): <MCT   ><ERROR> 4299: mct_pipeline_process_set: command is 0x8000014 blackjoe CAM_PRIV_PARM 0x8000014
01-17 15:40:39.450 E/QCamera (  722): <MCI><ERROR> mm_stream_data_notify: 337: E, my_handle = 0xc101, fd = 78, state = 6 blackjoe
01-17 15:40:39.450 E/mm-camera(  722): <SENSOR><ERROR> 4883: sensor_get_frame_duration: resolution is invalid, it seems stream has stopped.
01-17 15:40:39.450 E/QCamera (  722): <MCI><ERROR> mm_stream_read_msm_frame: 1723: E, my_handle = 0xc101, fd = 78, state = 6 blackjoe
01-17 15:40:39.450 E/mm-camera(  722): <SENSOR><ERROR> 884: sensor_fc_report_meta: Failed to get frame duration
01-17 15:40:39.450 E/mm-camera(  722): <SENSOR><ERROR> 4805: sensor_get_exposure_time: resolution is invalid, it seems stream has stopped.
01-17 15:40:39.451 E/mm-camera(  722): <SENSOR><ERROR> 904: sensor_fc_report_meta: Failed to get exposure time
01-17 15:40:39.451 I/QCamera (  722): <MCI><INFO> mm_stream_read_msm_frame: 1770: VIDIOC_DQBUF buf_index 6, frame_idx 51, stream type 8, rc 0,queued: 5, buf_type = 0 flags = 8192 FD = 78 my_num 0 buf fd 76
01-17 15:40:39.451 E/QCamera (  722): <MCI><ERROR> mm_stream_read_msm_frame: 1790: X rc = 0
01-17 15:40:39.451 I/QCamera (  722): <MCI><INFO> mm_stream_handle_rcvd_buf: 220: E, my_handle = 0xc101, fd = 78, state = 6
01-17 15:40:39.451 I/QCamera (  722): <MCI><INFO> mm_stream_handle_rcvd_buf: 244: has cb and it is active by blackjoe
01-17 15:40:39.451 E/mm-camera(  722): <MCT   ><ERROR> 2722: mct_stream_process_bus_msg: Check the runing function blackjoe 
01-17 15:40:39.451 I/QCamera (  722): <MCI><INFO> mm_stream_dispatch_app_data: 415: E, my_handle = 0xc101, fd = 78, state = 6
01-17 15:40:39.452 E/mm-camera(  722): <MCT   ><ERROR> 2755: mct_stream_process_bus_msg: isp_sof_bus_msg is 0xecac0b50
01-17 15:40:39.452 I/QCamera (  722): <MCI><INFO> mm_stream_dispatch_app_data: 436: frame_sync.is_active = 0, is_cb_active = 1
01-17 15:40:39.452 E/mm-camera(  722): <MCT   ><ERROR> 2757: mct_stream_process_bus_msg: frameid is 52 hal_version is 3
01-17 15:40:39.452 I/QCamera (  722): <MCI><INFO> mm_stream_dispatch_app_data: 457: Enter callback by blackjoe
01-17 15:40:39.460 E/        (    0): frame_src is 1 frame_id is 52 blackjoe
01-17 15:40:39.452 E/mm-camera(  722): <MCT   ><ERROR> 2759: mct_stream_process_bus_msg: kstate_ptr is 0xe9d487d4, isp_kstate_ptr is 0xeda49000
01-17 15:40:39.452 E/mm-camera(  722): <MCT   ><ERROR> 2765: mct_stream_process_bus_msg: frame_id is 52
01-17 15:40:39.452 E/QCamera (  722): <MCI><ERROR> mm_stream_data_notify: 337: E, my_handle = 0xc000, fd = 69, state = 6 blackjoe
01-17 15:40:39.453 E/QCamera (  722): <MCI><ERROR> mm_stream_read_msm_frame: 1723: E, my_handle = 0xc000, fd = 69, state = 6 blackjoe
01-17 15:40:39.453 I/QCamera (  722): <MCI><INFO> mm_stream_read_msm_frame: 1770: VIDIOC_DQBUF buf_index 15, frame_idx 51, stream type 7, rc 0,queued: 17, buf_type = 0 flags = 8192 FD = 69 my_num 0 buf fd 112
01-17 15:40:39.453 E/QCamera (  722): <MCI><ERROR> mm_stream_read_msm_frame: 1790: X rc = 0
01-17 15:40:39.453 I/QCamera (  722): <MCI><INFO> mm_stream_handle_rcvd_buf: 220: E, my_handle = 0xc000, fd = 69, state = 6
01-17 15:40:39.453 I/QCamera (  722): <MCI><INFO> mm_stream_handle_rcvd_buf: 244: has cb and it is active by blackjoe
01-17 15:40:39.454 I/QCamera (  722): <MCI><INFO> mm_stream_dispatch_app_data: 415: E, my_handle = 0xc000, fd = 69, state = 6
01-17 15:40:39.456 E/mm-camera(  722): <STATS_AIS ><ERROR> 1316: dsps_process_response_gyro: Query request denied, error code = 5, QId_valid = 1, QueryId = 0x340a, AckNak_valid = 1, AckNak = 3
01-17 15:40:39.454 I/QCamera (  722): <MCI><INFO> mm_stream_dispatch_app_data: 436: frame_sync.is_active = 0, is_cb_active = 1
01-17 15:40:39.456 I/QCamera (  722): <MCI><INFO> mm_stream_dispatch_app_data: 457: Enter callback by blackjoe
01-17 15:40:39.463 E/mm-camera(  722): <MCT   ><ERROR> 4828: mct_pipeline_process_serv_msg: pipeline blackjoe data->sessionid 3 pipeline->session 3 msgid 3
01-17 15:40:39.463 E/mm-camera(  722): <MCT   ><ERROR> 4299: mct_pipeline_process_set: command is 0x8000014 blackjoe CAM_PRIV_PARM 0x8000014
01-17 15:40:39.476 E/        (    0): frame_src is 1 frame_id is 53 blackjoe
01-17 15:40:39.466 E/QCamera (  722): <MCI><ERROR> mm_stream_data_notify: 337: E, my_handle = 0xc101, fd = 78, state = 6 blackjoe
01-17 15:40:39.466 E/QCamera (  722): <MCI><ERROR> mm_stream_read_msm_frame: 1723: E, my_handle = 0xc101, fd = 78, state = 6 blackjoe
01-17 15:40:39.467 I/QCamera (  722): <MCI><INFO> mm_stream_read_msm_frame: 1770: VIDIOC_DQBUF buf_index 7, frame_idx 52, stream type 8, rc 0,queued: 5, buf_type = 0 flags = 8192 FD = 78 my_num 0 buf fd 126
01-17 15:40:39.467 E/QCamera (  722): <MCI><ERROR> mm_stream_read_msm_frame: 1790: X rc = 0
01-17 15:40:39.467 I/QCamera (  722): <MCI><INFO> mm_stream_handle_rcvd_buf: 220: E, my_handle = 0xc101, fd = 78, state = 6
01-17 15:40:39.467 I/QCamera (  722): <MCI><INFO> mm_stream_handle_rcvd_buf: 244: has cb and it is active by blackjoe
01-17 15:40:39.467 I/QCamera (  722): <MCI><INFO> mm_stream_dispatch_app_data: 415: E, my_handle = 0xc101, fd = 78, state = 6
01-17 15:40:39.468 I/QCamera (  722): <MCI><INFO> mm_stream_dispatch_app_data: 436: frame_sync.is_active = 0, is_cb_active = 1
01-17 15:40:39.468 I/QCamera (  722): <MCI><INFO> mm_stream_dispatch_app_data: 457: Enter callback by blackjoe
01-17 15:40:39.468 E/mm-camera(  722): <SENSOR><ERROR> 4883: sensor_get_frame_duration: resolution is invalid, it seems stream has stopped.
01-17 15:40:39.468 E/mm-camera(  722): <SENSOR><ERROR> 884: sensor_fc_report_meta: Failed to get frame duration
01-17 15:40:39.468 E/mm-camera(  722): <SENSOR><ERROR> 4805: sensor_get_exposure_time: resolution is invalid, it seems stream has stopped.
01-17 15:40:39.468 E/mm-camera(  722): <SENSOR><ERROR> 904: sensor_fc_report_meta: Failed to get exposure time
01-17 15:40:39.469 E/mm-camera(  722): <MCT   ><ERROR> 2722: mct_stream_process_bus_msg: Check the runing function blackjoe 
01-17 15:40:39.469 E/mm-camera(  722): <MCT   ><ERROR> 2755: mct_stream_process_bus_msg: isp_sof_bus_msg is 0xecac0b50
01-17 15:40:39.470 E/mm-camera(  722): <MCT   ><ERROR> 2757: mct_stream_process_bus_msg: frameid is 53 hal_version is 3
01-17 15:40:39.470 E/mm-camera(  722): <MCT   ><ERROR> 2759: mct_stream_process_bus_msg: kstate_ptr is 0xe9d487d4, isp_kstate_ptr is 0xeda49000
01-17 15:40:39.470 E/mm-camera(  722): <MCT   ><ERROR> 2765: mct_stream_process_bus_msg: frame_id is 53
01-17 15:40:39.470 E/QCamera (  722): <MCI><ERROR> mm_stream_data_notify: 337: E, my_handle = 0xc000, fd = 69, state = 6 blackjoe
01-17 15:40:39.470 E/QCamera (  722): <MCI><ERROR> mm_stream_read_msm_frame: 1723: E, my_handle = 0xc000, fd = 69, state = 6 blackjoe
01-17 15:40:39.471 I/QCamera (  722): <MCI><INFO> mm_stream_read_msm_frame: 1770: VIDIOC_DQBUF buf_index 16, frame_idx 52, stream type 7, rc 0,queued: 17, buf_type = 0 flags = 8192 FD = 69 my_num 0 buf fd 114
01-17 15:40:39.471 E/QCamera (  722): <MCI><ERROR> mm_stream_read_msm_frame: 1790: X rc = 0
01-17 15:40:39.471 I/QCamera (  722): <MCI><INFO> mm_stream_handle_rcvd_buf: 220: E, my_handle = 0xc000, fd = 69, state = 6
01-17 15:40:39.471 I/QCamera (  722): <MCI><INFO> mm_stream_handle_rcvd_buf: 244: has cb and it is active by blackjoe
01-17 15:40:39.471 I/QCamera (  722): <MCI><INFO> mm_stream_dispatch_app_data: 415: E, my_handle = 0xc000, fd = 69, state = 6
01-17 15:40:39.472 I/QCamera (  722): <MCI><INFO> mm_stream_dispatch_app_data: 436: frame_sync.is_active = 0, is_cb_active = 1
01-17 15:40:39.472 I/QCamera (  722): <MCI><INFO> mm_stream_dispatch_app_data: 457: Enter callback by blackjoe
01-17 15:40:39.474 E/mm-camera(  722): <STATS_AIS ><ERROR> 1316: dsps_process_response_gyro: Query request denied, error code = 5, QId_valid = 1, QueryId = 0x350a, AckNak_valid = 1, AckNak = 3
01-17 15:40:39.483 E/mm-camera(  722): <MCT   ><ERROR> 4828: mct_pipeline_process_serv_msg: pipeline blackjoe data->sessionid 3 pipeline->session 3 msgid 3
01-17 15:40:39.483 E/mm-camera(  722): <MCT   ><ERROR> 4299: mct_pipeline_process_set: command is 0x8000014 blackjoe CAM_PRIV_PARM 0x8000014
01-17 15:40:39.483 E/QCamera (  722): <MCI><ERROR> mm_stream_data_notify: 337: E, my_handle = 0xc101, fd = 78, state = 6 blackjoe
01-17 15:40:39.483 E/QCamera (  722): <MCI><ERROR> mm_stream_read_msm_frame: 1723: E, my_handle = 0xc101, fd = 78, state = 6 blackjoe
01-17 15:40:39.484 I/QCamera (  722): <MCI><INFO> mm_stream_read_msm_frame: 1770: VIDIOC_DQBUF buf_index 8, frame_idx 53, stream type 8, rc 0,queued: 5, buf_type = 0 flags = 8192 FD = 78 my_num 0 buf fd 133
01-17 15:40:39.494 E/        (    0): frame_src is 1 frame_id is 54 blackjoe
01-17 15:40:39.484 E/mm-camera(  722): <SENSOR><ERROR> 4883: sensor_get_frame_duration: resolution is invalid, it seems stream has stopped.
01-17 15:40:39.484 E/QCamera (  722): <MCI><ERROR> mm_stream_read_msm_frame: 1790: X rc = 0
01-17 15:40:39.484 I/QCamera (  722): <MCI><INFO> mm_stream_handle_rcvd_buf: 220: E, my_handle = 0xc101, fd = 78, state = 6
01-17 15:40:39.484 E/mm-camera(  722): <SENSOR><ERROR> 884: sensor_fc_report_meta: Failed to get frame duration
01-17 15:40:39.484 I/QCamera (  722): <MCI><INFO> mm_stream_handle_rcvd_buf: 244: has cb and it is active by blackjoe
01-17 15:40:39.484 E/mm-camera(  722): <SENSOR><ERROR> 4805: sensor_get_exposure_time: resolution is invalid, it seems stream has stopped.
01-17 15:40:39.484 E/mm-camera(  722): <SENSOR><ERROR> 904: sensor_fc_report_meta: Failed to get exposure time
01-17 15:40:39.484 I/QCamera (  722): <MCI><INFO> mm_stream_dispatch_app_data: 415: E, my_handle = 0xc101, fd = 78, state = 6
01-17 15:40:39.485 I/QCamera (  722): <MCI><INFO> mm_stream_dispatch_app_data: 436: frame_sync.is_active = 0, is_cb_active = 1
01-17 15:40:39.485 I/QCamera (  722): <MCI><INFO> mm_stream_dispatch_app_data: 457: Enter callback by blackjoe
01-17 15:40:39.485 E/mm-camera(  722): <MCT   ><ERROR> 2722: mct_stream_process_bus_msg: Check the runing function blackjoe 
01-17 15:40:39.485 E/mm-camera(  722): <MCT   ><ERROR> 2755: mct_stream_process_bus_msg: isp_sof_bus_msg is 0xecac0b50
01-17 15:40:39.485 E/mm-camera(  722): <MCT   ><ERROR> 2757: mct_stream_process_bus_msg: frameid is 54 hal_version is 3
01-17 15:40:39.486 E/mm-camera(  722): <MCT   ><ERROR> 2759: mct_stream_process_bus_msg: kstate_ptr is 0xe9d487d4, isp_kstate_ptr is 0xeda49000
01-17 15:40:39.486 E/mm-camera(  722): <MCT   ><ERROR> 2765: mct_stream_process_bus_msg: frame_id is 54
01-17 15:40:39.486 E/QCamera (  722): <MCI><ERROR> mm_stream_data_notify: 337: E, my_handle = 0xc000, fd = 69, state = 6 blackjoe
01-17 15:40:39.486 E/QCamera (  722): <MCI><ERROR> mm_stream_read_msm_frame: 1723: E, my_handle = 0xc000, fd = 69, state = 6 blackjoe
01-17 15:40:39.487 I/QCamera (  722): <MCI><INFO> mm_stream_read_msm_frame: 1770: VIDIOC_DQBUF buf_index 17, frame_idx 53, stream type 7, rc 0,queued: 17, buf_type = 0 flags = 8192 FD = 69 my_num 0 buf fd 117
01-17 15:40:39.487 E/QCamera (  722): <MCI><ERROR> mm_stream_read_msm_frame: 1790: X rc = 0
01-17 15:40:39.487 I/QCamera (  722): <MCI><INFO> mm_stream_handle_rcvd_buf: 220: E, my_handle = 0xc000, fd = 69, state = 6
01-17 15:40:39.487 I/QCamera (  722): <MCI><INFO> mm_stream_handle_rcvd_buf: 244: has cb and it is active by blackjoe
01-17 15:40:39.487 I/QCamera (  722): <MCI><INFO> mm_stream_dispatch_app_data: 415: E, my_handle = 0xc000, fd = 69, state = 6
01-17 15:40:39.488 I/QCamera (  722): <MCI><INFO> mm_stream_dispatch_app_data: 436: frame_sync.is_active = 0, is_cb_active = 1
01-17 15:40:39.488 I/QCamera (  722): <MCI><INFO> mm_stream_dispatch_app_data: 457: Enter callback by blackjoe
01-17 15:40:39.490 E/mm-camera(  722): <STATS_AIS ><ERROR> 1316: dsps_process_response_gyro: Query request denied, error code = 5, QId_valid = 1, QueryId = 0x360a, AckNak_valid = 1, AckNak = 3
01-17 15:40:39.496 E/mm-camera(  722): <MCT   ><ERROR> 4828: mct_pipeline_process_serv_msg: pipeline blackjoe data->sessionid 3 pipeline->session 3 msgid 3
01-17 15:40:39.497 E/mm-camera(  722): <MCT   ><ERROR> 4299: mct_pipeline_process_set: command is 0x8000014 blackjoe CAM_PRIV_PARM 0x8000014
01-17 15:40:39.500 E/QCamera (  722): <MCI><ERROR> mm_stream_data_notify: 337: E, my_handle = 0xc101, fd = 78, state = 6 blackjoe
01-17 15:40:39.500 E/QCamera (  722): <MCI><ERROR> mm_stream_read_msm_frame: 1723: E, my_handle = 0xc101, fd = 78, state = 6 blackjoe
01-17 15:40:39.500 E/mm-camera(  722): <SENSOR><ERROR> 4883: sensor_get_frame_duration: resolution is invalid, it seems stream has stopped.
01-17 15:40:39.500 I/QCamera (  722): <MCI><INFO> mm_stream_read_msm_frame: 1770: VIDIOC_DQBUF buf_index 9, frame_idx 54, stream type 8, rc 0,queued: 5, buf_type = 0 flags = 8192 FD = 78 my_num 0 buf fd 129
01-17 15:40:39.500 E/mm-camera(  722): <SENSOR><ERROR> 884: sensor_fc_report_meta: Failed to get frame duration
01-17 15:40:39.500 E/QCamera (  722): <MCI><ERROR> mm_stream_read_msm_frame: 1790: X rc = 0
01-17 15:40:39.500 E/mm-camera(  722): <SENSOR><ERROR> 4805: sensor_get_exposure_time: resolution is invalid, it seems stream has stopped.
01-17 15:40:39.501 I/QCamera (  722): <MCI><INFO> mm_stream_handle_rcvd_buf: 220: E, my_handle = 0xc101, fd = 78, state = 6
01-17 15:40:39.501 E/mm-camera(  722): <SENSOR><ERROR> 904: sensor_fc_report_meta: Failed to get exposure time
01-17 15:40:39.501 I/QCamera (  722): <MCI><INFO> mm_stream_handle_rcvd_buf: 244: has cb and it is active by blackjoe
01-17 15:40:39.501 I/QCamera (  722): <MCI><INFO> mm_stream_dispatch_app_data: 415: E, my_handle = 0xc101, fd = 78, state = 6
01-17 15:40:39.501 I/QCamera (  722): <MCI><INFO> mm_stream_dispatch_app_data: 436: frame_sync.is_active = 0, is_cb_active = 1
01-17 15:40:39.501 I/QCamera (  722): <MCI><INFO> mm_stream_dispatch_app_data: 457: Enter callback by blackjoe
01-17 15:40:39.501 E/mm-camera(  722): <MCT   ><ERROR> 2722: mct_stream_process_bus_msg: Check the runing function blackjoe 
01-17 15:40:39.502 E/mm-camera(  722): <MCT   ><ERROR> 2755: mct_stream_process_bus_msg: isp_sof_bus_msg is 0xecac0b50
01-17 15:40:39.502 E/mm-camera(  722): <MCT   ><ERROR> 2757: mct_stream_process_bus_msg: frameid is 55 hal_version is 3
01-17 15:40:39.510 E/        (    0): frame_src is 1 frame_id is 55 blackjoe
01-17 15:40:39.502 E/mm-camera(  722): <MCT   ><ERROR> 2759: mct_stream_process_bus_msg: kstate_ptr is 0xe9d487d4, isp_kstate_ptr is 0xeda49000
01-17 15:40:39.514 D/logd    (    0): logdr: UID=0 GID=0 PID=16798 n tail=0 logMask=99 pid=0 start=0ns timeout=0ns
01-17 15:40:39.502 E/mm-camera(  722): <MCT   ><ERROR> 2765: mct_stream_process_bus_msg: frame_id is 55
01-17 15:40:39.502 E/QCamera (  722): <MCI><ERROR> mm_stream_data_notify: 337: E, my_handle = 0xc000, fd = 69, state = 6 blackjoe
01-17 15:40:39.503 E/QCamera (  722): <MCI><ERROR> mm_stream_read_msm_frame: 1723: E, my_handle = 0xc000, fd = 69, state = 6 blackjoe
01-17 15:40:39.503 I/QCamera (  722): <MCI><INFO> mm_stream_read_msm_frame: 1770: VIDIOC_DQBUF buf_index 0, frame_idx 54, stream type 7, rc 0,queued: 17, buf_type = 0 flags = 8192 FD = 69 my_num 0 buf fd 82
01-17 15:40:39.503 E/QCamera (  722): <MCI><ERROR> mm_stream_read_msm_frame: 1790: X rc = 0
01-17 15:40:39.503 I/QCamera (  722): <MCI><INFO> mm_stream_handle_rcvd_buf: 220: E, my_handle = 0xc000, fd = 69, state = 6
01-17 15:40:39.503 I/QCamera (  722): <MCI><INFO> mm_stream_handle_rcvd_buf: 244: has cb and it is active by blackjoe
01-17 15:40:39.504 I/QCamera (  722): <MCI><INFO> mm_stream_dispatch_app_data: 415: E, my_handle = 0xc000, fd = 69, state = 6
01-17 15:40:39.504 I/QCamera (  722): <MCI><INFO> mm_stream_dispatch_app_data: 436: frame_sync.is_active = 0, is_cb_active = 1
01-17 15:40:39.504 I/QCamera (  722): <MCI><INFO> mm_stream_dispatch_app_data: 457: Enter callback by blackjoe
01-17 15:40:39.507 E/mm-camera(  722): <STATS_AIS ><ERROR> 1316: dsps_process_response_gyro: Query request denied, error code = 5, QId_valid = 1, QueryId = 0x370a, AckNak_valid = 1, AckNak = 3
01-17 15:40:39.512 E/mm-camera(  722): <MCT   ><ERROR> 4828: mct_pipeline_process_serv_msg: pipeline blackjoe data->sessionid 3 pipeline->session 3 msgid 3
01-17 15:40:39.512 E/mm-camera(  722): <MCT   ><ERROR> 4299: mct_pipeline_process_set: command is 0x8000014 blackjoe CAM_PRIV_PARM 0x8000014
01-17 15:40:39.516 E/QCamera (  722): <MCI><ERROR> mm_stream_data_notify: 337: E, my_handle = 0xc101, fd = 78, state = 6 blackjoe
01-17 15:40:39.516 E/QCamera (  722): <MCI><ERROR> mm_stream_read_msm_frame: 1723: E, my_handle = 0xc101, fd = 78, state = 6 blackjoe
01-17 15:40:39.517 E/mm-camera(  722): <SENSOR><ERROR> 4883: sensor_get_frame_duration: resolution is invalid, it seems stream has stopped.
01-17 15:40:39.517 I/QCamera (  722): <MCI><INFO> mm_stream_read_msm_frame: 1770: VIDIOC_DQBUF buf_index 10, frame_idx 55, stream type 8, rc 0,queued: 5, buf_type = 0 flags = 8192 FD = 78 my_num 0 buf fd 134
01-17 15:40:39.517 E/mm-camera(  722): <SENSOR><ERROR> 884: sensor_fc_report_meta: Failed to get frame duration
01-17 15:40:39.517 E/QCamera (  722): <MCI><ERROR> mm_stream_read_msm_frame: 1790: X rc = 0
01-17 15:40:39.517 E/mm-camera(  722): <SENSOR><ERROR> 4805: sensor_get_exposure_time: resolution is invalid, it seems stream has stopped.
01-17 15:40:39.517 I/QCamera (  722): <MCI><INFO> mm_stream_handle_rcvd_buf: 220: E, my_handle = 0xc101, fd = 78, state = 6
01-17 15:40:39.517 E/mm-camera(  722): <SENSOR><ERROR> 904: sensor_fc_report_meta: Failed to get exposure time
01-17 15:40:39.517 I/QCamera (  722): <MCI><INFO> mm_stream_handle_rcvd_buf: 244: has cb and it is active by blackjoe
01-17 15:40:39.517 I/QCamera (  722): <MCI><INFO> mm_stream_dispatch_app_data: 415: E, my_handle = 0xc101, fd = 78, state = 6
01-17 15:40:39.517 I/QCamera (  722): <MCI><INFO> mm_stream_dispatch_app_data: 436: frame_sync.is_active = 0, is_cb_active = 1
01-17 15:40:39.518 I/QCamera (  722): <MCI><INFO> mm_stream_dispatch_app_data: 457: Enter callback by blackjoe
01-17 15:40:39.518 E/mm-camera(  722): <MCT   ><ERROR> 2722: mct_stream_process_bus_msg: Check the runing function blackjoe 
01-17 15:40:39.518 E/mm-camera(  722): <MCT   ><ERROR> 2755: mct_stream_process_bus_msg: isp_sof_bus_msg is 0xecac0b50
01-17 15:40:39.518 E/mm-camera(  722): <MCT   ><ERROR> 2757: mct_stream_process_bus_msg: frameid is 56 hal_version is 3
01-17 15:40:39.518 E/mm-camera(  722): <MCT   ><ERROR> 2759: mct_stream_process_bus_msg: kstate_ptr is 0xe9d487d4, isp_kstate_ptr is 0xeda49000
01-17 15:40:39.518 E/mm-camera(  722): <MCT   ><ERROR> 2765: mct_stream_process_bus_msg: frame_id is 56
01-17 15:40:39.519 E/QCamera (  722): <MCI><ERROR> mm_stream_data_notify: 337: E, my_handle = 0xc000, fd = 69, state = 6 blackjoe
01-17 15:40:39.519 E/QCamera (  722): <MCI><ERROR> mm_stream_read_msm_frame: 1723: E, my_handle = 0xc000, fd = 69, state = 6 blackjoe
01-17 15:40:39.519 I/QCamera (  722): <MCI><INFO> mm_stream_read_msm_frame: 1770: VIDIOC_DQBUF buf_index 1, frame_idx 55, stream type 7, rc 0,queued: 17, buf_type = 0 flags = 8192 FD = 69 my_num 0 buf fd 84
01-17 15:40:39.520 E/QCamera (  722): <MCI><ERROR> mm_stream_read_msm_frame: 1790: X rc = 0
01-17 15:40:39.520 I/QCamera (  722): <MCI><INFO> mm_stream_handle_rcvd_buf: 220: E, my_handle = 0xc000, fd = 69, state = 6
01-17 15:40:39.520 I/QCamera (  722): <MCI><INFO> mm_stream_handle_rcvd_buf: 244: has cb and it is active by blackjoe
01-17 15:40:39.520 I/QCamera (  722): <MCI><INFO> mm_stream_dispatch_app_data: 415: E, my_handle = 0xc000, fd = 69, state = 6
01-17 15:40:39.521 I/QCamera (  722): <MCI><INFO> mm_stream_dispatch_app_data: 436: frame_sync.is_active = 0, is_cb_active = 1
01-17 15:40:39.521 I/QCamera (  722): <MCI><INFO> mm_stream_dispatch_app_data: 457: Enter callback by blackjoe
01-17 15:40:39.523 E/mm-camera(  722): <STATS_AIS ><ERROR> 1316: dsps_process_response_gyro: Query request denied, error code = 5, QId_valid = 1, QueryId = 0x380a, AckNak_valid = 1, AckNak = 3
01-17 15:40:39.526 E/        (    0): frame_src is 1 frame_id is 56 blackjoe
01-17 15:40:39.543 E/        (    0): frame_src is 1 frame_id is 57 blackjoe
01-17 15:40:39.532 E/QCamera (  722): <MCI><ERROR> mm_stream_data_notify: 337: E, my_handle = 0xc101, fd = 78, state = 6 blackjoe
01-17 15:40:39.533 E/QCamera (  722): <MCI><ERROR> mm_stream_read_msm_frame: 1723: E, my_handle = 0xc101, fd = 78, state = 6 blackjoe
01-17 15:40:39.533 E/mm-camera(  722): <SENSOR><ERROR> 4883: sensor_get_frame_duration: resolution is invalid, it seems stream has stopped.
01-17 15:40:39.533 I/QCamera (  722): <MCI><INFO> mm_stream_read_msm_frame: 1770: VIDIOC_DQBUF buf_index 11, frame_idx 56, stream type 8, rc 0,queued: 5, buf_type = 0 flags = 8192 FD = 78 my_num 0 buf fd 137
01-17 15:40:39.533 E/mm-camera(  722): <SENSOR><ERROR> 884: sensor_fc_report_meta: Failed to get frame duration
01-17 15:40:39.533 E/QCamera (  722): <MCI><ERROR> mm_stream_read_msm_frame: 1790: X rc = 0
01-17 15:40:39.533 E/mm-camera(  722): <SENSOR><ERROR> 4805: sensor_get_exposure_time: resolution is invalid, it seems stream has stopped.
01-17 15:40:39.533 I/QCamera (  722): <MCI><INFO> mm_stream_handle_rcvd_buf: 220: E, my_handle = 0xc101, fd = 78, state = 6
01-17 15:40:39.533 E/mm-camera(  722): <SENSOR><ERROR> 904: sensor_fc_report_meta: Failed to get exposure time
01-17 15:40:39.533 I/QCamera (  722): <MCI><INFO> mm_stream_handle_rcvd_buf: 244: has cb and it is active by blackjoe
01-17 15:40:39.534 E/mm-camera(  722): <MCT   ><ERROR> 4828: mct_pipeline_process_serv_msg: pipeline blackjoe data->sessionid 3 pipeline->session 3 msgid 3
01-17 15:40:39.534 E/mm-camera(  722): <MCT   ><ERROR> 4299: mct_pipeline_process_set: command is 0x8000014 blackjoe CAM_PRIV_PARM 0x8000014
01-17 15:40:39.534 I/QCamera (  722): <MCI><INFO> mm_stream_dispatch_app_data: 415: E, my_handle = 0xc101, fd = 78, state = 6
01-17 15:40:39.534 I/QCamera (  722): <MCI><INFO> mm_stream_dispatch_app_data: 436: frame_sync.is_active = 0, is_cb_active = 1
01-17 15:40:39.534 I/QCamera (  722): <MCI><INFO> mm_stream_dispatch_app_data: 457: Enter callback by blackjoe
01-17 15:40:39.535 E/mm-camera(  722): <MCT   ><ERROR> 2722: mct_stream_process_bus_msg: Check the runing function blackjoe 
01-17 15:40:39.536 E/mm-camera(  722): <MCT   ><ERROR> 2755: mct_stream_process_bus_msg: isp_sof_bus_msg is 0xecac0b50
01-17 15:40:39.536 E/mm-camera(  722): <MCT   ><ERROR> 2757: mct_stream_process_bus_msg: frameid is 57 hal_version is 3
01-17 15:40:39.536 E/mm-camera(  722): <MCT   ><ERROR> 2759: mct_stream_process_bus_msg: kstate_ptr is 0xe9d487d4, isp_kstate_ptr is 0xeda49000
01-17 15:40:39.536 E/mm-camera(  722): <MCT   ><ERROR> 2765: mct_stream_process_bus_msg: frame_id is 57
01-17 15:40:39.536 E/QCamera (  722): <MCI><ERROR> mm_stream_data_notify: 337: E, my_handle = 0xc000, fd = 69, state = 6 blackjoe
01-17 15:40:39.536 E/QCamera (  722): <MCI><ERROR> mm_stream_read_msm_frame: 1723: E, my_handle = 0xc000, fd = 69, state = 6 blackjoe
01-17 15:40:39.537 I/QCamera (  722): <MCI><INFO> mm_stream_read_msm_frame: 1770: VIDIOC_DQBUF buf_index 2, frame_idx 56, stream type 7, rc 0,queued: 17, buf_type = 0 flags = 8192 FD = 69 my_num 0 buf fd 86
01-17 15:40:39.537 E/QCamera (  722): <MCI><ERROR> mm_stream_read_msm_frame: 1790: X rc = 0
01-17 15:40:39.537 I/QCamera (  722): <MCI><INFO> mm_stream_handle_rcvd_buf: 220: E, my_handle = 0xc000, fd = 69, state = 6
01-17 15:40:39.538 I/QCamera (  722): <MCI><INFO> mm_stream_handle_rcvd_buf: 244: has cb and it is active by blackjoe
01-17 15:40:39.538 I/QCamera (  722): <MCI><INFO> mm_stream_dispatch_app_data: 415: E, my_handle = 0xc000, fd = 69, state = 6
01-17 15:40:39.538 I/QCamera (  722): <MCI><INFO> mm_stream_dispatch_app_data: 436: frame_sync.is_active = 0, is_cb_active = 1
01-17 15:40:39.538 I/QCamera (  722): <MCI><INFO> mm_stream_dispatch_app_data: 457: Enter callback by blackjoe
01-17 15:40:39.539 E/mm-camera(  722): <STATS_AIS ><ERROR> 1316: dsps_process_response_gyro: Query request denied, error code = 5, QId_valid = 1, QueryId = 0x390a, AckNak_valid = 1, AckNak = 3
01-17 15:40:39.544 E/mm-camera(  722): <MCT   ><ERROR> 4828: mct_pipeline_process_serv_msg: pipeline blackjoe data->sessionid 3 pipeline->session 3 msgid 3
01-17 15:40:39.545 E/mm-camera(  722): <MCT   ><ERROR> 4299: mct_pipeline_process_set: command is 0x8000014 blackjoe CAM_PRIV_PARM 0x8000014
01-17 15:40:39.565 E/        (    0): frame_src is 1 frame_id is 58 blackjoe
01-17 15:40:39.554 E/QCamera (  722): <MCI><ERROR> mm_stream_data_notify: 337: E, my_handle = 0xc101, fd = 78, state = 6 blackjoe
01-17 15:40:39.555 E/QCamera (  722): <MCI><ERROR> mm_stream_read_msm_frame: 1723: E, my_handle = 0xc101, fd = 78, state = 6 blackjoe
01-17 15:40:39.555 I/QCamera (  722): <MCI><INFO> mm_stream_read_msm_frame: 1770: VIDIOC_DQBUF buf_index 6, frame_idx 57, stream type 8, rc 0,queued: 5, buf_type = 0 flags = 8192 FD = 78 my_num 0 buf fd 140
01-17 15:40:39.556 E/mm-camera(  722): <SENSOR><ERROR> 4883: sensor_get_frame_duration: resolution is invalid, it seems stream has stopped.
01-17 15:40:39.556 E/mm-camera(  722): <SENSOR><ERROR> 884: sensor_fc_report_meta: Failed to get frame duration
01-17 15:40:39.556 E/QCamera (  722): <MCI><ERROR> mm_stream_read_msm_frame: 1790: X rc = 0
01-17 15:40:39.556 E/mm-camera(  722): <SENSOR><ERROR> 4805: sensor_get_exposure_time: resolution is invalid, it seems stream has stopped.
01-17 15:40:39.556 E/mm-camera(  722): <SENSOR><ERROR> 904: sensor_fc_report_meta: Failed to get exposure time
01-17 15:40:39.556 I/QCamera (  722): <MCI><INFO> mm_stream_handle_rcvd_buf: 220: E, my_handle = 0xc101, fd = 78, state = 6
01-17 15:40:39.556 I/QCamera (  722): <MCI><INFO> mm_stream_handle_rcvd_buf: 244: has cb and it is active by blackjoe
01-17 15:40:39.556 I/QCamera (  722): <MCI><INFO> mm_stream_dispatch_app_data: 415: E, my_handle = 0xc101, fd = 78, state = 6
01-17 15:40:39.556 E/mm-camera(  722): <MCT   ><ERROR> 2722: mct_stream_process_bus_msg: Check the runing function blackjoe 
01-17 15:40:39.556 E/mm-camera(  722): <MCT   ><ERROR> 2755: mct_stream_process_bus_msg: isp_sof_bus_msg is 0xecac0b50
01-17 15:40:39.556 E/mm-camera(  722): <MCT   ><ERROR> 2757: mct_stream_process_bus_msg: frameid is 58 hal_version is 3
01-17 15:40:39.557 E/mm-camera(  722): <MCT   ><ERROR> 2759: mct_stream_process_bus_msg: kstate_ptr is 0xe9d487d4, isp_kstate_ptr is 0xeda49000
01-17 15:40:39.557 I/QCamera (  722): <MCI><INFO> mm_stream_dispatch_app_data: 436: frame_sync.is_active = 0, is_cb_active = 1
01-17 15:40:39.557 E/mm-camera(  722): <MCT   ><ERROR> 2765: mct_stream_process_bus_msg: frame_id is 58
01-17 15:40:39.557 E/QCamera (  722): <MCI><ERROR> mm_stream_data_notify: 337: E, my_handle = 0xc000, fd = 69, state = 6 blackjoe
01-17 15:40:39.557 I/QCamera (  722): <MCI><INFO> mm_stream_dispatch_app_data: 457: Enter callback by blackjoe
01-17 15:40:39.557 E/QCamera (  722): <MCI><ERROR> mm_stream_read_msm_frame: 1723: E, my_handle = 0xc000, fd = 69, state = 6 blackjoe
01-17 15:40:39.557 I/QCamera (  722): <MCI><INFO> mm_stream_read_msm_frame: 1770: VIDIOC_DQBUF buf_index 3, frame_idx 57, stream type 7, rc 0,queued: 17, buf_type = 0 flags = 8192 FD = 69 my_num 0 buf fd 88
01-17 15:40:39.557 E/QCamera (  722): <MCI><ERROR> mm_stream_read_msm_frame: 1790: X rc = 0
01-17 15:40:39.558 I/QCamera (  722): <MCI><INFO> mm_stream_handle_rcvd_buf: 220: E, my_handle = 0xc000, fd = 69, state = 6
01-17 15:40:39.558 I/QCamera (  722): <MCI><INFO> mm_stream_handle_rcvd_buf: 244: has cb and it is active by blackjoe
01-17 15:40:39.558 I/QCamera (  722): <MCI><INFO> mm_stream_dispatch_app_data: 415: E, my_handle = 0xc000, fd = 69, state = 6
01-17 15:40:39.558 I/QCamera (  722): <MCI><INFO> mm_stream_dispatch_app_data: 436: frame_sync.is_active = 0, is_cb_active = 1
01-17 15:40:39.558 I/QCamera (  722): <MCI><INFO> mm_stream_dispatch_app_data: 457: Enter callback by blackjoe
01-17 15:40:39.562 E/mm-camera(  722): <STATS_AIS ><ERROR> 1316: dsps_process_response_gyro: Query request denied, error code = 5, QId_valid = 1, QueryId = 0x3a0a, AckNak_valid = 1, AckNak = 3
01-17 15:40:39.565 E/mm-camera(  722): <MCT   ><ERROR> 4828: mct_pipeline_process_serv_msg: pipeline blackjoe data->sessionid 3 pipeline->session 3 msgid 3
01-17 15:40:39.565 E/mm-camera(  722): <MCT   ><ERROR> 4299: mct_pipeline_process_set: command is 0x8000014 blackjoe CAM_PRIV_PARM 0x8000014
01-17 15:40:39.571 E/QCamera (  722): <MCI><ERROR> mm_stream_data_notify: 337: E, my_handle = 0xc101, fd = 78, state = 6 blackjoe
01-17 15:40:39.571 E/QCamera (  722): <MCI><ERROR> mm_stream_read_msm_frame: 1723: E, my_handle = 0xc101, fd = 78, state = 6 blackjoe
01-17 15:40:39.571 E/mm-camera(  722): <SENSOR><ERROR> 4883: sensor_get_frame_duration: resolution is invalid, it seems stream has stopped.
01-17 15:40:39.572 E/mm-camera(  722): <SENSOR><ERROR> 884: sensor_fc_report_meta: Failed to get frame duration
01-17 15:40:39.572 I/QCamera (  722): <MCI><INFO> mm_stream_read_msm_frame: 1770: VIDIOC_DQBUF buf_index 7, frame_idx 58, stream type 8, rc 0,queued: 5, buf_type = 0 flags = 8192 FD = 78 my_num 0 buf fd 76
01-17 15:40:39.572 E/mm-camera(  722): <SENSOR><ERROR> 4805: sensor_get_exposure_time: resolution is invalid, it seems stream has stopped.
01-17 15:40:39.572 E/QCamera (  722): <MCI><ERROR> mm_stream_read_msm_frame: 1790: X rc = 0
01-17 15:40:39.572 E/mm-camera(  722): <SENSOR><ERROR> 904: sensor_fc_report_meta: Failed to get exposure time
01-17 15:40:39.581 E/        (    0): frame_src is 1 frame_id is 59 blackjoe
01-17 15:40:39.572 I/QCamera (  722): <MCI><INFO> mm_stream_handle_rcvd_buf: 220: E, my_handle = 0xc101, fd = 78, state = 6
01-17 15:40:39.572 I/QCamera (  722): <MCI><INFO> mm_stream_handle_rcvd_buf: 244: has cb and it is active by blackjoe
01-17 15:40:39.573 E/mm-camera(  722): <MCT   ><ERROR> 2722: mct_stream_process_bus_msg: Check the runing function blackjoe 
01-17 15:40:39.573 E/mm-camera(  722): <MCT   ><ERROR> 2755: mct_stream_process_bus_msg: isp_sof_bus_msg is 0xecac0b50
01-17 15:40:39.573 E/mm-camera(  722): <MCT   ><ERROR> 2757: mct_stream_process_bus_msg: frameid is 59 hal_version is 3
01-17 15:40:39.573 E/mm-camera(  722): <MCT   ><ERROR> 2759: mct_stream_process_bus_msg: kstate_ptr is 0xe9d487d4, isp_kstate_ptr is 0xeda49000
01-17 15:40:39.573 E/mm-camera(  722): <MCT   ><ERROR> 2765: mct_stream_process_bus_msg: frame_id is 59
01-17 15:40:39.574 E/QCamera (  722): <MCI><ERROR> mm_stream_data_notify: 337: E, my_handle = 0xc000, fd = 69, state = 6 blackjoe
01-17 15:40:39.574 E/QCamera (  722): <MCI><ERROR> mm_stream_read_msm_frame: 1723: E, my_handle = 0xc000, fd = 69, state = 6 blackjoe
01-17 15:40:39.574 I/QCamera (  722): <MCI><INFO> mm_stream_read_msm_frame: 1770: VIDIOC_DQBUF buf_index 4, frame_idx 58, stream type 7, rc 0,queued: 17, buf_type = 0 flags = 8192 FD = 69 my_num 0 buf fd 90
01-17 15:40:39.574 E/QCamera (  722): <MCI><ERROR> mm_stream_read_msm_frame: 1790: X rc = 0
01-17 15:40:39.574 I/QCamera (  722): <MCI><INFO> mm_stream_dispatch_app_data: 415: E, my_handle = 0xc101, fd = 78, state = 6
01-17 15:40:39.574 I/QCamera (  722): <MCI><INFO> mm_stream_handle_rcvd_buf: 220: E, my_handle = 0xc000, fd = 69, state = 6
01-17 15:40:39.574 I/QCamera (  722): <MCI><INFO> mm_stream_dispatch_app_data: 436: frame_sync.is_active = 0, is_cb_active = 1
01-17 15:40:39.574 I/QCamera (  722): <MCI><INFO> mm_stream_handle_rcvd_buf: 244: has cb and it is active by blackjoe
01-17 15:40:39.575 I/QCamera (  722): <MCI><INFO> mm_stream_dispatch_app_data: 457: Enter callback by blackjoe
01-17 15:40:39.575 I/QCamera (  722): <MCI><INFO> mm_stream_dispatch_app_data: 415: E, my_handle = 0xc000, fd = 69, state = 6
01-17 15:40:39.575 I/QCamera (  722): <MCI><INFO> mm_stream_dispatch_app_data: 436: frame_sync.is_active = 0, is_cb_active = 1
01-17 15:40:39.575 I/QCamera (  722): <MCI><INFO> mm_stream_dispatch_app_data: 457: Enter callback by blackjoe
01-17 15:40:39.578 E/mm-camera(  722): <STATS_AIS ><ERROR> 1316: dsps_process_response_gyro: Query request denied, error code = 5, QId_valid = 1, QueryId = 0x3b0a, AckNak_valid = 1, AckNak = 3
01-17 15:40:39.588 E/QCamera (  722): <MCI><ERROR> mm_stream_data_notify: 337: E, my_handle = 0xc101, fd = 78, state = 6 blackjoe
01-17 15:40:39.588 E/QCamera (  722): <MCI><ERROR> mm_stream_read_msm_frame: 1723: E, my_handle = 0xc101, fd = 78, state = 6 blackjoe
01-17 15:40:39.588 E/mm-camera(  722): <SENSOR><ERROR> 4883: sensor_get_frame_duration: resolution is invalid, it seems stream has stopped.
01-17 15:40:39.588 E/mm-camera(  722): <SENSOR><ERROR> 884: sensor_fc_report_meta: Failed to get frame duration
01-17 15:40:39.588 E/mm-camera(  722): <MCT   ><ERROR> 4828: mct_pipeline_process_serv_msg: pipeline blackjoe data->sessionid 3 pipeline->session 3 msgid 3
01-17 15:40:39.588 I/QCamera (  722): <MCI><INFO> mm_stream_read_msm_frame: 1770: VIDIOC_DQBUF buf_index 8, frame_idx 59, stream type 8, rc 0,queued: 5, buf_type = 0 flags = 8192 FD = 78 my_num 0 buf fd 126
01-17 15:40:39.589 E/QCamera (  722): <MCI><ERROR> mm_stream_read_msm_frame: 1790: X rc = 0
01-17 15:40:39.589 E/mm-camera(  722): <SENSOR><ERROR> 4805: sensor_get_exposure_time: resolution is invalid, it seems stream has stopped.
01-17 15:40:39.589 E/mm-camera(  722): <MCT   ><ERROR> 4299: mct_pipeline_process_set: command is 0x8000014 blackjoe CAM_PRIV_PARM 0x8000014
01-17 15:40:39.589 I/QCamera (  722): <MCI><INFO> mm_stream_handle_rcvd_buf: 220: E, my_handle = 0xc101, fd = 78, state = 6
01-17 15:40:39.589 I/QCamera (  722): <MCI><INFO> mm_stream_handle_rcvd_buf: 244: has cb and it is active by blackjoe
01-17 15:40:39.589 E/mm-camera(  722): <SENSOR><ERROR> 904: sensor_fc_report_meta: Failed to get exposure time
01-17 15:40:39.589 I/QCamera (  722): <MCI><INFO> mm_stream_dispatch_app_data: 415: E, my_handle = 0xc101, fd = 78, state = 6
01-17 15:40:39.589 I/QCamera (  722): <MCI><INFO> mm_stream_dispatch_app_data: 436: frame_sync.is_active = 0, is_cb_active = 1
01-17 15:40:39.589 E/mm-camera(  722): <MCT   ><ERROR> 2722: mct_stream_process_bus_msg: Check the runing function blackjoe 
01-17 15:40:39.589 I/QCamera (  722): <MCI><INFO> mm_stream_dispatch_app_data: 457: Enter callback by blackjoe
01-17 15:40:39.590 E/mm-camera(  722): <MCT   ><ERROR> 2755: mct_stream_process_bus_msg: isp_sof_bus_msg is 0xecac0b50
01-17 15:40:39.590 E/mm-camera(  722): <MCT   ><ERROR> 2757: mct_stream_process_bus_msg: frameid is 60 hal_version is 3
01-17 15:40:39.590 E/mm-camera(  722): <MCT   ><ERROR> 2759: mct_stream_process_bus_msg: kstate_ptr is 0xe9d487d4, isp_kstate_ptr is 0xeda49000
01-17 15:40:39.590 E/mm-camera(  722): <MCT   ><ERROR> 2765: mct_stream_process_bus_msg: frame_id is 60
01-17 15:40:39.590 E/QCamera (  722): <MCI><ERROR> mm_stream_data_notify: 337: E, my_handle = 0xc000, fd = 69, state = 6 blackjoe
01-17 15:40:39.590 E/QCamera (  722): <MCI><ERROR> mm_stream_read_msm_frame: 1723: E, my_handle = 0xc000, fd = 69, state = 6 blackjoe
01-17 15:40:39.590 I/QCamera (  722): <MCI><INFO> mm_stream_read_msm_frame: 1770: VIDIOC_DQBUF buf_index 5, frame_idx 59, stream type 7, rc 0,queued: 17, buf_type = 0 flags = 8192 FD = 69 my_num 0 buf fd 92
01-17 15:40:39.590 E/QCamera (  722): <MCI><ERROR> mm_stream_read_msm_frame: 1790: X rc = 0
01-17 15:40:39.590 I/QCamera (  722): <MCI><INFO> mm_stream_handle_rcvd_buf: 220: E, my_handle = 0xc000, fd = 69, state = 6
01-17 15:40:39.590 I/QCamera (  722): <MCI><INFO> mm_stream_handle_rcvd_buf: 244: has cb and it is active by blackjoe
01-17 15:40:39.591 I/QCamera (  722): <MCI><INFO> mm_stream_dispatch_app_data: 415: E, my_handle = 0xc000, fd = 69, state = 6
01-17 15:40:39.591 I/QCamera (  722): <MCI><INFO> mm_stream_dispatch_app_data: 436: frame_sync.is_active = 0, is_cb_active = 1
01-17 15:40:39.591 I/QCamera (  722): <MCI><INFO> mm_stream_dispatch_app_data: 457: Enter callback by blackjoe
01-17 15:40:39.598 E/        (    0): frame_src is 1 frame_id is 60 blackjoe
01-17 15:40:39.595 E/mm-camera(  722): <STATS_AIS ><ERROR> 1316: dsps_process_response_gyro: Query request denied, error code = 5, QId_valid = 1, QueryId = 0x3c0a, AckNak_valid = 1, AckNak = 3
01-17 15:40:39.597 E/mm-camera(  722): <MCT   ><ERROR> 4828: mct_pipeline_process_serv_msg: pipeline blackjoe data->sessionid 3 pipeline->session 3 msgid 3
01-17 15:40:39.597 E/mm-camera(  722): <MCT   ><ERROR> 4299: mct_pipeline_process_set: command is 0x8000014 blackjoe CAM_PRIV_PARM 0x8000014
01-17 15:40:39.604 E/QCamera (  722): <MCI><ERROR> mm_stream_data_notify: 337: E, my_handle = 0xc101, fd = 78, state = 6 blackjoe
01-17 15:40:39.604 E/QCamera (  722): <MCI><ERROR> mm_stream_read_msm_frame: 1723: E, my_handle = 0xc101, fd = 78, state = 6 blackjoe
01-17 15:40:39.605 I/QCamera (  722): <MCI><INFO> mm_stream_read_msm_frame: 1770: VIDIOC_DQBUF buf_index 9, frame_idx 60, stream type 8, rc 0,queued: 5, buf_type = 0 flags = 8192 FD = 78 my_num 0 buf fd 133
01-17 15:40:39.605 E/QCamera (  722): <MCI><ERROR> mm_stream_read_msm_frame: 1790: X rc = 0
01-17 15:40:39.605 I/QCamera (  722): <MCI><INFO> mm_stream_handle_rcvd_buf: 220: E, my_handle = 0xc101, fd = 78, state = 6
01-17 15:40:39.605 E/mm-camera(  722): <SENSOR><ERROR> 4883: sensor_get_frame_duration: resolution is invalid, it seems stream has stopped.
01-17 15:40:39.605 I/QCamera (  722): <MCI><INFO> mm_stream_handle_rcvd_buf: 244: has cb and it is active by blackjoe
01-17 15:40:39.605 E/mm-camera(  722): <SENSOR><ERROR> 884: sensor_fc_report_meta: Failed to get frame duration
01-17 15:40:39.605 E/mm-camera(  722): <SENSOR><ERROR> 4805: sensor_get_exposure_time: resolution is invalid, it seems stream has stopped.
01-17 15:40:39.605 I/QCamera (  722): <MCI><INFO> mm_stream_dispatch_app_data: 415: E, my_handle = 0xc101, fd = 78, state = 6
01-17 15:40:39.605 E/mm-camera(  722): <SENSOR><ERROR> 904: sensor_fc_report_meta: Failed to get exposure time
01-17 15:40:39.605 I/QCamera (  722): <MCI><INFO> mm_stream_dispatch_app_data: 436: frame_sync.is_active = 0, is_cb_active = 1
01-17 15:40:39.605 I/QCamera (  722): <MCI><INFO> mm_stream_dispatch_app_data: 457: Enter callback by blackjoe
01-17 15:40:39.606 E/mm-camera(  722): <MCT   ><ERROR> 2722: mct_stream_process_bus_msg: Check the runing function blackjoe 
01-17 15:40:39.606 E/mm-camera(  722): <MCT   ><ERROR> 2755: mct_stream_process_bus_msg: isp_sof_bus_msg is 0xecac0b50
01-17 15:40:39.607 E/mm-camera(  722): <MCT   ><ERROR> 2757: mct_stream_process_bus_msg: frameid is 61 hal_version is 3
01-17 15:40:39.607 E/mm-camera(  722): <MCT   ><ERROR> 2759: mct_stream_process_bus_msg: kstate_ptr is 0xe9d487d4, isp_kstate_ptr is 0xeda49000
01-17 15:40:39.615 E/        (    0): frame_src is 1 frame_id is 61 blackjoe
01-17 15:40:39.607 E/mm-camera(  722): <MCT   ><ERROR> 2765: mct_stream_process_bus_msg: frame_id is 61
01-17 15:40:39.607 E/QCamera (  722): <MCI><ERROR> mm_stream_data_notify: 337: E, my_handle = 0xc000, fd = 69, state = 6 blackjoe
01-17 15:40:39.607 E/QCamera (  722): <MCI><ERROR> mm_stream_read_msm_frame: 1723: E, my_handle = 0xc000, fd = 69, state = 6 blackjoe
01-17 15:40:39.607 I/QCamera (  722): <MCI><INFO> mm_stream_read_msm_frame: 1770: VIDIOC_DQBUF buf_index 6, frame_idx 60, stream type 7, rc 0,queued: 17, buf_type = 0 flags = 8192 FD = 69 my_num 0 buf fd 94
01-17 15:40:39.608 E/QCamera (  722): <MCI><ERROR> mm_stream_read_msm_frame: 1790: X rc = 0
01-17 15:40:39.608 I/QCamera (  722): <MCI><INFO> mm_stream_handle_rcvd_buf: 220: E, my_handle = 0xc000, fd = 69, state = 6
01-17 15:40:39.608 I/QCamera (  722): <MCI><INFO> mm_stream_handle_rcvd_buf: 244: has cb and it is active by blackjoe
01-17 15:40:39.608 I/QCamera (  722): <MCI><INFO> mm_stream_dispatch_app_data: 415: E, my_handle = 0xc000, fd = 69, state = 6
01-17 15:40:39.608 I/QCamera (  722): <MCI><INFO> mm_stream_dispatch_app_data: 436: frame_sync.is_active = 0, is_cb_active = 1
01-17 15:40:39.608 I/QCamera (  722): <MCI><INFO> mm_stream_dispatch_app_data: 457: Enter callback by blackjoe
01-17 15:40:39.611 E/mm-camera(  722): <STATS_AIS ><ERROR> 1316: dsps_process_response_gyro: Query request denied, error code = 5, QId_valid = 1, QueryId = 0x3d0a, AckNak_valid = 1, AckNak = 3
01-17 15:40:39.616 E/mm-camera(  722): <MCT   ><ERROR> 4828: mct_pipeline_process_serv_msg: pipeline blackjoe data->sessionid 3 pipeline->session 3 msgid 3
01-17 15:40:39.616 E/mm-camera(  722): <MCT   ><ERROR> 4299: mct_pipeline_process_set: command is 0x8000014 blackjoe CAM_PRIV_PARM 0x8000014
01-17 15:40:39.632 E/        (    0): frame_src is 1 frame_id is 62 blackjoe
01-17 15:40:39.621 E/QCamera (  722): <MCI><ERROR> mm_stream_data_notify: 337: E, my_handle = 0xc101, fd = 78, state = 6 blackjoe
