01-17 16:42:27.708 E/QCamera (  722): <MCI><ERROR> mm_stream_data_notify: 337: E, my_handle = 0xb500, fd = 69, state = 6 blackjoe
01-17 16:42:27.708 E/QCamera (  722): <MCI><ERROR> mm_stream_read_msm_frame: 1723: E, my_handle = 0xb500, fd = 69, state = 6 blackjoe
01-17 16:42:27.709 I/QCamera (  722): <MCI><INFO> mm_stream_read_msm_frame: 1770: VIDIOC_DQBUF buf_index 0, frame_idx 72, stream type 7, rc 0,queued: 17, buf_type = 0 flags = 8192 FD = 69 my_num 0 buf fd 83
01-17 16:42:27.709 E/QCamera (  722): <MCI><ERROR> mm_stream_read_msm_frame: 1790: X rc = 0
01-17 16:42:27.709 I/QCamera (  722): <MCI><INFO> mm_stream_handle_rcvd_buf: 220: E, my_handle = 0xb500, fd = 69, state = 6
01-17 16:42:27.709 I/QCamera (  722): <MCI><INFO> mm_stream_handle_rcvd_buf: 244: has cb and it is active by blackjoe
01-17 16:42:27.709 I/QCamera (  722): <MCI><INFO> mm_stream_dispatch_app_data: 415: E, my_handle = 0xb500, fd = 69, state = 6
01-17 16:42:27.710 I/QCamera (  722): <MCI><INFO> mm_stream_dispatch_app_data: 436: frame_sync.is_active = 0, is_cb_active = 1
01-17 16:42:27.710 I/QCamera (  722): <MCI><INFO> mm_stream_dispatch_app_data: 457: Enter callback by blackjoe
01-17 16:42:27.712 E/mm-camera(  722): <STATS_AIS ><ERROR> 1316: dsps_process_response_gyro: Query request denied, error code = 5, QId_valid = 1, QueryId = 0x490a, AckNak_valid = 1, AckNak = 3
01-17 16:42:27.717 E/mm-camera(  722): <MCT   ><ERROR> 4828: mct_pipeline_process_serv_msg: pipeline blackjoe data->sessionid 3 pipeline->session 3 msgid 3
01-17 16:42:27.718 E/mm-camera(  722): <MCT   ><ERROR> 4299: mct_pipeline_process_set: command is 0x8000014 blackjoe CAM_PRIV_PARM 0x8000014
01-17 16:42:27.729 E/        (    0): frame_src is 1 frame_id is 74 blackjoe
01-17 16:42:27.719 E/QCamera (  722): <MCI><ERROR> mm_stream_data_notify: 337: E, my_handle = 0xb601, fd = 79, state = 6 blackjoe
01-17 16:42:27.719 E/mm-camera(  722): <SENSOR><ERROR> 4883: sensor_get_frame_duration: resolution is invalid, it seems stream has stopped.
01-17 16:42:27.719 E/QCamera (  722): <MCI><ERROR> mm_stream_read_msm_frame: 1723: E, my_handle = 0xb601, fd = 79, state = 6 blackjoe
01-17 16:42:27.720 E/mm-camera(  722): <SENSOR><ERROR> 884: sensor_fc_report_meta: Failed to get frame duration
01-17 16:42:27.720 E/mm-camera(  722): <SENSOR><ERROR> 4805: sensor_get_exposure_time: resolution is invalid, it seems stream has stopped.
01-17 16:42:27.720 I/QCamera (  722): <MCI><INFO> mm_stream_read_msm_frame: 1770: VIDIOC_DQBUF buf_index 10, frame_idx 73, stream type 8, rc 0,queued: 5, buf_type = 0 flags = 8192 FD = 79 my_num 0 buf fd 130
01-17 16:42:27.720 E/mm-camera(  722): <SENSOR><ERROR> 904: sensor_fc_report_meta: Failed to get exposure time
01-17 16:42:27.720 E/QCamera (  722): <MCI><ERROR> mm_stream_read_msm_frame: 1790: X rc = 0
01-17 16:42:27.720 I/QCamera (  722): <MCI><INFO> mm_stream_handle_rcvd_buf: 220: E, my_handle = 0xb601, fd = 79, state = 6
01-17 16:42:27.720 I/QCamera (  722): <MCI><INFO> mm_stream_handle_rcvd_buf: 244: has cb and it is active by blackjoe
01-17 16:42:27.721 I/QCamera (  722): <MCI><INFO> mm_stream_dispatch_app_data: 415: E, my_handle = 0xb601, fd = 79, state = 6
01-17 16:42:27.721 E/mm-camera(  722): <MCT   ><ERROR> 2722: mct_stream_process_bus_msg: Check the runing function blackjoe 
01-17 16:42:27.721 I/QCamera (  722): <MCI><INFO> mm_stream_dispatch_app_data: 436: frame_sync.is_active = 0, is_cb_active = 1
01-17 16:42:27.721 E/mm-camera(  722): <MCT   ><ERROR> 2755: mct_stream_process_bus_msg: isp_sof_bus_msg is 0xecac10f0
01-17 16:42:27.721 I/QCamera (  722): <MCI><INFO> mm_stream_dispatch_app_data: 457: Enter callback by blackjoe
01-17 16:42:27.721 E/mm-camera(  722): <MCT   ><ERROR> 2757: mct_stream_process_bus_msg: frameid is 74 hal_version is 3
01-17 16:42:27.722 E/mm-camera(  722): <MCT   ><ERROR> 2759: mct_stream_process_bus_msg: kstate_ptr is 0xe9d487d4, isp_kstate_ptr is 0xeda49000
01-17 16:42:27.722 E/mm-camera(  722): <MCT   ><ERROR> 2765: mct_stream_process_bus_msg: frame_id is 74
01-17 16:42:27.722 E/QCamera (  722): <MCI><ERROR> mm_stream_data_notify: 337: E, my_handle = 0xb500, fd = 69, state = 6 blackjoe
01-17 16:42:27.723 E/QCamera (  722): <MCI><ERROR> mm_stream_read_msm_frame: 1723: E, my_handle = 0xb500, fd = 69, state = 6 blackjoe
01-17 16:42:27.723 I/QCamera (  722): <MCI><INFO> mm_stream_read_msm_frame: 1770: VIDIOC_DQBUF buf_index 1, frame_idx 73, stream type 7, rc 0,queued: 17, buf_type = 0 flags = 8192 FD = 69 my_num 0 buf fd 85
01-17 16:42:27.723 E/QCamera (  722): <MCI><ERROR> mm_stream_read_msm_frame: 1790: X rc = 0
01-17 16:42:27.723 I/QCamera (  722): <MCI><INFO> mm_stream_handle_rcvd_buf: 220: E, my_handle = 0xb500, fd = 69, state = 6
01-17 16:42:27.723 I/QCamera (  722): <MCI><INFO> mm_stream_handle_rcvd_buf: 244: has cb and it is active by blackjoe
01-17 16:42:27.724 I/QCamera (  722): <MCI><INFO> mm_stream_dispatch_app_data: 415: E, my_handle = 0xb500, fd = 69, state = 6
01-17 16:42:27.724 I/QCamera (  722): <MCI><INFO> mm_stream_dispatch_app_data: 436: frame_sync.is_active = 0, is_cb_active = 1
01-17 16:42:27.724 I/QCamera (  722): <MCI><INFO> mm_stream_dispatch_app_data: 457: Enter callback by blackjoe
01-17 16:42:27.729 E/mm-camera(  722): <STATS_AIS ><ERROR> 1316: dsps_process_response_gyro: Query request denied, error code = 5, QId_valid = 1, QueryId = 0x4a0a, AckNak_valid = 1, AckNak = 3
01-17 16:42:27.732 E/mm-camera(  722): <MCT   ><ERROR> 4828: mct_pipeline_process_serv_msg: pipeline blackjoe data->sessionid 3 pipeline->session 3 msgid 3
01-17 16:42:27.733 E/mm-camera(  722): <MCT   ><ERROR> 4299: mct_pipeline_process_set: command is 0x8000014 blackjoe CAM_PRIV_PARM 0x8000014
01-17 16:42:27.736 E/QCamera (  722): <MCI><ERROR> mm_stream_data_notify: 337: E, my_handle = 0xb601, fd = 79, state = 6 blackjoe
01-17 16:42:27.736 E/QCamera (  722): <MCI><ERROR> mm_stream_read_msm_frame: 1723: E, my_handle = 0xb601, fd = 79, state = 6 blackjoe
01-17 16:42:27.736 E/mm-camera(  722): <SENSOR><ERROR> 4883: sensor_get_frame_duration: resolution is invalid, it seems stream has stopped.
01-17 16:42:27.736 I/QCamera (  722): <MCI><INFO> mm_stream_read_msm_frame: 1770: VIDIOC_DQBUF buf_index 11, frame_idx 74, stream type 8, rc 0,queued: 5, buf_type = 0 flags = 8192 FD = 79 my_num 0 buf fd 128
01-17 16:42:27.736 E/mm-camera(  722): <SENSOR><ERROR> 884: sensor_fc_report_meta: Failed to get frame duration
01-17 16:42:27.736 E/QCamera (  722): <MCI><ERROR> mm_stream_read_msm_frame: 1790: X rc = 0
01-17 16:42:27.736 I/QCamera (  722): <MCI><INFO> mm_stream_handle_rcvd_buf: 220: E, my_handle = 0xb601, fd = 79, state = 6
01-17 16:42:27.736 E/mm-camera(  722): <SENSOR><ERROR> 4805: sensor_get_exposure_time: resolution is invalid, it seems stream has stopped.
01-17 16:42:27.737 I/QCamera (  722): <MCI><INFO> mm_stream_handle_rcvd_buf: 244: has cb and it is active by blackjoe
01-17 16:42:27.737 E/mm-camera(  722): <SENSOR><ERROR> 904: sensor_fc_report_meta: Failed to get exposure time
01-17 16:42:27.738 E/mm-camera(  722): <MCT   ><ERROR> 2722: mct_stream_process_bus_msg: Check the runing function blackjoe 
01-17 16:42:27.738 E/mm-camera(  722): <MCT   ><ERROR> 2755: mct_stream_process_bus_msg: isp_sof_bus_msg is 0xecac1600
01-17 16:42:27.738 E/mm-camera(  722): <MCT   ><ERROR> 2757: mct_stream_process_bus_msg: frameid is 75 hal_version is 3
01-17 16:42:27.738 E/mm-camera(  722): <MCT   ><ERROR> 2759: mct_stream_process_bus_msg: kstate_ptr is 0xe9d487d4, isp_kstate_ptr is 0xeda49000
01-17 16:42:27.738 E/mm-camera(  722): <MCT   ><ERROR> 2765: mct_stream_process_bus_msg: frame_id is 75
01-17 16:42:27.739 E/QCamera (  722): <MCI><ERROR> mm_stream_data_notify: 337: E, my_handle = 0xb500, fd = 69, state = 6 blackjoe
01-17 16:42:27.739 I/QCamera (  722): <MCI><INFO> mm_stream_dispatch_app_data: 415: E, my_handle = 0xb601, fd = 79, state = 6
01-17 16:42:27.739 E/QCamera (  722): <MCI><ERROR> mm_stream_read_msm_frame: 1723: E, my_handle = 0xb500, fd = 69, state = 6 blackjoe
01-17 16:42:27.739 I/QCamera (  722): <MCI><INFO> mm_stream_read_msm_frame: 1770: VIDIOC_DQBUF buf_index 2, frame_idx 74, stream type 7, rc 0,queued: 17, buf_type = 0 flags = 8192 FD = 69 my_num 0 buf fd 87
01-17 16:42:27.739 I/QCamera (  722): <MCI><INFO> mm_stream_dispatch_app_data: 436: frame_sync.is_active = 0, is_cb_active = 1
01-17 16:42:27.739 E/QCamera (  722): <MCI><ERROR> mm_stream_read_msm_frame: 1790: X rc = 0
01-17 16:42:27.739 I/QCamera (  722): <MCI><INFO> mm_stream_dispatch_app_data: 457: Enter callback by blackjoe
01-17 16:42:27.739 I/QCamera (  722): <MCI><INFO> mm_stream_handle_rcvd_buf: 220: E, my_handle = 0xb500, fd = 69, state = 6
01-17 16:42:27.740 I/QCamera (  722): <MCI><INFO> mm_stream_handle_rcvd_buf: 244: has cb and it is active by blackjoe
01-17 16:42:27.746 E/        (    0): frame_src is 1 frame_id is 75 blackjoe
01-17 16:42:27.744 I/QCamera (  722): <MCI><INFO> mm_stream_dispatch_app_data: 415: E, my_handle = 0xb500, fd = 69, state = 6
01-17 16:42:27.746 I/QCamera (  722): <MCI><INFO> mm_stream_dispatch_app_data: 436: frame_sync.is_active = 0, is_cb_active = 1
01-17 16:42:27.746 I/QCamera (  722): <MCI><INFO> mm_stream_dispatch_app_data: 457: Enter callback by blackjoe
01-17 16:42:27.747 E/mm-camera(  722): <STATS_AIS ><ERROR> 1316: dsps_process_response_gyro: Query request denied, error code = 5, QId_valid = 1, QueryId = 0x4b0a, AckNak_valid = 1, AckNak = 3
01-17 16:42:27.763 E/        (    0): frame_src is 1 frame_id is 76 blackjoe
01-17 16:42:27.753 E/mm-camera(  722): <SENSOR><ERROR> 4883: sensor_get_frame_duration: resolution is invalid, it seems stream has stopped.
01-17 16:42:27.754 E/mm-camera(  722): <SENSOR><ERROR> 884: sensor_fc_report_meta: Failed to get frame duration
01-17 16:42:27.754 E/mm-camera(  722): <SENSOR><ERROR> 4805: sensor_get_exposure_time: resolution is invalid, it seems stream has stopped.
01-17 16:42:27.754 E/mm-camera(  722): <SENSOR><ERROR> 904: sensor_fc_report_meta: Failed to get exposure time
01-17 16:42:27.756 E/mm-camera(  722): <MCT   ><ERROR> 2722: mct_stream_process_bus_msg: Check the runing function blackjoe 
01-17 16:42:27.756 E/mm-camera(  722): <MCT   ><ERROR> 2755: mct_stream_process_bus_msg: isp_sof_bus_msg is 0xecac19f0
01-17 16:42:27.756 E/mm-camera(  722): <MCT   ><ERROR> 2757: mct_stream_process_bus_msg: frameid is 76 hal_version is 3
01-17 16:42:27.756 E/mm-camera(  722): <MCT   ><ERROR> 2759: mct_stream_process_bus_msg: kstate_ptr is 0xe9d487d4, isp_kstate_ptr is 0xeda49000
01-17 16:42:27.756 E/mm-camera(  722): <MCT   ><ERROR> 2765: mct_stream_process_bus_msg: frame_id is 76
01-17 16:42:27.758 E/QCamera (  722): <MCI><ERROR> mm_stream_data_notify: 337: E, my_handle = 0xb500, fd = 69, state = 6 blackjoe
01-17 16:42:27.758 E/QCamera (  722): <MCI><ERROR> mm_stream_read_msm_frame: 1723: E, my_handle = 0xb500, fd = 69, state = 6 blackjoe
01-17 16:42:27.759 I/QCamera (  722): <MCI><INFO> mm_stream_read_msm_frame: 1770: VIDIOC_DQBUF buf_index 3, frame_idx 75, stream type 7, rc 0,queued: 17, buf_type = 0 flags = 8192 FD = 69 my_num 0 buf fd 89
01-17 16:42:27.759 E/mm-camera(  722): <MCT   ><ERROR> 4828: mct_pipeline_process_serv_msg: pipeline blackjoe data->sessionid 3 pipeline->session 3 msgid 3
01-17 16:42:27.759 E/QCamera (  722): <MCI><ERROR> mm_stream_read_msm_frame: 1790: X rc = 0
01-17 16:42:27.759 I/QCamera (  722): <MCI><INFO> mm_stream_handle_rcvd_buf: 220: E, my_handle = 0xb500, fd = 69, state = 6
01-17 16:42:27.759 I/QCamera (  722): <MCI><INFO> mm_stream_handle_rcvd_buf: 244: has cb and it is active by blackjoe
01-17 16:42:27.760 E/QCamera (  722): <MCI><ERROR> mm_stream_data_notify: 337: E, my_handle = 0xb601, fd = 79, state = 6 blackjoe
01-17 16:42:27.760 I/QCamera (  722): <MCI><INFO> mm_stream_dispatch_app_data: 415: E, my_handle = 0xb500, fd = 69, state = 6
01-17 16:42:27.760 E/mm-camera(  722): <MCT   ><ERROR> 4299: mct_pipeline_process_set: command is 0x8000014 blackjoe CAM_PRIV_PARM 0x8000014
01-17 16:42:27.760 E/mm-camera(  722): <STATS_AIS ><ERROR> 1316: dsps_process_response_gyro: Query request denied, error code = 5, QId_valid = 1, QueryId = 0x4c0a, AckNak_valid = 1, AckNak = 3
01-17 16:42:27.760 E/QCamera (  722): <MCI><ERROR> mm_stream_read_msm_frame: 1723: E, my_handle = 0xb601, fd = 79, state = 6 blackjoe
01-17 16:42:27.760 I/QCamera (  722): <MCI><INFO> mm_stream_dispatch_app_data: 436: frame_sync.is_active = 0, is_cb_active = 1
01-17 16:42:27.760 I/QCamera (  722): <MCI><INFO> mm_stream_dispatch_app_data: 457: Enter callback by blackjoe
01-17 16:42:27.760 I/QCamera (  722): <MCI><INFO> mm_stream_read_msm_frame: 1770: VIDIOC_DQBUF buf_index 6, frame_idx 75, stream type 8, rc 0,queued: 5, buf_type = 0 flags = 8192 FD = 79 my_num 0 buf fd 131
01-17 16:42:27.761 E/QCamera (  722): <MCI><ERROR> mm_stream_read_msm_frame: 1790: X rc = 0
01-17 16:42:27.761 I/QCamera (  722): <MCI><INFO> mm_stream_handle_rcvd_buf: 220: E, my_handle = 0xb601, fd = 79, state = 6
01-17 16:42:27.761 I/QCamera (  722): <MCI><INFO> mm_stream_handle_rcvd_buf: 244: has cb and it is active by blackjoe
01-17 16:42:27.761 I/QCamera (  722): <MCI><INFO> mm_stream_dispatch_app_data: 415: E, my_handle = 0xb601, fd = 79, state = 6
01-17 16:42:27.761 I/QCamera (  722): <MCI><INFO> mm_stream_dispatch_app_data: 436: frame_sync.is_active = 0, is_cb_active = 1
01-17 16:42:27.761 I/QCamera (  722): <MCI><INFO> mm_stream_dispatch_app_data: 457: Enter callback by blackjoe
01-17 16:42:27.769 E/QCamera (  722): <MCI><ERROR> mm_stream_data_notify: 337: E, my_handle = 0xb601, fd = 79, state = 6 blackjoe
01-17 16:42:27.770 E/QCamera (  722): <MCI><ERROR> mm_stream_read_msm_frame: 1723: E, my_handle = 0xb601, fd = 79, state = 6 blackjoe
01-17 16:42:27.770 E/mm-camera(  722): <SENSOR><ERROR> 4883: sensor_get_frame_duration: resolution is invalid, it seems stream has stopped.
01-17 16:42:27.770 E/mm-camera(  722): <SENSOR><ERROR> 884: sensor_fc_report_meta: Failed to get frame duration
01-17 16:42:27.770 E/mm-camera(  722): <SENSOR><ERROR> 4805: sensor_get_exposure_time: resolution is invalid, it seems stream has stopped.
01-17 16:42:27.770 I/QCamera (  722): <MCI><INFO> mm_stream_read_msm_frame: 1770: VIDIOC_DQBUF buf_index 7, frame_idx 76, stream type 8, rc 0,queued: 4, buf_type = 0 flags = 8192 FD = 79 my_num 0 buf fd 134
01-17 16:42:27.770 E/mm-camera(  722): <SENSOR><ERROR> 904: sensor_fc_report_meta: Failed to get exposure time
01-17 16:42:27.770 E/QCamera (  722): <MCI><ERROR> mm_stream_read_msm_frame: 1790: X rc = 0
01-17 16:42:27.770 I/QCamera (  722): <MCI><INFO> mm_stream_handle_rcvd_buf: 220: E, my_handle = 0xb601, fd = 79, state = 6
01-17 16:42:27.770 I/QCamera (  722): <MCI><INFO> mm_stream_handle_rcvd_buf: 244: has cb and it is active by blackjoe
01-17 16:42:27.771 I/QCamera (  722): <MCI><INFO> mm_stream_dispatch_app_data: 415: E, my_handle = 0xb601, fd = 79, state = 6
01-17 16:42:27.771 I/QCamera (  722): <MCI><INFO> mm_stream_dispatch_app_data: 436: frame_sync.is_active = 0, is_cb_active = 1
01-17 16:42:27.771 E/mm-camera(  722): <MCT   ><ERROR> 2722: mct_stream_process_bus_msg: Check the runing function blackjoe 
01-17 16:42:27.772 E/mm-camera(  722): <MCT   ><ERROR> 2755: mct_stream_process_bus_msg: isp_sof_bus_msg is 0xecac1d50
01-17 16:42:27.772 E/mm-camera(  722): <MCT   ><ERROR> 2757: mct_stream_process_bus_msg: frameid is 77 hal_version is 3
01-17 16:42:27.772 I/QCamera (  722): <MCI><INFO> mm_stream_dispatch_app_data: 457: Enter callback by blackjoe
01-17 16:42:27.772 E/mm-camera(  722): <MCT   ><ERROR> 2759: mct_stream_process_bus_msg: kstate_ptr is 0xe9d487d4, isp_kstate_ptr is 0xeda49000
01-17 16:42:27.772 E/mm-camera(  722): <MCT   ><ERROR> 2765: mct_stream_process_bus_msg: frame_id is 77
01-17 16:42:27.772 E/QCamera (  722): <MCI><ERROR> mm_stream_data_notify: 337: E, my_handle = 0xb500, fd = 69, state = 6 blackjoe
01-17 16:42:27.773 E/QCamera (  722): <MCI><ERROR> mm_stream_read_msm_frame: 1723: E, my_handle = 0xb500, fd = 69, state = 6 blackjoe
01-17 16:42:27.773 I/QCamera (  722): <MCI><INFO> mm_stream_read_msm_frame: 1770: VIDIOC_DQBUF buf_index 4, frame_idx 76, stream type 7, rc 0,queued: 17, buf_type = 0 flags = 8192 FD = 69 my_num 0 buf fd 91
01-17 16:42:27.773 E/QCamera (  722): <MCI><ERROR> mm_stream_read_msm_frame: 1790: X rc = 0
01-17 16:42:27.773 I/QCamera (  722): <MCI><INFO> mm_stream_handle_rcvd_buf: 220: E, my_handle = 0xb500, fd = 69, state = 6
01-17 16:42:27.774 I/QCamera (  722): <MCI><INFO> mm_stream_handle_rcvd_buf: 244: has cb and it is active by blackjoe
01-17 16:42:27.779 E/        (    0): frame_src is 1 frame_id is 77 blackjoe
01-17 16:42:27.774 I/QCamera (  722): <MCI><INFO> mm_stream_dispatch_app_data: 415: E, my_handle = 0xb500, fd = 69, state = 6
01-17 16:42:27.774 I/QCamera (  722): <MCI><INFO> mm_stream_dispatch_app_data: 436: frame_sync.is_active = 0, is_cb_active = 1
01-17 16:42:27.775 I/QCamera (  722): <MCI><INFO> mm_stream_dispatch_app_data: 457: Enter callback by blackjoe
01-17 16:42:27.777 E/mm-camera(  722): <STATS_AIS ><ERROR> 1316: dsps_process_response_gyro: Query request denied, error code = 5, QId_valid = 1, QueryId = 0x4d0a, AckNak_valid = 1, AckNak = 3
01-17 16:42:27.780 E/mm-camera(  722): <MCT   ><ERROR> 4828: mct_pipeline_process_serv_msg: pipeline blackjoe data->sessionid 3 pipeline->session 3 msgid 3
01-17 16:42:27.780 E/mm-camera(  722): <MCT   ><ERROR> 4299: mct_pipeline_process_set: command is 0x8000014 blackjoe CAM_PRIV_PARM 0x8000014
01-17 16:42:27.796 E/        (    0): frame_src is 1 frame_id is 78 blackjoe
01-17 16:42:27.786 E/QCamera (  722): <MCI><ERROR> mm_stream_data_notify: 337: E, my_handle = 0xb601, fd = 79, state = 6 blackjoe
01-17 16:42:27.786 E/QCamera (  722): <MCI><ERROR> mm_stream_read_msm_frame: 1723: E, my_handle = 0xb601, fd = 79, state = 6 blackjoe
01-17 16:42:27.786 E/mm-camera(  722): <SENSOR><ERROR> 4883: sensor_get_frame_duration: resolution is invalid, it seems stream has stopped.
01-17 16:42:27.787 E/mm-camera(  722): <SENSOR><ERROR> 884: sensor_fc_report_meta: Failed to get frame duration
01-17 16:42:27.787 E/mm-camera(  722): <SENSOR><ERROR> 4805: sensor_get_exposure_time: resolution is invalid, it seems stream has stopped.
01-17 16:42:27.787 I/QCamera (  722): <MCI><INFO> mm_stream_read_msm_frame: 1770: VIDIOC_DQBUF buf_index 8, frame_idx 77, stream type 8, rc 0,queued: 4, buf_type = 0 flags = 8192 FD = 79 my_num 0 buf fd 137
01-17 16:42:27.787 E/mm-camera(  722): <SENSOR><ERROR> 904: sensor_fc_report_meta: Failed to get exposure time
01-17 16:42:27.787 E/QCamera (  722): <MCI><ERROR> mm_stream_read_msm_frame: 1790: X rc = 0
01-17 16:42:27.787 I/QCamera (  722): <MCI><INFO> mm_stream_handle_rcvd_buf: 220: E, my_handle = 0xb601, fd = 79, state = 6
01-17 16:42:27.787 I/QCamera (  722): <MCI><INFO> mm_stream_handle_rcvd_buf: 244: has cb and it is active by blackjoe
01-17 16:42:27.788 I/QCamera (  722): <MCI><INFO> mm_stream_dispatch_app_data: 415: E, my_handle = 0xb601, fd = 79, state = 6
01-17 16:42:27.788 I/QCamera (  722): <MCI><INFO> mm_stream_dispatch_app_data: 436: frame_sync.is_active = 0, is_cb_active = 1
01-17 16:42:27.788 E/mm-camera(  722): <MCT   ><ERROR> 2722: mct_stream_process_bus_msg: Check the runing function blackjoe 
01-17 16:42:27.788 I/QCamera (  722): <MCI><INFO> mm_stream_dispatch_app_data: 457: Enter callback by blackjoe
01-17 16:42:27.788 E/mm-camera(  722): <MCT   ><ERROR> 2755: mct_stream_process_bus_msg: isp_sof_bus_msg is 0xecac0130
01-17 16:42:27.788 E/mm-camera(  722): <MCT   ><ERROR> 2757: mct_stream_process_bus_msg: frameid is 78 hal_version is 3
01-17 16:42:27.789 E/mm-camera(  722): <MCT   ><ERROR> 2759: mct_stream_process_bus_msg: kstate_ptr is 0xe9d487d4, isp_kstate_ptr is 0xeda49000
01-17 16:42:27.790 E/mm-camera(  722): <MCT   ><ERROR> 2765: mct_stream_process_bus_msg: frame_id is 78
01-17 16:42:27.790 E/QCamera (  722): <MCI><ERROR> mm_stream_data_notify: 337: E, my_handle = 0xb500, fd = 69, state = 6 blackjoe
01-17 16:42:27.790 E/QCamera (  722): <MCI><ERROR> mm_stream_read_msm_frame: 1723: E, my_handle = 0xb500, fd = 69, state = 6 blackjoe
01-17 16:42:27.791 I/QCamera (  722): <MCI><INFO> mm_stream_read_msm_frame: 1770: VIDIOC_DQBUF buf_index 5, frame_idx 77, stream type 7, rc 0,queued: 17, buf_type = 0 flags = 8192 FD = 69 my_num 0 buf fd 93
01-17 16:42:27.791 E/QCamera (  722): <MCI><ERROR> mm_stream_read_msm_frame: 1790: X rc = 0
01-17 16:42:27.791 I/QCamera (  722): <MCI><INFO> mm_stream_handle_rcvd_buf: 220: E, my_handle = 0xb500, fd = 69, state = 6
01-17 16:42:27.791 I/QCamera (  722): <MCI><INFO> mm_stream_handle_rcvd_buf: 244: has cb and it is active by blackjoe
01-17 16:42:27.792 I/QCamera (  722): <MCI><INFO> mm_stream_dispatch_app_data: 415: E, my_handle = 0xb500, fd = 69, state = 6
01-17 16:42:27.792 I/QCamera (  722): <MCI><INFO> mm_stream_dispatch_app_data: 436: frame_sync.is_active = 0, is_cb_active = 1
01-17 16:42:27.792 I/QCamera (  722): <MCI><INFO> mm_stream_dispatch_app_data: 457: Enter callback by blackjoe
01-17 16:42:27.793 E/mm-camera(  722): <STATS_AIS ><ERROR> 1316: dsps_process_response_gyro: Query request denied, error code = 5, QId_valid = 1, QueryId = 0x4e0a, AckNak_valid = 1, AckNak = 3
01-17 16:42:27.794 E/mm-camera(  722): <MCT   ><ERROR> 4828: mct_pipeline_process_serv_msg: pipeline blackjoe data->sessionid 3 pipeline->session 3 msgid 3
01-17 16:42:27.794 E/mm-camera(  722): <MCT   ><ERROR> 4299: mct_pipeline_process_set: command is 0x8000014 blackjoe CAM_PRIV_PARM 0x8000014
01-17 16:42:27.813 E/        (    0): frame_src is 1 frame_id is 79 blackjoe
01-17 16:42:27.802 E/QCamera (  722): <MCI><ERROR> mm_stream_data_notify: 337: E, my_handle = 0xb601, fd = 79, state = 6 blackjoe
01-17 16:42:27.803 E/QCamera (  722): <MCI><ERROR> mm_stream_read_msm_frame: 1723: E, my_handle = 0xb601, fd = 79, state = 6 blackjoe
01-17 16:42:27.803 E/mm-camera(  722): <SENSOR><ERROR> 4883: sensor_get_frame_duration: resolution is invalid, it seems stream has stopped.
01-17 16:42:27.803 E/mm-camera(  722): <SENSOR><ERROR> 884: sensor_fc_report_meta: Failed to get frame duration
01-17 16:42:27.803 I/QCamera (  722): <MCI><INFO> mm_stream_read_msm_frame: 1770: VIDIOC_DQBUF buf_index 9, frame_idx 78, stream type 8, rc 0,queued: 5, buf_type = 0 flags = 8192 FD = 79 my_num 0 buf fd 140
01-17 16:42:27.803 E/mm-camera(  722): <SENSOR><ERROR> 4805: sensor_get_exposure_time: resolution is invalid, it seems stream has stopped.
01-17 16:42:27.803 E/QCamera (  722): <MCI><ERROR> mm_stream_read_msm_frame: 1790: X rc = 0
01-17 16:42:27.803 E/mm-camera(  722): <SENSOR><ERROR> 904: sensor_fc_report_meta: Failed to get exposure time
01-17 16:42:27.803 I/QCamera (  722): <MCI><INFO> mm_stream_handle_rcvd_buf: 220: E, my_handle = 0xb601, fd = 79, state = 6
01-17 16:42:27.803 E/mm-camera(  722): <MCT   ><ERROR> 4828: mct_pipeline_process_serv_msg: pipeline blackjoe data->sessionid 3 pipeline->session 3 msgid 3
01-17 16:42:27.804 E/mm-camera(  722): <MCT   ><ERROR> 4299: mct_pipeline_process_set: command is 0x8000014 blackjoe CAM_PRIV_PARM 0x8000014
01-17 16:42:27.804 I/QCamera (  722): <MCI><INFO> mm_stream_handle_rcvd_buf: 244: has cb and it is active by blackjoe
01-17 16:42:27.804 E/mm-camera(  722): <MCT   ><ERROR> 2722: mct_stream_process_bus_msg: Check the runing function blackjoe 
01-17 16:42:27.804 I/QCamera (  722): <MCI><INFO> mm_stream_dispatch_app_data: 415: E, my_handle = 0xb601, fd = 79, state = 6
01-17 16:42:27.805 E/mm-camera(  722): <MCT   ><ERROR> 2755: mct_stream_process_bus_msg: isp_sof_bus_msg is 0xecac0010
01-17 16:42:27.805 I/QCamera (  722): <MCI><INFO> mm_stream_dispatch_app_data: 436: frame_sync.is_active = 0, is_cb_active = 1
01-17 16:42:27.805 E/mm-camera(  722): <MCT   ><ERROR> 2757: mct_stream_process_bus_msg: frameid is 79 hal_version is 3
01-17 16:42:27.805 I/QCamera (  722): <MCI><INFO> mm_stream_dispatch_app_data: 457: Enter callback by blackjoe
01-17 16:42:27.805 E/mm-camera(  722): <MCT   ><ERROR> 2759: mct_stream_process_bus_msg: kstate_ptr is 0xe9d487d4, isp_kstate_ptr is 0xeda49000
01-17 16:42:27.805 E/mm-camera(  722): <MCT   ><ERROR> 2765: mct_stream_process_bus_msg: frame_id is 79
01-17 16:42:27.806 E/QCamera (  722): <MCI><ERROR> mm_stream_data_notify: 337: E, my_handle = 0xb500, fd = 69, state = 6 blackjoe
01-17 16:42:27.806 E/QCamera (  722): <MCI><ERROR> mm_stream_read_msm_frame: 1723: E, my_handle = 0xb500, fd = 69, state = 6 blackjoe
01-17 16:42:27.807 I/QCamera (  722): <MCI><INFO> mm_stream_read_msm_frame: 1770: VIDIOC_DQBUF buf_index 6, frame_idx 78, stream type 7, rc 0,queued: 17, buf_type = 0 flags = 8192 FD = 69 my_num 0 buf fd 95
01-17 16:42:27.807 E/QCamera (  722): <MCI><ERROR> mm_stream_read_msm_frame: 1790: X rc = 0
01-17 16:42:27.809 E/mm-camera(  722): <STATS_AIS ><ERROR> 1316: dsps_process_response_gyro: Query request denied, error code = 5, QId_valid = 1, QueryId = 0x4f0a, AckNak_valid = 1, AckNak = 3
01-17 16:42:27.810 I/QCamera (  722): <MCI><INFO> mm_stream_handle_rcvd_buf: 220: E, my_handle = 0xb500, fd = 69, state = 6
01-17 16:42:27.810 I/QCamera (  722): <MCI><INFO> mm_stream_handle_rcvd_buf: 244: has cb and it is active by blackjoe
01-17 16:42:27.810 I/QCamera (  722): <MCI><INFO> mm_stream_dispatch_app_data: 415: E, my_handle = 0xb500, fd = 69, state = 6
01-17 16:42:27.811 I/QCamera (  722): <MCI><INFO> mm_stream_dispatch_app_data: 436: frame_sync.is_active = 0, is_cb_active = 1
01-17 16:42:27.811 I/QCamera (  722): <MCI><INFO> mm_stream_dispatch_app_data: 457: Enter callback by blackjoe
01-17 16:42:27.819 E/QCamera (  722): <MCI><ERROR> mm_stream_data_notify: 337: E, my_handle = 0xb601, fd = 79, state = 6 blackjoe
01-17 16:42:27.819 E/QCamera (  722): <MCI><ERROR> mm_stream_read_msm_frame: 1723: E, my_handle = 0xb601, fd = 79, state = 6 blackjoe
01-17 16:42:27.820 I/QCamera (  722): <MCI><INFO> mm_stream_read_msm_frame: 1770: VIDIOC_DQBUF buf_index 10, frame_idx 79, stream type 8, rc 0,queued: 4, buf_type = 0 flags = 8192 FD = 79 my_num 0 buf fd 77
01-17 16:42:27.820 E/mm-camera(  722): <SENSOR><ERROR> 4883: sensor_get_frame_duration: resolution is invalid, it seems stream has stopped.
01-17 16:42:27.820 E/QCamera (  722): <MCI><ERROR> mm_stream_read_msm_frame: 1790: X rc = 0
01-17 16:42:27.820 E/mm-camera(  722): <SENSOR><ERROR> 884: sensor_fc_report_meta: Failed to get frame duration
01-17 16:42:27.820 I/QCamera (  722): <MCI><INFO> mm_stream_handle_rcvd_buf: 220: E, my_handle = 0xb601, fd = 79, state = 6
01-17 16:42:27.820 E/mm-camera(  722): <SENSOR><ERROR> 4805: sensor_get_exposure_time: resolution is invalid, it seems stream has stopped.
01-17 16:42:27.820 I/QCamera (  722): <MCI><INFO> mm_stream_handle_rcvd_buf: 244: has cb and it is active by blackjoe
01-17 16:42:27.820 E/mm-camera(  722): <SENSOR><ERROR> 904: sensor_fc_report_meta: Failed to get exposure time
01-17 16:42:27.821 I/QCamera (  722): <MCI><INFO> mm_stream_dispatch_app_data: 415: E, my_handle = 0xb601, fd = 79, state = 6
01-17 16:42:27.821 I/QCamera (  722): <MCI><INFO> mm_stream_dispatch_app_data: 436: frame_sync.is_active = 0, is_cb_active = 1
01-17 16:42:27.821 I/QCamera (  722): <MCI><INFO> mm_stream_dispatch_app_data: 457: Enter callback by blackjoe
01-17 16:42:27.821 E/mm-camera(  722): <MCT   ><ERROR> 4828: mct_pipeline_process_serv_msg: pipeline blackjoe data->sessionid 3 pipeline->session 3 msgid 3
01-17 16:42:27.821 E/mm-camera(  722): <MCT   ><ERROR> 2722: mct_stream_process_bus_msg: Check the runing function blackjoe 
01-17 16:42:27.822 E/mm-camera(  722): <MCT   ><ERROR> 4299: mct_pipeline_process_set: command is 0x8000014 blackjoe CAM_PRIV_PARM 0x8000014
01-17 16:42:27.822 E/mm-camera(  722): <MCT   ><ERROR> 2755: mct_stream_process_bus_msg: isp_sof_bus_msg is 0xecac1ba0
01-17 16:42:27.822 E/mm-camera(  722): <MCT   ><ERROR> 2757: mct_stream_process_bus_msg: frameid is 80 hal_version is 3
01-17 16:42:27.822 E/mm-camera(  722): <MCT   ><ERROR> 2759: mct_stream_process_bus_msg: kstate_ptr is 0xe9d487d4, isp_kstate_ptr is 0xeda49000
01-17 16:42:27.822 E/mm-camera(  722): <MCT   ><ERROR> 2765: mct_stream_process_bus_msg: frame_id is 80
01-17 16:42:27.822 E/QCamera (  722): <MCI><ERROR> mm_stream_data_notify: 337: E, my_handle = 0xb500, fd = 69, state = 6 blackjoe
01-17 16:42:27.823 E/QCamera (  722): <MCI><ERROR> mm_stream_read_msm_frame: 1723: E, my_handle = 0xb500, fd = 69, state = 6 blackjoe
01-17 16:42:27.823 I/QCamera (  722): <MCI><INFO> mm_stream_read_msm_frame: 1770: VIDIOC_DQBUF buf_index 7, frame_idx 79, stream type 7, rc 0,queued: 17, buf_type = 0 flags = 8192 FD = 69 my_num 0 buf fd 97
01-17 16:42:27.823 E/QCamera (  722): <MCI><ERROR> mm_stream_read_msm_frame: 1790: X rc = 0
01-17 16:42:27.823 I/QCamera (  722): <MCI><INFO> mm_stream_handle_rcvd_buf: 220: E, my_handle = 0xb500, fd = 69, state = 6
01-17 16:42:27.824 I/QCamera (  722): <MCI><INFO> mm_stream_handle_rcvd_buf: 244: has cb and it is active by blackjoe
01-17 16:42:27.824 I/QCamera (  722): <MCI><INFO> mm_stream_dispatch_app_data: 415: E, my_handle = 0xb500, fd = 69, state = 6
01-17 16:42:27.824 I/QCamera (  722): <MCI><INFO> mm_stream_dispatch_app_data: 436: frame_sync.is_active = 0, is_cb_active = 1
01-17 16:42:27.824 I/QCamera (  722): <MCI><INFO> mm_stream_dispatch_app_data: 457: Enter callback by blackjoe
01-17 16:42:27.826 E/mm-camera(  722): <STATS_AIS ><ERROR> 1316: dsps_process_response_gyro: Query request denied, error code = 5, QId_valid = 1, QueryId = 0x500a, AckNak_valid = 1, AckNak = 3
01-17 16:42:27.829 E/        (    0): frame_src is 1 frame_id is 80 blackjoe
01-17 16:42:27.833 E/mm-camera(  722): <MCT   ><ERROR> 4828: mct_pipeline_process_serv_msg: pipeline blackjoe data->sessionid 3 pipeline->session 3 msgid 3
01-17 16:42:27.834 E/mm-camera(  722): <MCT   ><ERROR> 4299: mct_pipeline_process_set: command is 0x8000014 blackjoe CAM_PRIV_PARM 0x8000014
01-17 16:42:27.868 E/QCamera (  722): <MCI><ERROR> mm_stream_data_notify: 337: E, my_handle = 0xb601, fd = 79, state = 6 blackjoe
01-17 16:42:27.868 E/mm-camera(  722): <SENSOR><ERROR> 4883: sensor_get_frame_duration: resolution is invalid, it seems stream has stopped.
01-17 16:42:27.869 E/QCamera (  722): <MCI><ERROR> mm_stream_read_msm_frame: 1723: E, my_handle = 0xb601, fd = 79, state = 6 blackjoe
01-17 16:42:27.869 E/mm-camera(  722): <SENSOR><ERROR> 884: sensor_fc_report_meta: Failed to get frame duration
01-17 16:42:27.869 E/mm-camera(  722): <SENSOR><ERROR> 4805: sensor_get_exposure_time: resolution is invalid, it seems stream has stopped.
01-17 16:42:27.878 E/        (    0): frame_src is 1 frame_id is 81 blackjoe
01-17 16:42:27.869 I/QCamera (  722): <MCI><INFO> mm_stream_read_msm_frame: 1770: VIDIOC_DQBUF buf_index 11, frame_idx 80, stream type 8, rc 0,queued: 5, buf_type = 0 flags = 8192 FD = 79 my_num 0 buf fd 130
01-17 16:42:27.869 E/mm-camera(  722): <SENSOR><ERROR> 904: sensor_fc_report_meta: Failed to get exposure time
01-17 16:42:27.870 E/QCamera (  722): <MCI><ERROR> mm_stream_read_msm_frame: 1790: X rc = 0
01-17 16:42:27.870 I/QCamera (  722): <MCI><INFO> mm_stream_handle_rcvd_buf: 220: E, my_handle = 0xb601, fd = 79, state = 6
01-17 16:42:27.871 I/QCamera (  722): <MCI><INFO> mm_stream_handle_rcvd_buf: 244: has cb and it is active by blackjoe
01-17 16:42:27.871 E/mm-camera(  722): <MCT   ><ERROR> 2722: mct_stream_process_bus_msg: Check the runing function blackjoe 
01-17 16:42:27.871 E/mm-camera(  722): <MCT   ><ERROR> 2755: mct_stream_process_bus_msg: isp_sof_bus_msg is 0xecac1450
01-17 16:42:27.871 I/QCamera (  722): <MCI><INFO> mm_stream_dispatch_app_data: 415: E, my_handle = 0xb601, fd = 79, state = 6
01-17 16:42:27.872 E/mm-camera(  722): <MCT   ><ERROR> 2757: mct_stream_process_bus_msg: frameid is 81 hal_version is 3
01-17 16:42:27.872 I/QCamera (  722): <MCI><INFO> mm_stream_dispatch_app_data: 436: frame_sync.is_active = 0, is_cb_active = 1
01-17 16:42:27.872 E/mm-camera(  722): <MCT   ><ERROR> 2759: mct_stream_process_bus_msg: kstate_ptr is 0xe9d487d4, isp_kstate_ptr is 0xeda49000
01-17 16:42:27.872 I/QCamera (  722): <MCI><INFO> mm_stream_dispatch_app_data: 457: Enter callback by blackjoe
01-17 16:42:27.872 E/mm-camera(  722): <MCT   ><ERROR> 2765: mct_stream_process_bus_msg: frame_id is 81
01-17 16:42:27.873 E/QCamera (  722): <MCI><ERROR> mm_stream_data_notify: 337: E, my_handle = 0xb500, fd = 69, state = 6 blackjoe
01-17 16:42:27.873 E/QCamera (  722): <MCI><ERROR> mm_stream_read_msm_frame: 1723: E, my_handle = 0xb500, fd = 69, state = 6 blackjoe
01-17 16:42:27.876 I/QCamera (  722): <MCI><INFO> mm_stream_read_msm_frame: 1770: VIDIOC_DQBUF buf_index 8, frame_idx 80, stream type 7, rc 0,queued: 17, buf_type = 0 flags = 8192 FD = 69 my_num 0 buf fd 99
01-17 16:42:27.876 E/QCamera (  722): <MCI><ERROR> mm_stream_read_msm_frame: 1790: X rc = 0
01-17 16:42:27.876 I/QCamera (  722): <MCI><INFO> mm_stream_handle_rcvd_buf: 220: E, my_handle = 0xb500, fd = 69, state = 6
01-17 16:42:27.876 E/mm-camera(  722): <STATS_AIS ><ERROR> 1316: dsps_process_response_gyro: Query request denied, error code = 5, QId_valid = 1, QueryId = 0x510a, AckNak_valid = 1, AckNak = 3
01-17 16:42:27.877 I/QCamera (  722): <MCI><INFO> mm_stream_handle_rcvd_buf: 244: has cb and it is active by blackjoe
01-17 16:42:27.877 I/QCamera (  722): <MCI><INFO> mm_stream_dispatch_app_data: 415: E, my_handle = 0xb500, fd = 69, state = 6
01-17 16:42:27.878 I/QCamera (  722): <MCI><INFO> mm_stream_dispatch_app_data: 436: frame_sync.is_active = 0, is_cb_active = 1
01-17 16:42:27.878 I/QCamera (  722): <MCI><INFO> mm_stream_dispatch_app_data: 457: Enter callback by blackjoe
01-17 16:42:27.895 E/        (    0): frame_src is 1 frame_id is 82 blackjoe
01-17 16:42:27.886 E/QCamera (  722): <MCI><ERROR> mm_stream_data_notify: 337: E, my_handle = 0xb601, fd = 79, state = 6 blackjoe
01-17 16:42:27.886 E/QCamera (  722): <MCI><ERROR> mm_stream_read_msm_frame: 1723: E, my_handle = 0xb601, fd = 79, state = 6 blackjoe
01-17 16:42:27.887 I/QCamera (  722): <MCI><INFO> mm_stream_read_msm_frame: 1770: VIDIOC_DQBUF buf_index 6, frame_idx 81, stream type 8, rc 0,queued: 4, buf_type = 0 flags = 8192 FD = 79 my_num 0 buf fd 128
01-17 16:42:27.887 E/QCamera (  722): <MCI><ERROR> mm_stream_read_msm_frame: 1790: X rc = 0
01-17 16:42:27.887 I/QCamera (  722): <MCI><INFO> mm_stream_handle_rcvd_buf: 220: E, my_handle = 0xb601, fd = 79, state = 6
01-17 16:42:27.888 I/QCamera (  722): <MCI><INFO> mm_stream_handle_rcvd_buf: 244: has cb and it is active by blackjoe
01-17 16:42:27.887 E/mm-camera(  722): <SENSOR><ERROR> 4883: sensor_get_frame_duration: resolution is invalid, it seems stream has stopped.
01-17 16:42:27.888 E/mm-camera(  722): <SENSOR><ERROR> 884: sensor_fc_report_meta: Failed to get frame duration
01-17 16:42:27.889 I/QCamera (  722): <MCI><INFO> mm_stream_dispatch_app_data: 415: E, my_handle = 0xb601, fd = 79, state = 6
01-17 16:42:27.889 E/mm-camera(  722): <MCT   ><ERROR> 4828: mct_pipeline_process_serv_msg: pipeline blackjoe data->sessionid 3 pipeline->session 3 msgid 3
01-17 16:42:27.889 E/mm-camera(  722): <SENSOR><ERROR> 4805: sensor_get_exposure_time: resolution is invalid, it seems stream has stopped.
01-17 16:42:27.889 I/QCamera (  722): <MCI><INFO> mm_stream_dispatch_app_data: 436: frame_sync.is_active = 0, is_cb_active = 1
01-17 16:42:27.889 E/mm-camera(  722): <SENSOR><ERROR> 904: sensor_fc_report_meta: Failed to get exposure time
01-17 16:42:27.890 I/QCamera (  722): <MCI><INFO> mm_stream_dispatch_app_data: 457: Enter callback by blackjoe
01-17 16:42:27.891 E/mm-camera(  722): <MCT   ><ERROR> 4299: mct_pipeline_process_set: command is 0x8000014 blackjoe CAM_PRIV_PARM 0x8000014
01-17 16:42:27.891 E/mm-camera(  722): <MCT   ><ERROR> 2722: mct_stream_process_bus_msg: Check the runing function blackjoe 
01-17 16:42:27.892 E/mm-camera(  722): <MCT   ><ERROR> 2755: mct_stream_process_bus_msg: isp_sof_bus_msg is 0xecac1c30
01-17 16:42:27.893 E/mm-camera(  722): <MCT   ><ERROR> 2757: mct_stream_process_bus_msg: frameid is 82 hal_version is 3
01-17 16:42:27.893 E/mm-camera(  722): <MCT   ><ERROR> 2759: mct_stream_process_bus_msg: kstate_ptr is 0xe9d487d4, isp_kstate_ptr is 0xeda49000
01-17 16:42:27.893 E/mm-camera(  722): <MCT   ><ERROR> 2765: mct_stream_process_bus_msg: frame_id is 82
01-17 16:42:27.894 E/QCamera (  722): <MCI><ERROR> mm_stream_data_notify: 337: E, my_handle = 0xb500, fd = 69, state = 6 blackjoe
01-17 16:42:27.894 E/QCamera (  722): <MCI><ERROR> mm_stream_read_msm_frame: 1723: E, my_handle = 0xb500, fd = 69, state = 6 blackjoe
01-17 16:42:27.895 E/mm-camera(  722): <STATS_AIS ><ERROR> 1316: dsps_process_response_gyro: Query request denied, error code = 5, QId_valid = 1, QueryId = 0x520a, AckNak_valid = 1, AckNak = 3
01-17 16:42:27.895 I/QCamera (  722): <MCI><INFO> mm_stream_read_msm_frame: 1770: VIDIOC_DQBUF buf_index 9, frame_idx 81, stream type 7, rc 0,queued: 17, buf_type = 0 flags = 8192 FD = 69 my_num 0 buf fd 101
01-17 16:42:27.896 E/QCamera (  722): <MCI><ERROR> mm_stream_read_msm_frame: 1790: X rc = 0
01-17 16:42:27.896 I/QCamera (  722): <MCI><INFO> mm_stream_handle_rcvd_buf: 220: E, my_handle = 0xb500, fd = 69, state = 6
01-17 16:42:27.896 I/QCamera (  722): <MCI><INFO> mm_stream_handle_rcvd_buf: 244: has cb and it is active by blackjoe
01-17 16:42:27.896 I/QCamera (  722): <MCI><INFO> mm_stream_dispatch_app_data: 415: E, my_handle = 0xb500, fd = 69, state = 6
01-17 16:42:27.896 I/QCamera (  722): <MCI><INFO> mm_stream_dispatch_app_data: 436: frame_sync.is_active = 0, is_cb_active = 1
01-17 16:42:27.897 I/QCamera (  722): <MCI><INFO> mm_stream_dispatch_app_data: 457: Enter callback by blackjoe
01-17 16:42:27.911 E/        (    0): frame_src is 1 frame_id is 83 blackjoe
01-17 16:42:27.901 E/QCamera (  722): <MCI><ERROR> mm_stream_data_notify: 337: E, my_handle = 0xb601, fd = 79, state = 6 blackjoe
01-17 16:42:27.901 E/QCamera (  722): <MCI><ERROR> mm_stream_read_msm_frame: 1723: E, my_handle = 0xb601, fd = 79, state = 6 blackjoe
01-17 16:42:27.902 I/QCamera (  722): <MCI><INFO> mm_stream_read_msm_frame: 1770: VIDIOC_DQBUF buf_index 7, frame_idx 82, stream type 8, rc 0,queued: 4, buf_type = 0 flags = 8192 FD = 79 my_num 0 buf fd 131
01-17 16:42:27.902 E/QCamera (  722): <MCI><ERROR> mm_stream_read_msm_frame: 1790: X rc = 0
01-17 16:42:27.902 I/QCamera (  722): <MCI><INFO> mm_stream_handle_rcvd_buf: 220: E, my_handle = 0xb601, fd = 79, state = 6
01-17 16:42:27.902 I/QCamera (  722): <MCI><INFO> mm_stream_handle_rcvd_buf: 244: has cb and it is active by blackjoe
01-17 16:42:27.903 E/mm-camera(  722): <SENSOR><ERROR> 4883: sensor_get_frame_duration: resolution is invalid, it seems stream has stopped.
01-17 16:42:27.903 I/QCamera (  722): <MCI><INFO> mm_stream_dispatch_app_data: 415: E, my_handle = 0xb601, fd = 79, state = 6
01-17 16:42:27.903 E/mm-camera(  722): <SENSOR><ERROR> 884: sensor_fc_report_meta: Failed to get frame duration
01-17 16:42:27.903 I/QCamera (  722): <MCI><INFO> mm_stream_dispatch_app_data: 436: frame_sync.is_active = 0, is_cb_active = 1
01-17 16:42:27.903 E/mm-camera(  722): <SENSOR><ERROR> 4805: sensor_get_exposure_time: resolution is invalid, it seems stream has stopped.
01-17 16:42:27.903 I/QCamera (  722): <MCI><INFO> mm_stream_dispatch_app_data: 457: Enter callback by blackjoe
01-17 16:42:27.903 E/mm-camera(  722): <SENSOR><ERROR> 904: sensor_fc_report_meta: Failed to get exposure time
01-17 16:42:27.904 E/mm-camera(  722): <MCT   ><ERROR> 4828: mct_pipeline_process_serv_msg: pipeline blackjoe data->sessionid 3 pipeline->session 3 msgid 3
01-17 16:42:27.904 E/mm-camera(  722): <MCT   ><ERROR> 4299: mct_pipeline_process_set: command is 0x8000014 blackjoe CAM_PRIV_PARM 0x8000014
01-17 16:42:27.906 E/mm-camera(  722): <MCT   ><ERROR> 2722: mct_stream_process_bus_msg: Check the runing function blackjoe 
01-17 16:42:27.907 E/mm-camera(  722): <MCT   ><ERROR> 2755: mct_stream_process_bus_msg: isp_sof_bus_msg is 0xecac1c30
01-17 16:42:27.907 E/mm-camera(  722): <MCT   ><ERROR> 2757: mct_stream_process_bus_msg: frameid is 83 hal_version is 3
01-17 16:42:27.907 E/mm-camera(  722): <MCT   ><ERROR> 2759: mct_stream_process_bus_msg: kstate_ptr is 0xe9d487d4, isp_kstate_ptr is 0xeda49000
01-17 16:42:27.907 E/mm-camera(  722): <MCT   ><ERROR> 2765: mct_stream_process_bus_msg: frame_id is 83
01-17 16:42:27.908 E/QCamera (  722): <MCI><ERROR> mm_stream_data_notify: 337: E, my_handle = 0xb500, fd = 69, state = 6 blackjoe
01-17 16:42:27.908 E/QCamera (  722): <MCI><ERROR> mm_stream_read_msm_frame: 1723: E, my_handle = 0xb500, fd = 69, state = 6 blackjoe
01-17 16:42:27.908 I/QCamera (  722): <MCI><INFO> mm_stream_read_msm_frame: 1770: VIDIOC_DQBUF buf_index 10, frame_idx 82, stream type 7, rc 0,queued: 17, buf_type = 0 flags = 8192 FD = 69 my_num 0 buf fd 103
01-17 16:42:27.908 E/QCamera (  722): <MCI><ERROR> mm_stream_read_msm_frame: 1790: X rc = 0
01-17 16:42:27.909 I/QCamera (  722): <MCI><INFO> mm_stream_handle_rcvd_buf: 220: E, my_handle = 0xb500, fd = 69, state = 6
01-17 16:42:27.909 I/QCamera (  722): <MCI><INFO> mm_stream_handle_rcvd_buf: 244: has cb and it is active by blackjoe
01-17 16:42:27.909 I/QCamera (  722): <MCI><INFO> mm_stream_dispatch_app_data: 415: E, my_handle = 0xb500, fd = 69, state = 6
01-17 16:42:27.909 I/QCamera (  722): <MCI><INFO> mm_stream_dispatch_app_data: 436: frame_sync.is_active = 0, is_cb_active = 1
01-17 16:42:27.910 I/QCamera (  722): <MCI><INFO> mm_stream_dispatch_app_data: 457: Enter callback by blackjoe
01-17 16:42:27.912 E/mm-camera(  722): <STATS_AIS ><ERROR> 1316: dsps_process_response_gyro: Query request denied, error code = 5, QId_valid = 1, QueryId = 0x530a, AckNak_valid = 1, AckNak = 3
01-17 16:42:27.921 E/mm-camera(  722): <MCT   ><ERROR> 4828: mct_pipeline_process_serv_msg: pipeline blackjoe data->sessionid 3 pipeline->session 3 msgid 3
01-17 16:42:27.921 E/mm-camera(  722): <MCT   ><ERROR> 4299: mct_pipeline_process_set: command is 0x8000014 blackjoe CAM_PRIV_PARM 0x8000014
01-17 16:42:27.961 E/        (    0): frame_src is 1 frame_id is 84 blackjoe
01-17 16:42:27.951 E/QCamera (  722): <MCI><ERROR> mm_stream_data_notify: 337: E, my_handle = 0xb601, fd = 79, state = 6 blackjoe
01-17 16:42:27.951 E/QCamera (  722): <MCI><ERROR> mm_stream_read_msm_frame: 1723: E, my_handle = 0xb601, fd = 79, state = 6 blackjoe
01-17 16:42:27.951 E/mm-camera(  722): <SENSOR><ERROR> 4883: sensor_get_frame_duration: resolution is invalid, it seems stream has stopped.
01-17 16:42:27.952 E/mm-camera(  722): <SENSOR><ERROR> 884: sensor_fc_report_meta: Failed to get frame duration
01-17 16:42:27.952 I/QCamera (  722): <MCI><INFO> mm_stream_read_msm_frame: 1770: VIDIOC_DQBUF buf_index 8, frame_idx 83, stream type 8, rc 0,queued: 5, buf_type = 0 flags = 8192 FD = 79 my_num 0 buf fd 134
01-17 16:42:27.952 E/mm-camera(  722): <SENSOR><ERROR> 4805: sensor_get_exposure_time: resolution is invalid, it seems stream has stopped.
01-17 16:42:27.952 E/mm-camera(  722): <SENSOR><ERROR> 904: sensor_fc_report_meta: Failed to get exposure time
01-17 16:42:27.952 E/QCamera (  722): <MCI><ERROR> mm_stream_read_msm_frame: 1790: X rc = 0
01-17 16:42:27.953 I/QCamera (  722): <MCI><INFO> mm_stream_handle_rcvd_buf: 220: E, my_handle = 0xb601, fd = 79, state = 6
01-17 16:42:27.953 I/QCamera (  722): <MCI><INFO> mm_stream_handle_rcvd_buf: 244: has cb and it is active by blackjoe
01-17 16:42:27.954 I/QCamera (  722): <MCI><INFO> mm_stream_dispatch_app_data: 415: E, my_handle = 0xb601, fd = 79, state = 6
01-17 16:42:27.954 E/mm-camera(  722): <MCT   ><ERROR> 2722: mct_stream_process_bus_msg: Check the runing function blackjoe 
01-17 16:42:27.954 I/QCamera (  722): <MCI><INFO> mm_stream_dispatch_app_data: 436: frame_sync.is_active = 0, is_cb_active = 1
01-17 16:42:27.954 E/mm-camera(  722): <MCT   ><ERROR> 2755: mct_stream_process_bus_msg: isp_sof_bus_msg is 0xecac1b10
01-17 16:42:27.954 I/QCamera (  722): <MCI><INFO> mm_stream_dispatch_app_data: 457: Enter callback by blackjoe
01-17 16:42:27.954 E/mm-camera(  722): <MCT   ><ERROR> 2757: mct_stream_process_bus_msg: frameid is 84 hal_version is 3
01-17 16:42:27.955 E/mm-camera(  722): <MCT   ><ERROR> 2759: mct_stream_process_bus_msg: kstate_ptr is 0xe9d487d4, isp_kstate_ptr is 0xeda49000
01-17 16:42:27.955 E/mm-camera(  722): <MCT   ><ERROR> 2765: mct_stream_process_bus_msg: frame_id is 84
01-17 16:42:27.956 E/QCamera (  722): <MCI><ERROR> mm_stream_data_notify: 337: E, my_handle = 0xb500, fd = 69, state = 6 blackjoe
01-17 16:42:27.957 E/QCamera (  722): <MCI><ERROR> mm_stream_read_msm_frame: 1723: E, my_handle = 0xb500, fd = 69, state = 6 blackjoe
01-17 16:42:27.958 I/QCamera (  722): <MCI><INFO> mm_stream_read_msm_frame: 1770: VIDIOC_DQBUF buf_index 11, frame_idx 83, stream type 7, rc 0,queued: 17, buf_type = 0 flags = 8192 FD = 69 my_num 0 buf fd 105
01-17 16:42:27.958 E/QCamera (  722): <MCI><ERROR> mm_stream_read_msm_frame: 1790: X rc = 0
01-17 16:42:27.959 I/QCamera (  722): <MCI><INFO> mm_stream_handle_rcvd_buf: 220: E, my_handle = 0xb500, fd = 69, state = 6
01-17 16:42:27.959 E/mm-camera(  722): <STATS_AIS ><ERROR> 1316: dsps_process_response_gyro: Query request denied, error code = 5, QId_valid = 1, QueryId = 0x540a, AckNak_valid = 1, AckNak = 3
01-17 16:42:27.959 I/QCamera (  722): <MCI><INFO> mm_stream_handle_rcvd_buf: 244: has cb and it is active by blackjoe
01-17 16:42:27.960 I/QCamera (  722): <MCI><INFO> mm_stream_dispatch_app_data: 415: E, my_handle = 0xb500, fd = 69, state = 6
01-17 16:42:27.960 I/QCamera (  722): <MCI><INFO> mm_stream_dispatch_app_data: 436: frame_sync.is_active = 0, is_cb_active = 1
01-17 16:42:27.960 I/QCamera (  722): <MCI><INFO> mm_stream_dispatch_app_data: 457: Enter callback by blackjoe
01-17 16:42:27.978 E/        (    0): frame_src is 1 frame_id is 85 blackjoe
01-17 16:42:27.967 E/QCamera (  722): <MCI><ERROR> mm_stream_data_notify: 337: E, my_handle = 0xb601, fd = 79, state = 6 blackjoe
01-17 16:42:27.969 E/QCamera (  722): <MCI><ERROR> mm_stream_read_msm_frame: 1723: E, my_handle = 0xb601, fd = 79, state = 6 blackjoe
01-17 16:42:27.970 I/QCamera (  722): <MCI><INFO> mm_stream_read_msm_frame: 1770: VIDIOC_DQBUF buf_index 9, frame_idx 84, stream type 8, rc 0,queued: 4, buf_type = 0 flags = 8192 FD = 79 my_num 0 buf fd 137
01-17 16:42:27.970 E/mm-camera(  722): <SENSOR><ERROR> 4883: sensor_get_frame_duration: resolution is invalid, it seems stream has stopped.
01-17 16:42:27.970 E/QCamera (  722): <MCI><ERROR> mm_stream_read_msm_frame: 1790: X rc = 0
01-17 16:42:27.970 I/QCamera (  722): <MCI><INFO> mm_stream_handle_rcvd_buf: 220: E, my_handle = 0xb601, fd = 79, state = 6
01-17 16:42:27.971 I/QCamera (  722): <MCI><INFO> mm_stream_handle_rcvd_buf: 244: has cb and it is active by blackjoe
01-17 16:42:27.971 E/mm-camera(  722): <MCT   ><ERROR> 4828: mct_pipeline_process_serv_msg: pipeline blackjoe data->sessionid 3 pipeline->session 3 msgid 3
01-17 16:42:27.971 E/mm-camera(  722): <SENSOR><ERROR> 884: sensor_fc_report_meta: Failed to get frame duration
01-17 16:42:27.971 E/mm-camera(  722): <MCT   ><ERROR> 4299: mct_pipeline_process_set: command is 0x8000014 blackjoe CAM_PRIV_PARM 0x8000014
01-17 16:42:27.971 E/mm-camera(  722): <SENSOR><ERROR> 4805: sensor_get_exposure_time: resolution is invalid, it seems stream has stopped.
01-17 16:42:27.972 I/QCamera (  722): <MCI><INFO> mm_stream_dispatch_app_data: 415: E, my_handle = 0xb601, fd = 79, state = 6
01-17 16:42:27.973 E/mm-camera(  722): <SENSOR><ERROR> 904: sensor_fc_report_meta: Failed to get exposure time
01-17 16:42:27.973 I/QCamera (  722): <MCI><INFO> mm_stream_dispatch_app_data: 436: frame_sync.is_active = 0, is_cb_active = 1
01-17 16:42:27.974 I/QCamera (  722): <MCI><INFO> mm_stream_dispatch_app_data: 457: Enter callback by blackjoe
01-17 16:42:27.975 E/mm-camera(  722): <MCT   ><ERROR> 2722: mct_stream_process_bus_msg: Check the runing function blackjoe 
01-17 16:42:27.975 E/mm-camera(  722): <MCT   ><ERROR> 2755: mct_stream_process_bus_msg: isp_sof_bus_msg is 0xecac05b0
01-17 16:42:27.976 E/mm-camera(  722): <MCT   ><ERROR> 2757: mct_stream_process_bus_msg: frameid is 85 hal_version is 3
01-17 16:42:27.978 E/mm-camera(  722): <MCT   ><ERROR> 2759: mct_stream_process_bus_msg: kstate_ptr is 0xe9d487d4, isp_kstate_ptr is 0xeda49000
01-17 16:42:27.978 E/mm-camera(  722): <MCT   ><ERROR> 2765: mct_stream_process_bus_msg: frame_id is 85
01-17 16:42:27.979 E/QCamera (  722): <MCI><ERROR> mm_stream_data_notify: 337: E, my_handle = 0xb500, fd = 69, state = 6 blackjoe
01-17 16:42:27.979 E/QCamera (  722): <MCI><ERROR> mm_stream_read_msm_frame: 1723: E, my_handle = 0xb500, fd = 69, state = 6 blackjoe
01-17 16:42:27.980 I/QCamera (  722): <MCI><INFO> mm_stream_read_msm_frame: 1770: VIDIOC_DQBUF buf_index 12, frame_idx 84, stream type 7, rc 0,queued: 17, buf_type = 0 flags = 8192 FD = 69 my_num 0 buf fd 107
01-17 16:42:27.980 E/mm-camera(  722): <STATS_AIS ><ERROR> 1316: dsps_process_response_gyro: Query request denied, error code = 5, QId_valid = 1, QueryId = 0x550a, AckNak_valid = 1, AckNak = 3
01-17 16:42:27.980 E/QCamera (  722): <MCI><ERROR> mm_stream_read_msm_frame: 1790: X rc = 0
01-17 16:42:27.980 I/QCamera (  722): <MCI><INFO> mm_stream_handle_rcvd_buf: 220: E, my_handle = 0xb500, fd = 69, state = 6
01-17 16:42:27.981 I/QCamera (  722): <MCI><INFO> mm_stream_handle_rcvd_buf: 244: has cb and it is active by blackjoe
01-17 16:42:27.981 I/QCamera (  722): <MCI><INFO> mm_stream_dispatch_app_data: 415: E, my_handle = 0xb500, fd = 69, state = 6
01-17 16:42:27.982 I/QCamera (  722): <MCI><INFO> mm_stream_dispatch_app_data: 436: frame_sync.is_active = 0, is_cb_active = 1
01-17 16:42:27.982 I/QCamera (  722): <MCI><INFO> mm_stream_dispatch_app_data: 457: Enter callback by blackjoe
01-17 16:42:27.994 E/        (    0): frame_src is 1 frame_id is 86 blackjoe
01-17 16:42:27.984 E/mm-camera(  722): <SENSOR><ERROR> 4883: sensor_get_frame_duration: resolution is invalid, it seems stream has stopped.
01-17 16:42:27.985 E/mm-camera(  722): <SENSOR><ERROR> 884: sensor_fc_report_meta: Failed to get frame duration
