06-02 19:28:54.599 I/QCamera (  710): <MCI><INFO> mm_stream_dispatch_app_data: 457: Enter callback by blackjoe
06-02 19:28:54.599 I/QCamera (  710): <MCI><INFO> mm_stream_dispatch_app_data: 457: Enter callback by blackjoe
06-02 19:28:54.601 E/mm-camera(  710): <STATS_AIS ><ERROR> 1316: dsps_process_response_gyro: Query request denied, error code = 5, QId_valid = 1, QueryId = 0x620a, AckNak_valid = 1, AckNak = 3
06-02 19:28:54.605 E/mm-camera(  710): <MCT   ><ERROR> 4828: mct_pipeline_process_serv_msg: pipeline blackjoe data->sessionid 3 pipeline->session 3 msgid 3
06-02 19:28:54.605 E/mm-camera(  710): <MCT   ><ERROR> 4299: mct_pipeline_process_set: command is 0x8000014 blackjoe CAM_PRIV_PARM 0x8000014
06-02 19:28:54.628 E/QCamera (  710): <MCI><ERROR> mm_stream_data_notify: 337: E, my_handle = 0x4d01, fd = 78, state = 6 blackjoe
06-02 19:28:54.628 E/mm-camera(  710): <SENSOR><ERROR> 4883: sensor_get_frame_duration: resolution is invalid, it seems stream has stopped.
06-02 19:28:54.628 E/QCamera (  710): <MCI><ERROR> mm_stream_read_msm_frame: 1723: E, my_handle = 0x4d01, fd = 78, state = 6 blackjoe
06-02 19:28:54.628 E/mm-camera(  710): <SENSOR><ERROR> 884: sensor_fc_report_meta: Failed to get frame duration
06-02 19:28:54.628 E/mm-camera(  710): <SENSOR><ERROR> 4805: sensor_get_exposure_time: resolution is invalid, it seems stream has stopped.
06-02 19:28:54.629 I/QCamera (  710): <MCI><INFO> mm_stream_read_msm_frame: 1770: VIDIOC_DQBUF buf_index 11, frame_idx 98, stream type 8, rc 0,queued: 5, buf_type = 0 flags = 8192 FD = 78 my_num 0 buf fd 140
06-02 19:28:54.629 E/mm-camera(  710): <SENSOR><ERROR> 904: sensor_fc_report_meta: Failed to get exposure time
06-02 19:28:54.629 E/QCamera (  710): <MCI><ERROR> mm_stream_read_msm_frame: 1790: X rc = 0
06-02 19:28:54.629 I/QCamera (  710): <MCI><INFO> mm_stream_handle_rcvd_buf: 220: E, my_handle = 0x4d01, fd = 78, state = 6
06-02 19:28:54.629 I/QCamera (  710): <MCI><INFO> mm_stream_handle_rcvd_buf: 244: has cb and it is active by blackjoe
06-02 19:28:54.629 I/QCamera (  710): <MCI><INFO> mm_stream_dispatch_app_data: 415: E, my_handle = 0x4d01, fd = 78, state = 6
06-02 19:28:54.629 E/mm-camera(  710): <MCT   ><ERROR> 2722: mct_stream_process_bus_msg: Check the runing function blackjoe 
06-02 19:28:54.578 E/        (    0): frame_src is 1 frame_id is 99 blackjoe
06-02 19:28:54.629 I/QCamera (  710): <MCI><INFO> mm_stream_dispatch_app_data: 436: frame_sync.is_active = 0, is_cb_active = 1
06-02 19:28:54.630 E/mm-camera(  710): <MCT   ><ERROR> 2755: mct_stream_process_bus_msg: isp_sof_bus_msg is 0xe8801c30
06-02 19:28:54.630 I/QCamera (  710): <MCI><INFO> mm_stream_dispatch_app_data: 457: Enter callback by blackjoe
06-02 19:28:54.630 E/mm-camera(  710): <MCT   ><ERROR> 2757: mct_stream_process_bus_msg: frameid is 99 hal_version is 3
06-02 19:28:54.630 E/mm-camera(  710): <MCT   ><ERROR> 2759: mct_stream_process_bus_msg: kstate_ptr is 0xe5a85a84, isp_kstate_ptr is 0xe9788000
06-02 19:28:54.630 E/mm-camera(  710): <MCT   ><ERROR> 2765: mct_stream_process_bus_msg: frame_id is 99
06-02 19:28:54.633 E/QCamera (  710): <MCI><ERROR> mm_stream_data_notify: 337: E, my_handle = 0x4c00, fd = 68, state = 6 blackjoe
06-02 19:28:54.633 E/QCamera (  710): <MCI><ERROR> mm_stream_read_msm_frame: 1723: E, my_handle = 0x4c00, fd = 68, state = 6 blackjoe
06-02 19:28:54.633 I/QCamera (  710): <MCI><INFO> mm_stream_read_msm_frame: 1770: VIDIOC_DQBUF buf_index 8, frame_idx 98, stream type 7, rc 0,queued: 17, buf_type = 0 flags = 8192 FD = 68 my_num 0 buf fd 98
06-02 19:28:54.633 E/QCamera (  710): <MCI><ERROR> mm_stream_read_msm_frame: 1790: X rc = 0
06-02 19:28:54.634 I/QCamera (  710): <MCI><INFO> mm_stream_handle_rcvd_buf: 220: E, my_handle = 0x4c00, fd = 68, state = 6
06-02 19:28:54.634 E/mm-camera(  710): <STATS_AIS ><ERROR> 1316: dsps_process_response_gyro: Query request denied, error code = 5, QId_valid = 1, QueryId = 0x630a, AckNak_valid = 1, AckNak = 3
06-02 19:28:54.634 I/QCamera (  710): <MCI><INFO> mm_stream_handle_rcvd_buf: 244: has cb and it is active by blackjoe
06-02 19:28:54.634 I/QCamera (  710): <MCI><INFO> mm_stream_dispatch_app_data: 415: E, my_handle = 0x4c00, fd = 68, state = 6
06-02 19:28:54.634 I/QCamera (  710): <MCI><INFO> mm_stream_dispatch_app_data: 436: frame_sync.is_active = 0, is_cb_active = 1
06-02 19:28:54.634 I/QCamera (  710): <MCI><INFO> mm_stream_dispatch_app_data: 457: Enter callback by blackjoe
06-02 19:28:54.641 E/mm-camera(  710): <MCT   ><ERROR> 4828: mct_pipeline_process_serv_msg: pipeline blackjoe data->sessionid 3 pipeline->session 3 msgid 3
06-02 19:28:54.641 E/mm-camera(  710): <MCT   ><ERROR> 4299: mct_pipeline_process_set: command is 0x8000014 blackjoe CAM_PRIV_PARM 0x8000014
06-02 19:28:54.701 E/QCamera (  710): <MCI><ERROR> mm_stream_data_notify: 337: E, my_handle = 0x4d01, fd = 78, state = 6 blackjoe
06-02 19:28:54.701 E/QCamera (  710): <MCI><ERROR> mm_stream_read_msm_frame: 1723: E, my_handle = 0x4d01, fd = 78, state = 6 blackjoe
06-02 19:28:54.701 I/QCamera (  710): <MCI><INFO> mm_stream_read_msm_frame: 1770: VIDIOC_DQBUF buf_index 6, frame_idx 99, stream type 8, rc 0,queued: 5, buf_type = 0 flags = 8192 FD = 78 my_num 0 buf fd 76
06-02 19:28:54.702 E/QCamera (  710): <MCI><ERROR> mm_stream_read_msm_frame: 1790: X rc = 0
06-02 19:28:54.702 I/QCamera (  710): <MCI><INFO> mm_stream_handle_rcvd_buf: 220: E, my_handle = 0x4d01, fd = 78, state = 6
06-02 19:28:54.702 I/QCamera (  710): <MCI><INFO> mm_stream_handle_rcvd_buf: 244: has cb and it is active by blackjoe
06-02 19:28:54.702 I/QCamera (  710): <MCI><INFO> mm_stream_dispatch_app_data: 415: E, my_handle = 0x4d01, fd = 78, state = 6
06-02 19:28:54.702 I/QCamera (  710): <MCI><INFO> mm_stream_dispatch_app_data: 436: frame_sync.is_active = 0, is_cb_active = 1
06-02 19:28:54.702 E/mm-camera(  710): <SENSOR><ERROR> 4883: sensor_get_frame_duration: resolution is invalid, it seems stream has stopped.
06-02 19:28:54.702 I/QCamera (  710): <MCI><INFO> mm_stream_dispatch_app_data: 457: Enter callback by blackjoe
06-02 19:28:54.703 E/mm-camera(  710): <SENSOR><ERROR> 884: sensor_fc_report_meta: Failed to get frame duration
06-02 19:28:54.703 E/mm-camera(  710): <SENSOR><ERROR> 4805: sensor_get_exposure_time: resolution is invalid, it seems stream has stopped.
06-02 19:28:54.703 E/mm-camera(  710): <SENSOR><ERROR> 904: sensor_fc_report_meta: Failed to get exposure time
06-02 19:28:54.704 E/mm-camera(  710): <MCT   ><ERROR> 2722: mct_stream_process_bus_msg: Check the runing function blackjoe 
06-02 19:28:54.704 E/mm-camera(  710): <MCT   ><ERROR> 2755: mct_stream_process_bus_msg: isp_sof_bus_msg is 0xe8801c30
06-02 19:28:54.704 E/mm-camera(  710): <MCT   ><ERROR> 2757: mct_stream_process_bus_msg: frameid is 100 hal_version is 3
06-02 19:28:54.651 E/        (    0): frame_src is 1 frame_id is 100 blackjoe
06-02 19:28:54.704 E/mm-camera(  710): <MCT   ><ERROR> 2759: mct_stream_process_bus_msg: kstate_ptr is 0xe5a85a84, isp_kstate_ptr is 0xe9788000
06-02 19:28:54.704 E/mm-camera(  710): <MCT   ><ERROR> 2765: mct_stream_process_bus_msg: frame_id is 100
06-02 19:28:54.705 E/QCamera (  710): <MCI><ERROR> mm_stream_data_notify: 337: E, my_handle = 0x4c00, fd = 68, state = 6 blackjoe
06-02 19:28:54.705 E/QCamera (  710): <MCI><ERROR> mm_stream_read_msm_frame: 1723: E, my_handle = 0x4c00, fd = 68, state = 6 blackjoe
06-02 19:28:54.705 I/QCamera (  710): <MCI><INFO> mm_stream_read_msm_frame: 1770: VIDIOC_DQBUF buf_index 9, frame_idx 99, stream type 7, rc 0,queued: 17, buf_type = 0 flags = 8192 FD = 68 my_num 0 buf fd 100
06-02 19:28:54.705 E/QCamera (  710): <MCI><ERROR> mm_stream_read_msm_frame: 1790: X rc = 0
06-02 19:28:54.706 I/QCamera (  710): <MCI><INFO> mm_stream_handle_rcvd_buf: 220: E, my_handle = 0x4c00, fd = 68, state = 6
06-02 19:28:54.706 I/QCamera (  710): <MCI><INFO> mm_stream_handle_rcvd_buf: 244: has cb and it is active by blackjoe
06-02 19:28:54.706 I/QCamera (  710): <MCI><INFO> mm_stream_dispatch_app_data: 415: E, my_handle = 0x4c00, fd = 68, state = 6
06-02 19:28:54.706 I/QCamera (  710): <MCI><INFO> mm_stream_dispatch_app_data: 436: frame_sync.is_active = 0, is_cb_active = 1
06-02 19:28:54.707 I/QCamera (  710): <MCI><INFO> mm_stream_dispatch_app_data: 457: Enter callback by blackjoe
06-02 19:28:54.707 E/mm-camera(  710): <STATS_AIS ><ERROR> 1316: dsps_process_response_gyro: Query request denied, error code = 5, QId_valid = 1, QueryId = 0x640a, AckNak_valid = 1, AckNak = 3
06-02 19:28:54.714 E/mm-camera(  710): <MCT   ><ERROR> 4828: mct_pipeline_process_serv_msg: pipeline blackjoe data->sessionid 3 pipeline->session 3 msgid 3
06-02 19:28:54.714 E/mm-camera(  710): <MCT   ><ERROR> 4299: mct_pipeline_process_set: command is 0x8000014 blackjoe CAM_PRIV_PARM 0x8000014
06-02 19:28:54.735 E/QCamera (  710): <MCI><ERROR> mm_stream_data_notify: 337: E, my_handle = 0x4d01, fd = 78, state = 6 blackjoe
06-02 19:28:54.735 E/mm-camera(  710): <SENSOR><ERROR> 4883: sensor_get_frame_duration: resolution is invalid, it seems stream has stopped.
06-02 19:28:54.735 E/QCamera (  710): <MCI><ERROR> mm_stream_read_msm_frame: 1723: E, my_handle = 0x4d01, fd = 78, state = 6 blackjoe
06-02 19:28:54.735 E/mm-camera(  710): <SENSOR><ERROR> 884: sensor_fc_report_meta: Failed to get frame duration
06-02 19:28:54.685 E/        (    0): frame_src is 1 frame_id is 101 blackjoe
06-02 19:28:54.736 E/mm-camera(  710): <SENSOR><ERROR> 4805: sensor_get_exposure_time: resolution is invalid, it seems stream has stopped.
06-02 19:28:54.736 I/QCamera (  710): <MCI><INFO> mm_stream_read_msm_frame: 1770: VIDIOC_DQBUF buf_index 7, frame_idx 100, stream type 8, rc 0,queued: 5, buf_type = 0 flags = 8192 FD = 78 my_num 0 buf fd 127
06-02 19:28:54.736 E/mm-camera(  710): <SENSOR><ERROR> 904: sensor_fc_report_meta: Failed to get exposure time
06-02 19:28:54.736 E/QCamera (  710): <MCI><ERROR> mm_stream_read_msm_frame: 1790: X rc = 0
06-02 19:28:54.736 I/QCamera (  710): <MCI><INFO> mm_stream_handle_rcvd_buf: 220: E, my_handle = 0x4d01, fd = 78, state = 6
06-02 19:28:54.736 I/QCamera (  710): <MCI><INFO> mm_stream_handle_rcvd_buf: 244: has cb and it is active by blackjoe
06-02 19:28:54.737 I/QCamera (  710): <MCI><INFO> mm_stream_dispatch_app_data: 415: E, my_handle = 0x4d01, fd = 78, state = 6
06-02 19:28:54.737 E/mm-camera(  710): <MCT   ><ERROR> 2722: mct_stream_process_bus_msg: Check the runing function blackjoe 
06-02 19:28:54.737 I/QCamera (  710): <MCI><INFO> mm_stream_dispatch_app_data: 436: frame_sync.is_active = 0, is_cb_active = 1
06-02 19:28:54.737 E/mm-camera(  710): <MCT   ><ERROR> 2755: mct_stream_process_bus_msg: isp_sof_bus_msg is 0xe8801c30
06-02 19:28:54.737 I/QCamera (  710): <MCI><INFO> mm_stream_dispatch_app_data: 457: Enter callback by blackjoe
06-02 19:28:54.737 E/mm-camera(  710): <MCT   ><ERROR> 2757: mct_stream_process_bus_msg: frameid is 101 hal_version is 3
06-02 19:28:54.737 E/mm-camera(  710): <MCT   ><ERROR> 2759: mct_stream_process_bus_msg: kstate_ptr is 0xe5a85a84, isp_kstate_ptr is 0xe9788000
06-02 19:28:54.737 E/mm-camera(  710): <MCT   ><ERROR> 2765: mct_stream_process_bus_msg: frame_id is 101
06-02 19:28:54.738 E/QCamera (  710): <MCI><ERROR> mm_stream_data_notify: 337: E, my_handle = 0x4c00, fd = 68, state = 6 blackjoe
06-02 19:28:54.738 E/QCamera (  710): <MCI><ERROR> mm_stream_read_msm_frame: 1723: E, my_handle = 0x4c00, fd = 68, state = 6 blackjoe
06-02 19:28:54.739 I/QCamera (  710): <MCI><INFO> mm_stream_read_msm_frame: 1770: VIDIOC_DQBUF buf_index 10, frame_idx 100, stream type 7, rc 0,queued: 17, buf_type = 0 flags = 8192 FD = 68 my_num 0 buf fd 102
06-02 19:28:54.739 E/QCamera (  710): <MCI><ERROR> mm_stream_read_msm_frame: 1790: X rc = 0
06-02 19:28:54.739 I/QCamera (  710): <MCI><INFO> mm_stream_handle_rcvd_buf: 220: E, my_handle = 0x4c00, fd = 68, state = 6
06-02 19:28:54.739 I/QCamera (  710): <MCI><INFO> mm_stream_handle_rcvd_buf: 244: has cb and it is active by blackjoe
06-02 19:28:54.739 I/QCamera (  710): <MCI><INFO> mm_stream_dispatch_app_data: 415: E, my_handle = 0x4c00, fd = 68, state = 6
06-02 19:28:54.739 I/QCamera (  710): <MCI><INFO> mm_stream_dispatch_app_data: 436: frame_sync.is_active = 0, is_cb_active = 1
06-02 19:28:54.739 I/QCamera (  710): <MCI><INFO> mm_stream_dispatch_app_data: 457: Enter callback by blackjoe
06-02 19:28:54.742 E/mm-camera(  710): <STATS_AIS ><ERROR> 1316: dsps_process_response_gyro: Query request denied, error code = 5, QId_valid = 1, QueryId = 0x650a, AckNak_valid = 1, AckNak = 3
06-02 19:28:54.748 E/mm-camera(  710): <MCT   ><ERROR> 4828: mct_pipeline_process_serv_msg: pipeline blackjoe data->sessionid 3 pipeline->session 3 msgid 3
06-02 19:28:54.748 E/mm-camera(  710): <MCT   ><ERROR> 4299: mct_pipeline_process_set: command is 0x8000014 blackjoe CAM_PRIV_PARM 0x8000014
06-02 19:28:54.770 E/QCamera (  710): <MCI><ERROR> mm_stream_data_notify: 337: E, my_handle = 0x4d01, fd = 78, state = 6 blackjoe
06-02 19:28:54.770 E/QCamera (  710): <MCI><ERROR> mm_stream_read_msm_frame: 1723: E, my_handle = 0x4d01, fd = 78, state = 6 blackjoe
06-02 19:28:54.770 E/mm-camera(  710): <SENSOR><ERROR> 4883: sensor_get_frame_duration: resolution is invalid, it seems stream has stopped.
06-02 19:28:54.770 E/mm-camera(  710): <SENSOR><ERROR> 884: sensor_fc_report_meta: Failed to get frame duration
06-02 19:28:54.770 E/mm-camera(  710): <SENSOR><ERROR> 4805: sensor_get_exposure_time: resolution is invalid, it seems stream has stopped.
06-02 19:28:54.770 I/QCamera (  710): <MCI><INFO> mm_stream_read_msm_frame: 1770: VIDIOC_DQBUF buf_index 8, frame_idx 101, stream type 8, rc 0,queued: 5, buf_type = 0 flags = 8192 FD = 78 my_num 0 buf fd 130
06-02 19:28:54.771 E/mm-camera(  710): <SENSOR><ERROR> 904: sensor_fc_report_meta: Failed to get exposure time
06-02 19:28:54.771 E/QCamera (  710): <MCI><ERROR> mm_stream_read_msm_frame: 1790: X rc = 0
06-02 19:28:54.771 I/QCamera (  710): <MCI><INFO> mm_stream_handle_rcvd_buf: 220: E, my_handle = 0x4d01, fd = 78, state = 6
06-02 19:28:54.771 I/QCamera (  710): <MCI><INFO> mm_stream_handle_rcvd_buf: 244: has cb and it is active by blackjoe
06-02 19:28:54.771 I/QCamera (  710): <MCI><INFO> mm_stream_dispatch_app_data: 415: E, my_handle = 0x4d01, fd = 78, state = 6
06-02 19:28:54.771 E/mm-camera(  710): <MCT   ><ERROR> 2722: mct_stream_process_bus_msg: Check the runing function blackjoe 
06-02 19:28:54.771 I/QCamera (  710): <MCI><INFO> mm_stream_dispatch_app_data: 436: frame_sync.is_active = 0, is_cb_active = 1
06-02 19:28:54.772 E/mm-camera(  710): <MCT   ><ERROR> 2755: mct_stream_process_bus_msg: isp_sof_bus_msg is 0xe8801c30
06-02 19:28:54.772 I/QCamera (  710): <MCI><INFO> mm_stream_dispatch_app_data: 457: Enter callback by blackjoe
06-02 19:28:54.772 E/mm-camera(  710): <MCT   ><ERROR> 2757: mct_stream_process_bus_msg: frameid is 102 hal_version is 3
06-02 19:28:54.772 E/mm-camera(  710): <MCT   ><ERROR> 2759: mct_stream_process_bus_msg: kstate_ptr is 0xe5a85a84, isp_kstate_ptr is 0xe9788000
06-02 19:28:54.772 E/mm-camera(  710): <MCT   ><ERROR> 2765: mct_stream_process_bus_msg: frame_id is 102
06-02 19:28:54.772 E/QCamera (  710): <MCI><ERROR> mm_stream_data_notify: 337: E, my_handle = 0x4c00, fd = 68, state = 6 blackjoe
06-02 19:28:54.772 E/QCamera (  710): <MCI><ERROR> mm_stream_read_msm_frame: 1723: E, my_handle = 0x4c00, fd = 68, state = 6 blackjoe
06-02 19:28:54.773 I/QCamera (  710): <MCI><INFO> mm_stream_read_msm_frame: 1770: VIDIOC_DQBUF buf_index 11, frame_idx 101, stream type 7, rc 0,queued: 17, buf_type = 0 flags = 8192 FD = 68 my_num 0 buf fd 104
06-02 19:28:54.773 E/QCamera (  710): <MCI><ERROR> mm_stream_read_msm_frame: 1790: X rc = 0
06-02 19:28:54.773 I/QCamera (  710): <MCI><INFO> mm_stream_handle_rcvd_buf: 220: E, my_handle = 0x4c00, fd = 68, state = 6
06-02 19:28:54.773 I/QCamera (  710): <MCI><INFO> mm_stream_handle_rcvd_buf: 244: has cb and it is active by blackjoe
06-02 19:28:54.774 I/QCamera (  710): <MCI><INFO> mm_stream_dispatch_app_data: 415: E, my_handle = 0x4c00, fd = 68, state = 6
06-02 19:28:54.774 I/QCamera (  710): <MCI><INFO> mm_stream_dispatch_app_data: 436: frame_sync.is_active = 0, is_cb_active = 1
06-02 19:28:54.774 I/QCamera (  710): <MCI><INFO> mm_stream_dispatch_app_data: 457: Enter callback by blackjoe
06-02 19:28:54.720 E/        (    0): frame_src is 1 frame_id is 102 blackjoe
06-02 19:28:54.776 E/mm-camera(  710): <STATS_AIS ><ERROR> 1316: dsps_process_response_gyro: Query request denied, error code = 5, QId_valid = 1, QueryId = 0x660a, AckNak_valid = 1, AckNak = 3
06-02 19:28:54.786 E/mm-camera(  710): <MCT   ><ERROR> 4828: mct_pipeline_process_serv_msg: pipeline blackjoe data->sessionid 3 pipeline->session 3 msgid 3
06-02 19:28:54.786 E/mm-camera(  710): <MCT   ><ERROR> 4299: mct_pipeline_process_set: command is 0x8000014 blackjoe CAM_PRIV_PARM 0x8000014
06-02 19:28:54.792 E/        (    0): frame_src is 1 frame_id is 103 blackjoe
06-02 19:28:54.843 E/QCamera (  710): <MCI><ERROR> mm_stream_data_notify: 337: E, my_handle = 0x4d01, fd = 78, state = 6 blackjoe
06-02 19:28:54.843 E/mm-camera(  710): <SENSOR><ERROR> 4883: sensor_get_frame_duration: resolution is invalid, it seems stream has stopped.
06-02 19:28:54.844 E/QCamera (  710): <MCI><ERROR> mm_stream_read_msm_frame: 1723: E, my_handle = 0x4d01, fd = 78, state = 6 blackjoe
06-02 19:28:54.844 E/mm-camera(  710): <SENSOR><ERROR> 884: sensor_fc_report_meta: Failed to get frame duration
06-02 19:28:54.844 E/mm-camera(  710): <SENSOR><ERROR> 4805: sensor_get_exposure_time: resolution is invalid, it seems stream has stopped.
06-02 19:28:54.844 I/QCamera (  710): <MCI><INFO> mm_stream_read_msm_frame: 1770: VIDIOC_DQBUF buf_index 9, frame_idx 102, stream type 8, rc 0,queued: 5, buf_type = 0 flags = 8192 FD = 78 my_num 0 buf fd 134
06-02 19:28:54.844 E/mm-camera(  710): <SENSOR><ERROR> 904: sensor_fc_report_meta: Failed to get exposure time
06-02 19:28:54.845 E/QCamera (  710): <MCI><ERROR> mm_stream_read_msm_frame: 1790: X rc = 0
06-02 19:28:54.845 I/QCamera (  710): <MCI><INFO> mm_stream_handle_rcvd_buf: 220: E, my_handle = 0x4d01, fd = 78, state = 6
06-02 19:28:54.845 I/QCamera (  710): <MCI><INFO> mm_stream_handle_rcvd_buf: 244: has cb and it is active by blackjoe
06-02 19:28:54.845 I/QCamera (  710): <MCI><INFO> mm_stream_dispatch_app_data: 415: E, my_handle = 0x4d01, fd = 78, state = 6
06-02 19:28:54.846 I/QCamera (  710): <MCI><INFO> mm_stream_dispatch_app_data: 436: frame_sync.is_active = 0, is_cb_active = 1
06-02 19:28:54.846 E/mm-camera(  710): <MCT   ><ERROR> 2722: mct_stream_process_bus_msg: Check the runing function blackjoe 
06-02 19:28:54.846 I/QCamera (  710): <MCI><INFO> mm_stream_dispatch_app_data: 457: Enter callback by blackjoe
06-02 19:28:54.846 E/mm-camera(  710): <MCT   ><ERROR> 2755: mct_stream_process_bus_msg: isp_sof_bus_msg is 0xe8801c30
06-02 19:28:54.847 E/mm-camera(  710): <MCT   ><ERROR> 2757: mct_stream_process_bus_msg: frameid is 103 hal_version is 3
06-02 19:28:54.847 E/mm-camera(  710): <MCT   ><ERROR> 2759: mct_stream_process_bus_msg: kstate_ptr is 0xe5a85a84, isp_kstate_ptr is 0xe9788000
06-02 19:28:54.847 E/mm-camera(  710): <MCT   ><ERROR> 2765: mct_stream_process_bus_msg: frame_id is 103
06-02 19:28:54.848 E/QCamera (  710): <MCI><ERROR> mm_stream_data_notify: 337: E, my_handle = 0x4c00, fd = 68, state = 6 blackjoe
06-02 19:28:54.849 E/QCamera (  710): <MCI><ERROR> mm_stream_read_msm_frame: 1723: E, my_handle = 0x4c00, fd = 68, state = 6 blackjoe
06-02 19:28:54.849 I/QCamera (  710): <MCI><INFO> mm_stream_read_msm_frame: 1770: VIDIOC_DQBUF buf_index 12, frame_idx 102, stream type 7, rc 0,queued: 17, buf_type = 0 flags = 8192 FD = 68 my_num 0 buf fd 106
06-02 19:28:54.850 E/QCamera (  710): <MCI><ERROR> mm_stream_read_msm_frame: 1790: X rc = 0
06-02 19:28:54.850 I/QCamera (  710): <MCI><INFO> mm_stream_handle_rcvd_buf: 220: E, my_handle = 0x4c00, fd = 68, state = 6
06-02 19:28:54.850 I/QCamera (  710): <MCI><INFO> mm_stream_handle_rcvd_buf: 244: has cb and it is active by blackjoe
06-02 19:28:54.851 I/QCamera (  710): <MCI><INFO> mm_stream_dispatch_app_data: 415: E, my_handle = 0x4c00, fd = 68, state = 6
06-02 19:28:54.851 I/QCamera (  710): <MCI><INFO> mm_stream_dispatch_app_data: 436: frame_sync.is_active = 0, is_cb_active = 1
06-02 19:28:54.851 I/QCamera (  710): <MCI><INFO> mm_stream_dispatch_app_data: 457: Enter callback by blackjoe
06-02 19:28:54.852 E/mm-camera(  710): <STATS_AIS ><ERROR> 1316: dsps_process_response_gyro: Query request denied, error code = 5, QId_valid = 1, QueryId = 0x670a, AckNak_valid = 1, AckNak = 3
06-02 19:28:54.808 I/IRQ 6   (    0): no longer affine to CPU6
06-02 19:28:54.827 E/        (    0): frame_src is 1 frame_id is 104 blackjoe
06-02 19:28:54.877 E/QCamera (  710): <MCI><ERROR> mm_stream_data_notify: 337: E, my_handle = 0x4d01, fd = 78, state = 6 blackjoe
06-02 19:28:54.878 E/QCamera (  710): <MCI><ERROR> mm_stream_read_msm_frame: 1723: E, my_handle = 0x4d01, fd = 78, state = 6 blackjoe
06-02 19:28:54.878 E/mm-camera(  710): <SENSOR><ERROR> 4883: sensor_get_frame_duration: resolution is invalid, it seems stream has stopped.
06-02 19:28:54.878 E/mm-camera(  710): <SENSOR><ERROR> 884: sensor_fc_report_meta: Failed to get frame duration
06-02 19:28:54.878 E/mm-camera(  710): <SENSOR><ERROR> 4805: sensor_get_exposure_time: resolution is invalid, it seems stream has stopped.
06-02 19:28:54.878 I/QCamera (  710): <MCI><INFO> mm_stream_read_msm_frame: 1770: VIDIOC_DQBUF buf_index 10, frame_idx 103, stream type 8, rc 0,queued: 4, buf_type = 0 flags = 8192 FD = 78 my_num 0 buf fd 142
06-02 19:28:54.878 E/QCamera (  710): <MCI><ERROR> mm_stream_read_msm_frame: 1790: X rc = 0
06-02 19:28:54.879 E/mm-camera(  710): <SENSOR><ERROR> 904: sensor_fc_report_meta: Failed to get exposure time
06-02 19:28:54.879 I/QCamera (  710): <MCI><INFO> mm_stream_handle_rcvd_buf: 220: E, my_handle = 0x4d01, fd = 78, state = 6
06-02 19:28:54.879 I/QCamera (  710): <MCI><INFO> mm_stream_handle_rcvd_buf: 244: has cb and it is active by blackjoe
06-02 19:28:54.879 I/QCamera (  710): <MCI><INFO> mm_stream_dispatch_app_data: 415: E, my_handle = 0x4d01, fd = 78, state = 6
06-02 19:28:54.880 I/QCamera (  710): <MCI><INFO> mm_stream_dispatch_app_data: 436: frame_sync.is_active = 0, is_cb_active = 1
06-02 19:28:54.880 E/mm-camera(  710): <MCT   ><ERROR> 2722: mct_stream_process_bus_msg: Check the runing function blackjoe 
06-02 19:28:54.880 I/QCamera (  710): <MCI><INFO> mm_stream_dispatch_app_data: 457: Enter callback by blackjoe
06-02 19:28:54.880 E/mm-camera(  710): <MCT   ><ERROR> 2755: mct_stream_process_bus_msg: isp_sof_bus_msg is 0xe8801c30
06-02 19:28:54.880 E/mm-camera(  710): <MCT   ><ERROR> 2757: mct_stream_process_bus_msg: frameid is 104 hal_version is 3
06-02 19:28:54.881 E/mm-camera(  710): <MCT   ><ERROR> 2759: mct_stream_process_bus_msg: kstate_ptr is 0xe5a85a84, isp_kstate_ptr is 0xe9788000
06-02 19:28:54.881 E/mm-camera(  710): <MCT   ><ERROR> 2765: mct_stream_process_bus_msg: frame_id is 104
06-02 19:28:54.882 E/QCamera (  710): <MCI><ERROR> mm_stream_data_notify: 337: E, my_handle = 0x4c00, fd = 68, state = 6 blackjoe
06-02 19:28:54.882 E/QCamera (  710): <MCI><ERROR> mm_stream_read_msm_frame: 1723: E, my_handle = 0x4c00, fd = 68, state = 6 blackjoe
06-02 19:28:54.883 I/QCamera (  710): <MCI><INFO> mm_stream_read_msm_frame: 1770: VIDIOC_DQBUF buf_index 13, frame_idx 103, stream type 7, rc 0,queued: 17, buf_type = 0 flags = 8192 FD = 68 my_num 0 buf fd 108
06-02 19:28:54.883 E/QCamera (  710): <MCI><ERROR> mm_stream_read_msm_frame: 1790: X rc = 0
06-02 19:28:54.883 I/QCamera (  710): <MCI><INFO> mm_stream_handle_rcvd_buf: 220: E, my_handle = 0x4c00, fd = 68, state = 6
06-02 19:28:54.884 I/QCamera (  710): <MCI><INFO> mm_stream_handle_rcvd_buf: 244: has cb and it is active by blackjoe
06-02 19:28:54.884 I/QCamera (  710): <MCI><INFO> mm_stream_dispatch_app_data: 415: E, my_handle = 0x4c00, fd = 68, state = 6
06-02 19:28:54.884 I/QCamera (  710): <MCI><INFO> mm_stream_dispatch_app_data: 436: frame_sync.is_active = 0, is_cb_active = 1
06-02 19:28:54.885 I/QCamera (  710): <MCI><INFO> mm_stream_dispatch_app_data: 457: Enter callback by blackjoe
06-02 19:28:54.885 E/mm-camera(  710): <STATS_AIS ><ERROR> 1316: dsps_process_response_gyro: Query request denied, error code = 5, QId_valid = 1, QueryId = 0x680a, AckNak_valid = 1, AckNak = 3
06-02 19:28:54.861 E/        (    0): frame_src is 1 frame_id is 105 blackjoe
06-02 19:28:54.911 E/QCamera (  710): <MCI><ERROR> mm_stream_data_notify: 337: E, my_handle = 0x4d01, fd = 78, state = 6 blackjoe
06-02 19:28:54.911 E/QCamera (  710): <MCI><ERROR> mm_stream_read_msm_frame: 1723: E, my_handle = 0x4d01, fd = 78, state = 6 blackjoe
06-02 19:28:54.911 E/mm-camera(  710): <SENSOR><ERROR> 4883: sensor_get_frame_duration: resolution is invalid, it seems stream has stopped.
06-02 19:28:54.912 E/mm-camera(  710): <SENSOR><ERROR> 884: sensor_fc_report_meta: Failed to get frame duration
06-02 19:28:54.912 E/mm-camera(  710): <SENSOR><ERROR> 4805: sensor_get_exposure_time: resolution is invalid, it seems stream has stopped.
06-02 19:28:54.912 I/QCamera (  710): <MCI><INFO> mm_stream_read_msm_frame: 1770: VIDIOC_DQBUF buf_index 11, frame_idx 104, stream type 8, rc 0,queued: 3, buf_type = 0 flags = 8192 FD = 78 my_num 0 buf fd 137
06-02 19:28:54.912 E/mm-camera(  710): <SENSOR><ERROR> 904: sensor_fc_report_meta: Failed to get exposure time
06-02 19:28:54.912 E/QCamera (  710): <MCI><ERROR> mm_stream_read_msm_frame: 1790: X rc = 0
06-02 19:28:54.912 I/QCamera (  710): <MCI><INFO> mm_stream_handle_rcvd_buf: 220: E, my_handle = 0x4d01, fd = 78, state = 6
06-02 19:28:54.912 I/QCamera (  710): <MCI><INFO> mm_stream_handle_rcvd_buf: 244: has cb and it is active by blackjoe
06-02 19:28:54.913 E/mm-camera(  710): <MCT   ><ERROR> 2722: mct_stream_process_bus_msg: Check the runing function blackjoe 
06-02 19:28:54.913 E/mm-camera(  710): <MCT   ><ERROR> 2755: mct_stream_process_bus_msg: isp_sof_bus_msg is 0xe8801c30
06-02 19:28:54.914 I/QCamera (  710): <MCI><INFO> mm_stream_dispatch_app_data: 415: E, my_handle = 0x4d01, fd = 78, state = 6
06-02 19:28:54.914 I/QCamera (  710): <MCI><INFO> mm_stream_dispatch_app_data: 436: frame_sync.is_active = 0, is_cb_active = 1
06-02 19:28:54.914 I/QCamera (  710): <MCI><INFO> mm_stream_dispatch_app_data: 457: Enter callback by blackjoe
06-02 19:28:54.913 E/mm-camera(  710): <MCT   ><ERROR> 2757: mct_stream_process_bus_msg: frameid is 105 hal_version is 3
06-02 19:28:54.916 E/mm-camera(  710): <MCT   ><ERROR> 2759: mct_stream_process_bus_msg: kstate_ptr is 0xe5a85a84, isp_kstate_ptr is 0xe9788000
06-02 19:28:54.917 E/mm-camera(  710): <MCT   ><ERROR> 2765: mct_stream_process_bus_msg: frame_id is 105
06-02 19:28:54.917 E/QCamera (  710): <MCI><ERROR> mm_stream_data_notify: 337: E, my_handle = 0x4c00, fd = 68, state = 6 blackjoe
06-02 19:28:54.918 E/QCamera (  710): <MCI><ERROR> mm_stream_read_msm_frame: 1723: E, my_handle = 0x4c00, fd = 68, state = 6 blackjoe
06-02 19:28:54.918 I/QCamera (  710): <MCI><INFO> mm_stream_read_msm_frame: 1770: VIDIOC_DQBUF buf_index 14, frame_idx 104, stream type 7, rc 0,queued: 17, buf_type = 0 flags = 8192 FD = 68 my_num 0 buf fd 110
06-02 19:28:54.919 E/QCamera (  710): <MCI><ERROR> mm_stream_read_msm_frame: 1790: X rc = 0
06-02 19:28:54.919 I/QCamera (  710): <MCI><INFO> mm_stream_handle_rcvd_buf: 220: E, my_handle = 0x4c00, fd = 68, state = 6
06-02 19:28:54.919 E/mm-camera(  710): <STATS_AIS ><ERROR> 1316: dsps_process_response_gyro: Query request denied, error code = 5, QId_valid = 1, QueryId = 0x690a, AckNak_valid = 1, AckNak = 3
06-02 19:28:54.919 I/QCamera (  710): <MCI><INFO> mm_stream_handle_rcvd_buf: 244: has cb and it is active by blackjoe
06-02 19:28:54.920 I/QCamera (  710): <MCI><INFO> mm_stream_dispatch_app_data: 415: E, my_handle = 0x4c00, fd = 68, state = 6
06-02 19:28:54.920 I/QCamera (  710): <MCI><INFO> mm_stream_dispatch_app_data: 436: frame_sync.is_active = 0, is_cb_active = 1
06-02 19:28:54.921 I/QCamera (  710): <MCI><INFO> mm_stream_dispatch_app_data: 457: Enter callback by blackjoe
06-02 19:28:54.951 E/WifiScoringParams( 1599): Invalid frequency(-1), using 5G as default rssi array
06-02 19:28:54.972 D/WifiNative( 1599): Scan trigered from WifiNative
06-02 19:28:54.924 I/FUSIONWL(    0): : ==ChannelMask_GetChannels==: Dropping channel 144, not valid
06-02 19:28:54.924 I/FUSIONWL(    0): : ==ChannelMask_GetChannels==: Band Auto, Ch list length 37
06-02 19:28:54.980 V/WifiHAL ( 1348): event received NL80211_CMD_TRIGGER_SCAN
06-02 19:28:54.980 V/WifiHAL (  741): event received NL80211_CMD_TRIGGER_SCAN
06-02 19:28:54.933 E/        (    0): frame_src is 1 frame_id is 106 blackjoe
06-02 19:28:54.983 E/QCamera (  710): <MCI><ERROR> mm_stream_data_notify: 337: E, my_handle = 0x4d01, fd = 78, state = 6 blackjoe
06-02 19:28:54.984 E/QCamera (  710): <MCI><ERROR> mm_stream_read_msm_frame: 1723: E, my_handle = 0x4d01, fd = 78, state = 6 blackjoe
06-02 19:28:54.984 E/mm-camera(  710): <SENSOR><ERROR> 4883: sensor_get_frame_duration: resolution is invalid, it seems stream has stopped.
06-02 19:28:54.984 E/mm-camera(  710): <SENSOR><ERROR> 884: sensor_fc_report_meta: Failed to get frame duration
06-02 19:28:54.984 I/QCamera (  710): <MCI><INFO> mm_stream_read_msm_frame: 1770: VIDIOC_DQBUF buf_index 6, frame_idx 105, stream type 8, rc 0,queued: 2, buf_type = 0 flags = 8192 FD = 78 my_num 0 buf fd 140
06-02 19:28:54.984 E/mm-camera(  710): <SENSOR><ERROR> 4805: sensor_get_exposure_time: resolution is invalid, it seems stream has stopped.
06-02 19:28:54.984 E/QCamera (  710): <MCI><ERROR> mm_stream_read_msm_frame: 1790: X rc = 0
06-02 19:28:54.984 E/mm-camera(  710): <SENSOR><ERROR> 904: sensor_fc_report_meta: Failed to get exposure time
06-02 19:28:54.985 I/QCamera (  710): <MCI><INFO> mm_stream_handle_rcvd_buf: 220: E, my_handle = 0x4d01, fd = 78, state = 6
06-02 19:28:54.985 I/QCamera (  710): <MCI><INFO> mm_stream_handle_rcvd_buf: 244: has cb and it is active by blackjoe
06-02 19:28:54.986 E/mm-camera(  710): <MCT   ><ERROR> 2722: mct_stream_process_bus_msg: Check the runing function blackjoe 
06-02 19:28:54.986 E/mm-camera(  710): <MCT   ><ERROR> 2755: mct_stream_process_bus_msg: isp_sof_bus_msg is 0xe8801c30
06-02 19:28:54.986 E/mm-camera(  710): <MCT   ><ERROR> 2757: mct_stream_process_bus_msg: frameid is 106 hal_version is 3
06-02 19:28:54.987 E/mm-camera(  710): <MCT   ><ERROR> 2759: mct_stream_process_bus_msg: kstate_ptr is 0xe5a85a84, isp_kstate_ptr is 0xe9788000
06-02 19:28:54.987 E/mm-camera(  710): <MCT   ><ERROR> 2765: mct_stream_process_bus_msg: frame_id is 106
06-02 19:28:54.987 I/QCamera (  710): <MCI><INFO> mm_stream_dispatch_app_data: 415: E, my_handle = 0x4d01, fd = 78, state = 6
06-02 19:28:54.987 E/QCamera (  710): <MCI><ERROR> mm_stream_data_notify: 337: E, my_handle = 0x4c00, fd = 68, state = 6 blackjoe
06-02 19:28:54.987 I/QCamera (  710): <MCI><INFO> mm_stream_dispatch_app_data: 436: frame_sync.is_active = 0, is_cb_active = 1
06-02 19:28:54.988 E/QCamera (  710): <MCI><ERROR> mm_stream_read_msm_frame: 1723: E, my_handle = 0x4c00, fd = 68, state = 6 blackjoe
06-02 19:28:54.988 I/QCamera (  710): <MCI><INFO> mm_stream_dispatch_app_data: 457: Enter callback by blackjoe
06-02 19:28:54.988 I/QCamera (  710): <MCI><INFO> mm_stream_read_msm_frame: 1770: VIDIOC_DQBUF buf_index 15, frame_idx 105, stream type 7, rc 0,queued: 17, buf_type = 0 flags = 8192 FD = 68 my_num 0 buf fd 112
06-02 19:28:54.988 E/QCamera (  710): <MCI><ERROR> mm_stream_read_msm_frame: 1790: X rc = 0
06-02 19:28:54.988 I/QCamera (  710): <MCI><INFO> mm_stream_handle_rcvd_buf: 220: E, my_handle = 0x4c00, fd = 68, state = 6
06-02 19:28:54.989 I/QCamera (  710): <MCI><INFO> mm_stream_handle_rcvd_buf: 244: has cb and it is active by blackjoe
06-02 19:28:54.990 I/QCamera (  710): <MCI><INFO> mm_stream_dispatch_app_data: 415: E, my_handle = 0x4c00, fd = 68, state = 6
06-02 19:28:54.990 I/QCamera (  710): <MCI><INFO> mm_stream_dispatch_app_data: 436: frame_sync.is_active = 0, is_cb_active = 1
06-02 19:28:54.990 I/QCamera (  710): <MCI><INFO> mm_stream_dispatch_app_data: 457: Enter callback by blackjoe
06-02 19:28:54.991 E/mm-camera(  710): <STATS_AIS ><ERROR> 1316: dsps_process_response_gyro: Query request denied, error code = 5, QId_valid = 1, QueryId = 0x6a0a, AckNak_valid = 1, AckNak = 3
06-02 19:28:55.018 E/QCamera (  710): <MCI><ERROR> mm_stream_data_notify: 337: E, my_handle = 0x4d01, fd = 78, state = 6 blackjoe
06-02 19:28:55.018 E/mm-camera(  710): <SENSOR><ERROR> 4883: sensor_get_frame_duration: resolution is invalid, it seems stream has stopped.
06-02 19:28:55.018 E/mm-camera(  710): <SENSOR><ERROR> 884: sensor_fc_report_meta: Failed to get frame duration
06-02 19:28:55.018 E/QCamera (  710): <MCI><ERROR> mm_stream_read_msm_frame: 1723: E, my_handle = 0x4d01, fd = 78, state = 6 blackjoe
06-02 19:28:55.018 E/mm-camera(  710): <SENSOR><ERROR> 4805: sensor_get_exposure_time: resolution is invalid, it seems stream has stopped.
06-02 19:28:55.018 E/mm-camera(  710): <SENSOR><ERROR> 904: sensor_fc_report_meta: Failed to get exposure time
06-02 19:28:55.018 I/QCamera (  710): <MCI><INFO> mm_stream_read_msm_frame: 1770: VIDIOC_DQBUF buf_index 7, frame_idx 106, stream type 8, rc 0,queued: 1, buf_type = 0 flags = 8192 FD = 78 my_num 0 buf fd 76
06-02 19:28:55.019 E/QCamera (  710): <MCI><ERROR> mm_stream_read_msm_frame: 1790: X rc = 0
06-02 19:28:55.019 I/QCamera (  710): <MCI><INFO> mm_stream_handle_rcvd_buf: 220: E, my_handle = 0x4d01, fd = 78, state = 6
06-02 19:28:55.019 I/QCamera (  710): <MCI><INFO> mm_stream_handle_rcvd_buf: 244: has cb and it is active by blackjoe
06-02 19:28:55.019 I/QCamera (  710): <MCI><INFO> mm_stream_dispatch_app_data: 415: E, my_handle = 0x4d01, fd = 78, state = 6
06-02 19:28:55.019 I/QCamera (  710): <MCI><INFO> mm_stream_dispatch_app_data: 436: frame_sync.is_active = 0, is_cb_active = 1
06-02 19:28:55.019 I/QCamera (  710): <MCI><INFO> mm_stream_dispatch_app_data: 457: Enter callback by blackjoe
06-02 19:28:55.021 E/mm-camera(  710): <MCT   ><ERROR> 2722: mct_stream_process_bus_msg: Check the runing function blackjoe 
06-02 19:28:55.022 E/mm-camera(  710): <MCT   ><ERROR> 2755: mct_stream_process_bus_msg: isp_sof_bus_msg is 0xe8801c30
06-02 19:28:55.022 E/mm-camera(  710): <MCT   ><ERROR> 2757: mct_stream_process_bus_msg: frameid is 107 hal_version is 3
06-02 19:28:55.022 E/mm-camera(  710): <MCT   ><ERROR> 2759: mct_stream_process_bus_msg: kstate_ptr is 0xe5a85a84, isp_kstate_ptr is 0xe9788000
06-02 19:28:55.022 E/mm-camera(  710): <MCT   ><ERROR> 2765: mct_stream_process_bus_msg: frame_id is 107
06-02 19:28:55.023 E/QCamera (  710): <MCI><ERROR> mm_stream_data_notify: 337: E, my_handle = 0x4c00, fd = 68, state = 6 blackjoe
06-02 19:28:55.023 E/QCamera (  710): <MCI><ERROR> mm_stream_read_msm_frame: 1723: E, my_handle = 0x4c00, fd = 68, state = 6 blackjoe
06-02 19:28:55.024 I/QCamera (  710): <MCI><INFO> mm_stream_read_msm_frame: 1770: VIDIOC_DQBUF buf_index 16, frame_idx 106, stream type 7, rc 0,queued: 17, buf_type = 0 flags = 8192 FD = 68 my_num 0 buf fd 114
06-02 19:28:54.968 E/        (    0): frame_src is 1 frame_id is 107 blackjoe
06-02 19:28:55.024 E/QCamera (  710): <MCI><ERROR> mm_stream_read_msm_frame: 1790: X rc = 0
06-02 19:28:55.024 I/QCamera (  710): <MCI><INFO> mm_stream_handle_rcvd_buf: 220: E, my_handle = 0x4c00, fd = 68, state = 6
06-02 19:28:55.024 I/QCamera (  710): <MCI><INFO> mm_stream_handle_rcvd_buf: 244: has cb and it is active by blackjoe
06-02 19:28:55.024 I/QCamera (  710): <MCI><INFO> mm_stream_dispatch_app_data: 415: E, my_handle = 0x4c00, fd = 68, state = 6
06-02 19:28:55.024 I/QCamera (  710): <MCI><INFO> mm_stream_dispatch_app_data: 436: frame_sync.is_active = 0, is_cb_active = 1
06-02 19:28:55.025 I/QCamera (  710): <MCI><INFO> mm_stream_dispatch_app_data: 457: Enter callback by blackjoe
06-02 19:28:55.027 E/mm-camera(  710): <STATS_AIS ><ERROR> 1316: dsps_process_response_gyro: Query request denied, error code = 5, QId_valid = 1, QueryId = 0x6b0a, AckNak_valid = 1, AckNak = 3
06-02 19:28:55.002 E/        (    0): frame_src is 1 frame_id is 108 blackjoe
06-02 19:28:55.053 E/QCamera (  710): <MCI><ERROR> mm_stream_data_notify: 337: E, my_handle = 0x4d01, fd = 78, state = 6 blackjoe
06-02 19:28:55.053 E/mm-camera(  710): <SENSOR><ERROR> 4883: sensor_get_frame_duration: resolution is invalid, it seems stream has stopped.
06-02 19:28:55.053 E/mm-camera(  710): <SENSOR><ERROR> 884: sensor_fc_report_meta: Failed to get frame duration
06-02 19:28:55.053 E/QCamera (  710): <MCI><ERROR> mm_stream_read_msm_frame: 1723: E, my_handle = 0x4d01, fd = 78, state = 6 blackjoe
06-02 19:28:55.053 E/mm-camera(  710): <SENSOR><ERROR> 4805: sensor_get_exposure_time: resolution is invalid, it seems stream has stopped.
06-02 19:28:55.053 E/mm-camera(  710): <SENSOR><ERROR> 904: sensor_fc_report_meta: Failed to get exposure time
06-02 19:28:55.053 I/QCamera (  710): <MCI><INFO> mm_stream_read_msm_frame: 1770: VIDIOC_DQBUF buf_index 8, frame_idx 107, stream type 8, rc 0,queued: 0, buf_type = 0 flags = 8192 FD = 78 my_num 0 buf fd 127
06-02 19:28:55.053 E/QCamera (  710): <MCI><ERROR> mm_stream_read_msm_frame: 1790: X rc = 0
06-02 19:28:55.053 I/QCamera (  710): <MCI><INFO> mm_stream_handle_rcvd_buf: 220: E, my_handle = 0x4d01, fd = 78, state = 6
06-02 19:28:55.054 I/QCamera (  710): <MCI><INFO> mm_stream_handle_rcvd_buf: 244: has cb and it is active by blackjoe
06-02 19:28:55.054 E/mm-camera(  710): <MCT   ><ERROR> 2722: mct_stream_process_bus_msg: Check the runing function blackjoe 
06-02 19:28:55.054 I/QCamera (  710): <MCI><INFO> mm_stream_dispatch_app_data: 415: E, my_handle = 0x4d01, fd = 78, state = 6
06-02 19:28:55.054 E/mm-camera(  710): <MCT   ><ERROR> 2755: mct_stream_process_bus_msg: isp_sof_bus_msg is 0xe8800eb0
06-02 19:28:55.054 I/QCamera (  710): <MCI><INFO> mm_stream_dispatch_app_data: 436: frame_sync.is_active = 0, is_cb_active = 1
06-02 19:28:55.054 E/mm-camera(  710): <MCT   ><ERROR> 2757: mct_stream_process_bus_msg: frameid is 108 hal_version is 3
06-02 19:28:55.054 I/QCamera (  710): <MCI><INFO> mm_stream_dispatch_app_data: 457: Enter callback by blackjoe
06-02 19:28:55.054 E/mm-camera(  710): <MCT   ><ERROR> 2759: mct_stream_process_bus_msg: kstate_ptr is 0xe5a85a84, isp_kstate_ptr is 0xe9788000
06-02 19:28:55.054 E/mm-camera(  710): <MCT   ><ERROR> 2765: mct_stream_process_bus_msg: frame_id is 108
06-02 19:28:55.055 E/QCamera (  710): <MCI><ERROR> mm_stream_data_notify: 337: E, my_handle = 0x4c00, fd = 68, state = 6 blackjoe
06-02 19:28:55.055 E/QCamera (  710): <MCI><ERROR> mm_stream_read_msm_frame: 1723: E, my_handle = 0x4c00, fd = 68, state = 6 blackjoe
06-02 19:28:55.055 I/QCamera (  710): <MCI><INFO> mm_stream_read_msm_frame: 1770: VIDIOC_DQBUF buf_index 17, frame_idx 107, stream type 7, rc 0,queued: 17, buf_type = 0 flags = 8192 FD = 68 my_num 0 buf fd 116
06-02 19:28:55.056 E/QCamera (  710): <MCI><ERROR> mm_stream_read_msm_frame: 1790: X rc = 0
06-02 19:28:55.056 I/QCamera (  710): <MCI><INFO> mm_stream_handle_rcvd_buf: 220: E, my_handle = 0x4c00, fd = 68, state = 6
06-02 19:28:55.056 I/QCamera (  710): <MCI><INFO> mm_stream_handle_rcvd_buf: 244: has cb and it is active by blackjoe
06-02 19:28:55.056 I/QCamera (  710): <MCI><INFO> mm_stream_dispatch_app_data: 415: E, my_handle = 0x4c00, fd = 68, state = 6
06-02 19:28:55.056 I/QCamera (  710): <MCI><INFO> mm_stream_dispatch_app_data: 436: frame_sync.is_active = 0, is_cb_active = 1
06-02 19:28:55.056 I/QCamera (  710): <MCI><INFO> mm_stream_dispatch_app_data: 457: Enter callback by blackjoe
06-02 19:28:55.059 E/mm-camera(  710): <STATS_AIS ><ERROR> 1316: dsps_process_response_gyro: Query request denied, error code = 5, QId_valid = 1, QueryId = 0x6c0a, AckNak_valid = 1, AckNak = 3
06-02 19:28:55.060 E/ACameraDevice( 7609): onDeviceIdle sending state cb
06-02 19:28:55.060 E/NdkCameraCaptureSession( 7609): ACameraCaptureSession_getDevice: session 0x7c3ffa05c0 is already closed
06-02 19:28:55.060 I/BCReader-JNI( 7609): onReady Getting camera device from session callback failed!
06-02 19:28:55.060 E/NdkCameraDevice( 7609): ACameraDevice_getId: invalid argument! device is null
06-02 19:28:55.060 I/BCReader-JNI( 7609): Session for camera (null) is ready!
06-02 19:28:55.065 I/CameraLatencyHistogram( 1279): Stream 58 dequeueBuffer latency histogram (105) samples:
06-02 19:28:55.065 I/CameraLatencyHistogram( 1279):         5     10     15     20     25     30     35     40     45    inf (max ms)
06-02 19:28:55.065 I/CameraLatencyHistogram( 1279):      98.10   1.90   0.00   0.00   0.00   0.00   0.00   0.00   0.00   0.00 (%)
06-02 19:28:55.065 I/CameraLatencyHistogram( 1279): Stream 58 latency histogram for wait on max_buffers (99) samples:
06-02 19:28:55.065 I/CameraLatencyHistogram( 1279):        33     66     99    132    165    198    231    264    297    inf (max ms)
06-02 19:28:55.065 I/CameraLatencyHistogram( 1279):      51.52   25.25   22.22   0.00   1.01   0.00   0.00   0.00   0.00   0.00 (%)
06-02 19:28:55.071 E/mm-camera(  710): <MCT   ><ERROR> 4828: mct_pipeline_process_serv_msg: pipeline blackjoe data->sessionid 3 pipeline->session 3 msgid 3
06-02 19:28:55.071 E/mm-camera(  710): <MCT   ><ERROR> 4299: mct_pipeline_process_set: command is 0x8000009 blackjoe CAM_PRIV_PARM 0x8000014
06-02 19:28:55.071 I/mm-camera(  710): <MCT   >< INFO> 4302: mct_pipeline_process_set: command=8000009
06-02 19:28:55.071 I/mm-camera(  710): <MCT   >< INFO> 4465: mct_pipeline_process_set:  STREAM-OFF on stream 0x30002 stream type=8
06-02 19:28:55.071 I/mm-camera(  710): <IFACE >< INFO> 1841: iface_streamoff_to_thread: iface_streamoff_to_thread: E, session id = 3, user stream id = 2
06-02 19:28:55.072 I/mm-camera(  710): <IFACE >< INFO> 2472: iface_streamoff: E, session_id 3 mct_stream_id = 2
06-02 19:28:55.072 I/mm-camera(  710): <IFACE >< INFO> 12256: iface_util_get_user_streams_by_bundle: streamoff, first bundled streamoff all bindled streams!
06-02 19:28:55.075 I/mm-camera(  710): <IFACE >< INFO> 2718: iface_streamoff: session_id = 3, active_streams = 0
06-02 19:28:55.076 I/mm-camera(  710): <IFACE >< INFO> 2722: iface_streamoff: all bundled stream streamoff, clear hal bundled mask
06-02 19:28:55.076 I/mm-camera(  710): <IFACE >< INFO> 2727: iface_streamoff: X
06-02 19:28:55.076 I/mm-camera(  710): <IFACE >< INFO> 1867: iface_streamoff_to_thread: iface_streamoff_to_thread: X, session id = 3, user stream id = 2
06-02 19:28:55.076 E/mm-camera(  710): <ISP   ><ERROR> 1197: isp_handler_control_streamoff: Bundle streamon count is less than zero
06-02 19:28:55.076 E/mm-camera(  710): <ISP   ><ERROR> 1201: isp_handler_control_streamoff: invalid stream_on_count 0
06-02 19:28:55.077 I/mm-camera(  710): <IFACE >< INFO> 11005: iface_util_release_resource: camif_cnt= 0, rdi_cnt= 0, used mask 2
06-02 19:28:55.078 I/mm-camera(  710): <IFACE >< INFO> 4047: iface_destroy_hw: iface_destroy_hw: Destroy axi hw on VFE :0
06-02 19:28:55.082 I/mm-camera(  710): <MCT   >< INFO> 4482: mct_pipeline_process_set:  STREAM-OFF success for stream 0x30002, stream type=8
06-02 19:28:55.085 E/mm-camera(  710): <MCT   ><ERROR> 4828: mct_pipeline_process_serv_msg: pipeline blackjoe data->sessionid 3 pipeline->session 3 msgid 3
06-02 19:28:55.085 E/mm-camera(  710): <MCT   ><ERROR> 4299: mct_pipeline_process_set: command is 0x8000009 blackjoe CAM_PRIV_PARM 0x8000014
06-02 19:28:55.085 I/mm-camera(  710): <MCT   >< INFO> 4302: mct_pipeline_process_set: command=8000009
06-02 19:28:55.085 I/mm-camera(  710): <MCT   >< INFO> 4465: mct_pipeline_process_set:  STREAM-OFF on stream 0x30001 stream type=7
06-02 19:28:55.085 I/mm-camera(  710): <MCT   >< INFO> 4482: mct_pipeline_process_set:  STREAM-OFF success for stream 0x30001, stream type=7
06-02 19:28:55.098 I/QCamera (  710): <HAL><INFO> configureStreamsPerfLocked: 2399: stream[0] type = 0, format = 34, width = 320, height = 240, rotation = 0, usage = 0x800
06-02 19:28:55.099 E/QCamera (  710): <HAL><ERROR> validateStreamDimensions: 1491: Error: Unsupported size: 320 x 240 type: 34 array size: 1360 x 800
06-02 19:28:55.099 E/QCamera (  710): <HAL><ERROR> configureStreamsPerfLocked: 2602: Invalid stream configuration requested!
06-02 19:28:55.100 E/Camera3-Device( 1279): Camera 0: configureStreamsLocked: Set of requested inputs/outputs not supported by HAL
06-02 19:28:55.100 E/CameraDeviceClient( 1279): endConfigure: Camera 0: Unsupported set of inputs/outputs provided
06-02 19:28:55.101 E/ACameraDevice( 7609): Camera device 0 cannnot support app output configuration: Status(-8, EX_SERVICE_SPECIFIC): '3: endConfigure:513: Camera 0: Unsupported set of inputs/outputs provided'
06-02 19:28:55.101 E/ACameraDevice( 7609): Unconfigure stream failed. Device might still be configured! ret -10009
06-02 19:28:55.101 I/BCReader-JNI( 7609): ACameraCaptureSession_close session=0x7c3ffa05c0 takes ~267 ms to close
06-02 19:28:55.101 D/BCReader-JNI( 7609): LEAVE camera_status_t ZebraCamera::stopPreview():2725
06-02 19:28:55.052 E/        (    0): [SDL] misc_ioctl msg.len is 3 : 0x58 0x00 0xa8
06-02 19:28:55.052 E/        (    0): [SDL] misc_ioctl msg.len is 2 : 0xa7 0x00
06-02 19:28:55.057 E/        (    0): [SDL] misc_ioctl msg.len is 3 : 0x77 0x03 0x86
06-02 19:28:55.062 E/        (    0): [SDL] se47xx_misc_ioctl ret = -107
06-02 19:28:55.067 E/        (    0): [SDL] misc_ioctl msg.len is 3 : 0x77 0x03 0x86
06-02 19:28:55.072 E/        (    0): [SDL] se47xx_misc_ioctl ret = -107
06-02 19:28:55.077 E/        (    0): [SDL] misc_ioctl msg.len is 3 : 0x77 0x03 0x86
06-02 19:28:55.140 I/BarCodeReader( 7609): Event message: 400, arg1=0x1, arg2=0
06-02 19:28:55.141 I/BarCodeReader( 7609): Event message: 10000, arg1=0x1, arg2=2
06-02 19:28:55.082 E/        (    0): [SDL] misc_ioctl msg.len is 2 : 0x88 0x00
06-02 19:28:55.157 I/EffectsFactory(  706): EffectCreate() create_effect
06-02 19:28:55.106 D/logd    (    0): logdr: UID=0 GID=0 PID=11506 n tail=0 logMask=99 pid=0 start=0ns timeout=0ns
06-02 19:28:55.163 W/APM::AudioPolicyEngine(  840): getDevicesForStrategy() unknown strategy: -1
06-02 19:28:55.163 W/APM::AudioPolicyEngine(  840): getDevicesForStrategy() unknown strategy: -1
06-02 19:28:55.167 I/system_server( 1599): oneway function results will be dropped but finished with status OK and parcel size 4
06-02 19:28:55.169 I/system_server( 1599): oneway function results will be dropped but finished with status OK and parcel size 4
06-02 19:28:55.169 E/volume_listener(  706): check_and_set_gain_dep_cal: Failed to set gain dep cal level
06-02 19:28:55.169 D/audio_hw_primary(  706): start_output_stream: enter: stream(0xef9c21a0)usecase(1: low-latency-playback) devices(0x2) is_haptic_usecase(0)
06-02 19:28:55.170 D/SDL_SCAN( 7609): NR
06-02 19:28:55.170 D/SDL_SCAN( 7609): Scan_Complete
06-02 19:28:55.171 D/audio_hw_primary(  706): select_devices for use case (low-latency-playback)
06-02 19:28:55.171 I/msm8974_platform(  706): platform_check_and_set_codec_backend_cfg:becf: afe: bitwidth 16, samplerate 48000 channels 2, backend_idx 0 usecase = 1 device (speaker)
06-02 19:28:55.171 I/msm8974_platform(  706): platform_check_and_set_codec_backend_cfg: new_snd_devices[0] is 2
06-02 19:28:55.171 I/msm8974_platform(  706): platform_check_codec_backend_cfg:becf: afe: bitwidth 16, samplerate 48000 channels 2, backend_idx 0 usecase = 1 device (speaker)
06-02 19:28:55.175 D/msm8974_platform(  706): platform_check_codec_backend_cfg:becf: updated afe: bitwidth 16, samplerate 48000 channels 2,backend_idx 0 usecase = 1 device (speaker)
06-02 19:28:55.175 I/msm8974_platform(  706): platform_check_codec_backend_cfg:becf: afe: Codec selected backend: 0 updated bit width: 16 and sample rate: 48000
06-02 19:28:55.175 D/audio_hw_primary(  706): check_usecases_codec_backend:becf: force routing 0
06-02 19:28:55.176 D/audio_hw_primary(  706): check_usecases_codec_backend:becf: (84) check_usecases curr device: speaker, usecase device: backends match 0
06-02 19:28:55.176 D/audio_hw_primary(  706): check_usecases_codec_backend:becf: check_usecases num.of Usecases to switch 0
06-02 19:28:55.176 D/hardware_info(  706): hw_info_append_hw_type : device_name = speaker
06-02 19:28:55.176 D/audio_hw_primary(  706): enable_snd_device: snd_device(2: speaker)
06-02 19:28:55.176 D/msm8974_platform(  706): platform_get_island_cfg_on_device:island cfg status on snd_device = (speaker 0)
06-02 19:28:55.177 I/soundtrigger(  706): audio_extn_sound_trigger_update_device_status: device 0x2 of type 0 for Event 1, with Raise=0
06-02 19:28:55.177 D/audio_route(  706): Apply path: speaker
06-02 19:28:55.183 D/audio_hw_primary(  706): audio_is_true_native_stream_active:napb: (0) (low-latency-playback)id (1) sr 48000 bw (16) device speaker
06-02 19:28:55.183 D/soundtrigger(  706): audio_extn_sound_trigger_update_stream_status: uc_info->id 1 of type 0 for Event 3, with Raise=0
06-02 19:28:55.183 D/audio_hw_utils(  706): audio_extn_utils_send_app_type_cfg: usecase->out_snd_device speaker
06-02 19:28:55.184 I/audio_hw_utils(  706): send_app_type_cfg_for_device PLAYBACK app_type 69937, acdb_dev_id 15, sample_rate 48000, snd_device_be_idx 170
06-02 19:28:55.187 D/ACDB-LOADER(  706): ACDB -> send_audio_cal, acdb_id = 15, path = 0, app id = 0x11131, sample rate = 48000, afe_sample_rate = 48000
06-02 19:28:55.187 D/ACDB-LOADER(  706): ACDB -> send_asm_topology
06-02 19:28:55.187 D/ACDB-LOADER(  706): ACDB -> ACDB_CMD_GET_AUDPROC_STREAM_TOPOLOGY_ID
06-02 19:28:55.187 D/ACDB-LOADER(  706): ACDB -> send_adm_topology
06-02 19:28:55.188 D/ACDB-LOADER(  706): ACDB -> ACDB_CMD_GET_AUDPROC_COMMON_TOPOLOGY_ID
06-02 19:28:55.188 D/ACDB-LOADER(  706): ACDB -> send_audtable
06-02 19:28:55.188 D/ACDB-LOADER(  706): ACDB -> ACDB_CMD_GET_AUDPROC_COMMON_TABLE_SIZE
06-02 19:28:55.188 D/ACDB-LOADER(  706): ACDB -> ACDB_CMD_GET_AUDPROC_COMMON_TABLE
06-02 19:28:55.188 D/ACDB-LOADER(  706): ACDB -> AUDIO_SET_AUDPROC_CAL cal_type[11] acdb_id[15] app_type[69937]
