06-02 20:08:34.884 I/mm-camera(  710): <IFACE >< INFO> 580: iface_dump_axi_plane_config: hfr mode = 0, skip pattern = 0, init_frame_drop = 0
06-02 20:08:34.884 I/mm-camera(  710): <IFACE >< INFO> 613: iface_dump_axi_plane_config: plane[0]: plane_fmt 0(Y-0/CB-1/Cr-2/CrCb-3/CbCr-4)
06-02 20:08:34.884 I/mm-camera(  710): <IFACE >< INFO> 615: iface_dump_axi_plane_config: plane[0]: width = 1360, height = 800
06-02 20:08:34.884 I/mm-camera(  710): <IFACE >< INFO> 617: iface_dump_axi_plane_config: plane[0]: stride = 1360, scanlines = 832
06-02 20:08:34.884 I/mm-camera(  710): <IFACE >< INFO> 619: iface_dump_axi_plane_config: plane[0]: address_offset 0
06-02 20:08:34.884 I/mm-camera(  710): <IFACE >< INFO> 1786: iface_streamon_to_thread: iface_streamon_to_thread: E, session id = 3, user stream id = 2
06-02 20:08:34.885 E/mm-camera(  710): <ISP   ><ERROR> 823: isp_handler_control_streamon: num_isp 0
06-02 20:08:34.885 I/mm-camera(  710): <IFACE >< INFO> 2133: iface_streamon: E, session_id 3 mct_stream_id = 2
06-02 20:08:34.885 I/mm-camera(  710): <IFACE >< INFO> 12242: iface_util_get_user_streams_by_bundle: streamon, got all bundled streamon!
06-02 20:08:34.847 E/msm_ispif_config(    0): 1061 Exit
06-02 20:08:34.848 E/msm_ispif_config2(    0): Exit
06-02 20:08:34.895 E/        (    0): frame_src is 1 frame_id is 1 blackjoe
06-02 20:08:34.909 I/mm-camera(  710): <IFACE >< INFO> 2426: iface_streamon: X
06-02 20:08:34.909 I/mm-camera(  710): <IFACE >< INFO> 1815: iface_streamon_to_thread: iface_streamon_to_thread: X, session id = 3, user stream id = 2
06-02 20:08:34.909 E/mm-camera(  710): <SENSOR><ERROR> 3759: module_sensor_stream_on: return by blackjoe
06-02 20:08:34.909 I/mm-camera(  710): <MCT   >< INFO> 4482: mct_pipeline_process_set:  STREAM-ON success for stream 0x30002, stream type=8
06-02 20:08:34.910 E/QCamera (  710): <HAL><ERROR> translateToHalMetadata: 14966: Check translateToHalMetadata:14966 blackjoe
06-02 20:08:34.910 E/QCamera (  710): <HAL><ERROR> setHalFpsRange: 14639: E : setHalFpsRange: min_fps 0, max_fps 0 => will be 60 blackjoe 
06-02 20:08:34.910 I/QCamera (  710): <HAL><INFO> setHalFpsRange: 14674: aeTargetFpsRange fps: [5.000000 60.000000]
06-02 20:08:34.910 I/QCamera (  710): <HAL><INFO> setHalFpsRange: 14752: fps: [5.000000 60.000000] vid_fps: [5.000000 60.000000]
06-02 20:08:34.913 E/mm-camera(  710): <MCT   ><ERROR> 4828: mct_pipeline_process_serv_msg: pipeline blackjoe data->sessionid 3 pipeline->session 3 msgid 3
06-02 20:08:34.913 E/mm-camera(  710): <MCT   ><ERROR> 4299: mct_pipeline_process_set: command is 0x8000014 blackjoe CAM_PRIV_PARM 0x8000014
06-02 20:08:34.917 D/qdgralloc( 7609): Imported handle: 0x7c2ffc1a20 id: 1372
06-02 20:08:34.917 D/qdgralloc( 7609): GetTransportSize: num fds: 2 num ints: 22 err:0
06-02 20:08:34.918 D/qdgralloc( 1279): Imported handle: 0xe8e80210 id: 1372
06-02 20:08:34.918 D/qdgralloc( 1279): GetTransportSize: num fds: 2 num ints: 22 err:0
06-02 20:08:34.920 D/qdgralloc(  710): Imported handle: 0xe05c2790 id: 1372
06-02 20:08:34.922 E/mm-camera(  710): <MCT   ><ERROR> 4828: mct_pipeline_process_serv_msg: pipeline blackjoe data->sessionid 3 pipeline->session 3 msgid 3
06-02 20:08:34.922 E/mm-camera(  710): <MCT   ><ERROR> 4299: mct_pipeline_process_set: command is 0x8000014 blackjoe CAM_PRIV_PARM 0x8000014
06-02 20:08:34.926 D/qdgralloc( 7609): Imported handle: 0x7c2ffc3490 id: 1373
06-02 20:08:34.926 D/qdgralloc( 7609): GetTransportSize: num fds: 2 num ints: 22 err:0
06-02 20:08:34.927 D/qdgralloc( 1279): Imported handle: 0xe8e80110 id: 1373
06-02 20:08:34.927 D/qdgralloc( 1279): GetTransportSize: num fds: 2 num ints: 22 err:0
06-02 20:08:34.928 D/qdgralloc(  710): Imported handle: 0xe05c0b90 id: 1373
06-02 20:08:34.930 E/mm-camera(  710): <MCT   ><ERROR> 4828: mct_pipeline_process_serv_msg: pipeline blackjoe data->sessionid 3 pipeline->session 3 msgid 3
06-02 20:08:34.931 E/mm-camera(  710): <MCT   ><ERROR> 4299: mct_pipeline_process_set: command is 0x8000014 blackjoe CAM_PRIV_PARM 0x8000014
06-02 20:08:34.934 D/qdgralloc( 7609): Imported handle: 0x7c2ffc1b40 id: 1374
06-02 20:08:34.934 D/qdgralloc( 7609): GetTransportSize: num fds: 2 num ints: 22 err:0
06-02 20:08:34.935 D/qdgralloc( 1279): Imported handle: 0xe8e80a10 id: 1374
06-02 20:08:34.935 D/qdgralloc( 1279): GetTransportSize: num fds: 2 num ints: 22 err:0
06-02 20:08:34.938 D/qdgralloc(  710): Imported handle: 0xe05c1e10 id: 1374
06-02 20:08:34.941 E/mm-camera(  710): <MCT   ><ERROR> 4828: mct_pipeline_process_serv_msg: pipeline blackjoe data->sessionid 3 pipeline->session 3 msgid 3
06-02 20:08:34.941 E/mm-camera(  710): <MCT   ><ERROR> 4299: mct_pipeline_process_set: command is 0x8000014 blackjoe CAM_PRIV_PARM 0x8000014
06-02 20:08:34.945 D/qdgralloc( 7609): Imported handle: 0x7c2ffcbe60 id: 1375
06-02 20:08:34.945 D/qdgralloc( 7609): GetTransportSize: num fds: 2 num ints: 22 err:0
06-02 20:08:34.946 D/qdgralloc( 1279): Imported handle: 0xe8e81290 id: 1375
06-02 20:08:34.946 D/qdgralloc( 1279): GetTransportSize: num fds: 2 num ints: 22 err:0
06-02 20:08:34.947 D/qdgralloc(  710): Imported handle: 0xe05c0d90 id: 1375
06-02 20:08:34.950 E/mm-camera(  710): <MCT   ><ERROR> 1263: mct_controller_handle_SOF_proc: Invalid case ! bus_msg frame_id 1 cannot be greater than kernel_sofid 0
06-02 20:08:34.963 E/        (    0): frame_src is 1 frame_id is 3 blackjoe
06-02 20:08:34.951 E/mm-camera(  710): <MCT   ><ERROR> 4828: mct_pipeline_process_serv_msg: pipeline blackjoe data->sessionid 3 pipeline->session 3 msgid 3
06-02 20:08:34.951 E/mm-camera(  710): <MCT   ><ERROR> 4299: mct_pipeline_process_set: command is 0x8000014 blackjoe CAM_PRIV_PARM 0x8000014
06-02 20:08:34.951 E/mm-camera(  710): <SENSOR><ERROR> 5367: module_sensor_event_control_set_parm: func_tbl for submodule 4 is NULL
06-02 20:08:34.951 E/mm-camera(  710): <SENSOR><ERROR> 5174: module_sensor_event_control_set_parm: func_tbl for submodule 4 is NULL
06-02 20:08:34.951 E/mm-camera(  710): <SENSOR><ERROR> 5176: module_sensor_event_control_set_parm: CAM_INTF_META_FLASH_POWER failed
06-02 20:08:34.952 E/mm-camera(  710): <SENSOR><ERROR> 4883: sensor_get_frame_duration: resolution is invalid, it seems stream has stopped.
06-02 20:08:34.952 E/mm-camera(  710): <SENSOR><ERROR> 884: sensor_fc_report_meta: Failed to get frame duration
06-02 20:08:34.952 E/mm-camera(  710): <SENSOR><ERROR> 4805: sensor_get_exposure_time: resolution is invalid, it seems stream has stopped.
06-02 20:08:34.952 E/mm-camera(  710): <SENSOR><ERROR> 904: sensor_fc_report_meta: Failed to get exposure time
06-02 20:08:34.953 E/mm-camera(  710): <MCT   ><ERROR> 2722: mct_stream_process_bus_msg: Check the runing function blackjoe 
06-02 20:08:34.953 E/mm-camera(  710): <MCT   ><ERROR> 2755: mct_stream_process_bus_msg: isp_sof_bus_msg is 0xe8801c30
06-02 20:08:34.953 E/mm-camera(  710): <MCT   ><ERROR> 2757: mct_stream_process_bus_msg: frameid is 1 hal_version is 3
06-02 20:08:34.953 E/mm-camera(  710): <MCT   ><ERROR> 2759: mct_stream_process_bus_msg: kstate_ptr is 0xe5a85a84, isp_kstate_ptr is 0xe9788000
06-02 20:08:34.954 E/mm-camera(  710): <MCT   ><ERROR> 2765: mct_stream_process_bus_msg: frame_id is 1
06-02 20:08:34.954 E/QCamera (  710): <MCI><ERROR> mm_stream_data_notify: 337: E, my_handle = 0x3300, fd = 68, state = 6 blackjoe
06-02 20:08:34.954 E/QCamera (  710): <MCI><ERROR> mm_stream_read_msm_frame: 1723: E, my_handle = 0x3300, fd = 68, state = 6 blackjoe
06-02 20:08:34.954 I/QCamera (  710): <MCI><INFO> mm_stream_read_msm_frame: 1770: VIDIOC_DQBUF buf_index 0, frame_idx 0, stream type 7, rc 0,queued: 17, buf_type = 0 flags = 8192 FD = 68 my_num 0 buf fd 82
06-02 20:08:34.955 E/QCamera (  710): <MCI><ERROR> mm_stream_read_msm_frame: 1790: X rc = 0
06-02 20:08:34.955 D/qdgralloc( 7609): Imported handle: 0x7c2ffc39a0 id: 1376
06-02 20:08:34.955 I/QCamera (  710): <MCI><INFO> mm_stream_handle_rcvd_buf: 220: E, my_handle = 0x3300, fd = 68, state = 6
06-02 20:08:34.955 I/QCamera (  710): <MCI><INFO> mm_stream_handle_rcvd_buf: 244: has cb and it is active by blackjoe
06-02 20:08:34.955 D/qdgralloc( 7609): GetTransportSize: num fds: 2 num ints: 22 err:0
06-02 20:08:34.955 I/QCamera (  710): <MCI><INFO> mm_stream_dispatch_app_data: 415: E, my_handle = 0x3300, fd = 68, state = 6
06-02 20:08:34.955 I/QCamera (  710): <MCI><INFO> mm_stream_dispatch_app_data: 436: frame_sync.is_active = 0, is_cb_active = 1
06-02 20:08:34.956 I/QCamera (  710): <MCI><INFO> mm_stream_dispatch_app_data: 457: Enter callback by blackjoe
06-02 20:08:34.956 D/qdgralloc( 1279): Imported handle: 0xe8e80e90 id: 1376
06-02 20:08:34.956 D/qdgralloc( 1279): GetTransportSize: num fds: 2 num ints: 22 err:0
06-02 20:08:34.960 D/qdgralloc(  710): Imported handle: 0xe05c1a90 id: 1376
06-02 20:08:34.961 E/mm-camera(  710): <STATS_AIS ><ERROR> 1316: dsps_process_response_gyro: Query request denied, error code = 5, QId_valid = 1, QueryId = 0x10a, AckNak_valid = 1, AckNak = 3
06-02 20:08:34.962 E/mm-camera(  710): <MCT   ><ERROR> 4828: mct_pipeline_process_serv_msg: pipeline blackjoe data->sessionid 3 pipeline->session 3 msgid 3
06-02 20:08:34.962 E/mm-camera(  710): <MCT   ><ERROR> 4299: mct_pipeline_process_set: command is 0x8000014 blackjoe CAM_PRIV_PARM 0x8000014
06-02 20:08:34.979 E/mm-camera(  710): <SENSOR><ERROR> 4883: sensor_get_frame_duration: resolution is invalid, it seems stream has stopped.
06-02 20:08:34.980 E/mm-camera(  710): <SENSOR><ERROR> 884: sensor_fc_report_meta: Failed to get frame duration
06-02 20:08:34.980 E/mm-camera(  710): <SENSOR><ERROR> 4805: sensor_get_exposure_time: resolution is invalid, it seems stream has stopped.
06-02 20:08:34.980 E/mm-camera(  710): <SENSOR><ERROR> 904: sensor_fc_report_meta: Failed to get exposure time
06-02 20:08:34.981 E/mm-camera(  710): <MCT   ><ERROR> 2722: mct_stream_process_bus_msg: Check the runing function blackjoe 
06-02 20:08:34.981 E/mm-camera(  710): <MCT   ><ERROR> 2755: mct_stream_process_bus_msg: isp_sof_bus_msg is 0xe8800490
06-02 20:08:34.981 E/mm-camera(  710): <MCT   ><ERROR> 2757: mct_stream_process_bus_msg: frameid is 2 hal_version is 3
06-02 20:08:34.981 E/mm-camera(  710): <MCT   ><ERROR> 2759: mct_stream_process_bus_msg: kstate_ptr is 0xe5a85a84, isp_kstate_ptr is 0xe9788000
06-02 20:08:34.981 E/mm-camera(  710): <MCT   ><ERROR> 2765: mct_stream_process_bus_msg: frame_id is 2
06-02 20:08:34.982 E/QCamera (  710): <MCI><ERROR> mm_stream_data_notify: 337: E, my_handle = 0x3300, fd = 68, state = 6 blackjoe
06-02 20:08:34.982 E/QCamera (  710): <MCI><ERROR> mm_stream_read_msm_frame: 1723: E, my_handle = 0x3300, fd = 68, state = 6 blackjoe
06-02 20:08:34.982 I/QCamera (  710): <MCI><INFO> mm_stream_read_msm_frame: 1770: VIDIOC_DQBUF buf_index 1, frame_idx 1, stream type 7, rc 0,queued: 17, buf_type = 0 flags = 8192 FD = 68 my_num 0 buf fd 84
06-02 20:08:34.982 E/QCamera (  710): <MCI><ERROR> mm_stream_read_msm_frame: 1790: X rc = 0
06-02 20:08:34.982 I/QCamera (  710): <MCI><INFO> mm_stream_handle_rcvd_buf: 220: E, my_handle = 0x3300, fd = 68, state = 6
06-02 20:08:34.983 I/QCamera (  710): <MCI><INFO> mm_stream_handle_rcvd_buf: 244: has cb and it is active by blackjoe
06-02 20:08:34.985 I/QCamera (  710): <MCI><INFO> mm_stream_dispatch_app_data: 415: E, my_handle = 0x3300, fd = 68, state = 6
06-02 20:08:34.985 I/QCamera (  710): <MCI><INFO> mm_stream_dispatch_app_data: 436: frame_sync.is_active = 0, is_cb_active = 1
06-02 20:08:34.985 I/QCamera (  710): <MCI><INFO> mm_stream_dispatch_app_data: 457: Enter callback by blackjoe
06-02 20:08:34.986 E/mm-camera(  710): <STATS_AIS ><ERROR> 1316: dsps_process_response_gyro: Query request denied, error code = 5, QId_valid = 1, QueryId = 0x20a, AckNak_valid = 1, AckNak = 3
06-02 20:08:35.014 E/mm-camera(  710): <SENSOR><ERROR> 4883: sensor_get_frame_duration: resolution is invalid, it seems stream has stopped.
06-02 20:08:35.014 E/mm-camera(  710): <SENSOR><ERROR> 884: sensor_fc_report_meta: Failed to get frame duration
06-02 20:08:35.014 E/mm-camera(  710): <SENSOR><ERROR> 4805: sensor_get_exposure_time: resolution is invalid, it seems stream has stopped.
06-02 20:08:35.014 E/mm-camera(  710): <SENSOR><ERROR> 904: sensor_fc_report_meta: Failed to get exposure time
06-02 20:08:35.015 E/mm-camera(  710): <MCT   ><ERROR> 2722: mct_stream_process_bus_msg: Check the runing function blackjoe 
06-02 20:08:35.015 E/mm-camera(  710): <MCT   ><ERROR> 2755: mct_stream_process_bus_msg: isp_sof_bus_msg is 0xe8800010
06-02 20:08:35.015 E/mm-camera(  710): <MCT   ><ERROR> 2757: mct_stream_process_bus_msg: frameid is 3 hal_version is 3
06-02 20:08:35.016 E/mm-camera(  710): <MCT   ><ERROR> 2759: mct_stream_process_bus_msg: kstate_ptr is 0xe5a85a84, isp_kstate_ptr is 0xe9788000
06-02 20:08:35.016 E/mm-camera(  710): <MCT   ><ERROR> 2765: mct_stream_process_bus_msg: frame_id is 3
06-02 20:08:35.016 E/QCamera (  710): <MCI><ERROR> mm_stream_data_notify: 337: E, my_handle = 0x3300, fd = 68, state = 6 blackjoe
06-02 20:08:35.016 E/QCamera (  710): <MCI><ERROR> mm_stream_read_msm_frame: 1723: E, my_handle = 0x3300, fd = 68, state = 6 blackjoe
06-02 20:08:35.017 I/QCamera (  710): <MCI><INFO> mm_stream_read_msm_frame: 1770: VIDIOC_DQBUF buf_index 2, frame_idx 2, stream type 7, rc 0,queued: 17, buf_type = 0 flags = 8192 FD = 68 my_num 0 buf fd 86
06-02 20:08:35.017 E/QCamera (  710): <MCI><ERROR> mm_stream_read_msm_frame: 1790: X rc = 0
06-02 20:08:35.017 I/QCamera (  710): <MCI><INFO> mm_stream_handle_rcvd_buf: 220: E, my_handle = 0x3300, fd = 68, state = 6
06-02 20:08:35.017 I/QCamera (  710): <MCI><INFO> mm_stream_handle_rcvd_buf: 244: has cb and it is active by blackjoe
06-02 20:08:35.018 I/QCamera (  710): <MCI><INFO> mm_stream_dispatch_app_data: 415: E, my_handle = 0x3300, fd = 68, state = 6
06-02 20:08:35.018 I/QCamera (  710): <MCI><INFO> mm_stream_dispatch_app_data: 436: frame_sync.is_active = 0, is_cb_active = 1
06-02 20:08:35.019 I/QCamera (  710): <MCI><INFO> mm_stream_dispatch_app_data: 457: Enter callback by blackjoe
06-02 20:08:35.020 E/mm-camera(  710): <STATS_AIS ><ERROR> 1316: dsps_process_response_gyro: Query request denied, error code = 5, QId_valid = 1, QueryId = 0x30a, AckNak_valid = 1, AckNak = 3
06-02 20:08:35.070 E/        (    0): frame_src is 1 frame_id is 5 blackjoe
06-02 20:08:35.126 E/qcom-lpi-pinctrl 15070000.lpi_pinctrl(    0): lpi_pinctrl_runtime_resume: unable to get core clk handle -2
06-02 20:08:35.161 D/logd    (    0): logdr: UID=0 GID=0 PID=21462 n tail=0 logMask=99 pid=0 start=0ns timeout=0ns
06-02 20:08:35.087 E/mm-camera(  710): <SENSOR><ERROR> 4883: sensor_get_frame_duration: resolution is invalid, it seems stream has stopped.
06-02 20:08:35.087 E/mm-camera(  710): <SENSOR><ERROR> 884: sensor_fc_report_meta: Failed to get frame duration
06-02 20:08:35.087 E/mm-camera(  710): <SENSOR><ERROR> 4805: sensor_get_exposure_time: resolution is invalid, it seems stream has stopped.
06-02 20:08:35.087 E/mm-camera(  710): <SENSOR><ERROR> 904: sensor_fc_report_meta: Failed to get exposure time
06-02 20:08:35.088 E/mm-camera(  710): <MCT   ><ERROR> 2722: mct_stream_process_bus_msg: Check the runing function blackjoe 
06-02 20:08:35.088 E/mm-camera(  710): <MCT   ><ERROR> 2755: mct_stream_process_bus_msg: isp_sof_bus_msg is 0xe8801840
06-02 20:08:35.088 E/mm-camera(  710): <MCT   ><ERROR> 2757: mct_stream_process_bus_msg: frameid is 4 hal_version is 3
06-02 20:08:35.089 E/mm-camera(  710): <MCT   ><ERROR> 2759: mct_stream_process_bus_msg: kstate_ptr is 0xe5a85a84, isp_kstate_ptr is 0xe9788000
06-02 20:08:35.089 E/mm-camera(  710): <MCT   ><ERROR> 2765: mct_stream_process_bus_msg: frame_id is 4
06-02 20:08:35.086 E/QCamera (  710): <MCI><ERROR> mm_stream_data_notify: 337: E, my_handle = 0x3401, fd = 78, state = 6 blackjoe
06-02 20:08:35.089 E/QCamera (  710): <MCI><ERROR> mm_stream_read_msm_frame: 1723: E, my_handle = 0x3401, fd = 78, state = 6 blackjoe
06-02 20:08:35.090 I/QCamera (  710): <MCI><INFO> mm_stream_read_msm_frame: 1770: VIDIOC_DQBUF buf_index 6, frame_idx 3, stream type 8, rc 0,queued: 5, buf_type = 0 flags = 8192 FD = 78 my_num 0 buf fd 76
06-02 20:08:35.090 E/QCamera (  710): <MCI><ERROR> mm_stream_read_msm_frame: 1790: X rc = 0
06-02 20:08:35.090 I/QCamera (  710): <MCI><INFO> mm_stream_handle_rcvd_buf: 220: E, my_handle = 0x3401, fd = 78, state = 6
06-02 20:08:35.090 I/QCamera (  710): <MCI><INFO> mm_stream_handle_rcvd_buf: 244: has cb and it is active by blackjoe
06-02 20:08:35.090 E/QCamera (  710): <MCI><ERROR> mm_stream_data_notify: 337: E, my_handle = 0x3300, fd = 68, state = 6 blackjoe
06-02 20:08:35.090 E/QCamera (  710): <MCI><ERROR> mm_stream_read_msm_frame: 1723: E, my_handle = 0x3300, fd = 68, state = 6 blackjoe
06-02 20:08:35.091 I/QCamera (  710): <MCI><INFO> mm_stream_read_msm_frame: 1770: VIDIOC_DQBUF buf_index 3, frame_idx 3, stream type 7, rc 0,queued: 17, buf_type = 0 flags = 8192 FD = 68 my_num 0 buf fd 88
06-02 20:08:35.091 E/QCamera (  710): <MCI><ERROR> mm_stream_read_msm_frame: 1790: X rc = 0
06-02 20:08:35.091 I/QCamera (  710): <MCI><INFO> mm_stream_handle_rcvd_buf: 220: E, my_handle = 0x3300, fd = 68, state = 6
06-02 20:08:35.091 I/QCamera (  710): <MCI><INFO> mm_stream_handle_rcvd_buf: 244: has cb and it is active by blackjoe
06-02 20:08:35.092 I/QCamera (  710): <MCI><INFO> mm_stream_dispatch_app_data: 415: E, my_handle = 0x3401, fd = 78, state = 6
06-02 20:08:35.092 I/QCamera (  710): <MCI><INFO> mm_stream_dispatch_app_data: 436: frame_sync.is_active = 0, is_cb_active = 1
06-02 20:08:35.092 I/QCamera (  710): <MCI><INFO> mm_stream_dispatch_app_data: 457: Enter callback by blackjoe
06-02 20:08:35.093 I/QCamera (  710): <MCI><INFO> mm_stream_dispatch_app_data: 415: E, my_handle = 0x3300, fd = 68, state = 6
06-02 20:08:35.093 I/QCamera (  710): <MCI><INFO> mm_stream_dispatch_app_data: 436: frame_sync.is_active = 0, is_cb_active = 1
06-02 20:08:35.093 I/QCamera (  710): <MCI><INFO> mm_stream_dispatch_app_data: 457: Enter callback by blackjoe
06-02 20:08:35.095 E/mm-camera(  710): <STATS_AIS ><ERROR> 1316: dsps_process_response_gyro: Query request denied, error code = 5, QId_valid = 1, QueryId = 0x40a, AckNak_valid = 1, AckNak = 3
06-02 20:08:35.105 E/mm-camera(  710): <MCT   ><ERROR> 4828: mct_pipeline_process_serv_msg: pipeline blackjoe data->sessionid 3 pipeline->session 3 msgid 3
06-02 20:08:35.105 E/mm-camera(  710): <MCT   ><ERROR> 4299: mct_pipeline_process_set: command is 0x8000014 blackjoe CAM_PRIV_PARM 0x8000014
06-02 20:08:35.106 I/BarCodeReader( 7609): Event message: 400, arg1=0x1, arg2=0
06-02 20:08:35.107 I/BarCodeReader( 7609): Event message: 10000, arg1=0x19, arg2=7
06-02 20:08:35.120 E/QCamera (  710): <MCI><ERROR> mm_stream_data_notify: 337: E, my_handle = 0x3401, fd = 78, state = 6 blackjoe
06-02 20:08:35.121 E/QCamera (  710): <MCI><ERROR> mm_stream_read_msm_frame: 1723: E, my_handle = 0x3401, fd = 78, state = 6 blackjoe
06-02 20:08:35.121 E/mm-camera(  710): <SENSOR><ERROR> 4883: sensor_get_frame_duration: resolution is invalid, it seems stream has stopped.
06-02 20:08:35.121 E/mm-camera(  710): <SENSOR><ERROR> 884: sensor_fc_report_meta: Failed to get frame duration
06-02 20:08:35.121 E/mm-camera(  710): <SENSOR><ERROR> 4805: sensor_get_exposure_time: resolution is invalid, it seems stream has stopped.
06-02 20:08:35.121 I/QCamera (  710): <MCI><INFO> mm_stream_read_msm_frame: 1770: VIDIOC_DQBUF buf_index 7, frame_idx 4, stream type 8, rc 0,queued: 5, buf_type = 0 flags = 8192 FD = 78 my_num 0 buf fd 127
06-02 20:08:35.121 E/mm-camera(  710): <SENSOR><ERROR> 904: sensor_fc_report_meta: Failed to get exposure time
06-02 20:08:35.121 E/QCamera (  710): <MCI><ERROR> mm_stream_read_msm_frame: 1790: X rc = 0
06-02 20:08:35.121 I/QCamera (  710): <MCI><INFO> mm_stream_handle_rcvd_buf: 220: E, my_handle = 0x3401, fd = 78, state = 6
06-02 20:08:35.122 E/mm-camera(  710): <MCT   ><ERROR> 2722: mct_stream_process_bus_msg: Check the runing function blackjoe 
06-02 20:08:35.122 E/mm-camera(  710): <MCT   ><ERROR> 2755: mct_stream_process_bus_msg: isp_sof_bus_msg is 0xe8801570
06-02 20:08:35.123 E/mm-camera(  710): <MCT   ><ERROR> 2757: mct_stream_process_bus_msg: frameid is 5 hal_version is 3
06-02 20:08:35.123 E/mm-camera(  710): <MCT   ><ERROR> 2759: mct_stream_process_bus_msg: kstate_ptr is 0xe5a85a84, isp_kstate_ptr is 0xe9788000
06-02 20:08:35.125 E/mm-camera(  710): <MCT   ><ERROR> 2765: mct_stream_process_bus_msg: frame_id is 5
06-02 20:08:35.126 I/QCamera (  710): <MCI><INFO> mm_stream_handle_rcvd_buf: 244: has cb and it is active by blackjoe
06-02 20:08:35.126 E/QCamera (  710): <MCI><ERROR> mm_stream_data_notify: 337: E, my_handle = 0x3300, fd = 68, state = 6 blackjoe
06-02 20:08:35.126 E/QCamera (  710): <MCI><ERROR> mm_stream_read_msm_frame: 1723: E, my_handle = 0x3300, fd = 68, state = 6 blackjoe
06-02 20:08:35.126 I/EffectsFactory(  706): EffectCreate() create_effect
06-02 20:08:35.127 I/QCamera (  710): <MCI><INFO> mm_stream_dispatch_app_data: 415: E, my_handle = 0x3401, fd = 78, state = 6
06-02 20:08:35.127 I/QCamera (  710): <MCI><INFO> mm_stream_dispatch_app_data: 436: frame_sync.is_active = 0, is_cb_active = 1
06-02 20:08:35.127 I/QCamera (  710): <MCI><INFO> mm_stream_dispatch_app_data: 457: Enter callback by blackjoe
06-02 20:08:35.127 I/QCamera (  710): <MCI><INFO> mm_stream_read_msm_frame: 1770: VIDIOC_DQBUF buf_index 4, frame_idx 4, stream type 7, rc 0,queued: 17, buf_type = 0 flags = 8192 FD = 68 my_num 0 buf fd 90
06-02 20:08:35.128 E/QCamera (  710): <MCI><ERROR> mm_stream_read_msm_frame: 1790: X rc = 0
06-02 20:08:35.128 I/QCamera (  710): <MCI><INFO> mm_stream_handle_rcvd_buf: 220: E, my_handle = 0x3300, fd = 68, state = 6
06-02 20:08:35.128 I/QCamera (  710): <MCI><INFO> mm_stream_handle_rcvd_buf: 244: has cb and it is active by blackjoe
06-02 20:08:35.128 I/QCamera (  710): <MCI><INFO> mm_stream_dispatch_app_data: 415: E, my_handle = 0x3300, fd = 68, state = 6
06-02 20:08:35.128 I/QCamera (  710): <MCI><INFO> mm_stream_dispatch_app_data: 436: frame_sync.is_active = 0, is_cb_active = 1
06-02 20:08:35.128 I/QCamera (  710): <MCI><INFO> mm_stream_dispatch_app_data: 457: Enter callback by blackjoe
06-02 20:08:35.130 W/APM::AudioPolicyEngine(  840): getDevicesForStrategy() unknown strategy: -1
06-02 20:08:35.130 W/APM::AudioPolicyEngine(  840): getDevicesForStrategy() unknown strategy: -1
06-02 20:08:35.136 E/mm-camera(  710): <STATS_AIS ><ERROR> 1316: dsps_process_response_gyro: Query request denied, error code = 5, QId_valid = 1, QueryId = 0x50a, AckNak_valid = 1, AckNak = 3
06-02 20:08:35.139 I/system_server( 1599): oneway function results will be dropped but finished with status OK and parcel size 4
06-02 20:08:35.140 I/system_server( 1599): oneway function results will be dropped but finished with status OK and parcel size 4
06-02 20:08:35.143 E/volume_listener(  706): check_and_set_gain_dep_cal: Failed to set gain dep cal level
06-02 20:08:35.144 D/audio_hw_primary(  706): start_output_stream: enter: stream(0xef9c21a0)usecase(1: low-latency-playback) devices(0x2) is_haptic_usecase(0)
06-02 20:08:35.144 D/audio_hw_primary(  706): select_devices for use case (low-latency-playback)
06-02 20:08:35.145 I/msm8974_platform(  706): platform_check_and_set_codec_backend_cfg:becf: afe: bitwidth 16, samplerate 48000 channels 2, backend_idx 0 usecase = 1 device (speaker)
06-02 20:08:35.145 I/msm8974_platform(  706): platform_check_and_set_codec_backend_cfg: new_snd_devices[0] is 2
06-02 20:08:35.145 I/msm8974_platform(  706): platform_check_codec_backend_cfg:becf: afe: bitwidth 16, samplerate 48000 channels 2, backend_idx 0 usecase = 1 device (speaker)
06-02 20:08:35.149 D/msm8974_platform(  706): platform_check_codec_backend_cfg:becf: updated afe: bitwidth 16, samplerate 48000 channels 2,backend_idx 0 usecase = 1 device (speaker)
06-02 20:08:35.150 I/msm8974_platform(  706): platform_check_codec_backend_cfg:becf: afe: Codec selected backend: 0 updated bit width: 16 and sample rate: 48000
06-02 20:08:35.150 D/audio_hw_primary(  706): check_usecases_codec_backend:becf: force routing 0
06-02 20:08:35.150 D/audio_hw_primary(  706): check_usecases_codec_backend:becf: (84) check_usecases curr device: speaker, usecase device: backends match 0
06-02 20:08:35.150 D/audio_hw_primary(  706): check_usecases_codec_backend:becf: check_usecases num.of Usecases to switch 0
06-02 20:08:35.150 D/hardware_info(  706): hw_info_append_hw_type : device_name = speaker
06-02 20:08:35.246 E/        (    0): frame_src is 1 frame_id is 9 blackjoe
06-02 20:08:35.150 D/audio_hw_primary(  706): enable_snd_device: snd_device(2: speaker)
06-02 20:08:35.150 D/msm8974_platform(  706): platform_get_island_cfg_on_device:island cfg status on snd_device = (speaker 0)
06-02 20:08:35.151 I/soundtrigger(  706): audio_extn_sound_trigger_update_device_status: device 0x2 of type 0 for Event 1, with Raise=0
06-02 20:08:35.151 D/audio_route(  706): Apply path: speaker
06-02 20:08:35.155 E/QCamera (  710): <MCI><ERROR> mm_stream_data_notify: 337: E, my_handle = 0x3401, fd = 78, state = 6 blackjoe
06-02 20:08:35.155 E/QCamera (  710): <MCI><ERROR> mm_stream_read_msm_frame: 1723: E, my_handle = 0x3401, fd = 78, state = 6 blackjoe
06-02 20:08:35.155 E/mm-camera(  710): <SENSOR><ERROR> 4883: sensor_get_frame_duration: resolution is invalid, it seems stream has stopped.
06-02 20:08:35.156 E/mm-camera(  710): <SENSOR><ERROR> 884: sensor_fc_report_meta: Failed to get frame duration
06-02 20:08:35.156 E/mm-camera(  710): <SENSOR><ERROR> 4805: sensor_get_exposure_time: resolution is invalid, it seems stream has stopped.
06-02 20:08:35.156 I/QCamera (  710): <MCI><INFO> mm_stream_read_msm_frame: 1770: VIDIOC_DQBUF buf_index 8, frame_idx 5, stream type 8, rc 0,queued: 4, buf_type = 0 flags = 8192 FD = 78 my_num 0 buf fd 130
06-02 20:08:35.156 E/mm-camera(  710): <SENSOR><ERROR> 904: sensor_fc_report_meta: Failed to get exposure time
06-02 20:08:35.156 E/QCamera (  710): <MCI><ERROR> mm_stream_read_msm_frame: 1790: X rc = 0
06-02 20:08:35.156 I/QCamera (  710): <MCI><INFO> mm_stream_handle_rcvd_buf: 220: E, my_handle = 0x3401, fd = 78, state = 6
06-02 20:08:35.156 I/QCamera (  710): <MCI><INFO> mm_stream_handle_rcvd_buf: 244: has cb and it is active by blackjoe
06-02 20:08:35.157 E/mm-camera(  710): <MCT   ><ERROR> 2722: mct_stream_process_bus_msg: Check the runing function blackjoe 
06-02 20:08:35.157 D/audio_hw_primary(  706): audio_is_true_native_stream_active:napb: (0) (low-latency-playback)id (1) sr 48000 bw (16) device speaker
06-02 20:08:35.157 I/QCamera (  710): <MCI><INFO> mm_stream_dispatch_app_data: 415: E, my_handle = 0x3401, fd = 78, state = 6
06-02 20:08:35.157 D/soundtrigger(  706): audio_extn_sound_trigger_update_stream_status: uc_info->id 1 of type 0 for Event 3, with Raise=0
06-02 20:08:35.157 I/QCamera (  710): <MCI><INFO> mm_stream_dispatch_app_data: 436: frame_sync.is_active = 0, is_cb_active = 1
06-02 20:08:35.157 D/audio_hw_utils(  706): audio_extn_utils_send_app_type_cfg: usecase->out_snd_device speaker
06-02 20:08:35.157 I/QCamera (  710): <MCI><INFO> mm_stream_dispatch_app_data: 457: Enter callback by blackjoe
06-02 20:08:35.157 E/mm-camera(  710): <MCT   ><ERROR> 2755: mct_stream_process_bus_msg: isp_sof_bus_msg is 0xe8800b50
06-02 20:08:35.158 E/mm-camera(  710): <MCT   ><ERROR> 2757: mct_stream_process_bus_msg: frameid is 6 hal_version is 3
06-02 20:08:35.158 E/mm-camera(  710): <MCT   ><ERROR> 2759: mct_stream_process_bus_msg: kstate_ptr is 0xe5a85a84, isp_kstate_ptr is 0xe9788000
06-02 20:08:35.158 E/mm-camera(  710): <MCT   ><ERROR> 2765: mct_stream_process_bus_msg: frame_id is 6
06-02 20:08:35.158 I/audio_hw_utils(  706): send_app_type_cfg_for_device PLAYBACK app_type 69937, acdb_dev_id 15, sample_rate 48000, snd_device_be_idx 170
06-02 20:08:35.160 D/SDL_SCAN( 7609): =%BLDGP
06-02 20:08:35.160 D/SDL_SCAN( 7609): Scan_Complete
06-02 20:08:35.161 D/ACDB-LOADER(  706): ACDB -> send_audio_cal, acdb_id = 15, path = 0, app id = 0x11131, sample rate = 48000, afe_sample_rate = 48000
06-02 20:08:35.161 D/ACDB-LOADER(  706): ACDB -> send_asm_topology
06-02 20:08:35.161 D/ACDB-LOADER(  706): ACDB -> ACDB_CMD_GET_AUDPROC_STREAM_TOPOLOGY_ID
06-02 20:08:35.162 D/ACDB-LOADER(  706): ACDB -> send_adm_topology
06-02 20:08:35.162 D/ACDB-LOADER(  706): ACDB -> ACDB_CMD_GET_AUDPROC_COMMON_TOPOLOGY_ID
06-02 20:08:35.162 D/ACDB-LOADER(  706): ACDB -> send_audtable
06-02 20:08:35.162 D/ACDB-LOADER(  706): ACDB -> ACDB_CMD_GET_AUDPROC_COMMON_TABLE_SIZE
06-02 20:08:35.162 D/ACDB-LOADER(  706): ACDB -> ACDB_CMD_GET_AUDPROC_COMMON_TABLE
06-02 20:08:35.162 E/QCamera (  710): <MCI><ERROR> mm_stream_data_notify: 337: E, my_handle = 0x3300, fd = 68, state = 6 blackjoe
06-02 20:08:35.162 D/ACDB-LOADER(  706): ACDB -> AUDIO_SET_AUDPROC_CAL cal_type[11] acdb_id[15] app_type[69937]
06-02 20:08:35.163 E/QCamera (  710): <MCI><ERROR> mm_stream_read_msm_frame: 1723: E, my_handle = 0x3300, fd = 68, state = 6 blackjoe
06-02 20:08:35.163 D/ACDB-LOADER(  706): ACDB -> send_audvoltable
06-02 20:08:35.163 D/ACDB-LOADER(  706): ACDB -> ACDB_CMD_GET_AUDPROC_GAIN_DEP_STEP_TABLE_SIZE
06-02 20:08:35.163 D/ACDB-LOADER(  706): ACDB -> ACDB_CMD_GET_AUDPROC_GAIN_DEP_STEP_TABLE, vol index 0
06-02 20:08:35.163 I/QCamera (  710): <MCI><INFO> mm_stream_read_msm_frame: 1770: VIDIOC_DQBUF buf_index 5, frame_idx 5, stream type 7, rc 0,queued: 17, buf_type = 0 flags = 8192 FD = 68 my_num 0 buf fd 92
06-02 20:08:35.163 D/ACDB-LOADER(  706): ACDB -> AUDIO_SET_VOL_CAL cal type = 12
06-02 20:08:35.163 E/QCamera (  710): <MCI><ERROR> mm_stream_read_msm_frame: 1790: X rc = 0
06-02 20:08:35.163 D/ACDB-LOADER(  706): ACDB -> ACDB_CMD_GET_AUDPROC_STREAM_TABLE_SIZE
06-02 20:08:35.163 I/QCamera (  710): <MCI><INFO> mm_stream_handle_rcvd_buf: 220: E, my_handle = 0x3300, fd = 68, state = 6
06-02 20:08:35.163 I/QCamera (  710): <MCI><INFO> mm_stream_handle_rcvd_buf: 244: has cb and it is active by blackjoe
06-02 20:08:35.163 D/ACDB-LOADER(  706): ACDB -> send_audstrmtable
06-02 20:08:35.164 D/ACDB-LOADER(  706): ACDB -> ACDB_CMD_GET_AUDPROC_STREAM_TABLE_V2
06-02 20:08:35.164 D/ACDB-LOADER(  706): ACDB -> audstrm_cal->cal_type.cal_data.cal_size = 16
06-02 20:08:35.164 I/QCamera (  710): <MCI><INFO> mm_stream_dispatch_app_data: 415: E, my_handle = 0x3300, fd = 68, state = 6
06-02 20:08:35.164 D/ACDB-LOADER(  706): ACDB -> send_afe_topology
06-02 20:08:35.164 I/QCamera (  710): <MCI><INFO> mm_stream_dispatch_app_data: 436: frame_sync.is_active = 0, is_cb_active = 1
06-02 20:08:35.164 D/ACDB-LOADER(  706): ACDB -> ACDB_CMD_GET_AFE_TOPOLOGY_ID
06-02 20:08:35.164 I/QCamera (  710): <MCI><INFO> mm_stream_dispatch_app_data: 457: Enter callback by blackjoe
06-02 20:08:35.164 D/ACDB-LOADER(  706): ACDB -> GET_AFE_TOPOLOGY_ID for adcd_id 15, Topology Id 1025e
06-02 20:08:35.164 D/ACDB-LOADER(  706): ACDB -> send_afe_cal
06-02 20:08:35.164 D/ACDB-LOADER(  706): ACDB -> ACDB_CMD_GET_AFE_COMMON_TABLE_SIZE
06-02 20:08:35.165 D/ACDB-LOADER(  706): ACDB -> ACDB_CMD_GET_AFE_COMMON_TABLE
06-02 20:08:35.165 D/ACDB-LOADER(  706): ACDB -> AUDIO_SET_AFE_CAL cal_type[16] acdb_id[15]
06-02 20:08:35.165 D/ACDB-LOADER(  706): ACDB -> send_hw_delay : acdb_id = 15 path = 0
06-02 20:08:35.165 D/ACDB-LOADER(  706): ACDB -> ACDB_AVSYNC_INFO: ACDB_CMD_GET_DEVICE_PROPERTY
06-02 20:08:35.165 D/audio_hw_primary(  706): enable_audio_route: apply mixer and update path: low-latency-playback
06-02 20:08:35.165 D/audio_route(  706): Apply path: low-latency-playback
06-02 20:08:35.169 E/mm-camera(  710): <STATS_AIS ><ERROR> 1316: dsps_process_response_gyro: Query request denied, error code = 5, QId_valid = 1, QueryId = 0x60a, AckNak_valid = 1, AckNak = 3
06-02 20:08:35.172 D/qdgralloc( 7609): Imported handle: 0x7c2ffc8c50 id: 1377
06-02 20:08:35.172 D/qdgralloc( 7609): GetTransportSize: num fds: 2 num ints: 22 err:0
06-02 20:08:35.174 D/qdgralloc( 1279): Imported handle: 0xe8e81010 id: 1377
06-02 20:08:35.174 D/qdgralloc( 1279): GetTransportSize: num fds: 2 num ints: 22 err:0
06-02 20:08:35.175 D/qdgralloc(  710): Imported handle: 0xe05c1510 id: 1377
06-02 20:08:35.185 E/mm-camera(  710): <MCT   ><ERROR> 4828: mct_pipeline_process_serv_msg: pipeline blackjoe data->sessionid 3 pipeline->session 3 msgid 3
06-02 20:08:35.185 E/mm-camera(  710): <MCT   ><ERROR> 4299: mct_pipeline_process_set: command is 0x8000014 blackjoe CAM_PRIV_PARM 0x8000014
06-02 20:08:35.228 E/QCamera (  710): <MCI><ERROR> mm_stream_data_notify: 337: E, my_handle = 0x3401, fd = 78, state = 6 blackjoe
06-02 20:08:35.228 E/QCamera (  710): <MCI><ERROR> mm_stream_read_msm_frame: 1723: E, my_handle = 0x3401, fd = 78, state = 6 blackjoe
06-02 20:08:35.228 E/mm-camera(  710): <SENSOR><ERROR> 4883: sensor_get_frame_duration: resolution is invalid, it seems stream has stopped.
06-02 20:08:35.228 E/mm-camera(  710): <SENSOR><ERROR> 884: sensor_fc_report_meta: Failed to get frame duration
06-02 20:08:35.228 E/mm-camera(  710): <SENSOR><ERROR> 4805: sensor_get_exposure_time: resolution is invalid, it seems stream has stopped.
06-02 20:08:35.228 I/QCamera (  710): <MCI><INFO> mm_stream_read_msm_frame: 1770: VIDIOC_DQBUF buf_index 9, frame_idx 6, stream type 8, rc 0,queued: 4, buf_type = 0 flags = 8192 FD = 78 my_num 0 buf fd 134
06-02 20:08:35.228 E/mm-camera(  710): <SENSOR><ERROR> 904: sensor_fc_report_meta: Failed to get exposure time
06-02 20:08:35.228 E/QCamera (  710): <MCI><ERROR> mm_stream_read_msm_frame: 1790: X rc = 0
06-02 20:08:35.229 I/QCamera (  710): <MCI><INFO> mm_stream_handle_rcvd_buf: 220: E, my_handle = 0x3401, fd = 78, state = 6
06-02 20:08:35.229 I/QCamera (  710): <MCI><INFO> mm_stream_handle_rcvd_buf: 244: has cb and it is active by blackjoe
06-02 20:08:35.229 E/mm-camera(  710): <MCT   ><ERROR> 2722: mct_stream_process_bus_msg: Check the runing function blackjoe 
06-02 20:08:35.229 I/QCamera (  710): <MCI><INFO> mm_stream_dispatch_app_data: 415: E, my_handle = 0x3401, fd = 78, state = 6
06-02 20:08:35.229 I/QCamera (  710): <MCI><INFO> mm_stream_dispatch_app_data: 436: frame_sync.is_active = 0, is_cb_active = 1
06-02 20:08:35.229 E/mm-camera(  710): <MCT   ><ERROR> 2755: mct_stream_process_bus_msg: isp_sof_bus_msg is 0xe8800a30
06-02 20:08:35.229 I/QCamera (  710): <MCI><INFO> mm_stream_dispatch_app_data: 457: Enter callback by blackjoe
06-02 20:08:35.229 E/mm-camera(  710): <MCT   ><ERROR> 2757: mct_stream_process_bus_msg: frameid is 7 hal_version is 3
06-02 20:08:35.230 E/mm-camera(  710): <MCT   ><ERROR> 2759: mct_stream_process_bus_msg: kstate_ptr is 0xe5a85a84, isp_kstate_ptr is 0xe9788000
06-02 20:08:35.230 E/mm-camera(  710): <MCT   ><ERROR> 2765: mct_stream_process_bus_msg: frame_id is 7
06-02 20:08:35.233 D/msm8974_platform(  706): platform_set_channel_map mixer_ctl_name:Playback Channel Map13
06-02 20:08:35.234 D/msm8974_platform(  706): platform_set_channel_map: set mapping(1 2 0 0 0 0 0 0) for channel:2
06-02 20:08:35.237 D/audio_hw_primary(  706): start_output_stream: stream_handle(0xef9c21a0) usecase(1: low-latency-playback) out_snd_device(2: speaker)             acdb_id(15) sample_rate(48000) channel_mask(0x3) app_type(69937)             audio_mode(0 : MODE_NORMAL) out_flags(0x6 : OUTPUT_FLAG_PRIMARY|OUTPUT_FLAG_FAST) out_devices(0x2 : OUT_SPEAKER) 
06-02 20:08:35.237 D/audio_hw_primary(  706): start_output_stream: exit
06-02 20:08:35.237 D/audio_hw_primary(  706): out_write: retry previous failed cal level set
06-02 20:08:35.237 D/ACDB-LOADER(  706): ACDB -> send_audvoltable
06-02 20:08:35.237 D/ACDB-LOADER(  706): ACDB -> ACDB_CMD_GET_AUDPROC_GAIN_DEP_STEP_TABLE_SIZE
06-02 20:08:35.237 D/ACDB-LOADER(  706): ACDB -> ACDB_CMD_GET_AUDPROC_GAIN_DEP_STEP_TABLE, vol index 5
06-02 20:08:35.238 D/ACDB-LOADER(  706): ACDB -> AUDIO_SET_VOL_CAL cal type = 40
06-02 20:08:35.238 E/mm-camera(  710): <STATS_AIS ><ERROR> 1316: dsps_process_response_gyro: Query request denied, error code = 5, QId_valid = 1, QueryId = 0x70a, AckNak_valid = 1, AckNak = 3
06-02 20:08:35.246 E/QCamera (  710): <MCI><ERROR> mm_stream_data_notify: 337: E, my_handle = 0x3300, fd = 68, state = 6 blackjoe
06-02 20:08:35.246 E/QCamera (  710): <MCI><ERROR> mm_stream_read_msm_frame: 1723: E, my_handle = 0x3300, fd = 68, state = 6 blackjoe
06-02 20:08:35.246 I/QCamera (  710): <MCI><INFO> mm_stream_read_msm_frame: 1770: VIDIOC_DQBUF buf_index 6, frame_idx 6, stream type 7, rc 0,queued: 17, buf_type = 0 flags = 8192 FD = 68 my_num 0 buf fd 94
06-02 20:08:35.247 E/QCamera (  710): <MCI><ERROR> mm_stream_read_msm_frame: 1790: X rc = 0
06-02 20:08:35.247 I/QCamera (  710): <MCI><INFO> mm_stream_handle_rcvd_buf: 220: E, my_handle = 0x3300, fd = 68, state = 6
06-02 20:08:35.247 I/QCamera (  710): <MCI><INFO> mm_stream_handle_rcvd_buf: 244: has cb and it is active by blackjoe
06-02 20:08:35.254 I/QCamera (  710): <MCI><INFO> mm_stream_dispatch_app_data: 415: E, my_handle = 0x3300, fd = 68, state = 6
06-02 20:08:35.254 I/QCamera (  710): <MCI><INFO> mm_stream_dispatch_app_data: 436: frame_sync.is_active = 0, is_cb_active = 1
06-02 20:08:35.254 I/QCamera (  710): <MCI><INFO> mm_stream_dispatch_app_data: 457: Enter callback by blackjoe
06-02 20:08:35.262 E/QCamera (  710): <MCI><ERROR> mm_stream_data_notify: 337: E, my_handle = 0x3401, fd = 78, state = 6 blackjoe
06-02 20:08:35.262 E/QCamera (  710): <MCI><ERROR> mm_stream_read_msm_frame: 1723: E, my_handle = 0x3401, fd = 78, state = 6 blackjoe
06-02 20:08:35.263 I/QCamera (  710): <MCI><INFO> mm_stream_read_msm_frame: 1770: VIDIOC_DQBUF buf_index 10, frame_idx 7, stream type 8, rc 0,queued: 3, buf_type = 0 flags = 8192 FD = 78 my_num 0 buf fd 137
06-02 20:08:35.263 E/mm-camera(  710): <SENSOR><ERROR> 4883: sensor_get_frame_duration: resolution is invalid, it seems stream has stopped.
06-02 20:08:35.263 E/QCamera (  710): <MCI><ERROR> mm_stream_read_msm_frame: 1790: X rc = 0
06-02 20:08:35.263 E/mm-camera(  710): <SENSOR><ERROR> 884: sensor_fc_report_meta: Failed to get frame duration
06-02 20:08:35.263 I/QCamera (  710): <MCI><INFO> mm_stream_handle_rcvd_buf: 220: E, my_handle = 0x3401, fd = 78, state = 6
06-02 20:08:35.263 E/mm-camera(  710): <SENSOR><ERROR> 4805: sensor_get_exposure_time: resolution is invalid, it seems stream has stopped.
06-02 20:08:35.263 I/QCamera (  710): <MCI><INFO> mm_stream_handle_rcvd_buf: 244: has cb and it is active by blackjoe
06-02 20:08:35.263 E/mm-camera(  710): <SENSOR><ERROR> 904: sensor_fc_report_meta: Failed to get exposure time
06-02 20:08:35.264 I/QCamera (  710): <MCI><INFO> mm_stream_dispatch_app_data: 415: E, my_handle = 0x3401, fd = 78, state = 6
06-02 20:08:35.264 I/QCamera (  710): <MCI><INFO> mm_stream_dispatch_app_data: 436: frame_sync.is_active = 0, is_cb_active = 1
06-02 20:08:35.264 I/QCamera (  710): <MCI><INFO> mm_stream_dispatch_app_data: 457: Enter callback by blackjoe
06-02 20:08:35.264 E/mm-camera(  710): <MCT   ><ERROR> 2722: mct_stream_process_bus_msg: Check the runing function blackjoe 
06-02 20:08:35.264 E/mm-camera(  710): <MCT   ><ERROR> 2755: mct_stream_process_bus_msg: isp_sof_bus_msg is 0xe8801210
06-02 20:08:35.265 E/mm-camera(  710): <MCT   ><ERROR> 2757: mct_stream_process_bus_msg: frameid is 8 hal_version is 3
06-02 20:08:35.265 E/mm-camera(  710): <MCT   ><ERROR> 2759: mct_stream_process_bus_msg: kstate_ptr is 0xe5a85a84, isp_kstate_ptr is 0xe9788000
06-02 20:08:35.265 E/mm-camera(  710): <MCT   ><ERROR> 2765: mct_stream_process_bus_msg: frame_id is 8
06-02 20:08:35.266 E/mm-camera(  710): <STATS_AIS ><ERROR> 1316: dsps_process_response_gyro: Query request denied, error code = 5, QId_valid = 1, QueryId = 0x80a, AckNak_valid = 1, AckNak = 3
06-02 20:08:35.268 E/QCamera (  710): <MCI><ERROR> mm_stream_data_notify: 337: E, my_handle = 0x3300, fd = 68, state = 6 blackjoe
06-02 20:08:35.268 E/QCamera (  710): <MCI><ERROR> mm_stream_read_msm_frame: 1723: E, my_handle = 0x3300, fd = 68, state = 6 blackjoe
06-02 20:08:35.268 I/QCamera (  710): <MCI><INFO> mm_stream_read_msm_frame: 1770: VIDIOC_DQBUF buf_index 7, frame_idx 7, stream type 7, rc 0,queued: 17, buf_type = 0 flags = 8192 FD = 68 my_num 0 buf fd 96
06-02 20:08:35.269 E/QCamera (  710): <MCI><ERROR> mm_stream_read_msm_frame: 1790: X rc = 0
06-02 20:08:35.269 I/QCamera (  710): <MCI><INFO> mm_stream_handle_rcvd_buf: 220: E, my_handle = 0x3300, fd = 68, state = 6
06-02 20:08:35.269 I/QCamera (  710): <MCI><INFO> mm_stream_handle_rcvd_buf: 244: has cb and it is active by blackjoe
06-02 20:08:35.269 I/QCamera (  710): <MCI><INFO> mm_stream_dispatch_app_data: 415: E, my_handle = 0x3300, fd = 68, state = 6
06-02 20:08:35.270 I/QCamera (  710): <MCI><INFO> mm_stream_dispatch_app_data: 436: frame_sync.is_active = 0, is_cb_active = 1
06-02 20:08:35.270 I/QCamera (  710): <MCI><INFO> mm_stream_dispatch_app_data: 457: Enter callback by blackjoe
06-02 20:08:35.279 I/lowmemorykiller(  499): Ignoring pressure since per-zone watermarks ok
06-02 20:08:35.290 I/lowmemorykiller(  499): Ignoring pressure since per-zone watermarks ok
06-02 20:08:35.297 E/mm-camera(  710): <SENSOR><ERROR> 4883: sensor_get_frame_duration: resolution is invalid, it seems stream has stopped.
06-02 20:08:35.297 E/mm-camera(  710): <SENSOR><ERROR> 884: sensor_fc_report_meta: Failed to get frame duration
06-02 20:08:35.297 E/mm-camera(  710): <SENSOR><ERROR> 4805: sensor_get_exposure_time: resolution is invalid, it seems stream has stopped.
06-02 20:08:35.298 E/mm-camera(  710): <SENSOR><ERROR> 904: sensor_fc_report_meta: Failed to get exposure time
06-02 20:08:35.298 E/QCamera (  710): <MCI><ERROR> mm_stream_data_notify: 337: E, my_handle = 0x3401, fd = 78, state = 6 blackjoe
06-02 20:08:35.298 E/QCamera (  710): <MCI><ERROR> mm_stream_read_msm_frame: 1723: E, my_handle = 0x3401, fd = 78, state = 6 blackjoe
06-02 20:08:35.298 I/QCamera (  710): <MCI><INFO> mm_stream_read_msm_frame: 1770: VIDIOC_DQBUF buf_index 11, frame_idx 8, stream type 8, rc 0,queued: 2, buf_type = 0 flags = 8192 FD = 78 my_num 0 buf fd 140
06-02 20:08:35.298 E/QCamera (  710): <MCI><ERROR> mm_stream_read_msm_frame: 1790: X rc = 0
06-02 20:08:35.298 I/QCamera (  710): <MCI><INFO> mm_stream_handle_rcvd_buf: 220: E, my_handle = 0x3401, fd = 78, state = 6
06-02 20:08:35.299 E/mm-camera(  710): <MCT   ><ERROR> 2722: mct_stream_process_bus_msg: Check the runing function blackjoe 
06-02 20:08:35.299 I/QCamera (  710): <MCI><INFO> mm_stream_handle_rcvd_buf: 244: has cb and it is active by blackjoe
06-02 20:08:35.299 E/mm-camera(  710): <MCT   ><ERROR> 2755: mct_stream_process_bus_msg: isp_sof_bus_msg is 0xe88019f0
06-02 20:08:35.299 E/mm-camera(  710): <MCT   ><ERROR> 2757: mct_stream_process_bus_msg: frameid is 9 hal_version is 3
06-02 20:08:35.299 E/mm-camera(  710): <MCT   ><ERROR> 2759: mct_stream_process_bus_msg: kstate_ptr is 0xe5a85a84, isp_kstate_ptr is 0xe9788000
06-02 20:08:35.299 E/mm-camera(  710): <MCT   ><ERROR> 2765: mct_stream_process_bus_msg: frame_id is 9
06-02 20:08:35.300 I/QCamera (  710): <MCI><INFO> mm_stream_dispatch_app_data: 415: E, my_handle = 0x3401, fd = 78, state = 6
06-02 20:08:35.300 I/QCamera (  710): <MCI><INFO> mm_stream_dispatch_app_data: 436: frame_sync.is_active = 0, is_cb_active = 1
06-02 20:08:35.300 I/QCamera (  710): <MCI><INFO> mm_stream_dispatch_app_data: 457: Enter callback by blackjoe
06-02 20:08:35.302 I/lowmemorykiller(  499): Ignoring pressure since per-zone watermarks ok
06-02 20:08:35.303 E/QCamera (  710): <MCI><ERROR> mm_stream_data_notify: 337: E, my_handle = 0x3300, fd = 68, state = 6 blackjoe
06-02 20:08:35.303 E/QCamera (  710): <MCI><ERROR> mm_stream_read_msm_frame: 1723: E, my_handle = 0x3300, fd = 68, state = 6 blackjoe
06-02 20:08:35.304 I/QCamera (  710): <MCI><INFO> mm_stream_read_msm_frame: 1770: VIDIOC_DQBUF buf_index 8, frame_idx 8, stream type 7, rc 0,queued: 17, buf_type = 0 flags = 8192 FD = 68 my_num 0 buf fd 98
06-02 20:08:35.304 E/QCamera (  710): <MCI><ERROR> mm_stream_read_msm_frame: 1790: X rc = 0
06-02 20:08:35.304 I/QCamera (  710): <MCI><INFO> mm_stream_handle_rcvd_buf: 220: E, my_handle = 0x3300, fd = 68, state = 6
06-02 20:08:35.304 I/QCamera (  710): <MCI><INFO> mm_stream_handle_rcvd_buf: 244: has cb and it is active by blackjoe
06-02 20:08:35.305 I/QCamera (  710): <MCI><INFO> mm_stream_dispatch_app_data: 415: E, my_handle = 0x3300, fd = 68, state = 6
06-02 20:08:35.305 I/QCamera (  710): <MCI><INFO> mm_stream_dispatch_app_data: 436: frame_sync.is_active = 0, is_cb_active = 1
06-02 20:08:35.305 I/QCamera (  710): <MCI><INFO> mm_stream_dispatch_app_data: 457: Enter callback by blackjoe
06-02 20:08:35.310 E/mm-camera(  710): <STATS_AIS ><ERROR> 1316: dsps_process_response_gyro: Query request denied, error code = 5, QId_valid = 1, QueryId = 0x90a, AckNak_valid = 1, AckNak = 3
06-02 20:08:35.313 I/lowmemorykiller(  499): Ignoring pressure since per-zone watermarks ok
06-02 20:08:35.347 I/chatty  (  499): uid=1069(lmkd) /system/bin/lmkd identical 3 lines
06-02 20:08:35.359 I/lowmemorykiller(  499): Ignoring pressure since per-zone watermarks ok
06-02 20:08:35.369 E/QCamera (  710): <MCI><ERROR> mm_stream_data_notify: 337: E, my_handle = 0x3401, fd = 78, state = 6 blackjoe
06-02 20:08:35.370 E/QCamera (  710): <MCI><ERROR> mm_stream_read_msm_frame: 1723: E, my_handle = 0x3401, fd = 78, state = 6 blackjoe
06-02 20:08:35.370 I/lowmemorykiller(  499): Ignoring pressure since per-zone watermarks ok
06-02 20:08:35.371 I/QCamera (  710): <MCI><INFO> mm_stream_read_msm_frame: 1770: VIDIOC_DQBUF buf_index 6, frame_idx 9, stream type 8, rc 0,queued: 1, buf_type = 0 flags = 8192 FD = 78 my_num 0 buf fd 76
06-02 20:08:35.371 E/mm-camera(  710): <SENSOR><ERROR> 4883: sensor_get_frame_duration: resolution is invalid, it seems stream has stopped.
06-02 20:08:35.371 E/QCamera (  710): <MCI><ERROR> mm_stream_read_msm_frame: 1790: X rc = 0
06-02 20:08:35.371 E/mm-camera(  710): <SENSOR><ERROR> 884: sensor_fc_report_meta: Failed to get frame duration
06-02 20:08:35.371 I/QCamera (  710): <MCI><INFO> mm_stream_handle_rcvd_buf: 220: E, my_handle = 0x3401, fd = 78, state = 6
06-02 20:08:35.371 E/mm-camera(  710): <SENSOR><ERROR> 4805: sensor_get_exposure_time: resolution is invalid, it seems stream has stopped.
06-02 20:08:35.371 I/QCamera (  710): <MCI><INFO> mm_stream_handle_rcvd_buf: 244: has cb and it is active by blackjoe
06-02 20:08:35.371 E/mm-camera(  710): <SENSOR><ERROR> 904: sensor_fc_report_meta: Failed to get exposure time
06-02 20:08:35.371 I/QCamera (  710): <MCI><INFO> mm_stream_dispatch_app_data: 415: E, my_handle = 0x3401, fd = 78, state = 6
06-02 20:08:35.371 I/QCamera (  710): <MCI><INFO> mm_stream_dispatch_app_data: 436: frame_sync.is_active = 0, is_cb_active = 1
06-02 20:08:35.372 I/QCamera (  710): <MCI><INFO> mm_stream_dispatch_app_data: 457: Enter callback by blackjoe
06-02 20:08:35.372 E/mm-camera(  710): <MCT   ><ERROR> 2722: mct_stream_process_bus_msg: Check the runing function blackjoe 
06-02 20:08:35.372 E/mm-camera(  710): <MCT   ><ERROR> 2755: mct_stream_process_bus_msg: isp_sof_bus_msg is 0xe88007f0
06-02 20:08:35.372 E/mm-camera(  710): <MCT   ><ERROR> 2757: mct_stream_process_bus_msg: frameid is 10 hal_version is 3
06-02 20:08:35.372 E/mm-camera(  710): <MCT   ><ERROR> 2759: mct_stream_process_bus_msg: kstate_ptr is 0xe5a85a84, isp_kstate_ptr is 0xe9788000
06-02 20:08:35.372 E/mm-camera(  710): <MCT   ><ERROR> 2765: mct_stream_process_bus_msg: frame_id is 10
06-02 20:08:35.374 D/AudioFlinger(  840): mixer(0xb4000079e0f77040) throttle end: throttle time(2)
06-02 20:08:35.374 E/mm-camera(  710): <STATS_AIS ><ERROR> 1316: dsps_process_response_gyro: Query request denied, error code = 5, QId_valid = 1, QueryId = 0xa0a, AckNak_valid = 1, AckNak = 3
06-02 20:08:35.381 E/QCamera (  710): <MCI><ERROR> mm_stream_data_notify: 337: E, my_handle = 0x3300, fd = 68, state = 6 blackjoe
06-02 20:08:35.382 I/lowmemorykiller(  499): Ignoring pressure since per-zone watermarks ok
06-02 20:08:35.382 E/QCamera (  710): <MCI><ERROR> mm_stream_read_msm_frame: 1723: E, my_handle = 0x3300, fd = 68, state = 6 blackjoe
06-02 20:08:35.382 I/QCamera (  710): <MCI><INFO> mm_stream_read_msm_frame: 1770: VIDIOC_DQBUF buf_index 9, frame_idx 9, stream type 7, rc 0,queued: 17, buf_type = 0 flags = 8192 FD = 68 my_num 0 buf fd 100
06-02 20:08:35.383 E/QCamera (  710): <MCI><ERROR> mm_stream_read_msm_frame: 1790: X rc = 0
06-02 20:08:35.383 I/QCamera (  710): <MCI><INFO> mm_stream_handle_rcvd_buf: 220: E, my_handle = 0x3300, fd = 68, state = 6
06-02 20:08:35.383 I/QCamera (  710): <MCI><INFO> mm_stream_handle_rcvd_buf: 244: has cb and it is active by blackjoe
06-02 20:08:35.383 I/QCamera (  710): <MCI><INFO> mm_stream_dispatch_app_data: 415: E, my_handle = 0x3300, fd = 68, state = 6
06-02 20:08:35.383 I/QCamera (  710): <MCI><INFO> mm_stream_dispatch_app_data: 436: frame_sync.is_active = 0, is_cb_active = 1
06-02 20:08:35.383 I/QCamera (  710): <MCI><INFO> mm_stream_dispatch_app_data: 457: Enter callback by blackjoe
06-02 20:08:35.393 I/lowmemorykiller(  499): Ignoring pressure since per-zone watermarks ok
06-02 20:08:35.403 E/QCamera (  710): <MCI><ERROR> mm_stream_data_notify: 337: E, my_handle = 0x3401, fd = 78, state = 6 blackjoe
06-02 20:08:35.404 E/QCamera (  710): <MCI><ERROR> mm_stream_read_msm_frame: 1723: E, my_handle = 0x3401, fd = 78, state = 6 blackjoe
06-02 20:08:35.404 I/QCamera (  710): <MCI><INFO> mm_stream_read_msm_frame: 1770: VIDIOC_DQBUF buf_index 7, frame_idx 10, stream type 8, rc 0,queued: 0, buf_type = 0 flags = 8192 FD = 78 my_num 0 buf fd 129
06-02 20:08:35.404 E/QCamera (  710): <MCI><ERROR> mm_stream_read_msm_frame: 1790: X rc = 0
06-02 20:08:35.404 I/QCamera (  710): <MCI><INFO> mm_stream_handle_rcvd_buf: 220: E, my_handle = 0x3401, fd = 78, state = 6
06-02 20:08:35.404 I/QCamera (  710): <MCI><INFO> mm_stream_handle_rcvd_buf: 244: has cb and it is active by blackjoe
06-02 20:08:35.405 I/lowmemorykiller(  499): Ignoring pressure since per-zone watermarks ok
06-02 20:08:35.405 E/mm-camera(  710): <SENSOR><ERROR> 4883: sensor_get_frame_duration: resolution is invalid, it seems stream has stopped.
