--------- beginning of kernel
06-02 19:29:41.413 I/init    (    0): starting service 'qccsyshalservice'...
06-02 19:29:41.455 I/init    (    0): starting service 'qccvndhalservice'...
--------- beginning of main
06-02 19:29:41.525 I/qccsyshalservic(11720): type=1400 audit(0.0:5868): avc: denied { search } for name="/" dev="mmcblk0p37" ino=2 scontext=u:r:vendor_qccsyshal_qti:s0 tcontext=u:object_r:factory_file:s0 tclass=dir permissive=1
06-02 19:29:41.576 I/qccsyshalservice(11720): Start with system binder
06-02 19:29:41.577 I/qccsyshalservice(11720): Registering qccsyshal service...
06-02 19:29:41.579 I/hwservicemanager(  501): getTransport: Cannot find entry vendor.qti.hardware.qccsyshal@1.0::IQccsyshal/qccsyshal in either framework or device manifest.
06-02 19:29:41.581 E/HidlServiceManagement(11720): Service vendor.qti.hardware.qccsyshal@1.0::IQccsyshal/qccsyshal must be in VINTF manifest in order to register/get.
06-02 19:29:41.581 E/qccsyshalservice(11720): [ERROR] registerAsService() failed with status: -2147483648
06-02 19:29:41.539 I/init    (    0): Service 'qccsyshalservice' (pid 11720) exited with status 1
06-02 19:29:41.539 I/init    (    0): Sending signal 9 to service 'qccsyshalservice' (pid 11720) process group...
06-02 19:29:41.541 I/libprocessgroup(    0): Successfully killed process cgroup uid 1000 pid 11720 in 1ms
06-02 19:29:41.611 I/vendor.qti.hardware.qccvndhal@1.0-service(11721): Start with vendor binder
06-02 19:29:41.613 I/vendor.qti.hardware.qccvndhal@1.0-service(11721): Registering qccvndhal service...
06-02 19:29:41.617 I/hwservicemanager(  501): getTransport: Cannot find entry vendor.qti.hardware.qccvndhal@1.0::IQccvndhal/qccvndhal in either framework or device manifest.
06-02 19:29:41.618 E/HidlServiceManagement(11721): Service vendor.qti.hardware.qccvndhal@1.0::IQccvndhal/qccvndhal must be in VINTF manifest in order to register/get.
06-02 19:29:41.618 E/vendor.qti.hardware.qccvndhal@1.0-service(11721): [ERROR] registerAsService() failed with status: -2147483648
06-02 19:29:41.581 I/init    (    0): Service 'qccvndhalservice' (pid 11721) exited with status 1
06-02 19:29:41.581 I/init    (    0): Sending signal 9 to service 'qccvndhalservice' (pid 11721) process group...
06-02 19:29:41.582 I/libprocessgroup(    0): Successfully killed process cgroup uid 1000 pid 11721 in 0ms
06-02 19:29:42.072 D/audio_hw_primary(  706): out_standby: enter: stream (0xef9c21a0) usecase(1: low-latency-playback)
06-02 19:29:42.101 E/qcom-lpi-pinctrl 15070000.lpi_pinctrl(    0): lpi_pinctrl_runtime_resume: unable to get core clk handle -2
06-02 19:29:42.104 I/afe_close(    0): port_id = 0x102e
06-02 19:29:42.167 D/audio_hw_primary(  706): disable_audio_route: reset and update mixer path: low-latency-playback
06-02 19:29:42.170 D/soundtrigger(  706): audio_extn_sound_trigger_update_stream_status: uc_info->id 1 of type 0 for Event 2, with Raise=0
06-02 19:29:42.171 D/hardware_info(  706): hw_info_append_hw_type : device_name = speaker
06-02 19:29:42.171 D/audio_hw_primary(  706): disable_snd_device: snd_device(2: speaker)
06-02 19:29:42.173 I/soundtrigger(  706): audio_extn_sound_trigger_update_device_status: device 0x2 of type 0 for Event 0, with Raise=0
06-02 19:29:42.178 I/system_server( 1599): oneway function results will be dropped but finished with status OK and parcel size 4
06-02 19:29:42.197 E/qcom-lpi-pinctrl 15070000.lpi_pinctrl(    0): lpi_pinctrl_runtime_suspend: unable to get core clk handle -2
06-02 19:29:44.170 D/CompatibilityInfo( 1599): mCompatibilityFlags - 4
06-02 19:29:44.170 D/CompatibilityInfo( 1599): applicationDensity - 240
06-02 19:29:44.170 D/CompatibilityInfo( 1599): applicationScale - 1.0
06-02 19:29:44.180 I/NextSubtest service( 7609): hit
06-02 19:29:44.131 E/        (    0): [SDL] misc_ioctl msg.len is 3 : 0x77 0x03 0x86
06-02 19:29:44.142 E/        (    0): [SDL] misc_ioctl msg.len is 2 : 0x88 0x00
06-02 19:29:44.142 E/        (    0): [SDL] misc_ioctl msg.len is 3 : 0x77 0x08 0x81
06-02 19:29:44.146 E/        (    0): [SDL] misc_ioctl msg.len is 2 : 0x88 0x00
06-02 19:29:44.152 E/        (    0): [SDL] misc_ioctl msg.len is 3 : 0x58 0x00 0xa8
06-02 19:29:44.157 E/        (    0): [SDL] misc_ioctl msg.len is 2 : 0xa7 0x00
06-02 19:29:44.163 E/        (    0): [SDL] misc_ioctl msg.len is 3 : 0x77 0x03 0x86
06-02 19:29:44.169 E/        (    0): [SDL] misc_ioctl msg.len is 2 : 0x88 0x00
06-02 19:29:44.173 E/        (    0): [SDL] misc_ioctl msg.len is 3 : 0x77 0x08 0x81
06-02 19:29:44.179 E/        (    0): [SDL] misc_ioctl msg.len is 2 : 0x88 0x00
06-02 19:29:44.184 E/        (    0): [SDL] misc_ioctl msg.len is 3 : 0x58 0x00 0xa8
06-02 19:29:44.189 E/        (    0): [SDL] misc_ioctl msg.len is 2 : 0xa7 0x00
06-02 19:29:44.487 I/IRQ 6   (    0): no longer affine to CPU6
06-02 19:29:44.577 D/logd    (    0): logdr: UID=0 GID=0 PID=11730 b tail=0 logMask=99 pid=0 start=0ns timeout=0ns
06-02 19:29:44.960 E/WifiScoringParams( 1599): Invalid frequency(-1), using 5G as default rssi array
06-02 19:29:44.982 D/WifiNative( 1599): Scan trigered from WifiNative
06-02 19:29:44.986 V/WifiHAL ( 1348): event received NL80211_CMD_TRIGGER_SCAN
06-02 19:29:44.989 V/WifiHAL (  741): event received NL80211_CMD_TRIGGER_SCAN
06-02 19:29:45.994 W/adbd    ( 3608): timeout expired while flushing socket, closing
--------- beginning of system
06-02 19:29:46.148 D/BatteryService( 1599): level : 21 / status : 2/Health : 2/Decommission : 0
06-02 19:29:46.150 D/ZebraRttProvider.FusionEngine( 3675): receive broadcast intent, action: android.intent.action.BATTERY_CHANGED
06-02 19:29:46.151 D/ZebraRttProvider.FusionEngine( 3675): Battery Level = 21
06-02 19:29:46.152 D/ZebraRttProvider.FusionEngine( 3675): receive broadcast intent, action: android.intent.action.BATTERY_CHANGED
06-02 19:29:46.152 D/HighTemperatureReceiver( 5142): Receive action: android.intent.action.BATTERY_CHANGED
06-02 19:29:46.153 D/com.symbol.dataanalytics.a.a.d.b( 4592): Received battery event
06-02 19:29:46.153 D/com.symbol.dataanalytics.a.a.d.b( 4592): BatteryFactory event action = android.intent.action.BATTERY_CHANGED
06-02 19:29:46.153 D/UsbCradleMode( 5461): onReceive:Battery change, status:2
06-02 19:29:46.154 W/ContextImpl( 3222): Calling a method in the system process without a qualified user: android.app.ContextImpl.startService:1669 android.content.ContextWrapper.startService:720 com.symbol.batterymanager.model.BatteryManagerReceiver.startBatteryApplicationService:81 com.symbol.batterymanager.model.BatteryManagerReceiver.onReceive:47 android.app.LoadedApk$ReceiverDispatcher$Args.lambda$getRunnable$0$LoadedApk$ReceiverDispatcher$Args:1580 
06-02 19:29:46.155 D/OSUService( 3163): dev-dbg:is_charging current_now -804687, batteryLevel: 21, isCharging(isCharging): true
06-02 19:29:46.155 D/OSUService( 3163): dev-dbg:is_charging ADAPTER_CHARGE_LIMIIT 500000
06-02 19:29:46.155 D/BatterySwapServ( 3420): onReceive BATTERY_CHANGED
06-02 19:29:46.155 D/OSUService( 3163): dev-dbg:is_charging current_now > ADAPTER_CHARGE_LIMIIT false
06-02 19:29:46.155 D/OSUService( 3163): dev-dbg:is_charging conditionCheck false
06-02 19:29:46.155 D/BatterySwapServ( 3420): battery changed: present=true level=21 plugType=2 shutdownLevel=6 batteryType = 201 serialnumber =T5017
06-02 19:29:46.155 D/OSUService( 3163): dev-dbg: battery change intent batteryLevel: 21, is_charging(context): false, STATE: 1
06-02 19:29:46.157 D/KeyguardUpdateMonitor( 6499): received broadcast android.intent.action.BATTERY_CHANGED
06-02 19:29:46.163 V/BatteryApplicationService( 3222): BatteryType  201
06-02 19:29:46.165 D/OSUService( 3163): dev-dbg:is_charging current_now -804687, batteryLevel: 21, isCharging(isCharging): true
06-02 19:29:46.165 D/OSUService( 3163): dev-dbg:is_charging ADAPTER_CHARGE_LIMIIT 500000
06-02 19:29:46.165 D/OSUService( 3163): dev-dbg:is_charging current_now > ADAPTER_CHARGE_LIMIIT false
06-02 19:29:46.165 D/OSUService( 3163): dev-dbg:is_charging conditionCheck false
06-02 19:29:46.165 D/OSUService( 3163): dev-dbg: calling for suspend
06-02 19:29:46.165 I/OSUService( 3163): handle_ab_suspend -1 2
06-02 19:29:46.165 E/OSUService( 3163): Can't Suspend - there are no update in progress
06-02 19:29:46.165 D/OSUService( 3163): dev-dbg: battery change intent finished
06-02 19:29:46.171 D/KeyguardUpdateMonitor( 6499): handleBatteryUpdate
06-02 19:29:46.308 E/        (    0): GBSOC->20, GBTemp->270, GBTTE->64, GBTTF->65535
06-02 19:29:46.344 W/healthd (    0): battery l=20 v=3340 t=27.0 h=2 st=2 c=-804687 fc=0 cc=7 chg=u
06-02 19:29:46.419 E/BatteryStatsService( 1599): Power Hal not loaded
06-02 19:29:46.419 D/BatteryService( 1599): level : 20 / status : 2/Health : 2/Decommission : 0
06-02 19:29:46.422 D/ZebraRttProvider.FusionEngine( 3675): receive broadcast intent, action: android.intent.action.BATTERY_CHANGED
06-02 19:29:46.422 D/ZebraRttProvider.FusionEngine( 3675): Battery Level = 20
06-02 19:29:46.422 D/ZebraRttProvider.FusionEngine( 3675): receive broadcast intent, action: android.intent.action.BATTERY_CHANGED
06-02 19:29:46.423 D/HighTemperatureReceiver( 5142): Receive action: android.intent.action.BATTERY_CHANGED
06-02 19:29:46.424 W/ContextImpl( 3222): Calling a method in the system process without a qualified user: android.app.ContextImpl.startService:1669 android.content.ContextWrapper.startService:720 com.symbol.batterymanager.model.BatteryManagerReceiver.startBatteryApplicationService:81 com.symbol.batterymanager.model.BatteryManagerReceiver.onReceive:47 android.app.LoadedApk$ReceiverDispatcher$Args.lambda$getRunnable$0$LoadedApk$ReceiverDispatcher$Args:1580 
06-02 19:29:46.424 D/KeyguardUpdateMonitor( 6499): received broadcast android.intent.action.BATTERY_CHANGED
06-02 19:29:46.424 D/BatterySwapServ( 3420): onReceive BATTERY_CHANGED
06-02 19:29:46.425 D/BatterySwapServ( 3420): battery changed: present=true level=20 plugType=2 shutdownLevel=6 batteryType = 201 serialnumber =T5017
06-02 19:29:46.425 D/com.symbol.dataanalytics.a.a.d.b( 4592): Received battery event
06-02 19:29:46.425 D/com.symbol.dataanalytics.a.a.d.b( 4592): BatteryFactory event action = android.intent.action.BATTERY_CHANGED
06-02 19:29:46.425 D/UsbCradleMode( 5461): onReceive:Battery change, status:2
06-02 19:29:46.435 D/KeyguardUpdateMonitor( 6499): handleBatteryUpdate
06-02 19:29:46.630 I/qccsyshalservice(11739): Start with system binder
06-02 19:29:46.632 I/qccsyshalservice(11739): Registering qccsyshal service...
06-02 19:29:46.634 I/hwservicemanager(  501): getTransport: Cannot find entry vendor.qti.hardware.qccsyshal@1.0::IQccsyshal/qccsyshal in either framework or device manifest.
06-02 19:29:46.635 E/HidlServiceManagement(11739): Service vendor.qti.hardware.qccsyshal@1.0::IQccsyshal/qccsyshal must be in VINTF manifest in order to register/get.
06-02 19:29:46.636 E/qccsyshalservice(11739): [ERROR] registerAsService() failed with status: -2147483648
06-02 19:29:46.666 I/vendor.qti.hardware.qccvndhal@1.0-service(11740): Start with vendor binder
06-02 19:29:46.667 I/vendor.qti.hardware.qccvndhal@1.0-service(11740): Registering qccvndhal service...
06-02 19:29:46.671 I/hwservicemanager(  501): getTransport: Cannot find entry vendor.qti.hardware.qccvndhal@1.0::IQccvndhal/qccvndhal in either framework or device manifest.
06-02 19:29:46.672 E/HidlServiceManagement(11740): Service vendor.qti.hardware.qccvndhal@1.0::IQccvndhal/qccvndhal must be in VINTF manifest in order to register/get.
06-02 19:29:46.672 E/vendor.qti.hardware.qccvndhal@1.0-service(11740): [ERROR] registerAsService() failed with status: -2147483648
06-02 19:29:46.641 I/init    (    0): Service 'qccvndhalservice' (pid 11740) exited with status 1
06-02 19:29:46.641 I/init    (    0): Sending signal 9 to service 'qccvndhalservice' (pid 11740) process group...
06-02 19:29:46.641 I/libprocessgroup(    0): Successfully killed process cgroup uid 1000 pid 11740 in 0ms
06-02 19:29:46.828 D/EventSequenceValidator( 1599): Transition from INTENT_FAILED to INTENT_STARTED
06-02 19:29:46.828 I/ActivityTaskManager( 1599): START u0 {flg=0x10000000 cmp=sdl.android.testapp/.SW_Decode_Android_TestApp_Activity} from uid 0
06-02 19:29:46.836 D/EventSequenceValidator( 1599): Transition from INTENT_STARTED to INTENT_FAILED
06-02 19:29:46.935 E/KernelCpuSpeedReader( 1599): Failed to read cpu-freq: /sys/devices/system/cpu/cpu4/cpufreq/stats/time_in_state: open failed: ENOENT (No such file or directory)
06-02 19:29:46.936 E/KernelCpuSpeedReader( 1599): Failed to read cpu-freq: /sys/devices/system/cpu/cpu0/cpufreq/stats/time_in_state: open failed: ENOENT (No such file or directory)
06-02 19:29:46.935 I/Binder:569_1(  569): type=1400 audit(0.0:5869): avc: denied { read } for name="wakeup48" dev="sysfs" ino=68359 scontext=u:r:system_suspend:s0 tcontext=u:object_r:sysfs:s0 tclass=dir permissive=1
06-02 19:29:46.935 I/Binder:569_1(  569): type=1400 audit(0.0:5870): avc: denied { open } for path="/sys/devices/virtual/misc/msm_mp3/wakeup48" dev="sysfs" ino=68359 scontext=u:r:system_suspend:s0 tcontext=u:object_r:sysfs:s0 tclass=dir permissive=1
06-02 19:29:46.945 I/Binder:569_1(  569): type=1400 audit(0.0:5871): avc: denied { read } for name="event_count" dev="sysfs" ino=68366 scontext=u:r:system_suspend:s0 tcontext=u:object_r:sysfs:s0 tclass=file permissive=1
06-02 19:29:46.945 I/Binder:569_1(  569): type=1400 audit(0.0:5872): avc: denied { open } for path="/sys/devices/virtual/misc/msm_mp3/wakeup48/event_count" dev="sysfs" ino=68366 scontext=u:r:system_suspend:s0 tcontext=u:object_r:sysfs:s0 tclass=file permissive=1
06-02 19:29:46.945 I/Binder:569_1(  569): type=1400 audit(0.0:5873): avc: denied { getattr } for path="/sys/devices/virtual/misc/msm_mp3/wakeup48/event_count" dev="sysfs" ino=68366 scontext=u:r:system_suspend:s0 tcontext=u:object_r:sysfs:s0 tclass=file permissive=1
06-02 19:29:47.007 I/IRQ 6   (    0): no longer affine to CPU7
06-02 19:29:47.017 E/[schedu][0x1175a0a466a][19:29:47.067221] wlan(    0): [2070:E:scan] scm_11d_elected_country_algo_fcc: 98: No AP with 11d Country code is present in scan list
06-02 19:29:47.017 E/FUSIONWL(    0): : ==Regulatory_elect_country_db==: No AP with 11d Country code is present in scan list
06-02 19:29:47.032 E/FUSIONWL(    0): : ==Regulatory_scan_country_list_db_reset==: Reset complete for scan country list
06-02 19:29:47.097 V/WifiHAL ( 1348): event received NL80211_CMD_NEW_SCAN_RESULTS
06-02 19:29:47.097 D/WifiNl80211Manager( 1599): Scan result ready event
06-02 19:29:47.097 D/WifiNative( 1599): Scan result ready event
06-02 19:29:47.099 V/WifiHAL (  741): event received NL80211_CMD_NEW_SCAN_RESULTS
06-02 19:29:47.138 W/audit   (    0): audit_lost=3374 audit_rate_limit=5 audit_backlog_limit=64
06-02 19:29:47.138 E/audit   (    0): rate limit exceeded
06-02 19:29:47.300 W/system_server( 1599): Long monitor contention with owner batterystats-worker (1634) at void com.android.server.am.BatteryExternalStatsWorker.updateExternalStatsLocked(java.lang.String, int, boolean, boolean, boolean)(BatteryExternalStatsWorker.java:508) waiters=0 in boolean com.android.server.am.BatteryStatsService.isCharging() for 875ms
06-02 19:29:47.303 W/system_server( 1599): Long monitor contention with owner batterystats-worker (1634) at void com.android.server.am.BatteryExternalStatsWorker.updateExternalStatsLocked(java.lang.String, int, boolean, boolean, boolean)(BatteryExternalStatsWorker.java:508) waiters=3 in void com.android.server.am.BatteryStatsService.noteWifiScanStoppedFromSource(android.os.WorkSource) for 198ms
06-02 19:29:47.305 W/system_server( 1599): Long monitor contention with owner batterystats-worker (1634) at void com.android.server.am.BatteryExternalStatsWorker.updateExternalStatsLocked(java.lang.String, int, boolean, boolean, boolean)(BatteryExternalStatsWorker.java:508) waiters=1 in android.content.ComponentName com.android.server.am.ActiveServices.startServiceInnerLocked(com.android.server.am.ActiveServices$ServiceMap, android.content.Intent, com.android.server.am.ServiceRecord, boolean, boolean) for 878ms
06-02 19:29:47.306 W/system_server( 1599): Long monitor contention with owner batterystats-worker (1634) at void com.android.server.am.BatteryExternalStatsWorker.updateExternalStatsLocked(java.lang.String, int, boolean, boolean, boolean)(BatteryExternalStatsWorker.java:508) waiters=2 in long com.android.server.am.BatteryStatsService.computeChargeTimeRemaining() for 871ms
06-02 19:29:47.308 I/Choreographer( 6499): Skipped 52 frames!  The application may be doing too much work on its main thread.
06-02 19:29:47.309 V/BatteryApplicationService( 3222): BatteryType  201
06-02 19:29:47.312 D/OSUService( 3163): dev-dbg:is_charging current_now -804687, batteryLevel: 20, isCharging(isCharging): true
06-02 19:29:47.312 D/OSUService( 3163): dev-dbg:is_charging ADAPTER_CHARGE_LIMIIT 500000
06-02 19:29:47.312 D/OSUService( 3163): dev-dbg:is_charging current_now > ADAPTER_CHARGE_LIMIIT false
06-02 19:29:47.312 D/OSUService( 3163): dev-dbg:is_charging conditionCheck false
06-02 19:29:47.313 D/OSUService( 3163): dev-dbg: battery change intent batteryLevel: 20, is_charging(context): false, STATE: 1
06-02 19:29:47.316 D/ZebraRttProvider.FusionEngine( 3675): receive broadcast intent, action: android.net.wifi.SCAN_RESULTS
06-02 19:29:47.316 D/FusionLoggerService( 4653): onReceive = android.net.wifi.SCAN_RESULTS
06-02 19:29:47.316 I/FusionManager( 4653): getCountry ENTER
06-02 19:29:47.319 D/vendor.zebra.fusion@1.0-service(  811): is80211dEnabled: returns 1
06-02 19:29:47.321 E/FusionServiceImpl( 4680): is80211dEnabled true
06-02 19:29:47.323 I/fusionconfd( 1348): getDriverCountry ENTER
06-02 19:29:47.324 I/OpenGLRenderer( 6499): Davey! duration=892ms; Flags=0, IntendedVsync=2427313452966, Vsync=2428180119598, OldestInputEvent=9223372036854775807, NewestInputEvent=0, HandleInputStart=2428192246572, AnimationStart=2428192255113, PerformTraversalsStart=2428192328915, DrawStart=2428197095947, SyncQueued=2428197735113, SyncStart=2428199466207, IssueDrawCommandsStart=2428199674020, SwapBuffers=2428203991155, FrameCompleted=2428207759124, DequeueBufferDuration=1256667, QueueBufferDuration=1552031, GpuCompleted=1633010311719, 
06-02 19:29:47.332 D/OSUService( 3163): dev-dbg:is_charging current_now -804687, batteryLevel: 20, isCharging(isCharging): true
06-02 19:29:47.333 D/OSUService( 3163): dev-dbg:is_charging ADAPTER_CHARGE_LIMIIT 500000
06-02 19:29:47.333 D/OSUService( 3163): dev-dbg:is_charging current_now > ADAPTER_CHARGE_LIMIIT false
06-02 19:29:47.333 D/OSUService( 3163): dev-dbg:is_charging conditionCheck false
06-02 19:29:47.333 D/OSUService( 3163): dev-dbg: calling for suspend
06-02 19:29:47.333 I/OSUService( 3163): handle_ab_suspend -1 2
06-02 19:29:47.333 E/OSUService( 3163): Can't Suspend - there are no update in progress
06-02 19:29:47.333 D/OSUService( 3163): dev-dbg: battery change intent finished
06-02 19:29:47.343 D/FusionLoggerService( 4653): Country unchanged
06-02 19:29:48.195 I/swapper/0(    0): type=1400 audit(0.0:5879): avc: denied { kill } for capability=5 scontext=u:r:kernel:s0 tcontext=u:r:kernel:s0 tclass=capability permissive=1
06-02 19:29:51.500 I/init    (    0): starting service 'qccsyshalservice'...
06-02 19:29:51.549 I/init    (    0): starting service 'qccvndhalservice'...
06-02 19:29:51.635 I/qccsyshalservic(11751): type=1400 audit(0.0:5880): avc: denied { search } for name="/" dev="mmcblk0p37" ino=2 scontext=u:r:vendor_qccsyshal_qti:s0 tcontext=u:object_r:factory_file:s0 tclass=dir permissive=1
06-02 19:29:51.655 I/vendor.qti.hard(11752): type=1400 audit(0.0:5881): avc: denied { search } for name="/" dev="mmcblk0p37" ino=2 scontext=u:r:vendor_hal_qccvndhal_qti:s0 tcontext=u:object_r:factory_file:s0 tclass=dir permissive=1
06-02 19:29:51.680 I/qccsyshalservice(11751): Start with system binder
06-02 19:29:51.682 I/qccsyshalservice(11751): Registering qccsyshal service...
06-02 19:29:51.684 I/hwservicemanager(  501): getTransport: Cannot find entry vendor.qti.hardware.qccsyshal@1.0::IQccsyshal/qccsyshal in either framework or device manifest.
06-02 19:29:51.686 E/HidlServiceManagement(11751): Service vendor.qti.hardware.qccsyshal@1.0::IQccsyshal/qccsyshal must be in VINTF manifest in order to register/get.
06-02 19:29:51.686 E/qccsyshalservice(11751): [ERROR] registerAsService() failed with status: -2147483648
06-02 19:29:51.651 I/init    (    0): Service 'qccsyshalservice' (pid 11751) exited with status 1
06-02 19:29:51.651 I/init    (    0): Sending signal 9 to service 'qccsyshalservice' (pid 11751) process group...
06-02 19:29:51.652 I/libprocessgroup(    0): Successfully killed process cgroup uid 1000 pid 11751 in 0ms
06-02 19:29:51.713 I/vendor.qti.hardware.qccvndhal@1.0-service(11752): Start with vendor binder
06-02 19:29:51.714 I/vendor.qti.hardware.qccvndhal@1.0-service(11752): Registering qccvndhal service...
06-02 19:29:51.717 I/hwservicemanager(  501): getTransport: Cannot find entry vendor.qti.hardware.qccvndhal@1.0::IQccvndhal/qccvndhal in either framework or device manifest.
06-02 19:29:51.718 E/HidlServiceManagement(11752): Service vendor.qti.hardware.qccvndhal@1.0::IQccvndhal/qccvndhal must be in VINTF manifest in order to register/get.
06-02 19:29:51.718 E/vendor.qti.hardware.qccvndhal@1.0-service(11752): [ERROR] registerAsService() failed with status: -2147483648
06-02 19:29:51.678 I/init    (    0): Service 'qccvndhalservice' (pid 11752) exited with status 1
06-02 19:29:51.679 I/init    (    0): Sending signal 9 to service 'qccvndhalservice' (pid 11752) process group...
06-02 19:29:51.680 I/libprocessgroup(    0): Successfully killed process cgroup uid 1000 pid 11752 in 0ms
06-02 19:29:51.787 I/IRQ 6   (    0): no longer affine to CPU6
06-02 19:29:54.962 E/WifiScoringParams( 1599): Invalid frequency(-1), using 5G as default rssi array
06-02 19:29:54.981 D/WifiNative( 1599): Scan trigered from WifiNative
06-02 19:29:54.934 I/FUSIONWL(    0): : ==ChannelMask_GetChannels==: Dropping channel 144, not valid
06-02 19:29:54.934 I/FUSIONWL(    0): : ==ChannelMask_GetChannels==: Band Auto, Ch list length 37
06-02 19:29:54.986 V/WifiHAL ( 1348): event received NL80211_CMD_TRIGGER_SCAN
06-02 19:29:54.987 V/WifiHAL (  741): event received NL80211_CMD_TRIGGER_SCAN
06-02 19:29:56.548 I/init    (    0): starting service 'qccsyshalservice'...
06-02 19:29:56.595 I/init    (    0): starting service 'qccvndhalservice'...
06-02 19:29:56.716 I/qccsyshalservice(11755): Start with system binder
06-02 19:29:56.718 I/qccsyshalservice(11755): Registering qccsyshal service...
06-02 19:29:56.722 I/hwservicemanager(  501): getTransport: Cannot find entry vendor.qti.hardware.qccsyshal@1.0::IQccsyshal/qccsyshal in either framework or device manifest.
06-02 19:29:56.723 E/HidlServiceManagement(11755): Service vendor.qti.hardware.qccsyshal@1.0::IQccsyshal/qccsyshal must be in VINTF manifest in order to register/get.
06-02 19:29:56.723 E/qccsyshalservice(11755): [ERROR] registerAsService() failed with status: -2147483648
06-02 19:29:56.681 I/init    (    0): Service 'qccsyshalservice' (pid 11755) exited with status 1
06-02 19:29:56.681 I/init    (    0): Sending signal 9 to service 'qccsyshalservice' (pid 11755) process group...
06-02 19:29:56.683 I/libprocessgroup(    0): Successfully killed process cgroup uid 1000 pid 11755 in 0ms
06-02 19:29:56.751 I/vendor.qti.hardware.qccvndhal@1.0-service(11756): Start with vendor binder
06-02 19:29:56.752 I/vendor.qti.hardware.qccvndhal@1.0-service(11756): Registering qccvndhal service...
06-02 19:29:56.757 I/hwservicemanager(  501): getTransport: Cannot find entry vendor.qti.hardware.qccvndhal@1.0::IQccvndhal/qccvndhal in either framework or device manifest.
06-02 19:29:56.758 E/HidlServiceManagement(11756): Service vendor.qti.hardware.qccvndhal@1.0::IQccvndhal/qccvndhal must be in VINTF manifest in order to register/get.
06-02 19:29:56.758 E/vendor.qti.hardware.qccvndhal@1.0-service(11756): [ERROR] registerAsService() failed with status: -2147483648
06-02 19:29:56.721 I/init    (    0): Service 'qccvndhalservice' (pid 11756) exited with status 1
06-02 19:29:56.721 I/init    (    0): Sending signal 9 to service 'qccvndhalservice' (pid 11756) process group...
06-02 19:29:56.723 I/libprocessgroup(    0): Successfully killed process cgroup uid 1000 pid 11756 in 1ms
06-02 19:29:57.016 E/[schedu][0x117657b8992][19:29:57.065769] wlan(    0): [2070:E:scan] scm_11d_elected_country_algo_fcc: 98: No AP with 11d Country code is present in scan list
06-02 19:29:57.016 E/FUSIONWL(    0): : ==Regulatory_elect_country_db==: No AP with 11d Country code is present in scan list
06-02 19:29:57.030 E/FUSIONWL(    0): : ==Regulatory_scan_country_list_db_reset==: Reset complete for scan country list
06-02 19:29:57.093 V/WifiHAL ( 1348): event received NL80211_CMD_NEW_SCAN_RESULTS
06-02 19:29:57.094 V/WifiHAL (  741): event received NL80211_CMD_NEW_SCAN_RESULTS
06-02 19:29:57.096 D/WifiNl80211Manager( 1599): Scan result ready event
06-02 19:29:57.097 D/WifiNative( 1599): Scan result ready event
06-02 19:29:57.102 D/WificondScannerImpl( 1599): Filtering out 1 scan results.
06-02 19:29:57.106 D/ZebraRttProvider.FusionEngine( 3675): receive broadcast intent, action: android.net.wifi.SCAN_RESULTS
06-02 19:29:57.106 D/FusionLoggerService( 4653): onReceive = android.net.wifi.SCAN_RESULTS
06-02 19:29:57.107 I/FusionManager( 4653): getCountry ENTER
06-02 19:29:57.109 D/vendor.zebra.fusion@1.0-service(  811): is80211dEnabled: returns 1
06-02 19:29:57.112 E/FusionServiceImpl( 4680): is80211dEnabled true
06-02 19:29:57.114 I/fusionconfd( 1348): getDriverCountry ENTER
06-02 19:29:57.129 D/FusionLoggerService( 4653): Country unchanged
06-02 19:29:57.201 D/CompatibilityInfo( 1599): mCompatibilityFlags - 4
06-02 19:29:57.201 D/CompatibilityInfo( 1599): applicationDensity - 240
06-02 19:29:57.201 D/CompatibilityInfo( 1599): applicationScale - 1.0
06-02 19:29:57.209 I/NextSubtest service( 7609): hit
06-02 19:29:57.163 E/        (    0): [SDL] misc_ioctl msg.len is 3 : 0x77 0x03 0x86
06-02 19:29:57.215 D/SW_Decode_Android_TestApp_Activity( 7609): GetLastDecodedImageTests : 0
06-02 19:29:57.216 E/BCReader-JNI( 7609): mCancelCaptSession=0
06-02 19:29:57.173 E/        (    0): [SDL] misc_ioctl msg.len is 2 : 0x88 0x00
06-02 19:29:57.174 E/        (    0): [SDL] se47xx_misc_ioctl ret = -107
06-02 19:29:57.177 E/        (    0): [SDL] misc_ioctl msg.len is 2 : 0x88 0x00
06-02 19:29:57.182 E/        (    0): [SDL] misc_ioctl msg.len is 3 : 0x77 0x08 0x81
06-02 19:29:57.188 E/        (    0): [SDL] misc_ioctl msg.len is 2 : 0x88 0x00
06-02 19:29:57.193 E/        (    0): [SDL] misc_ioctl msg.len is 3 : 0x58 0x00 0xa8
06-02 19:29:57.198 E/        (    0): [SDL] misc_ioctl msg.len is 2 : 0xa7 0x00
06-02 19:29:57.204 E/        (    0): [SDL] misc_ioctl msg.len is 3 : 0x77 0x03 0x86
06-02 19:29:57.209 E/        (    0): [SDL] misc_ioctl msg.len is 2 : 0x88 0x00
06-02 19:29:57.214 E/        (    0): [SDL] misc_ioctl msg.len is 3 : 0x77 0x08 0x81
06-02 19:29:57.220 E/        (    0): [SDL] misc_ioctl msg.len is 2 : 0x88 0x00
06-02 19:29:57.225 E/        (    0): [SDL] misc_ioctl msg.len is 3 : 0x58 0x00 0xa8
06-02 19:29:57.230 E/        (    0): [SDL] misc_ioctl msg.len is 2 : 0xa7 0x00
06-02 19:29:57.236 E/        (    0): [SDL] misc_ioctl msg.len is 3 : 0x58 0x00 0xa8
06-02 19:29:57.296 D/BCReader-JNI( 7609): CHECK camera_status_t ZebraCamera::createCaptureSession() /swdec/SDL/MR-2022/Release/SDL-ALAS00-011-R00-D01/Framework.SDL_standard/project/Android/proj_BarCodeReaderSDL/jni/camera2.h 1741
06-02 19:29:57.241 E/        (    0): [SDL] misc_ioctl msg.len is 2 : 0xa7 0x00
06-02 19:29:57.296 D/BCReader-JNI( 7609): CHECK camera_status_t ZebraCamera::createCaptureSession() /swdec/SDL/MR-2022/Release/SDL-ALAS00-011-R00-D01/Framework.SDL_standard/project/Android/proj_BarCodeReaderSDL/jni/camera2.h 1757
06-02 19:29:57.296 D/BCReader-JNI( 7609): CHECK camera_status_t ZebraCamera::createCaptureSession() /swdec/SDL/MR-2022/Release/SDL-ALAS00-011-R00-D01/Framework.SDL_standard/project/Android/proj_BarCodeReaderSDL/jni/camera2.h 1769
06-02 19:29:57.297 D/BCReader-JNI( 7609): Call ACameraDevice_createCaptureSession createCaptureSession:1819
06-02 19:29:57.302 E/QCamera (  710): <HAL><ERROR> stop: 1656: Attempt to stop inactive channel
06-02 19:29:57.303 E/QCamera (  710): <HAL><ERROR> stop: 277: Attempt to stop inactive channel
06-02 19:29:57.303 I/QCamera (  710): <HAL><INFO> configureStreamsPerfLocked: 2399: stream[0] type = 0, format = 36, width = 1360, height = 800, rotation = 0, usage = 0x3
06-02 19:29:57.304 E/mm-camera(  710): <MCT   ><ERROR> 4828: mct_pipeline_process_serv_msg: pipeline blackjoe data->sessionid 3 pipeline->session 3 msgid 3
06-02 19:29:57.304 E/mm-camera(  710): <MCT   ><ERROR> 4299: mct_pipeline_process_set: command is 0x800000b blackjoe CAM_PRIV_PARM 0x8000014
06-02 19:29:57.304 I/mm-camera(  710): <MCT   >< INFO> 4302: mct_pipeline_process_set: command=800000b
06-02 19:29:57.304 I/mm-camera(  710): <MCT   >< INFO> 4547: mct_pipeline_process_set: Issuing DEL_STREAM on stream 0x30002 and stream type=8
06-02 19:29:57.304 I/mm-camera(  710): <IFACE >< INFO> 705: iface_unreserve_sink_port: stream_id 2 mode 0 
06-02 19:29:57.305 I/mm-camera(  710): <ISP   >< INFO> 948: isp_port_check_caps_unreserve: ide 30002 port 0xe86d42f0
06-02 19:29:57.305 I/mm-camera(  710): <MCT   >< INFO> 4570: mct_pipeline_process_set: Stream 0x30002 and stream type=8, successfully deleted
06-02 19:29:57.307 E/mm-camera(  710): <MCT   ><ERROR> 4828: mct_pipeline_process_serv_msg: pipeline blackjoe data->sessionid 3 pipeline->session 3 msgid 3
06-02 19:29:57.307 E/mm-camera(  710): <MCT   ><ERROR> 4299: mct_pipeline_process_set: command is 0x800000b blackjoe CAM_PRIV_PARM 0x8000014
06-02 19:29:57.308 I/mm-camera(  710): <MCT   >< INFO> 4302: mct_pipeline_process_set: command=800000b
06-02 19:29:57.308 I/mm-camera(  710): <MCT   >< INFO> 4547: mct_pipeline_process_set: Issuing DEL_STREAM on stream 0x30001 and stream type=7
06-02 19:29:57.308 I/mm-camera(  710): <MCT   >< INFO> 4570: mct_pipeline_process_set: Stream 0x30001 and stream type=7, successfully deleted
06-02 19:29:57.309 E/mm-camera(  710): <MCT   ><ERROR> 4828: mct_pipeline_process_serv_msg: pipeline blackjoe data->sessionid 3 pipeline->session 3 msgid 3
06-02 19:29:57.309 E/mm-camera(  710): <MCT   ><ERROR> 4299: mct_pipeline_process_set: command is 0x800000a blackjoe CAM_PRIV_PARM 0x8000014
06-02 19:29:57.310 I/mm-camera(  710): <MCT   >< INFO> 4302: mct_pipeline_process_set: command=800000a
06-02 19:29:57.365 D/blackjoe callstack(  710): #00 pc 0000b1c5  /vendor/lib/libmmcamera_interface.so (dump_stack_android+36)
06-02 19:29:57.366 D/blackjoe callstack(  710): #01 pc 0001a2af  /vendor/lib/libmmcamera_interface.so (mm_stream_config+66)
06-02 19:29:57.366 D/blackjoe callstack(  710): #02 pc 00019a71  /vendor/lib/libmmcamera_interface.so (mm_stream_fsm_acquired+100)
06-02 19:29:57.366 D/blackjoe callstack(  710): #03 pc 00019771  /vendor/lib/libmmcamera_interface.so (mm_stream_fsm_fn+168)
06-02 19:29:57.366 D/blackjoe callstack(  710): #04 pc 0001600d  /vendor/lib/libmmcamera_interface.so (mm_channel_config_stream+128)
06-02 19:29:57.366 D/blackjoe callstack(  710): #05 pc 00015117  /vendor/lib/libmmcamera_interface.so (mm_channel_fsm_fn_stopped+126)
06-02 19:29:57.366 D/blackjoe callstack(  710): #06 pc 00014fc3  /vendor/lib/libmmcamera_interface.so (mm_channel_fsm_fn+142)
06-02 19:29:57.366 D/blackjoe callstack(  710): #07 pc 00011479  /vendor/lib/libmmcamera_interface.so (mm_camera_config_stream+92)
06-02 19:29:57.366 D/blackjoe callstack(  710): #08 pc 0000e3a7  /vendor/lib/libmmcamera_interface.so (mm_camera_intf_config_stream+198)
06-02 19:29:57.366 D/blackjoe callstack(  710): #09 pc 000a1539  /vendor/lib/hw/camera.sdm660.so (qcamera::QCamera3Stream::init(cam_stream_type_t, cam_format_t, cam_dimension_t, cam_rotation_t, cam_stream_reproc_config_t*, unsigned char, unsigned long long, cam_is_type_t, unsigned int, void (*)(mm_camera_super_buf_t*, qcamera::QCamera3Stream*, void*), void*, bool, bool)+816)
06-02 19:29:57.366 D/blackjoe callstack(  710): #10 pc 000a28ad  /vendor/lib/hw/camera.sdm660.so (qcamera::QCamera3Channel::addStream(cam_stream_type_t, cam_format_t, cam_dimension_t, cam_rotation_t, unsigned char, unsigned long long, cam_is_type_t, unsigned int, bool, bool)+208)
06-02 19:29:57.366 D/blackjoe callstack(  710): #11 pc 000a5c8d  /vendor/lib/hw/camera.sdm660.so (qcamera::QCamera3MetadataChannel::initialize(cam_is_type_t)+192)
06-02 19:29:57.367 D/blackjoe callstack(  710): #12 pc 00082889  /vendor/lib/hw/camera.sdm660.so (qcamera::QCamera3HardwareInterface::configureStreamsPerfLocked(camera3_stream_configuration*)+3912)
06-02 19:29:57.367 D/blackjoe callstack(  710): #13 pc 000818fb  /vendor/lib/hw/camera.sdm660.so (qcamera::QCamera3HardwareInterface::configureStreams(camera3_stream_configuration*)+70)
06-02 19:29:57.367 D/blackjoe callstack(  710): #14 pc 0007e24b  /vendor/lib/hw/camera.sdm660.so (qcamera::QCamera3HardwareInterface::configure_streams(camera3_device const*, camera3_stream_configuration*)+46)
06-02 19:29:57.367 D/blackjoe callstack(  710): #15 pc 00011787  /vendor/lib/camera.device@3.4-impl.so (android::hardware::camera::device::V3_4::implementation::CameraDeviceSession::configureStreams_3_4_Impl(android::hardware::camera::device::V3_4::StreamConfiguration const&, std::__1::function<void (android::hardware::camera::common::V1_0::Status, android::hardware::camera::device::V3_4::HalStreamConfiguration const&)>, unsigned int, bool)+422)
06-02 19:29:57.367 D/blackjoe callstack(  710): #16 pc 00014f37  /vendor/lib/camera.device@3.4-impl.so (android::hardware::camera::device::V3_4::implementation::CameraDeviceSession::TrampolineSessionInterface_3_4::configureStreams_3_4(android::hardware::camera::device::V3_4::StreamConfiguration const&, std::__1::function<void (android::hardware::camera::common::V1_0::Status, android::hardware::camera::device::V3_4::HalStreamConfiguration const&)>)+98)
06-02 19:29:57.367 D/blackjoe callstack(  710): #17 pc 0001735b  /apex/com.android.vndk.v30/lib/android.hardware.camera.device@3.4.so (android::hardware::camera::device::V3_4::BnHwCameraDeviceSession::_hidl_configureStreams_3_4(android::hidl::base::V1_0::BnHwBase*, android::hardware::Parcel const&, android::hardware::Parcel*, std::__1::function<void (android::hardware::Parcel&)>)+222)
06-02 19:29:57.367 D/blackjoe callstack(  710): #18 pc 00017a85  /apex/com.android.vndk.v30/lib/android.hardware.camera.device@3.4.so (android::hardware::camera::device::V3_4::BnHwCameraDeviceSession::onTransact(unsigned int, android::hardware::Parcel const&, android::hardware::Parcel*, unsigned int, std::__1::function<void (android::hardware::Parcel&)>)+680)
06-02 19:29:57.367 D/blackjoe callstack(  710): #19 pc 0006d0fb  /apex/com.android.vndk.v30/lib/libhidlbase.so (android::hardware::BHwBinder::transact(unsigned int, android::hardware::Parcel const&, android::hardware::Parcel*, unsigned int, std::__1::function<void (android::hardware::Parcel&)>)+46)
06-02 19:29:57.367 D/blackjoe callstack(  710): #20 pc 000700ad  /apex/com.android.vndk.v30/lib/libhidlbase.so (android::hardware::IPCThreadState::executeCommand(int)+1936)
06-02 19:29:57.367 D/blackjoe callstack(  710): #21 pc 0006f79f  /apex/com.android.vndk.v30/lib/libhidlbase.so (android::hardware::IPCThreadState::getAndExecuteCommand()+138)
06-02 19:29:57.367 D/blackjoe callstack(  710): #22 pc 0007060b  /apex/com.android.vndk.v30/lib/libhidlbase.so (android::hardware::IPCThreadState::joinThreadPool(bool)+110)
06-02 19:29:57.367 D/blackjoe callstack(  710): #23 pc 00078965  /apex/com.android.vndk.v30/lib/libhidlbase.so (android::hardware::PoolThread::threadLoop()+12)
06-02 19:29:57.367 D/blackjoe callstack(  710): #24 pc 0000ebb1  /apex/com.android.vndk.v30/lib/libutils.so (android::Thread::_threadLoop(void*)+220)
06-02 19:29:57.367 D/blackjoe callstack(  710): #25 pc 0000e6c1  /apex/com.android.vndk.v30/lib/libutils.so (thread_data_t::trampoline(thread_data_t const*)+256)
06-02 19:29:57.368 D/blackjoe callstack(  710): #26 pc 00083d87  /apex/com.android.runtime/lib/bionic/libc.so (__pthread_start(void*)+40)
06-02 19:29:57.368 D/blackjoe callstack(  710): #27 pc 0003a307  /apex/com.android.runtime/lib/bionic/libc.so (__start_thread+30)
06-02 19:29:57.368 E/mm-camera(  710): <MCT   ><ERROR> 4828: mct_pipeline_process_serv_msg: pipeline blackjoe data->sessionid 3 pipeline->session 3 msgid 3
06-02 19:29:57.368 E/mm-camera(  710): <MCT   ><ERROR> 4299: mct_pipeline_process_set: command is 0x8000018 blackjoe CAM_PRIV_PARM 0x8000014
06-02 19:29:57.368 I/mm-camera(  710): <MCT   >< INFO> 4302: mct_pipeline_process_set: command=8000018
06-02 19:29:57.369 E/mm-camera(  710): <MCT   ><ERROR> 503: mct_stream_start_link: mct_stream_start_link blackjoe stream_type is 7
06-02 19:29:57.369 I/mm-camera(  710): <MCT   >< INFO> 640: mct_stream_start_link: Link Metadata stream 0x30001: do nothing
06-02 19:29:57.369 E/mm-camera(  710): <MCT   ><ERROR> 862: mct_stream_start_link: call link_module_array blackjoe 0x0
06-02 19:29:57.369 I/mm-camera(  710): <MCT   >< INFO> 4400: mct_pipeline_process_set: Linking successful for stream 0x30001 stream type=7
06-02 19:29:57.370 E/mm-camera(  710): <MCT   ><ERROR> 4828: mct_pipeline_process_serv_msg: pipeline blackjoe data->sessionid 3 pipeline->session 3 msgid 3
06-02 19:29:57.370 E/mm-camera(  710): <MCT   ><ERROR> 4299: mct_pipeline_process_set: command is 0x8000004 blackjoe CAM_PRIV_PARM 0x8000014
06-02 19:29:57.370 I/mm-camera(  710): <MCT   >< INFO> 4302: mct_pipeline_process_set: command=8000004
06-02 19:29:57.326 D/logd    (    0): logdr: UID=0 GID=0 PID=11767 n tail=0 logMask=99 pid=0 start=0ns timeout=0ns
06-02 19:29:57.379 D/Camera3-Device( 1279): Set real time priority for request queue thread (tid 8493)
06-02 19:29:57.380 D/BCReader-JNI( 7609): End ACameraDevice_createCaptureSession createCaptureSession:1822
06-02 19:29:57.380 D/BCReader-JNI( 7609): This is preallocated Preview Session
06-02 19:29:57.383 D/qdgralloc( 7609): Imported handle: 0x7c2ffd2550 id: 597
06-02 19:29:57.383 D/qdgralloc( 7609): GetTransportSize: num fds: 2 num ints: 22 err:0
06-02 19:29:57.384 I/BCReader-JNI( 7609): Session for camera 0 is busy!
06-02 19:29:57.334 E/        (    0): [SDL] misc_ioctl msg.len is 3 : 0x77 0x02 0x87
06-02 19:29:57.335 E/        (    0): [SDL] misc_ioctl msg.len is 2 : 0x88 0x00
06-02 19:29:57.384 D/qdgralloc( 1279): Imported handle: 0xe8e81410 id: 597
06-02 19:29:57.384 D/qdgralloc( 1279): GetTransportSize: num fds: 2 num ints: 22 err:0
06-02 19:29:57.386 D/qdgralloc(  710): Imported handle: 0xe05c0e10 id: 597
06-02 19:29:57.390 E/mm-camera(  710): <MCT   ><ERROR> 4828: mct_pipeline_process_serv_msg: pipeline blackjoe data->sessionid 3 pipeline->session 3 msgid 3
06-02 19:29:57.390 E/mm-camera(  710): <MCT   ><ERROR> 4299: mct_pipeline_process_set: command is 0x8000014 blackjoe CAM_PRIV_PARM 0x8000014
06-02 19:29:57.391 I/mm-camera(  710): <ISP   >< INFO> 7159: isp_util_print_meta_stream_info: Deallocate resources
06-02 19:29:57.391 I/mm-camera(  710): <ISP   >< INFO> 7490: isp_util_handle_stream_info: streams_desc num_streams is 0 
06-02 19:29:57.391 I/mm-camera(  710): <IFACE >< INFO> 6386: iface_util_handle_meta_stream_info: iface_util_handle_meta_stream_info: ms_type 0 num streams 0
06-02 19:29:57.392 E/mm-camera(  710): <IMGLIB><ERROR> 297: AllocateBuffers: Invalid dimensions 0x0
06-02 19:29:57.392 E/mm-camera(  710): <IMGLIB><ERROR> 197: img_algo_preload: Preload: Failed to allocate buffer, rc -4
06-02 19:29:57.393 E/mm-camera(  710): <IMGLIB><ERROR> 127: module_imgbase_client_preload_exec: IMG_CORE_PRELOAD failed -4
06-02 19:29:57.395 E/mm-camera(  710): <MCT   ><ERROR> 4828: mct_pipeline_process_serv_msg: pipeline blackjoe data->sessionid 3 pipeline->session 3 msgid 3
06-02 19:29:57.395 E/mm-camera(  710): <MCT   ><ERROR> 4299: mct_pipeline_process_set: command is 0x8000014 blackjoe CAM_PRIV_PARM 0x8000014
06-02 19:29:57.396 I/mm-camera(  710): <ISP   >< INFO> 7159: isp_util_print_meta_stream_info: Deallocate resources
06-02 19:29:57.396 E/mm-camera(  710): <IMGLIB><ERROR> 297: AllocateBuffers: Invalid dimensions 0x0
06-02 19:29:57.396 I/mm-camera(  710): <ISP   >< INFO> 7490: isp_util_handle_stream_info: streams_desc num_streams is 0 
06-02 19:29:57.396 E/mm-camera(  710): <IMGLIB><ERROR> 197: img_algo_preload: Preload: Failed to allocate buffer, rc -4
06-02 19:29:57.396 E/mm-camera(  710): <IMGLIB><ERROR> 127: module_imgbase_client_preload_exec: IMG_CORE_PRELOAD failed -4
06-02 19:29:57.396 I/mm-camera(  710): <IFACE >< INFO> 6386: iface_util_handle_meta_stream_info: iface_util_handle_meta_stream_info: ms_type 0 num streams 0
06-02 19:29:57.397 E/QCamera (  710): <HAL><ERROR> processCaptureRequest: 7218: Check processCaptureRequest:7218 blackjoe
06-02 19:29:57.397 E/QCamera (  710): <HAL><ERROR> setHalFpsRange: 14639: E : setHalFpsRange: min_fps 0, max_fps 0 => will be 60 blackjoe 
06-02 19:29:57.397 I/QCamera (  710): <HAL><INFO> setHalFpsRange: 14674: aeTargetFpsRange fps: [5.000000 60.000000]
06-02 19:29:57.397 I/QCamera (  710): <HAL><INFO> setHalFpsRange: 14752: fps: [5.000000 60.000000] vid_fps: [5.000000 60.000000]
06-02 19:29:57.397 I/QCamera (  710): <HAL><INFO> setSensorHDR: 16388: send sensor HDR setting 0 blackjoe
06-02 19:29:57.397 I/QCamera (  710): <HAL><INFO> processCaptureRequest: 7346: STREAM INFO 0: type 8, wxh: 1360 x 800, pp_mask: 0x0, Format:0 is_type: 0 sync_type 0
06-02 19:29:57.398 E/mm-camera(  710): <MCT   ><ERROR> 4828: mct_pipeline_process_serv_msg: pipeline blackjoe data->sessionid 3 pipeline->session 3 msgid 3
06-02 19:29:57.398 E/mm-camera(  710): <MCT   ><ERROR> 4299: mct_pipeline_process_set: command is 0x8000014 blackjoe CAM_PRIV_PARM 0x8000014
06-02 19:29:57.398 E/mm-camera(  710): <IMGLIB><ERROR> 322: module_depth_map_handle_ctrl_parm: E
06-02 19:29:57.399 E/mm-camera(  710): <IMGLIB><ERROR> 430: module_depth_map_set_config_param: X
06-02 19:29:57.399 E/mm-camera(  710): <IMGLIB><ERROR> 254: module_depth_map_send_config_data: CAM_STREAM_TYPE_DEPTH not set !!
06-02 19:29:57.399 E/mm-camera(  710): <IMGLIB><ERROR> 369: module_depth_map_handle_ctrl_parm: Error module_depth_map_send_config_data
06-02 19:29:57.399 E/mm-camera(  710): <IMGLIB><ERROR> 373: module_depth_map_handle_ctrl_parm: X
06-02 19:29:57.399 E/mm-camera(  710): <IMGLIB><ERROR> 880: module_imgbase_process_param: [depth_map] handle_ctrl_parm error : type=10, rc=-5
06-02 19:29:57.428 D/blackjoe callstack(  710): #00 pc 00004085  /vendor/lib/libmmcamera_dbg.so (dump_stack_android+36)
06-02 19:29:57.428 D/blackjoe callstack(  710): #01 pc 0001d06f  /vendor/lib/libmmcamera2_iface_modules.so (iface_util_set_dis_enable_flag+10)
06-02 19:29:57.428 D/blackjoe callstack(  710): #02 pc 00033f03  /vendor/lib/libmmcamera2_iface_modules.so (port_iface_event_func+1690)
06-02 19:29:57.429 D/blackjoe callstack(  710): #03 pc 0004c917  /vendor/lib/libmmcamera2_sensor_modules.so (port_sensor_port_process_event+286)
06-02 19:29:57.429 D/blackjoe callstack(  710): #04 pc 0000c8d1  /vendor/lib/libmmcamera2_mct.so (mct_list_traverse+24)
06-02 19:29:57.429 D/blackjoe callstack(  710): #05 pc 000450af  /vendor/lib/libmmcamera2_sensor_modules.so (module_sensor_module_process_event+3894)
06-02 19:29:57.429 D/blackjoe callstack(  710): #06 pc 00010cc7  /vendor/lib/libmmcamera2_mct.so (mct_stream_send_event+470)
06-02 19:29:57.429 D/blackjoe callstack(  710): #07 pc 00019ac5  /vendor/lib/libmmcamera2_mct.so (mct_pipeline_send_event+64)
06-02 19:29:57.429 D/blackjoe callstack(  710): #08 pc 00014d43  /vendor/lib/libmmcamera2_mct.so (mct_pipeline_send_ctrl_events+678)
06-02 19:29:57.429 D/blackjoe callstack(  710): #09 pc 000179d5  /vendor/lib/libmmcamera2_mct.so (mct_pipeline_process_serv_msg+2500)
06-02 19:29:57.429 D/blackjoe callstack(  710): #10 pc 0001b5ef  /vendor/lib/libmmcamera2_mct.so (mct_controller_thread_run+362)
06-02 19:29:57.429 D/blackjoe callstack(  710): #11 pc 00083d87  /apex/com.android.runtime/lib/bionic/libc.so (__pthread_start(void*)+40)
06-02 19:29:57.429 D/blackjoe callstack(  710): #12 pc 0003a307  /apex/com.android.runtime/lib/bionic/libc.so (__start_thread+30)
06-02 19:29:57.429 I/mm-camera(  710): <IFACE >< INFO> 6276: iface_util_set_dis_enable_flag: iface_util_set_dis_enable_flag:6276 DIS enable flag = 0
06-02 19:29:57.429 E/mm-camera(  710): <SENSOR><ERROR> 5247: module_sensor_event_control_set_parm: Calling SENSOR_GET_RESOLUTION_INFO blackjoe module_sensor_event_control_set_parm:5247 cur_res -1
06-02 19:29:57.430 I/mm-camera(  710): <SENSOR>< INFO> 3926: sensor_get_resolution_info: Forced cur_res print out blackjoe
06-02 19:29:57.430 I/mm-camera(  710): <SENSOR>< INFO> 4269: sensor_get_resolution_info: sensor info: name: se4850, res: 0, max_fps: 54.000000, w: 1360, h: 800 op pix clk: 400000000, FLL: 827, LLPCK: 1360, mode: 1, PDAF support: 0
06-02 19:29:57.430 I/mm-camera(  710): <C2D   >< INFO> 1970: c2d_module_handle_set_parm_event: META_STREAM_INFO type = 8 w x h : 1360 x 800 pp_mask = 0x0
06-02 19:29:57.430 E/mm-camera(  710): <IMGLIB><ERROR> 297: AllocateBuffers: Invalid dimensions 0x0
06-02 19:29:57.430 I/mm-camera(  710): <ISP   >< INFO> 7155: isp_util_print_meta_stream_info: Stream type 8 Resolution: 1360x800 pp_mask: 0x0
06-02 19:29:57.430 E/mm-camera(  710): <ISP   ><ERROR> 7525: isp_util_handle_stream_info: <non-fatal> failed: isp resource allocate for mipi stream
06-02 19:29:57.430 E/mm-camera(  710): <IMGLIB><ERROR> 197: img_algo_preload: Preload: Failed to allocate buffer, rc -4
06-02 19:29:57.430 I/mm-camera(  710): <IFACE >< INFO> 6386: iface_util_handle_meta_stream_info: iface_util_handle_meta_stream_info: ms_type 0 num streams 1
06-02 19:29:57.430 E/mm-camera(  710): <IMGLIB><ERROR> 127: module_imgbase_client_preload_exec: IMG_CORE_PRELOAD failed -4
06-02 19:29:57.430 E/mm-camera(  710): <MCT   ><ERROR> 4828: mct_pipeline_process_serv_msg: pipeline blackjoe data->sessionid 3 pipeline->session 3 msgid 3
06-02 19:29:57.431 E/mm-camera(  710): <MCT   ><ERROR> 4299: mct_pipeline_process_set: command is 0x8000014 blackjoe CAM_PRIV_PARM 0x8000014
06-02 19:29:57.431 E/mm-camera(  710): <MCT   ><ERROR> 4828: mct_pipeline_process_serv_msg: pipeline blackjoe data->sessionid 3 pipeline->session 3 msgid 4
06-02 19:29:57.432 E/mm-camera(  710): <MCT   ><ERROR> 4856: mct_pipeline_process_serv_msg: CHECK Get PARAM blackjoe
06-02 19:29:57.432 E/mm-camera(  710): <MCT   ><ERROR> 4735: mct_pipeline_process_get: command is 0x8000014 blackjoe CAM_PRIV_PARM 0x8000014
06-02 19:29:57.432 E/mm-camera(  710): <MCT   ><ERROR> 4736: mct_pipeline_process_get: command is 134217748 blackjoe
06-02 19:29:57.432 E/mm-camera(  710): <MCT   ><ERROR> 4828: mct_pipeline_process_serv_msg: pipeline blackjoe data->sessionid 3 pipeline->session 3 msgid 3
06-02 19:29:57.432 E/mm-camera(  710): <MCT   ><ERROR> 4299: mct_pipeline_process_set: command is 0x800000a blackjoe CAM_PRIV_PARM 0x8000014
06-02 19:29:57.432 I/mm-camera(  710): <MCT   >< INFO> 4302: mct_pipeline_process_set: command=800000a
06-02 19:29:57.510 D/blackjoe callstack(  710): #00 pc 0000b1c5  /vendor/lib/libmmcamera_interface.so (dump_stack_android+36)
06-02 19:29:57.510 D/blackjoe callstack(  710): #01 pc 0001a2af  /vendor/lib/libmmcamera_interface.so (mm_stream_config+66)
06-02 19:29:57.510 D/blackjoe callstack(  710): #02 pc 00019a71  /vendor/lib/libmmcamera_interface.so (mm_stream_fsm_acquired+100)
06-02 19:29:57.510 D/blackjoe callstack(  710): #03 pc 00019771  /vendor/lib/libmmcamera_interface.so (mm_stream_fsm_fn+168)
06-02 19:29:57.510 D/blackjoe callstack(  710): #04 pc 0001600d  /vendor/lib/libmmcamera_interface.so (mm_channel_config_stream+128)
06-02 19:29:57.510 D/blackjoe callstack(  710): #05 pc 00015117  /vendor/lib/libmmcamera_interface.so (mm_channel_fsm_fn_stopped+126)
06-02 19:29:57.511 D/blackjoe callstack(  710): #06 pc 00014fc3  /vendor/lib/libmmcamera_interface.so (mm_channel_fsm_fn+142)
06-02 19:29:57.511 D/blackjoe callstack(  710): #07 pc 00011479  /vendor/lib/libmmcamera_interface.so (mm_camera_config_stream+92)
06-02 19:29:57.511 D/blackjoe callstack(  710): #08 pc 0000e3a7  /vendor/lib/libmmcamera_interface.so (mm_camera_intf_config_stream+198)
06-02 19:29:57.511 D/blackjoe callstack(  710): #09 pc 000a1539  /vendor/lib/hw/camera.sdm660.so (qcamera::QCamera3Stream::init(cam_stream_type_t, cam_format_t, cam_dimension_t, cam_rotation_t, cam_stream_reproc_config_t*, unsigned char, unsigned long long, cam_is_type_t, unsigned int, void (*)(mm_camera_super_buf_t*, qcamera::QCamera3Stream*, void*), void*, bool, bool)+816)
06-02 19:29:57.511 D/blackjoe callstack(  710): #10 pc 000a28ad  /vendor/lib/hw/camera.sdm660.so (qcamera::QCamera3Channel::addStream(cam_stream_type_t, cam_format_t, cam_dimension_t, cam_rotation_t, unsigned char, unsigned long long, cam_is_type_t, unsigned int, bool, bool)+208)
06-02 19:29:57.511 D/blackjoe callstack(  710): #11 pc 000a55a3  /vendor/lib/hw/camera.sdm660.so (qcamera::QCamera3RegularChannel::initialize(cam_is_type_t)+470)
06-02 19:29:57.511 D/blackjoe callstack(  710): #12 pc 0008debb  /vendor/lib/hw/camera.sdm660.so (qcamera::QCamera3HardwareInterface::processCaptureRequest(camera3_capture_request*, android::List<qcamera::QCamera3HardwareInterface::InternalRequest>&)+6378)
06-02 19:29:57.512 D/blackjoe callstack(  710): #13 pc 0008c515  /vendor/lib/hw/camera.sdm660.so (qcamera::QCamera3HardwareInterface::orchestrateRequest(camera3_capture_request*)+96)
06-02 19:29:57.512 D/blackjoe callstack(  710): #14 pc 0007e44f  /vendor/lib/hw/camera.sdm660.so (qcamera::QCamera3HardwareInterface::process_capture_request(camera3_device const*, camera3_capture_request*)+274)
