06-02 19:52:02.273 E/QCamera (  710): <MCI><ERROR> mm_stream_read_msm_frame: 1790: X rc = 0
06-02 19:52:02.274 I/QCamera (  710): <MCI><INFO> mm_stream_handle_rcvd_buf: 220: E, my_handle = 0xd101, fd = 78, state = 6
06-02 19:52:02.274 I/QCamera (  710): <MCI><INFO> mm_stream_handle_rcvd_buf: 244: has cb and it is active by blackjoe
06-02 19:52:02.274 I/QCamera (  710): <MCI><INFO> mm_stream_dispatch_app_data: 415: E, my_handle = 0xd101, fd = 78, state = 6
06-02 19:52:02.229 D/logd    (    0): logdr: UID=0 GID=0 PID=17630 n tail=0 logMask=99 pid=0 start=0ns timeout=0ns
06-02 19:52:02.274 I/QCamera (  710): <MCI><INFO> mm_stream_dispatch_app_data: 436: frame_sync.is_active = 0, is_cb_active = 1
06-02 19:52:02.274 I/QCamera (  710): <MCI><INFO> mm_stream_dispatch_app_data: 457: Enter callback by blackjoe
06-02 19:52:02.252 E/        (    0): frame_src is 1 frame_id is 36 blackjoe
06-02 19:52:02.275 E/mm-camera(  710): <STATS_AIS ><ERROR> 1316: dsps_process_response_gyro: Query request denied, error code = 5, QId_valid = 1, QueryId = 0x230a, AckNak_valid = 1, AckNak = 3
06-02 19:52:02.289 E/mm-camera(  710): <MCT   ><ERROR> 4828: mct_pipeline_process_serv_msg: pipeline blackjoe data->sessionid 3 pipeline->session 3 msgid 3
06-02 19:52:02.289 E/mm-camera(  710): <MCT   ><ERROR> 4299: mct_pipeline_process_set: command is 0x8000014 blackjoe CAM_PRIV_PARM 0x8000014
06-02 19:52:02.307 E/QCamera (  710): <MCI><ERROR> mm_stream_data_notify: 337: E, my_handle = 0xd101, fd = 78, state = 6 blackjoe
06-02 19:52:02.307 E/QCamera (  710): <MCI><ERROR> mm_stream_read_msm_frame: 1723: E, my_handle = 0xd101, fd = 78, state = 6 blackjoe
06-02 19:52:02.307 I/QCamera (  710): <MCI><INFO> mm_stream_read_msm_frame: 1770: VIDIOC_DQBUF buf_index 8, frame_idx 35, stream type 8, rc 0,queued: 5, buf_type = 0 flags = 8192 FD = 78 my_num 0 buf fd 137
06-02 19:52:02.307 E/QCamera (  710): <MCI><ERROR> mm_stream_read_msm_frame: 1790: X rc = 0
06-02 19:52:02.307 I/QCamera (  710): <MCI><INFO> mm_stream_handle_rcvd_buf: 220: E, my_handle = 0xd101, fd = 78, state = 6
06-02 19:52:02.308 I/QCamera (  710): <MCI><INFO> mm_stream_handle_rcvd_buf: 244: has cb and it is active by blackjoe
06-02 19:52:02.308 I/QCamera (  710): <MCI><INFO> mm_stream_dispatch_app_data: 415: E, my_handle = 0xd101, fd = 78, state = 6
06-02 19:52:02.308 I/QCamera (  710): <MCI><INFO> mm_stream_dispatch_app_data: 436: frame_sync.is_active = 0, is_cb_active = 1
06-02 19:52:02.308 E/mm-camera(  710): <SENSOR><ERROR> 4883: sensor_get_frame_duration: resolution is invalid, it seems stream has stopped.
06-02 19:52:02.308 I/QCamera (  710): <MCI><INFO> mm_stream_dispatch_app_data: 457: Enter callback by blackjoe
06-02 19:52:02.308 E/mm-camera(  710): <SENSOR><ERROR> 884: sensor_fc_report_meta: Failed to get frame duration
06-02 19:52:02.309 E/mm-camera(  710): <SENSOR><ERROR> 4805: sensor_get_exposure_time: resolution is invalid, it seems stream has stopped.
06-02 19:52:02.309 E/mm-camera(  710): <SENSOR><ERROR> 904: sensor_fc_report_meta: Failed to get exposure time
06-02 19:52:02.309 E/mm-camera(  710): <MCT   ><ERROR> 2722: mct_stream_process_bus_msg: Check the runing function blackjoe 
06-02 19:52:02.310 E/mm-camera(  710): <MCT   ><ERROR> 2755: mct_stream_process_bus_msg: isp_sof_bus_msg is 0xe8801c30
06-02 19:52:02.310 E/mm-camera(  710): <MCT   ><ERROR> 2757: mct_stream_process_bus_msg: frameid is 36 hal_version is 3
06-02 19:52:02.310 E/mm-camera(  710): <MCT   ><ERROR> 2759: mct_stream_process_bus_msg: kstate_ptr is 0xe5a85a84, isp_kstate_ptr is 0xe9788000
06-02 19:52:02.310 E/mm-camera(  710): <MCT   ><ERROR> 2765: mct_stream_process_bus_msg: frame_id is 36
06-02 19:52:02.313 E/mm-camera(  710): <STATS_AIS ><ERROR> 1316: dsps_process_response_gyro: Query request denied, error code = 5, QId_valid = 1, QueryId = 0x240a, AckNak_valid = 1, AckNak = 3
06-02 19:52:02.314 E/QCamera (  710): <MCI><ERROR> mm_stream_data_notify: 337: E, my_handle = 0xd000, fd = 68, state = 6 blackjoe
06-02 19:52:02.314 E/QCamera (  710): <MCI><ERROR> mm_stream_read_msm_frame: 1723: E, my_handle = 0xd000, fd = 68, state = 6 blackjoe
06-02 19:52:02.315 I/QCamera (  710): <MCI><INFO> mm_stream_read_msm_frame: 1770: VIDIOC_DQBUF buf_index 17, frame_idx 35, stream type 7, rc 0,queued: 17, buf_type = 0 flags = 8192 FD = 68 my_num 0 buf fd 116
06-02 19:52:02.315 E/QCamera (  710): <MCI><ERROR> mm_stream_read_msm_frame: 1790: X rc = 0
06-02 19:52:02.315 I/QCamera (  710): <MCI><INFO> mm_stream_handle_rcvd_buf: 220: E, my_handle = 0xd000, fd = 68, state = 6
06-02 19:52:02.315 I/QCamera (  710): <MCI><INFO> mm_stream_handle_rcvd_buf: 244: has cb and it is active by blackjoe
06-02 19:52:02.315 I/QCamera (  710): <MCI><INFO> mm_stream_dispatch_app_data: 415: E, my_handle = 0xd000, fd = 68, state = 6
06-02 19:52:02.316 I/QCamera (  710): <MCI><INFO> mm_stream_dispatch_app_data: 436: frame_sync.is_active = 0, is_cb_active = 1
06-02 19:52:02.316 I/QCamera (  710): <MCI><INFO> mm_stream_dispatch_app_data: 457: Enter callback by blackjoe
06-02 19:52:02.326 E/mm-camera(  710): <MCT   ><ERROR> 4828: mct_pipeline_process_serv_msg: pipeline blackjoe data->sessionid 3 pipeline->session 3 msgid 3
06-02 19:52:02.327 E/mm-camera(  710): <MCT   ><ERROR> 4299: mct_pipeline_process_set: command is 0x8000014 blackjoe CAM_PRIV_PARM 0x8000014
06-02 19:52:02.325 E/        (    0): frame_src is 1 frame_id is 37 blackjoe
06-02 19:52:02.375 E/QCamera (  710): <MCI><ERROR> mm_stream_data_notify: 337: E, my_handle = 0xd101, fd = 78, state = 6 blackjoe
06-02 19:52:02.375 E/QCamera (  710): <MCI><ERROR> mm_stream_read_msm_frame: 1723: E, my_handle = 0xd101, fd = 78, state = 6 blackjoe
06-02 19:52:02.376 I/QCamera (  710): <MCI><INFO> mm_stream_read_msm_frame: 1770: VIDIOC_DQBUF buf_index 9, frame_idx 36, stream type 8, rc 0,queued: 5, buf_type = 0 flags = 8192 FD = 78 my_num 0 buf fd 140
06-02 19:52:02.376 E/QCamera (  710): <MCI><ERROR> mm_stream_read_msm_frame: 1790: X rc = 0
06-02 19:52:02.376 I/QCamera (  710): <MCI><INFO> mm_stream_handle_rcvd_buf: 220: E, my_handle = 0xd101, fd = 78, state = 6
06-02 19:52:02.376 I/QCamera (  710): <MCI><INFO> mm_stream_handle_rcvd_buf: 244: has cb and it is active by blackjoe
06-02 19:52:02.376 I/QCamera (  710): <MCI><INFO> mm_stream_dispatch_app_data: 415: E, my_handle = 0xd101, fd = 78, state = 6
06-02 19:52:02.376 I/QCamera (  710): <MCI><INFO> mm_stream_dispatch_app_data: 436: frame_sync.is_active = 0, is_cb_active = 1
06-02 19:52:02.377 I/QCamera (  710): <MCI><INFO> mm_stream_dispatch_app_data: 457: Enter callback by blackjoe
06-02 19:52:02.377 E/mm-camera(  710): <SENSOR><ERROR> 4883: sensor_get_frame_duration: resolution is invalid, it seems stream has stopped.
06-02 19:52:02.377 E/mm-camera(  710): <SENSOR><ERROR> 884: sensor_fc_report_meta: Failed to get frame duration
06-02 19:52:02.377 E/mm-camera(  710): <SENSOR><ERROR> 4805: sensor_get_exposure_time: resolution is invalid, it seems stream has stopped.
06-02 19:52:02.377 E/mm-camera(  710): <SENSOR><ERROR> 904: sensor_fc_report_meta: Failed to get exposure time
06-02 19:52:02.378 E/mm-camera(  710): <MCT   ><ERROR> 2722: mct_stream_process_bus_msg: Check the runing function blackjoe 
06-02 19:52:02.378 E/mm-camera(  710): <MCT   ><ERROR> 2755: mct_stream_process_bus_msg: isp_sof_bus_msg is 0xe88017b0
06-02 19:52:02.378 E/mm-camera(  710): <MCT   ><ERROR> 2757: mct_stream_process_bus_msg: frameid is 37 hal_version is 3
06-02 19:52:02.379 E/mm-camera(  710): <MCT   ><ERROR> 2759: mct_stream_process_bus_msg: kstate_ptr is 0xe5a85a84, isp_kstate_ptr is 0xe9788000
06-02 19:52:02.379 E/mm-camera(  710): <MCT   ><ERROR> 2765: mct_stream_process_bus_msg: frame_id is 37
06-02 19:52:02.381 E/QCamera (  710): <MCI><ERROR> mm_stream_data_notify: 337: E, my_handle = 0xd000, fd = 68, state = 6 blackjoe
06-02 19:52:02.381 E/QCamera (  710): <MCI><ERROR> mm_stream_read_msm_frame: 1723: E, my_handle = 0xd000, fd = 68, state = 6 blackjoe
06-02 19:52:02.381 I/QCamera (  710): <MCI><INFO> mm_stream_read_msm_frame: 1770: VIDIOC_DQBUF buf_index 0, frame_idx 36, stream type 7, rc 0,queued: 17, buf_type = 0 flags = 8192 FD = 68 my_num 0 buf fd 82
06-02 19:52:02.382 E/QCamera (  710): <MCI><ERROR> mm_stream_read_msm_frame: 1790: X rc = 0
06-02 19:52:02.382 I/QCamera (  710): <MCI><INFO> mm_stream_handle_rcvd_buf: 220: E, my_handle = 0xd000, fd = 68, state = 6
06-02 19:52:02.382 I/QCamera (  710): <MCI><INFO> mm_stream_handle_rcvd_buf: 244: has cb and it is active by blackjoe
06-02 19:52:02.382 E/mm-camera(  710): <STATS_AIS ><ERROR> 1316: dsps_process_response_gyro: Query request denied, error code = 5, QId_valid = 1, QueryId = 0x250a, AckNak_valid = 1, AckNak = 3
06-02 19:52:02.382 I/QCamera (  710): <MCI><INFO> mm_stream_dispatch_app_data: 415: E, my_handle = 0xd000, fd = 68, state = 6
06-02 19:52:02.382 I/QCamera (  710): <MCI><INFO> mm_stream_dispatch_app_data: 436: frame_sync.is_active = 0, is_cb_active = 1
06-02 19:52:02.383 I/QCamera (  710): <MCI><INFO> mm_stream_dispatch_app_data: 457: Enter callback by blackjoe
06-02 19:52:02.390 E/mm-camera(  710): <MCT   ><ERROR> 4828: mct_pipeline_process_serv_msg: pipeline blackjoe data->sessionid 3 pipeline->session 3 msgid 3
06-02 19:52:02.391 E/mm-camera(  710): <MCT   ><ERROR> 4299: mct_pipeline_process_set: command is 0x8000014 blackjoe CAM_PRIV_PARM 0x8000014
06-02 19:52:02.413 E/QCamera (  710): <MCI><ERROR> mm_stream_data_notify: 337: E, my_handle = 0xd101, fd = 78, state = 6 blackjoe
06-02 19:52:02.413 E/QCamera (  710): <MCI><ERROR> mm_stream_read_msm_frame: 1723: E, my_handle = 0xd101, fd = 78, state = 6 blackjoe
06-02 19:52:02.414 I/QCamera (  710): <MCI><INFO> mm_stream_read_msm_frame: 1770: VIDIOC_DQBUF buf_index 10, frame_idx 37, stream type 8, rc 0,queued: 5, buf_type = 0 flags = 8192 FD = 78 my_num 0 buf fd 76
06-02 19:52:02.414 E/QCamera (  710): <MCI><ERROR> mm_stream_read_msm_frame: 1790: X rc = 0
06-02 19:52:02.414 I/QCamera (  710): <MCI><INFO> mm_stream_handle_rcvd_buf: 220: E, my_handle = 0xd101, fd = 78, state = 6
06-02 19:52:02.414 I/QCamera (  710): <MCI><INFO> mm_stream_handle_rcvd_buf: 244: has cb and it is active by blackjoe
06-02 19:52:02.415 I/QCamera (  710): <MCI><INFO> mm_stream_dispatch_app_data: 415: E, my_handle = 0xd101, fd = 78, state = 6
06-02 19:52:02.415 I/QCamera (  710): <MCI><INFO> mm_stream_dispatch_app_data: 436: frame_sync.is_active = 0, is_cb_active = 1
06-02 19:52:02.415 I/QCamera (  710): <MCI><INFO> mm_stream_dispatch_app_data: 457: Enter callback by blackjoe
06-02 19:52:02.359 E/        (    0): frame_src is 1 frame_id is 38 blackjoe
06-02 19:52:02.420 E/mm-camera(  710): <SENSOR><ERROR> 4883: sensor_get_frame_duration: resolution is invalid, it seems stream has stopped.
06-02 19:52:02.420 E/mm-camera(  710): <SENSOR><ERROR> 884: sensor_fc_report_meta: Failed to get frame duration
06-02 19:52:02.420 E/mm-camera(  710): <SENSOR><ERROR> 4805: sensor_get_exposure_time: resolution is invalid, it seems stream has stopped.
06-02 19:52:02.420 E/mm-camera(  710): <SENSOR><ERROR> 904: sensor_fc_report_meta: Failed to get exposure time
06-02 19:52:02.421 E/mm-camera(  710): <MCT   ><ERROR> 2722: mct_stream_process_bus_msg: Check the runing function blackjoe 
06-02 19:52:02.421 E/mm-camera(  710): <MCT   ><ERROR> 2755: mct_stream_process_bus_msg: isp_sof_bus_msg is 0xe8801720
06-02 19:52:02.421 E/mm-camera(  710): <MCT   ><ERROR> 2757: mct_stream_process_bus_msg: frameid is 38 hal_version is 3
06-02 19:52:02.422 E/mm-camera(  710): <MCT   ><ERROR> 2759: mct_stream_process_bus_msg: kstate_ptr is 0xe5a85a84, isp_kstate_ptr is 0xe9788000
06-02 19:52:02.422 E/mm-camera(  710): <MCT   ><ERROR> 2765: mct_stream_process_bus_msg: frame_id is 38
06-02 19:52:02.426 E/mm-camera(  710): <STATS_AIS ><ERROR> 1316: dsps_process_response_gyro: Query request denied, error code = 5, QId_valid = 1, QueryId = 0x260a, AckNak_valid = 1, AckNak = 3
06-02 19:52:02.427 E/QCamera (  710): <MCI><ERROR> mm_stream_data_notify: 337: E, my_handle = 0xd000, fd = 68, state = 6 blackjoe
06-02 19:52:02.428 E/QCamera (  710): <MCI><ERROR> mm_stream_read_msm_frame: 1723: E, my_handle = 0xd000, fd = 68, state = 6 blackjoe
06-02 19:52:02.428 I/QCamera (  710): <MCI><INFO> mm_stream_read_msm_frame: 1770: VIDIOC_DQBUF buf_index 1, frame_idx 37, stream type 7, rc 0,queued: 17, buf_type = 0 flags = 8192 FD = 68 my_num 0 buf fd 84
06-02 19:52:02.394 E/        (    0): frame_src is 1 frame_id is 39 blackjoe
06-02 19:52:02.428 E/QCamera (  710): <MCI><ERROR> mm_stream_read_msm_frame: 1790: X rc = 0
06-02 19:52:02.428 I/QCamera (  710): <MCI><INFO> mm_stream_handle_rcvd_buf: 220: E, my_handle = 0xd000, fd = 68, state = 6
06-02 19:52:02.429 I/QCamera (  710): <MCI><INFO> mm_stream_handle_rcvd_buf: 244: has cb and it is active by blackjoe
06-02 19:52:02.429 I/QCamera (  710): <MCI><INFO> mm_stream_dispatch_app_data: 415: E, my_handle = 0xd000, fd = 68, state = 6
06-02 19:52:02.429 I/QCamera (  710): <MCI><INFO> mm_stream_dispatch_app_data: 436: frame_sync.is_active = 0, is_cb_active = 1
06-02 19:52:02.429 I/QCamera (  710): <MCI><INFO> mm_stream_dispatch_app_data: 457: Enter callback by blackjoe
06-02 19:52:02.437 E/mm-camera(  710): <MCT   ><ERROR> 4828: mct_pipeline_process_serv_msg: pipeline blackjoe data->sessionid 3 pipeline->session 3 msgid 3
06-02 19:52:02.437 E/mm-camera(  710): <MCT   ><ERROR> 4299: mct_pipeline_process_set: command is 0x8000014 blackjoe CAM_PRIV_PARM 0x8000014
06-02 19:52:02.444 E/mm-camera(  710): <SENSOR><ERROR> 4883: sensor_get_frame_duration: resolution is invalid, it seems stream has stopped.
06-02 19:52:02.444 E/mm-camera(  710): <SENSOR><ERROR> 884: sensor_fc_report_meta: Failed to get frame duration
06-02 19:52:02.444 E/QCamera (  710): <MCI><ERROR> mm_stream_data_notify: 337: E, my_handle = 0xd101, fd = 78, state = 6 blackjoe
06-02 19:52:02.444 E/mm-camera(  710): <SENSOR><ERROR> 4805: sensor_get_exposure_time: resolution is invalid, it seems stream has stopped.
06-02 19:52:02.444 E/QCamera (  710): <MCI><ERROR> mm_stream_read_msm_frame: 1723: E, my_handle = 0xd101, fd = 78, state = 6 blackjoe
06-02 19:52:02.444 E/mm-camera(  710): <SENSOR><ERROR> 904: sensor_fc_report_meta: Failed to get exposure time
06-02 19:52:02.445 I/QCamera (  710): <MCI><INFO> mm_stream_read_msm_frame: 1770: VIDIOC_DQBUF buf_index 11, frame_idx 38, stream type 8, rc 0,queued: 5, buf_type = 0 flags = 8192 FD = 78 my_num 0 buf fd 127
06-02 19:52:02.445 E/QCamera (  710): <MCI><ERROR> mm_stream_read_msm_frame: 1790: X rc = 0
06-02 19:52:02.445 I/QCamera (  710): <MCI><INFO> mm_stream_handle_rcvd_buf: 220: E, my_handle = 0xd101, fd = 78, state = 6
06-02 19:52:02.445 I/QCamera (  710): <MCI><INFO> mm_stream_handle_rcvd_buf: 244: has cb and it is active by blackjoe
06-02 19:52:02.445 E/mm-camera(  710): <MCT   ><ERROR> 2722: mct_stream_process_bus_msg: Check the runing function blackjoe 
06-02 19:52:02.445 I/QCamera (  710): <MCI><INFO> mm_stream_dispatch_app_data: 415: E, my_handle = 0xd101, fd = 78, state = 6
06-02 19:52:02.445 E/mm-camera(  710): <MCT   ><ERROR> 2755: mct_stream_process_bus_msg: isp_sof_bus_msg is 0xe8800490
06-02 19:52:02.445 I/QCamera (  710): <MCI><INFO> mm_stream_dispatch_app_data: 436: frame_sync.is_active = 0, is_cb_active = 1
06-02 19:52:02.446 E/mm-camera(  710): <MCT   ><ERROR> 2757: mct_stream_process_bus_msg: frameid is 39 hal_version is 3
06-02 19:52:02.446 I/QCamera (  710): <MCI><INFO> mm_stream_dispatch_app_data: 457: Enter callback by blackjoe
06-02 19:52:02.446 E/mm-camera(  710): <MCT   ><ERROR> 2759: mct_stream_process_bus_msg: kstate_ptr is 0xe5a85a84, isp_kstate_ptr is 0xe9788000
06-02 19:52:02.446 E/mm-camera(  710): <MCT   ><ERROR> 2765: mct_stream_process_bus_msg: frame_id is 39
06-02 19:52:02.450 E/mm-camera(  710): <STATS_AIS ><ERROR> 1316: dsps_process_response_gyro: Query request denied, error code = 5, QId_valid = 1, QueryId = 0x270a, AckNak_valid = 1, AckNak = 3
06-02 19:52:02.456 E/QCamera (  710): <MCI><ERROR> mm_stream_data_notify: 337: E, my_handle = 0xd000, fd = 68, state = 6 blackjoe
06-02 19:52:02.456 E/QCamera (  710): <MCI><ERROR> mm_stream_read_msm_frame: 1723: E, my_handle = 0xd000, fd = 68, state = 6 blackjoe
06-02 19:52:02.460 I/QCamera (  710): <MCI><INFO> mm_stream_read_msm_frame: 1770: VIDIOC_DQBUF buf_index 2, frame_idx 38, stream type 7, rc 0,queued: 17, buf_type = 0 flags = 8192 FD = 68 my_num 0 buf fd 86
06-02 19:52:02.460 E/QCamera (  710): <MCI><ERROR> mm_stream_read_msm_frame: 1790: X rc = 0
06-02 19:52:02.460 I/QCamera (  710): <MCI><INFO> mm_stream_handle_rcvd_buf: 220: E, my_handle = 0xd000, fd = 68, state = 6
06-02 19:52:02.460 I/QCamera (  710): <MCI><INFO> mm_stream_handle_rcvd_buf: 244: has cb and it is active by blackjoe
06-02 19:52:02.460 I/QCamera (  710): <MCI><INFO> mm_stream_dispatch_app_data: 415: E, my_handle = 0xd000, fd = 68, state = 6
06-02 19:52:02.460 I/QCamera (  710): <MCI><INFO> mm_stream_dispatch_app_data: 436: frame_sync.is_active = 0, is_cb_active = 1
06-02 19:52:02.461 I/QCamera (  710): <MCI><INFO> mm_stream_dispatch_app_data: 457: Enter callback by blackjoe
06-02 19:52:02.469 E/mm-camera(  710): <MCT   ><ERROR> 4828: mct_pipeline_process_serv_msg: pipeline blackjoe data->sessionid 3 pipeline->session 3 msgid 3
06-02 19:52:02.469 E/mm-camera(  710): <MCT   ><ERROR> 4299: mct_pipeline_process_set: command is 0x8000014 blackjoe CAM_PRIV_PARM 0x8000014
06-02 19:52:02.517 E/QCamera (  710): <MCI><ERROR> mm_stream_data_notify: 337: E, my_handle = 0xd101, fd = 78, state = 6 blackjoe
06-02 19:52:02.517 E/mm-camera(  710): <SENSOR><ERROR> 4883: sensor_get_frame_duration: resolution is invalid, it seems stream has stopped.
06-02 19:52:02.517 E/mm-camera(  710): <SENSOR><ERROR> 884: sensor_fc_report_meta: Failed to get frame duration
06-02 19:52:02.517 E/QCamera (  710): <MCI><ERROR> mm_stream_read_msm_frame: 1723: E, my_handle = 0xd101, fd = 78, state = 6 blackjoe
06-02 19:52:02.517 E/mm-camera(  710): <SENSOR><ERROR> 4805: sensor_get_exposure_time: resolution is invalid, it seems stream has stopped.
06-02 19:52:02.517 E/mm-camera(  710): <SENSOR><ERROR> 904: sensor_fc_report_meta: Failed to get exposure time
06-02 19:52:02.518 I/QCamera (  710): <MCI><INFO> mm_stream_read_msm_frame: 1770: VIDIOC_DQBUF buf_index 6, frame_idx 39, stream type 8, rc 0,queued: 5, buf_type = 0 flags = 8192 FD = 78 my_num 0 buf fd 130
06-02 19:52:02.518 E/QCamera (  710): <MCI><ERROR> mm_stream_read_msm_frame: 1790: X rc = 0
06-02 19:52:02.518 I/QCamera (  710): <MCI><INFO> mm_stream_handle_rcvd_buf: 220: E, my_handle = 0xd101, fd = 78, state = 6
06-02 19:52:02.518 I/QCamera (  710): <MCI><INFO> mm_stream_handle_rcvd_buf: 244: has cb and it is active by blackjoe
06-02 19:52:02.467 E/        (    0): frame_src is 1 frame_id is 40 blackjoe
06-02 19:52:02.501 E/        (    0): frame_src is 1 frame_id is 41 blackjoe
06-02 19:52:02.518 E/mm-camera(  710): <MCT   ><ERROR> 2722: mct_stream_process_bus_msg: Check the runing function blackjoe 
06-02 19:52:02.518 E/mm-camera(  710): <MCT   ><ERROR> 2755: mct_stream_process_bus_msg: isp_sof_bus_msg is 0xe8800fd0
06-02 19:52:02.518 I/QCamera (  710): <MCI><INFO> mm_stream_dispatch_app_data: 415: E, my_handle = 0xd101, fd = 78, state = 6
06-02 19:52:02.518 E/mm-camera(  710): <MCT   ><ERROR> 2757: mct_stream_process_bus_msg: frameid is 40 hal_version is 3
06-02 19:52:02.519 I/QCamera (  710): <MCI><INFO> mm_stream_dispatch_app_data: 436: frame_sync.is_active = 0, is_cb_active = 1
06-02 19:52:02.519 E/mm-camera(  710): <MCT   ><ERROR> 2759: mct_stream_process_bus_msg: kstate_ptr is 0xe5a85a84, isp_kstate_ptr is 0xe9788000
06-02 19:52:02.519 I/QCamera (  710): <MCI><INFO> mm_stream_dispatch_app_data: 457: Enter callback by blackjoe
06-02 19:52:02.519 E/mm-camera(  710): <MCT   ><ERROR> 2765: mct_stream_process_bus_msg: frame_id is 40
06-02 19:52:02.521 E/QCamera (  710): <MCI><ERROR> mm_stream_data_notify: 337: E, my_handle = 0xd000, fd = 68, state = 6 blackjoe
06-02 19:52:02.522 E/QCamera (  710): <MCI><ERROR> mm_stream_read_msm_frame: 1723: E, my_handle = 0xd000, fd = 68, state = 6 blackjoe
06-02 19:52:02.522 E/mm-camera(  710): <STATS_AIS ><ERROR> 1316: dsps_process_response_gyro: Query request denied, error code = 5, QId_valid = 1, QueryId = 0x280a, AckNak_valid = 1, AckNak = 3
06-02 19:52:02.522 I/QCamera (  710): <MCI><INFO> mm_stream_read_msm_frame: 1770: VIDIOC_DQBUF buf_index 3, frame_idx 39, stream type 7, rc 0,queued: 17, buf_type = 0 flags = 8192 FD = 68 my_num 0 buf fd 88
06-02 19:52:02.522 E/QCamera (  710): <MCI><ERROR> mm_stream_read_msm_frame: 1790: X rc = 0
06-02 19:52:02.522 I/QCamera (  710): <MCI><INFO> mm_stream_handle_rcvd_buf: 220: E, my_handle = 0xd000, fd = 68, state = 6
06-02 19:52:02.523 I/QCamera (  710): <MCI><INFO> mm_stream_handle_rcvd_buf: 244: has cb and it is active by blackjoe
06-02 19:52:02.523 I/QCamera (  710): <MCI><INFO> mm_stream_dispatch_app_data: 415: E, my_handle = 0xd000, fd = 68, state = 6
06-02 19:52:02.523 I/QCamera (  710): <MCI><INFO> mm_stream_dispatch_app_data: 436: frame_sync.is_active = 0, is_cb_active = 1
06-02 19:52:02.523 I/QCamera (  710): <MCI><INFO> mm_stream_dispatch_app_data: 457: Enter callback by blackjoe
06-02 19:52:02.531 E/mm-camera(  710): <MCT   ><ERROR> 4828: mct_pipeline_process_serv_msg: pipeline blackjoe data->sessionid 3 pipeline->session 3 msgid 3
06-02 19:52:02.531 E/mm-camera(  710): <MCT   ><ERROR> 4299: mct_pipeline_process_set: command is 0x8000014 blackjoe CAM_PRIV_PARM 0x8000014
06-02 19:52:02.551 E/mm-camera(  710): <SENSOR><ERROR> 4883: sensor_get_frame_duration: resolution is invalid, it seems stream has stopped.
06-02 19:52:02.552 E/mm-camera(  710): <SENSOR><ERROR> 884: sensor_fc_report_meta: Failed to get frame duration
06-02 19:52:02.552 E/mm-camera(  710): <SENSOR><ERROR> 4805: sensor_get_exposure_time: resolution is invalid, it seems stream has stopped.
06-02 19:52:02.552 E/mm-camera(  710): <SENSOR><ERROR> 904: sensor_fc_report_meta: Failed to get exposure time
06-02 19:52:02.553 E/mm-camera(  710): <MCT   ><ERROR> 2722: mct_stream_process_bus_msg: Check the runing function blackjoe 
06-02 19:52:02.553 E/mm-camera(  710): <MCT   ><ERROR> 2755: mct_stream_process_bus_msg: isp_sof_bus_msg is 0xe8801180
06-02 19:52:02.553 E/mm-camera(  710): <MCT   ><ERROR> 2757: mct_stream_process_bus_msg: frameid is 41 hal_version is 3
06-02 19:52:02.553 E/mm-camera(  710): <MCT   ><ERROR> 2759: mct_stream_process_bus_msg: kstate_ptr is 0xe5a85a84, isp_kstate_ptr is 0xe9788000
06-02 19:52:02.553 E/mm-camera(  710): <MCT   ><ERROR> 2765: mct_stream_process_bus_msg: frame_id is 41
06-02 19:52:02.556 E/mm-camera(  710): <STATS_AIS ><ERROR> 1316: dsps_process_response_gyro: Query request denied, error code = 5, QId_valid = 1, QueryId = 0x290a, AckNak_valid = 1, AckNak = 3
06-02 19:52:02.562 E/QCamera (  710): <MCI><ERROR> mm_stream_data_notify: 337: E, my_handle = 0xd000, fd = 68, state = 6 blackjoe
06-02 19:52:02.562 E/QCamera (  710): <MCI><ERROR> mm_stream_read_msm_frame: 1723: E, my_handle = 0xd000, fd = 68, state = 6 blackjoe
06-02 19:52:02.562 I/QCamera (  710): <MCI><INFO> mm_stream_read_msm_frame: 1770: VIDIOC_DQBUF buf_index 4, frame_idx 40, stream type 7, rc 0,queued: 17, buf_type = 0 flags = 8192 FD = 68 my_num 0 buf fd 90
06-02 19:52:02.563 E/QCamera (  710): <MCI><ERROR> mm_stream_read_msm_frame: 1790: X rc = 0
06-02 19:52:02.563 I/QCamera (  710): <MCI><INFO> mm_stream_handle_rcvd_buf: 220: E, my_handle = 0xd000, fd = 68, state = 6
06-02 19:52:02.563 I/QCamera (  710): <MCI><INFO> mm_stream_handle_rcvd_buf: 244: has cb and it is active by blackjoe
06-02 19:52:02.563 E/QCamera (  710): <MCI><ERROR> mm_stream_data_notify: 337: E, my_handle = 0xd101, fd = 78, state = 6 blackjoe
06-02 19:52:02.563 I/QCamera (  710): <MCI><INFO> mm_stream_dispatch_app_data: 415: E, my_handle = 0xd000, fd = 68, state = 6
06-02 19:52:02.563 E/QCamera (  710): <MCI><ERROR> mm_stream_read_msm_frame: 1723: E, my_handle = 0xd101, fd = 78, state = 6 blackjoe
06-02 19:52:02.563 I/QCamera (  710): <MCI><INFO> mm_stream_dispatch_app_data: 436: frame_sync.is_active = 0, is_cb_active = 1
06-02 19:52:02.563 I/QCamera (  710): <MCI><INFO> mm_stream_dispatch_app_data: 457: Enter callback by blackjoe
06-02 19:52:02.564 I/QCamera (  710): <MCI><INFO> mm_stream_read_msm_frame: 1770: VIDIOC_DQBUF buf_index 7, frame_idx 40, stream type 8, rc 0,queued: 5, buf_type = 0 flags = 8192 FD = 78 my_num 0 buf fd 134
06-02 19:52:02.564 E/QCamera (  710): <MCI><ERROR> mm_stream_read_msm_frame: 1790: X rc = 0
06-02 19:52:02.564 I/QCamera (  710): <MCI><INFO> mm_stream_handle_rcvd_buf: 220: E, my_handle = 0xd101, fd = 78, state = 6
06-02 19:52:02.564 I/QCamera (  710): <MCI><INFO> mm_stream_handle_rcvd_buf: 244: has cb and it is active by blackjoe
06-02 19:52:02.564 I/QCamera (  710): <MCI><INFO> mm_stream_dispatch_app_data: 415: E, my_handle = 0xd101, fd = 78, state = 6
06-02 19:52:02.565 I/QCamera (  710): <MCI><INFO> mm_stream_dispatch_app_data: 436: frame_sync.is_active = 0, is_cb_active = 1
06-02 19:52:02.565 I/QCamera (  710): <MCI><INFO> mm_stream_dispatch_app_data: 457: Enter callback by blackjoe
06-02 19:52:02.578 E/mm-camera(  710): <MCT   ><ERROR> 4828: mct_pipeline_process_serv_msg: pipeline blackjoe data->sessionid 3 pipeline->session 3 msgid 3
06-02 19:52:02.578 E/mm-camera(  710): <MCT   ><ERROR> 4299: mct_pipeline_process_set: command is 0x8000014 blackjoe CAM_PRIV_PARM 0x8000014
06-02 19:52:02.535 E/        (    0): frame_src is 1 frame_id is 42 blackjoe
06-02 19:52:02.597 E/QCamera (  710): <MCI><ERROR> mm_stream_data_notify: 337: E, my_handle = 0xd101, fd = 78, state = 6 blackjoe
06-02 19:52:02.597 E/QCamera (  710): <MCI><ERROR> mm_stream_read_msm_frame: 1723: E, my_handle = 0xd101, fd = 78, state = 6 blackjoe
06-02 19:52:02.597 E/mm-camera(  710): <SENSOR><ERROR> 4883: sensor_get_frame_duration: resolution is invalid, it seems stream has stopped.
06-02 19:52:02.598 E/mm-camera(  710): <SENSOR><ERROR> 884: sensor_fc_report_meta: Failed to get frame duration
06-02 19:52:02.598 E/mm-camera(  710): <SENSOR><ERROR> 4805: sensor_get_exposure_time: resolution is invalid, it seems stream has stopped.
06-02 19:52:02.598 I/QCamera (  710): <MCI><INFO> mm_stream_read_msm_frame: 1770: VIDIOC_DQBUF buf_index 8, frame_idx 41, stream type 8, rc 0,queued: 5, buf_type = 0 flags = 8192 FD = 78 my_num 0 buf fd 139
06-02 19:52:02.598 E/mm-camera(  710): <SENSOR><ERROR> 904: sensor_fc_report_meta: Failed to get exposure time
06-02 19:52:02.598 E/QCamera (  710): <MCI><ERROR> mm_stream_read_msm_frame: 1790: X rc = 0
06-02 19:52:02.598 I/QCamera (  710): <MCI><INFO> mm_stream_handle_rcvd_buf: 220: E, my_handle = 0xd101, fd = 78, state = 6
06-02 19:52:02.598 I/QCamera (  710): <MCI><INFO> mm_stream_handle_rcvd_buf: 244: has cb and it is active by blackjoe
06-02 19:52:02.599 E/mm-camera(  710): <MCT   ><ERROR> 2722: mct_stream_process_bus_msg: Check the runing function blackjoe 
06-02 19:52:02.599 E/mm-camera(  710): <MCT   ><ERROR> 2755: mct_stream_process_bus_msg: isp_sof_bus_msg is 0xe8800520
06-02 19:52:02.599 E/mm-camera(  710): <MCT   ><ERROR> 2757: mct_stream_process_bus_msg: frameid is 42 hal_version is 3
06-02 19:52:02.599 E/mm-camera(  710): <MCT   ><ERROR> 2759: mct_stream_process_bus_msg: kstate_ptr is 0xe5a85a84, isp_kstate_ptr is 0xe9788000
06-02 19:52:02.599 E/mm-camera(  710): <MCT   ><ERROR> 2765: mct_stream_process_bus_msg: frame_id is 42
06-02 19:52:02.600 E/QCamera (  710): <MCI><ERROR> mm_stream_data_notify: 337: E, my_handle = 0xd000, fd = 68, state = 6 blackjoe
06-02 19:52:02.600 I/QCamera (  710): <MCI><INFO> mm_stream_dispatch_app_data: 415: E, my_handle = 0xd101, fd = 78, state = 6
06-02 19:52:02.600 E/QCamera (  710): <MCI><ERROR> mm_stream_read_msm_frame: 1723: E, my_handle = 0xd000, fd = 68, state = 6 blackjoe
06-02 19:52:02.600 I/QCamera (  710): <MCI><INFO> mm_stream_dispatch_app_data: 436: frame_sync.is_active = 0, is_cb_active = 1
06-02 19:52:02.600 I/QCamera (  710): <MCI><INFO> mm_stream_dispatch_app_data: 457: Enter callback by blackjoe
06-02 19:52:02.600 I/QCamera (  710): <MCI><INFO> mm_stream_read_msm_frame: 1770: VIDIOC_DQBUF buf_index 5, frame_idx 41, stream type 7, rc 0,queued: 17, buf_type = 0 flags = 8192 FD = 68 my_num 0 buf fd 92
06-02 19:52:02.600 E/QCamera (  710): <MCI><ERROR> mm_stream_read_msm_frame: 1790: X rc = 0
06-02 19:52:02.600 I/QCamera (  710): <MCI><INFO> mm_stream_handle_rcvd_buf: 220: E, my_handle = 0xd000, fd = 68, state = 6
06-02 19:52:02.600 I/QCamera (  710): <MCI><INFO> mm_stream_handle_rcvd_buf: 244: has cb and it is active by blackjoe
06-02 19:52:02.601 I/QCamera (  710): <MCI><INFO> mm_stream_dispatch_app_data: 415: E, my_handle = 0xd000, fd = 68, state = 6
06-02 19:52:02.601 I/QCamera (  710): <MCI><INFO> mm_stream_dispatch_app_data: 436: frame_sync.is_active = 0, is_cb_active = 1
06-02 19:52:02.601 I/QCamera (  710): <MCI><INFO> mm_stream_dispatch_app_data: 457: Enter callback by blackjoe
06-02 19:52:02.604 E/mm-camera(  710): <STATS_AIS ><ERROR> 1316: dsps_process_response_gyro: Query request denied, error code = 5, QId_valid = 1, QueryId = 0x2a0a, AckNak_valid = 1, AckNak = 3
06-02 19:52:02.611 E/mm-camera(  710): <MCT   ><ERROR> 4828: mct_pipeline_process_serv_msg: pipeline blackjoe data->sessionid 3 pipeline->session 3 msgid 3
06-02 19:52:02.611 E/mm-camera(  710): <MCT   ><ERROR> 4299: mct_pipeline_process_set: command is 0x8000014 blackjoe CAM_PRIV_PARM 0x8000014
06-02 19:52:02.658 E/QCamera (  710): <MCI><ERROR> mm_stream_data_notify: 337: E, my_handle = 0xd101, fd = 78, state = 6 blackjoe
06-02 19:52:02.659 E/QCamera (  710): <MCI><ERROR> mm_stream_read_msm_frame: 1723: E, my_handle = 0xd101, fd = 78, state = 6 blackjoe
06-02 19:52:02.659 E/mm-camera(  710): <SENSOR><ERROR> 4883: sensor_get_frame_duration: resolution is invalid, it seems stream has stopped.
06-02 19:52:02.659 E/mm-camera(  710): <SENSOR><ERROR> 884: sensor_fc_report_meta: Failed to get frame duration
06-02 19:52:02.659 I/QCamera (  710): <MCI><INFO> mm_stream_read_msm_frame: 1770: VIDIOC_DQBUF buf_index 9, frame_idx 42, stream type 8, rc 0,queued: 5, buf_type = 0 flags = 8192 FD = 78 my_num 0 buf fd 137
06-02 19:52:02.659 E/mm-camera(  710): <SENSOR><ERROR> 4805: sensor_get_exposure_time: resolution is invalid, it seems stream has stopped.
06-02 19:52:02.659 E/QCamera (  710): <MCI><ERROR> mm_stream_read_msm_frame: 1790: X rc = 0
06-02 19:52:02.659 E/mm-camera(  710): <SENSOR><ERROR> 904: sensor_fc_report_meta: Failed to get exposure time
06-02 19:52:02.659 I/QCamera (  710): <MCI><INFO> mm_stream_handle_rcvd_buf: 220: E, my_handle = 0xd101, fd = 78, state = 6
06-02 19:52:02.659 I/QCamera (  710): <MCI><INFO> mm_stream_handle_rcvd_buf: 244: has cb and it is active by blackjoe
06-02 19:52:02.660 E/mm-camera(  710): <MCT   ><ERROR> 2722: mct_stream_process_bus_msg: Check the runing function blackjoe 
06-02 19:52:02.660 I/QCamera (  710): <MCI><INFO> mm_stream_dispatch_app_data: 415: E, my_handle = 0xd101, fd = 78, state = 6
06-02 19:52:02.660 I/QCamera (  710): <MCI><INFO> mm_stream_dispatch_app_data: 436: frame_sync.is_active = 0, is_cb_active = 1
06-02 19:52:02.660 E/mm-camera(  710): <MCT   ><ERROR> 2755: mct_stream_process_bus_msg: isp_sof_bus_msg is 0xe88005b0
06-02 19:52:02.660 E/mm-camera(  710): <MCT   ><ERROR> 2757: mct_stream_process_bus_msg: frameid is 43 hal_version is 3
06-02 19:52:02.660 I/QCamera (  710): <MCI><INFO> mm_stream_dispatch_app_data: 457: Enter callback by blackjoe
06-02 19:52:02.660 E/mm-camera(  710): <MCT   ><ERROR> 2759: mct_stream_process_bus_msg: kstate_ptr is 0xe5a85a84, isp_kstate_ptr is 0xe9788000
06-02 19:52:02.661 E/mm-camera(  710): <MCT   ><ERROR> 2765: mct_stream_process_bus_msg: frame_id is 43
06-02 19:52:02.662 E/QCamera (  710): <MCI><ERROR> mm_stream_data_notify: 337: E, my_handle = 0xd000, fd = 68, state = 6 blackjoe
06-02 19:52:02.662 E/QCamera (  710): <MCI><ERROR> mm_stream_read_msm_frame: 1723: E, my_handle = 0xd000, fd = 68, state = 6 blackjoe
06-02 19:52:02.663 I/QCamera (  710): <MCI><INFO> mm_stream_read_msm_frame: 1770: VIDIOC_DQBUF buf_index 6, frame_idx 42, stream type 7, rc 0,queued: 17, buf_type = 0 flags = 8192 FD = 68 my_num 0 buf fd 94
06-02 19:52:02.663 E/QCamera (  710): <MCI><ERROR> mm_stream_read_msm_frame: 1790: X rc = 0
06-02 19:52:02.663 I/QCamera (  710): <MCI><INFO> mm_stream_handle_rcvd_buf: 220: E, my_handle = 0xd000, fd = 68, state = 6
06-02 19:52:02.663 I/QCamera (  710): <MCI><INFO> mm_stream_handle_rcvd_buf: 244: has cb and it is active by blackjoe
06-02 19:52:02.664 I/QCamera (  710): <MCI><INFO> mm_stream_dispatch_app_data: 415: E, my_handle = 0xd000, fd = 68, state = 6
06-02 19:52:02.664 I/QCamera (  710): <MCI><INFO> mm_stream_dispatch_app_data: 436: frame_sync.is_active = 0, is_cb_active = 1
06-02 19:52:02.608 E/        (    0): frame_src is 1 frame_id is 43 blackjoe
06-02 19:52:02.642 E/        (    0): frame_src is 1 frame_id is 44 blackjoe
06-02 19:52:02.664 I/QCamera (  710): <MCI><INFO> mm_stream_dispatch_app_data: 457: Enter callback by blackjoe
06-02 19:52:02.666 E/mm-camera(  710): <STATS_AIS ><ERROR> 1316: dsps_process_response_gyro: Query request denied, error code = 5, QId_valid = 1, QueryId = 0x2b0a, AckNak_valid = 1, AckNak = 3
06-02 19:52:02.674 E/mm-camera(  710): <MCT   ><ERROR> 4828: mct_pipeline_process_serv_msg: pipeline blackjoe data->sessionid 3 pipeline->session 3 msgid 3
06-02 19:52:02.675 E/mm-camera(  710): <MCT   ><ERROR> 4299: mct_pipeline_process_set: command is 0x8000014 blackjoe CAM_PRIV_PARM 0x8000014
06-02 19:52:02.693 E/QCamera (  710): <MCI><ERROR> mm_stream_data_notify: 337: E, my_handle = 0xd101, fd = 78, state = 6 blackjoe
06-02 19:52:02.693 E/QCamera (  710): <MCI><ERROR> mm_stream_read_msm_frame: 1723: E, my_handle = 0xd101, fd = 78, state = 6 blackjoe
06-02 19:52:02.693 I/QCamera (  710): <MCI><INFO> mm_stream_read_msm_frame: 1770: VIDIOC_DQBUF buf_index 10, frame_idx 43, stream type 8, rc 0,queued: 5, buf_type = 0 flags = 8192 FD = 78 my_num 0 buf fd 140
06-02 19:52:02.693 E/QCamera (  710): <MCI><ERROR> mm_stream_read_msm_frame: 1790: X rc = 0
06-02 19:52:02.693 I/QCamera (  710): <MCI><INFO> mm_stream_handle_rcvd_buf: 220: E, my_handle = 0xd101, fd = 78, state = 6
06-02 19:52:02.694 I/QCamera (  710): <MCI><INFO> mm_stream_handle_rcvd_buf: 244: has cb and it is active by blackjoe
06-02 19:52:02.697 I/QCamera (  710): <MCI><INFO> mm_stream_dispatch_app_data: 415: E, my_handle = 0xd101, fd = 78, state = 6
06-02 19:52:02.697 I/QCamera (  710): <MCI><INFO> mm_stream_dispatch_app_data: 436: frame_sync.is_active = 0, is_cb_active = 1
06-02 19:52:02.697 I/QCamera (  710): <MCI><INFO> mm_stream_dispatch_app_data: 457: Enter callback by blackjoe
06-02 19:52:02.703 E/mm-camera(  710): <SENSOR><ERROR> 4883: sensor_get_frame_duration: resolution is invalid, it seems stream has stopped.
06-02 19:52:02.703 E/mm-camera(  710): <SENSOR><ERROR> 884: sensor_fc_report_meta: Failed to get frame duration
06-02 19:52:02.703 E/mm-camera(  710): <SENSOR><ERROR> 4805: sensor_get_exposure_time: resolution is invalid, it seems stream has stopped.
06-02 19:52:02.704 E/mm-camera(  710): <SENSOR><ERROR> 904: sensor_fc_report_meta: Failed to get exposure time
06-02 19:52:02.704 E/mm-camera(  710): <MCT   ><ERROR> 2722: mct_stream_process_bus_msg: Check the runing function blackjoe 
06-02 19:52:02.705 E/mm-camera(  710): <MCT   ><ERROR> 2755: mct_stream_process_bus_msg: isp_sof_bus_msg is 0xe8801330
06-02 19:52:02.705 E/mm-camera(  710): <MCT   ><ERROR> 2757: mct_stream_process_bus_msg: frameid is 44 hal_version is 3
06-02 19:52:02.705 E/mm-camera(  710): <MCT   ><ERROR> 2759: mct_stream_process_bus_msg: kstate_ptr is 0xe5a85a84, isp_kstate_ptr is 0xe9788000
06-02 19:52:02.705 E/mm-camera(  710): <MCT   ><ERROR> 2765: mct_stream_process_bus_msg: frame_id is 44
06-02 19:52:02.705 E/QCamera (  710): <MCI><ERROR> mm_stream_data_notify: 337: E, my_handle = 0xd000, fd = 68, state = 6 blackjoe
06-02 19:52:02.706 E/QCamera (  710): <MCI><ERROR> mm_stream_read_msm_frame: 1723: E, my_handle = 0xd000, fd = 68, state = 6 blackjoe
06-02 19:52:02.706 I/QCamera (  710): <MCI><INFO> mm_stream_read_msm_frame: 1770: VIDIOC_DQBUF buf_index 7, frame_idx 43, stream type 7, rc 0,queued: 17, buf_type = 0 flags = 8192 FD = 68 my_num 0 buf fd 96
06-02 19:52:02.706 E/QCamera (  710): <MCI><ERROR> mm_stream_read_msm_frame: 1790: X rc = 0
06-02 19:52:02.706 I/QCamera (  710): <MCI><INFO> mm_stream_handle_rcvd_buf: 220: E, my_handle = 0xd000, fd = 68, state = 6
06-02 19:52:02.706 I/QCamera (  710): <MCI><INFO> mm_stream_handle_rcvd_buf: 244: has cb and it is active by blackjoe
06-02 19:52:02.707 I/QCamera (  710): <MCI><INFO> mm_stream_dispatch_app_data: 415: E, my_handle = 0xd000, fd = 68, state = 6
06-02 19:52:02.707 I/QCamera (  710): <MCI><INFO> mm_stream_dispatch_app_data: 436: frame_sync.is_active = 0, is_cb_active = 1
06-02 19:52:02.707 I/QCamera (  710): <MCI><INFO> mm_stream_dispatch_app_data: 457: Enter callback by blackjoe
06-02 19:52:02.710 E/mm-camera(  710): <STATS_AIS ><ERROR> 1316: dsps_process_response_gyro: Query request denied, error code = 5, QId_valid = 1, QueryId = 0x2c0a, AckNak_valid = 1, AckNak = 3
06-02 19:52:02.724 E/mm-camera(  710): <MCT   ><ERROR> 4828: mct_pipeline_process_serv_msg: pipeline blackjoe data->sessionid 3 pipeline->session 3 msgid 3
06-02 19:52:02.724 E/mm-camera(  710): <MCT   ><ERROR> 4299: mct_pipeline_process_set: command is 0x8000014 blackjoe CAM_PRIV_PARM 0x8000014
06-02 19:52:02.677 E/        (    0): frame_src is 1 frame_id is 45 blackjoe
06-02 19:52:02.727 E/QCamera (  710): <MCI><ERROR> mm_stream_data_notify: 337: E, my_handle = 0xd101, fd = 78, state = 6 blackjoe
06-02 19:52:02.727 E/QCamera (  710): <MCI><ERROR> mm_stream_read_msm_frame: 1723: E, my_handle = 0xd101, fd = 78, state = 6 blackjoe
06-02 19:52:02.727 I/QCamera (  710): <MCI><INFO> mm_stream_read_msm_frame: 1770: VIDIOC_DQBUF buf_index 11, frame_idx 44, stream type 8, rc 0,queued: 5, buf_type = 0 flags = 8192 FD = 78 my_num 0 buf fd 76
06-02 19:52:02.727 E/mm-camera(  710): <SENSOR><ERROR> 4883: sensor_get_frame_duration: resolution is invalid, it seems stream has stopped.
06-02 19:52:02.728 E/QCamera (  710): <MCI><ERROR> mm_stream_read_msm_frame: 1790: X rc = 0
06-02 19:52:02.728 E/mm-camera(  710): <SENSOR><ERROR> 884: sensor_fc_report_meta: Failed to get frame duration
06-02 19:52:02.728 I/QCamera (  710): <MCI><INFO> mm_stream_handle_rcvd_buf: 220: E, my_handle = 0xd101, fd = 78, state = 6
06-02 19:52:02.728 E/mm-camera(  710): <SENSOR><ERROR> 4805: sensor_get_exposure_time: resolution is invalid, it seems stream has stopped.
06-02 19:52:02.728 I/QCamera (  710): <MCI><INFO> mm_stream_handle_rcvd_buf: 244: has cb and it is active by blackjoe
06-02 19:52:02.728 E/mm-camera(  710): <SENSOR><ERROR> 904: sensor_fc_report_meta: Failed to get exposure time
06-02 19:52:02.728 I/QCamera (  710): <MCI><INFO> mm_stream_dispatch_app_data: 415: E, my_handle = 0xd101, fd = 78, state = 6
06-02 19:52:02.728 I/QCamera (  710): <MCI><INFO> mm_stream_dispatch_app_data: 436: frame_sync.is_active = 0, is_cb_active = 1
06-02 19:52:02.728 I/QCamera (  710): <MCI><INFO> mm_stream_dispatch_app_data: 457: Enter callback by blackjoe
06-02 19:52:02.729 E/mm-camera(  710): <MCT   ><ERROR> 2722: mct_stream_process_bus_msg: Check the runing function blackjoe 
06-02 19:52:02.729 E/mm-camera(  710): <MCT   ><ERROR> 2755: mct_stream_process_bus_msg: isp_sof_bus_msg is 0xe8800ac0
06-02 19:52:02.729 E/mm-camera(  710): <MCT   ><ERROR> 2757: mct_stream_process_bus_msg: frameid is 45 hal_version is 3
06-02 19:52:02.729 E/mm-camera(  710): <MCT   ><ERROR> 2759: mct_stream_process_bus_msg: kstate_ptr is 0xe5a85a84, isp_kstate_ptr is 0xe9788000
06-02 19:52:02.729 E/mm-camera(  710): <MCT   ><ERROR> 2765: mct_stream_process_bus_msg: frame_id is 45
06-02 19:52:02.730 E/QCamera (  710): <MCI><ERROR> mm_stream_data_notify: 337: E, my_handle = 0xd000, fd = 68, state = 6 blackjoe
06-02 19:52:02.731 E/QCamera (  710): <MCI><ERROR> mm_stream_read_msm_frame: 1723: E, my_handle = 0xd000, fd = 68, state = 6 blackjoe
06-02 19:52:02.731 I/QCamera (  710): <MCI><INFO> mm_stream_read_msm_frame: 1770: VIDIOC_DQBUF buf_index 8, frame_idx 44, stream type 7, rc 0,queued: 17, buf_type = 0 flags = 8192 FD = 68 my_num 0 buf fd 98
06-02 19:52:02.731 E/QCamera (  710): <MCI><ERROR> mm_stream_read_msm_frame: 1790: X rc = 0
06-02 19:52:02.732 I/QCamera (  710): <MCI><INFO> mm_stream_handle_rcvd_buf: 220: E, my_handle = 0xd000, fd = 68, state = 6
06-02 19:52:02.732 I/QCamera (  710): <MCI><INFO> mm_stream_handle_rcvd_buf: 244: has cb and it is active by blackjoe
06-02 19:52:02.732 E/mm-camera(  710): <STATS_AIS ><ERROR> 1316: dsps_process_response_gyro: Query request denied, error code = 5, QId_valid = 1, QueryId = 0x2d0a, AckNak_valid = 1, AckNak = 3
06-02 19:52:02.733 I/QCamera (  710): <MCI><INFO> mm_stream_dispatch_app_data: 415: E, my_handle = 0xd000, fd = 68, state = 6
06-02 19:52:02.733 I/QCamera (  710): <MCI><INFO> mm_stream_dispatch_app_data: 436: frame_sync.is_active = 0, is_cb_active = 1
06-02 19:52:02.733 I/QCamera (  710): <MCI><INFO> mm_stream_dispatch_app_data: 457: Enter callback by blackjoe
06-02 19:52:02.741 E/mm-camera(  710): <MCT   ><ERROR> 4828: mct_pipeline_process_serv_msg: pipeline blackjoe data->sessionid 3 pipeline->session 3 msgid 3
06-02 19:52:02.741 E/mm-camera(  710): <MCT   ><ERROR> 4299: mct_pipeline_process_set: command is 0x8000014 blackjoe CAM_PRIV_PARM 0x8000014
06-02 19:52:02.800 E/QCamera (  710): <MCI><ERROR> mm_stream_data_notify: 337: E, my_handle = 0xd101, fd = 78, state = 6 blackjoe
06-02 19:52:02.800 E/QCamera (  710): <MCI><ERROR> mm_stream_read_msm_frame: 1723: E, my_handle = 0xd101, fd = 78, state = 6 blackjoe
06-02 19:52:02.800 I/QCamera (  710): <MCI><INFO> mm_stream_read_msm_frame: 1770: VIDIOC_DQBUF buf_index 6, frame_idx 45, stream type 8, rc 0,queued: 5, buf_type = 0 flags = 8192 FD = 78 my_num 0 buf fd 127
06-02 19:52:02.801 E/QCamera (  710): <MCI><ERROR> mm_stream_read_msm_frame: 1790: X rc = 0
06-02 19:52:02.801 I/QCamera (  710): <MCI><INFO> mm_stream_handle_rcvd_buf: 220: E, my_handle = 0xd101, fd = 78, state = 6
06-02 19:52:02.801 I/QCamera (  710): <MCI><INFO> mm_stream_handle_rcvd_buf: 244: has cb and it is active by blackjoe
06-02 19:52:02.801 I/QCamera (  710): <MCI><INFO> mm_stream_dispatch_app_data: 415: E, my_handle = 0xd101, fd = 78, state = 6
06-02 19:52:02.801 I/QCamera (  710): <MCI><INFO> mm_stream_dispatch_app_data: 436: frame_sync.is_active = 0, is_cb_active = 1
06-02 19:52:02.801 I/QCamera (  710): <MCI><INFO> mm_stream_dispatch_app_data: 457: Enter callback by blackjoe
06-02 19:52:02.801 E/mm-camera(  710): <SENSOR><ERROR> 4883: sensor_get_frame_duration: resolution is invalid, it seems stream has stopped.
06-02 19:52:02.802 E/mm-camera(  710): <SENSOR><ERROR> 884: sensor_fc_report_meta: Failed to get frame duration
06-02 19:52:02.802 E/mm-camera(  710): <SENSOR><ERROR> 4805: sensor_get_exposure_time: resolution is invalid, it seems stream has stopped.
06-02 19:52:02.802 E/mm-camera(  710): <SENSOR><ERROR> 904: sensor_fc_report_meta: Failed to get exposure time
06-02 19:52:02.803 E/mm-camera(  710): <MCT   ><ERROR> 2722: mct_stream_process_bus_msg: Check the runing function blackjoe 
06-02 19:52:02.803 E/mm-camera(  710): <MCT   ><ERROR> 2755: mct_stream_process_bus_msg: isp_sof_bus_msg is 0xe8800d90
06-02 19:52:02.803 E/mm-camera(  710): <MCT   ><ERROR> 2757: mct_stream_process_bus_msg: frameid is 46 hal_version is 3
06-02 19:52:02.803 E/mm-camera(  710): <MCT   ><ERROR> 2759: mct_stream_process_bus_msg: kstate_ptr is 0xe5a85a84, isp_kstate_ptr is 0xe9788000
06-02 19:52:02.803 E/mm-camera(  710): <MCT   ><ERROR> 2765: mct_stream_process_bus_msg: frame_id is 46
06-02 19:52:02.750 E/        (    0): frame_src is 1 frame_id is 46 blackjoe
06-02 19:52:02.806 E/QCamera (  710): <MCI><ERROR> mm_stream_data_notify: 337: E, my_handle = 0xd000, fd = 68, state = 6 blackjoe
06-02 19:52:02.807 E/QCamera (  710): <MCI><ERROR> mm_stream_read_msm_frame: 1723: E, my_handle = 0xd000, fd = 68, state = 6 blackjoe
06-02 19:52:02.807 I/QCamera (  710): <MCI><INFO> mm_stream_read_msm_frame: 1770: VIDIOC_DQBUF buf_index 9, frame_idx 45, stream type 7, rc 0,queued: 17, buf_type = 0 flags = 8192 FD = 68 my_num 0 buf fd 100
06-02 19:52:02.807 E/QCamera (  710): <MCI><ERROR> mm_stream_read_msm_frame: 1790: X rc = 0
06-02 19:52:02.807 I/QCamera (  710): <MCI><INFO> mm_stream_handle_rcvd_buf: 220: E, my_handle = 0xd000, fd = 68, state = 6
06-02 19:52:02.808 I/QCamera (  710): <MCI><INFO> mm_stream_handle_rcvd_buf: 244: has cb and it is active by blackjoe
06-02 19:52:02.809 E/mm-camera(  710): <STATS_AIS ><ERROR> 1316: dsps_process_response_gyro: Query request denied, error code = 5, QId_valid = 1, QueryId = 0x2e0a, AckNak_valid = 1, AckNak = 3
06-02 19:52:02.809 I/QCamera (  710): <MCI><INFO> mm_stream_dispatch_app_data: 415: E, my_handle = 0xd000, fd = 68, state = 6
06-02 19:52:02.809 I/QCamera (  710): <MCI><INFO> mm_stream_dispatch_app_data: 436: frame_sync.is_active = 0, is_cb_active = 1
06-02 19:52:02.809 I/QCamera (  710): <MCI><INFO> mm_stream_dispatch_app_data: 457: Enter callback by blackjoe
06-02 19:52:02.819 E/mm-camera(  710): <MCT   ><ERROR> 4828: mct_pipeline_process_serv_msg: pipeline blackjoe data->sessionid 3 pipeline->session 3 msgid 3
06-02 19:52:02.819 E/mm-camera(  710): <MCT   ><ERROR> 4299: mct_pipeline_process_set: command is 0x8000014 blackjoe CAM_PRIV_PARM 0x8000014
06-02 19:52:02.834 E/QCamera (  710): <MCI><ERROR> mm_stream_data_notify: 337: E, my_handle = 0xd101, fd = 78, state = 6 blackjoe
06-02 19:52:02.834 E/QCamera (  710): <MCI><ERROR> mm_stream_read_msm_frame: 1723: E, my_handle = 0xd101, fd = 78, state = 6 blackjoe
06-02 19:52:02.835 I/QCamera (  710): <MCI><INFO> mm_stream_read_msm_frame: 1770: VIDIOC_DQBUF buf_index 7, frame_idx 46, stream type 8, rc 0,queued: 5, buf_type = 0 flags = 8192 FD = 78 my_num 0 buf fd 130
06-02 19:52:02.835 E/QCamera (  710): <MCI><ERROR> mm_stream_read_msm_frame: 1790: X rc = 0
06-02 19:52:02.835 I/QCamera (  710): <MCI><INFO> mm_stream_handle_rcvd_buf: 220: E, my_handle = 0xd101, fd = 78, state = 6
06-02 19:52:02.835 I/QCamera (  710): <MCI><INFO> mm_stream_handle_rcvd_buf: 244: has cb and it is active by blackjoe
06-02 19:52:02.835 I/QCamera (  710): <MCI><INFO> mm_stream_dispatch_app_data: 415: E, my_handle = 0xd101, fd = 78, state = 6
06-02 19:52:02.836 I/QCamera (  710): <MCI><INFO> mm_stream_dispatch_app_data: 436: frame_sync.is_active = 0, is_cb_active = 1
06-02 19:52:02.836 I/QCamera (  710): <MCI><INFO> mm_stream_dispatch_app_data: 457: Enter callback by blackjoe
06-02 19:52:02.836 E/mm-camera(  710): <SENSOR><ERROR> 4883: sensor_get_frame_duration: resolution is invalid, it seems stream has stopped.
06-02 19:52:02.836 E/mm-camera(  710): <SENSOR><ERROR> 884: sensor_fc_report_meta: Failed to get frame duration
06-02 19:52:02.836 E/mm-camera(  710): <SENSOR><ERROR> 4805: sensor_get_exposure_time: resolution is invalid, it seems stream has stopped.
06-02 19:52:02.836 E/mm-camera(  710): <SENSOR><ERROR> 904: sensor_fc_report_meta: Failed to get exposure time
06-02 19:52:02.837 E/mm-camera(  710): <MCT   ><ERROR> 2722: mct_stream_process_bus_msg: Check the runing function blackjoe 
06-02 19:52:02.838 E/mm-camera(  710): <MCT   ><ERROR> 2755: mct_stream_process_bus_msg: isp_sof_bus_msg is 0xe8800370
06-02 19:52:02.838 E/mm-camera(  710): <MCT   ><ERROR> 2757: mct_stream_process_bus_msg: frameid is 47 hal_version is 3
06-02 19:52:02.838 E/mm-camera(  710): <MCT   ><ERROR> 2759: mct_stream_process_bus_msg: kstate_ptr is 0xe5a85a84, isp_kstate_ptr is 0xe9788000
06-02 19:52:02.838 E/mm-camera(  710): <MCT   ><ERROR> 2765: mct_stream_process_bus_msg: frame_id is 47
06-02 19:52:02.784 E/        (    0): frame_src is 1 frame_id is 47 blackjoe
06-02 19:52:02.841 E/QCamera (  710): <MCI><ERROR> mm_stream_data_notify: 337: E, my_handle = 0xd000, fd = 68, state = 6 blackjoe
06-02 19:52:02.841 E/QCamera (  710): <MCI><ERROR> mm_stream_read_msm_frame: 1723: E, my_handle = 0xd000, fd = 68, state = 6 blackjoe
06-02 19:52:02.842 I/QCamera (  710): <MCI><INFO> mm_stream_read_msm_frame: 1770: VIDIOC_DQBUF buf_index 10, frame_idx 46, stream type 7, rc 0,queued: 17, buf_type = 0 flags = 8192 FD = 68 my_num 0 buf fd 102
06-02 19:52:02.842 E/QCamera (  710): <MCI><ERROR> mm_stream_read_msm_frame: 1790: X rc = 0
06-02 19:52:02.842 I/QCamera (  710): <MCI><INFO> mm_stream_handle_rcvd_buf: 220: E, my_handle = 0xd000, fd = 68, state = 6
06-02 19:52:02.842 E/mm-camera(  710): <STATS_AIS ><ERROR> 1316: dsps_process_response_gyro: Query request denied, error code = 5, QId_valid = 1, QueryId = 0x2f0a, AckNak_valid = 1, AckNak = 3
06-02 19:52:02.842 I/QCamera (  710): <MCI><INFO> mm_stream_handle_rcvd_buf: 244: has cb and it is active by blackjoe
06-02 19:52:02.843 I/QCamera (  710): <MCI><INFO> mm_stream_dispatch_app_data: 415: E, my_handle = 0xd000, fd = 68, state = 6
06-02 19:52:02.843 I/QCamera (  710): <MCI><INFO> mm_stream_dispatch_app_data: 436: frame_sync.is_active = 0, is_cb_active = 1
06-02 19:52:02.843 I/QCamera (  710): <MCI><INFO> mm_stream_dispatch_app_data: 457: Enter callback by blackjoe
06-02 19:52:02.851 E/mm-camera(  710): <MCT   ><ERROR> 4828: mct_pipeline_process_serv_msg: pipeline blackjoe data->sessionid 3 pipeline->session 3 msgid 3
06-02 19:52:02.851 E/mm-camera(  710): <MCT   ><ERROR> 4299: mct_pipeline_process_set: command is 0x8000014 blackjoe CAM_PRIV_PARM 0x8000014
06-02 19:52:02.868 E/QCamera (  710): <MCI><ERROR> mm_stream_data_notify: 337: E, my_handle = 0xd101, fd = 78, state = 6 blackjoe
06-02 19:52:02.869 E/QCamera (  710): <MCI><ERROR> mm_stream_read_msm_frame: 1723: E, my_handle = 0xd101, fd = 78, state = 6 blackjoe
