06-02 19:57:32.251 I/mm-camera(  710): <MCT   >< INFO> 4465: mct_pipeline_process_set:  STREAM-OFF on stream 0x30002 stream type=8
06-02 19:57:32.252 I/mm-camera(  710): <IFACE >< INFO> 1841: iface_streamoff_to_thread: iface_streamoff_to_thread: E, session id = 3, user stream id = 2
06-02 19:57:32.252 I/mm-camera(  710): <IFACE >< INFO> 2472: iface_streamoff: E, session_id 3 mct_stream_id = 2
06-02 19:57:32.252 I/mm-camera(  710): <IFACE >< INFO> 12256: iface_util_get_user_streams_by_bundle: streamoff, first bundled streamoff all bindled streams!
06-02 19:57:32.259 I/mm-camera(  710): <IFACE >< INFO> 2718: iface_streamoff: session_id = 3, active_streams = 0
06-02 19:57:32.260 I/mm-camera(  710): <IFACE >< INFO> 2722: iface_streamoff: all bundled stream streamoff, clear hal bundled mask
06-02 19:57:32.260 I/mm-camera(  710): <IFACE >< INFO> 2727: iface_streamoff: X
06-02 19:57:32.260 I/mm-camera(  710): <IFACE >< INFO> 1867: iface_streamoff_to_thread: iface_streamoff_to_thread: X, session id = 3, user stream id = 2
06-02 19:57:32.260 E/mm-camera(  710): <ISP   ><ERROR> 1197: isp_handler_control_streamoff: Bundle streamon count is less than zero
06-02 19:57:32.260 E/mm-camera(  710): <ISP   ><ERROR> 1201: isp_handler_control_streamoff: invalid stream_on_count 0
06-02 19:57:32.261 I/mm-camera(  710): <IFACE >< INFO> 11005: iface_util_release_resource: camif_cnt= 0, rdi_cnt= 0, used mask 2
06-02 19:57:32.261 I/mm-camera(  710): <IFACE >< INFO> 4047: iface_destroy_hw: iface_destroy_hw: Destroy axi hw on VFE :0
06-02 19:57:32.274 I/mm-camera(  710): <MCT   >< INFO> 4482: mct_pipeline_process_set:  STREAM-OFF success for stream 0x30002, stream type=8
06-02 19:57:32.285 E/mm-camera(  710): <MCT   ><ERROR> 4828: mct_pipeline_process_serv_msg: pipeline blackjoe data->sessionid 3 pipeline->session 3 msgid 3
06-02 19:57:32.285 E/mm-camera(  710): <MCT   ><ERROR> 4299: mct_pipeline_process_set: command is 0x8000009 blackjoe CAM_PRIV_PARM 0x8000014
06-02 19:57:32.285 I/mm-camera(  710): <MCT   >< INFO> 4302: mct_pipeline_process_set: command=8000009
06-02 19:57:32.285 I/mm-camera(  710): <MCT   >< INFO> 4465: mct_pipeline_process_set:  STREAM-OFF on stream 0x30001 stream type=7
06-02 19:57:32.286 I/mm-camera(  710): <MCT   >< INFO> 4482: mct_pipeline_process_set:  STREAM-OFF success for stream 0x30001, stream type=7
06-02 19:57:32.301 I/QCamera (  710): <HAL><INFO> configureStreamsPerfLocked: 2399: stream[0] type = 0, format = 34, width = 320, height = 240, rotation = 0, usage = 0x800
06-02 19:57:32.301 E/QCamera (  710): <HAL><ERROR> validateStreamDimensions: 1491: Error: Unsupported size: 320 x 240 type: 34 array size: 1360 x 800
06-02 19:57:32.302 E/QCamera (  710): <HAL><ERROR> configureStreamsPerfLocked: 2602: Invalid stream configuration requested!
06-02 19:57:32.303 E/Camera3-Device( 1279): Camera 0: configureStreamsLocked: Set of requested inputs/outputs not supported by HAL
06-02 19:57:32.303 E/CameraDeviceClient( 1279): endConfigure: Camera 0: Unsupported set of inputs/outputs provided
06-02 19:57:32.303 E/ACameraDevice( 7609): Camera device 0 cannnot support app output configuration: Status(-8, EX_SERVICE_SPECIFIC): '3: endConfigure:513: Camera 0: Unsupported set of inputs/outputs provided'
06-02 19:57:32.303 E/ACameraDevice( 7609): Unconfigure stream failed. Device might still be configured! ret -10009
06-02 19:57:32.255 E/        (    0): [SDL] misc_ioctl msg.len is 3 : 0x58 0x00 0xa8
06-02 19:57:32.255 E/        (    0): [SDL] misc_ioctl msg.len is 2 : 0xa7 0x00
06-02 19:57:32.304 I/BCReader-JNI( 7609): ACameraCaptureSession_close session=0x7c3ff9ea40 takes ~226 ms to close
06-02 19:57:32.304 D/BCReader-JNI( 7609): LEAVE camera_status_t ZebraCamera::stopPreview():2725
06-02 19:57:32.262 E/        (    0): [SDL] misc_ioctl msg.len is 3 : 0x77 0x03 0x86
06-02 19:57:32.266 E/        (    0): [SDL] se47xx_misc_ioctl ret = -107
06-02 19:57:32.271 E/        (    0): [SDL] misc_ioctl msg.len is 3 : 0x77 0x03 0x86
06-02 19:57:32.275 E/        (    0): [SDL] se47xx_misc_ioctl ret = -107
06-02 19:57:32.282 E/        (    0): [SDL] misc_ioctl msg.len is 3 : 0x77 0x03 0x86
06-02 19:57:32.286 E/        (    0): [SDL] misc_ioctl msg.len is 2 : 0x88 0x00
06-02 19:57:32.391 D/AudioTrack( 7609): stop(60): called with 14784 frames delivered
06-02 19:57:32.460 D/ACDB-LOADER(  706): ACDB -> send_audvoltable
06-02 19:57:32.460 D/ACDB-LOADER(  706): ACDB -> ACDB_CMD_GET_AUDPROC_GAIN_DEP_STEP_TABLE_SIZE
06-02 19:57:32.460 D/ACDB-LOADER(  706): ACDB -> ACDB_CMD_GET_AUDPROC_GAIN_DEP_STEP_TABLE, vol index 0
06-02 19:57:32.460 D/ACDB-LOADER(  706): ACDB -> AUDIO_SET_VOL_CAL cal type = 40
06-02 19:57:32.465 W/APM::AudioPolicyEngine(  840): getDevicesForStrategy() unknown strategy: -1
06-02 19:57:32.466 I/chatty  (  840): uid=1041(audioserver) ApmOutput identical 1 line
06-02 19:57:32.466 W/APM::AudioPolicyEngine(  840): getDevicesForStrategy() unknown strategy: -1
06-02 19:57:32.469 I/system_server( 1599): oneway function results will be dropped but finished with status OK and parcel size 4
06-02 19:57:32.585 D/EventSequenceValidator( 1599): Transition from INTENT_FAILED to INTENT_STARTED
06-02 19:57:32.588 I/ActivityTaskManager( 1599): START u0 {flg=0x10000000 cmp=sdl.android.testapp/.SW_Decode_Android_TestApp_Activity} from uid 0
06-02 19:57:32.598 I/perfetto(  977): ing_service_impl.cc:758 Configured tracing session 64, #sources:1, duration:5000 ms, #buffers:1, total buffer size:4096 KB, total sessions:1, uid:1071 session name: ""
06-02 19:57:32.599 I/perfetto(  975): probes_producer.cc:230  Ftrace setup (target_buf=64)
06-02 19:57:32.600 E/perfetto(  975): ace_config_muxer.cc:443 ftrace in use by non-Perfetto.
06-02 19:57:32.600 E/perfetto(  975): probes_producer.cc:238  Failed to setup ftrace
06-02 19:57:32.600 E/perfetto(  975): probes_producer.cc:176  Failed to create data source 'linux.ftrace'
06-02 19:57:32.601 E/perfetto(  975): probes_producer.cc:191  Data source id=64 not found
06-02 19:57:32.606 I/cmd     (18947): oneway function results will be dropped but finished with status OK and parcel size 4
06-02 19:57:32.608 D/EventSequenceValidator( 1599): Transition from INTENT_STARTED to INTENT_FAILED
06-02 19:57:35.353 E/WifiScoringParams( 1599): Invalid frequency(-1), using 5G as default rssi array
06-02 19:57:35.376 D/WifiNative( 1599): Scan trigered from WifiNative
06-02 19:57:35.383 V/WifiHAL ( 1348): event received NL80211_CMD_TRIGGER_SCAN
06-02 19:57:35.384 V/WifiHAL (  741): event received NL80211_CMD_TRIGGER_SCAN
06-02 19:57:35.330 I/FUSIONWL(    0): : ==ChannelMask_GetChannels==: Dropping channel 144, not valid
06-02 19:57:35.330 I/FUSIONWL(    0): : ==ChannelMask_GetChannels==: Band Auto, Ch list length 37
06-02 19:57:35.347 E/        (    0): GBSOC->11, GBTemp->280, GBTTE->39, GBTTF->65535
06-02 19:57:35.444 D/audio_hw_primary(  706): out_standby: enter: stream (0xef9c21a0) usecase(1: low-latency-playback)
06-02 19:57:35.394 W/healthd (    0): battery l=11 v=3251 t=28.0 h=2 st=2 c=-715331 fc=0 cc=7 chg=u
06-02 19:57:35.470 D/BatteryService( 1599): level : 11 / status : 2/Health : 2/Decommission : 0
06-02 19:57:35.470 E/BatteryStatsService( 1599): Power Hal not loaded
06-02 19:57:35.475 D/HighTemperatureReceiver( 5142): Receive action: android.intent.action.BATTERY_CHANGED
06-02 19:57:35.474 D/ZebraRttProvider.FusionEngine( 3675): receive broadcast intent, action: android.intent.action.BATTERY_CHANGED
06-02 19:57:35.475 D/ZebraRttProvider.FusionEngine( 3675): Battery Level = 11
06-02 19:57:35.475 D/ZebraRttProvider.FusionEngine( 3675): receive broadcast intent, action: android.intent.action.BATTERY_CHANGED
06-02 19:57:35.476 W/ContextImpl( 3222): Calling a method in the system process without a qualified user: android.app.ContextImpl.startService:1669 android.content.ContextWrapper.startService:720 com.symbol.batterymanager.model.BatteryManagerReceiver.startBatteryApplicationService:81 com.symbol.batterymanager.model.BatteryManagerReceiver.onReceive:47 android.app.LoadedApk$ReceiverDispatcher$Args.lambda$getRunnable$0$LoadedApk$ReceiverDispatcher$Args:1580 
06-02 19:57:35.476 D/BatterySwapServ( 3420): onReceive BATTERY_CHANGED
06-02 19:57:35.477 D/BatterySwapServ( 3420): battery changed: present=true level=11 plugType=2 shutdownLevel=6 batteryType = 201 serialnumber =T5017
06-02 19:57:35.477 D/UsbCradleMode( 5461): onReceive:Battery change, status:2
06-02 19:57:35.478 D/com.symbol.dataanalytics.a.a.d.b( 4592): Received battery event
06-02 19:57:35.478 D/com.symbol.dataanalytics.a.a.d.b( 4592): BatteryFactory event action = android.intent.action.BATTERY_CHANGED
06-02 19:57:35.479 D/KeyguardUpdateMonitor( 6499): received broadcast android.intent.action.BATTERY_CHANGED
06-02 19:57:35.490 D/KeyguardUpdateMonitor( 6499): handleBatteryUpdate
06-02 19:57:35.479 E/qcom-lpi-pinctrl 15070000.lpi_pinctrl(    0): lpi_pinctrl_runtime_resume: unable to get core clk handle -2
06-02 19:57:35.481 I/afe_close(    0): port_id = 0x102e
06-02 19:57:35.543 D/audio_hw_primary(  706): disable_audio_route: reset and update mixer path: low-latency-playback
06-02 19:57:35.546 D/soundtrigger(  706): audio_extn_sound_trigger_update_stream_status: uc_info->id 1 of type 0 for Event 2, with Raise=0
06-02 19:57:35.546 D/hardware_info(  706): hw_info_append_hw_type : device_name = speaker
06-02 19:57:35.546 D/audio_hw_primary(  706): disable_snd_device: snd_device(2: speaker)
06-02 19:57:35.548 I/soundtrigger(  706): audio_extn_sound_trigger_update_device_status: device 0x2 of type 0 for Event 0, with Raise=0
06-02 19:57:35.577 E/qcom-lpi-pinctrl 15070000.lpi_pinctrl(    0): lpi_pinctrl_runtime_suspend: unable to get core clk handle -2
06-02 19:57:35.992 E/KernelCpuSpeedReader( 1599): Failed to read cpu-freq: /sys/devices/system/cpu/cpu4/cpufreq/stats/time_in_state: open failed: ENOENT (No such file or directory)
06-02 19:57:35.992 E/KernelCpuSpeedReader( 1599): Failed to read cpu-freq: /sys/devices/system/cpu/cpu0/cpufreq/stats/time_in_state: open failed: ENOENT (No such file or directory)
06-02 19:57:35.995 I/Binder:569_1(  569): type=1400 audit(0.0:6230): avc: denied { read } for name="wakeup48" dev="sysfs" ino=68359 scontext=u:r:system_suspend:s0 tcontext=u:object_r:sysfs:s0 tclass=dir permissive=1
06-02 19:57:35.995 I/Binder:569_1(  569): type=1400 audit(0.0:6231): avc: denied { open } for path="/sys/devices/virtual/misc/msm_mp3/wakeup48" dev="sysfs" ino=68359 scontext=u:r:system_suspend:s0 tcontext=u:object_r:sysfs:s0 tclass=dir permissive=1
06-02 19:57:36.101 I/init    (    0): starting service 'qccsyshalservice'...
06-02 19:57:36.164 I/init    (    0): starting service 'qccvndhalservice'...
06-02 19:57:36.255 I/Binder:569_1(  569): type=1400 audit(0.0:6235): avc: denied { read } for name="wakeup27" dev="sysfs" ino=57703 scontext=u:r:system_suspend:s0 tcontext=u:object_r:sysfs_battery_supply:s0 tclass=dir permissive=1
06-02 19:57:36.255 I/Binder:569_1(  569): type=1400 audit(0.0:6236): avc: denied { open } for path="/sys/devices/platform/soc/800f000.qcom,spmi/spmi-0/spmi0-00/800f000.qcom,spmi:qcom,pm660@0:qcom,qpnp-smb2/power_supply/battery/wakeup27" dev="sysfs" ino=57703 scontext=u:r:system_suspend:s0 tcontext=u:object_r:sysfs_battery_supply:s0 tclass=dir permissive=1
06-02 19:57:36.218 W/audit   (    0): audit_lost=3422 audit_rate_limit=5 audit_backlog_limit=64
06-02 19:57:36.218 E/audit   (    0): rate limit exceeded
06-02 19:57:36.424 I/qccsyshalservice(18962): Start with system binder
06-02 19:57:36.431 I/qccsyshalservice(18962): Registering qccsyshal service...
06-02 19:57:36.434 I/hwservicemanager(  501): getTransport: Cannot find entry vendor.qti.hardware.qccsyshal@1.0::IQccsyshal/qccsyshal in either framework or device manifest.
06-02 19:57:36.448 E/HidlServiceManagement(18962): Service vendor.qti.hardware.qccsyshal@1.0::IQccsyshal/qccsyshal must be in VINTF manifest in order to register/get.
06-02 19:57:36.448 E/qccsyshalservice(18962): [ERROR] registerAsService() failed with status: -2147483648
06-02 19:57:36.410 I/init    (    0): Service 'qccsyshalservice' (pid 18962) exited with status 1
06-02 19:57:36.410 I/init    (    0): Sending signal 9 to service 'qccsyshalservice' (pid 18962) process group...
06-02 19:57:36.411 I/libprocessgroup(    0): Successfully killed process cgroup uid 1000 pid 18962 in 0ms
06-02 19:57:36.463 W/system_server( 1599): Long monitor contention with owner batterystats-worker (1634) at void com.android.server.am.BatteryExternalStatsWorker.updateExternalStatsLocked(java.lang.String, int, boolean, boolean, boolean)(BatteryExternalStatsWorker.java:508) waiters=1 in boolean com.android.server.am.BatteryStatsService.isCharging() for 982ms
06-02 19:57:36.465 W/system_server( 1599): Long monitor contention with owner batterystats-worker (1634) at void com.android.server.am.BatteryExternalStatsWorker.updateExternalStatsLocked(java.lang.String, int, boolean, boolean, boolean)(BatteryExternalStatsWorker.java:508) waiters=2 in long com.android.server.am.BatteryStatsService.computeChargeTimeRemaining() for 975ms
06-02 19:57:36.466 W/system_server( 1599): Long monitor contention with owner batterystats-worker (1634) at void com.android.server.am.BatteryExternalStatsWorker.updateExternalStatsLocked(java.lang.String, int, boolean, boolean, boolean)(BatteryExternalStatsWorker.java:508) waiters=3 in void com.android.server.am.BatteryStatsService.noteStopWakelock(int, int, java.lang.String, java.lang.String, int) for 916ms
06-02 19:57:36.466 I/Choreographer( 6499): Skipped 59 frames!  The application may be doing too much work on its main thread.
06-02 19:57:36.467 W/system_server( 1599): Long monitor contention with owner batterystats-worker (1634) at void com.android.server.am.BatteryExternalStatsWorker.updateExternalStatsLocked(java.lang.String, int, boolean, boolean, boolean)(BatteryExternalStatsWorker.java:508) waiters=0 in android.content.ComponentName com.android.server.am.ActiveServices.startServiceInnerLocked(com.android.server.am.ActiveServices$ServiceMap, android.content.Intent, com.android.server.am.ServiceRecord, boolean, boolean) for 987ms
06-02 19:57:36.469 W/system_server( 1599): Long monitor contention with owner Binder:1599_E (4971) at android.content.ComponentName com.android.server.am.ActivityManagerService.startService(android.app.IApplicationThread, android.content.Intent, java.lang.String, boolean, java.lang.String, java.lang.String, int)(ActivityManagerService.java:15127) waiters=0 in android.content.ComponentName com.android.server.am.ActivityManagerService.startService(android.app.IApplicationThread, android.content.Intent, java.lang.String, boolean, java.lang.String, java.lang.String, int) for 743ms
06-02 19:57:36.469 I/system_server( 1599): oneway function results will be dropped but finished with status OK and parcel size 4
06-02 19:57:36.470 V/BatteryApplicationService( 3222): BatteryType  201
06-02 19:57:36.471 D/CompatibilityInfo( 1599): mCompatibilityFlags - 4
06-02 19:57:36.471 D/CompatibilityInfo( 1599): applicationDensity - 240
