06-02 19:33:27.417 I/mm-camera(  710): <MCT   >< INFO> 4302: mct_pipeline_process_set: command=8000009
06-02 19:33:27.417 I/mm-camera(  710): <MCT   >< INFO> 4465: mct_pipeline_process_set:  STREAM-OFF on stream 0x30002 stream type=8
06-02 19:33:27.418 I/mm-camera(  710): <IFACE >< INFO> 1841: iface_streamoff_to_thread: iface_streamoff_to_thread: E, session id = 3, user stream id = 2
06-02 19:33:27.418 I/mm-camera(  710): <IFACE >< INFO> 2472: iface_streamoff: E, session_id 3 mct_stream_id = 2
06-02 19:33:27.418 I/mm-camera(  710): <IFACE >< INFO> 12256: iface_util_get_user_streams_by_bundle: streamoff, first bundled streamoff all bindled streams!
06-02 19:33:27.422 I/mm-camera(  710): <IFACE >< INFO> 2718: iface_streamoff: session_id = 3, active_streams = 0
06-02 19:33:27.422 I/mm-camera(  710): <IFACE >< INFO> 2722: iface_streamoff: all bundled stream streamoff, clear hal bundled mask
06-02 19:33:27.423 I/mm-camera(  710): <IFACE >< INFO> 2727: iface_streamoff: X
06-02 19:33:27.423 I/mm-camera(  710): <IFACE >< INFO> 1867: iface_streamoff_to_thread: iface_streamoff_to_thread: X, session id = 3, user stream id = 2
06-02 19:33:27.423 E/mm-camera(  710): <ISP   ><ERROR> 1197: isp_handler_control_streamoff: Bundle streamon count is less than zero
06-02 19:33:27.423 E/mm-camera(  710): <ISP   ><ERROR> 1201: isp_handler_control_streamoff: invalid stream_on_count 0
06-02 19:33:27.424 I/mm-camera(  710): <IFACE >< INFO> 11005: iface_util_release_resource: camif_cnt= 0, rdi_cnt= 0, used mask 2
06-02 19:33:27.424 I/mm-camera(  710): <IFACE >< INFO> 4047: iface_destroy_hw: iface_destroy_hw: Destroy axi hw on VFE :0
06-02 19:33:27.427 I/mm-camera(  710): <MCT   >< INFO> 4482: mct_pipeline_process_set:  STREAM-OFF success for stream 0x30002, stream type=8
06-02 19:33:27.430 E/mm-camera(  710): <MCT   ><ERROR> 4828: mct_pipeline_process_serv_msg: pipeline blackjoe data->sessionid 3 pipeline->session 3 msgid 3
06-02 19:33:27.430 E/mm-camera(  710): <MCT   ><ERROR> 4299: mct_pipeline_process_set: command is 0x8000009 blackjoe CAM_PRIV_PARM 0x8000014
06-02 19:33:27.430 I/mm-camera(  710): <MCT   >< INFO> 4302: mct_pipeline_process_set: command=8000009
06-02 19:33:27.430 I/mm-camera(  710): <MCT   >< INFO> 4465: mct_pipeline_process_set:  STREAM-OFF on stream 0x30001 stream type=7
06-02 19:33:27.431 I/mm-camera(  710): <MCT   >< INFO> 4482: mct_pipeline_process_set:  STREAM-OFF success for stream 0x30001, stream type=7
06-02 19:33:27.443 I/QCamera (  710): <HAL><INFO> configureStreamsPerfLocked: 2399: stream[0] type = 0, format = 34, width = 320, height = 240, rotation = 0, usage = 0x800
06-02 19:33:27.443 E/QCamera (  710): <HAL><ERROR> validateStreamDimensions: 1491: Error: Unsupported size: 320 x 240 type: 34 array size: 1360 x 800
06-02 19:33:27.443 E/QCamera (  710): <HAL><ERROR> configureStreamsPerfLocked: 2602: Invalid stream configuration requested!
06-02 19:33:27.444 E/Camera3-Device( 1279): Camera 0: configureStreamsLocked: Set of requested inputs/outputs not supported by HAL
06-02 19:33:27.444 E/CameraDeviceClient( 1279): endConfigure: Camera 0: Unsupported set of inputs/outputs provided
06-02 19:33:27.444 E/ACameraDevice( 7609): Camera device 0 cannnot support app output configuration: Status(-8, EX_SERVICE_SPECIFIC): '3: endConfigure:513: Camera 0: Unsupported set of inputs/outputs provided'
06-02 19:33:27.444 E/ACameraDevice( 7609): Unconfigure stream failed. Device might still be configured! ret -10009
06-02 19:33:27.445 I/BCReader-JNI( 7609): ACameraCaptureSession_close session=0x7c3ff9d440 takes ~287 ms to close
06-02 19:33:27.445 D/BCReader-JNI( 7609): LEAVE camera_status_t ZebraCamera::stopPreview():2725
06-02 19:33:27.395 E/        (    0): [SDL] misc_ioctl msg.len is 3 : 0x58 0x00 0xa8
06-02 19:33:27.396 E/        (    0): [SDL] misc_ioctl msg.len is 2 : 0xa7 0x00
06-02 19:33:27.400 E/        (    0): [SDL] misc_ioctl msg.len is 3 : 0x77 0x03 0x86
06-02 19:33:27.405 E/        (    0): [SDL] se47xx_misc_ioctl ret = -107
06-02 19:33:27.410 E/        (    0): [SDL] misc_ioctl msg.len is 3 : 0x77 0x03 0x86
06-02 19:33:27.415 E/        (    0): [SDL] se47xx_misc_ioctl ret = -107
06-02 19:33:27.421 E/        (    0): [SDL] misc_ioctl msg.len is 3 : 0x77 0x03 0x86
06-02 19:33:27.425 E/        (    0): [SDL] misc_ioctl msg.len is 2 : 0x88 0x00
06-02 19:33:27.508 D/AudioTrack( 7609): stop(60): called with 14592 frames delivered
06-02 19:33:27.581 I/system_server( 1599): oneway function results will be dropped but finished with status OK and parcel size 4
06-02 19:33:27.583 D/ACDB-LOADER(  706): ACDB -> send_audvoltable
06-02 19:33:27.583 D/ACDB-LOADER(  706): ACDB -> ACDB_CMD_GET_AUDPROC_GAIN_DEP_STEP_TABLE_SIZE
06-02 19:33:27.583 D/ACDB-LOADER(  706): ACDB -> ACDB_CMD_GET_AUDPROC_GAIN_DEP_STEP_TABLE, vol index 0
06-02 19:33:27.583 D/ACDB-LOADER(  706): ACDB -> AUDIO_SET_VOL_CAL cal type = 40
06-02 19:33:27.586 W/APM::AudioPolicyEngine(  840): getDevicesForStrategy() unknown strategy: -1
06-02 19:33:28.210 I/init    (    0): starting service 'qccsyshalservice'...
06-02 19:33:28.238 I/init    (    0): starting service 'qccvndhalservice'...
06-02 19:33:27.587 I/chatty  (  840): uid=1041(audioserver) ApmOutput identical 1 line
06-02 19:33:27.587 W/APM::AudioPolicyEngine(  840): getDevicesForStrategy() unknown strategy: -1
06-02 19:33:28.339 I/qccsyshalservice(12719): Start with system binder
06-02 19:33:28.340 I/qccsyshalservice(12719): Registering qccsyshal service...
06-02 19:33:28.342 I/hwservicemanager(  501): getTransport: Cannot find entry vendor.qti.hardware.qccsyshal@1.0::IQccsyshal/qccsyshal in either framework or device manifest.
06-02 19:33:28.343 E/HidlServiceManagement(12719): Service vendor.qti.hardware.qccsyshal@1.0::IQccsyshal/qccsyshal must be in VINTF manifest in order to register/get.
06-02 19:33:28.343 E/qccsyshalservice(12719): [ERROR] registerAsService() failed with status: -2147483648
06-02 19:33:28.299 I/init    (    0): Service 'qccsyshalservice' (pid 12719) exited with status 1
06-02 19:33:28.300 I/init    (    0): Sending signal 9 to service 'qccsyshalservice' (pid 12719) process group...
06-02 19:33:28.300 I/libprocessgroup(    0): Successfully killed process cgroup uid 1000 pid 12719 in 0ms
06-02 19:33:28.367 I/vendor.qti.hardware.qccvndhal@1.0-service(12720): Start with vendor binder
06-02 19:33:28.368 I/vendor.qti.hardware.qccvndhal@1.0-service(12720): Registering qccvndhal service...
06-02 19:33:28.370 I/hwservicemanager(  501): getTransport: Cannot find entry vendor.qti.hardware.qccvndhal@1.0::IQccvndhal/qccvndhal in either framework or device manifest.
06-02 19:33:28.370 E/HidlServiceManagement(12720): Service vendor.qti.hardware.qccvndhal@1.0::IQccvndhal/qccvndhal must be in VINTF manifest in order to register/get.
06-02 19:33:28.370 E/vendor.qti.hardware.qccvndhal@1.0-service(12720): [ERROR] registerAsService() failed with status: -2147483648
06-02 19:33:28.327 I/init    (    0): Service 'qccvndhalservice' (pid 12720) exited with status 1
06-02 19:33:28.327 I/init    (    0): Sending signal 9 to service 'qccvndhalservice' (pid 12720) process group...
06-02 19:33:28.328 I/libprocessgroup(    0): Successfully killed process cgroup uid 1000 pid 12720 in 0ms
06-02 19:33:30.568 D/audio_hw_primary(  706): out_standby: enter: stream (0xef9c21a0) usecase(1: low-latency-playback)
06-02 19:33:30.601 E/qcom-lpi-pinctrl 15070000.lpi_pinctrl(    0): lpi_pinctrl_runtime_resume: unable to get core clk handle -2
06-02 19:33:30.604 I/afe_close(    0): port_id = 0x102e
06-02 19:33:30.668 D/audio_hw_primary(  706): disable_audio_route: reset and update mixer path: low-latency-playback
06-02 19:33:30.671 D/soundtrigger(  706): audio_extn_sound_trigger_update_stream_status: uc_info->id 1 of type 0 for Event 2, with Raise=0
06-02 19:33:30.671 D/hardware_info(  706): hw_info_append_hw_type : device_name = speaker
06-02 19:33:30.671 D/audio_hw_primary(  706): disable_snd_device: snd_device(2: speaker)
06-02 19:33:30.673 I/soundtrigger(  706): audio_extn_sound_trigger_update_device_status: device 0x2 of type 0 for Event 0, with Raise=0
06-02 19:33:30.677 I/system_server( 1599): oneway function results will be dropped but finished with status OK and parcel size 4
06-02 19:33:30.697 E/qcom-lpi-pinctrl 15070000.lpi_pinctrl(    0): lpi_pinctrl_runtime_suspend: unable to get core clk handle -2
06-02 19:33:31.903 I/system_server( 1599): Background concurrent copying GC freed 420630(16MB) AllocSpace objects, 157(3212KB) LOS objects, 49% free, 20MB/40MB, paused 150us total 304.879ms
06-02 19:33:31.967 I/IRQ 6   (    0): no longer affine to CPU6
06-02 19:33:32.708 D/CompatibilityInfo( 1599): mCompatibilityFlags - 4
06-02 19:33:32.708 D/CompatibilityInfo( 1599): applicationDensity - 240
06-02 19:33:32.708 D/CompatibilityInfo( 1599): applicationScale - 1.0
06-02 19:33:32.714 I/NextSubtest service( 7609): hit
06-02 19:33:32.665 E/        (    0): [SDL] misc_ioctl msg.len is 3 : 0x77 0x03 0x86
06-02 19:33:32.676 E/        (    0): [SDL] misc_ioctl msg.len is 2 : 0x88 0x00
06-02 19:33:32.676 E/        (    0): [SDL] misc_ioctl msg.len is 3 : 0x77 0x08 0x81
06-02 19:33:32.681 E/        (    0): [SDL] misc_ioctl msg.len is 2 : 0x88 0x00
06-02 19:33:32.686 E/        (    0): [SDL] misc_ioctl msg.len is 3 : 0x58 0x00 0xa8
06-02 19:33:32.691 E/        (    0): [SDL] misc_ioctl msg.len is 2 : 0xa7 0x00
06-02 19:33:32.697 E/        (    0): [SDL] misc_ioctl msg.len is 3 : 0x77 0x03 0x86
06-02 19:33:32.702 E/        (    0): [SDL] misc_ioctl msg.len is 2 : 0x88 0x00
06-02 19:33:32.707 E/        (    0): [SDL] misc_ioctl msg.len is 3 : 0x77 0x08 0x81
