06-02 19:30:50.235 I/QCamera (  710): <MCI><INFO> mm_stream_dispatch_app_data: 415: E, my_handle = 0x5701, fd = 78, state = 6
06-02 19:30:50.235 I/QCamera (  710): <MCI><INFO> mm_stream_dispatch_app_data: 436: frame_sync.is_active = 0, is_cb_active = 1
06-02 19:30:50.235 E/mm-camera(  710): <MCT   ><ERROR> 2722: mct_stream_process_bus_msg: Check the runing function blackjoe 
06-02 19:30:50.235 I/QCamera (  710): <MCI><INFO> mm_stream_dispatch_app_data: 457: Enter callback by blackjoe
06-02 19:30:50.235 E/mm-camera(  710): <MCT   ><ERROR> 2755: mct_stream_process_bus_msg: isp_sof_bus_msg is 0xe8801d50
06-02 19:30:50.235 E/mm-camera(  710): <MCT   ><ERROR> 2757: mct_stream_process_bus_msg: frameid is 74 hal_version is 3
06-02 19:30:50.236 E/mm-camera(  710): <MCT   ><ERROR> 2759: mct_stream_process_bus_msg: kstate_ptr is 0xe5a85a84, isp_kstate_ptr is 0xe9788000
06-02 19:30:50.236 E/mm-camera(  710): <MCT   ><ERROR> 2765: mct_stream_process_bus_msg: frame_id is 74
06-02 19:30:50.183 E/        (    0): frame_src is 1 frame_id is 74 blackjoe
06-02 19:30:50.236 E/QCamera (  710): <MCI><ERROR> mm_stream_data_notify: 337: E, my_handle = 0x5600, fd = 68, state = 6 blackjoe
06-02 19:30:50.237 E/QCamera (  710): <MCI><ERROR> mm_stream_read_msm_frame: 1723: E, my_handle = 0x5600, fd = 68, state = 6 blackjoe
06-02 19:30:50.237 I/QCamera (  710): <MCI><INFO> mm_stream_read_msm_frame: 1770: VIDIOC_DQBUF buf_index 1, frame_idx 73, stream type 7, rc 0,queued: 17, buf_type = 0 flags = 8192 FD = 68 my_num 0 buf fd 84
06-02 19:30:50.237 E/QCamera (  710): <MCI><ERROR> mm_stream_read_msm_frame: 1790: X rc = 0
06-02 19:30:50.237 I/QCamera (  710): <MCI><INFO> mm_stream_handle_rcvd_buf: 220: E, my_handle = 0x5600, fd = 68, state = 6
06-02 19:30:50.237 I/QCamera (  710): <MCI><INFO> mm_stream_handle_rcvd_buf: 244: has cb and it is active by blackjoe
06-02 19:30:50.238 I/QCamera (  710): <MCI><INFO> mm_stream_dispatch_app_data: 415: E, my_handle = 0x5600, fd = 68, state = 6
06-02 19:30:50.238 I/QCamera (  710): <MCI><INFO> mm_stream_dispatch_app_data: 436: frame_sync.is_active = 0, is_cb_active = 1
06-02 19:30:50.238 I/QCamera (  710): <MCI><INFO> mm_stream_dispatch_app_data: 457: Enter callback by blackjoe
06-02 19:30:50.239 E/mm-camera(  710): <STATS_AIS ><ERROR> 1316: dsps_process_response_gyro: Query request denied, error code = 5, QId_valid = 1, QueryId = 0x4a0a, AckNak_valid = 1, AckNak = 3
06-02 19:30:50.244 E/mm-camera(  710): <MCT   ><ERROR> 4828: mct_pipeline_process_serv_msg: pipeline blackjoe data->sessionid 3 pipeline->session 3 msgid 3
06-02 19:30:50.244 E/mm-camera(  710): <MCT   ><ERROR> 4299: mct_pipeline_process_set: command is 0x8000014 blackjoe CAM_PRIV_PARM 0x8000014
06-02 19:30:50.267 E/QCamera (  710): <MCI><ERROR> mm_stream_data_notify: 337: E, my_handle = 0x5701, fd = 78, state = 6 blackjoe
06-02 19:30:50.268 E/mm-camera(  710): <SENSOR><ERROR> 4883: sensor_get_frame_duration: resolution is invalid, it seems stream has stopped.
06-02 19:30:50.268 E/QCamera (  710): <MCI><ERROR> mm_stream_read_msm_frame: 1723: E, my_handle = 0x5701, fd = 78, state = 6 blackjoe
06-02 19:30:50.268 E/mm-camera(  710): <SENSOR><ERROR> 884: sensor_fc_report_meta: Failed to get frame duration
06-02 19:30:50.268 E/mm-camera(  710): <SENSOR><ERROR> 4805: sensor_get_exposure_time: resolution is invalid, it seems stream has stopped.
06-02 19:30:50.268 I/QCamera (  710): <MCI><INFO> mm_stream_read_msm_frame: 1770: VIDIOC_DQBUF buf_index 11, frame_idx 74, stream type 8, rc 0,queued: 5, buf_type = 0 flags = 8192 FD = 78 my_num 0 buf fd 127
06-02 19:30:50.268 E/mm-camera(  710): <SENSOR><ERROR> 904: sensor_fc_report_meta: Failed to get exposure time
06-02 19:30:50.268 E/QCamera (  710): <MCI><ERROR> mm_stream_read_msm_frame: 1790: X rc = 0
06-02 19:30:50.268 I/QCamera (  710): <MCI><INFO> mm_stream_handle_rcvd_buf: 220: E, my_handle = 0x5701, fd = 78, state = 6
06-02 19:30:50.268 I/QCamera (  710): <MCI><INFO> mm_stream_handle_rcvd_buf: 244: has cb and it is active by blackjoe
06-02 19:30:50.269 I/QCamera (  710): <MCI><INFO> mm_stream_dispatch_app_data: 415: E, my_handle = 0x5701, fd = 78, state = 6
06-02 19:30:50.269 I/QCamera (  710): <MCI><INFO> mm_stream_dispatch_app_data: 436: frame_sync.is_active = 0, is_cb_active = 1
06-02 19:30:50.269 I/QCamera (  710): <MCI><INFO> mm_stream_dispatch_app_data: 457: Enter callback by blackjoe
06-02 19:30:50.269 E/mm-camera(  710): <MCT   ><ERROR> 2722: mct_stream_process_bus_msg: Check the runing function blackjoe 
06-02 19:30:50.269 E/mm-camera(  710): <MCT   ><ERROR> 2755: mct_stream_process_bus_msg: isp_sof_bus_msg is 0xe8801d50
06-02 19:30:50.269 E/mm-camera(  710): <MCT   ><ERROR> 2757: mct_stream_process_bus_msg: frameid is 75 hal_version is 3
06-02 19:30:50.269 E/mm-camera(  710): <MCT   ><ERROR> 2759: mct_stream_process_bus_msg: kstate_ptr is 0xe5a85a84, isp_kstate_ptr is 0xe9788000
06-02 19:30:50.270 E/mm-camera(  710): <MCT   ><ERROR> 2765: mct_stream_process_bus_msg: frame_id is 75
06-02 19:30:50.271 E/QCamera (  710): <MCI><ERROR> mm_stream_data_notify: 337: E, my_handle = 0x5600, fd = 68, state = 6 blackjoe
06-02 19:30:50.271 E/QCamera (  710): <MCI><ERROR> mm_stream_read_msm_frame: 1723: E, my_handle = 0x5600, fd = 68, state = 6 blackjoe
06-02 19:30:50.271 I/QCamera (  710): <MCI><INFO> mm_stream_read_msm_frame: 1770: VIDIOC_DQBUF buf_index 2, frame_idx 74, stream type 7, rc 0,queued: 17, buf_type = 0 flags = 8192 FD = 68 my_num 0 buf fd 86
06-02 19:30:50.271 E/QCamera (  710): <MCI><ERROR> mm_stream_read_msm_frame: 1790: X rc = 0
06-02 19:30:50.272 I/QCamera (  710): <MCI><INFO> mm_stream_handle_rcvd_buf: 220: E, my_handle = 0x5600, fd = 68, state = 6
06-02 19:30:50.272 I/QCamera (  710): <MCI><INFO> mm_stream_handle_rcvd_buf: 244: has cb and it is active by blackjoe
06-02 19:30:50.272 I/QCamera (  710): <MCI><INFO> mm_stream_dispatch_app_data: 415: E, my_handle = 0x5600, fd = 68, state = 6
06-02 19:30:50.272 I/QCamera (  710): <MCI><INFO> mm_stream_dispatch_app_data: 436: frame_sync.is_active = 0, is_cb_active = 1
06-02 19:30:50.272 I/QCamera (  710): <MCI><INFO> mm_stream_dispatch_app_data: 457: Enter callback by blackjoe
06-02 19:30:50.273 E/mm-camera(  710): <STATS_AIS ><ERROR> 1316: dsps_process_response_gyro: Query request denied, error code = 5, QId_valid = 1, QueryId = 0x4b0a, AckNak_valid = 1, AckNak = 3
06-02 19:30:50.217 E/        (    0): frame_src is 1 frame_id is 75 blackjoe
06-02 19:30:50.292 E/mm-camera(  710): <MCT   ><ERROR> 4828: mct_pipeline_process_serv_msg: pipeline blackjoe data->sessionid 3 pipeline->session 3 msgid 3
06-02 19:30:50.292 E/mm-camera(  710): <MCT   ><ERROR> 4299: mct_pipeline_process_set: command is 0x8000014 blackjoe CAM_PRIV_PARM 0x8000014
06-02 19:30:50.290 E/        (    0): frame_src is 1 frame_id is 76 blackjoe
06-02 19:30:50.341 E/QCamera (  710): <MCI><ERROR> mm_stream_data_notify: 337: E, my_handle = 0x5701, fd = 78, state = 6 blackjoe
06-02 19:30:50.341 E/mm-camera(  710): <SENSOR><ERROR> 4883: sensor_get_frame_duration: resolution is invalid, it seems stream has stopped.
06-02 19:30:50.341 E/QCamera (  710): <MCI><ERROR> mm_stream_read_msm_frame: 1723: E, my_handle = 0x5701, fd = 78, state = 6 blackjoe
06-02 19:30:50.341 E/mm-camera(  710): <SENSOR><ERROR> 884: sensor_fc_report_meta: Failed to get frame duration
06-02 19:30:50.342 E/mm-camera(  710): <SENSOR><ERROR> 4805: sensor_get_exposure_time: resolution is invalid, it seems stream has stopped.
06-02 19:30:50.342 I/QCamera (  710): <MCI><INFO> mm_stream_read_msm_frame: 1770: VIDIOC_DQBUF buf_index 6, frame_idx 75, stream type 8, rc 0,queued: 5, buf_type = 0 flags = 8192 FD = 78 my_num 0 buf fd 130
06-02 19:30:50.342 E/mm-camera(  710): <SENSOR><ERROR> 904: sensor_fc_report_meta: Failed to get exposure time
06-02 19:30:50.342 E/QCamera (  710): <MCI><ERROR> mm_stream_read_msm_frame: 1790: X rc = 0
06-02 19:30:50.342 I/QCamera (  710): <MCI><INFO> mm_stream_handle_rcvd_buf: 220: E, my_handle = 0x5701, fd = 78, state = 6
06-02 19:30:50.343 I/QCamera (  710): <MCI><INFO> mm_stream_handle_rcvd_buf: 244: has cb and it is active by blackjoe
06-02 19:30:50.344 I/QCamera (  710): <MCI><INFO> mm_stream_dispatch_app_data: 415: E, my_handle = 0x5701, fd = 78, state = 6
06-02 19:30:50.344 E/mm-camera(  710): <MCT   ><ERROR> 2722: mct_stream_process_bus_msg: Check the runing function blackjoe 
06-02 19:30:50.344 I/QCamera (  710): <MCI><INFO> mm_stream_dispatch_app_data: 436: frame_sync.is_active = 0, is_cb_active = 1
06-02 19:30:50.344 E/mm-camera(  710): <MCT   ><ERROR> 2755: mct_stream_process_bus_msg: isp_sof_bus_msg is 0xe8801d50
06-02 19:30:50.344 I/QCamera (  710): <MCI><INFO> mm_stream_dispatch_app_data: 457: Enter callback by blackjoe
06-02 19:30:50.345 E/mm-camera(  710): <MCT   ><ERROR> 2757: mct_stream_process_bus_msg: frameid is 76 hal_version is 3
06-02 19:30:50.345 E/mm-camera(  710): <MCT   ><ERROR> 2759: mct_stream_process_bus_msg: kstate_ptr is 0xe5a85a84, isp_kstate_ptr is 0xe9788000
06-02 19:30:50.345 E/mm-camera(  710): <MCT   ><ERROR> 2765: mct_stream_process_bus_msg: frame_id is 76
06-02 19:30:50.351 E/mm-camera(  710): <STATS_AIS ><ERROR> 1316: dsps_process_response_gyro: Query request denied, error code = 5, QId_valid = 1, QueryId = 0x4c0a, AckNak_valid = 1, AckNak = 3
06-02 19:30:50.351 E/QCamera (  710): <MCI><ERROR> mm_stream_data_notify: 337: E, my_handle = 0x5600, fd = 68, state = 6 blackjoe
06-02 19:30:50.351 E/QCamera (  710): <MCI><ERROR> mm_stream_read_msm_frame: 1723: E, my_handle = 0x5600, fd = 68, state = 6 blackjoe
06-02 19:30:50.352 I/QCamera (  710): <MCI><INFO> mm_stream_read_msm_frame: 1770: VIDIOC_DQBUF buf_index 3, frame_idx 75, stream type 7, rc 0,queued: 17, buf_type = 0 flags = 8192 FD = 68 my_num 0 buf fd 88
06-02 19:30:50.352 E/QCamera (  710): <MCI><ERROR> mm_stream_read_msm_frame: 1790: X rc = 0
06-02 19:30:50.352 I/QCamera (  710): <MCI><INFO> mm_stream_handle_rcvd_buf: 220: E, my_handle = 0x5600, fd = 68, state = 6
06-02 19:30:50.353 I/QCamera (  710): <MCI><INFO> mm_stream_handle_rcvd_buf: 244: has cb and it is active by blackjoe
06-02 19:30:50.353 I/QCamera (  710): <MCI><INFO> mm_stream_dispatch_app_data: 415: E, my_handle = 0x5600, fd = 68, state = 6
06-02 19:30:50.353 I/QCamera (  710): <MCI><INFO> mm_stream_dispatch_app_data: 436: frame_sync.is_active = 0, is_cb_active = 1
06-02 19:30:50.354 I/QCamera (  710): <MCI><INFO> mm_stream_dispatch_app_data: 457: Enter callback by blackjoe
06-02 19:30:50.367 E/mm-camera(  710): <MCT   ><ERROR> 4828: mct_pipeline_process_serv_msg: pipeline blackjoe data->sessionid 3 pipeline->session 3 msgid 3
06-02 19:30:50.368 E/mm-camera(  710): <MCT   ><ERROR> 4299: mct_pipeline_process_set: command is 0x8000014 blackjoe CAM_PRIV_PARM 0x8000014
06-02 19:30:50.325 E/        (    0): frame_src is 1 frame_id is 77 blackjoe
06-02 19:30:50.375 E/QCamera (  710): <MCI><ERROR> mm_stream_data_notify: 337: E, my_handle = 0x5701, fd = 78, state = 6 blackjoe
06-02 19:30:50.375 E/QCamera (  710): <MCI><ERROR> mm_stream_read_msm_frame: 1723: E, my_handle = 0x5701, fd = 78, state = 6 blackjoe
06-02 19:30:50.375 E/mm-camera(  710): <SENSOR><ERROR> 4883: sensor_get_frame_duration: resolution is invalid, it seems stream has stopped.
06-02 19:30:50.375 E/mm-camera(  710): <SENSOR><ERROR> 884: sensor_fc_report_meta: Failed to get frame duration
06-02 19:30:50.376 E/mm-camera(  710): <SENSOR><ERROR> 4805: sensor_get_exposure_time: resolution is invalid, it seems stream has stopped.
06-02 19:30:50.376 I/QCamera (  710): <MCI><INFO> mm_stream_read_msm_frame: 1770: VIDIOC_DQBUF buf_index 7, frame_idx 76, stream type 8, rc 0,queued: 5, buf_type = 0 flags = 8192 FD = 78 my_num 0 buf fd 134
06-02 19:30:50.376 E/mm-camera(  710): <SENSOR><ERROR> 904: sensor_fc_report_meta: Failed to get exposure time
06-02 19:30:50.376 E/QCamera (  710): <MCI><ERROR> mm_stream_read_msm_frame: 1790: X rc = 0
06-02 19:30:50.378 I/QCamera (  710): <MCI><INFO> mm_stream_handle_rcvd_buf: 220: E, my_handle = 0x5701, fd = 78, state = 6
06-02 19:30:50.378 E/mm-camera(  710): <MCT   ><ERROR> 2722: mct_stream_process_bus_msg: Check the runing function blackjoe 
06-02 19:30:50.378 I/QCamera (  710): <MCI><INFO> mm_stream_handle_rcvd_buf: 244: has cb and it is active by blackjoe
06-02 19:30:50.378 E/mm-camera(  710): <MCT   ><ERROR> 2755: mct_stream_process_bus_msg: isp_sof_bus_msg is 0xe8801d50
06-02 19:30:50.378 I/QCamera (  710): <MCI><INFO> mm_stream_dispatch_app_data: 415: E, my_handle = 0x5701, fd = 78, state = 6
06-02 19:30:50.379 E/mm-camera(  710): <MCT   ><ERROR> 2757: mct_stream_process_bus_msg: frameid is 77 hal_version is 3
06-02 19:30:50.379 I/QCamera (  710): <MCI><INFO> mm_stream_dispatch_app_data: 436: frame_sync.is_active = 0, is_cb_active = 1
06-02 19:30:50.379 E/mm-camera(  710): <MCT   ><ERROR> 2759: mct_stream_process_bus_msg: kstate_ptr is 0xe5a85a84, isp_kstate_ptr is 0xe9788000
06-02 19:30:50.379 I/QCamera (  710): <MCI><INFO> mm_stream_dispatch_app_data: 457: Enter callback by blackjoe
06-02 19:30:50.379 E/mm-camera(  710): <MCT   ><ERROR> 2765: mct_stream_process_bus_msg: frame_id is 77
06-02 19:30:50.381 E/QCamera (  710): <MCI><ERROR> mm_stream_data_notify: 337: E, my_handle = 0x5600, fd = 68, state = 6 blackjoe
06-02 19:30:50.383 E/QCamera (  710): <MCI><ERROR> mm_stream_read_msm_frame: 1723: E, my_handle = 0x5600, fd = 68, state = 6 blackjoe
06-02 19:30:50.383 E/mm-camera(  710): <STATS_AIS ><ERROR> 1316: dsps_process_response_gyro: Query request denied, error code = 5, QId_valid = 1, QueryId = 0x4d0a, AckNak_valid = 1, AckNak = 3
06-02 19:30:50.385 I/QCamera (  710): <MCI><INFO> mm_stream_read_msm_frame: 1770: VIDIOC_DQBUF buf_index 4, frame_idx 76, stream type 7, rc 0,queued: 17, buf_type = 0 flags = 8192 FD = 68 my_num 0 buf fd 90
06-02 19:30:50.385 E/QCamera (  710): <MCI><ERROR> mm_stream_read_msm_frame: 1790: X rc = 0
06-02 19:30:50.387 I/QCamera (  710): <MCI><INFO> mm_stream_handle_rcvd_buf: 220: E, my_handle = 0x5600, fd = 68, state = 6
06-02 19:30:50.388 I/QCamera (  710): <MCI><INFO> mm_stream_handle_rcvd_buf: 244: has cb and it is active by blackjoe
06-02 19:30:50.389 I/QCamera (  710): <MCI><INFO> mm_stream_dispatch_app_data: 415: E, my_handle = 0x5600, fd = 68, state = 6
06-02 19:30:50.389 I/QCamera (  710): <MCI><INFO> mm_stream_dispatch_app_data: 436: frame_sync.is_active = 0, is_cb_active = 1
06-02 19:30:50.389 I/QCamera (  710): <MCI><INFO> mm_stream_dispatch_app_data: 457: Enter callback by blackjoe
06-02 19:30:50.400 E/mm-camera(  710): <MCT   ><ERROR> 4828: mct_pipeline_process_serv_msg: pipeline blackjoe data->sessionid 3 pipeline->session 3 msgid 3
06-02 19:30:50.401 E/mm-camera(  710): <MCT   ><ERROR> 4299: mct_pipeline_process_set: command is 0x8000014 blackjoe CAM_PRIV_PARM 0x8000014
06-02 19:30:50.359 E/        (    0): frame_src is 1 frame_id is 78 blackjoe
06-02 19:30:50.410 E/mm-camera(  710): <SENSOR><ERROR> 4883: sensor_get_frame_duration: resolution is invalid, it seems stream has stopped.
06-02 19:30:50.409 E/QCamera (  710): <MCI><ERROR> mm_stream_data_notify: 337: E, my_handle = 0x5701, fd = 78, state = 6 blackjoe
06-02 19:30:50.410 E/mm-camera(  710): <SENSOR><ERROR> 884: sensor_fc_report_meta: Failed to get frame duration
06-02 19:30:50.410 E/QCamera (  710): <MCI><ERROR> mm_stream_read_msm_frame: 1723: E, my_handle = 0x5701, fd = 78, state = 6 blackjoe
06-02 19:30:50.411 E/mm-camera(  710): <SENSOR><ERROR> 4805: sensor_get_exposure_time: resolution is invalid, it seems stream has stopped.
06-02 19:30:50.411 E/mm-camera(  710): <SENSOR><ERROR> 904: sensor_fc_report_meta: Failed to get exposure time
06-02 19:30:50.411 I/QCamera (  710): <MCI><INFO> mm_stream_read_msm_frame: 1770: VIDIOC_DQBUF buf_index 8, frame_idx 77, stream type 8, rc 0,queued: 5, buf_type = 0 flags = 8192 FD = 78 my_num 0 buf fd 137
06-02 19:30:50.411 E/QCamera (  710): <MCI><ERROR> mm_stream_read_msm_frame: 1790: X rc = 0
06-02 19:30:50.412 I/QCamera (  710): <MCI><INFO> mm_stream_handle_rcvd_buf: 220: E, my_handle = 0x5701, fd = 78, state = 6
06-02 19:30:50.412 E/mm-camera(  710): <MCT   ><ERROR> 2722: mct_stream_process_bus_msg: Check the runing function blackjoe 
06-02 19:30:50.412 I/QCamera (  710): <MCI><INFO> mm_stream_handle_rcvd_buf: 244: has cb and it is active by blackjoe
06-02 19:30:50.413 E/mm-camera(  710): <MCT   ><ERROR> 2755: mct_stream_process_bus_msg: isp_sof_bus_msg is 0xe8801d50
06-02 19:30:50.413 I/QCamera (  710): <MCI><INFO> mm_stream_dispatch_app_data: 415: E, my_handle = 0x5701, fd = 78, state = 6
06-02 19:30:50.413 I/QCamera (  710): <MCI><INFO> mm_stream_dispatch_app_data: 436: frame_sync.is_active = 0, is_cb_active = 1
06-02 19:30:50.414 I/QCamera (  710): <MCI><INFO> mm_stream_dispatch_app_data: 457: Enter callback by blackjoe
06-02 19:30:50.413 E/mm-camera(  710): <MCT   ><ERROR> 2757: mct_stream_process_bus_msg: frameid is 78 hal_version is 3
06-02 19:30:50.414 E/mm-camera(  710): <MCT   ><ERROR> 2759: mct_stream_process_bus_msg: kstate_ptr is 0xe5a85a84, isp_kstate_ptr is 0xe9788000
06-02 19:30:50.415 E/mm-camera(  710): <MCT   ><ERROR> 2765: mct_stream_process_bus_msg: frame_id is 78
06-02 19:30:50.415 E/QCamera (  710): <MCI><ERROR> mm_stream_data_notify: 337: E, my_handle = 0x5600, fd = 68, state = 6 blackjoe
06-02 19:30:50.416 E/QCamera (  710): <MCI><ERROR> mm_stream_read_msm_frame: 1723: E, my_handle = 0x5600, fd = 68, state = 6 blackjoe
06-02 19:30:50.417 I/QCamera (  710): <MCI><INFO> mm_stream_read_msm_frame: 1770: VIDIOC_DQBUF buf_index 5, frame_idx 77, stream type 7, rc 0,queued: 17, buf_type = 0 flags = 8192 FD = 68 my_num 0 buf fd 92
06-02 19:30:50.417 E/QCamera (  710): <MCI><ERROR> mm_stream_read_msm_frame: 1790: X rc = 0
06-02 19:30:50.417 E/mm-camera(  710): <STATS_AIS ><ERROR> 1316: dsps_process_response_gyro: Query request denied, error code = 5, QId_valid = 1, QueryId = 0x4e0a, AckNak_valid = 1, AckNak = 3
06-02 19:30:50.417 I/QCamera (  710): <MCI><INFO> mm_stream_handle_rcvd_buf: 220: E, my_handle = 0x5600, fd = 68, state = 6
06-02 19:30:50.418 I/QCamera (  710): <MCI><INFO> mm_stream_handle_rcvd_buf: 244: has cb and it is active by blackjoe
06-02 19:30:50.418 I/QCamera (  710): <MCI><INFO> mm_stream_dispatch_app_data: 415: E, my_handle = 0x5600, fd = 68, state = 6
06-02 19:30:50.418 I/QCamera (  710): <MCI><INFO> mm_stream_dispatch_app_data: 436: frame_sync.is_active = 0, is_cb_active = 1
06-02 19:30:50.419 I/QCamera (  710): <MCI><INFO> mm_stream_dispatch_app_data: 457: Enter callback by blackjoe
06-02 19:30:50.433 E/mm-camera(  710): <MCT   ><ERROR> 4828: mct_pipeline_process_serv_msg: pipeline blackjoe data->sessionid 3 pipeline->session 3 msgid 3
06-02 19:30:50.434 E/mm-camera(  710): <MCT   ><ERROR> 4299: mct_pipeline_process_set: command is 0x8000014 blackjoe CAM_PRIV_PARM 0x8000014
06-02 19:30:50.482 E/QCamera (  710): <MCI><ERROR> mm_stream_data_notify: 337: E, my_handle = 0x5701, fd = 78, state = 6 blackjoe
06-02 19:30:50.482 E/QCamera (  710): <MCI><ERROR> mm_stream_read_msm_frame: 1723: E, my_handle = 0x5701, fd = 78, state = 6 blackjoe
06-02 19:30:50.482 E/mm-camera(  710): <SENSOR><ERROR> 4883: sensor_get_frame_duration: resolution is invalid, it seems stream has stopped.
06-02 19:30:50.482 E/mm-camera(  710): <SENSOR><ERROR> 884: sensor_fc_report_meta: Failed to get frame duration
06-02 19:30:50.483 I/QCamera (  710): <MCI><INFO> mm_stream_read_msm_frame: 1770: VIDIOC_DQBUF buf_index 9, frame_idx 78, stream type 8, rc 0,queued: 5, buf_type = 0 flags = 8192 FD = 78 my_num 0 buf fd 140
06-02 19:30:50.483 E/mm-camera(  710): <SENSOR><ERROR> 4805: sensor_get_exposure_time: resolution is invalid, it seems stream has stopped.
06-02 19:30:50.483 E/QCamera (  710): <MCI><ERROR> mm_stream_read_msm_frame: 1790: X rc = 0
06-02 19:30:50.483 E/mm-camera(  710): <SENSOR><ERROR> 904: sensor_fc_report_meta: Failed to get exposure time
06-02 19:30:50.483 I/QCamera (  710): <MCI><INFO> mm_stream_handle_rcvd_buf: 220: E, my_handle = 0x5701, fd = 78, state = 6
06-02 19:30:50.483 I/QCamera (  710): <MCI><INFO> mm_stream_handle_rcvd_buf: 244: has cb and it is active by blackjoe
06-02 19:30:50.483 I/QCamera (  710): <MCI><INFO> mm_stream_dispatch_app_data: 415: E, my_handle = 0x5701, fd = 78, state = 6
06-02 19:30:50.484 I/QCamera (  710): <MCI><INFO> mm_stream_dispatch_app_data: 436: frame_sync.is_active = 0, is_cb_active = 1
06-02 19:30:50.484 E/mm-camera(  710): <MCT   ><ERROR> 2722: mct_stream_process_bus_msg: Check the runing function blackjoe 
06-02 19:30:50.484 I/QCamera (  710): <MCI><INFO> mm_stream_dispatch_app_data: 457: Enter callback by blackjoe
06-02 19:30:50.484 E/mm-camera(  710): <MCT   ><ERROR> 2755: mct_stream_process_bus_msg: isp_sof_bus_msg is 0xe8801d50
06-02 19:30:50.484 E/mm-camera(  710): <MCT   ><ERROR> 2757: mct_stream_process_bus_msg: frameid is 79 hal_version is 3
06-02 19:30:50.485 E/mm-camera(  710): <MCT   ><ERROR> 2759: mct_stream_process_bus_msg: kstate_ptr is 0xe5a85a84, isp_kstate_ptr is 0xe9788000
06-02 19:30:50.485 E/mm-camera(  710): <MCT   ><ERROR> 2765: mct_stream_process_bus_msg: frame_id is 79
06-02 19:30:50.486 E/QCamera (  710): <MCI><ERROR> mm_stream_data_notify: 337: E, my_handle = 0x5600, fd = 68, state = 6 blackjoe
06-02 19:30:50.487 E/QCamera (  710): <MCI><ERROR> mm_stream_read_msm_frame: 1723: E, my_handle = 0x5600, fd = 68, state = 6 blackjoe
06-02 19:30:50.432 E/        (    0): frame_src is 1 frame_id is 79 blackjoe
06-02 19:30:50.487 I/QCamera (  710): <MCI><INFO> mm_stream_read_msm_frame: 1770: VIDIOC_DQBUF buf_index 6, frame_idx 78, stream type 7, rc 0,queued: 17, buf_type = 0 flags = 8192 FD = 68 my_num 0 buf fd 94
06-02 19:30:50.487 E/QCamera (  710): <MCI><ERROR> mm_stream_read_msm_frame: 1790: X rc = 0
06-02 19:30:50.488 I/QCamera (  710): <MCI><INFO> mm_stream_handle_rcvd_buf: 220: E, my_handle = 0x5600, fd = 68, state = 6
06-02 19:30:50.488 I/QCamera (  710): <MCI><INFO> mm_stream_handle_rcvd_buf: 244: has cb and it is active by blackjoe
06-02 19:30:50.488 I/QCamera (  710): <MCI><INFO> mm_stream_dispatch_app_data: 415: E, my_handle = 0x5600, fd = 68, state = 6
06-02 19:30:50.488 I/QCamera (  710): <MCI><INFO> mm_stream_dispatch_app_data: 436: frame_sync.is_active = 0, is_cb_active = 1
06-02 19:30:50.488 I/QCamera (  710): <MCI><INFO> mm_stream_dispatch_app_data: 457: Enter callback by blackjoe
06-02 19:30:50.489 E/mm-camera(  710): <STATS_AIS ><ERROR> 1316: dsps_process_response_gyro: Query request denied, error code = 5, QId_valid = 1, QueryId = 0x4f0a, AckNak_valid = 1, AckNak = 3
06-02 19:30:50.497 E/mm-camera(  710): <MCT   ><ERROR> 4828: mct_pipeline_process_serv_msg: pipeline blackjoe data->sessionid 3 pipeline->session 3 msgid 3
06-02 19:30:50.498 E/mm-camera(  710): <MCT   ><ERROR> 4299: mct_pipeline_process_set: command is 0x8000014 blackjoe CAM_PRIV_PARM 0x8000014
06-02 19:30:50.466 E/        (    0): frame_src is 1 frame_id is 80 blackjoe
06-02 19:30:50.516 E/QCamera (  710): <MCI><ERROR> mm_stream_data_notify: 337: E, my_handle = 0x5701, fd = 78, state = 6 blackjoe
06-02 19:30:50.517 E/QCamera (  710): <MCI><ERROR> mm_stream_read_msm_frame: 1723: E, my_handle = 0x5701, fd = 78, state = 6 blackjoe
06-02 19:30:50.517 E/mm-camera(  710): <SENSOR><ERROR> 4883: sensor_get_frame_duration: resolution is invalid, it seems stream has stopped.
06-02 19:30:50.517 E/mm-camera(  710): <SENSOR><ERROR> 884: sensor_fc_report_meta: Failed to get frame duration
06-02 19:30:50.517 I/QCamera (  710): <MCI><INFO> mm_stream_read_msm_frame: 1770: VIDIOC_DQBUF buf_index 10, frame_idx 79, stream type 8, rc 0,queued: 5, buf_type = 0 flags = 8192 FD = 78 my_num 0 buf fd 76
06-02 19:30:50.517 E/mm-camera(  710): <SENSOR><ERROR> 4805: sensor_get_exposure_time: resolution is invalid, it seems stream has stopped.
06-02 19:30:50.517 E/QCamera (  710): <MCI><ERROR> mm_stream_read_msm_frame: 1790: X rc = 0
06-02 19:30:50.517 E/mm-camera(  710): <SENSOR><ERROR> 904: sensor_fc_report_meta: Failed to get exposure time
06-02 19:30:50.517 I/QCamera (  710): <MCI><INFO> mm_stream_handle_rcvd_buf: 220: E, my_handle = 0x5701, fd = 78, state = 6
06-02 19:30:50.518 I/QCamera (  710): <MCI><INFO> mm_stream_handle_rcvd_buf: 244: has cb and it is active by blackjoe
06-02 19:30:50.518 I/QCamera (  710): <MCI><INFO> mm_stream_dispatch_app_data: 415: E, my_handle = 0x5701, fd = 78, state = 6
06-02 19:30:50.518 I/QCamera (  710): <MCI><INFO> mm_stream_dispatch_app_data: 436: frame_sync.is_active = 0, is_cb_active = 1
06-02 19:30:50.518 E/mm-camera(  710): <MCT   ><ERROR> 2722: mct_stream_process_bus_msg: Check the runing function blackjoe 
06-02 19:30:50.518 I/QCamera (  710): <MCI><INFO> mm_stream_dispatch_app_data: 457: Enter callback by blackjoe
06-02 19:30:50.518 E/mm-camera(  710): <MCT   ><ERROR> 2755: mct_stream_process_bus_msg: isp_sof_bus_msg is 0xe8801d50
06-02 19:30:50.518 E/mm-camera(  710): <MCT   ><ERROR> 2757: mct_stream_process_bus_msg: frameid is 80 hal_version is 3
06-02 19:30:50.519 E/mm-camera(  710): <MCT   ><ERROR> 2759: mct_stream_process_bus_msg: kstate_ptr is 0xe5a85a84, isp_kstate_ptr is 0xe9788000
06-02 19:30:50.519 E/mm-camera(  710): <MCT   ><ERROR> 2765: mct_stream_process_bus_msg: frame_id is 80
06-02 19:30:50.519 E/QCamera (  710): <MCI><ERROR> mm_stream_data_notify: 337: E, my_handle = 0x5600, fd = 68, state = 6 blackjoe
06-02 19:30:50.519 E/QCamera (  710): <MCI><ERROR> mm_stream_read_msm_frame: 1723: E, my_handle = 0x5600, fd = 68, state = 6 blackjoe
06-02 19:30:50.520 I/QCamera (  710): <MCI><INFO> mm_stream_read_msm_frame: 1770: VIDIOC_DQBUF buf_index 7, frame_idx 79, stream type 7, rc 0,queued: 17, buf_type = 0 flags = 8192 FD = 68 my_num 0 buf fd 96
06-02 19:30:50.520 E/QCamera (  710): <MCI><ERROR> mm_stream_read_msm_frame: 1790: X rc = 0
06-02 19:30:50.520 I/QCamera (  710): <MCI><INFO> mm_stream_handle_rcvd_buf: 220: E, my_handle = 0x5600, fd = 68, state = 6
06-02 19:30:50.520 I/QCamera (  710): <MCI><INFO> mm_stream_handle_rcvd_buf: 244: has cb and it is active by blackjoe
06-02 19:30:50.520 I/QCamera (  710): <MCI><INFO> mm_stream_dispatch_app_data: 415: E, my_handle = 0x5600, fd = 68, state = 6
06-02 19:30:50.521 I/QCamera (  710): <MCI><INFO> mm_stream_dispatch_app_data: 436: frame_sync.is_active = 0, is_cb_active = 1
06-02 19:30:50.521 I/QCamera (  710): <MCI><INFO> mm_stream_dispatch_app_data: 457: Enter callback by blackjoe
06-02 19:30:50.523 E/mm-camera(  710): <STATS_AIS ><ERROR> 1316: dsps_process_response_gyro: Query request denied, error code = 5, QId_valid = 1, QueryId = 0x500a, AckNak_valid = 1, AckNak = 3
06-02 19:30:50.528 E/mm-camera(  710): <MCT   ><ERROR> 4828: mct_pipeline_process_serv_msg: pipeline blackjoe data->sessionid 3 pipeline->session 3 msgid 3
06-02 19:30:50.529 E/mm-camera(  710): <MCT   ><ERROR> 4299: mct_pipeline_process_set: command is 0x8000014 blackjoe CAM_PRIV_PARM 0x8000014
06-02 19:30:50.500 E/        (    0): frame_src is 1 frame_id is 81 blackjoe
06-02 19:30:50.550 E/QCamera (  710): <MCI><ERROR> mm_stream_data_notify: 337: E, my_handle = 0x5701, fd = 78, state = 6 blackjoe
06-02 19:30:50.551 E/QCamera (  710): <MCI><ERROR> mm_stream_read_msm_frame: 1723: E, my_handle = 0x5701, fd = 78, state = 6 blackjoe
06-02 19:30:50.551 E/mm-camera(  710): <SENSOR><ERROR> 4883: sensor_get_frame_duration: resolution is invalid, it seems stream has stopped.
06-02 19:30:50.551 I/QCamera (  710): <MCI><INFO> mm_stream_read_msm_frame: 1770: VIDIOC_DQBUF buf_index 11, frame_idx 80, stream type 8, rc 0,queued: 5, buf_type = 0 flags = 8192 FD = 78 my_num 0 buf fd 129
06-02 19:30:50.551 E/QCamera (  710): <MCI><ERROR> mm_stream_read_msm_frame: 1790: X rc = 0
06-02 19:30:50.552 I/QCamera (  710): <MCI><INFO> mm_stream_handle_rcvd_buf: 220: E, my_handle = 0x5701, fd = 78, state = 6
06-02 19:30:50.552 I/QCamera (  710): <MCI><INFO> mm_stream_handle_rcvd_buf: 244: has cb and it is active by blackjoe
06-02 19:30:50.552 I/QCamera (  710): <MCI><INFO> mm_stream_dispatch_app_data: 415: E, my_handle = 0x5701, fd = 78, state = 6
06-02 19:30:50.552 I/QCamera (  710): <MCI><INFO> mm_stream_dispatch_app_data: 436: frame_sync.is_active = 0, is_cb_active = 1
06-02 19:30:50.552 I/QCamera (  710): <MCI><INFO> mm_stream_dispatch_app_data: 457: Enter callback by blackjoe
06-02 19:30:50.555 E/mm-camera(  710): <SENSOR><ERROR> 884: sensor_fc_report_meta: Failed to get frame duration
06-02 19:30:50.556 E/mm-camera(  710): <SENSOR><ERROR> 4805: sensor_get_exposure_time: resolution is invalid, it seems stream has stopped.
06-02 19:30:50.556 E/mm-camera(  710): <SENSOR><ERROR> 904: sensor_fc_report_meta: Failed to get exposure time
06-02 19:30:50.558 E/mm-camera(  710): <MCT   ><ERROR> 2722: mct_stream_process_bus_msg: Check the runing function blackjoe 
06-02 19:30:50.559 E/mm-camera(  710): <MCT   ><ERROR> 2755: mct_stream_process_bus_msg: isp_sof_bus_msg is 0xe8801d50
06-02 19:30:50.559 E/mm-camera(  710): <MCT   ><ERROR> 2757: mct_stream_process_bus_msg: frameid is 81 hal_version is 3
06-02 19:30:50.560 E/mm-camera(  710): <MCT   ><ERROR> 2759: mct_stream_process_bus_msg: kstate_ptr is 0xe5a85a84, isp_kstate_ptr is 0xe9788000
06-02 19:30:50.560 E/mm-camera(  710): <MCT   ><ERROR> 2765: mct_stream_process_bus_msg: frame_id is 81
06-02 19:30:50.561 E/QCamera (  710): <MCI><ERROR> mm_stream_data_notify: 337: E, my_handle = 0x5600, fd = 68, state = 6 blackjoe
06-02 19:30:50.561 E/QCamera (  710): <MCI><ERROR> mm_stream_read_msm_frame: 1723: E, my_handle = 0x5600, fd = 68, state = 6 blackjoe
06-02 19:30:50.562 I/QCamera (  710): <MCI><INFO> mm_stream_read_msm_frame: 1770: VIDIOC_DQBUF buf_index 8, frame_idx 80, stream type 7, rc 0,queued: 17, buf_type = 0 flags = 8192 FD = 68 my_num 0 buf fd 98
06-02 19:30:50.562 E/QCamera (  710): <MCI><ERROR> mm_stream_read_msm_frame: 1790: X rc = 0
06-02 19:30:50.563 I/QCamera (  710): <MCI><INFO> mm_stream_handle_rcvd_buf: 220: E, my_handle = 0x5600, fd = 68, state = 6
06-02 19:30:50.563 I/QCamera (  710): <MCI><INFO> mm_stream_handle_rcvd_buf: 244: has cb and it is active by blackjoe
06-02 19:30:50.563 E/mm-camera(  710): <STATS_AIS ><ERROR> 1316: dsps_process_response_gyro: Query request denied, error code = 5, QId_valid = 1, QueryId = 0x510a, AckNak_valid = 1, AckNak = 3
06-02 19:30:50.564 I/QCamera (  710): <MCI><INFO> mm_stream_dispatch_app_data: 415: E, my_handle = 0x5600, fd = 68, state = 6
06-02 19:30:50.564 I/QCamera (  710): <MCI><INFO> mm_stream_dispatch_app_data: 436: frame_sync.is_active = 0, is_cb_active = 1
06-02 19:30:50.564 I/QCamera (  710): <MCI><INFO> mm_stream_dispatch_app_data: 457: Enter callback by blackjoe
06-02 19:30:50.573 E/mm-camera(  710): <MCT   ><ERROR> 4828: mct_pipeline_process_serv_msg: pipeline blackjoe data->sessionid 3 pipeline->session 3 msgid 3
06-02 19:30:50.574 E/mm-camera(  710): <MCT   ><ERROR> 4299: mct_pipeline_process_set: command is 0x8000014 blackjoe CAM_PRIV_PARM 0x8000014
06-02 19:30:50.623 E/QCamera (  710): <MCI><ERROR> mm_stream_data_notify: 337: E, my_handle = 0x5701, fd = 78, state = 6 blackjoe
06-02 19:30:50.573 E/        (    0): frame_src is 1 frame_id is 82 blackjoe
06-02 19:30:50.623 E/QCamera (  710): <MCI><ERROR> mm_stream_read_msm_frame: 1723: E, my_handle = 0x5701, fd = 78, state = 6 blackjoe
06-02 19:30:50.623 I/QCamera (  710): <MCI><INFO> mm_stream_read_msm_frame: 1770: VIDIOC_DQBUF buf_index 6, frame_idx 81, stream type 8, rc 0,queued: 5, buf_type = 0 flags = 8192 FD = 78 my_num 0 buf fd 127
06-02 19:30:50.623 E/QCamera (  710): <MCI><ERROR> mm_stream_read_msm_frame: 1790: X rc = 0
06-02 19:30:50.624 I/QCamera (  710): <MCI><INFO> mm_stream_handle_rcvd_buf: 220: E, my_handle = 0x5701, fd = 78, state = 6
06-02 19:30:50.624 I/QCamera (  710): <MCI><INFO> mm_stream_handle_rcvd_buf: 244: has cb and it is active by blackjoe
06-02 19:30:50.624 I/QCamera (  710): <MCI><INFO> mm_stream_dispatch_app_data: 415: E, my_handle = 0x5701, fd = 78, state = 6
06-02 19:30:50.624 I/QCamera (  710): <MCI><INFO> mm_stream_dispatch_app_data: 436: frame_sync.is_active = 0, is_cb_active = 1
06-02 19:30:50.624 I/QCamera (  710): <MCI><INFO> mm_stream_dispatch_app_data: 457: Enter callback by blackjoe
06-02 19:30:50.624 E/mm-camera(  710): <SENSOR><ERROR> 4883: sensor_get_frame_duration: resolution is invalid, it seems stream has stopped.
06-02 19:30:50.624 E/mm-camera(  710): <SENSOR><ERROR> 884: sensor_fc_report_meta: Failed to get frame duration
06-02 19:30:50.625 E/mm-camera(  710): <SENSOR><ERROR> 4805: sensor_get_exposure_time: resolution is invalid, it seems stream has stopped.
06-02 19:30:50.625 E/mm-camera(  710): <SENSOR><ERROR> 904: sensor_fc_report_meta: Failed to get exposure time
06-02 19:30:50.626 E/mm-camera(  710): <MCT   ><ERROR> 2722: mct_stream_process_bus_msg: Check the runing function blackjoe 
06-02 19:30:50.626 E/mm-camera(  710): <MCT   ><ERROR> 2755: mct_stream_process_bus_msg: isp_sof_bus_msg is 0xe8801d50
06-02 19:30:50.626 E/mm-camera(  710): <MCT   ><ERROR> 2757: mct_stream_process_bus_msg: frameid is 82 hal_version is 3
06-02 19:30:50.626 E/mm-camera(  710): <MCT   ><ERROR> 2759: mct_stream_process_bus_msg: kstate_ptr is 0xe5a85a84, isp_kstate_ptr is 0xe9788000
06-02 19:30:50.626 E/mm-camera(  710): <MCT   ><ERROR> 2765: mct_stream_process_bus_msg: frame_id is 82
06-02 19:30:50.628 E/QCamera (  710): <MCI><ERROR> mm_stream_data_notify: 337: E, my_handle = 0x5600, fd = 68, state = 6 blackjoe
06-02 19:30:50.628 E/QCamera (  710): <MCI><ERROR> mm_stream_read_msm_frame: 1723: E, my_handle = 0x5600, fd = 68, state = 6 blackjoe
06-02 19:30:50.629 I/QCamera (  710): <MCI><INFO> mm_stream_read_msm_frame: 1770: VIDIOC_DQBUF buf_index 9, frame_idx 81, stream type 7, rc 0,queued: 17, buf_type = 0 flags = 8192 FD = 68 my_num 0 buf fd 100
06-02 19:30:50.629 E/QCamera (  710): <MCI><ERROR> mm_stream_read_msm_frame: 1790: X rc = 0
06-02 19:30:50.629 I/QCamera (  710): <MCI><INFO> mm_stream_handle_rcvd_buf: 220: E, my_handle = 0x5600, fd = 68, state = 6
06-02 19:30:50.629 I/QCamera (  710): <MCI><INFO> mm_stream_handle_rcvd_buf: 244: has cb and it is active by blackjoe
06-02 19:30:50.629 I/QCamera (  710): <MCI><INFO> mm_stream_dispatch_app_data: 415: E, my_handle = 0x5600, fd = 68, state = 6
06-02 19:30:50.629 I/QCamera (  710): <MCI><INFO> mm_stream_dispatch_app_data: 436: frame_sync.is_active = 0, is_cb_active = 1
06-02 19:30:50.629 I/QCamera (  710): <MCI><INFO> mm_stream_dispatch_app_data: 457: Enter callback by blackjoe
06-02 19:30:50.630 E/mm-camera(  710): <STATS_AIS ><ERROR> 1316: dsps_process_response_gyro: Query request denied, error code = 5, QId_valid = 1, QueryId = 0x520a, AckNak_valid = 1, AckNak = 3
06-02 19:30:50.638 E/mm-camera(  710): <MCT   ><ERROR> 4828: mct_pipeline_process_serv_msg: pipeline blackjoe data->sessionid 3 pipeline->session 3 msgid 3
06-02 19:30:50.639 E/mm-camera(  710): <MCT   ><ERROR> 4299: mct_pipeline_process_set: command is 0x8000014 blackjoe CAM_PRIV_PARM 0x8000014
06-02 19:30:50.607 E/        (    0): frame_src is 1 frame_id is 83 blackjoe
06-02 19:30:50.657 E/QCamera (  710): <MCI><ERROR> mm_stream_data_notify: 337: E, my_handle = 0x5701, fd = 78, state = 6 blackjoe
06-02 19:30:50.657 E/QCamera (  710): <MCI><ERROR> mm_stream_read_msm_frame: 1723: E, my_handle = 0x5701, fd = 78, state = 6 blackjoe
06-02 19:30:50.658 I/QCamera (  710): <MCI><INFO> mm_stream_read_msm_frame: 1770: VIDIOC_DQBUF buf_index 7, frame_idx 82, stream type 8, rc 0,queued: 5, buf_type = 0 flags = 8192 FD = 78 my_num 0 buf fd 130
06-02 19:30:50.658 E/QCamera (  710): <MCI><ERROR> mm_stream_read_msm_frame: 1790: X rc = 0
06-02 19:30:50.658 I/QCamera (  710): <MCI><INFO> mm_stream_handle_rcvd_buf: 220: E, my_handle = 0x5701, fd = 78, state = 6
06-02 19:30:50.658 I/QCamera (  710): <MCI><INFO> mm_stream_handle_rcvd_buf: 244: has cb and it is active by blackjoe
06-02 19:30:50.659 I/QCamera (  710): <MCI><INFO> mm_stream_dispatch_app_data: 415: E, my_handle = 0x5701, fd = 78, state = 6
06-02 19:30:50.659 E/mm-camera(  710): <SENSOR><ERROR> 4883: sensor_get_frame_duration: resolution is invalid, it seems stream has stopped.
06-02 19:30:50.659 E/mm-camera(  710): <SENSOR><ERROR> 884: sensor_fc_report_meta: Failed to get frame duration
06-02 19:30:50.659 I/QCamera (  710): <MCI><INFO> mm_stream_dispatch_app_data: 436: frame_sync.is_active = 0, is_cb_active = 1
06-02 19:30:50.659 E/mm-camera(  710): <SENSOR><ERROR> 4805: sensor_get_exposure_time: resolution is invalid, it seems stream has stopped.
06-02 19:30:50.659 I/QCamera (  710): <MCI><INFO> mm_stream_dispatch_app_data: 457: Enter callback by blackjoe
06-02 19:30:50.659 E/mm-camera(  710): <SENSOR><ERROR> 904: sensor_fc_report_meta: Failed to get exposure time
06-02 19:30:50.660 E/mm-camera(  710): <MCT   ><ERROR> 2722: mct_stream_process_bus_msg: Check the runing function blackjoe 
06-02 19:30:50.660 E/mm-camera(  710): <MCT   ><ERROR> 2755: mct_stream_process_bus_msg: isp_sof_bus_msg is 0xe8801d50
06-02 19:30:50.661 E/mm-camera(  710): <MCT   ><ERROR> 2757: mct_stream_process_bus_msg: frameid is 83 hal_version is 3
06-02 19:30:50.661 E/mm-camera(  710): <MCT   ><ERROR> 2759: mct_stream_process_bus_msg: kstate_ptr is 0xe5a85a84, isp_kstate_ptr is 0xe9788000
06-02 19:30:50.661 E/mm-camera(  710): <MCT   ><ERROR> 2765: mct_stream_process_bus_msg: frame_id is 83
06-02 19:30:50.661 E/QCamera (  710): <MCI><ERROR> mm_stream_data_notify: 337: E, my_handle = 0x5600, fd = 68, state = 6 blackjoe
06-02 19:30:50.662 E/QCamera (  710): <MCI><ERROR> mm_stream_read_msm_frame: 1723: E, my_handle = 0x5600, fd = 68, state = 6 blackjoe
06-02 19:30:50.662 I/QCamera (  710): <MCI><INFO> mm_stream_read_msm_frame: 1770: VIDIOC_DQBUF buf_index 10, frame_idx 82, stream type 7, rc 0,queued: 17, buf_type = 0 flags = 8192 FD = 68 my_num 0 buf fd 102
06-02 19:30:50.662 E/QCamera (  710): <MCI><ERROR> mm_stream_read_msm_frame: 1790: X rc = 0
06-02 19:30:50.662 I/QCamera (  710): <MCI><INFO> mm_stream_handle_rcvd_buf: 220: E, my_handle = 0x5600, fd = 68, state = 6
06-02 19:30:50.662 I/QCamera (  710): <MCI><INFO> mm_stream_handle_rcvd_buf: 244: has cb and it is active by blackjoe
06-02 19:30:50.662 I/QCamera (  710): <MCI><INFO> mm_stream_dispatch_app_data: 415: E, my_handle = 0x5600, fd = 68, state = 6
06-02 19:30:50.663 I/QCamera (  710): <MCI><INFO> mm_stream_dispatch_app_data: 436: frame_sync.is_active = 0, is_cb_active = 1
06-02 19:30:50.663 I/QCamera (  710): <MCI><INFO> mm_stream_dispatch_app_data: 457: Enter callback by blackjoe
06-02 19:30:50.665 E/mm-camera(  710): <STATS_AIS ><ERROR> 1316: dsps_process_response_gyro: Query request denied, error code = 5, QId_valid = 1, QueryId = 0x530a, AckNak_valid = 1, AckNak = 3
06-02 19:30:50.668 E/mm-camera(  710): <MCT   ><ERROR> 4828: mct_pipeline_process_serv_msg: pipeline blackjoe data->sessionid 3 pipeline->session 3 msgid 3
06-02 19:30:50.668 E/mm-camera(  710): <MCT   ><ERROR> 4299: mct_pipeline_process_set: command is 0x8000014 blackjoe CAM_PRIV_PARM 0x8000014
06-02 19:30:50.691 E/QCamera (  710): <MCI><ERROR> mm_stream_data_notify: 337: E, my_handle = 0x5701, fd = 78, state = 6 blackjoe
06-02 19:30:50.692 E/mm-camera(  710): <SENSOR><ERROR> 4883: sensor_get_frame_duration: resolution is invalid, it seems stream has stopped.
06-02 19:30:50.692 E/QCamera (  710): <MCI><ERROR> mm_stream_read_msm_frame: 1723: E, my_handle = 0x5701, fd = 78, state = 6 blackjoe
06-02 19:30:50.692 E/mm-camera(  710): <SENSOR><ERROR> 884: sensor_fc_report_meta: Failed to get frame duration
06-02 19:30:50.692 E/mm-camera(  710): <SENSOR><ERROR> 4805: sensor_get_exposure_time: resolution is invalid, it seems stream has stopped.
06-02 19:30:50.692 E/mm-camera(  710): <SENSOR><ERROR> 904: sensor_fc_report_meta: Failed to get exposure time
06-02 19:30:50.692 I/QCamera (  710): <MCI><INFO> mm_stream_read_msm_frame: 1770: VIDIOC_DQBUF buf_index 8, frame_idx 83, stream type 8, rc 0,queued: 5, buf_type = 0 flags = 8192 FD = 78 my_num 0 buf fd 134
06-02 19:30:50.692 E/QCamera (  710): <MCI><ERROR> mm_stream_read_msm_frame: 1790: X rc = 0
06-02 19:30:50.692 I/QCamera (  710): <MCI><INFO> mm_stream_handle_rcvd_buf: 220: E, my_handle = 0x5701, fd = 78, state = 6
06-02 19:30:50.693 I/QCamera (  710): <MCI><INFO> mm_stream_handle_rcvd_buf: 244: has cb and it is active by blackjoe
06-02 19:30:50.693 I/QCamera (  710): <MCI><INFO> mm_stream_dispatch_app_data: 415: E, my_handle = 0x5701, fd = 78, state = 6
06-02 19:30:50.693 E/mm-camera(  710): <MCT   ><ERROR> 2722: mct_stream_process_bus_msg: Check the runing function blackjoe 
06-02 19:30:50.693 I/QCamera (  710): <MCI><INFO> mm_stream_dispatch_app_data: 436: frame_sync.is_active = 0, is_cb_active = 1
06-02 19:30:50.693 E/mm-camera(  710): <MCT   ><ERROR> 2755: mct_stream_process_bus_msg: isp_sof_bus_msg is 0xe8801d50
06-02 19:30:50.693 I/QCamera (  710): <MCI><INFO> mm_stream_dispatch_app_data: 457: Enter callback by blackjoe
06-02 19:30:50.693 E/mm-camera(  710): <MCT   ><ERROR> 2757: mct_stream_process_bus_msg: frameid is 84 hal_version is 3
06-02 19:30:50.693 E/mm-camera(  710): <MCT   ><ERROR> 2759: mct_stream_process_bus_msg: kstate_ptr is 0xe5a85a84, isp_kstate_ptr is 0xe9788000
06-02 19:30:50.693 E/mm-camera(  710): <MCT   ><ERROR> 2765: mct_stream_process_bus_msg: frame_id is 84
06-02 19:30:50.694 E/QCamera (  710): <MCI><ERROR> mm_stream_data_notify: 337: E, my_handle = 0x5600, fd = 68, state = 6 blackjoe
06-02 19:30:50.694 E/QCamera (  710): <MCI><ERROR> mm_stream_read_msm_frame: 1723: E, my_handle = 0x5600, fd = 68, state = 6 blackjoe
06-02 19:30:50.694 I/QCamera (  710): <MCI><INFO> mm_stream_read_msm_frame: 1770: VIDIOC_DQBUF buf_index 11, frame_idx 83, stream type 7, rc 0,queued: 17, buf_type = 0 flags = 8192 FD = 68 my_num 0 buf fd 104
06-02 19:30:50.694 E/QCamera (  710): <MCI><ERROR> mm_stream_read_msm_frame: 1790: X rc = 0
06-02 19:30:50.695 I/QCamera (  710): <MCI><INFO> mm_stream_handle_rcvd_buf: 220: E, my_handle = 0x5600, fd = 68, state = 6
06-02 19:30:50.695 I/QCamera (  710): <MCI><INFO> mm_stream_handle_rcvd_buf: 244: has cb and it is active by blackjoe
06-02 19:30:50.695 I/QCamera (  710): <MCI><INFO> mm_stream_dispatch_app_data: 415: E, my_handle = 0x5600, fd = 68, state = 6
06-02 19:30:50.695 I/QCamera (  710): <MCI><INFO> mm_stream_dispatch_app_data: 436: frame_sync.is_active = 0, is_cb_active = 1
06-02 19:30:50.695 I/QCamera (  710): <MCI><INFO> mm_stream_dispatch_app_data: 457: Enter callback by blackjoe
06-02 19:30:50.642 E/        (    0): frame_src is 1 frame_id is 84 blackjoe
06-02 19:30:50.697 E/mm-camera(  710): <STATS_AIS ><ERROR> 1316: dsps_process_response_gyro: Query request denied, error code = 5, QId_valid = 1, QueryId = 0x540a, AckNak_valid = 1, AckNak = 3
06-02 19:30:50.702 E/mm-camera(  710): <MCT   ><ERROR> 4828: mct_pipeline_process_serv_msg: pipeline blackjoe data->sessionid 3 pipeline->session 3 msgid 3
06-02 19:30:50.702 E/mm-camera(  710): <MCT   ><ERROR> 4299: mct_pipeline_process_set: command is 0x8000014 blackjoe CAM_PRIV_PARM 0x8000014
06-02 19:30:50.764 E/QCamera (  710): <MCI><ERROR> mm_stream_data_notify: 337: E, my_handle = 0x5701, fd = 78, state = 6 blackjoe
06-02 19:30:50.764 E/QCamera (  710): <MCI><ERROR> mm_stream_read_msm_frame: 1723: E, my_handle = 0x5701, fd = 78, state = 6 blackjoe
06-02 19:30:50.765 I/QCamera (  710): <MCI><INFO> mm_stream_read_msm_frame: 1770: VIDIOC_DQBUF buf_index 9, frame_idx 84, stream type 8, rc 0,queued: 5, buf_type = 0 flags = 8192 FD = 78 my_num 0 buf fd 137
06-02 19:30:50.765 E/QCamera (  710): <MCI><ERROR> mm_stream_read_msm_frame: 1790: X rc = 0
06-02 19:30:50.765 I/QCamera (  710): <MCI><INFO> mm_stream_handle_rcvd_buf: 220: E, my_handle = 0x5701, fd = 78, state = 6
06-02 19:30:50.766 I/QCamera (  710): <MCI><INFO> mm_stream_handle_rcvd_buf: 244: has cb and it is active by blackjoe
06-02 19:30:50.766 I/QCamera (  710): <MCI><INFO> mm_stream_dispatch_app_data: 415: E, my_handle = 0x5701, fd = 78, state = 6
06-02 19:30:50.766 I/QCamera (  710): <MCI><INFO> mm_stream_dispatch_app_data: 436: frame_sync.is_active = 0, is_cb_active = 1
06-02 19:30:50.766 I/QCamera (  710): <MCI><INFO> mm_stream_dispatch_app_data: 457: Enter callback by blackjoe
06-02 19:30:50.766 E/mm-camera(  710): <SENSOR><ERROR> 4883: sensor_get_frame_duration: resolution is invalid, it seems stream has stopped.
06-02 19:30:50.766 E/mm-camera(  710): <SENSOR><ERROR> 884: sensor_fc_report_meta: Failed to get frame duration
06-02 19:30:50.767 E/mm-camera(  710): <SENSOR><ERROR> 4805: sensor_get_exposure_time: resolution is invalid, it seems stream has stopped.
06-02 19:30:50.767 E/mm-camera(  710): <SENSOR><ERROR> 904: sensor_fc_report_meta: Failed to get exposure time
06-02 19:30:50.768 E/mm-camera(  710): <MCT   ><ERROR> 2722: mct_stream_process_bus_msg: Check the runing function blackjoe 
06-02 19:30:50.768 E/mm-camera(  710): <MCT   ><ERROR> 2755: mct_stream_process_bus_msg: isp_sof_bus_msg is 0xe8801d50
06-02 19:30:50.768 E/mm-camera(  710): <MCT   ><ERROR> 2757: mct_stream_process_bus_msg: frameid is 85 hal_version is 3
06-02 19:30:50.769 E/mm-camera(  710): <MCT   ><ERROR> 2759: mct_stream_process_bus_msg: kstate_ptr is 0xe5a85a84, isp_kstate_ptr is 0xe9788000
06-02 19:30:50.769 E/mm-camera(  710): <MCT   ><ERROR> 2765: mct_stream_process_bus_msg: frame_id is 85
06-02 19:30:50.714 E/        (    0): frame_src is 1 frame_id is 85 blackjoe
06-02 19:30:50.771 E/QCamera (  710): <MCI><ERROR> mm_stream_data_notify: 337: E, my_handle = 0x5600, fd = 68, state = 6 blackjoe
06-02 19:30:50.771 E/QCamera (  710): <MCI><ERROR> mm_stream_read_msm_frame: 1723: E, my_handle = 0x5600, fd = 68, state = 6 blackjoe
06-02 19:30:50.772 I/QCamera (  710): <MCI><INFO> mm_stream_read_msm_frame: 1770: VIDIOC_DQBUF buf_index 12, frame_idx 84, stream type 7, rc 0,queued: 17, buf_type = 0 flags = 8192 FD = 68 my_num 0 buf fd 106
06-02 19:30:50.772 E/QCamera (  710): <MCI><ERROR> mm_stream_read_msm_frame: 1790: X rc = 0
06-02 19:30:50.772 I/QCamera (  710): <MCI><INFO> mm_stream_handle_rcvd_buf: 220: E, my_handle = 0x5600, fd = 68, state = 6
06-02 19:30:50.772 I/QCamera (  710): <MCI><INFO> mm_stream_handle_rcvd_buf: 244: has cb and it is active by blackjoe
06-02 19:30:50.772 I/QCamera (  710): <MCI><INFO> mm_stream_dispatch_app_data: 415: E, my_handle = 0x5600, fd = 68, state = 6
06-02 19:30:50.773 I/QCamera (  710): <MCI><INFO> mm_stream_dispatch_app_data: 436: frame_sync.is_active = 0, is_cb_active = 1
06-02 19:30:50.773 I/QCamera (  710): <MCI><INFO> mm_stream_dispatch_app_data: 457: Enter callback by blackjoe
06-02 19:30:50.773 E/mm-camera(  710): <STATS_AIS ><ERROR> 1316: dsps_process_response_gyro: Query request denied, error code = 5, QId_valid = 1, QueryId = 0x550a, AckNak_valid = 1, AckNak = 3
06-02 19:30:50.799 E/QCamera (  710): <MCI><ERROR> mm_stream_data_notify: 337: E, my_handle = 0x5701, fd = 78, state = 6 blackjoe
06-02 19:30:50.800 E/mm-camera(  710): <SENSOR><ERROR> 4883: sensor_get_frame_duration: resolution is invalid, it seems stream has stopped.
06-02 19:30:50.800 E/QCamera (  710): <MCI><ERROR> mm_stream_read_msm_frame: 1723: E, my_handle = 0x5701, fd = 78, state = 6 blackjoe
06-02 19:30:50.800 E/mm-camera(  710): <SENSOR><ERROR> 884: sensor_fc_report_meta: Failed to get frame duration
06-02 19:30:50.800 E/mm-camera(  710): <SENSOR><ERROR> 4805: sensor_get_exposure_time: resolution is invalid, it seems stream has stopped.
06-02 19:30:50.800 I/QCamera (  710): <MCI><INFO> mm_stream_read_msm_frame: 1770: VIDIOC_DQBUF buf_index 10, frame_idx 85, stream type 8, rc 0,queued: 4, buf_type = 0 flags = 8192 FD = 78 my_num 0 buf fd 140
06-02 19:30:50.801 E/mm-camera(  710): <SENSOR><ERROR> 904: sensor_fc_report_meta: Failed to get exposure time
06-02 19:30:50.801 E/QCamera (  710): <MCI><ERROR> mm_stream_read_msm_frame: 1790: X rc = 0
06-02 19:30:50.801 I/QCamera (  710): <MCI><INFO> mm_stream_handle_rcvd_buf: 220: E, my_handle = 0x5701, fd = 78, state = 6
06-02 19:30:50.801 I/QCamera (  710): <MCI><INFO> mm_stream_handle_rcvd_buf: 244: has cb and it is active by blackjoe
06-02 19:30:50.802 I/QCamera (  710): <MCI><INFO> mm_stream_dispatch_app_data: 415: E, my_handle = 0x5701, fd = 78, state = 6
06-02 19:30:50.802 E/mm-camera(  710): <MCT   ><ERROR> 4828: mct_pipeline_process_serv_msg: pipeline blackjoe data->sessionid 3 pipeline->session 3 msgid 3
06-02 19:30:50.802 E/mm-camera(  710): <MCT   ><ERROR> 2722: mct_stream_process_bus_msg: Check the runing function blackjoe 
06-02 19:30:50.802 I/QCamera (  710): <MCI><INFO> mm_stream_dispatch_app_data: 436: frame_sync.is_active = 0, is_cb_active = 1
06-02 19:30:50.802 E/mm-camera(  710): <MCT   ><ERROR> 4299: mct_pipeline_process_set: command is 0x8000014 blackjoe CAM_PRIV_PARM 0x8000014
06-02 19:30:50.803 E/mm-camera(  710): <MCT   ><ERROR> 2755: mct_stream_process_bus_msg: isp_sof_bus_msg is 0xe8801d50
06-02 19:30:50.803 I/QCamera (  710): <MCI><INFO> mm_stream_dispatch_app_data: 457: Enter callback by blackjoe
06-02 19:30:50.803 E/mm-camera(  710): <MCT   ><ERROR> 2757: mct_stream_process_bus_msg: frameid is 86 hal_version is 3
06-02 19:30:50.803 E/mm-camera(  710): <MCT   ><ERROR> 2759: mct_stream_process_bus_msg: kstate_ptr is 0xe5a85a84, isp_kstate_ptr is 0xe9788000
06-02 19:30:50.749 E/        (    0): frame_src is 1 frame_id is 86 blackjoe
06-02 19:30:50.804 E/mm-camera(  710): <MCT   ><ERROR> 2765: mct_stream_process_bus_msg: frame_id is 86
06-02 19:30:50.804 E/QCamera (  710): <MCI><ERROR> mm_stream_data_notify: 337: E, my_handle = 0x5600, fd = 68, state = 6 blackjoe
06-02 19:30:50.804 E/QCamera (  710): <MCI><ERROR> mm_stream_read_msm_frame: 1723: E, my_handle = 0x5600, fd = 68, state = 6 blackjoe
06-02 19:30:50.805 I/QCamera (  710): <MCI><INFO> mm_stream_read_msm_frame: 1770: VIDIOC_DQBUF buf_index 13, frame_idx 85, stream type 7, rc 0,queued: 17, buf_type = 0 flags = 8192 FD = 68 my_num 0 buf fd 108
06-02 19:30:50.805 E/QCamera (  710): <MCI><ERROR> mm_stream_read_msm_frame: 1790: X rc = 0
06-02 19:30:50.806 I/QCamera (  710): <MCI><INFO> mm_stream_handle_rcvd_buf: 220: E, my_handle = 0x5600, fd = 68, state = 6
