06-02 19:40:06.432 D/BatterySwapServ( 3420): battery changed: present=true level=17 plugType=2 shutdownLevel=6 batteryType = 201 serialnumber =T5017
06-02 19:40:06.433 D/com.symbol.dataanalytics.a.a.d.b( 4592): Received battery event
06-02 19:40:06.433 D/com.symbol.dataanalytics.a.a.d.b( 4592): BatteryFactory event action = android.intent.action.BATTERY_CHANGED
06-02 19:40:06.436 D/KeyguardUpdateMonitor( 6499): received broadcast android.intent.action.BATTERY_CHANGED
06-02 19:40:06.437 D/KeyguardUpdateMonitor( 6499): handleBatteryUpdate
06-02 19:40:06.580 I/init    (    0): starting service 'qccsyshalservice'...
06-02 19:40:06.621 I/init    (    0): starting service 'qccvndhalservice'...
06-02 19:40:06.739 I/qccsyshalservice(14396): Start with system binder
06-02 19:40:06.740 I/qccsyshalservice(14396): Registering qccsyshal service...
06-02 19:40:06.743 I/hwservicemanager(  501): getTransport: Cannot find entry vendor.qti.hardware.qccsyshal@1.0::IQccsyshal/qccsyshal in either framework or device manifest.
06-02 19:40:06.745 E/HidlServiceManagement(14396): Service vendor.qti.hardware.qccsyshal@1.0::IQccsyshal/qccsyshal must be in VINTF manifest in order to register/get.
06-02 19:40:06.745 E/qccsyshalservice(14396): [ERROR] registerAsService() failed with status: -2147483648
06-02 19:40:06.711 I/init    (    0): Service 'qccsyshalservice' (pid 14396) exited with status 1
06-02 19:40:06.711 I/init    (    0): Sending signal 9 to service 'qccsyshalservice' (pid 14396) process group...
06-02 19:40:06.715 I/libprocessgroup(    0): Successfully killed process cgroup uid 1000 pid 14396 in 1ms
06-02 19:40:06.772 I/vendor.qti.hardware.qccvndhal@1.0-service(14397): Start with vendor binder
06-02 19:40:06.773 I/vendor.qti.hardware.qccvndhal@1.0-service(14397): Registering qccvndhal service...
06-02 19:40:06.777 I/hwservicemanager(  501): getTransport: Cannot find entry vendor.qti.hardware.qccvndhal@1.0::IQccvndhal/qccvndhal in either framework or device manifest.
06-02 19:40:06.778 E/HidlServiceManagement(14397): Service vendor.qti.hardware.qccvndhal@1.0::IQccvndhal/qccvndhal must be in VINTF manifest in order to register/get.
06-02 19:40:06.778 E/vendor.qti.hardware.qccvndhal@1.0-service(14397): [ERROR] registerAsService() failed with status: -2147483648
06-02 19:40:06.738 I/init    (    0): Service 'qccvndhalservice' (pid 14397) exited with status 1
06-02 19:40:06.738 I/init    (    0): Sending signal 9 to service 'qccvndhalservice' (pid 14397) process group...
06-02 19:40:06.739 I/libprocessgroup(    0): Successfully killed process cgroup uid 1000 pid 14397 in 0ms
06-02 19:40:06.847 I/IRQ 6   (    0): no longer affine to CPU7
06-02 19:40:06.923 E/KernelCpuSpeedReader( 1599): Failed to read cpu-freq: /sys/devices/system/cpu/cpu4/cpufreq/stats/time_in_state: open failed: ENOENT (No such file or directory)
06-02 19:40:06.924 E/KernelCpuSpeedReader( 1599): Failed to read cpu-freq: /sys/devices/system/cpu/cpu0/cpufreq/stats/time_in_state: open failed: ENOENT (No such file or directory)
06-02 19:40:06.925 I/Binder:569_1(  569): type=1400 audit(0.0:5993): avc: denied { read } for name="wakeup48" dev="sysfs" ino=68359 scontext=u:r:system_suspend:s0 tcontext=u:object_r:sysfs:s0 tclass=dir permissive=1
06-02 19:40:06.925 I/Binder:569_1(  569): type=1400 audit(0.0:5994): avc: denied { open } for path="/sys/devices/virtual/misc/msm_mp3/wakeup48" dev="sysfs" ino=68359 scontext=u:r:system_suspend:s0 tcontext=u:object_r:sysfs:s0 tclass=dir permissive=1
06-02 19:40:06.925 I/Binder:569_1(  569): type=1400 audit(0.0:5995): avc: denied { read } for name="event_count" dev="sysfs" ino=68366 scontext=u:r:system_suspend:s0 tcontext=u:object_r:sysfs:s0 tclass=file permissive=1
06-02 19:40:06.925 I/Binder:569_1(  569): type=1400 audit(0.0:5996): avc: denied { open } for path="/sys/devices/virtual/misc/msm_mp3/wakeup48/event_count" dev="sysfs" ino=68366 scontext=u:r:system_suspend:s0 tcontext=u:object_r:sysfs:s0 tclass=file permissive=1
06-02 19:40:06.925 I/Binder:569_1(  569): type=1400 audit(0.0:5997): avc: denied { getattr } for path="/sys/devices/virtual/misc/msm_mp3/wakeup48/event_count" dev="sysfs" ino=68366 scontext=u:r:system_suspend:s0 tcontext=u:object_r:sysfs:s0 tclass=file permissive=1
06-02 19:40:07.103 W/audit   (    0): audit_lost=3388 audit_rate_limit=5 audit_backlog_limit=64
06-02 19:40:07.103 E/audit   (    0): rate limit exceeded
06-02 19:40:07.170 E/[schedu][0x11a1fbfbdec][19:40:07.220281] wlan(    0): [2070:E:scan] scm_11d_elected_country_algo_fcc: 98: No AP with 11d Country code is present in scan list
06-02 19:40:07.170 E/FUSIONWL(    0): : ==Regulatory_elect_country_db==: No AP with 11d Country code is present in scan list
06-02 19:40:07.185 E/FUSIONWL(    0): : ==Regulatory_scan_country_list_db_reset==: Reset complete for scan country list
06-02 19:40:07.246 D/WifiNl80211Manager( 1599): Scan result ready event
06-02 19:40:07.247 D/WifiNative( 1599): Scan result ready event
06-02 19:40:07.249 V/WifiHAL ( 1348): event received NL80211_CMD_NEW_SCAN_RESULTS
06-02 19:40:07.249 V/WifiHAL (  741): event received NL80211_CMD_NEW_SCAN_RESULTS
06-02 19:40:07.254 D/WificondScannerImpl( 1599): Filtering out 1 scan results.
06-02 19:40:07.263 W/system_server( 1599): Long monitor contention with owner batterystats-worker (1634) at void com.android.server.am.BatteryExternalStatsWorker.updateExternalStatsLocked(java.lang.String, int, boolean, boolean, boolean)(BatteryExternalStatsWorker.java:508) waiters=1 in android.content.ComponentName com.android.server.am.ActiveServices.startServiceInnerLocked(com.android.server.am.ActiveServices$ServiceMap, android.content.Intent, com.android.server.am.ServiceRecord, boolean, boolean) for 830ms
06-02 19:40:07.266 W/system_server( 1599): Long monitor contention with owner batterystats-worker (1634) at void com.android.server.am.BatteryExternalStatsWorker.updateExternalStatsLocked(java.lang.String, int, boolean, boolean, boolean)(BatteryExternalStatsWorker.java:508) waiters=2 in long com.android.server.am.BatteryStatsService.computeChargeTimeRemaining() for 828ms
06-02 19:40:07.267 W/system_server( 1599): Long monitor contention with owner batterystats-worker (1634) at void com.android.server.am.BatteryExternalStatsWorker.updateExternalStatsLocked(java.lang.String, int, boolean, boolean, boolean)(BatteryExternalStatsWorker.java:508) waiters=0 in boolean com.android.server.am.BatteryStatsService.isCharging() for 839ms
06-02 19:40:07.270 V/BatteryApplicationService( 3222): BatteryType  201
06-02 19:40:07.270 D/FusionLoggerService( 4653): onReceive = android.net.wifi.SCAN_RESULTS
06-02 19:40:07.270 I/FusionManager( 4653): getCountry ENTER
06-02 19:40:07.270 D/ZebraRttProvider.FusionEngine( 3675): receive broadcast intent, action: android.net.wifi.SCAN_RESULTS
06-02 19:40:07.272 D/vendor.zebra.fusion@1.0-service(  811): is80211dEnabled: returns 1
06-02 19:40:07.273 E/FusionServiceImpl( 4680): is80211dEnabled true
06-02 19:40:07.275 I/fusionconfd( 1348): getDriverCountry ENTER
06-02 19:40:07.280 D/OSUService( 3163): dev-dbg:is_charging current_now -1128417, batteryLevel: 17, isCharging(isCharging): true
06-02 19:40:07.280 D/OSUService( 3163): dev-dbg:is_charging ADAPTER_CHARGE_LIMIIT 500000
06-02 19:40:07.280 D/OSUService( 3163): dev-dbg:is_charging current_now > ADAPTER_CHARGE_LIMIIT false
06-02 19:40:07.280 D/OSUService( 3163): dev-dbg:is_charging conditionCheck false
06-02 19:40:07.280 D/OSUService( 3163): dev-dbg: battery change intent batteryLevel: 17, is_charging(context): false, STATE: 1
06-02 19:40:07.302 D/FusionLoggerService( 4653): Country unchanged
06-02 19:40:07.304 D/OSUService( 3163): dev-dbg:is_charging current_now -1128417, batteryLevel: 17, isCharging(isCharging): true
06-02 19:40:07.304 D/OSUService( 3163): dev-dbg:is_charging ADAPTER_CHARGE_LIMIIT 500000
06-02 19:40:07.304 D/OSUService( 3163): dev-dbg:is_charging current_now > ADAPTER_CHARGE_LIMIIT false
06-02 19:40:07.305 D/OSUService( 3163): dev-dbg:is_charging conditionCheck false
06-02 19:40:07.305 D/OSUService( 3163): dev-dbg: calling for suspend
06-02 19:40:07.305 I/OSUService( 3163): handle_ab_suspend -1 2
06-02 19:40:07.305 E/OSUService( 3163): Can't Suspend - there are no update in progress
06-02 19:40:07.305 D/OSUService( 3163): dev-dbg: battery change intent finished
06-02 19:40:07.912 I/hub.uiautomato( 8567): Waiting for a blocking GC ProfileSaver
06-02 19:40:08.019 I/hub.uiautomato( 8567): Background concurrent copying GC freed 81273(13MB) AllocSpace objects, 535(10MB) LOS objects, 81% free, 2762KB/14MB, paused 117us total 121.487ms
06-02 19:40:08.019 W/hub.uiautomato( 8567): Reducing the number of considered missed Gc histogram windows from 140 to 100
06-02 19:40:08.020 I/hub.uiautomato( 8567): WaitForGcToComplete blocked ProfileSaver on ProfileSaver for 107.842ms
06-02 19:40:08.395 I/swapper/0(    0): type=1400 audit(0.0:6003): avc: denied { kill } for capability=5 scontext=u:r:kernel:s0 tcontext=u:r:kernel:s0 tclass=capability permissive=1
06-02 19:40:09.822 W/perfetto(  977): ng_service_impl.cc:1275 Timeout while waiting for ACKs for tracing session 37
06-02 19:40:09.829 I/perfetto(  977): ng_service_impl.cc:1948 Tracing session 37 ended, total sessions:0
06-02 19:40:11.616 I/init    (    0): starting service 'qccsyshalservice'...
06-02 19:40:11.653 I/init    (    0): starting service 'qccvndhalservice'...
06-02 19:40:11.715 I/qccsyshalservic(14401): type=1400 audit(0.0:6004): avc: denied { search } for name="/" dev="mmcblk0p37" ino=2 scontext=u:r:vendor_qccsyshal_qti:s0 tcontext=u:object_r:factory_file:s0 tclass=dir permissive=1
06-02 19:40:11.759 I/qccsyshalservice(14401): Start with system binder
06-02 19:40:11.761 I/qccsyshalservice(14401): Registering qccsyshal service...
06-02 19:40:11.763 I/hwservicemanager(  501): getTransport: Cannot find entry vendor.qti.hardware.qccsyshal@1.0::IQccsyshal/qccsyshal in either framework or device manifest.
06-02 19:40:11.765 E/HidlServiceManagement(14401): Service vendor.qti.hardware.qccsyshal@1.0::IQccsyshal/qccsyshal must be in VINTF manifest in order to register/get.
06-02 19:40:11.765 E/qccsyshalservice(14401): [ERROR] registerAsService() failed with status: -2147483648
06-02 19:40:11.755 I/vendor.qti.hard(14402): type=1400 audit(0.0:6005): avc: denied { search } for name="/" dev="mmcblk0p37" ino=2 scontext=u:r:vendor_hal_qccvndhal_qti:s0 tcontext=u:object_r:factory_file:s0 tclass=dir permissive=1
06-02 19:40:11.732 I/init    (    0): Service 'qccsyshalservice' (pid 14401) exited with status 1
06-02 19:40:11.732 I/init    (    0): Sending signal 9 to service 'qccsyshalservice' (pid 14401) process group...
06-02 19:40:11.733 I/libprocessgroup(    0): Successfully killed process cgroup uid 1000 pid 14401 in 0ms
06-02 19:40:11.804 I/vendor.qti.hardware.qccvndhal@1.0-service(14402): Start with vendor binder
06-02 19:40:11.806 I/vendor.qti.hardware.qccvndhal@1.0-service(14402): Registering qccvndhal service...
06-02 19:40:11.808 I/hwservicemanager(  501): getTransport: Cannot find entry vendor.qti.hardware.qccvndhal@1.0::IQccvndhal/qccvndhal in either framework or device manifest.
06-02 19:40:11.810 E/HidlServiceManagement(14402): Service vendor.qti.hardware.qccvndhal@1.0::IQccvndhal/qccvndhal must be in VINTF manifest in order to register/get.
06-02 19:40:11.810 E/vendor.qti.hardware.qccvndhal@1.0-service(14402): [ERROR] registerAsService() failed with status: -2147483648
06-02 19:40:11.769 I/init    (    0): Service 'qccvndhalservice' (pid 14402) exited with status 1
06-02 19:40:11.769 I/init    (    0): Sending signal 9 to service 'qccvndhalservice' (pid 14402) process group...
06-02 19:40:11.770 I/libprocessgroup(    0): Successfully killed process cgroup uid 1000 pid 14402 in 0ms
06-02 19:40:13.241 D/CompatibilityInfo( 1599): mCompatibilityFlags - 4
06-02 19:40:13.241 D/CompatibilityInfo( 1599): applicationDensity - 240
06-02 19:40:13.241 D/CompatibilityInfo( 1599): applicationScale - 1.0
06-02 19:40:13.197 E/        (    0): [SDL] misc_ioctl msg.len is 3 : 0x77 0x03 0x86
06-02 19:40:13.246 I/NextSubtest service( 7609): hit
06-02 19:40:13.247 D/SW_Decode_Android_TestApp_Activity( 7609): GetLastDecodedImageTests : 0
06-02 19:40:13.247 E/BCReader-JNI( 7609): mCancelCaptSession=0
06-02 19:40:13.249 I/cmd     (14407): oneway function results will be dropped but finished with status OK and parcel size 4
06-02 19:40:13.207 E/        (    0): [SDL] misc_ioctl msg.len is 2 : 0x88 0x00
06-02 19:40:13.208 E/        (    0): [SDL] se47xx_misc_ioctl ret = -107
06-02 19:40:13.211 E/        (    0): [SDL] misc_ioctl msg.len is 2 : 0x88 0x00
06-02 19:40:13.216 E/        (    0): [SDL] misc_ioctl msg.len is 3 : 0x77 0x08 0x81
06-02 19:40:13.222 E/        (    0): [SDL] misc_ioctl msg.len is 2 : 0x88 0x00
06-02 19:40:13.227 E/        (    0): [SDL] misc_ioctl msg.len is 3 : 0x58 0x00 0xa8
06-02 19:40:13.232 E/        (    0): [SDL] misc_ioctl msg.len is 2 : 0xa7 0x00
06-02 19:40:13.238 E/        (    0): [SDL] misc_ioctl msg.len is 3 : 0x77 0x03 0x86
06-02 19:40:13.243 E/        (    0): [SDL] misc_ioctl msg.len is 2 : 0x88 0x00
06-02 19:40:13.249 E/        (    0): [SDL] misc_ioctl msg.len is 3 : 0x77 0x08 0x81
06-02 19:40:13.254 E/        (    0): [SDL] misc_ioctl msg.len is 2 : 0x88 0x00
06-02 19:40:13.260 E/        (    0): [SDL] misc_ioctl msg.len is 3 : 0x58 0x00 0xa8
06-02 19:40:13.264 E/        (    0): [SDL] misc_ioctl msg.len is 2 : 0xa7 0x00
06-02 19:40:13.270 E/        (    0): [SDL] misc_ioctl msg.len is 3 : 0x58 0x00 0xa8
06-02 19:40:13.275 E/        (    0): [SDL] misc_ioctl msg.len is 2 : 0xa7 0x00
06-02 19:40:13.330 D/BCReader-JNI( 7609): CHECK camera_status_t ZebraCamera::createCaptureSession() /swdec/SDL/MR-2022/Release/SDL-ALAS00-011-R00-D01/Framework.SDL_standard/project/Android/proj_BarCodeReaderSDL/jni/camera2.h 1741
06-02 19:40:13.330 D/BCReader-JNI( 7609): CHECK camera_status_t ZebraCamera::createCaptureSession() /swdec/SDL/MR-2022/Release/SDL-ALAS00-011-R00-D01/Framework.SDL_standard/project/Android/proj_BarCodeReaderSDL/jni/camera2.h 1757
06-02 19:40:13.330 D/BCReader-JNI( 7609): CHECK camera_status_t ZebraCamera::createCaptureSession() /swdec/SDL/MR-2022/Release/SDL-ALAS00-011-R00-D01/Framework.SDL_standard/project/Android/proj_BarCodeReaderSDL/jni/camera2.h 1769
06-02 19:40:13.331 D/BCReader-JNI( 7609): Call ACameraDevice_createCaptureSession createCaptureSession:1819
06-02 19:40:13.335 E/QCamera (  710): <HAL><ERROR> stop: 1656: Attempt to stop inactive channel
06-02 19:40:13.336 E/QCamera (  710): <HAL><ERROR> stop: 277: Attempt to stop inactive channel
06-02 19:40:13.336 I/QCamera (  710): <HAL><INFO> configureStreamsPerfLocked: 2399: stream[0] type = 0, format = 36, width = 1360, height = 800, rotation = 0, usage = 0x3
06-02 19:40:13.336 E/mm-camera(  710): <MCT   ><ERROR> 4828: mct_pipeline_process_serv_msg: pipeline blackjoe data->sessionid 3 pipeline->session 3 msgid 3
06-02 19:40:13.337 E/mm-camera(  710): <MCT   ><ERROR> 4299: mct_pipeline_process_set: command is 0x800000b blackjoe CAM_PRIV_PARM 0x8000014
06-02 19:40:13.337 I/mm-camera(  710): <MCT   >< INFO> 4302: mct_pipeline_process_set: command=800000b
06-02 19:40:13.337 I/mm-camera(  710): <MCT   >< INFO> 4547: mct_pipeline_process_set: Issuing DEL_STREAM on stream 0x30002 and stream type=8
06-02 19:40:13.337 I/mm-camera(  710): <IFACE >< INFO> 705: iface_unreserve_sink_port: stream_id 2 mode 0 
06-02 19:40:13.337 I/mm-camera(  710): <ISP   >< INFO> 948: isp_port_check_caps_unreserve: ide 30002 port 0xe86d42f0
06-02 19:40:13.337 I/mm-camera(  710): <MCT   >< INFO> 4570: mct_pipeline_process_set: Stream 0x30002 and stream type=8, successfully deleted
06-02 19:40:13.339 E/mm-camera(  710): <MCT   ><ERROR> 4828: mct_pipeline_process_serv_msg: pipeline blackjoe data->sessionid 3 pipeline->session 3 msgid 3
06-02 19:40:13.339 E/mm-camera(  710): <MCT   ><ERROR> 4299: mct_pipeline_process_set: command is 0x800000b blackjoe CAM_PRIV_PARM 0x8000014
06-02 19:40:13.340 I/mm-camera(  710): <MCT   >< INFO> 4302: mct_pipeline_process_set: command=800000b
06-02 19:40:13.340 I/mm-camera(  710): <MCT   >< INFO> 4547: mct_pipeline_process_set: Issuing DEL_STREAM on stream 0x30001 and stream type=7
06-02 19:40:13.340 I/mm-camera(  710): <MCT   >< INFO> 4570: mct_pipeline_process_set: Stream 0x30001 and stream type=7, successfully deleted
06-02 19:40:13.341 E/mm-camera(  710): <MCT   ><ERROR> 4828: mct_pipeline_process_serv_msg: pipeline blackjoe data->sessionid 3 pipeline->session 3 msgid 3
06-02 19:40:13.341 E/mm-camera(  710): <MCT   ><ERROR> 4299: mct_pipeline_process_set: command is 0x800000a blackjoe CAM_PRIV_PARM 0x8000014
06-02 19:40:13.341 I/mm-camera(  710): <MCT   >< INFO> 4302: mct_pipeline_process_set: command=800000a
06-02 19:40:13.395 D/blackjoe callstack(  710): #00 pc 0000b1c5  /vendor/lib/libmmcamera_interface.so (dump_stack_android+36)
06-02 19:40:13.396 D/blackjoe callstack(  710): #01 pc 0001a2af  /vendor/lib/libmmcamera_interface.so (mm_stream_config+66)
06-02 19:40:13.396 D/blackjoe callstack(  710): #02 pc 00019a71  /vendor/lib/libmmcamera_interface.so (mm_stream_fsm_acquired+100)
06-02 19:40:13.396 D/blackjoe callstack(  710): #03 pc 00019771  /vendor/lib/libmmcamera_interface.so (mm_stream_fsm_fn+168)
06-02 19:40:13.396 D/blackjoe callstack(  710): #04 pc 0001600d  /vendor/lib/libmmcamera_interface.so (mm_channel_config_stream+128)
06-02 19:40:13.396 D/blackjoe callstack(  710): #05 pc 00015117  /vendor/lib/libmmcamera_interface.so (mm_channel_fsm_fn_stopped+126)
06-02 19:40:13.396 D/blackjoe callstack(  710): #06 pc 00014fc3  /vendor/lib/libmmcamera_interface.so (mm_channel_fsm_fn+142)
06-02 19:40:13.396 D/blackjoe callstack(  710): #07 pc 00011479  /vendor/lib/libmmcamera_interface.so (mm_camera_config_stream+92)
06-02 19:40:13.396 D/blackjoe callstack(  710): #08 pc 0000e3a7  /vendor/lib/libmmcamera_interface.so (mm_camera_intf_config_stream+198)
06-02 19:40:13.396 D/blackjoe callstack(  710): #09 pc 000a1539  /vendor/lib/hw/camera.sdm660.so (qcamera::QCamera3Stream::init(cam_stream_type_t, cam_format_t, cam_dimension_t, cam_rotation_t, cam_stream_reproc_config_t*, unsigned char, unsigned long long, cam_is_type_t, unsigned int, void (*)(mm_camera_super_buf_t*, qcamera::QCamera3Stream*, void*), void*, bool, bool)+816)
06-02 19:40:13.396 D/blackjoe callstack(  710): #10 pc 000a28ad  /vendor/lib/hw/camera.sdm660.so (qcamera::QCamera3Channel::addStream(cam_stream_type_t, cam_format_t, cam_dimension_t, cam_rotation_t, unsigned char, unsigned long long, cam_is_type_t, unsigned int, bool, bool)+208)
06-02 19:40:13.396 D/blackjoe callstack(  710): #11 pc 000a5c8d  /vendor/lib/hw/camera.sdm660.so (qcamera::QCamera3MetadataChannel::initialize(cam_is_type_t)+192)
06-02 19:40:13.396 D/blackjoe callstack(  710): #12 pc 00082889  /vendor/lib/hw/camera.sdm660.so (qcamera::QCamera3HardwareInterface::configureStreamsPerfLocked(camera3_stream_configuration*)+3912)
06-02 19:40:13.396 D/blackjoe callstack(  710): #13 pc 000818fb  /vendor/lib/hw/camera.sdm660.so (qcamera::QCamera3HardwareInterface::configureStreams(camera3_stream_configuration*)+70)
06-02 19:40:13.397 D/blackjoe callstack(  710): #14 pc 0007e24b  /vendor/lib/hw/camera.sdm660.so (qcamera::QCamera3HardwareInterface::configure_streams(camera3_device const*, camera3_stream_configuration*)+46)
06-02 19:40:13.397 D/blackjoe callstack(  710): #15 pc 00011787  /vendor/lib/camera.device@3.4-impl.so (android::hardware::camera::device::V3_4::implementation::CameraDeviceSession::configureStreams_3_4_Impl(android::hardware::camera::device::V3_4::StreamConfiguration const&, std::__1::function<void (android::hardware::camera::common::V1_0::Status, android::hardware::camera::device::V3_4::HalStreamConfiguration const&)>, unsigned int, bool)+422)
06-02 19:40:13.397 D/blackjoe callstack(  710): #16 pc 00014f37  /vendor/lib/camera.device@3.4-impl.so (android::hardware::camera::device::V3_4::implementation::CameraDeviceSession::TrampolineSessionInterface_3_4::configureStreams_3_4(android::hardware::camera::device::V3_4::StreamConfiguration const&, std::__1::function<void (android::hardware::camera::common::V1_0::Status, android::hardware::camera::device::V3_4::HalStreamConfiguration const&)>)+98)
06-02 19:40:13.397 D/blackjoe callstack(  710): #17 pc 0001735b  /apex/com.android.vndk.v30/lib/android.hardware.camera.device@3.4.so (android::hardware::camera::device::V3_4::BnHwCameraDeviceSession::_hidl_configureStreams_3_4(android::hidl::base::V1_0::BnHwBase*, android::hardware::Parcel const&, android::hardware::Parcel*, std::__1::function<void (android::hardware::Parcel&)>)+222)
06-02 19:40:13.397 D/blackjoe callstack(  710): #18 pc 00017a85  /apex/com.android.vndk.v30/lib/android.hardware.camera.device@3.4.so (android::hardware::camera::device::V3_4::BnHwCameraDeviceSession::onTransact(unsigned int, android::hardware::Parcel const&, android::hardware::Parcel*, unsigned int, std::__1::function<void (android::hardware::Parcel&)>)+680)
06-02 19:40:13.397 D/blackjoe callstack(  710): #19 pc 0006d0fb  /apex/com.android.vndk.v30/lib/libhidlbase.so (android::hardware::BHwBinder::transact(unsigned int, android::hardware::Parcel const&, android::hardware::Parcel*, unsigned int, std::__1::function<void (android::hardware::Parcel&)>)+46)
06-02 19:40:13.397 D/blackjoe callstack(  710): #20 pc 000700ad  /apex/com.android.vndk.v30/lib/libhidlbase.so (android::hardware::IPCThreadState::executeCommand(int)+1936)
06-02 19:40:13.397 D/blackjoe callstack(  710): #21 pc 0006f79f  /apex/com.android.vndk.v30/lib/libhidlbase.so (android::hardware::IPCThreadState::getAndExecuteCommand()+138)
06-02 19:40:13.397 D/blackjoe callstack(  710): #22 pc 0007060b  /apex/com.android.vndk.v30/lib/libhidlbase.so (android::hardware::IPCThreadState::joinThreadPool(bool)+110)
06-02 19:40:13.397 D/blackjoe callstack(  710): #23 pc 000019b1  /vendor/bin/hw/android.hardware.camera.provider@2.4-service (main+124)
06-02 19:40:13.397 D/blackjoe callstack(  710): #24 pc 00033641  /apex/com.android.runtime/lib/bionic/libc.so (__libc_init+68)
06-02 19:40:13.397 E/mm-camera(  710): <MCT   ><ERROR> 4828: mct_pipeline_process_serv_msg: pipeline blackjoe data->sessionid 3 pipeline->session 3 msgid 3
06-02 19:40:13.398 E/mm-camera(  710): <MCT   ><ERROR> 4299: mct_pipeline_process_set: command is 0x8000018 blackjoe CAM_PRIV_PARM 0x8000014
06-02 19:40:13.398 I/mm-camera(  710): <MCT   >< INFO> 4302: mct_pipeline_process_set: command=8000018
06-02 19:40:13.398 E/mm-camera(  710): <MCT   ><ERROR> 503: mct_stream_start_link: mct_stream_start_link blackjoe stream_type is 7
06-02 19:40:13.398 I/mm-camera(  710): <MCT   >< INFO> 640: mct_stream_start_link: Link Metadata stream 0x30001: do nothing
06-02 19:40:13.398 E/mm-camera(  710): <MCT   ><ERROR> 862: mct_stream_start_link: call link_module_array blackjoe 0x0
06-02 19:40:13.399 I/mm-camera(  710): <MCT   >< INFO> 4400: mct_pipeline_process_set: Linking successful for stream 0x30001 stream type=7
06-02 19:40:13.399 E/mm-camera(  710): <MCT   ><ERROR> 4828: mct_pipeline_process_serv_msg: pipeline blackjoe data->sessionid 3 pipeline->session 3 msgid 3
06-02 19:40:13.399 E/mm-camera(  710): <MCT   ><ERROR> 4299: mct_pipeline_process_set: command is 0x8000004 blackjoe CAM_PRIV_PARM 0x8000014
06-02 19:40:13.399 I/mm-camera(  710): <MCT   >< INFO> 4302: mct_pipeline_process_set: command=8000004
06-02 19:40:13.412 D/Camera3-Device( 1279): Set real time priority for request queue thread (tid 8493)
06-02 19:40:13.362 D/logd    (    0): logdr: UID=0 GID=0 PID=14413 n tail=0 logMask=99 pid=0 start=0ns timeout=0ns
06-02 19:40:13.413 D/BCReader-JNI( 7609): End ACameraDevice_createCaptureSession createCaptureSession:1822
06-02 19:40:13.368 E/        (    0): [SDL] misc_ioctl msg.len is 3 : 0x77 0x02 0x87
06-02 19:40:13.369 E/        (    0): [SDL] misc_ioctl msg.len is 2 : 0x88 0x00
06-02 19:40:13.414 D/BCReader-JNI( 7609): This is preallocated Preview Session
06-02 19:40:13.418 I/BCReader-JNI( 7609): Session for camera 0 is busy!
06-02 19:40:13.418 D/qdgralloc( 7609): Imported handle: 0x7c2ffdce10 id: 821
06-02 19:40:13.418 D/qdgralloc( 7609): GetTransportSize: num fds: 2 num ints: 22 err:0
06-02 19:40:13.419 D/qdgralloc( 1279): Imported handle: 0xe8e81490 id: 821
06-02 19:40:13.419 D/qdgralloc( 1279): GetTransportSize: num fds: 2 num ints: 22 err:0
06-02 19:40:13.421 D/qdgralloc(  710): Imported handle: 0xe05c0710 id: 821
06-02 19:40:13.422 E/mm-camera(  710): <MCT   ><ERROR> 4828: mct_pipeline_process_serv_msg: pipeline blackjoe data->sessionid 3 pipeline->session 3 msgid 3
06-02 19:40:13.422 E/mm-camera(  710): <MCT   ><ERROR> 4299: mct_pipeline_process_set: command is 0x8000014 blackjoe CAM_PRIV_PARM 0x8000014
06-02 19:40:13.422 I/mm-camera(  710): <ISP   >< INFO> 7159: isp_util_print_meta_stream_info: Deallocate resources
06-02 19:40:13.422 I/mm-camera(  710): <ISP   >< INFO> 7490: isp_util_handle_stream_info: streams_desc num_streams is 0 
06-02 19:40:13.423 I/mm-camera(  710): <IFACE >< INFO> 6386: iface_util_handle_meta_stream_info: iface_util_handle_meta_stream_info: ms_type 0 num streams 0
06-02 19:40:13.423 E/mm-camera(  710): <IMGLIB><ERROR> 297: AllocateBuffers: Invalid dimensions 0x0
06-02 19:40:13.423 E/mm-camera(  710): <IMGLIB><ERROR> 197: img_algo_preload: Preload: Failed to allocate buffer, rc -4
06-02 19:40:13.423 E/mm-camera(  710): <IMGLIB><ERROR> 127: module_imgbase_client_preload_exec: IMG_CORE_PRELOAD failed -4
06-02 19:40:13.426 E/mm-camera(  710): <MCT   ><ERROR> 4828: mct_pipeline_process_serv_msg: pipeline blackjoe data->sessionid 3 pipeline->session 3 msgid 3
06-02 19:40:13.426 E/mm-camera(  710): <MCT   ><ERROR> 4299: mct_pipeline_process_set: command is 0x8000014 blackjoe CAM_PRIV_PARM 0x8000014
06-02 19:40:13.427 I/mm-camera(  710): <ISP   >< INFO> 7159: isp_util_print_meta_stream_info: Deallocate resources
06-02 19:40:13.427 I/mm-camera(  710): <ISP   >< INFO> 7490: isp_util_handle_stream_info: streams_desc num_streams is 0 
06-02 19:40:13.427 I/mm-camera(  710): <IFACE >< INFO> 6386: iface_util_handle_meta_stream_info: iface_util_handle_meta_stream_info: ms_type 0 num streams 0
06-02 19:40:13.429 E/mm-camera(  710): <IMGLIB><ERROR> 297: AllocateBuffers: Invalid dimensions 0x0
06-02 19:40:13.429 E/mm-camera(  710): <IMGLIB><ERROR> 197: img_algo_preload: Preload: Failed to allocate buffer, rc -4
06-02 19:40:13.429 E/mm-camera(  710): <IMGLIB><ERROR> 127: module_imgbase_client_preload_exec: IMG_CORE_PRELOAD failed -4
06-02 19:40:13.429 E/QCamera (  710): <HAL><ERROR> processCaptureRequest: 7218: Check processCaptureRequest:7218 blackjoe
06-02 19:40:13.429 E/QCamera (  710): <HAL><ERROR> setHalFpsRange: 14639: E : setHalFpsRange: min_fps 0, max_fps 0 => will be 60 blackjoe 
06-02 19:40:13.429 I/QCamera (  710): <HAL><INFO> setHalFpsRange: 14674: aeTargetFpsRange fps: [5.000000 60.000000]
06-02 19:40:13.430 I/QCamera (  710): <HAL><INFO> setHalFpsRange: 14752: fps: [5.000000 60.000000] vid_fps: [5.000000 60.000000]
06-02 19:40:13.430 I/QCamera (  710): <HAL><INFO> setSensorHDR: 16388: send sensor HDR setting 0 blackjoe
06-02 19:40:13.430 I/QCamera (  710): <HAL><INFO> processCaptureRequest: 7346: STREAM INFO 0: type 8, wxh: 1360 x 800, pp_mask: 0x0, Format:0 is_type: 0 sync_type 0
06-02 19:40:13.430 E/mm-camera(  710): <MCT   ><ERROR> 4828: mct_pipeline_process_serv_msg: pipeline blackjoe data->sessionid 3 pipeline->session 3 msgid 3
06-02 19:40:13.430 E/mm-camera(  710): <MCT   ><ERROR> 4299: mct_pipeline_process_set: command is 0x8000014 blackjoe CAM_PRIV_PARM 0x8000014
06-02 19:40:13.431 E/mm-camera(  710): <IMGLIB><ERROR> 322: module_depth_map_handle_ctrl_parm: E
06-02 19:40:13.432 E/mm-camera(  710): <IMGLIB><ERROR> 430: module_depth_map_set_config_param: X
06-02 19:40:13.432 E/mm-camera(  710): <IMGLIB><ERROR> 254: module_depth_map_send_config_data: CAM_STREAM_TYPE_DEPTH not set !!
06-02 19:40:13.432 E/mm-camera(  710): <IMGLIB><ERROR> 369: module_depth_map_handle_ctrl_parm: Error module_depth_map_send_config_data
06-02 19:40:13.432 E/mm-camera(  710): <IMGLIB><ERROR> 373: module_depth_map_handle_ctrl_parm: X
06-02 19:40:13.432 E/mm-camera(  710): <IMGLIB><ERROR> 880: module_imgbase_process_param: [depth_map] handle_ctrl_parm error : type=10, rc=-5
06-02 19:40:13.462 D/blackjoe callstack(  710): #00 pc 00004085  /vendor/lib/libmmcamera_dbg.so (dump_stack_android+36)
06-02 19:40:13.462 D/blackjoe callstack(  710): #01 pc 0001d06f  /vendor/lib/libmmcamera2_iface_modules.so (iface_util_set_dis_enable_flag+10)
06-02 19:40:13.462 D/blackjoe callstack(  710): #02 pc 00033f03  /vendor/lib/libmmcamera2_iface_modules.so (port_iface_event_func+1690)
06-02 19:40:13.462 D/blackjoe callstack(  710): #03 pc 0004c917  /vendor/lib/libmmcamera2_sensor_modules.so (port_sensor_port_process_event+286)
06-02 19:40:13.463 D/blackjoe callstack(  710): #04 pc 0000c8d1  /vendor/lib/libmmcamera2_mct.so (mct_list_traverse+24)
06-02 19:40:13.463 D/blackjoe callstack(  710): #05 pc 000450af  /vendor/lib/libmmcamera2_sensor_modules.so (module_sensor_module_process_event+3894)
06-02 19:40:13.463 D/blackjoe callstack(  710): #06 pc 00010cc7  /vendor/lib/libmmcamera2_mct.so (mct_stream_send_event+470)
06-02 19:40:13.463 D/blackjoe callstack(  710): #07 pc 00019ac5  /vendor/lib/libmmcamera2_mct.so (mct_pipeline_send_event+64)
06-02 19:40:13.463 D/blackjoe callstack(  710): #08 pc 00014d43  /vendor/lib/libmmcamera2_mct.so (mct_pipeline_send_ctrl_events+678)
06-02 19:40:13.463 D/blackjoe callstack(  710): #09 pc 000179d5  /vendor/lib/libmmcamera2_mct.so (mct_pipeline_process_serv_msg+2500)
06-02 19:40:13.463 D/blackjoe callstack(  710): #10 pc 0001b5ef  /vendor/lib/libmmcamera2_mct.so (mct_controller_thread_run+362)
06-02 19:40:13.463 D/blackjoe callstack(  710): #11 pc 00083d87  /apex/com.android.runtime/lib/bionic/libc.so (__pthread_start(void*)+40)
06-02 19:40:13.463 D/blackjoe callstack(  710): #12 pc 0003a307  /apex/com.android.runtime/lib/bionic/libc.so (__start_thread+30)
06-02 19:40:13.463 I/mm-camera(  710): <IFACE >< INFO> 6276: iface_util_set_dis_enable_flag: iface_util_set_dis_enable_flag:6276 DIS enable flag = 0
06-02 19:40:13.463 E/mm-camera(  710): <SENSOR><ERROR> 5247: module_sensor_event_control_set_parm: Calling SENSOR_GET_RESOLUTION_INFO blackjoe module_sensor_event_control_set_parm:5247 cur_res -1
06-02 19:40:13.464 I/mm-camera(  710): <SENSOR>< INFO> 3926: sensor_get_resolution_info: Forced cur_res print out blackjoe
06-02 19:40:13.464 I/mm-camera(  710): <SENSOR>< INFO> 4269: sensor_get_resolution_info: sensor info: name: se4850, res: 0, max_fps: 54.000000, w: 1360, h: 800 op pix clk: 400000000, FLL: 827, LLPCK: 1360, mode: 1, PDAF support: 0
06-02 19:40:13.464 I/mm-camera(  710): <C2D   >< INFO> 1970: c2d_module_handle_set_parm_event: META_STREAM_INFO type = 8 w x h : 1360 x 800 pp_mask = 0x0
06-02 19:40:13.464 E/mm-camera(  710): <IMGLIB><ERROR> 297: AllocateBuffers: Invalid dimensions 0x0
06-02 19:40:13.464 I/mm-camera(  710): <ISP   >< INFO> 7155: isp_util_print_meta_stream_info: Stream type 8 Resolution: 1360x800 pp_mask: 0x0
06-02 19:40:13.464 E/mm-camera(  710): <ISP   ><ERROR> 7525: isp_util_handle_stream_info: <non-fatal> failed: isp resource allocate for mipi stream
06-02 19:40:13.464 E/mm-camera(  710): <IMGLIB><ERROR> 197: img_algo_preload: Preload: Failed to allocate buffer, rc -4
06-02 19:40:13.464 I/mm-camera(  710): <IFACE >< INFO> 6386: iface_util_handle_meta_stream_info: iface_util_handle_meta_stream_info: ms_type 0 num streams 1
06-02 19:40:13.464 E/mm-camera(  710): <IMGLIB><ERROR> 127: module_imgbase_client_preload_exec: IMG_CORE_PRELOAD failed -4
06-02 19:40:13.465 E/mm-camera(  710): <MCT   ><ERROR> 4828: mct_pipeline_process_serv_msg: pipeline blackjoe data->sessionid 3 pipeline->session 3 msgid 3
06-02 19:40:13.465 E/mm-camera(  710): <MCT   ><ERROR> 4299: mct_pipeline_process_set: command is 0x8000014 blackjoe CAM_PRIV_PARM 0x8000014
06-02 19:40:13.465 E/mm-camera(  710): <MCT   ><ERROR> 4828: mct_pipeline_process_serv_msg: pipeline blackjoe data->sessionid 3 pipeline->session 3 msgid 4
06-02 19:40:13.465 E/mm-camera(  710): <MCT   ><ERROR> 4856: mct_pipeline_process_serv_msg: CHECK Get PARAM blackjoe
06-02 19:40:13.465 E/mm-camera(  710): <MCT   ><ERROR> 4735: mct_pipeline_process_get: command is 0x8000014 blackjoe CAM_PRIV_PARM 0x8000014
06-02 19:40:13.465 E/mm-camera(  710): <MCT   ><ERROR> 4736: mct_pipeline_process_get: command is 134217748 blackjoe
06-02 19:40:13.466 E/mm-camera(  710): <MCT   ><ERROR> 4828: mct_pipeline_process_serv_msg: pipeline blackjoe data->sessionid 3 pipeline->session 3 msgid 3
06-02 19:40:13.466 E/mm-camera(  710): <MCT   ><ERROR> 4299: mct_pipeline_process_set: command is 0x800000a blackjoe CAM_PRIV_PARM 0x8000014
06-02 19:40:13.466 I/mm-camera(  710): <MCT   >< INFO> 4302: mct_pipeline_process_set: command=800000a
06-02 19:40:13.532 D/blackjoe callstack(  710): #00 pc 0000b1c5  /vendor/lib/libmmcamera_interface.so (dump_stack_android+36)
06-02 19:40:13.532 D/blackjoe callstack(  710): #01 pc 0001a2af  /vendor/lib/libmmcamera_interface.so (mm_stream_config+66)
06-02 19:40:13.532 D/blackjoe callstack(  710): #02 pc 00019a71  /vendor/lib/libmmcamera_interface.so (mm_stream_fsm_acquired+100)
06-02 19:40:13.532 D/blackjoe callstack(  710): #03 pc 00019771  /vendor/lib/libmmcamera_interface.so (mm_stream_fsm_fn+168)
06-02 19:40:13.532 D/blackjoe callstack(  710): #04 pc 0001600d  /vendor/lib/libmmcamera_interface.so (mm_channel_config_stream+128)
06-02 19:40:13.533 D/blackjoe callstack(  710): #05 pc 00015117  /vendor/lib/libmmcamera_interface.so (mm_channel_fsm_fn_stopped+126)
06-02 19:40:13.533 D/blackjoe callstack(  710): #06 pc 00014fc3  /vendor/lib/libmmcamera_interface.so (mm_channel_fsm_fn+142)
06-02 19:40:13.533 D/blackjoe callstack(  710): #07 pc 00011479  /vendor/lib/libmmcamera_interface.so (mm_camera_config_stream+92)
06-02 19:40:13.533 D/blackjoe callstack(  710): #08 pc 0000e3a7  /vendor/lib/libmmcamera_interface.so (mm_camera_intf_config_stream+198)
06-02 19:40:13.533 D/blackjoe callstack(  710): #09 pc 000a1539  /vendor/lib/hw/camera.sdm660.so (qcamera::QCamera3Stream::init(cam_stream_type_t, cam_format_t, cam_dimension_t, cam_rotation_t, cam_stream_reproc_config_t*, unsigned char, unsigned long long, cam_is_type_t, unsigned int, void (*)(mm_camera_super_buf_t*, qcamera::QCamera3Stream*, void*), void*, bool, bool)+816)
06-02 19:40:13.533 D/blackjoe callstack(  710): #10 pc 000a28ad  /vendor/lib/hw/camera.sdm660.so (qcamera::QCamera3Channel::addStream(cam_stream_type_t, cam_format_t, cam_dimension_t, cam_rotation_t, unsigned char, unsigned long long, cam_is_type_t, unsigned int, bool, bool)+208)
06-02 19:40:13.533 D/blackjoe callstack(  710): #11 pc 000a55a3  /vendor/lib/hw/camera.sdm660.so (qcamera::QCamera3RegularChannel::initialize(cam_is_type_t)+470)
06-02 19:40:13.533 D/blackjoe callstack(  710): #12 pc 0008debb  /vendor/lib/hw/camera.sdm660.so (qcamera::QCamera3HardwareInterface::processCaptureRequest(camera3_capture_request*, android::List<qcamera::QCamera3HardwareInterface::InternalRequest>&)+6378)
06-02 19:40:13.534 D/blackjoe callstack(  710): #13 pc 0008c515  /vendor/lib/hw/camera.sdm660.so (qcamera::QCamera3HardwareInterface::orchestrateRequest(camera3_capture_request*)+96)
06-02 19:40:13.534 D/blackjoe callstack(  710): #14 pc 0007e44f  /vendor/lib/hw/camera.sdm660.so (qcamera::QCamera3HardwareInterface::process_capture_request(camera3_device const*, camera3_capture_request*)+274)
06-02 19:40:13.534 D/blackjoe callstack(  710): #15 pc 0001300b  /vendor/lib/camera.device@3.4-impl.so (android::hardware::camera::device::V3_4::implementation::CameraDeviceSession::processOneCaptureRequest_3_4(android::hardware::camera::device::V3_4::CaptureRequest const&)+2070)
06-02 19:40:13.534 D/blackjoe callstack(  710): #16 pc 0001278d  /vendor/lib/camera.device@3.4-impl.so (android::hardware::camera::device::V3_4::implementation::CameraDeviceSession::processCaptureRequest_3_4(android::hardware::hidl_vec<android::hardware::camera::device::V3_4::CaptureRequest> const&, android::hardware::hidl_vec<android::hardware::camera::device::V3_2::BufferCache> const&, std::__1::function<void (android::hardware::camera::common::V1_0::Status, unsigned int)>)+52)
06-02 19:40:13.534 D/blackjoe callstack(  710): #17 pc 00014fdf  /vendor/lib/camera.device@3.4-impl.so (android::hardware::camera::device::V3_4::implementation::CameraDeviceSession::TrampolineSessionInterface_3_4::processCaptureRequest_3_4(android::hardware::hidl_vec<android::hardware::camera::device::V3_4::CaptureRequest> const&, android::hardware::hidl_vec<android::hardware::camera::device::V3_2::BufferCache> const&, std::__1::function<void (android::hardware::camera::common::V1_0::Status, unsigned int)>)+70)
06-02 19:40:13.534 D/blackjoe callstack(  710): #18 pc 000175f5  /apex/com.android.vndk.v30/lib/android.hardware.camera.device@3.4.so (android::hardware::camera::device::V3_4::BnHwCameraDeviceSession::_hidl_processCaptureRequest_3_4(android::hidl::base::V1_0::BnHwBase*, android::hardware::Parcel const&, android::hardware::Parcel*, std::__1::function<void (android::hardware::Parcel&)>)+356)
06-02 19:40:13.534 D/blackjoe callstack(  710): #19 pc 00017aad  /apex/com.android.vndk.v30/lib/android.hardware.camera.device@3.4.so (android::hardware::camera::device::V3_4::BnHwCameraDeviceSession::onTransact(unsigned int, android::hardware::Parcel const&, android::hardware::Parcel*, unsigned int, std::__1::function<void (android::hardware::Parcel&)>)+720)
06-02 19:40:13.535 D/blackjoe callstack(  710): #20 pc 0006d0fb  /apex/com.android.vndk.v30/lib/libhidlbase.so (android::hardware::BHwBinder::transact(unsigned int, android::hardware::Parcel const&, android::hardware::Parcel*, unsigned int, std::__1::function<void (android::hardware::Parcel&)>)+46)
06-02 19:40:13.535 D/blackjoe callstack(  710): #21 pc 000700ad  /apex/com.android.vndk.v30/lib/libhidlbase.so (android::hardware::IPCThreadState::executeCommand(int)+1936)
06-02 19:40:13.535 D/blackjoe callstack(  710): #22 pc 0006f79f  /apex/com.android.vndk.v30/lib/libhidlbase.so (android::hardware::IPCThreadState::getAndExecuteCommand()+138)
06-02 19:40:13.535 D/blackjoe callstack(  710): #23 pc 0007060b  /apex/com.android.vndk.v30/lib/libhidlbase.so (android::hardware::IPCThreadState::joinThreadPool(bool)+110)
06-02 19:40:13.535 D/blackjoe callstack(  710): #24 pc 000019b1  /vendor/bin/hw/android.hardware.camera.provider@2.4-service (main+124)
06-02 19:40:13.535 D/blackjoe callstack(  710): #25 pc 00033641  /apex/com.android.runtime/lib/bionic/libc.so (__libc_init+68)
06-02 19:40:13.535 E/mm-camera(  710): <MCT   ><ERROR> 4828: mct_pipeline_process_serv_msg: pipeline blackjoe data->sessionid 3 pipeline->session 3 msgid 3
06-02 19:40:13.536 E/mm-camera(  710): <MCT   ><ERROR> 4299: mct_pipeline_process_set: command is 0x8000018 blackjoe CAM_PRIV_PARM 0x8000014
06-02 19:40:13.536 I/mm-camera(  710): <MCT   >< INFO> 4302: mct_pipeline_process_set: command=8000018
06-02 19:40:13.536 E/mm-camera(  710): <MCT   ><ERROR> 503: mct_stream_start_link: mct_stream_start_link blackjoe stream_type is 8
06-02 19:40:13.536 E/mm-camera(  710): <MCT   ><ERROR> 608: mct_stream_start_link: Start linking raw stream 0x30002, blackjoe is_secure 0
06-02 19:40:13.536 E/mm-camera(  710): <MCT   ><ERROR> 862: mct_stream_start_link: call link_module_array blackjoe 0x0
06-02 19:40:13.536 E/mm-camera(  710): <IFACE ><ERROR> 645: iface_reserve_src_port: iface_reserve_src_port: iface_src_port is 0x0xe51d5030, state is 1 use_pix 0 blackjoe
06-02 19:40:13.537 E/mm-camera(  710): <IFACE ><ERROR> 667: iface_reserve_src_port: iface_reserve_src_port: state is 1
06-02 19:40:13.537 I/mm-camera(  710): <ISP   >< INFO> 858: isp_port_check_caps_reserve: port 0xe86d42f0 ide 30002 type 8 dim 1360 800
06-02 19:40:13.537 E/mm-camera(  710): <ISP   ><ERROR> 3417: isp_handler_get_hw_params: failed: num_hw_stream 0
06-02 19:40:13.539 I/chatty  (  710): uid=1047(cameraserver) CAM_MctServ_3 identical 12 lines
06-02 19:40:13.539 E/mm-camera(  710): <ISP   ><ERROR> 3417: isp_handler_get_hw_params: failed: num_hw_stream 0
06-02 19:40:13.539 I/mm-camera(  710): <MCT   >< INFO> 4400: mct_pipeline_process_set: Linking successful for stream 0x30002 stream type=8
06-02 19:40:13.540 E/QCamera (  710): <MCI><ERROR> mm_stream_get_v4l2_fmt: 2660: Unknown fmt=25
06-02 19:40:13.540 E/mm-camera(  710): <MCT   ><ERROR> 4828: mct_pipeline_process_serv_msg: pipeline blackjoe data->sessionid 3 pipeline->session 3 msgid 3
06-02 19:40:13.540 E/mm-camera(  710): <MCT   ><ERROR> 4299: mct_pipeline_process_set: command is 0x8000004 blackjoe CAM_PRIV_PARM 0x8000014
06-02 19:40:13.540 I/mm-camera(  710): <MCT   >< INFO> 4302: mct_pipeline_process_set: command=8000004
06-02 19:40:13.541 E/mm-camera(  710): <MCT   ><ERROR> 4828: mct_pipeline_process_serv_msg: pipeline blackjoe data->sessionid 3 pipeline->session 3 msgid 3
06-02 19:40:13.541 E/mm-camera(  710): <MCT   ><ERROR> 4299: mct_pipeline_process_set: command is 0x8000019 blackjoe CAM_PRIV_PARM 0x8000014
06-02 19:40:13.541 I/mm-camera(  710): <MCT   >< INFO> 4302: mct_pipeline_process_set: command=8000019
06-02 19:40:13.565 E/QCamera (  710): <MCI><ERROR> mm_stream_streamon: 1375: E, my_handle = 0x9200, fd = 68, state = 6 blackjoe
06-02 19:40:13.565 E/QCamera (  710): <MCI><ERROR> mm_stream_streamon: 1409: E, my_handle = 0x9200, fd = 68, state = 6 session_id:3 stream_id:1
06-02 19:40:13.566 E/mm-camera(  710): <MCT   ><ERROR> 4828: mct_pipeline_process_serv_msg: pipeline blackjoe data->sessionid 3 pipeline->session 3 msgid 3
06-02 19:40:13.566 E/mm-camera(  710): <MCT   ><ERROR> 4299: mct_pipeline_process_set: command is 0x8000008 blackjoe CAM_PRIV_PARM 0x8000014
06-02 19:40:13.566 I/mm-camera(  710): <MCT   >< INFO> 4302: mct_pipeline_process_set: command=8000008
06-02 19:40:13.566 I/mm-camera(  710): <MCT   >< INFO> 4465: mct_pipeline_process_set:  STREAM-ON on stream 0x30001 stream type=7
06-02 19:40:13.566 I/mm-camera(  710): <MCT   >< INFO> 4482: mct_pipeline_process_set:  STREAM-ON success for stream 0x30001, stream type=7
06-02 19:40:13.568 E/QCamera (  710): <MCI><ERROR> mm_stream_streamon: 1375: E, my_handle = 0x9301, fd = 78, state = 6 blackjoe
06-02 19:40:13.568 E/QCamera (  710): <MCI><ERROR> mm_stream_streamon: 1409: E, my_handle = 0x9301, fd = 78, state = 6 session_id:3 stream_id:2
06-02 19:40:13.568 E/mm-camera(  710): <MCT   ><ERROR> 4828: mct_pipeline_process_serv_msg: pipeline blackjoe data->sessionid 3 pipeline->session 3 msgid 3
06-02 19:40:13.569 E/mm-camera(  710): <MCT   ><ERROR> 4299: mct_pipeline_process_set: command is 0x8000008 blackjoe CAM_PRIV_PARM 0x8000014
06-02 19:40:13.569 I/mm-camera(  710): <MCT   >< INFO> 4302: mct_pipeline_process_set: command=8000008
06-02 19:40:13.569 I/mm-camera(  710): <MCT   >< INFO> 4465: mct_pipeline_process_set:  STREAM-ON on stream 0x30002 stream type=8
06-02 19:40:13.569 I/mm-camera(  710): <IFACE >< INFO> 430: iface_util_dump_sensor_cfg: iface_util_dump_sensor_cfg: sensor dim: width = 1360, heght = 800, fmt = 25, is_bayer = 1, init_skip = 0
06-02 19:40:13.569 E/mm-camera(  710): <ISP   ><ERROR> 1324: isp_resource_get_stats_type_mask: failed: num_isp 0
06-02 19:40:13.569 E/mm-camera(  710): <ISP   ><ERROR> 1793: isp_resource_iface_request_output_resource: failed: isp_util_get_stats_type_mask
06-02 19:40:13.570 E/mm-camera(  710): <ISP   ><ERROR> 1807: isp_resource_iface_request_output_resource: failed; pipeline 0x0
06-02 19:40:13.570 E/mm-camera(  710): <ISP   ><ERROR> 2413: isp_handler_module_iface_request_output_resource: failed: isp_resource_iface_request_output_resource
06-02 19:40:13.570 E/mm-camera(  710): <ISP   ><ERROR> 308: isp_port_process_downstream_module_event: failed: isp_handler_control_streamoff
06-02 19:40:13.570 E/mm-camera(  710): <ISP   ><ERROR> 2237: isp_handler_module_send_initial_crop_info: No VFE Resource, Do early exit
06-02 19:40:13.570 E/mm-camera(  710): <ISP   ><ERROR> 312: isp_port_process_downstream_module_event: failed: isp_handler_module_set_stream_config
06-02 19:40:13.570 E/mm-camera(  710): <ISP   ><ERROR> 446: isp_port_process_downstream_event: failed: isp_port_process_downstream_module_event
06-02 19:40:13.570 E/mm-camera(  710): <ISP   ><ERROR> 574: isp_port_event: failed: isp_port_process_downstream_event
06-02 19:40:13.570 E/mm-camera(  710): <IFACE ><ERROR> 1525: iface_util_request_isp_output_resource: iface_util_request_isp_output_resource: error in isp sink port event
06-02 19:40:13.571 E/mm-camera(  710): <IFACE ><ERROR> 4149: iface_util_set_hw_stream_config_pix: iface_util_set_hw_stream_config_pix: iface_util_request_isp_output_resource failed, rc = -1
06-02 19:40:13.571 I/mm-camera(  710): <IFACE >< INFO> 4087: iface_create_axi: iface_create_axi:4087: Create axi hw for session 3 on VFE 0
06-02 19:40:13.522 E/msm_isp_open_node(    0): reset VFE
06-02 19:40:13.524 D/logd    (    0): logdr: UID=0 GID=0 PID=14418 n tail=0 logMask=99 pid=0 start=0ns timeout=0ns
06-02 19:40:13.576 I/mm-camera(  710): <IFACE >< INFO> 571: iface_dump_axi_plane_config: === AXI DUMP: VFE session_id 3, hw_stream_id 2 ===
06-02 19:40:13.577 I/mm-camera(  710): <IFACE >< INFO> 575: iface_dump_axi_plane_config:     AXI DUMP Axi_src: RDI_0 hw_stream width 1360, height 800
06-02 19:40:13.577 I/mm-camera(  710): <IFACE >< INFO> 577: iface_dump_axi_plane_config: need buf divert = 0, burst count = 0
06-02 19:40:13.577 I/mm-camera(  710): <IFACE >< INFO> 580: iface_dump_axi_plane_config: hfr mode = 0, skip pattern = 0, init_frame_drop = 0
06-02 19:40:13.577 I/mm-camera(  710): <IFACE >< INFO> 613: iface_dump_axi_plane_config: plane[0]: plane_fmt 0(Y-0/CB-1/Cr-2/CrCb-3/CbCr-4)
06-02 19:40:13.577 I/mm-camera(  710): <IFACE >< INFO> 615: iface_dump_axi_plane_config: plane[0]: width = 1360, height = 800
06-02 19:40:13.577 I/mm-camera(  710): <IFACE >< INFO> 617: iface_dump_axi_plane_config: plane[0]: stride = 1360, scanlines = 832
06-02 19:40:13.577 I/mm-camera(  710): <IFACE >< INFO> 619: iface_dump_axi_plane_config: plane[0]: address_offset 0
06-02 19:40:13.578 I/mm-camera(  710): <IFACE >< INFO> 1786: iface_streamon_to_thread: iface_streamon_to_thread: E, session id = 3, user stream id = 2
06-02 19:40:13.578 E/mm-camera(  710): <ISP   ><ERROR> 823: isp_handler_control_streamon: num_isp 0
06-02 19:40:13.578 I/mm-camera(  710): <IFACE >< INFO> 2133: iface_streamon: E, session_id 3 mct_stream_id = 2
06-02 19:40:13.579 I/mm-camera(  710): <IFACE >< INFO> 12242: iface_util_get_user_streams_by_bundle: streamon, got all bundled streamon!
06-02 19:40:13.586 I/mm-camera(  710): <IFACE >< INFO> 2426: iface_streamon: X
06-02 19:40:13.533 E/msm_ispif_config(    0): 1061 Exit
06-02 19:40:13.586 I/mm-camera(  710): <IFACE >< INFO> 1815: iface_streamon_to_thread: iface_streamon_to_thread: X, session id = 3, user stream id = 2
06-02 19:40:13.534 E/msm_ispif_config2(    0): Exit
06-02 19:40:13.586 E/mm-camera(  710): <SENSOR><ERROR> 3759: module_sensor_stream_on: return by blackjoe
06-02 19:40:13.586 I/mm-camera(  710): <MCT   >< INFO> 4482: mct_pipeline_process_set:  STREAM-ON success for stream 0x30002, stream type=8
06-02 19:40:13.587 E/QCamera (  710): <HAL><ERROR> translateToHalMetadata: 14966: Check translateToHalMetadata:14966 blackjoe
06-02 19:40:13.587 E/QCamera (  710): <HAL><ERROR> setHalFpsRange: 14639: E : setHalFpsRange: min_fps 0, max_fps 0 => will be 60 blackjoe 
06-02 19:40:13.587 I/QCamera (  710): <HAL><INFO> setHalFpsRange: 14674: aeTargetFpsRange fps: [5.000000 60.000000]
06-02 19:40:13.587 I/QCamera (  710): <HAL><INFO> setHalFpsRange: 14752: fps: [5.000000 60.000000] vid_fps: [5.000000 60.000000]
06-02 19:40:13.588 E/mm-camera(  710): <MCT   ><ERROR> 4828: mct_pipeline_process_serv_msg: pipeline blackjoe data->sessionid 3 pipeline->session 3 msgid 3
06-02 19:40:13.589 E/mm-camera(  710): <MCT   ><ERROR> 4299: mct_pipeline_process_set: command is 0x8000014 blackjoe CAM_PRIV_PARM 0x8000014
06-02 19:40:13.591 D/qdgralloc( 7609): Imported handle: 0x7c2ffdd560 id: 822
06-02 19:40:13.591 D/qdgralloc( 7609): GetTransportSize: num fds: 2 num ints: 22 err:0
06-02 19:40:13.591 D/qdgralloc( 1279): Imported handle: 0xe8e80410 id: 822
06-02 19:40:13.592 D/qdgralloc( 1279): GetTransportSize: num fds: 2 num ints: 22 err:0
06-02 19:40:13.593 D/qdgralloc(  710): Imported handle: 0xe05c0990 id: 822
06-02 19:40:13.594 E/mm-camera(  710): <MCT   ><ERROR> 4828: mct_pipeline_process_serv_msg: pipeline blackjoe data->sessionid 3 pipeline->session 3 msgid 3
06-02 19:40:13.594 E/mm-camera(  710): <MCT   ><ERROR> 4299: mct_pipeline_process_set: command is 0x8000014 blackjoe CAM_PRIV_PARM 0x8000014
06-02 19:40:13.596 D/qdgralloc( 7609): Imported handle: 0x7c2ffdb4c0 id: 823
06-02 19:40:13.596 D/qdgralloc( 7609): GetTransportSize: num fds: 2 num ints: 22 err:0
06-02 19:40:13.597 D/qdgralloc( 1279): Imported handle: 0xe8e80510 id: 823
06-02 19:40:13.597 D/qdgralloc( 1279): GetTransportSize: num fds: 2 num ints: 22 err:0
06-02 19:40:13.598 D/qdgralloc(  710): Imported handle: 0xe05c1390 id: 823
06-02 19:40:13.599 E/mm-camera(  710): <MCT   ><ERROR> 4828: mct_pipeline_process_serv_msg: pipeline blackjoe data->sessionid 3 pipeline->session 3 msgid 3
06-02 19:40:13.600 E/mm-camera(  710): <MCT   ><ERROR> 4299: mct_pipeline_process_set: command is 0x8000014 blackjoe CAM_PRIV_PARM 0x8000014
06-02 19:40:13.601 E/mm-camera(  710): <MCT   ><ERROR> 1263: mct_controller_handle_SOF_proc: Invalid case ! bus_msg frame_id 1 cannot be greater than kernel_sofid 0
06-02 19:40:13.601 E/mm-camera(  710): <SENSOR><ERROR> 5367: module_sensor_event_control_set_parm: func_tbl for submodule 4 is NULL
06-02 19:40:13.601 E/mm-camera(  710): <SENSOR><ERROR> 5174: module_sensor_event_control_set_parm: func_tbl for submodule 4 is NULL
06-02 19:40:13.602 E/mm-camera(  710): <SENSOR><ERROR> 5176: module_sensor_event_control_set_parm: CAM_INTF_META_FLASH_POWER failed
