06-02 19:27:59.125 E/QCamera (  710): <MCI><ERROR> mm_stream_read_msm_frame: 1790: X rc = 0
06-02 19:27:59.125 I/QCamera (  710): <MCI><INFO> mm_stream_handle_rcvd_buf: 220: E, my_handle = 0x4800, fd = 68, state = 6
06-02 19:27:59.125 I/QCamera (  710): <MCI><INFO> mm_stream_handle_rcvd_buf: 244: has cb and it is active by blackjoe
06-02 19:27:59.126 I/QCamera (  710): <MCI><INFO> mm_stream_dispatch_app_data: 415: E, my_handle = 0x4800, fd = 68, state = 6
06-02 19:27:59.126 I/QCamera (  710): <MCI><INFO> mm_stream_dispatch_app_data: 436: frame_sync.is_active = 0, is_cb_active = 1
06-02 19:27:59.126 I/QCamera (  710): <MCI><INFO> mm_stream_dispatch_app_data: 457: Enter callback by blackjoe
06-02 19:27:59.128 E/mm-camera(  710): <STATS_AIS ><ERROR> 1316: dsps_process_response_gyro: Query request denied, error code = 5, QId_valid = 1, QueryId = 0x1d0a, AckNak_valid = 1, AckNak = 3
06-02 19:27:59.137 E/mm-camera(  710): <MCT   ><ERROR> 4828: mct_pipeline_process_serv_msg: pipeline blackjoe data->sessionid 3 pipeline->session 3 msgid 3
06-02 19:27:59.137 E/mm-camera(  710): <MCT   ><ERROR> 4299: mct_pipeline_process_set: command is 0x8000014 blackjoe CAM_PRIV_PARM 0x8000014
06-02 19:27:59.155 E/QCamera (  710): <MCI><ERROR> mm_stream_data_notify: 337: E, my_handle = 0x4901, fd = 78, state = 6 blackjoe
06-02 19:27:59.156 E/QCamera (  710): <MCI><ERROR> mm_stream_read_msm_frame: 1723: E, my_handle = 0x4901, fd = 78, state = 6 blackjoe
06-02 19:27:59.156 E/mm-camera(  710): <SENSOR><ERROR> 4883: sensor_get_frame_duration: resolution is invalid, it seems stream has stopped.
06-02 19:27:59.156 I/QCamera (  710): <MCI><INFO> mm_stream_read_msm_frame: 1770: VIDIOC_DQBUF buf_index 8, frame_idx 29, stream type 8, rc 0,queued: 5, buf_type = 0 flags = 8192 FD = 78 my_num 0 buf fd 140
06-02 19:27:59.156 E/mm-camera(  710): <SENSOR><ERROR> 884: sensor_fc_report_meta: Failed to get frame duration
06-02 19:27:59.156 E/mm-camera(  710): <SENSOR><ERROR> 4805: sensor_get_exposure_time: resolution is invalid, it seems stream has stopped.
06-02 19:27:59.156 E/QCamera (  710): <MCI><ERROR> mm_stream_read_msm_frame: 1790: X rc = 0
06-02 19:27:59.156 E/mm-camera(  710): <SENSOR><ERROR> 904: sensor_fc_report_meta: Failed to get exposure time
06-02 19:27:59.157 I/QCamera (  710): <MCI><INFO> mm_stream_handle_rcvd_buf: 220: E, my_handle = 0x4901, fd = 78, state = 6
06-02 19:27:59.157 I/QCamera (  710): <MCI><INFO> mm_stream_handle_rcvd_buf: 244: has cb and it is active by blackjoe
06-02 19:27:59.157 I/QCamera (  710): <MCI><INFO> mm_stream_dispatch_app_data: 415: E, my_handle = 0x4901, fd = 78, state = 6
06-02 19:27:59.157 I/QCamera (  710): <MCI><INFO> mm_stream_dispatch_app_data: 436: frame_sync.is_active = 0, is_cb_active = 1
06-02 19:27:59.157 E/mm-camera(  710): <MCT   ><ERROR> 2722: mct_stream_process_bus_msg: Check the runing function blackjoe 
06-02 19:27:59.157 I/QCamera (  710): <MCI><INFO> mm_stream_dispatch_app_data: 457: Enter callback by blackjoe
06-02 19:27:59.157 E/mm-camera(  710): <MCT   ><ERROR> 2755: mct_stream_process_bus_msg: isp_sof_bus_msg is 0xe8800760
06-02 19:27:59.158 E/mm-camera(  710): <MCT   ><ERROR> 2757: mct_stream_process_bus_msg: frameid is 30 hal_version is 3
06-02 19:27:59.158 E/mm-camera(  710): <MCT   ><ERROR> 2759: mct_stream_process_bus_msg: kstate_ptr is 0xe5a85a84, isp_kstate_ptr is 0xe9788000
06-02 19:27:59.158 E/mm-camera(  710): <MCT   ><ERROR> 2765: mct_stream_process_bus_msg: frame_id is 30
06-02 19:27:59.158 E/QCamera (  710): <MCI><ERROR> mm_stream_data_notify: 337: E, my_handle = 0x4800, fd = 68, state = 6 blackjoe
06-02 19:27:59.158 E/QCamera (  710): <MCI><ERROR> mm_stream_read_msm_frame: 1723: E, my_handle = 0x4800, fd = 68, state = 6 blackjoe
06-02 19:27:59.159 I/QCamera (  710): <MCI><INFO> mm_stream_read_msm_frame: 1770: VIDIOC_DQBUF buf_index 11, frame_idx 29, stream type 7, rc 0,queued: 17, buf_type = 0 flags = 8192 FD = 68 my_num 0 buf fd 104
06-02 19:27:59.159 E/QCamera (  710): <MCI><ERROR> mm_stream_read_msm_frame: 1790: X rc = 0
06-02 19:27:59.159 I/QCamera (  710): <MCI><INFO> mm_stream_handle_rcvd_buf: 220: E, my_handle = 0x4800, fd = 68, state = 6
06-02 19:27:59.159 I/QCamera (  710): <MCI><INFO> mm_stream_handle_rcvd_buf: 244: has cb and it is active by blackjoe
06-02 19:27:59.159 I/QCamera (  710): <MCI><INFO> mm_stream_dispatch_app_data: 415: E, my_handle = 0x4800, fd = 68, state = 6
06-02 19:27:59.160 I/QCamera (  710): <MCI><INFO> mm_stream_dispatch_app_data: 436: frame_sync.is_active = 0, is_cb_active = 1
06-02 19:27:59.160 I/QCamera (  710): <MCI><INFO> mm_stream_dispatch_app_data: 457: Enter callback by blackjoe
06-02 19:27:59.161 E/mm-camera(  710): <STATS_AIS ><ERROR> 1316: dsps_process_response_gyro: Query request denied, error code = 5, QId_valid = 1, QueryId = 0x1e0a, AckNak_valid = 1, AckNak = 3
06-02 19:27:59.167 E/mm-camera(  710): <MCT   ><ERROR> 4828: mct_pipeline_process_serv_msg: pipeline blackjoe data->sessionid 3 pipeline->session 3 msgid 3
06-02 19:27:59.168 E/mm-camera(  710): <MCT   ><ERROR> 4299: mct_pipeline_process_set: command is 0x8000014 blackjoe CAM_PRIV_PARM 0x8000014
06-02 19:27:59.229 E/QCamera (  710): <MCI><ERROR> mm_stream_data_notify: 337: E, my_handle = 0x4901, fd = 78, state = 6 blackjoe
06-02 19:27:59.229 E/QCamera (  710): <MCI><ERROR> mm_stream_read_msm_frame: 1723: E, my_handle = 0x4901, fd = 78, state = 6 blackjoe
06-02 19:27:59.229 E/mm-camera(  710): <SENSOR><ERROR> 4883: sensor_get_frame_duration: resolution is invalid, it seems stream has stopped.
06-02 19:27:59.229 E/mm-camera(  710): <SENSOR><ERROR> 884: sensor_fc_report_meta: Failed to get frame duration
06-02 19:27:59.229 I/QCamera (  710): <MCI><INFO> mm_stream_read_msm_frame: 1770: VIDIOC_DQBUF buf_index 9, frame_idx 30, stream type 8, rc 0,queued: 5, buf_type = 0 flags = 8192 FD = 78 my_num 0 buf fd 76
06-02 19:27:59.229 E/mm-camera(  710): <SENSOR><ERROR> 4805: sensor_get_exposure_time: resolution is invalid, it seems stream has stopped.
06-02 19:27:59.229 E/QCamera (  710): <MCI><ERROR> mm_stream_read_msm_frame: 1790: X rc = 0
06-02 19:27:59.229 E/mm-camera(  710): <SENSOR><ERROR> 904: sensor_fc_report_meta: Failed to get exposure time
06-02 19:27:59.230 I/QCamera (  710): <MCI><INFO> mm_stream_handle_rcvd_buf: 220: E, my_handle = 0x4901, fd = 78, state = 6
06-02 19:27:59.230 I/QCamera (  710): <MCI><INFO> mm_stream_handle_rcvd_buf: 244: has cb and it is active by blackjoe
06-02 19:27:59.230 I/QCamera (  710): <MCI><INFO> mm_stream_dispatch_app_data: 415: E, my_handle = 0x4901, fd = 78, state = 6
06-02 19:27:59.230 I/QCamera (  710): <MCI><INFO> mm_stream_dispatch_app_data: 436: frame_sync.is_active = 0, is_cb_active = 1
06-02 19:27:59.230 I/QCamera (  710): <MCI><INFO> mm_stream_dispatch_app_data: 457: Enter callback by blackjoe
06-02 19:27:59.230 E/mm-camera(  710): <MCT   ><ERROR> 2722: mct_stream_process_bus_msg: Check the runing function blackjoe 
06-02 19:27:59.231 E/mm-camera(  710): <MCT   ><ERROR> 2755: mct_stream_process_bus_msg: isp_sof_bus_msg is 0xe8800fd0
06-02 19:27:59.231 E/mm-camera(  710): <MCT   ><ERROR> 2757: mct_stream_process_bus_msg: frameid is 31 hal_version is 3
06-02 19:27:59.231 E/mm-camera(  710): <MCT   ><ERROR> 2759: mct_stream_process_bus_msg: kstate_ptr is 0xe5a85a84, isp_kstate_ptr is 0xe9788000
06-02 19:27:59.231 E/mm-camera(  710): <MCT   ><ERROR> 2765: mct_stream_process_bus_msg: frame_id is 31
06-02 19:27:59.232 E/QCamera (  710): <MCI><ERROR> mm_stream_data_notify: 337: E, my_handle = 0x4800, fd = 68, state = 6 blackjoe
06-02 19:27:59.232 E/QCamera (  710): <MCI><ERROR> mm_stream_read_msm_frame: 1723: E, my_handle = 0x4800, fd = 68, state = 6 blackjoe
06-02 19:27:59.232 I/QCamera (  710): <MCI><INFO> mm_stream_read_msm_frame: 1770: VIDIOC_DQBUF buf_index 12, frame_idx 30, stream type 7, rc 0,queued: 17, buf_type = 0 flags = 8192 FD = 68 my_num 0 buf fd 106
06-02 19:27:59.232 E/QCamera (  710): <MCI><ERROR> mm_stream_read_msm_frame: 1790: X rc = 0
06-02 19:27:59.232 I/QCamera (  710): <MCI><INFO> mm_stream_handle_rcvd_buf: 220: E, my_handle = 0x4800, fd = 68, state = 6
06-02 19:27:59.233 I/QCamera (  710): <MCI><INFO> mm_stream_handle_rcvd_buf: 244: has cb and it is active by blackjoe
06-02 19:27:59.233 I/QCamera (  710): <MCI><INFO> mm_stream_dispatch_app_data: 415: E, my_handle = 0x4800, fd = 68, state = 6
06-02 19:27:59.233 I/QCamera (  710): <MCI><INFO> mm_stream_dispatch_app_data: 436: frame_sync.is_active = 0, is_cb_active = 1
06-02 19:27:59.233 I/QCamera (  710): <MCI><INFO> mm_stream_dispatch_app_data: 457: Enter callback by blackjoe
06-02 19:27:59.235 E/mm-camera(  710): <STATS_AIS ><ERROR> 1316: dsps_process_response_gyro: Query request denied, error code = 5, QId_valid = 1, QueryId = 0x1f0a, AckNak_valid = 1, AckNak = 3
06-02 19:27:59.243 E/mm-camera(  710): <MCT   ><ERROR> 4828: mct_pipeline_process_serv_msg: pipeline blackjoe data->sessionid 3 pipeline->session 3 msgid 3
06-02 19:27:59.244 E/mm-camera(  710): <MCT   ><ERROR> 4299: mct_pipeline_process_set: command is 0x8000014 blackjoe CAM_PRIV_PARM 0x8000014
06-02 19:27:59.263 E/QCamera (  710): <MCI><ERROR> mm_stream_data_notify: 337: E, my_handle = 0x4901, fd = 78, state = 6 blackjoe
06-02 19:27:59.263 E/QCamera (  710): <MCI><ERROR> mm_stream_read_msm_frame: 1723: E, my_handle = 0x4901, fd = 78, state = 6 blackjoe
06-02 19:27:59.263 E/mm-camera(  710): <SENSOR><ERROR> 4883: sensor_get_frame_duration: resolution is invalid, it seems stream has stopped.
06-02 19:27:59.264 E/mm-camera(  710): <SENSOR><ERROR> 884: sensor_fc_report_meta: Failed to get frame duration
06-02 19:27:59.264 E/mm-camera(  710): <SENSOR><ERROR> 4805: sensor_get_exposure_time: resolution is invalid, it seems stream has stopped.
06-02 19:27:59.264 I/QCamera (  710): <MCI><INFO> mm_stream_read_msm_frame: 1770: VIDIOC_DQBUF buf_index 10, frame_idx 31, stream type 8, rc 0,queued: 5, buf_type = 0 flags = 8192 FD = 78 my_num 0 buf fd 127
06-02 19:27:59.264 E/mm-camera(  710): <SENSOR><ERROR> 904: sensor_fc_report_meta: Failed to get exposure time
06-02 19:27:59.265 E/QCamera (  710): <MCI><ERROR> mm_stream_read_msm_frame: 1790: X rc = 0
06-02 19:27:59.265 I/QCamera (  710): <MCI><INFO> mm_stream_handle_rcvd_buf: 220: E, my_handle = 0x4901, fd = 78, state = 6
06-02 19:27:59.265 I/QCamera (  710): <MCI><INFO> mm_stream_handle_rcvd_buf: 244: has cb and it is active by blackjoe
06-02 19:27:59.266 I/QCamera (  710): <MCI><INFO> mm_stream_dispatch_app_data: 415: E, my_handle = 0x4901, fd = 78, state = 6
06-02 19:27:59.266 E/mm-camera(  710): <MCT   ><ERROR> 2722: mct_stream_process_bus_msg: Check the runing function blackjoe 
06-02 19:27:59.266 I/QCamera (  710): <MCI><INFO> mm_stream_dispatch_app_data: 436: frame_sync.is_active = 0, is_cb_active = 1
06-02 19:27:59.266 I/QCamera (  710): <MCI><INFO> mm_stream_dispatch_app_data: 457: Enter callback by blackjoe
06-02 19:27:59.266 E/mm-camera(  710): <MCT   ><ERROR> 2755: mct_stream_process_bus_msg: isp_sof_bus_msg is 0xe8801960
06-02 19:27:59.268 E/mm-camera(  710): <MCT   ><ERROR> 2757: mct_stream_process_bus_msg: frameid is 32 hal_version is 3
06-02 19:27:59.268 E/mm-camera(  710): <MCT   ><ERROR> 2759: mct_stream_process_bus_msg: kstate_ptr is 0xe5a85a84, isp_kstate_ptr is 0xe9788000
06-02 19:27:59.269 E/mm-camera(  710): <MCT   ><ERROR> 2765: mct_stream_process_bus_msg: frame_id is 32
06-02 19:27:59.270 E/QCamera (  710): <MCI><ERROR> mm_stream_data_notify: 337: E, my_handle = 0x4800, fd = 68, state = 6 blackjoe
06-02 19:27:59.270 E/QCamera (  710): <MCI><ERROR> mm_stream_read_msm_frame: 1723: E, my_handle = 0x4800, fd = 68, state = 6 blackjoe
06-02 19:27:59.271 I/QCamera (  710): <MCI><INFO> mm_stream_read_msm_frame: 1770: VIDIOC_DQBUF buf_index 13, frame_idx 31, stream type 7, rc 0,queued: 17, buf_type = 0 flags = 8192 FD = 68 my_num 0 buf fd 108
06-02 19:27:59.271 E/QCamera (  710): <MCI><ERROR> mm_stream_read_msm_frame: 1790: X rc = 0
06-02 19:27:59.271 I/QCamera (  710): <MCI><INFO> mm_stream_handle_rcvd_buf: 220: E, my_handle = 0x4800, fd = 68, state = 6
06-02 19:27:59.271 E/mm-camera(  710): <STATS_AIS ><ERROR> 1316: dsps_process_response_gyro: Query request denied, error code = 5, QId_valid = 1, QueryId = 0x200a, AckNak_valid = 1, AckNak = 3
06-02 19:27:59.271 I/QCamera (  710): <MCI><INFO> mm_stream_handle_rcvd_buf: 244: has cb and it is active by blackjoe
06-02 19:27:59.272 I/QCamera (  710): <MCI><INFO> mm_stream_dispatch_app_data: 415: E, my_handle = 0x4800, fd = 68, state = 6
06-02 19:27:59.272 I/QCamera (  710): <MCI><INFO> mm_stream_dispatch_app_data: 436: frame_sync.is_active = 0, is_cb_active = 1
06-02 19:27:59.272 I/QCamera (  710): <MCI><INFO> mm_stream_dispatch_app_data: 457: Enter callback by blackjoe
06-02 19:27:59.286 E/mm-camera(  710): <MCT   ><ERROR> 4828: mct_pipeline_process_serv_msg: pipeline blackjoe data->sessionid 3 pipeline->session 3 msgid 3
06-02 19:27:59.287 E/mm-camera(  710): <MCT   ><ERROR> 4299: mct_pipeline_process_set: command is 0x8000014 blackjoe CAM_PRIV_PARM 0x8000014
06-02 19:27:59.297 E/QCamera (  710): <MCI><ERROR> mm_stream_data_notify: 337: E, my_handle = 0x4901, fd = 78, state = 6 blackjoe
06-02 19:27:59.298 E/QCamera (  710): <MCI><ERROR> mm_stream_read_msm_frame: 1723: E, my_handle = 0x4901, fd = 78, state = 6 blackjoe
06-02 19:27:59.298 E/mm-camera(  710): <SENSOR><ERROR> 4883: sensor_get_frame_duration: resolution is invalid, it seems stream has stopped.
06-02 19:27:59.298 I/QCamera (  710): <MCI><INFO> mm_stream_read_msm_frame: 1770: VIDIOC_DQBUF buf_index 11, frame_idx 32, stream type 8, rc 0,queued: 5, buf_type = 0 flags = 8192 FD = 78 my_num 0 buf fd 130
06-02 19:27:59.299 E/mm-camera(  710): <SENSOR><ERROR> 884: sensor_fc_report_meta: Failed to get frame duration
06-02 19:27:59.299 E/QCamera (  710): <MCI><ERROR> mm_stream_read_msm_frame: 1790: X rc = 0
06-02 19:27:59.299 E/mm-camera(  710): <SENSOR><ERROR> 4805: sensor_get_exposure_time: resolution is invalid, it seems stream has stopped.
06-02 19:27:59.299 I/QCamera (  710): <MCI><INFO> mm_stream_handle_rcvd_buf: 220: E, my_handle = 0x4901, fd = 78, state = 6
06-02 19:27:59.299 E/mm-camera(  710): <SENSOR><ERROR> 904: sensor_fc_report_meta: Failed to get exposure time
06-02 19:27:59.299 I/QCamera (  710): <MCI><INFO> mm_stream_handle_rcvd_buf: 244: has cb and it is active by blackjoe
06-02 19:27:59.300 I/QCamera (  710): <MCI><INFO> mm_stream_dispatch_app_data: 415: E, my_handle = 0x4901, fd = 78, state = 6
06-02 19:27:59.300 I/QCamera (  710): <MCI><INFO> mm_stream_dispatch_app_data: 436: frame_sync.is_active = 0, is_cb_active = 1
06-02 19:27:59.301 E/mm-camera(  710): <MCT   ><ERROR> 2722: mct_stream_process_bus_msg: Check the runing function blackjoe 
06-02 19:27:59.301 I/QCamera (  710): <MCI><INFO> mm_stream_dispatch_app_data: 457: Enter callback by blackjoe
06-02 19:27:59.301 E/mm-camera(  710): <MCT   ><ERROR> 2755: mct_stream_process_bus_msg: isp_sof_bus_msg is 0xe8801c30
06-02 19:27:59.301 E/mm-camera(  710): <MCT   ><ERROR> 2757: mct_stream_process_bus_msg: frameid is 33 hal_version is 3
06-02 19:27:59.301 E/mm-camera(  710): <MCT   ><ERROR> 2759: mct_stream_process_bus_msg: kstate_ptr is 0xe5a85a84, isp_kstate_ptr is 0xe9788000
06-02 19:27:59.302 E/mm-camera(  710): <MCT   ><ERROR> 2765: mct_stream_process_bus_msg: frame_id is 33
06-02 19:27:59.302 E/QCamera (  710): <MCI><ERROR> mm_stream_data_notify: 337: E, my_handle = 0x4800, fd = 68, state = 6 blackjoe
06-02 19:27:59.303 E/QCamera (  710): <MCI><ERROR> mm_stream_read_msm_frame: 1723: E, my_handle = 0x4800, fd = 68, state = 6 blackjoe
06-02 19:27:59.303 I/QCamera (  710): <MCI><INFO> mm_stream_read_msm_frame: 1770: VIDIOC_DQBUF buf_index 14, frame_idx 32, stream type 7, rc 0,queued: 17, buf_type = 0 flags = 8192 FD = 68 my_num 0 buf fd 110
06-02 19:27:59.304 E/QCamera (  710): <MCI><ERROR> mm_stream_read_msm_frame: 1790: X rc = 0
06-02 19:27:59.304 I/QCamera (  710): <MCI><INFO> mm_stream_handle_rcvd_buf: 220: E, my_handle = 0x4800, fd = 68, state = 6
06-02 19:27:59.304 I/QCamera (  710): <MCI><INFO> mm_stream_handle_rcvd_buf: 244: has cb and it is active by blackjoe
06-02 19:27:59.305 I/QCamera (  710): <MCI><INFO> mm_stream_dispatch_app_data: 415: E, my_handle = 0x4800, fd = 68, state = 6
06-02 19:27:59.305 I/QCamera (  710): <MCI><INFO> mm_stream_dispatch_app_data: 436: frame_sync.is_active = 0, is_cb_active = 1
06-02 19:27:59.305 I/QCamera (  710): <MCI><INFO> mm_stream_dispatch_app_data: 457: Enter callback by blackjoe
06-02 19:27:59.305 E/mm-camera(  710): <STATS_AIS ><ERROR> 1316: dsps_process_response_gyro: Query request denied, error code = 5, QId_valid = 1, QueryId = 0x210a, AckNak_valid = 1, AckNak = 3
06-02 19:27:59.315 E/mm-camera(  710): <MCT   ><ERROR> 4828: mct_pipeline_process_serv_msg: pipeline blackjoe data->sessionid 3 pipeline->session 3 msgid 3
06-02 19:27:59.316 E/mm-camera(  710): <MCT   ><ERROR> 4299: mct_pipeline_process_set: command is 0x8000014 blackjoe CAM_PRIV_PARM 0x8000014
06-02 19:27:59.370 E/QCamera (  710): <MCI><ERROR> mm_stream_data_notify: 337: E, my_handle = 0x4901, fd = 78, state = 6 blackjoe
06-02 19:27:59.370 E/QCamera (  710): <MCI><ERROR> mm_stream_read_msm_frame: 1723: E, my_handle = 0x4901, fd = 78, state = 6 blackjoe
06-02 19:27:59.371 I/QCamera (  710): <MCI><INFO> mm_stream_read_msm_frame: 1770: VIDIOC_DQBUF buf_index 6, frame_idx 33, stream type 8, rc 0,queued: 5, buf_type = 0 flags = 8192 FD = 78 my_num 0 buf fd 134
06-02 19:27:59.371 E/mm-camera(  710): <SENSOR><ERROR> 4883: sensor_get_frame_duration: resolution is invalid, it seems stream has stopped.
06-02 19:27:59.371 E/QCamera (  710): <MCI><ERROR> mm_stream_read_msm_frame: 1790: X rc = 0
06-02 19:27:59.371 E/mm-camera(  710): <SENSOR><ERROR> 884: sensor_fc_report_meta: Failed to get frame duration
06-02 19:27:59.371 I/QCamera (  710): <MCI><INFO> mm_stream_handle_rcvd_buf: 220: E, my_handle = 0x4901, fd = 78, state = 6
06-02 19:27:59.371 E/mm-camera(  710): <SENSOR><ERROR> 4805: sensor_get_exposure_time: resolution is invalid, it seems stream has stopped.
06-02 19:27:59.371 I/QCamera (  710): <MCI><INFO> mm_stream_handle_rcvd_buf: 244: has cb and it is active by blackjoe
06-02 19:27:59.371 E/mm-camera(  710): <SENSOR><ERROR> 904: sensor_fc_report_meta: Failed to get exposure time
06-02 19:27:59.371 I/QCamera (  710): <MCI><INFO> mm_stream_dispatch_app_data: 415: E, my_handle = 0x4901, fd = 78, state = 6
06-02 19:27:59.371 I/QCamera (  710): <MCI><INFO> mm_stream_dispatch_app_data: 436: frame_sync.is_active = 0, is_cb_active = 1
06-02 19:27:59.372 I/QCamera (  710): <MCI><INFO> mm_stream_dispatch_app_data: 457: Enter callback by blackjoe
06-02 19:27:59.372 E/mm-camera(  710): <MCT   ><ERROR> 2722: mct_stream_process_bus_msg: Check the runing function blackjoe 
06-02 19:27:59.372 E/mm-camera(  710): <MCT   ><ERROR> 2755: mct_stream_process_bus_msg: isp_sof_bus_msg is 0xe8800d00
06-02 19:27:59.372 E/mm-camera(  710): <MCT   ><ERROR> 2757: mct_stream_process_bus_msg: frameid is 34 hal_version is 3
06-02 19:27:59.372 E/mm-camera(  710): <MCT   ><ERROR> 2759: mct_stream_process_bus_msg: kstate_ptr is 0xe5a85a84, isp_kstate_ptr is 0xe9788000
06-02 19:27:59.372 E/mm-camera(  710): <MCT   ><ERROR> 2765: mct_stream_process_bus_msg: frame_id is 34
06-02 19:27:59.373 E/QCamera (  710): <MCI><ERROR> mm_stream_data_notify: 337: E, my_handle = 0x4800, fd = 68, state = 6 blackjoe
06-02 19:27:59.373 E/QCamera (  710): <MCI><ERROR> mm_stream_read_msm_frame: 1723: E, my_handle = 0x4800, fd = 68, state = 6 blackjoe
06-02 19:27:59.374 I/QCamera (  710): <MCI><INFO> mm_stream_read_msm_frame: 1770: VIDIOC_DQBUF buf_index 15, frame_idx 33, stream type 7, rc 0,queued: 17, buf_type = 0 flags = 8192 FD = 68 my_num 0 buf fd 112
06-02 19:27:59.374 E/QCamera (  710): <MCI><ERROR> mm_stream_read_msm_frame: 1790: X rc = 0
06-02 19:27:59.374 I/QCamera (  710): <MCI><INFO> mm_stream_handle_rcvd_buf: 220: E, my_handle = 0x4800, fd = 68, state = 6
06-02 19:27:59.374 I/QCamera (  710): <MCI><INFO> mm_stream_handle_rcvd_buf: 244: has cb and it is active by blackjoe
06-02 19:27:59.375 I/QCamera (  710): <MCI><INFO> mm_stream_dispatch_app_data: 415: E, my_handle = 0x4800, fd = 68, state = 6
06-02 19:27:59.375 I/QCamera (  710): <MCI><INFO> mm_stream_dispatch_app_data: 436: frame_sync.is_active = 0, is_cb_active = 1
06-02 19:27:59.375 I/QCamera (  710): <MCI><INFO> mm_stream_dispatch_app_data: 457: Enter callback by blackjoe
06-02 19:27:59.377 E/mm-camera(  710): <STATS_AIS ><ERROR> 1316: dsps_process_response_gyro: Query request denied, error code = 5, QId_valid = 1, QueryId = 0x220a, AckNak_valid = 1, AckNak = 3
06-02 19:27:59.385 E/mm-camera(  710): <MCT   ><ERROR> 4828: mct_pipeline_process_serv_msg: pipeline blackjoe data->sessionid 3 pipeline->session 3 msgid 3
06-02 19:27:59.385 E/mm-camera(  710): <MCT   ><ERROR> 4299: mct_pipeline_process_set: command is 0x8000014 blackjoe CAM_PRIV_PARM 0x8000014
06-02 19:27:59.404 E/QCamera (  710): <MCI><ERROR> mm_stream_data_notify: 337: E, my_handle = 0x4901, fd = 78, state = 6 blackjoe
06-02 19:27:59.404 E/QCamera (  710): <MCI><ERROR> mm_stream_read_msm_frame: 1723: E, my_handle = 0x4901, fd = 78, state = 6 blackjoe
06-02 19:27:59.405 E/mm-camera(  710): <SENSOR><ERROR> 4883: sensor_get_frame_duration: resolution is invalid, it seems stream has stopped.
06-02 19:27:59.405 I/QCamera (  710): <MCI><INFO> mm_stream_read_msm_frame: 1770: VIDIOC_DQBUF buf_index 7, frame_idx 34, stream type 8, rc 0,queued: 5, buf_type = 0 flags = 8192 FD = 78 my_num 0 buf fd 137
06-02 19:27:59.405 E/mm-camera(  710): <SENSOR><ERROR> 884: sensor_fc_report_meta: Failed to get frame duration
06-02 19:27:59.405 E/QCamera (  710): <MCI><ERROR> mm_stream_read_msm_frame: 1790: X rc = 0
06-02 19:27:59.405 E/mm-camera(  710): <SENSOR><ERROR> 4805: sensor_get_exposure_time: resolution is invalid, it seems stream has stopped.
06-02 19:27:59.405 I/QCamera (  710): <MCI><INFO> mm_stream_handle_rcvd_buf: 220: E, my_handle = 0x4901, fd = 78, state = 6
06-02 19:27:59.405 E/mm-camera(  710): <SENSOR><ERROR> 904: sensor_fc_report_meta: Failed to get exposure time
06-02 19:27:59.405 I/QCamera (  710): <MCI><INFO> mm_stream_handle_rcvd_buf: 244: has cb and it is active by blackjoe
06-02 19:27:59.406 I/QCamera (  710): <MCI><INFO> mm_stream_dispatch_app_data: 415: E, my_handle = 0x4901, fd = 78, state = 6
06-02 19:27:59.406 I/QCamera (  710): <MCI><INFO> mm_stream_dispatch_app_data: 436: frame_sync.is_active = 0, is_cb_active = 1
06-02 19:27:59.406 I/QCamera (  710): <MCI><INFO> mm_stream_dispatch_app_data: 457: Enter callback by blackjoe
06-02 19:27:59.406 E/mm-camera(  710): <MCT   ><ERROR> 2722: mct_stream_process_bus_msg: Check the runing function blackjoe 
06-02 19:27:59.406 E/mm-camera(  710): <MCT   ><ERROR> 2755: mct_stream_process_bus_msg: isp_sof_bus_msg is 0xe8801de0
06-02 19:27:59.406 E/mm-camera(  710): <MCT   ><ERROR> 2757: mct_stream_process_bus_msg: frameid is 35 hal_version is 3
06-02 19:27:59.406 E/mm-camera(  710): <MCT   ><ERROR> 2759: mct_stream_process_bus_msg: kstate_ptr is 0xe5a85a84, isp_kstate_ptr is 0xe9788000
06-02 19:27:59.407 E/mm-camera(  710): <MCT   ><ERROR> 2765: mct_stream_process_bus_msg: frame_id is 35
06-02 19:27:59.407 E/QCamera (  710): <MCI><ERROR> mm_stream_data_notify: 337: E, my_handle = 0x4800, fd = 68, state = 6 blackjoe
06-02 19:27:59.407 E/QCamera (  710): <MCI><ERROR> mm_stream_read_msm_frame: 1723: E, my_handle = 0x4800, fd = 68, state = 6 blackjoe
06-02 19:27:59.407 I/QCamera (  710): <MCI><INFO> mm_stream_read_msm_frame: 1770: VIDIOC_DQBUF buf_index 16, frame_idx 34, stream type 7, rc 0,queued: 17, buf_type = 0 flags = 8192 FD = 68 my_num 0 buf fd 114
06-02 19:27:59.407 E/QCamera (  710): <MCI><ERROR> mm_stream_read_msm_frame: 1790: X rc = 0
06-02 19:27:59.408 I/QCamera (  710): <MCI><INFO> mm_stream_handle_rcvd_buf: 220: E, my_handle = 0x4800, fd = 68, state = 6
06-02 19:27:59.408 I/QCamera (  710): <MCI><INFO> mm_stream_handle_rcvd_buf: 244: has cb and it is active by blackjoe
06-02 19:27:59.408 I/QCamera (  710): <MCI><INFO> mm_stream_dispatch_app_data: 415: E, my_handle = 0x4800, fd = 68, state = 6
06-02 19:27:59.408 I/QCamera (  710): <MCI><INFO> mm_stream_dispatch_app_data: 436: frame_sync.is_active = 0, is_cb_active = 1
06-02 19:27:59.408 I/QCamera (  710): <MCI><INFO> mm_stream_dispatch_app_data: 457: Enter callback by blackjoe
06-02 19:27:59.411 E/mm-camera(  710): <STATS_AIS ><ERROR> 1316: dsps_process_response_gyro: Query request denied, error code = 5, QId_valid = 1, QueryId = 0x230a, AckNak_valid = 1, AckNak = 3
06-02 19:27:59.413 E/mm-camera(  710): <MCT   ><ERROR> 4828: mct_pipeline_process_serv_msg: pipeline blackjoe data->sessionid 3 pipeline->session 3 msgid 3
06-02 19:27:59.413 E/mm-camera(  710): <MCT   ><ERROR> 4299: mct_pipeline_process_set: command is 0x8000014 blackjoe CAM_PRIV_PARM 0x8000014
06-02 19:27:59.439 E/QCamera (  710): <MCI><ERROR> mm_stream_data_notify: 337: E, my_handle = 0x4901, fd = 78, state = 6 blackjoe
06-02 19:27:59.439 E/QCamera (  710): <MCI><ERROR> mm_stream_read_msm_frame: 1723: E, my_handle = 0x4901, fd = 78, state = 6 blackjoe
06-02 19:27:59.440 E/mm-camera(  710): <SENSOR><ERROR> 4883: sensor_get_frame_duration: resolution is invalid, it seems stream has stopped.
06-02 19:27:59.440 I/QCamera (  710): <MCI><INFO> mm_stream_read_msm_frame: 1770: VIDIOC_DQBUF buf_index 8, frame_idx 35, stream type 8, rc 0,queued: 5, buf_type = 0 flags = 8192 FD = 78 my_num 0 buf fd 142
06-02 19:27:59.440 E/mm-camera(  710): <SENSOR><ERROR> 884: sensor_fc_report_meta: Failed to get frame duration
06-02 19:27:59.441 E/QCamera (  710): <MCI><ERROR> mm_stream_read_msm_frame: 1790: X rc = 0
06-02 19:27:59.441 I/QCamera (  710): <MCI><INFO> mm_stream_handle_rcvd_buf: 220: E, my_handle = 0x4901, fd = 78, state = 6
06-02 19:27:59.441 E/mm-camera(  710): <SENSOR><ERROR> 4805: sensor_get_exposure_time: resolution is invalid, it seems stream has stopped.
06-02 19:27:59.441 I/QCamera (  710): <MCI><INFO> mm_stream_handle_rcvd_buf: 244: has cb and it is active by blackjoe
06-02 19:27:59.441 E/mm-camera(  710): <SENSOR><ERROR> 904: sensor_fc_report_meta: Failed to get exposure time
06-02 19:27:59.442 I/QCamera (  710): <MCI><INFO> mm_stream_dispatch_app_data: 415: E, my_handle = 0x4901, fd = 78, state = 6
06-02 19:27:59.442 I/QCamera (  710): <MCI><INFO> mm_stream_dispatch_app_data: 436: frame_sync.is_active = 0, is_cb_active = 1
06-02 19:27:59.442 I/QCamera (  710): <MCI><INFO> mm_stream_dispatch_app_data: 457: Enter callback by blackjoe
06-02 19:27:59.443 E/mm-camera(  710): <MCT   ><ERROR> 2722: mct_stream_process_bus_msg: Check the runing function blackjoe 
06-02 19:27:59.443 E/mm-camera(  710): <MCT   ><ERROR> 2755: mct_stream_process_bus_msg: isp_sof_bus_msg is 0xe8800eb0
06-02 19:27:59.443 E/mm-camera(  710): <MCT   ><ERROR> 2757: mct_stream_process_bus_msg: frameid is 36 hal_version is 3
06-02 19:27:59.444 E/mm-camera(  710): <MCT   ><ERROR> 2759: mct_stream_process_bus_msg: kstate_ptr is 0xe5a85a84, isp_kstate_ptr is 0xe9788000
06-02 19:27:59.445 E/mm-camera(  710): <MCT   ><ERROR> 2765: mct_stream_process_bus_msg: frame_id is 36
06-02 19:27:59.446 E/QCamera (  710): <MCI><ERROR> mm_stream_data_notify: 337: E, my_handle = 0x4800, fd = 68, state = 6 blackjoe
06-02 19:27:59.446 E/QCamera (  710): <MCI><ERROR> mm_stream_read_msm_frame: 1723: E, my_handle = 0x4800, fd = 68, state = 6 blackjoe
06-02 19:27:59.447 I/QCamera (  710): <MCI><INFO> mm_stream_read_msm_frame: 1770: VIDIOC_DQBUF buf_index 17, frame_idx 35, stream type 7, rc 0,queued: 17, buf_type = 0 flags = 8192 FD = 68 my_num 0 buf fd 116
06-02 19:27:59.447 E/QCamera (  710): <MCI><ERROR> mm_stream_read_msm_frame: 1790: X rc = 0
06-02 19:27:59.447 I/QCamera (  710): <MCI><INFO> mm_stream_handle_rcvd_buf: 220: E, my_handle = 0x4800, fd = 68, state = 6
06-02 19:27:59.448 I/QCamera (  710): <MCI><INFO> mm_stream_handle_rcvd_buf: 244: has cb and it is active by blackjoe
06-02 19:27:59.448 I/QCamera (  710): <MCI><INFO> mm_stream_dispatch_app_data: 415: E, my_handle = 0x4800, fd = 68, state = 6
06-02 19:27:59.449 I/QCamera (  710): <MCI><INFO> mm_stream_dispatch_app_data: 436: frame_sync.is_active = 0, is_cb_active = 1
06-02 19:27:59.449 E/mm-camera(  710): <STATS_AIS ><ERROR> 1316: dsps_process_response_gyro: Query request denied, error code = 5, QId_valid = 1, QueryId = 0x240a, AckNak_valid = 1, AckNak = 3
06-02 19:27:59.449 I/QCamera (  710): <MCI><INFO> mm_stream_dispatch_app_data: 457: Enter callback by blackjoe
06-02 19:27:59.461 E/mm-camera(  710): <MCT   ><ERROR> 4828: mct_pipeline_process_serv_msg: pipeline blackjoe data->sessionid 3 pipeline->session 3 msgid 3
06-02 19:27:59.462 E/mm-camera(  710): <MCT   ><ERROR> 4299: mct_pipeline_process_set: command is 0x8000014 blackjoe CAM_PRIV_PARM 0x8000014
06-02 19:27:59.511 E/QCamera (  710): <MCI><ERROR> mm_stream_data_notify: 337: E, my_handle = 0x4901, fd = 78, state = 6 blackjoe
06-02 19:27:59.511 E/QCamera (  710): <MCI><ERROR> mm_stream_read_msm_frame: 1723: E, my_handle = 0x4901, fd = 78, state = 6 blackjoe
06-02 19:27:59.512 E/mm-camera(  710): <SENSOR><ERROR> 4883: sensor_get_frame_duration: resolution is invalid, it seems stream has stopped.
06-02 19:27:59.512 I/QCamera (  710): <MCI><INFO> mm_stream_read_msm_frame: 1770: VIDIOC_DQBUF buf_index 9, frame_idx 36, stream type 8, rc 0,queued: 5, buf_type = 0 flags = 8192 FD = 78 my_num 0 buf fd 140
06-02 19:27:59.512 E/mm-camera(  710): <SENSOR><ERROR> 884: sensor_fc_report_meta: Failed to get frame duration
06-02 19:27:59.512 E/QCamera (  710): <MCI><ERROR> mm_stream_read_msm_frame: 1790: X rc = 0
06-02 19:27:59.512 E/mm-camera(  710): <SENSOR><ERROR> 4805: sensor_get_exposure_time: resolution is invalid, it seems stream has stopped.
06-02 19:27:59.512 I/QCamera (  710): <MCI><INFO> mm_stream_handle_rcvd_buf: 220: E, my_handle = 0x4901, fd = 78, state = 6
06-02 19:27:59.512 E/mm-camera(  710): <SENSOR><ERROR> 904: sensor_fc_report_meta: Failed to get exposure time
06-02 19:27:59.512 I/QCamera (  710): <MCI><INFO> mm_stream_handle_rcvd_buf: 244: has cb and it is active by blackjoe
06-02 19:27:59.513 I/QCamera (  710): <MCI><INFO> mm_stream_dispatch_app_data: 415: E, my_handle = 0x4901, fd = 78, state = 6
06-02 19:27:59.513 I/QCamera (  710): <MCI><INFO> mm_stream_dispatch_app_data: 436: frame_sync.is_active = 0, is_cb_active = 1
06-02 19:27:59.513 I/QCamera (  710): <MCI><INFO> mm_stream_dispatch_app_data: 457: Enter callback by blackjoe
06-02 19:27:59.513 E/mm-camera(  710): <MCT   ><ERROR> 2722: mct_stream_process_bus_msg: Check the runing function blackjoe 
06-02 19:27:59.513 E/mm-camera(  710): <MCT   ><ERROR> 2755: mct_stream_process_bus_msg: isp_sof_bus_msg is 0xe88017b0
06-02 19:27:59.513 E/mm-camera(  710): <MCT   ><ERROR> 2757: mct_stream_process_bus_msg: frameid is 37 hal_version is 3
06-02 19:27:59.513 E/mm-camera(  710): <MCT   ><ERROR> 2759: mct_stream_process_bus_msg: kstate_ptr is 0xe5a85a84, isp_kstate_ptr is 0xe9788000
06-02 19:27:59.514 E/mm-camera(  710): <MCT   ><ERROR> 2765: mct_stream_process_bus_msg: frame_id is 37
06-02 19:27:59.514 E/QCamera (  710): <MCI><ERROR> mm_stream_data_notify: 337: E, my_handle = 0x4800, fd = 68, state = 6 blackjoe
06-02 19:27:59.514 E/QCamera (  710): <MCI><ERROR> mm_stream_read_msm_frame: 1723: E, my_handle = 0x4800, fd = 68, state = 6 blackjoe
06-02 19:27:59.515 I/QCamera (  710): <MCI><INFO> mm_stream_read_msm_frame: 1770: VIDIOC_DQBUF buf_index 0, frame_idx 36, stream type 7, rc 0,queued: 17, buf_type = 0 flags = 8192 FD = 68 my_num 0 buf fd 82
06-02 19:27:59.515 E/QCamera (  710): <MCI><ERROR> mm_stream_read_msm_frame: 1790: X rc = 0
06-02 19:27:59.515 I/QCamera (  710): <MCI><INFO> mm_stream_handle_rcvd_buf: 220: E, my_handle = 0x4800, fd = 68, state = 6
06-02 19:27:59.515 I/QCamera (  710): <MCI><INFO> mm_stream_handle_rcvd_buf: 244: has cb and it is active by blackjoe
06-02 19:27:59.517 I/QCamera (  710): <MCI><INFO> mm_stream_dispatch_app_data: 415: E, my_handle = 0x4800, fd = 68, state = 6
06-02 19:27:59.517 I/QCamera (  710): <MCI><INFO> mm_stream_dispatch_app_data: 436: frame_sync.is_active = 0, is_cb_active = 1
06-02 19:27:59.517 I/QCamera (  710): <MCI><INFO> mm_stream_dispatch_app_data: 457: Enter callback by blackjoe
06-02 19:27:59.518 E/mm-camera(  710): <STATS_AIS ><ERROR> 1316: dsps_process_response_gyro: Query request denied, error code = 5, QId_valid = 1, QueryId = 0x250a, AckNak_valid = 1, AckNak = 3
06-02 19:27:59.527 E/mm-camera(  710): <MCT   ><ERROR> 4828: mct_pipeline_process_serv_msg: pipeline blackjoe data->sessionid 3 pipeline->session 3 msgid 3
--------- beginning of kernel
06-02 19:28:12.244 D/logd    (    0): logdr: UID=0 GID=0 PID=11284 b tail=0 logMask=99 pid=0 start=0ns timeout=0ns
06-02 19:28:12.387 I/IRQ 6   (    0): no longer affine to CPU7
06-02 19:28:14.628 D/EventSequenceValidator( 1599): Transition from INTENT_FAILED to INTENT_STARTED
--------- beginning of system
06-02 19:28:14.628 I/ActivityTaskManager( 1599): START u0 {flg=0x10000000 cmp=sdl.android.testapp/.SW_Decode_Android_TestApp_Activity} from uid 0
06-02 19:28:14.645 I/perfetto(  977): ing_service_impl.cc:758 Configured tracing session 26, #sources:1, duration:5000 ms, #buffers:1, total buffer size:4096 KB, total sessions:1, uid:1071 session name: ""
06-02 19:28:14.647 D/EventSequenceValidator( 1599): Transition from INTENT_STARTED to INTENT_FAILED
06-02 19:28:14.649 I/perfetto(  975): probes_producer.cc:230  Ftrace setup (target_buf=26)
06-02 19:28:14.650 E/perfetto(  975): ace_config_muxer.cc:443 ftrace in use by non-Perfetto.
06-02 19:28:14.650 E/perfetto(  975): probes_producer.cc:238  Failed to setup ftrace
06-02 19:28:14.650 E/perfetto(  975): probes_producer.cc:176  Failed to create data source 'linux.ftrace'
06-02 19:28:14.652 E/perfetto(  975): probes_producer.cc:191  Data source id=26 not found
06-02 19:28:14.943 E/WifiScoringParams( 1599): Invalid frequency(-1), using 5G as default rssi array
06-02 19:28:14.962 D/WifiNative( 1599): Scan trigered from WifiNative
06-02 19:28:14.966 V/WifiHAL ( 1348): event received NL80211_CMD_TRIGGER_SCAN
06-02 19:28:14.970 V/WifiHAL (  741): event received NL80211_CMD_TRIGGER_SCAN
06-02 19:28:15.663 I/init    (    0): starting service 'qccsyshalservice'...
06-02 19:28:15.713 I/init    (    0): starting service 'qccvndhalservice'...
06-02 19:28:15.835 I/qccsyshalservice(11305): Start with system binder
06-02 19:28:15.837 I/qccsyshalservice(11305): Registering qccsyshal service...
06-02 19:28:15.840 I/hwservicemanager(  501): getTransport: Cannot find entry vendor.qti.hardware.qccsyshal@1.0::IQccsyshal/qccsyshal in either framework or device manifest.
06-02 19:28:15.841 E/HidlServiceManagement(11305): Service vendor.qti.hardware.qccsyshal@1.0::IQccsyshal/qccsyshal must be in VINTF manifest in order to register/get.
06-02 19:28:15.841 E/qccsyshalservice(11305): [ERROR] registerAsService() failed with status: -2147483648
06-02 19:28:15.801 I/init    (    0): Service 'qccsyshalservice' (pid 11305) exited with status 1
06-02 19:28:15.801 I/init    (    0): Sending signal 9 to service 'qccsyshalservice' (pid 11305) process group...
06-02 19:28:15.802 I/libprocessgroup(    0): Successfully killed process cgroup uid 1000 pid 11305 in 0ms
06-02 19:28:15.873 I/vendor.qti.hardware.qccvndhal@1.0-service(11306): Start with vendor binder
06-02 19:28:15.875 I/vendor.qti.hardware.qccvndhal@1.0-service(11306): Registering qccvndhal service...
06-02 19:28:15.880 I/hwservicemanager(  501): getTransport: Cannot find entry vendor.qti.hardware.qccvndhal@1.0::IQccvndhal/qccvndhal in either framework or device manifest.
06-02 19:28:15.881 E/HidlServiceManagement(11306): Service vendor.qti.hardware.qccvndhal@1.0::IQccvndhal/qccvndhal must be in VINTF manifest in order to register/get.
06-02 19:28:15.881 E/vendor.qti.hardware.qccvndhal@1.0-service(11306): [ERROR] registerAsService() failed with status: -2147483648
06-02 19:28:15.844 I/init    (    0): Service 'qccvndhalservice' (pid 11306) exited with status 1
06-02 19:28:15.844 I/init    (    0): Sending signal 9 to service 'qccvndhalservice' (pid 11306) process group...
06-02 19:28:15.846 I/libprocessgroup(    0): Successfully killed process cgroup uid 1000 pid 11306 in 0ms
06-02 19:28:16.998 E/[schedu][0x116f3055dbe][19:28:17.047692] wlan(    0): [2070:E:scan] scm_11d_elected_country_algo_fcc: 98: No AP with 11d Country code is present in scan list
06-02 19:28:16.998 E/FUSIONWL(    0): : ==Regulatory_elect_country_db==: No AP with 11d Country code is present in scan list
06-02 19:28:17.073 V/WifiHAL ( 1348): event received NL80211_CMD_NEW_SCAN_RESULTS
06-02 19:28:17.012 E/FUSIONWL(    0): : ==Regulatory_scan_country_list_db_reset==: Reset complete for scan country list
06-02 19:28:17.073 D/WifiNl80211Manager( 1599): Scan result ready event
06-02 19:28:17.075 D/WifiNative( 1599): Scan result ready event
06-02 19:28:17.079 V/WifiHAL (  741): event received NL80211_CMD_NEW_SCAN_RESULTS
06-02 19:28:17.085 D/ZebraRttProvider.FusionEngine( 3675): receive broadcast intent, action: android.net.wifi.SCAN_RESULTS
06-02 19:28:17.086 D/FusionLoggerService( 4653): onReceive = android.net.wifi.SCAN_RESULTS
06-02 19:28:17.086 I/FusionManager( 4653): getCountry ENTER
06-02 19:28:17.087 D/vendor.zebra.fusion@1.0-service(  811): is80211dEnabled: returns 1
06-02 19:28:17.087 E/FusionServiceImpl( 4680): is80211dEnabled true
06-02 19:28:17.089 I/fusionconfd( 1348): getDriverCountry ENTER
06-02 19:28:17.095 D/FusionLoggerService( 4653): Country unchanged
06-02 19:28:19.651 I/perfetto(  975): probes_producer.cc:329  Producer stop (id=26)
06-02 19:28:19.652 E/perfetto(  975): probes_producer.cc:333  Cannot stop data source id=26, not found
06-02 19:28:20.711 I/init    (    0): starting service 'qccsyshalservice'...
06-02 19:28:20.754 I/init    (    0): starting service 'qccvndhalservice'...
06-02 19:28:20.877 I/qccsyshalservice(11310): Start with system binder
06-02 19:28:20.878 I/qccsyshalservice(11310): Registering qccsyshal service...
06-02 19:28:20.880 I/hwservicemanager(  501): getTransport: Cannot find entry vendor.qti.hardware.qccsyshal@1.0::IQccsyshal/qccsyshal in either framework or device manifest.
06-02 19:28:20.882 E/HidlServiceManagement(11310): Service vendor.qti.hardware.qccsyshal@1.0::IQccsyshal/qccsyshal must be in VINTF manifest in order to register/get.
06-02 19:28:20.882 E/qccsyshalservice(11310): [ERROR] registerAsService() failed with status: -2147483648
06-02 19:28:20.842 I/init    (    0): Service 'qccsyshalservice' (pid 11310) exited with status 1
06-02 19:28:20.842 I/init    (    0): Sending signal 9 to service 'qccsyshalservice' (pid 11310) process group...
06-02 19:28:20.843 I/libprocessgroup(    0): Successfully killed process cgroup uid 1000 pid 11310 in 0ms
06-02 19:28:20.913 I/vendor.qti.hardware.qccvndhal@1.0-service(11311): Start with vendor binder
06-02 19:28:20.915 I/vendor.qti.hardware.qccvndhal@1.0-service(11311): Registering qccvndhal service...
06-02 19:28:20.919 I/hwservicemanager(  501): getTransport: Cannot find entry vendor.qti.hardware.qccvndhal@1.0::IQccvndhal/qccvndhal in either framework or device manifest.
06-02 19:28:20.920 E/HidlServiceManagement(11311): Service vendor.qti.hardware.qccvndhal@1.0::IQccvndhal/qccvndhal must be in VINTF manifest in order to register/get.
06-02 19:28:20.920 E/vendor.qti.hardware.qccvndhal@1.0-service(11311): [ERROR] registerAsService() failed with status: -2147483648
06-02 19:28:20.885 I/init    (    0): Service 'qccvndhalservice' (pid 11311) exited with status 1
06-02 19:28:20.885 I/init    (    0): Sending signal 9 to service 'qccvndhalservice' (pid 11311) process group...
06-02 19:28:20.886 I/libprocessgroup(    0): Successfully killed process cgroup uid 1000 pid 11311 in 0ms
06-02 19:28:21.368 I/IRQ 6   (    0): no longer affine to CPU7
06-02 19:28:22.542 W/healthd (    0): battery l=21 v=3384 t=27.0 h=2 st=2 c=-539550 fc=0 cc=7 chg=u
06-02 19:28:22.619 D/BatteryService( 1599): level : 21 / status : 2/Health : 2/Decommission : 0
06-02 19:28:22.623 D/ZebraRttProvider.FusionEngine( 3675): receive broadcast intent, action: android.intent.action.BATTERY_CHANGED
06-02 19:28:22.623 D/ZebraRttProvider.FusionEngine( 3675): Battery Level = 21
06-02 19:28:22.623 D/ZebraRttProvider.FusionEngine( 3675): receive broadcast intent, action: android.intent.action.BATTERY_CHANGED
06-02 19:28:22.624 D/BatterySwapServ( 3420): onReceive BATTERY_CHANGED
06-02 19:28:22.624 D/HighTemperatureReceiver( 5142): Receive action: android.intent.action.BATTERY_CHANGED
06-02 19:28:22.624 D/BatterySwapServ( 3420): battery changed: present=true level=21 plugType=2 shutdownLevel=6 batteryType = 201 serialnumber =T5017
06-02 19:28:22.624 W/ContextImpl( 3222): Calling a method in the system process without a qualified user: android.app.ContextImpl.startService:1669 android.content.ContextWrapper.startService:720 com.symbol.batterymanager.model.BatteryManagerReceiver.startBatteryApplicationService:81 com.symbol.batterymanager.model.BatteryManagerReceiver.onReceive:47 android.app.LoadedApk$ReceiverDispatcher$Args.lambda$getRunnable$0$LoadedApk$ReceiverDispatcher$Args:1580 
06-02 19:28:22.625 D/UsbCradleMode( 5461): onReceive:Battery change, status:2
06-02 19:28:22.625 D/com.symbol.dataanalytics.a.a.d.b( 4592): Received battery event
06-02 19:28:22.625 D/com.symbol.dataanalytics.a.a.d.b( 4592): BatteryFactory event action = android.intent.action.BATTERY_CHANGED
06-02 19:28:22.626 D/KeyguardUpdateMonitor( 6499): received broadcast android.intent.action.BATTERY_CHANGED
06-02 19:28:22.630 V/BatteryApplicationService( 3222): BatteryType  201
06-02 19:28:22.673 D/KeyguardUpdateMonitor( 6499): handleBatteryUpdate
06-02 19:28:22.714 D/OSUService( 3163): dev-dbg:is_charging current_now -539550, batteryLevel: 21, isCharging(isCharging): true
06-02 19:28:22.714 D/OSUService( 3163): dev-dbg:is_charging ADAPTER_CHARGE_LIMIIT 500000
06-02 19:28:22.714 D/OSUService( 3163): dev-dbg:is_charging current_now > ADAPTER_CHARGE_LIMIIT false
06-02 19:28:22.714 D/OSUService( 3163): dev-dbg:is_charging conditionCheck false
06-02 19:28:22.714 D/OSUService( 3163): dev-dbg: battery change intent batteryLevel: 21, is_charging(context): false, STATE: 1
06-02 19:28:22.722 D/OSUService( 3163): dev-dbg:is_charging current_now -539550, batteryLevel: 21, isCharging(isCharging): true
06-02 19:28:22.723 D/OSUService( 3163): dev-dbg:is_charging ADAPTER_CHARGE_LIMIIT 500000
06-02 19:28:22.723 D/OSUService( 3163): dev-dbg:is_charging current_now > ADAPTER_CHARGE_LIMIIT false
06-02 19:28:22.723 D/OSUService( 3163): dev-dbg:is_charging conditionCheck false
06-02 19:28:22.723 D/OSUService( 3163): dev-dbg: calling for suspend
06-02 19:28:22.723 I/OSUService( 3163): handle_ab_suspend -1 2
06-02 19:28:22.723 E/OSUService( 3163): Can't Suspend - there are no update in progress
06-02 19:28:22.723 D/OSUService( 3163): dev-dbg: battery change intent finished
06-02 19:28:24.651 W/perfetto(  977): ng_service_impl.cc:1275 Timeout while waiting for ACKs for tracing session 26
06-02 19:28:24.659 I/perfetto(  977): ng_service_impl.cc:1948 Tracing session 26 ended, total sessions:0
06-02 19:28:24.945 E/WifiScoringParams( 1599): Invalid frequency(-1), using 5G as default rssi array
06-02 19:28:24.966 D/WifiNative( 1599): Scan trigered from WifiNative
06-02 19:28:24.972 V/WifiHAL ( 1348): event received NL80211_CMD_TRIGGER_SCAN
06-02 19:28:24.974 V/WifiHAL (  741): event received NL80211_CMD_TRIGGER_SCAN
06-02 19:28:22.623 I/chatty  (    0): uid=0(root) logd identical 3 lines
06-02 19:28:22.649 W/healthd (    0): battery l=21 v=3384 t=27.0 h=2 st=2 c=-539550 fc=0 cc=7 chg=u
06-02 19:28:24.919 I/FUSIONWL(    0): : ==ChannelMask_GetChannels==: Dropping channel 144, not valid
06-02 19:28:24.919 I/FUSIONWL(    0): : ==ChannelMask_GetChannels==: Band Auto, Ch list length 37
06-02 19:28:25.059 D/CompatibilityInfo( 1599): mCompatibilityFlags - 4
06-02 19:28:25.059 D/CompatibilityInfo( 1599): applicationDensity - 240
06-02 19:28:25.059 D/CompatibilityInfo( 1599): applicationScale - 1.0
06-02 19:28:25.065 I/NextSubtest service( 7609): hit
06-02 19:28:25.016 E/        (    0): [SDL] misc_ioctl msg.len is 3 : 0x77 0x03 0x86
06-02 19:28:25.066 D/SW_Decode_Android_TestApp_Activity( 7609): GetLastDecodedImageTests : 0
06-02 19:28:25.066 E/BCReader-JNI( 7609): mCancelCaptSession=0
06-02 19:28:25.026 E/        (    0): [SDL] misc_ioctl msg.len is 2 : 0x88 0x00
06-02 19:28:25.026 E/        (    0): [SDL] se47xx_misc_ioctl ret = -107
06-02 19:28:25.030 E/        (    0): [SDL] misc_ioctl msg.len is 2 : 0x88 0x00
06-02 19:28:25.035 E/        (    0): [SDL] misc_ioctl msg.len is 3 : 0x77 0x08 0x81
06-02 19:28:25.040 E/        (    0): [SDL] misc_ioctl msg.len is 2 : 0x88 0x00
06-02 19:28:25.045 E/        (    0): [SDL] misc_ioctl msg.len is 3 : 0x58 0x00 0xa8
06-02 19:28:25.051 E/        (    0): [SDL] misc_ioctl msg.len is 2 : 0xa7 0x00
06-02 19:28:25.056 E/        (    0): [SDL] misc_ioctl msg.len is 3 : 0x77 0x03 0x86
06-02 19:28:25.062 E/        (    0): [SDL] misc_ioctl msg.len is 2 : 0x88 0x00
06-02 19:28:25.067 E/        (    0): [SDL] misc_ioctl msg.len is 3 : 0x77 0x08 0x81
06-02 19:28:25.072 E/        (    0): [SDL] misc_ioctl msg.len is 2 : 0x88 0x00
06-02 19:28:25.078 E/        (    0): [SDL] misc_ioctl msg.len is 3 : 0x58 0x00 0xa8
06-02 19:28:25.083 E/        (    0): [SDL] misc_ioctl msg.len is 2 : 0xa7 0x00
06-02 19:28:25.088 E/        (    0): [SDL] misc_ioctl msg.len is 3 : 0x58 0x00 0xa8
06-02 19:28:25.094 E/        (    0): [SDL] misc_ioctl msg.len is 2 : 0xa7 0x00
06-02 19:28:25.149 D/BCReader-JNI( 7609): CHECK camera_status_t ZebraCamera::createCaptureSession() /swdec/SDL/MR-2022/Release/SDL-ALAS00-011-R00-D01/Framework.SDL_standard/project/Android/proj_BarCodeReaderSDL/jni/camera2.h 1741
06-02 19:28:25.149 D/BCReader-JNI( 7609): CHECK camera_status_t ZebraCamera::createCaptureSession() /swdec/SDL/MR-2022/Release/SDL-ALAS00-011-R00-D01/Framework.SDL_standard/project/Android/proj_BarCodeReaderSDL/jni/camera2.h 1757
06-02 19:28:25.149 D/BCReader-JNI( 7609): CHECK camera_status_t ZebraCamera::createCaptureSession() /swdec/SDL/MR-2022/Release/SDL-ALAS00-011-R00-D01/Framework.SDL_standard/project/Android/proj_BarCodeReaderSDL/jni/camera2.h 1769
06-02 19:28:25.149 D/BCReader-JNI( 7609): Call ACameraDevice_createCaptureSession createCaptureSession:1819
06-02 19:28:25.155 E/QCamera (  710): <HAL><ERROR> stop: 1656: Attempt to stop inactive channel
06-02 19:28:25.155 E/QCamera (  710): <HAL><ERROR> stop: 277: Attempt to stop inactive channel
06-02 19:28:25.155 I/QCamera (  710): <HAL><INFO> configureStreamsPerfLocked: 2399: stream[0] type = 0, format = 36, width = 1360, height = 800, rotation = 0, usage = 0x3
06-02 19:28:25.161 E/mm-camera(  710): <MCT   ><ERROR> 4828: mct_pipeline_process_serv_msg: pipeline blackjoe data->sessionid 3 pipeline->session 3 msgid 3
06-02 19:28:25.162 E/mm-camera(  710): <MCT   ><ERROR> 4299: mct_pipeline_process_set: command is 0x800000b blackjoe CAM_PRIV_PARM 0x8000014
06-02 19:28:25.162 I/mm-camera(  710): <MCT   >< INFO> 4302: mct_pipeline_process_set: command=800000b
06-02 19:28:25.162 I/mm-camera(  710): <MCT   >< INFO> 4547: mct_pipeline_process_set: Issuing DEL_STREAM on stream 0x30002 and stream type=8
06-02 19:28:25.162 I/mm-camera(  710): <IFACE >< INFO> 705: iface_unreserve_sink_port: stream_id 2 mode 0 
06-02 19:28:25.162 I/mm-camera(  710): <ISP   >< INFO> 948: isp_port_check_caps_unreserve: ide 30002 port 0xe86d42f0
06-02 19:28:25.162 I/mm-camera(  710): <MCT   >< INFO> 4570: mct_pipeline_process_set: Stream 0x30002 and stream type=8, successfully deleted
06-02 19:28:25.164 E/mm-camera(  710): <MCT   ><ERROR> 4828: mct_pipeline_process_serv_msg: pipeline blackjoe data->sessionid 3 pipeline->session 3 msgid 3
06-02 19:28:25.164 E/mm-camera(  710): <MCT   ><ERROR> 4299: mct_pipeline_process_set: command is 0x800000b blackjoe CAM_PRIV_PARM 0x8000014
06-02 19:28:25.164 I/mm-camera(  710): <MCT   >< INFO> 4302: mct_pipeline_process_set: command=800000b
06-02 19:28:25.164 I/mm-camera(  710): <MCT   >< INFO> 4547: mct_pipeline_process_set: Issuing DEL_STREAM on stream 0x30001 and stream type=7
06-02 19:28:25.165 I/mm-camera(  710): <MCT   >< INFO> 4570: mct_pipeline_process_set: Stream 0x30001 and stream type=7, successfully deleted
06-02 19:28:25.166 E/mm-camera(  710): <MCT   ><ERROR> 4828: mct_pipeline_process_serv_msg: pipeline blackjoe data->sessionid 3 pipeline->session 3 msgid 3
06-02 19:28:25.166 E/mm-camera(  710): <MCT   ><ERROR> 4299: mct_pipeline_process_set: command is 0x800000a blackjoe CAM_PRIV_PARM 0x8000014
06-02 19:28:25.166 I/mm-camera(  710): <MCT   >< INFO> 4302: mct_pipeline_process_set: command=800000a
06-02 19:28:25.217 D/blackjoe callstack(  710): #00 pc 0000b1c5  /vendor/lib/libmmcamera_interface.so (dump_stack_android+36)
06-02 19:28:25.217 D/blackjoe callstack(  710): #01 pc 0001a2af  /vendor/lib/libmmcamera_interface.so (mm_stream_config+66)
06-02 19:28:25.217 D/blackjoe callstack(  710): #02 pc 00019a71  /vendor/lib/libmmcamera_interface.so (mm_stream_fsm_acquired+100)
06-02 19:28:25.217 D/blackjoe callstack(  710): #03 pc 00019771  /vendor/lib/libmmcamera_interface.so (mm_stream_fsm_fn+168)
06-02 19:28:25.217 D/blackjoe callstack(  710): #04 pc 0001600d  /vendor/lib/libmmcamera_interface.so (mm_channel_config_stream+128)
06-02 19:28:25.217 D/blackjoe callstack(  710): #05 pc 00015117  /vendor/lib/libmmcamera_interface.so (mm_channel_fsm_fn_stopped+126)
06-02 19:28:25.217 D/blackjoe callstack(  710): #06 pc 00014fc3  /vendor/lib/libmmcamera_interface.so (mm_channel_fsm_fn+142)
06-02 19:28:25.217 D/blackjoe callstack(  710): #07 pc 00011479  /vendor/lib/libmmcamera_interface.so (mm_camera_config_stream+92)
06-02 19:28:25.217 D/blackjoe callstack(  710): #08 pc 0000e3a7  /vendor/lib/libmmcamera_interface.so (mm_camera_intf_config_stream+198)
