06-02 19:42:29.557 E/mm-camera(  710): <SENSOR><ERROR> 4883: sensor_get_frame_duration: resolution is invalid, it seems stream has stopped.
06-02 19:42:29.557 E/mm-camera(  710): <SENSOR><ERROR> 884: sensor_fc_report_meta: Failed to get frame duration
06-02 19:42:29.557 I/QCamera (  710): <MCI><INFO> mm_stream_read_msm_frame: 1770: VIDIOC_DQBUF buf_index 9, frame_idx 12, stream type 8, rc 0,queued: 5, buf_type = 0 flags = 8192 FD = 78 my_num 0 buf fd 130
06-02 19:42:29.557 E/mm-camera(  710): <SENSOR><ERROR> 4805: sensor_get_exposure_time: resolution is invalid, it seems stream has stopped.
06-02 19:42:29.557 E/QCamera (  710): <MCI><ERROR> mm_stream_read_msm_frame: 1790: X rc = 0
06-02 19:42:29.557 E/mm-camera(  710): <SENSOR><ERROR> 904: sensor_fc_report_meta: Failed to get exposure time
06-02 19:42:29.557 I/QCamera (  710): <MCI><INFO> mm_stream_handle_rcvd_buf: 220: E, my_handle = 0xa101, fd = 78, state = 6
06-02 19:42:29.557 I/QCamera (  710): <MCI><INFO> mm_stream_handle_rcvd_buf: 244: has cb and it is active by blackjoe
06-02 19:42:29.558 I/QCamera (  710): <MCI><INFO> mm_stream_dispatch_app_data: 415: E, my_handle = 0xa101, fd = 78, state = 6
06-02 19:42:29.558 I/QCamera (  710): <MCI><INFO> mm_stream_dispatch_app_data: 436: frame_sync.is_active = 0, is_cb_active = 1
06-02 19:42:29.558 E/mm-camera(  710): <MCT   ><ERROR> 2722: mct_stream_process_bus_msg: Check the runing function blackjoe 
06-02 19:42:29.507 E/        (    0): frame_src is 1 frame_id is 13 blackjoe
06-02 19:42:29.558 I/QCamera (  710): <MCI><INFO> mm_stream_dispatch_app_data: 457: Enter callback by blackjoe
06-02 19:42:29.558 E/mm-camera(  710): <MCT   ><ERROR> 2755: mct_stream_process_bus_msg: isp_sof_bus_msg is 0xe8800760
06-02 19:42:29.558 E/mm-camera(  710): <MCT   ><ERROR> 2757: mct_stream_process_bus_msg: frameid is 13 hal_version is 3
06-02 19:42:29.558 E/mm-camera(  710): <MCT   ><ERROR> 2759: mct_stream_process_bus_msg: kstate_ptr is 0xe5a85a84, isp_kstate_ptr is 0xe9788000
06-02 19:42:29.559 E/mm-camera(  710): <MCT   ><ERROR> 2765: mct_stream_process_bus_msg: frame_id is 13
06-02 19:42:29.559 E/QCamera (  710): <MCI><ERROR> mm_stream_data_notify: 337: E, my_handle = 0xa000, fd = 68, state = 6 blackjoe
06-02 19:42:29.559 E/QCamera (  710): <MCI><ERROR> mm_stream_read_msm_frame: 1723: E, my_handle = 0xa000, fd = 68, state = 6 blackjoe
06-02 19:42:29.559 I/QCamera (  710): <MCI><INFO> mm_stream_read_msm_frame: 1770: VIDIOC_DQBUF buf_index 12, frame_idx 12, stream type 7, rc 0,queued: 17, buf_type = 0 flags = 8192 FD = 68 my_num 0 buf fd 106
06-02 19:42:29.559 E/QCamera (  710): <MCI><ERROR> mm_stream_read_msm_frame: 1790: X rc = 0
06-02 19:42:29.560 I/QCamera (  710): <MCI><INFO> mm_stream_handle_rcvd_buf: 220: E, my_handle = 0xa000, fd = 68, state = 6
06-02 19:42:29.560 I/QCamera (  710): <MCI><INFO> mm_stream_handle_rcvd_buf: 244: has cb and it is active by blackjoe
06-02 19:42:29.560 I/QCamera (  710): <MCI><INFO> mm_stream_dispatch_app_data: 415: E, my_handle = 0xa000, fd = 68, state = 6
06-02 19:42:29.560 I/QCamera (  710): <MCI><INFO> mm_stream_dispatch_app_data: 436: frame_sync.is_active = 0, is_cb_active = 1
06-02 19:42:29.560 I/QCamera (  710): <MCI><INFO> mm_stream_dispatch_app_data: 457: Enter callback by blackjoe
06-02 19:42:29.562 E/mm-camera(  710): <STATS_AIS ><ERROR> 1316: dsps_process_response_gyro: Query request denied, error code = 5, QId_valid = 1, QueryId = 0xd0a, AckNak_valid = 1, AckNak = 3
06-02 19:42:29.565 E/mm-camera(  710): <MCT   ><ERROR> 4828: mct_pipeline_process_serv_msg: pipeline blackjoe data->sessionid 3 pipeline->session 3 msgid 3
06-02 19:42:29.566 E/mm-camera(  710): <MCT   ><ERROR> 4299: mct_pipeline_process_set: command is 0x8000014 blackjoe CAM_PRIV_PARM 0x8000014
06-02 19:42:29.591 E/QCamera (  710): <MCI><ERROR> mm_stream_data_notify: 337: E, my_handle = 0xa101, fd = 78, state = 6 blackjoe
06-02 19:42:29.591 E/QCamera (  710): <MCI><ERROR> mm_stream_read_msm_frame: 1723: E, my_handle = 0xa101, fd = 78, state = 6 blackjoe
06-02 19:42:29.591 E/mm-camera(  710): <SENSOR><ERROR> 4883: sensor_get_frame_duration: resolution is invalid, it seems stream has stopped.
06-02 19:42:29.591 I/QCamera (  710): <MCI><INFO> mm_stream_read_msm_frame: 1770: VIDIOC_DQBUF buf_index 10, frame_idx 13, stream type 8, rc 0,queued: 5, buf_type = 0 flags = 8192 FD = 78 my_num 0 buf fd 134
06-02 19:42:29.591 E/mm-camera(  710): <SENSOR><ERROR> 884: sensor_fc_report_meta: Failed to get frame duration
06-02 19:42:29.591 E/QCamera (  710): <MCI><ERROR> mm_stream_read_msm_frame: 1790: X rc = 0
06-02 19:42:29.591 E/mm-camera(  710): <SENSOR><ERROR> 4805: sensor_get_exposure_time: resolution is invalid, it seems stream has stopped.
06-02 19:42:29.591 I/QCamera (  710): <MCI><INFO> mm_stream_handle_rcvd_buf: 220: E, my_handle = 0xa101, fd = 78, state = 6
06-02 19:42:29.591 E/mm-camera(  710): <SENSOR><ERROR> 904: sensor_fc_report_meta: Failed to get exposure time
06-02 19:42:29.592 I/QCamera (  710): <MCI><INFO> mm_stream_handle_rcvd_buf: 244: has cb and it is active by blackjoe
06-02 19:42:29.592 I/QCamera (  710): <MCI><INFO> mm_stream_dispatch_app_data: 415: E, my_handle = 0xa101, fd = 78, state = 6
06-02 19:42:29.592 I/QCamera (  710): <MCI><INFO> mm_stream_dispatch_app_data: 436: frame_sync.is_active = 0, is_cb_active = 1
06-02 19:42:29.592 I/QCamera (  710): <MCI><INFO> mm_stream_dispatch_app_data: 457: Enter callback by blackjoe
06-02 19:42:29.592 E/mm-camera(  710): <MCT   ><ERROR> 2722: mct_stream_process_bus_msg: Check the runing function blackjoe 
06-02 19:42:29.592 E/mm-camera(  710): <MCT   ><ERROR> 2755: mct_stream_process_bus_msg: isp_sof_bus_msg is 0xe8800760
06-02 19:42:29.592 E/mm-camera(  710): <MCT   ><ERROR> 2757: mct_stream_process_bus_msg: frameid is 14 hal_version is 3
06-02 19:42:29.593 E/mm-camera(  710): <MCT   ><ERROR> 2759: mct_stream_process_bus_msg: kstate_ptr is 0xe5a85a84, isp_kstate_ptr is 0xe9788000
06-02 19:42:29.593 E/mm-camera(  710): <MCT   ><ERROR> 2765: mct_stream_process_bus_msg: frame_id is 14
06-02 19:42:29.593 E/QCamera (  710): <MCI><ERROR> mm_stream_data_notify: 337: E, my_handle = 0xa000, fd = 68, state = 6 blackjoe
06-02 19:42:29.593 E/QCamera (  710): <MCI><ERROR> mm_stream_read_msm_frame: 1723: E, my_handle = 0xa000, fd = 68, state = 6 blackjoe
06-02 19:42:29.593 I/QCamera (  710): <MCI><INFO> mm_stream_read_msm_frame: 1770: VIDIOC_DQBUF buf_index 13, frame_idx 13, stream type 7, rc 0,queued: 17, buf_type = 0 flags = 8192 FD = 68 my_num 0 buf fd 108
06-02 19:42:29.594 E/QCamera (  710): <MCI><ERROR> mm_stream_read_msm_frame: 1790: X rc = 0
06-02 19:42:29.594 I/QCamera (  710): <MCI><INFO> mm_stream_handle_rcvd_buf: 220: E, my_handle = 0xa000, fd = 68, state = 6
06-02 19:42:29.594 I/QCamera (  710): <MCI><INFO> mm_stream_handle_rcvd_buf: 244: has cb and it is active by blackjoe
06-02 19:42:29.594 I/QCamera (  710): <MCI><INFO> mm_stream_dispatch_app_data: 415: E, my_handle = 0xa000, fd = 68, state = 6
06-02 19:42:29.594 I/QCamera (  710): <MCI><INFO> mm_stream_dispatch_app_data: 436: frame_sync.is_active = 0, is_cb_active = 1
06-02 19:42:29.594 I/QCamera (  710): <MCI><INFO> mm_stream_dispatch_app_data: 457: Enter callback by blackjoe
06-02 19:42:29.541 E/        (    0): frame_src is 1 frame_id is 14 blackjoe
06-02 19:42:29.597 E/mm-camera(  710): <STATS_AIS ><ERROR> 1316: dsps_process_response_gyro: Query request denied, error code = 5, QId_valid = 1, QueryId = 0xe0a, AckNak_valid = 1, AckNak = 3
06-02 19:42:29.601 E/mm-camera(  710): <MCT   ><ERROR> 4828: mct_pipeline_process_serv_msg: pipeline blackjoe data->sessionid 3 pipeline->session 3 msgid 3
06-02 19:42:29.601 E/mm-camera(  710): <MCT   ><ERROR> 4299: mct_pipeline_process_set: command is 0x8000014 blackjoe CAM_PRIV_PARM 0x8000014
06-02 19:42:29.575 E/        (    0): frame_src is 1 frame_id is 15 blackjoe
06-02 19:42:29.625 E/QCamera (  710): <MCI><ERROR> mm_stream_data_notify: 337: E, my_handle = 0xa101, fd = 78, state = 6 blackjoe
06-02 19:42:29.625 E/QCamera (  710): <MCI><ERROR> mm_stream_read_msm_frame: 1723: E, my_handle = 0xa101, fd = 78, state = 6 blackjoe
06-02 19:42:29.625 E/mm-camera(  710): <SENSOR><ERROR> 4883: sensor_get_frame_duration: resolution is invalid, it seems stream has stopped.
06-02 19:42:29.625 E/mm-camera(  710): <SENSOR><ERROR> 884: sensor_fc_report_meta: Failed to get frame duration
06-02 19:42:29.626 I/QCamera (  710): <MCI><INFO> mm_stream_read_msm_frame: 1770: VIDIOC_DQBUF buf_index 11, frame_idx 14, stream type 8, rc 0,queued: 5, buf_type = 0 flags = 8192 FD = 78 my_num 0 buf fd 137
06-02 19:42:29.626 E/mm-camera(  710): <SENSOR><ERROR> 4805: sensor_get_exposure_time: resolution is invalid, it seems stream has stopped.
06-02 19:42:29.626 E/QCamera (  710): <MCI><ERROR> mm_stream_read_msm_frame: 1790: X rc = 0
06-02 19:42:29.626 E/mm-camera(  710): <SENSOR><ERROR> 904: sensor_fc_report_meta: Failed to get exposure time
06-02 19:42:29.626 I/QCamera (  710): <MCI><INFO> mm_stream_handle_rcvd_buf: 220: E, my_handle = 0xa101, fd = 78, state = 6
06-02 19:42:29.626 I/QCamera (  710): <MCI><INFO> mm_stream_handle_rcvd_buf: 244: has cb and it is active by blackjoe
06-02 19:42:29.627 E/mm-camera(  710): <MCT   ><ERROR> 2722: mct_stream_process_bus_msg: Check the runing function blackjoe 
06-02 19:42:29.627 E/mm-camera(  710): <MCT   ><ERROR> 2755: mct_stream_process_bus_msg: isp_sof_bus_msg is 0xe8800760
06-02 19:42:29.627 E/mm-camera(  710): <MCT   ><ERROR> 2757: mct_stream_process_bus_msg: frameid is 15 hal_version is 3
06-02 19:42:29.626 I/QCamera (  710): <MCI><INFO> mm_stream_dispatch_app_data: 415: E, my_handle = 0xa101, fd = 78, state = 6
06-02 19:42:29.627 E/mm-camera(  710): <MCT   ><ERROR> 2759: mct_stream_process_bus_msg: kstate_ptr is 0xe5a85a84, isp_kstate_ptr is 0xe9788000
06-02 19:42:29.627 I/QCamera (  710): <MCI><INFO> mm_stream_dispatch_app_data: 436: frame_sync.is_active = 0, is_cb_active = 1
06-02 19:42:29.627 E/mm-camera(  710): <MCT   ><ERROR> 2765: mct_stream_process_bus_msg: frame_id is 15
06-02 19:42:29.627 I/QCamera (  710): <MCI><INFO> mm_stream_dispatch_app_data: 457: Enter callback by blackjoe
06-02 19:42:29.628 E/QCamera (  710): <MCI><ERROR> mm_stream_data_notify: 337: E, my_handle = 0xa000, fd = 68, state = 6 blackjoe
06-02 19:42:29.628 E/QCamera (  710): <MCI><ERROR> mm_stream_read_msm_frame: 1723: E, my_handle = 0xa000, fd = 68, state = 6 blackjoe
06-02 19:42:29.628 I/QCamera (  710): <MCI><INFO> mm_stream_read_msm_frame: 1770: VIDIOC_DQBUF buf_index 14, frame_idx 14, stream type 7, rc 0,queued: 17, buf_type = 0 flags = 8192 FD = 68 my_num 0 buf fd 110
06-02 19:42:29.628 E/QCamera (  710): <MCI><ERROR> mm_stream_read_msm_frame: 1790: X rc = 0
06-02 19:42:29.629 I/QCamera (  710): <MCI><INFO> mm_stream_handle_rcvd_buf: 220: E, my_handle = 0xa000, fd = 68, state = 6
06-02 19:42:29.629 I/QCamera (  710): <MCI><INFO> mm_stream_handle_rcvd_buf: 244: has cb and it is active by blackjoe
06-02 19:42:29.629 I/QCamera (  710): <MCI><INFO> mm_stream_dispatch_app_data: 415: E, my_handle = 0xa000, fd = 68, state = 6
06-02 19:42:29.629 I/QCamera (  710): <MCI><INFO> mm_stream_dispatch_app_data: 436: frame_sync.is_active = 0, is_cb_active = 1
06-02 19:42:29.629 I/QCamera (  710): <MCI><INFO> mm_stream_dispatch_app_data: 457: Enter callback by blackjoe
06-02 19:42:29.630 E/mm-camera(  710): <STATS_AIS ><ERROR> 1316: dsps_process_response_gyro: Query request denied, error code = 5, QId_valid = 1, QueryId = 0xf0a, AckNak_valid = 1, AckNak = 3
06-02 19:42:29.633 E/mm-camera(  710): <MCT   ><ERROR> 4828: mct_pipeline_process_serv_msg: pipeline blackjoe data->sessionid 3 pipeline->session 3 msgid 3
06-02 19:42:29.634 E/mm-camera(  710): <MCT   ><ERROR> 4299: mct_pipeline_process_set: command is 0x8000014 blackjoe CAM_PRIV_PARM 0x8000014
06-02 19:42:29.648 E/        (    0): frame_src is 1 frame_id is 16 blackjoe
06-02 19:42:29.698 E/QCamera (  710): <MCI><ERROR> mm_stream_data_notify: 337: E, my_handle = 0xa101, fd = 78, state = 6 blackjoe
06-02 19:42:29.698 E/QCamera (  710): <MCI><ERROR> mm_stream_read_msm_frame: 1723: E, my_handle = 0xa101, fd = 78, state = 6 blackjoe
06-02 19:42:29.698 E/mm-camera(  710): <SENSOR><ERROR> 4883: sensor_get_frame_duration: resolution is invalid, it seems stream has stopped.
06-02 19:42:29.698 I/QCamera (  710): <MCI><INFO> mm_stream_read_msm_frame: 1770: VIDIOC_DQBUF buf_index 6, frame_idx 15, stream type 8, rc 0,queued: 5, buf_type = 0 flags = 8192 FD = 78 my_num 0 buf fd 140
06-02 19:42:29.698 E/mm-camera(  710): <SENSOR><ERROR> 884: sensor_fc_report_meta: Failed to get frame duration
06-02 19:42:29.698 E/QCamera (  710): <MCI><ERROR> mm_stream_read_msm_frame: 1790: X rc = 0
06-02 19:42:29.698 E/mm-camera(  710): <SENSOR><ERROR> 4805: sensor_get_exposure_time: resolution is invalid, it seems stream has stopped.
06-02 19:42:29.699 I/QCamera (  710): <MCI><INFO> mm_stream_handle_rcvd_buf: 220: E, my_handle = 0xa101, fd = 78, state = 6
06-02 19:42:29.699 E/mm-camera(  710): <SENSOR><ERROR> 904: sensor_fc_report_meta: Failed to get exposure time
06-02 19:42:29.699 I/QCamera (  710): <MCI><INFO> mm_stream_handle_rcvd_buf: 244: has cb and it is active by blackjoe
06-02 19:42:29.699 I/QCamera (  710): <MCI><INFO> mm_stream_dispatch_app_data: 415: E, my_handle = 0xa101, fd = 78, state = 6
06-02 19:42:29.699 I/QCamera (  710): <MCI><INFO> mm_stream_dispatch_app_data: 436: frame_sync.is_active = 0, is_cb_active = 1
06-02 19:42:29.699 E/mm-camera(  710): <MCT   ><ERROR> 2722: mct_stream_process_bus_msg: Check the runing function blackjoe 
06-02 19:42:29.699 I/QCamera (  710): <MCI><INFO> mm_stream_dispatch_app_data: 457: Enter callback by blackjoe
06-02 19:42:29.699 E/mm-camera(  710): <MCT   ><ERROR> 2755: mct_stream_process_bus_msg: isp_sof_bus_msg is 0xe8800760
06-02 19:42:29.700 E/mm-camera(  710): <MCT   ><ERROR> 2757: mct_stream_process_bus_msg: frameid is 16 hal_version is 3
06-02 19:42:29.700 E/mm-camera(  710): <MCT   ><ERROR> 2759: mct_stream_process_bus_msg: kstate_ptr is 0xe5a85a84, isp_kstate_ptr is 0xe9788000
06-02 19:42:29.700 E/mm-camera(  710): <MCT   ><ERROR> 2765: mct_stream_process_bus_msg: frame_id is 16
06-02 19:42:29.700 E/QCamera (  710): <MCI><ERROR> mm_stream_data_notify: 337: E, my_handle = 0xa000, fd = 68, state = 6 blackjoe
06-02 19:42:29.700 E/QCamera (  710): <MCI><ERROR> mm_stream_read_msm_frame: 1723: E, my_handle = 0xa000, fd = 68, state = 6 blackjoe
06-02 19:42:29.701 I/QCamera (  710): <MCI><INFO> mm_stream_read_msm_frame: 1770: VIDIOC_DQBUF buf_index 15, frame_idx 15, stream type 7, rc 0,queued: 17, buf_type = 0 flags = 8192 FD = 68 my_num 0 buf fd 112
06-02 19:42:29.701 E/QCamera (  710): <MCI><ERROR> mm_stream_read_msm_frame: 1790: X rc = 0
06-02 19:42:29.701 I/QCamera (  710): <MCI><INFO> mm_stream_handle_rcvd_buf: 220: E, my_handle = 0xa000, fd = 68, state = 6
06-02 19:42:29.701 I/QCamera (  710): <MCI><INFO> mm_stream_handle_rcvd_buf: 244: has cb and it is active by blackjoe
06-02 19:42:29.701 I/QCamera (  710): <MCI><INFO> mm_stream_dispatch_app_data: 415: E, my_handle = 0xa000, fd = 68, state = 6
06-02 19:42:29.701 I/QCamera (  710): <MCI><INFO> mm_stream_dispatch_app_data: 436: frame_sync.is_active = 0, is_cb_active = 1
06-02 19:42:29.701 I/QCamera (  710): <MCI><INFO> mm_stream_dispatch_app_data: 457: Enter callback by blackjoe
06-02 19:42:29.705 E/mm-camera(  710): <STATS_AIS ><ERROR> 1316: dsps_process_response_gyro: Query request denied, error code = 5, QId_valid = 1, QueryId = 0x100a, AckNak_valid = 1, AckNak = 3
06-02 19:42:29.706 E/mm-camera(  710): <MCT   ><ERROR> 4828: mct_pipeline_process_serv_msg: pipeline blackjoe data->sessionid 3 pipeline->session 3 msgid 3
06-02 19:42:29.706 E/mm-camera(  710): <MCT   ><ERROR> 4299: mct_pipeline_process_set: command is 0x8000014 blackjoe CAM_PRIV_PARM 0x8000014
06-02 19:42:29.682 E/        (    0): frame_src is 1 frame_id is 17 blackjoe
06-02 19:42:29.732 E/QCamera (  710): <MCI><ERROR> mm_stream_data_notify: 337: E, my_handle = 0xa101, fd = 78, state = 6 blackjoe
06-02 19:42:29.732 E/QCamera (  710): <MCI><ERROR> mm_stream_read_msm_frame: 1723: E, my_handle = 0xa101, fd = 78, state = 6 blackjoe
06-02 19:42:29.732 E/mm-camera(  710): <SENSOR><ERROR> 4883: sensor_get_frame_duration: resolution is invalid, it seems stream has stopped.
06-02 19:42:29.733 I/QCamera (  710): <MCI><INFO> mm_stream_read_msm_frame: 1770: VIDIOC_DQBUF buf_index 7, frame_idx 16, stream type 8, rc 0,queued: 5, buf_type = 0 flags = 8192 FD = 78 my_num 0 buf fd 76
06-02 19:42:29.733 E/mm-camera(  710): <SENSOR><ERROR> 884: sensor_fc_report_meta: Failed to get frame duration
06-02 19:42:29.733 E/QCamera (  710): <MCI><ERROR> mm_stream_read_msm_frame: 1790: X rc = 0
06-02 19:42:29.733 E/mm-camera(  710): <SENSOR><ERROR> 4805: sensor_get_exposure_time: resolution is invalid, it seems stream has stopped.
06-02 19:42:29.733 I/QCamera (  710): <MCI><INFO> mm_stream_handle_rcvd_buf: 220: E, my_handle = 0xa101, fd = 78, state = 6
06-02 19:42:29.733 E/mm-camera(  710): <SENSOR><ERROR> 904: sensor_fc_report_meta: Failed to get exposure time
06-02 19:42:29.733 I/QCamera (  710): <MCI><INFO> mm_stream_handle_rcvd_buf: 244: has cb and it is active by blackjoe
06-02 19:42:29.733 I/QCamera (  710): <MCI><INFO> mm_stream_dispatch_app_data: 415: E, my_handle = 0xa101, fd = 78, state = 6
06-02 19:42:29.733 I/QCamera (  710): <MCI><INFO> mm_stream_dispatch_app_data: 436: frame_sync.is_active = 0, is_cb_active = 1
06-02 19:42:29.733 E/mm-camera(  710): <MCT   ><ERROR> 2722: mct_stream_process_bus_msg: Check the runing function blackjoe 
06-02 19:42:29.734 I/QCamera (  710): <MCI><INFO> mm_stream_dispatch_app_data: 457: Enter callback by blackjoe
06-02 19:42:29.734 E/mm-camera(  710): <MCT   ><ERROR> 2755: mct_stream_process_bus_msg: isp_sof_bus_msg is 0xe8800760
06-02 19:42:29.734 E/mm-camera(  710): <MCT   ><ERROR> 2757: mct_stream_process_bus_msg: frameid is 17 hal_version is 3
06-02 19:42:29.734 E/mm-camera(  710): <MCT   ><ERROR> 2759: mct_stream_process_bus_msg: kstate_ptr is 0xe5a85a84, isp_kstate_ptr is 0xe9788000
06-02 19:42:29.734 E/mm-camera(  710): <MCT   ><ERROR> 2765: mct_stream_process_bus_msg: frame_id is 17
06-02 19:42:29.734 E/QCamera (  710): <MCI><ERROR> mm_stream_data_notify: 337: E, my_handle = 0xa000, fd = 68, state = 6 blackjoe
06-02 19:42:29.735 E/QCamera (  710): <MCI><ERROR> mm_stream_read_msm_frame: 1723: E, my_handle = 0xa000, fd = 68, state = 6 blackjoe
06-02 19:42:29.735 I/QCamera (  710): <MCI><INFO> mm_stream_read_msm_frame: 1770: VIDIOC_DQBUF buf_index 16, frame_idx 16, stream type 7, rc 0,queued: 17, buf_type = 0 flags = 8192 FD = 68 my_num 0 buf fd 114
06-02 19:42:29.735 E/QCamera (  710): <MCI><ERROR> mm_stream_read_msm_frame: 1790: X rc = 0
06-02 19:42:29.735 I/QCamera (  710): <MCI><INFO> mm_stream_handle_rcvd_buf: 220: E, my_handle = 0xa000, fd = 68, state = 6
06-02 19:42:29.735 I/QCamera (  710): <MCI><INFO> mm_stream_handle_rcvd_buf: 244: has cb and it is active by blackjoe
06-02 19:42:29.736 I/QCamera (  710): <MCI><INFO> mm_stream_dispatch_app_data: 415: E, my_handle = 0xa000, fd = 68, state = 6
06-02 19:42:29.736 I/QCamera (  710): <MCI><INFO> mm_stream_dispatch_app_data: 436: frame_sync.is_active = 0, is_cb_active = 1
06-02 19:42:29.736 I/QCamera (  710): <MCI><INFO> mm_stream_dispatch_app_data: 457: Enter callback by blackjoe
06-02 19:42:29.738 E/mm-camera(  710): <STATS_AIS ><ERROR> 1316: dsps_process_response_gyro: Query request denied, error code = 5, QId_valid = 1, QueryId = 0x110a, AckNak_valid = 1, AckNak = 3
06-02 19:42:29.742 E/mm-camera(  710): <MCT   ><ERROR> 4828: mct_pipeline_process_serv_msg: pipeline blackjoe data->sessionid 3 pipeline->session 3 msgid 3
06-02 19:42:29.742 E/mm-camera(  710): <MCT   ><ERROR> 4299: mct_pipeline_process_set: command is 0x8000014 blackjoe CAM_PRIV_PARM 0x8000014
06-02 19:42:29.689 D/logd    (    0): logdr: UID=0 GID=0 PID=14980 n tail=0 logMask=99 pid=0 start=0ns timeout=0ns
06-02 19:42:29.717 E/        (    0): frame_src is 1 frame_id is 18 blackjoe
06-02 19:42:29.766 E/QCamera (  710): <MCI><ERROR> mm_stream_data_notify: 337: E, my_handle = 0xa101, fd = 78, state = 6 blackjoe
06-02 19:42:29.767 E/QCamera (  710): <MCI><ERROR> mm_stream_read_msm_frame: 1723: E, my_handle = 0xa101, fd = 78, state = 6 blackjoe
06-02 19:42:29.767 E/mm-camera(  710): <SENSOR><ERROR> 4883: sensor_get_frame_duration: resolution is invalid, it seems stream has stopped.
06-02 19:42:29.767 I/QCamera (  710): <MCI><INFO> mm_stream_read_msm_frame: 1770: VIDIOC_DQBUF buf_index 8, frame_idx 17, stream type 8, rc 0,queued: 5, buf_type = 0 flags = 8192 FD = 78 my_num 0 buf fd 129
06-02 19:42:29.767 E/mm-camera(  710): <SENSOR><ERROR> 884: sensor_fc_report_meta: Failed to get frame duration
06-02 19:42:29.767 E/QCamera (  710): <MCI><ERROR> mm_stream_read_msm_frame: 1790: X rc = 0
06-02 19:42:29.767 E/mm-camera(  710): <SENSOR><ERROR> 4805: sensor_get_exposure_time: resolution is invalid, it seems stream has stopped.
06-02 19:42:29.767 I/QCamera (  710): <MCI><INFO> mm_stream_handle_rcvd_buf: 220: E, my_handle = 0xa101, fd = 78, state = 6
06-02 19:42:29.767 E/mm-camera(  710): <SENSOR><ERROR> 904: sensor_fc_report_meta: Failed to get exposure time
06-02 19:42:29.767 I/QCamera (  710): <MCI><INFO> mm_stream_handle_rcvd_buf: 244: has cb and it is active by blackjoe
06-02 19:42:29.768 I/QCamera (  710): <MCI><INFO> mm_stream_dispatch_app_data: 415: E, my_handle = 0xa101, fd = 78, state = 6
06-02 19:42:29.768 I/QCamera (  710): <MCI><INFO> mm_stream_dispatch_app_data: 436: frame_sync.is_active = 0, is_cb_active = 1
06-02 19:42:29.768 I/QCamera (  710): <MCI><INFO> mm_stream_dispatch_app_data: 457: Enter callback by blackjoe
06-02 19:42:29.768 E/mm-camera(  710): <MCT   ><ERROR> 2722: mct_stream_process_bus_msg: Check the runing function blackjoe 
06-02 19:42:29.768 E/mm-camera(  710): <MCT   ><ERROR> 2755: mct_stream_process_bus_msg: isp_sof_bus_msg is 0xe8800760
06-02 19:42:29.768 E/mm-camera(  710): <MCT   ><ERROR> 2757: mct_stream_process_bus_msg: frameid is 18 hal_version is 3
06-02 19:42:29.769 E/mm-camera(  710): <MCT   ><ERROR> 2759: mct_stream_process_bus_msg: kstate_ptr is 0xe5a85a84, isp_kstate_ptr is 0xe9788000
06-02 19:42:29.769 E/mm-camera(  710): <MCT   ><ERROR> 2765: mct_stream_process_bus_msg: frame_id is 18
06-02 19:42:29.769 E/QCamera (  710): <MCI><ERROR> mm_stream_data_notify: 337: E, my_handle = 0xa000, fd = 68, state = 6 blackjoe
06-02 19:42:29.769 E/QCamera (  710): <MCI><ERROR> mm_stream_read_msm_frame: 1723: E, my_handle = 0xa000, fd = 68, state = 6 blackjoe
06-02 19:42:29.770 I/QCamera (  710): <MCI><INFO> mm_stream_read_msm_frame: 1770: VIDIOC_DQBUF buf_index 17, frame_idx 17, stream type 7, rc 0,queued: 17, buf_type = 0 flags = 8192 FD = 68 my_num 0 buf fd 116
06-02 19:42:29.770 E/QCamera (  710): <MCI><ERROR> mm_stream_read_msm_frame: 1790: X rc = 0
06-02 19:42:29.770 I/QCamera (  710): <MCI><INFO> mm_stream_handle_rcvd_buf: 220: E, my_handle = 0xa000, fd = 68, state = 6
06-02 19:42:29.770 I/QCamera (  710): <MCI><INFO> mm_stream_handle_rcvd_buf: 244: has cb and it is active by blackjoe
06-02 19:42:29.770 I/QCamera (  710): <MCI><INFO> mm_stream_dispatch_app_data: 415: E, my_handle = 0xa000, fd = 68, state = 6
06-02 19:42:29.770 I/QCamera (  710): <MCI><INFO> mm_stream_dispatch_app_data: 436: frame_sync.is_active = 0, is_cb_active = 1
06-02 19:42:29.770 I/QCamera (  710): <MCI><INFO> mm_stream_dispatch_app_data: 457: Enter callback by blackjoe
06-02 19:42:29.773 E/mm-camera(  710): <STATS_AIS ><ERROR> 1316: dsps_process_response_gyro: Query request denied, error code = 5, QId_valid = 1, QueryId = 0x120a, AckNak_valid = 1, AckNak = 3
06-02 19:42:29.775 E/mm-camera(  710): <MCT   ><ERROR> 4828: mct_pipeline_process_serv_msg: pipeline blackjoe data->sessionid 3 pipeline->session 3 msgid 3
06-02 19:42:29.775 E/mm-camera(  710): <MCT   ><ERROR> 4299: mct_pipeline_process_set: command is 0x8000014 blackjoe CAM_PRIV_PARM 0x8000014
06-02 19:42:29.840 E/QCamera (  710): <MCI><ERROR> mm_stream_data_notify: 337: E, my_handle = 0xa101, fd = 78, state = 6 blackjoe
06-02 19:42:29.840 E/QCamera (  710): <MCI><ERROR> mm_stream_read_msm_frame: 1723: E, my_handle = 0xa101, fd = 78, state = 6 blackjoe
06-02 19:42:29.840 E/mm-camera(  710): <SENSOR><ERROR> 4883: sensor_get_frame_duration: resolution is invalid, it seems stream has stopped.
06-02 19:42:29.841 E/mm-camera(  710): <SENSOR><ERROR> 884: sensor_fc_report_meta: Failed to get frame duration
06-02 19:42:29.841 I/QCamera (  710): <MCI><INFO> mm_stream_read_msm_frame: 1770: VIDIOC_DQBUF buf_index 9, frame_idx 18, stream type 8, rc 0,queued: 5, buf_type = 0 flags = 8192 FD = 78 my_num 0 buf fd 127
06-02 19:42:29.841 E/mm-camera(  710): <SENSOR><ERROR> 4805: sensor_get_exposure_time: resolution is invalid, it seems stream has stopped.
06-02 19:42:29.841 E/QCamera (  710): <MCI><ERROR> mm_stream_read_msm_frame: 1790: X rc = 0
06-02 19:42:29.841 E/mm-camera(  710): <SENSOR><ERROR> 904: sensor_fc_report_meta: Failed to get exposure time
06-02 19:42:29.841 I/QCamera (  710): <MCI><INFO> mm_stream_handle_rcvd_buf: 220: E, my_handle = 0xa101, fd = 78, state = 6
06-02 19:42:29.842 I/QCamera (  710): <MCI><INFO> mm_stream_handle_rcvd_buf: 244: has cb and it is active by blackjoe
06-02 19:42:29.842 I/QCamera (  710): <MCI><INFO> mm_stream_dispatch_app_data: 415: E, my_handle = 0xa101, fd = 78, state = 6
06-02 19:42:29.843 I/QCamera (  710): <MCI><INFO> mm_stream_dispatch_app_data: 436: frame_sync.is_active = 0, is_cb_active = 1
06-02 19:42:29.843 I/QCamera (  710): <MCI><INFO> mm_stream_dispatch_app_data: 457: Enter callback by blackjoe
06-02 19:42:29.843 E/mm-camera(  710): <MCT   ><ERROR> 2722: mct_stream_process_bus_msg: Check the runing function blackjoe 
06-02 19:42:29.844 E/mm-camera(  710): <MCT   ><ERROR> 2755: mct_stream_process_bus_msg: isp_sof_bus_msg is 0xe8800760
06-02 19:42:29.789 E/        (    0): frame_src is 1 frame_id is 19 blackjoe
06-02 19:42:29.849 E/mm-camera(  710): <STATS_AIS ><ERROR> 1316: dsps_process_response_gyro: Query request denied, error code = 5, QId_valid = 1, QueryId = 0x130a, AckNak_valid = 1, AckNak = 3
06-02 19:42:29.845 E/mm-camera(  710): <MCT   ><ERROR> 2757: mct_stream_process_bus_msg: frameid is 19 hal_version is 3
06-02 19:42:29.851 E/mm-camera(  710): <MCT   ><ERROR> 2759: mct_stream_process_bus_msg: kstate_ptr is 0xe5a85a84, isp_kstate_ptr is 0xe9788000
06-02 19:42:29.852 E/mm-camera(  710): <MCT   ><ERROR> 2765: mct_stream_process_bus_msg: frame_id is 19
06-02 19:42:29.852 E/QCamera (  710): <MCI><ERROR> mm_stream_data_notify: 337: E, my_handle = 0xa000, fd = 68, state = 6 blackjoe
06-02 19:42:29.853 E/QCamera (  710): <MCI><ERROR> mm_stream_read_msm_frame: 1723: E, my_handle = 0xa000, fd = 68, state = 6 blackjoe
06-02 19:42:29.853 I/QCamera (  710): <MCI><INFO> mm_stream_read_msm_frame: 1770: VIDIOC_DQBUF buf_index 0, frame_idx 18, stream type 7, rc 0,queued: 17, buf_type = 0 flags = 8192 FD = 68 my_num 0 buf fd 82
06-02 19:42:29.854 E/QCamera (  710): <MCI><ERROR> mm_stream_read_msm_frame: 1790: X rc = 0
06-02 19:42:29.854 I/QCamera (  710): <MCI><INFO> mm_stream_handle_rcvd_buf: 220: E, my_handle = 0xa000, fd = 68, state = 6
06-02 19:42:29.854 I/QCamera (  710): <MCI><INFO> mm_stream_handle_rcvd_buf: 244: has cb and it is active by blackjoe
06-02 19:42:29.855 I/QCamera (  710): <MCI><INFO> mm_stream_dispatch_app_data: 415: E, my_handle = 0xa000, fd = 68, state = 6
06-02 19:42:29.855 I/QCamera (  710): <MCI><INFO> mm_stream_dispatch_app_data: 436: frame_sync.is_active = 0, is_cb_active = 1
06-02 19:42:29.855 I/QCamera (  710): <MCI><INFO> mm_stream_dispatch_app_data: 457: Enter callback by blackjoe
06-02 19:42:29.863 E/mm-camera(  710): <MCT   ><ERROR> 4828: mct_pipeline_process_serv_msg: pipeline blackjoe data->sessionid 3 pipeline->session 3 msgid 3
06-02 19:42:29.864 E/mm-camera(  710): <MCT   ><ERROR> 4299: mct_pipeline_process_set: command is 0x8000014 blackjoe CAM_PRIV_PARM 0x8000014
06-02 19:42:29.874 E/QCamera (  710): <MCI><ERROR> mm_stream_data_notify: 337: E, my_handle = 0xa101, fd = 78, state = 6 blackjoe
06-02 19:42:29.874 E/QCamera (  710): <MCI><ERROR> mm_stream_read_msm_frame: 1723: E, my_handle = 0xa101, fd = 78, state = 6 blackjoe
06-02 19:42:29.874 E/mm-camera(  710): <SENSOR><ERROR> 4883: sensor_get_frame_duration: resolution is invalid, it seems stream has stopped.
06-02 19:42:29.874 I/QCamera (  710): <MCI><INFO> mm_stream_read_msm_frame: 1770: VIDIOC_DQBUF buf_index 10, frame_idx 19, stream type 8, rc 0,queued: 5, buf_type = 0 flags = 8192 FD = 78 my_num 0 buf fd 130
06-02 19:42:29.874 E/mm-camera(  710): <SENSOR><ERROR> 884: sensor_fc_report_meta: Failed to get frame duration
06-02 19:42:29.875 E/QCamera (  710): <MCI><ERROR> mm_stream_read_msm_frame: 1790: X rc = 0
06-02 19:42:29.875 E/mm-camera(  710): <SENSOR><ERROR> 4805: sensor_get_exposure_time: resolution is invalid, it seems stream has stopped.
06-02 19:42:29.875 I/QCamera (  710): <MCI><INFO> mm_stream_handle_rcvd_buf: 220: E, my_handle = 0xa101, fd = 78, state = 6
06-02 19:42:29.875 E/mm-camera(  710): <SENSOR><ERROR> 904: sensor_fc_report_meta: Failed to get exposure time
06-02 19:42:29.875 I/QCamera (  710): <MCI><INFO> mm_stream_handle_rcvd_buf: 244: has cb and it is active by blackjoe
06-02 19:42:29.875 I/QCamera (  710): <MCI><INFO> mm_stream_dispatch_app_data: 415: E, my_handle = 0xa101, fd = 78, state = 6
06-02 19:42:29.875 I/QCamera (  710): <MCI><INFO> mm_stream_dispatch_app_data: 436: frame_sync.is_active = 0, is_cb_active = 1
06-02 19:42:29.824 E/        (    0): frame_src is 1 frame_id is 20 blackjoe
06-02 19:42:29.876 I/QCamera (  710): <MCI><INFO> mm_stream_dispatch_app_data: 457: Enter callback by blackjoe
06-02 19:42:29.876 E/mm-camera(  710): <MCT   ><ERROR> 2722: mct_stream_process_bus_msg: Check the runing function blackjoe 
06-02 19:42:29.876 E/mm-camera(  710): <MCT   ><ERROR> 2755: mct_stream_process_bus_msg: isp_sof_bus_msg is 0xe8800760
06-02 19:42:29.876 E/mm-camera(  710): <MCT   ><ERROR> 2757: mct_stream_process_bus_msg: frameid is 20 hal_version is 3
06-02 19:42:29.877 E/mm-camera(  710): <MCT   ><ERROR> 2759: mct_stream_process_bus_msg: kstate_ptr is 0xe5a85a84, isp_kstate_ptr is 0xe9788000
06-02 19:42:29.877 E/mm-camera(  710): <MCT   ><ERROR> 2765: mct_stream_process_bus_msg: frame_id is 20
06-02 19:42:29.878 E/QCamera (  710): <MCI><ERROR> mm_stream_data_notify: 337: E, my_handle = 0xa000, fd = 68, state = 6 blackjoe
06-02 19:42:29.878 E/QCamera (  710): <MCI><ERROR> mm_stream_read_msm_frame: 1723: E, my_handle = 0xa000, fd = 68, state = 6 blackjoe
06-02 19:42:29.879 I/QCamera (  710): <MCI><INFO> mm_stream_read_msm_frame: 1770: VIDIOC_DQBUF buf_index 1, frame_idx 19, stream type 7, rc 0,queued: 17, buf_type = 0 flags = 8192 FD = 68 my_num 0 buf fd 84
06-02 19:42:29.879 E/QCamera (  710): <MCI><ERROR> mm_stream_read_msm_frame: 1790: X rc = 0
06-02 19:42:29.879 I/QCamera (  710): <MCI><INFO> mm_stream_handle_rcvd_buf: 220: E, my_handle = 0xa000, fd = 68, state = 6
06-02 19:42:29.879 I/QCamera (  710): <MCI><INFO> mm_stream_handle_rcvd_buf: 244: has cb and it is active by blackjoe
06-02 19:42:29.880 I/QCamera (  710): <MCI><INFO> mm_stream_dispatch_app_data: 415: E, my_handle = 0xa000, fd = 68, state = 6
06-02 19:42:29.880 I/QCamera (  710): <MCI><INFO> mm_stream_dispatch_app_data: 436: frame_sync.is_active = 0, is_cb_active = 1
06-02 19:42:29.880 I/QCamera (  710): <MCI><INFO> mm_stream_dispatch_app_data: 457: Enter callback by blackjoe
06-02 19:42:29.881 E/mm-camera(  710): <STATS_AIS ><ERROR> 1316: dsps_process_response_gyro: Query request denied, error code = 5, QId_valid = 1, QueryId = 0x140a, AckNak_valid = 1, AckNak = 3
06-02 19:42:29.889 E/mm-camera(  710): <MCT   ><ERROR> 4828: mct_pipeline_process_serv_msg: pipeline blackjoe data->sessionid 3 pipeline->session 3 msgid 3
06-02 19:42:29.889 E/mm-camera(  710): <MCT   ><ERROR> 4299: mct_pipeline_process_set: command is 0x8000014 blackjoe CAM_PRIV_PARM 0x8000014
06-02 19:42:29.908 E/QCamera (  710): <MCI><ERROR> mm_stream_data_notify: 337: E, my_handle = 0xa101, fd = 78, state = 6 blackjoe
06-02 19:42:29.908 E/QCamera (  710): <MCI><ERROR> mm_stream_read_msm_frame: 1723: E, my_handle = 0xa101, fd = 78, state = 6 blackjoe
06-02 19:42:29.908 E/mm-camera(  710): <SENSOR><ERROR> 4883: sensor_get_frame_duration: resolution is invalid, it seems stream has stopped.
06-02 19:42:29.909 E/mm-camera(  710): <SENSOR><ERROR> 884: sensor_fc_report_meta: Failed to get frame duration
06-02 19:42:29.909 I/QCamera (  710): <MCI><INFO> mm_stream_read_msm_frame: 1770: VIDIOC_DQBUF buf_index 11, frame_idx 20, stream type 8, rc 0,queued: 5, buf_type = 0 flags = 8192 FD = 78 my_num 0 buf fd 134
06-02 19:42:29.909 E/mm-camera(  710): <SENSOR><ERROR> 4805: sensor_get_exposure_time: resolution is invalid, it seems stream has stopped.
06-02 19:42:29.909 E/QCamera (  710): <MCI><ERROR> mm_stream_read_msm_frame: 1790: X rc = 0
06-02 19:42:29.909 E/mm-camera(  710): <SENSOR><ERROR> 904: sensor_fc_report_meta: Failed to get exposure time
06-02 19:42:29.909 I/QCamera (  710): <MCI><INFO> mm_stream_handle_rcvd_buf: 220: E, my_handle = 0xa101, fd = 78, state = 6
06-02 19:42:29.909 I/QCamera (  710): <MCI><INFO> mm_stream_handle_rcvd_buf: 244: has cb and it is active by blackjoe
06-02 19:42:29.910 E/mm-camera(  710): <MCT   ><ERROR> 2722: mct_stream_process_bus_msg: Check the runing function blackjoe 
06-02 19:42:29.910 E/mm-camera(  710): <MCT   ><ERROR> 2755: mct_stream_process_bus_msg: isp_sof_bus_msg is 0xe88013c0
06-02 19:42:29.911 E/mm-camera(  710): <MCT   ><ERROR> 2757: mct_stream_process_bus_msg: frameid is 21 hal_version is 3
06-02 19:42:29.911 E/mm-camera(  710): <MCT   ><ERROR> 2759: mct_stream_process_bus_msg: kstate_ptr is 0xe5a85a84, isp_kstate_ptr is 0xe9788000
06-02 19:42:29.911 E/mm-camera(  710): <MCT   ><ERROR> 2765: mct_stream_process_bus_msg: frame_id is 21
06-02 19:42:29.911 E/QCamera (  710): <MCI><ERROR> mm_stream_data_notify: 337: E, my_handle = 0xa000, fd = 68, state = 6 blackjoe
06-02 19:42:29.911 I/QCamera (  710): <MCI><INFO> mm_stream_dispatch_app_data: 415: E, my_handle = 0xa101, fd = 78, state = 6
06-02 19:42:29.912 E/QCamera (  710): <MCI><ERROR> mm_stream_read_msm_frame: 1723: E, my_handle = 0xa000, fd = 68, state = 6 blackjoe
06-02 19:42:29.912 I/QCamera (  710): <MCI><INFO> mm_stream_dispatch_app_data: 436: frame_sync.is_active = 0, is_cb_active = 1
06-02 19:42:29.912 I/QCamera (  710): <MCI><INFO> mm_stream_dispatch_app_data: 457: Enter callback by blackjoe
06-02 19:42:29.912 I/QCamera (  710): <MCI><INFO> mm_stream_read_msm_frame: 1770: VIDIOC_DQBUF buf_index 2, frame_idx 20, stream type 7, rc 0,queued: 17, buf_type = 0 flags = 8192 FD = 68 my_num 0 buf fd 86
06-02 19:42:29.912 E/QCamera (  710): <MCI><ERROR> mm_stream_read_msm_frame: 1790: X rc = 0
06-02 19:42:29.912 I/QCamera (  710): <MCI><INFO> mm_stream_handle_rcvd_buf: 220: E, my_handle = 0xa000, fd = 68, state = 6
06-02 19:42:29.913 I/QCamera (  710): <MCI><INFO> mm_stream_handle_rcvd_buf: 244: has cb and it is active by blackjoe
06-02 19:42:29.913 I/QCamera (  710): <MCI><INFO> mm_stream_dispatch_app_data: 415: E, my_handle = 0xa000, fd = 68, state = 6
06-02 19:42:29.913 I/QCamera (  710): <MCI><INFO> mm_stream_dispatch_app_data: 436: frame_sync.is_active = 0, is_cb_active = 1
06-02 19:42:29.913 I/QCamera (  710): <MCI><INFO> mm_stream_dispatch_app_data: 457: Enter callback by blackjoe
06-02 19:42:29.915 E/mm-camera(  710): <STATS_AIS ><ERROR> 1316: dsps_process_response_gyro: Query request denied, error code = 5, QId_valid = 1, QueryId = 0x150a, AckNak_valid = 1, AckNak = 3
06-02 19:42:29.858 E/        (    0): frame_src is 1 frame_id is 21 blackjoe
06-02 19:42:29.868 I/IRQ 6   (    0): no longer affine to CPU6
06-02 19:42:29.922 E/mm-camera(  710): <MCT   ><ERROR> 4828: mct_pipeline_process_serv_msg: pipeline blackjoe data->sessionid 3 pipeline->session 3 msgid 3
06-02 19:42:29.922 E/mm-camera(  710): <MCT   ><ERROR> 4299: mct_pipeline_process_set: command is 0x8000014 blackjoe CAM_PRIV_PARM 0x8000014
06-02 19:42:29.981 E/QCamera (  710): <MCI><ERROR> mm_stream_data_notify: 337: E, my_handle = 0xa101, fd = 78, state = 6 blackjoe
06-02 19:42:29.982 E/QCamera (  710): <MCI><ERROR> mm_stream_read_msm_frame: 1723: E, my_handle = 0xa101, fd = 78, state = 6 blackjoe
06-02 19:42:29.982 E/mm-camera(  710): <SENSOR><ERROR> 4883: sensor_get_frame_duration: resolution is invalid, it seems stream has stopped.
06-02 19:42:29.982 E/mm-camera(  710): <SENSOR><ERROR> 884: sensor_fc_report_meta: Failed to get frame duration
06-02 19:42:29.982 I/QCamera (  710): <MCI><INFO> mm_stream_read_msm_frame: 1770: VIDIOC_DQBUF buf_index 6, frame_idx 21, stream type 8, rc 0,queued: 5, buf_type = 0 flags = 8192 FD = 78 my_num 0 buf fd 137
06-02 19:42:29.982 E/mm-camera(  710): <SENSOR><ERROR> 4805: sensor_get_exposure_time: resolution is invalid, it seems stream has stopped.
06-02 19:42:29.983 E/QCamera (  710): <MCI><ERROR> mm_stream_read_msm_frame: 1790: X rc = 0
06-02 19:42:29.983 E/mm-camera(  710): <SENSOR><ERROR> 904: sensor_fc_report_meta: Failed to get exposure time
06-02 19:42:29.983 I/QCamera (  710): <MCI><INFO> mm_stream_handle_rcvd_buf: 220: E, my_handle = 0xa101, fd = 78, state = 6
06-02 19:42:29.983 I/QCamera (  710): <MCI><INFO> mm_stream_handle_rcvd_buf: 244: has cb and it is active by blackjoe
06-02 19:42:29.984 I/QCamera (  710): <MCI><INFO> mm_stream_dispatch_app_data: 415: E, my_handle = 0xa101, fd = 78, state = 6
06-02 19:42:29.984 I/QCamera (  710): <MCI><INFO> mm_stream_dispatch_app_data: 436: frame_sync.is_active = 0, is_cb_active = 1
06-02 19:42:29.984 I/QCamera (  710): <MCI><INFO> mm_stream_dispatch_app_data: 457: Enter callback by blackjoe
06-02 19:42:29.931 E/        (    0): frame_src is 1 frame_id is 22 blackjoe
06-02 19:42:29.986 E/mm-camera(  710): <MCT   ><ERROR> 2722: mct_stream_process_bus_msg: Check the runing function blackjoe 
06-02 19:42:29.988 E/mm-camera(  710): <MCT   ><ERROR> 2755: mct_stream_process_bus_msg: isp_sof_bus_msg is 0xe8801720
06-02 19:42:29.988 E/mm-camera(  710): <MCT   ><ERROR> 2757: mct_stream_process_bus_msg: frameid is 22 hal_version is 3
06-02 19:42:29.989 E/mm-camera(  710): <MCT   ><ERROR> 2759: mct_stream_process_bus_msg: kstate_ptr is 0xe5a85a84, isp_kstate_ptr is 0xe9788000
06-02 19:42:29.990 E/mm-camera(  710): <MCT   ><ERROR> 2765: mct_stream_process_bus_msg: frame_id is 22
06-02 19:42:29.991 E/mm-camera(  710): <STATS_AIS ><ERROR> 1316: dsps_process_response_gyro: Query request denied, error code = 5, QId_valid = 1, QueryId = 0x160a, AckNak_valid = 1, AckNak = 3
06-02 19:42:29.991 E/QCamera (  710): <MCI><ERROR> mm_stream_data_notify: 337: E, my_handle = 0xa000, fd = 68, state = 6 blackjoe
06-02 19:42:29.992 E/QCamera (  710): <MCI><ERROR> mm_stream_read_msm_frame: 1723: E, my_handle = 0xa000, fd = 68, state = 6 blackjoe
06-02 19:42:29.992 I/QCamera (  710): <MCI><INFO> mm_stream_read_msm_frame: 1770: VIDIOC_DQBUF buf_index 3, frame_idx 21, stream type 7, rc 0,queued: 17, buf_type = 0 flags = 8192 FD = 68 my_num 0 buf fd 88
06-02 19:42:29.993 E/QCamera (  710): <MCI><ERROR> mm_stream_read_msm_frame: 1790: X rc = 0
06-02 19:42:29.993 I/QCamera (  710): <MCI><INFO> mm_stream_handle_rcvd_buf: 220: E, my_handle = 0xa000, fd = 68, state = 6
06-02 19:42:29.993 I/QCamera (  710): <MCI><INFO> mm_stream_handle_rcvd_buf: 244: has cb and it is active by blackjoe
06-02 19:42:29.994 I/QCamera (  710): <MCI><INFO> mm_stream_dispatch_app_data: 415: E, my_handle = 0xa000, fd = 68, state = 6
06-02 19:42:29.994 I/QCamera (  710): <MCI><INFO> mm_stream_dispatch_app_data: 436: frame_sync.is_active = 0, is_cb_active = 1
06-02 19:42:29.994 I/QCamera (  710): <MCI><INFO> mm_stream_dispatch_app_data: 457: Enter callback by blackjoe
06-02 19:42:30.008 E/mm-camera(  710): <MCT   ><ERROR> 4828: mct_pipeline_process_serv_msg: pipeline blackjoe data->sessionid 3 pipeline->session 3 msgid 3
06-02 19:42:30.009 E/mm-camera(  710): <MCT   ><ERROR> 4299: mct_pipeline_process_set: command is 0x8000014 blackjoe CAM_PRIV_PARM 0x8000014
06-02 19:42:29.958 D/logd    (    0): logdr: UID=0 GID=0 PID=14983 n tail=0 logMask=99 pid=0 start=0ns timeout=0ns
06-02 19:42:29.965 E/        (    0): frame_src is 1 frame_id is 23 blackjoe
06-02 19:42:30.015 E/QCamera (  710): <MCI><ERROR> mm_stream_data_notify: 337: E, my_handle = 0xa101, fd = 78, state = 6 blackjoe
06-02 19:42:30.016 E/QCamera (  710): <MCI><ERROR> mm_stream_read_msm_frame: 1723: E, my_handle = 0xa101, fd = 78, state = 6 blackjoe
06-02 19:42:30.017 I/QCamera (  710): <MCI><INFO> mm_stream_read_msm_frame: 1770: VIDIOC_DQBUF buf_index 7, frame_idx 22, stream type 8, rc 0,queued: 5, buf_type = 0 flags = 8192 FD = 78 my_num 0 buf fd 140
06-02 19:42:30.017 E/QCamera (  710): <MCI><ERROR> mm_stream_read_msm_frame: 1790: X rc = 0
06-02 19:42:30.017 I/QCamera (  710): <MCI><INFO> mm_stream_handle_rcvd_buf: 220: E, my_handle = 0xa101, fd = 78, state = 6
06-02 19:42:30.017 I/QCamera (  710): <MCI><INFO> mm_stream_handle_rcvd_buf: 244: has cb and it is active by blackjoe
06-02 19:42:30.017 I/QCamera (  710): <MCI><INFO> mm_stream_dispatch_app_data: 415: E, my_handle = 0xa101, fd = 78, state = 6
06-02 19:42:30.018 I/QCamera (  710): <MCI><INFO> mm_stream_dispatch_app_data: 436: frame_sync.is_active = 0, is_cb_active = 1
06-02 19:42:30.018 I/QCamera (  710): <MCI><INFO> mm_stream_dispatch_app_data: 457: Enter callback by blackjoe
06-02 19:42:30.018 E/mm-camera(  710): <SENSOR><ERROR> 4883: sensor_get_frame_duration: resolution is invalid, it seems stream has stopped.
06-02 19:42:30.018 E/mm-camera(  710): <SENSOR><ERROR> 884: sensor_fc_report_meta: Failed to get frame duration
06-02 19:42:30.019 E/mm-camera(  710): <SENSOR><ERROR> 4805: sensor_get_exposure_time: resolution is invalid, it seems stream has stopped.
06-02 19:42:30.019 E/mm-camera(  710): <SENSOR><ERROR> 904: sensor_fc_report_meta: Failed to get exposure time
06-02 19:42:30.022 E/mm-camera(  710): <MCT   ><ERROR> 2722: mct_stream_process_bus_msg: Check the runing function blackjoe 
06-02 19:42:30.025 E/mm-camera(  710): <MCT   ><ERROR> 2755: mct_stream_process_bus_msg: isp_sof_bus_msg is 0xe8801de0
06-02 19:42:30.025 E/mm-camera(  710): <MCT   ><ERROR> 2757: mct_stream_process_bus_msg: frameid is 23 hal_version is 3
06-02 19:42:30.025 E/mm-camera(  710): <MCT   ><ERROR> 2759: mct_stream_process_bus_msg: kstate_ptr is 0xe5a85a84, isp_kstate_ptr is 0xe9788000
06-02 19:42:30.026 E/mm-camera(  710): <MCT   ><ERROR> 2765: mct_stream_process_bus_msg: frame_id is 23
06-02 19:42:30.026 E/mm-camera(  710): <STATS_AIS ><ERROR> 1316: dsps_process_response_gyro: Query request denied, error code = 5, QId_valid = 1, QueryId = 0x170a, AckNak_valid = 1, AckNak = 3
06-02 19:42:30.026 E/QCamera (  710): <MCI><ERROR> mm_stream_data_notify: 337: E, my_handle = 0xa000, fd = 68, state = 6 blackjoe
06-02 19:42:30.026 E/QCamera (  710): <MCI><ERROR> mm_stream_read_msm_frame: 1723: E, my_handle = 0xa000, fd = 68, state = 6 blackjoe
06-02 19:42:30.027 I/QCamera (  710): <MCI><INFO> mm_stream_read_msm_frame: 1770: VIDIOC_DQBUF buf_index 4, frame_idx 22, stream type 7, rc 0,queued: 17, buf_type = 0 flags = 8192 FD = 68 my_num 0 buf fd 90
06-02 19:42:30.027 E/QCamera (  710): <MCI><ERROR> mm_stream_read_msm_frame: 1790: X rc = 0
06-02 19:42:30.027 I/QCamera (  710): <MCI><INFO> mm_stream_handle_rcvd_buf: 220: E, my_handle = 0xa000, fd = 68, state = 6
06-02 19:42:30.027 I/QCamera (  710): <MCI><INFO> mm_stream_handle_rcvd_buf: 244: has cb and it is active by blackjoe
06-02 19:42:30.028 I/QCamera (  710): <MCI><INFO> mm_stream_dispatch_app_data: 415: E, my_handle = 0xa000, fd = 68, state = 6
06-02 19:42:30.028 I/QCamera (  710): <MCI><INFO> mm_stream_dispatch_app_data: 436: frame_sync.is_active = 0, is_cb_active = 1
06-02 19:42:30.028 I/QCamera (  710): <MCI><INFO> mm_stream_dispatch_app_data: 457: Enter callback by blackjoe
06-02 19:42:30.035 E/mm-camera(  710): <MCT   ><ERROR> 4828: mct_pipeline_process_serv_msg: pipeline blackjoe data->sessionid 3 pipeline->session 3 msgid 3
06-02 19:42:30.035 E/mm-camera(  710): <MCT   ><ERROR> 4299: mct_pipeline_process_set: command is 0x8000014 blackjoe CAM_PRIV_PARM 0x8000014
06-02 19:42:30.049 E/QCamera (  710): <MCI><ERROR> mm_stream_data_notify: 337: E, my_handle = 0xa101, fd = 78, state = 6 blackjoe
06-02 19:42:29.999 E/        (    0): frame_src is 1 frame_id is 24 blackjoe
06-02 19:42:30.049 E/QCamera (  710): <MCI><ERROR> mm_stream_read_msm_frame: 1723: E, my_handle = 0xa101, fd = 78, state = 6 blackjoe
06-02 19:42:30.050 E/mm-camera(  710): <SENSOR><ERROR> 4883: sensor_get_frame_duration: resolution is invalid, it seems stream has stopped.
06-02 19:42:30.050 E/mm-camera(  710): <SENSOR><ERROR> 884: sensor_fc_report_meta: Failed to get frame duration
06-02 19:42:30.050 I/QCamera (  710): <MCI><INFO> mm_stream_read_msm_frame: 1770: VIDIOC_DQBUF buf_index 8, frame_idx 23, stream type 8, rc 0,queued: 5, buf_type = 0 flags = 8192 FD = 78 my_num 0 buf fd 76
06-02 19:42:30.050 E/mm-camera(  710): <SENSOR><ERROR> 4805: sensor_get_exposure_time: resolution is invalid, it seems stream has stopped.
06-02 19:42:30.050 E/QCamera (  710): <MCI><ERROR> mm_stream_read_msm_frame: 1790: X rc = 0
06-02 19:42:30.050 E/mm-camera(  710): <SENSOR><ERROR> 904: sensor_fc_report_meta: Failed to get exposure time
06-02 19:42:30.050 I/QCamera (  710): <MCI><INFO> mm_stream_handle_rcvd_buf: 220: E, my_handle = 0xa101, fd = 78, state = 6
06-02 19:42:30.050 I/QCamera (  710): <MCI><INFO> mm_stream_handle_rcvd_buf: 244: has cb and it is active by blackjoe
06-02 19:42:30.050 I/QCamera (  710): <MCI><INFO> mm_stream_dispatch_app_data: 415: E, my_handle = 0xa101, fd = 78, state = 6
06-02 19:42:30.051 I/QCamera (  710): <MCI><INFO> mm_stream_dispatch_app_data: 436: frame_sync.is_active = 0, is_cb_active = 1
06-02 19:42:30.051 I/QCamera (  710): <MCI><INFO> mm_stream_dispatch_app_data: 457: Enter callback by blackjoe
06-02 19:42:30.051 E/mm-camera(  710): <MCT   ><ERROR> 2722: mct_stream_process_bus_msg: Check the runing function blackjoe 
06-02 19:42:30.051 E/mm-camera(  710): <MCT   ><ERROR> 2755: mct_stream_process_bus_msg: isp_sof_bus_msg is 0xe8801600
06-02 19:42:30.051 E/mm-camera(  710): <MCT   ><ERROR> 2757: mct_stream_process_bus_msg: frameid is 24 hal_version is 3
06-02 19:42:30.051 E/mm-camera(  710): <MCT   ><ERROR> 2759: mct_stream_process_bus_msg: kstate_ptr is 0xe5a85a84, isp_kstate_ptr is 0xe9788000
06-02 19:42:30.051 E/mm-camera(  710): <MCT   ><ERROR> 2765: mct_stream_process_bus_msg: frame_id is 24
06-02 19:42:30.052 E/QCamera (  710): <MCI><ERROR> mm_stream_data_notify: 337: E, my_handle = 0xa000, fd = 68, state = 6 blackjoe
06-02 19:42:30.052 E/QCamera (  710): <MCI><ERROR> mm_stream_read_msm_frame: 1723: E, my_handle = 0xa000, fd = 68, state = 6 blackjoe
06-02 19:42:30.052 I/QCamera (  710): <MCI><INFO> mm_stream_read_msm_frame: 1770: VIDIOC_DQBUF buf_index 5, frame_idx 23, stream type 7, rc 0,queued: 17, buf_type = 0 flags = 8192 FD = 68 my_num 0 buf fd 92
06-02 19:42:30.053 E/QCamera (  710): <MCI><ERROR> mm_stream_read_msm_frame: 1790: X rc = 0
06-02 19:42:30.053 I/QCamera (  710): <MCI><INFO> mm_stream_handle_rcvd_buf: 220: E, my_handle = 0xa000, fd = 68, state = 6
06-02 19:42:30.053 I/QCamera (  710): <MCI><INFO> mm_stream_handle_rcvd_buf: 244: has cb and it is active by blackjoe
06-02 19:42:30.054 I/QCamera (  710): <MCI><INFO> mm_stream_dispatch_app_data: 415: E, my_handle = 0xa000, fd = 68, state = 6
06-02 19:42:30.054 I/QCamera (  710): <MCI><INFO> mm_stream_dispatch_app_data: 436: frame_sync.is_active = 0, is_cb_active = 1
06-02 19:42:30.054 I/QCamera (  710): <MCI><INFO> mm_stream_dispatch_app_data: 457: Enter callback by blackjoe
06-02 19:42:30.055 E/mm-camera(  710): <STATS_AIS ><ERROR> 1316: dsps_process_response_gyro: Query request denied, error code = 5, QId_valid = 1, QueryId = 0x180a, AckNak_valid = 1, AckNak = 3
06-02 19:42:30.062 E/mm-camera(  710): <MCT   ><ERROR> 4828: mct_pipeline_process_serv_msg: pipeline blackjoe data->sessionid 3 pipeline->session 3 msgid 3
06-02 19:42:30.062 E/mm-camera(  710): <MCT   ><ERROR> 4299: mct_pipeline_process_set: command is 0x8000014 blackjoe CAM_PRIV_PARM 0x8000014
06-02 19:42:30.072 E/        (    0): frame_src is 1 frame_id is 25 blackjoe
06-02 19:42:30.123 E/QCamera (  710): <MCI><ERROR> mm_stream_data_notify: 337: E, my_handle = 0xa101, fd = 78, state = 6 blackjoe
06-02 19:42:30.124 E/mm-camera(  710): <SENSOR><ERROR> 4883: sensor_get_frame_duration: resolution is invalid, it seems stream has stopped.
06-02 19:42:30.124 E/QCamera (  710): <MCI><ERROR> mm_stream_read_msm_frame: 1723: E, my_handle = 0xa101, fd = 78, state = 6 blackjoe
06-02 19:42:30.124 E/mm-camera(  710): <SENSOR><ERROR> 884: sensor_fc_report_meta: Failed to get frame duration
06-02 19:42:30.124 E/mm-camera(  710): <SENSOR><ERROR> 4805: sensor_get_exposure_time: resolution is invalid, it seems stream has stopped.
06-02 19:42:30.124 E/mm-camera(  710): <SENSOR><ERROR> 904: sensor_fc_report_meta: Failed to get exposure time
06-02 19:42:30.125 I/QCamera (  710): <MCI><INFO> mm_stream_read_msm_frame: 1770: VIDIOC_DQBUF buf_index 9, frame_idx 24, stream type 8, rc 0,queued: 5, buf_type = 0 flags = 8192 FD = 78 my_num 0 buf fd 129
06-02 19:42:30.125 E/QCamera (  710): <MCI><ERROR> mm_stream_read_msm_frame: 1790: X rc = 0
06-02 19:42:30.125 I/QCamera (  710): <MCI><INFO> mm_stream_handle_rcvd_buf: 220: E, my_handle = 0xa101, fd = 78, state = 6
06-02 19:42:30.125 I/QCamera (  710): <MCI><INFO> mm_stream_handle_rcvd_buf: 244: has cb and it is active by blackjoe
06-02 19:42:30.126 E/mm-camera(  710): <MCT   ><ERROR> 2722: mct_stream_process_bus_msg: Check the runing function blackjoe 
06-02 19:42:30.126 I/QCamera (  710): <MCI><INFO> mm_stream_dispatch_app_data: 415: E, my_handle = 0xa101, fd = 78, state = 6
