06-02 19:50:30.070 E/QCamera (  710): <MCI><ERROR> mm_stream_read_msm_frame: 1723: E, my_handle = 0xc901, fd = 78, state = 6 blackjoe
06-02 19:50:30.070 E/mm-camera(  710): <SENSOR><ERROR> 4883: sensor_get_frame_duration: resolution is invalid, it seems stream has stopped.
06-02 19:50:30.070 I/QCamera (  710): <MCI><INFO> mm_stream_read_msm_frame: 1770: VIDIOC_DQBUF buf_index 6, frame_idx 86, stream type 8, rc 0,queued: 5, buf_type = 0 flags = 8192 FD = 78 my_num 0 buf fd 126
06-02 19:50:30.070 E/mm-camera(  710): <SENSOR><ERROR> 884: sensor_fc_report_meta: Failed to get frame duration
06-02 19:50:30.071 E/QCamera (  710): <MCI><ERROR> mm_stream_read_msm_frame: 1790: X rc = 0
06-02 19:50:30.071 E/mm-camera(  710): <SENSOR><ERROR> 4805: sensor_get_exposure_time: resolution is invalid, it seems stream has stopped.
06-02 19:50:30.071 I/QCamera (  710): <MCI><INFO> mm_stream_handle_rcvd_buf: 220: E, my_handle = 0xc901, fd = 78, state = 6
06-02 19:50:30.071 E/mm-camera(  710): <SENSOR><ERROR> 904: sensor_fc_report_meta: Failed to get exposure time
06-02 19:50:30.071 I/QCamera (  710): <MCI><INFO> mm_stream_handle_rcvd_buf: 244: has cb and it is active by blackjoe
06-02 19:50:30.071 I/QCamera (  710): <MCI><INFO> mm_stream_dispatch_app_data: 415: E, my_handle = 0xc901, fd = 78, state = 6
06-02 19:50:30.071 I/QCamera (  710): <MCI><INFO> mm_stream_dispatch_app_data: 436: frame_sync.is_active = 0, is_cb_active = 1
06-02 19:50:30.071 I/QCamera (  710): <MCI><INFO> mm_stream_dispatch_app_data: 457: Enter callback by blackjoe
06-02 19:50:30.072 E/mm-camera(  710): <MCT   ><ERROR> 2722: mct_stream_process_bus_msg: Check the runing function blackjoe 
06-02 19:50:30.072 E/mm-camera(  710): <MCT   ><ERROR> 2755: mct_stream_process_bus_msg: isp_sof_bus_msg is 0xe8801960
06-02 19:50:30.072 E/mm-camera(  710): <MCT   ><ERROR> 2757: mct_stream_process_bus_msg: frameid is 87 hal_version is 3
06-02 19:50:30.072 E/mm-camera(  710): <MCT   ><ERROR> 2759: mct_stream_process_bus_msg: kstate_ptr is 0xe5a85a84, isp_kstate_ptr is 0xe9788000
06-02 19:50:30.072 E/mm-camera(  710): <MCT   ><ERROR> 2765: mct_stream_process_bus_msg: frame_id is 87
06-02 19:50:30.020 E/        (    0): frame_src is 1 frame_id is 87 blackjoe
06-02 19:50:30.073 E/QCamera (  710): <MCI><ERROR> mm_stream_data_notify: 337: E, my_handle = 0xc800, fd = 68, state = 6 blackjoe
06-02 19:50:30.073 E/QCamera (  710): <MCI><ERROR> mm_stream_read_msm_frame: 1723: E, my_handle = 0xc800, fd = 68, state = 6 blackjoe
06-02 19:50:30.073 I/QCamera (  710): <MCI><INFO> mm_stream_read_msm_frame: 1770: VIDIOC_DQBUF buf_index 14, frame_idx 86, stream type 7, rc 0,queued: 17, buf_type = 0 flags = 8192 FD = 68 my_num 0 buf fd 110
06-02 19:50:30.073 E/QCamera (  710): <MCI><ERROR> mm_stream_read_msm_frame: 1790: X rc = 0
06-02 19:50:30.073 I/QCamera (  710): <MCI><INFO> mm_stream_handle_rcvd_buf: 220: E, my_handle = 0xc800, fd = 68, state = 6
06-02 19:50:30.074 I/QCamera (  710): <MCI><INFO> mm_stream_handle_rcvd_buf: 244: has cb and it is active by blackjoe
06-02 19:50:30.074 I/QCamera (  710): <MCI><INFO> mm_stream_dispatch_app_data: 415: E, my_handle = 0xc800, fd = 68, state = 6
06-02 19:50:30.074 I/QCamera (  710): <MCI><INFO> mm_stream_dispatch_app_data: 436: frame_sync.is_active = 0, is_cb_active = 1
06-02 19:50:30.074 I/QCamera (  710): <MCI><INFO> mm_stream_dispatch_app_data: 457: Enter callback by blackjoe
06-02 19:50:30.077 E/mm-camera(  710): <STATS_AIS ><ERROR> 1316: dsps_process_response_gyro: Query request denied, error code = 5, QId_valid = 1, QueryId = 0x570a, AckNak_valid = 1, AckNak = 3
06-02 19:50:30.084 E/mm-camera(  710): <MCT   ><ERROR> 4828: mct_pipeline_process_serv_msg: pipeline blackjoe data->sessionid 3 pipeline->session 3 msgid 3
06-02 19:50:30.084 E/mm-camera(  710): <MCT   ><ERROR> 4299: mct_pipeline_process_set: command is 0x8000014 blackjoe CAM_PRIV_PARM 0x8000014
06-02 19:50:30.104 E/QCamera (  710): <MCI><ERROR> mm_stream_data_notify: 337: E, my_handle = 0xc901, fd = 78, state = 6 blackjoe
06-02 19:50:30.104 E/QCamera (  710): <MCI><ERROR> mm_stream_read_msm_frame: 1723: E, my_handle = 0xc901, fd = 78, state = 6 blackjoe
06-02 19:50:30.105 I/QCamera (  710): <MCI><INFO> mm_stream_read_msm_frame: 1770: VIDIOC_DQBUF buf_index 11, frame_idx 87, stream type 8, rc 0,queued: 5, buf_type = 0 flags = 8192 FD = 78 my_num 0 buf fd 76
06-02 19:50:30.105 E/QCamera (  710): <MCI><ERROR> mm_stream_read_msm_frame: 1790: X rc = 0
06-02 19:50:30.105 I/QCamera (  710): <MCI><INFO> mm_stream_handle_rcvd_buf: 220: E, my_handle = 0xc901, fd = 78, state = 6
06-02 19:50:30.105 I/QCamera (  710): <MCI><INFO> mm_stream_handle_rcvd_buf: 244: has cb and it is active by blackjoe
06-02 19:50:30.105 I/QCamera (  710): <MCI><INFO> mm_stream_dispatch_app_data: 415: E, my_handle = 0xc901, fd = 78, state = 6
06-02 19:50:30.106 I/QCamera (  710): <MCI><INFO> mm_stream_dispatch_app_data: 436: frame_sync.is_active = 0, is_cb_active = 1
06-02 19:50:30.106 I/QCamera (  710): <MCI><INFO> mm_stream_dispatch_app_data: 457: Enter callback by blackjoe
06-02 19:50:30.054 E/        (    0): frame_src is 1 frame_id is 88 blackjoe
06-02 19:50:30.109 E/mm-camera(  710): <SENSOR><ERROR> 4883: sensor_get_frame_duration: resolution is invalid, it seems stream has stopped.
06-02 19:50:30.109 E/mm-camera(  710): <SENSOR><ERROR> 884: sensor_fc_report_meta: Failed to get frame duration
06-02 19:50:30.109 E/mm-camera(  710): <SENSOR><ERROR> 4805: sensor_get_exposure_time: resolution is invalid, it seems stream has stopped.
06-02 19:50:30.110 E/mm-camera(  710): <SENSOR><ERROR> 904: sensor_fc_report_meta: Failed to get exposure time
06-02 19:50:30.110 E/mm-camera(  710): <MCT   ><ERROR> 2722: mct_stream_process_bus_msg: Check the runing function blackjoe 
06-02 19:50:30.111 E/mm-camera(  710): <MCT   ><ERROR> 2755: mct_stream_process_bus_msg: isp_sof_bus_msg is 0xe8801960
06-02 19:50:30.111 E/mm-camera(  710): <MCT   ><ERROR> 2757: mct_stream_process_bus_msg: frameid is 88 hal_version is 3
06-02 19:50:30.111 E/mm-camera(  710): <MCT   ><ERROR> 2759: mct_stream_process_bus_msg: kstate_ptr is 0xe5a85a84, isp_kstate_ptr is 0xe9788000
06-02 19:50:30.111 E/mm-camera(  710): <MCT   ><ERROR> 2765: mct_stream_process_bus_msg: frame_id is 88
06-02 19:50:30.111 E/QCamera (  710): <MCI><ERROR> mm_stream_data_notify: 337: E, my_handle = 0xc800, fd = 68, state = 6 blackjoe
06-02 19:50:30.111 E/QCamera (  710): <MCI><ERROR> mm_stream_read_msm_frame: 1723: E, my_handle = 0xc800, fd = 68, state = 6 blackjoe
06-02 19:50:30.112 I/QCamera (  710): <MCI><INFO> mm_stream_read_msm_frame: 1770: VIDIOC_DQBUF buf_index 15, frame_idx 87, stream type 7, rc 0,queued: 17, buf_type = 0 flags = 8192 FD = 68 my_num 0 buf fd 112
06-02 19:50:30.112 E/QCamera (  710): <MCI><ERROR> mm_stream_read_msm_frame: 1790: X rc = 0
06-02 19:50:30.112 I/QCamera (  710): <MCI><INFO> mm_stream_handle_rcvd_buf: 220: E, my_handle = 0xc800, fd = 68, state = 6
06-02 19:50:30.112 I/QCamera (  710): <MCI><INFO> mm_stream_handle_rcvd_buf: 244: has cb and it is active by blackjoe
06-02 19:50:30.112 I/QCamera (  710): <MCI><INFO> mm_stream_dispatch_app_data: 415: E, my_handle = 0xc800, fd = 68, state = 6
06-02 19:50:30.113 I/QCamera (  710): <MCI><INFO> mm_stream_dispatch_app_data: 436: frame_sync.is_active = 0, is_cb_active = 1
06-02 19:50:30.113 I/QCamera (  710): <MCI><INFO> mm_stream_dispatch_app_data: 457: Enter callback by blackjoe
06-02 19:50:30.114 E/mm-camera(  710): <STATS_AIS ><ERROR> 1316: dsps_process_response_gyro: Query request denied, error code = 5, QId_valid = 1, QueryId = 0x580a, AckNak_valid = 1, AckNak = 3
06-02 19:50:30.130 E/mm-camera(  710): <MCT   ><ERROR> 4828: mct_pipeline_process_serv_msg: pipeline blackjoe data->sessionid 3 pipeline->session 3 msgid 3
06-02 19:50:30.130 E/mm-camera(  710): <MCT   ><ERROR> 4299: mct_pipeline_process_set: command is 0x8000014 blackjoe CAM_PRIV_PARM 0x8000014
06-02 19:50:30.139 E/QCamera (  710): <MCI><ERROR> mm_stream_data_notify: 337: E, my_handle = 0xc901, fd = 78, state = 6 blackjoe
06-02 19:50:30.139 E/QCamera (  710): <MCI><ERROR> mm_stream_read_msm_frame: 1723: E, my_handle = 0xc901, fd = 78, state = 6 blackjoe
06-02 19:50:30.139 I/QCamera (  710): <MCI><INFO> mm_stream_read_msm_frame: 1770: VIDIOC_DQBUF buf_index 7, frame_idx 88, stream type 8, rc 0,queued: 5, buf_type = 0 flags = 8192 FD = 78 my_num 0 buf fd 127
06-02 19:50:30.140 E/QCamera (  710): <MCI><ERROR> mm_stream_read_msm_frame: 1790: X rc = 0
06-02 19:50:30.140 I/QCamera (  710): <MCI><INFO> mm_stream_handle_rcvd_buf: 220: E, my_handle = 0xc901, fd = 78, state = 6
06-02 19:50:30.140 I/QCamera (  710): <MCI><INFO> mm_stream_handle_rcvd_buf: 244: has cb and it is active by blackjoe
06-02 19:50:30.140 I/QCamera (  710): <MCI><INFO> mm_stream_dispatch_app_data: 415: E, my_handle = 0xc901, fd = 78, state = 6
06-02 19:50:30.140 I/QCamera (  710): <MCI><INFO> mm_stream_dispatch_app_data: 436: frame_sync.is_active = 0, is_cb_active = 1
06-02 19:50:30.140 I/QCamera (  710): <MCI><INFO> mm_stream_dispatch_app_data: 457: Enter callback by blackjoe
06-02 19:50:30.141 E/mm-camera(  710): <SENSOR><ERROR> 4883: sensor_get_frame_duration: resolution is invalid, it seems stream has stopped.
06-02 19:50:30.141 E/mm-camera(  710): <SENSOR><ERROR> 884: sensor_fc_report_meta: Failed to get frame duration
06-02 19:50:30.141 E/mm-camera(  710): <SENSOR><ERROR> 4805: sensor_get_exposure_time: resolution is invalid, it seems stream has stopped.
06-02 19:50:30.141 E/mm-camera(  710): <SENSOR><ERROR> 904: sensor_fc_report_meta: Failed to get exposure time
06-02 19:50:30.142 E/mm-camera(  710): <MCT   ><ERROR> 2722: mct_stream_process_bus_msg: Check the runing function blackjoe 
06-02 19:50:30.142 E/mm-camera(  710): <MCT   ><ERROR> 2755: mct_stream_process_bus_msg: isp_sof_bus_msg is 0xe8801960
06-02 19:50:30.142 E/mm-camera(  710): <MCT   ><ERROR> 2757: mct_stream_process_bus_msg: frameid is 89 hal_version is 3
06-02 19:50:30.089 E/        (    0): frame_src is 1 frame_id is 89 blackjoe
06-02 19:50:30.142 E/mm-camera(  710): <MCT   ><ERROR> 2759: mct_stream_process_bus_msg: kstate_ptr is 0xe5a85a84, isp_kstate_ptr is 0xe9788000
06-02 19:50:30.142 E/mm-camera(  710): <MCT   ><ERROR> 2765: mct_stream_process_bus_msg: frame_id is 89
06-02 19:50:30.147 E/mm-camera(  710): <STATS_AIS ><ERROR> 1316: dsps_process_response_gyro: Query request denied, error code = 5, QId_valid = 1, QueryId = 0x590a, AckNak_valid = 1, AckNak = 3
06-02 19:50:30.151 E/QCamera (  710): <MCI><ERROR> mm_stream_data_notify: 337: E, my_handle = 0xc800, fd = 68, state = 6 blackjoe
06-02 19:50:30.152 E/QCamera (  710): <MCI><ERROR> mm_stream_read_msm_frame: 1723: E, my_handle = 0xc800, fd = 68, state = 6 blackjoe
06-02 19:50:30.152 I/QCamera (  710): <MCI><INFO> mm_stream_read_msm_frame: 1770: VIDIOC_DQBUF buf_index 16, frame_idx 88, stream type 7, rc 0,queued: 17, buf_type = 0 flags = 8192 FD = 68 my_num 0 buf fd 114
06-02 19:50:30.152 E/QCamera (  710): <MCI><ERROR> mm_stream_read_msm_frame: 1790: X rc = 0
06-02 19:50:30.152 I/QCamera (  710): <MCI><INFO> mm_stream_handle_rcvd_buf: 220: E, my_handle = 0xc800, fd = 68, state = 6
06-02 19:50:30.152 I/QCamera (  710): <MCI><INFO> mm_stream_handle_rcvd_buf: 244: has cb and it is active by blackjoe
06-02 19:50:30.153 I/QCamera (  710): <MCI><INFO> mm_stream_dispatch_app_data: 415: E, my_handle = 0xc800, fd = 68, state = 6
06-02 19:50:30.153 I/QCamera (  710): <MCI><INFO> mm_stream_dispatch_app_data: 436: frame_sync.is_active = 0, is_cb_active = 1
06-02 19:50:30.153 I/QCamera (  710): <MCI><INFO> mm_stream_dispatch_app_data: 457: Enter callback by blackjoe
06-02 19:50:30.163 E/mm-camera(  710): <MCT   ><ERROR> 4828: mct_pipeline_process_serv_msg: pipeline blackjoe data->sessionid 3 pipeline->session 3 msgid 3
06-02 19:50:30.163 E/mm-camera(  710): <MCT   ><ERROR> 4299: mct_pipeline_process_set: command is 0x8000014 blackjoe CAM_PRIV_PARM 0x8000014
06-02 19:50:30.212 E/mm-camera(  710): <SENSOR><ERROR> 4883: sensor_get_frame_duration: resolution is invalid, it seems stream has stopped.
06-02 19:50:30.212 E/mm-camera(  710): <SENSOR><ERROR> 884: sensor_fc_report_meta: Failed to get frame duration
06-02 19:50:30.213 E/mm-camera(  710): <SENSOR><ERROR> 4805: sensor_get_exposure_time: resolution is invalid, it seems stream has stopped.
06-02 19:50:30.213 E/mm-camera(  710): <SENSOR><ERROR> 904: sensor_fc_report_meta: Failed to get exposure time
06-02 19:50:30.213 E/QCamera (  710): <MCI><ERROR> mm_stream_data_notify: 337: E, my_handle = 0xc901, fd = 78, state = 6 blackjoe
06-02 19:50:30.214 E/QCamera (  710): <MCI><ERROR> mm_stream_read_msm_frame: 1723: E, my_handle = 0xc901, fd = 78, state = 6 blackjoe
06-02 19:50:30.214 E/mm-camera(  710): <MCT   ><ERROR> 2722: mct_stream_process_bus_msg: Check the runing function blackjoe 
06-02 19:50:30.214 E/mm-camera(  710): <MCT   ><ERROR> 2755: mct_stream_process_bus_msg: isp_sof_bus_msg is 0xe8801960
06-02 19:50:30.214 E/mm-camera(  710): <MCT   ><ERROR> 2757: mct_stream_process_bus_msg: frameid is 90 hal_version is 3
06-02 19:50:30.214 I/QCamera (  710): <MCI><INFO> mm_stream_read_msm_frame: 1770: VIDIOC_DQBUF buf_index 8, frame_idx 89, stream type 8, rc 0,queued: 5, buf_type = 0 flags = 8192 FD = 78 my_num 0 buf fd 130
06-02 19:50:30.214 E/mm-camera(  710): <MCT   ><ERROR> 2759: mct_stream_process_bus_msg: kstate_ptr is 0xe5a85a84, isp_kstate_ptr is 0xe9788000
06-02 19:50:30.214 E/QCamera (  710): <MCI><ERROR> mm_stream_read_msm_frame: 1790: X rc = 0
06-02 19:50:30.214 E/mm-camera(  710): <MCT   ><ERROR> 2765: mct_stream_process_bus_msg: frame_id is 90
06-02 19:50:30.214 I/QCamera (  710): <MCI><INFO> mm_stream_handle_rcvd_buf: 220: E, my_handle = 0xc901, fd = 78, state = 6
06-02 19:50:30.214 I/QCamera (  710): <MCI><INFO> mm_stream_handle_rcvd_buf: 244: has cb and it is active by blackjoe
06-02 19:50:30.215 I/QCamera (  710): <MCI><INFO> mm_stream_dispatch_app_data: 415: E, my_handle = 0xc901, fd = 78, state = 6
06-02 19:50:30.215 I/QCamera (  710): <MCI><INFO> mm_stream_dispatch_app_data: 436: frame_sync.is_active = 0, is_cb_active = 1
06-02 19:50:30.215 I/QCamera (  710): <MCI><INFO> mm_stream_dispatch_app_data: 457: Enter callback by blackjoe
06-02 19:50:30.216 E/QCamera (  710): <MCI><ERROR> mm_stream_data_notify: 337: E, my_handle = 0xc800, fd = 68, state = 6 blackjoe
06-02 19:50:30.216 E/QCamera (  710): <MCI><ERROR> mm_stream_read_msm_frame: 1723: E, my_handle = 0xc800, fd = 68, state = 6 blackjoe
06-02 19:50:30.217 I/QCamera (  710): <MCI><INFO> mm_stream_read_msm_frame: 1770: VIDIOC_DQBUF buf_index 17, frame_idx 89, stream type 7, rc 0,queued: 17, buf_type = 0 flags = 8192 FD = 68 my_num 0 buf fd 116
06-02 19:50:30.217 E/QCamera (  710): <MCI><ERROR> mm_stream_read_msm_frame: 1790: X rc = 0
06-02 19:50:30.217 I/QCamera (  710): <MCI><INFO> mm_stream_handle_rcvd_buf: 220: E, my_handle = 0xc800, fd = 68, state = 6
06-02 19:50:30.217 I/QCamera (  710): <MCI><INFO> mm_stream_handle_rcvd_buf: 244: has cb and it is active by blackjoe
06-02 19:50:30.218 I/QCamera (  710): <MCI><INFO> mm_stream_dispatch_app_data: 415: E, my_handle = 0xc800, fd = 68, state = 6
06-02 19:50:30.218 I/QCamera (  710): <MCI><INFO> mm_stream_dispatch_app_data: 436: frame_sync.is_active = 0, is_cb_active = 1
06-02 19:50:30.218 I/QCamera (  710): <MCI><INFO> mm_stream_dispatch_app_data: 457: Enter callback by blackjoe
06-02 19:50:30.219 E/mm-camera(  710): <STATS_AIS ><ERROR> 1316: dsps_process_response_gyro: Query request denied, error code = 5, QId_valid = 1, QueryId = 0x5a0a, AckNak_valid = 1, AckNak = 3
06-02 19:50:30.162 E/        (    0): frame_src is 1 frame_id is 90 blackjoe
06-02 19:50:30.246 E/QCamera (  710): <MCI><ERROR> mm_stream_data_notify: 337: E, my_handle = 0xc901, fd = 78, state = 6 blackjoe
06-02 19:50:30.246 E/QCamera (  710): <MCI><ERROR> mm_stream_read_msm_frame: 1723: E, my_handle = 0xc901, fd = 78, state = 6 blackjoe
06-02 19:50:30.247 I/QCamera (  710): <MCI><INFO> mm_stream_read_msm_frame: 1770: VIDIOC_DQBUF buf_index 9, frame_idx 90, stream type 8, rc 0,queued: 4, buf_type = 0 flags = 8192 FD = 78 my_num 0 buf fd 134
06-02 19:50:30.247 E/QCamera (  710): <MCI><ERROR> mm_stream_read_msm_frame: 1790: X rc = 0
06-02 19:50:30.247 I/QCamera (  710): <MCI><INFO> mm_stream_handle_rcvd_buf: 220: E, my_handle = 0xc901, fd = 78, state = 6
06-02 19:50:30.247 I/QCamera (  710): <MCI><INFO> mm_stream_handle_rcvd_buf: 244: has cb and it is active by blackjoe
06-02 19:50:30.247 I/QCamera (  710): <MCI><INFO> mm_stream_dispatch_app_data: 415: E, my_handle = 0xc901, fd = 78, state = 6
06-02 19:50:30.248 I/QCamera (  710): <MCI><INFO> mm_stream_dispatch_app_data: 436: frame_sync.is_active = 0, is_cb_active = 1
06-02 19:50:30.248 E/mm-camera(  710): <SENSOR><ERROR> 4883: sensor_get_frame_duration: resolution is invalid, it seems stream has stopped.
06-02 19:50:30.248 I/QCamera (  710): <MCI><INFO> mm_stream_dispatch_app_data: 457: Enter callback by blackjoe
06-02 19:50:30.248 E/mm-camera(  710): <SENSOR><ERROR> 884: sensor_fc_report_meta: Failed to get frame duration
06-02 19:50:30.248 E/mm-camera(  710): <SENSOR><ERROR> 4805: sensor_get_exposure_time: resolution is invalid, it seems stream has stopped.
06-02 19:50:30.248 E/mm-camera(  710): <SENSOR><ERROR> 904: sensor_fc_report_meta: Failed to get exposure time
06-02 19:50:30.249 E/mm-camera(  710): <MCT   ><ERROR> 2722: mct_stream_process_bus_msg: Check the runing function blackjoe 
06-02 19:50:30.249 E/mm-camera(  710): <MCT   ><ERROR> 2755: mct_stream_process_bus_msg: isp_sof_bus_msg is 0xe8801960
06-02 19:50:30.249 E/mm-camera(  710): <MCT   ><ERROR> 2757: mct_stream_process_bus_msg: frameid is 91 hal_version is 3
06-02 19:50:30.249 E/mm-camera(  710): <MCT   ><ERROR> 2759: mct_stream_process_bus_msg: kstate_ptr is 0xe5a85a84, isp_kstate_ptr is 0xe9788000
06-02 19:50:30.249 E/mm-camera(  710): <MCT   ><ERROR> 2765: mct_stream_process_bus_msg: frame_id is 91
06-02 19:50:30.196 E/        (    0): frame_src is 1 frame_id is 91 blackjoe
06-02 19:50:30.252 E/QCamera (  710): <MCI><ERROR> mm_stream_data_notify: 337: E, my_handle = 0xc800, fd = 68, state = 6 blackjoe
06-02 19:50:30.252 E/QCamera (  710): <MCI><ERROR> mm_stream_read_msm_frame: 1723: E, my_handle = 0xc800, fd = 68, state = 6 blackjoe
06-02 19:50:30.252 I/QCamera (  710): <MCI><INFO> mm_stream_read_msm_frame: 1770: VIDIOC_DQBUF buf_index 0, frame_idx 90, stream type 7, rc 0,queued: 17, buf_type = 0 flags = 8192 FD = 68 my_num 0 buf fd 82
06-02 19:50:30.252 E/QCamera (  710): <MCI><ERROR> mm_stream_read_msm_frame: 1790: X rc = 0
06-02 19:50:30.253 I/QCamera (  710): <MCI><INFO> mm_stream_handle_rcvd_buf: 220: E, my_handle = 0xc800, fd = 68, state = 6
06-02 19:50:30.253 E/mm-camera(  710): <STATS_AIS ><ERROR> 1316: dsps_process_response_gyro: Query request denied, error code = 5, QId_valid = 1, QueryId = 0x5b0a, AckNak_valid = 1, AckNak = 3
06-02 19:50:30.253 I/QCamera (  710): <MCI><INFO> mm_stream_handle_rcvd_buf: 244: has cb and it is active by blackjoe
06-02 19:50:30.253 I/QCamera (  710): <MCI><INFO> mm_stream_dispatch_app_data: 415: E, my_handle = 0xc800, fd = 68, state = 6
06-02 19:50:30.254 I/QCamera (  710): <MCI><INFO> mm_stream_dispatch_app_data: 436: frame_sync.is_active = 0, is_cb_active = 1
06-02 19:50:30.254 I/QCamera (  710): <MCI><INFO> mm_stream_dispatch_app_data: 457: Enter callback by blackjoe
06-02 19:50:30.260 E/mm-camera(  710): <MCT   ><ERROR> 4828: mct_pipeline_process_serv_msg: pipeline blackjoe data->sessionid 3 pipeline->session 3 msgid 3
06-02 19:50:30.260 E/mm-camera(  710): <MCT   ><ERROR> 4299: mct_pipeline_process_set: command is 0x8000014 blackjoe CAM_PRIV_PARM 0x8000014
06-02 19:50:30.273 E/mm-camera(  710): <MCT   ><ERROR> 4828: mct_pipeline_process_serv_msg: pipeline blackjoe data->sessionid 3 pipeline->session 3 msgid 3
06-02 19:50:30.273 E/mm-camera(  710): <MCT   ><ERROR> 4299: mct_pipeline_process_set: command is 0x8000014 blackjoe CAM_PRIV_PARM 0x8000014
06-02 19:50:30.230 E/        (    0): frame_src is 1 frame_id is 92 blackjoe
06-02 19:50:30.287 E/QCamera (  710): <MCI><ERROR> mm_stream_data_notify: 337: E, my_handle = 0xc901, fd = 78, state = 6 blackjoe
06-02 19:50:30.287 E/QCamera (  710): <MCI><ERROR> mm_stream_read_msm_frame: 1723: E, my_handle = 0xc901, fd = 78, state = 6 blackjoe
06-02 19:50:30.288 I/QCamera (  710): <MCI><INFO> mm_stream_read_msm_frame: 1770: VIDIOC_DQBUF buf_index 10, frame_idx 91, stream type 8, rc 0,queued: 5, buf_type = 0 flags = 8192 FD = 78 my_num 0 buf fd 137
06-02 19:50:30.288 E/QCamera (  710): <MCI><ERROR> mm_stream_read_msm_frame: 1790: X rc = 0
06-02 19:50:30.288 I/QCamera (  710): <MCI><INFO> mm_stream_handle_rcvd_buf: 220: E, my_handle = 0xc901, fd = 78, state = 6
06-02 19:50:30.288 I/QCamera (  710): <MCI><INFO> mm_stream_handle_rcvd_buf: 244: has cb and it is active by blackjoe
06-02 19:50:30.288 I/QCamera (  710): <MCI><INFO> mm_stream_dispatch_app_data: 415: E, my_handle = 0xc901, fd = 78, state = 6
06-02 19:50:30.288 I/QCamera (  710): <MCI><INFO> mm_stream_dispatch_app_data: 436: frame_sync.is_active = 0, is_cb_active = 1
06-02 19:50:30.288 I/QCamera (  710): <MCI><INFO> mm_stream_dispatch_app_data: 457: Enter callback by blackjoe
06-02 19:50:30.289 E/mm-camera(  710): <SENSOR><ERROR> 4883: sensor_get_frame_duration: resolution is invalid, it seems stream has stopped.
06-02 19:50:30.289 E/mm-camera(  710): <SENSOR><ERROR> 884: sensor_fc_report_meta: Failed to get frame duration
06-02 19:50:30.289 E/mm-camera(  710): <SENSOR><ERROR> 4805: sensor_get_exposure_time: resolution is invalid, it seems stream has stopped.
06-02 19:50:30.289 E/mm-camera(  710): <SENSOR><ERROR> 904: sensor_fc_report_meta: Failed to get exposure time
06-02 19:50:30.290 E/mm-camera(  710): <MCT   ><ERROR> 2722: mct_stream_process_bus_msg: Check the runing function blackjoe 
06-02 19:50:30.290 E/mm-camera(  710): <MCT   ><ERROR> 2755: mct_stream_process_bus_msg: isp_sof_bus_msg is 0xe8801960
06-02 19:50:30.290 E/mm-camera(  710): <MCT   ><ERROR> 2757: mct_stream_process_bus_msg: frameid is 92 hal_version is 3
06-02 19:50:30.291 E/mm-camera(  710): <MCT   ><ERROR> 2759: mct_stream_process_bus_msg: kstate_ptr is 0xe5a85a84, isp_kstate_ptr is 0xe9788000
06-02 19:50:30.291 E/mm-camera(  710): <MCT   ><ERROR> 2765: mct_stream_process_bus_msg: frame_id is 92
06-02 19:50:30.296 E/mm-camera(  710): <STATS_AIS ><ERROR> 1316: dsps_process_response_gyro: Query request denied, error code = 5, QId_valid = 1, QueryId = 0x5c0a, AckNak_valid = 1, AckNak = 3
06-02 19:50:30.296 E/QCamera (  710): <MCI><ERROR> mm_stream_data_notify: 337: E, my_handle = 0xc800, fd = 68, state = 6 blackjoe
06-02 19:50:30.296 E/QCamera (  710): <MCI><ERROR> mm_stream_read_msm_frame: 1723: E, my_handle = 0xc800, fd = 68, state = 6 blackjoe
06-02 19:50:30.297 I/QCamera (  710): <MCI><INFO> mm_stream_read_msm_frame: 1770: VIDIOC_DQBUF buf_index 1, frame_idx 91, stream type 7, rc 0,queued: 17, buf_type = 0 flags = 8192 FD = 68 my_num 0 buf fd 84
06-02 19:50:30.297 E/QCamera (  710): <MCI><ERROR> mm_stream_read_msm_frame: 1790: X rc = 0
06-02 19:50:30.297 I/QCamera (  710): <MCI><INFO> mm_stream_handle_rcvd_buf: 220: E, my_handle = 0xc800, fd = 68, state = 6
06-02 19:50:30.298 I/QCamera (  710): <MCI><INFO> mm_stream_handle_rcvd_buf: 244: has cb and it is active by blackjoe
06-02 19:50:30.298 I/QCamera (  710): <MCI><INFO> mm_stream_dispatch_app_data: 415: E, my_handle = 0xc800, fd = 68, state = 6
06-02 19:50:30.298 I/QCamera (  710): <MCI><INFO> mm_stream_dispatch_app_data: 436: frame_sync.is_active = 0, is_cb_active = 1
06-02 19:50:30.299 I/QCamera (  710): <MCI><INFO> mm_stream_dispatch_app_data: 457: Enter callback by blackjoe
06-02 19:50:30.305 E/mm-camera(  710): <MCT   ><ERROR> 4828: mct_pipeline_process_serv_msg: pipeline blackjoe data->sessionid 3 pipeline->session 3 msgid 3
06-02 19:50:30.305 E/mm-camera(  710): <MCT   ><ERROR> 4299: mct_pipeline_process_set: command is 0x8000014 blackjoe CAM_PRIV_PARM 0x8000014
06-02 19:50:30.353 E/mm-camera(  710): <SENSOR><ERROR> 4883: sensor_get_frame_duration: resolution is invalid, it seems stream has stopped.
06-02 19:50:30.354 E/mm-camera(  710): <SENSOR><ERROR> 884: sensor_fc_report_meta: Failed to get frame duration
06-02 19:50:30.354 E/mm-camera(  710): <SENSOR><ERROR> 4805: sensor_get_exposure_time: resolution is invalid, it seems stream has stopped.
06-02 19:50:30.354 E/mm-camera(  710): <SENSOR><ERROR> 904: sensor_fc_report_meta: Failed to get exposure time
06-02 19:50:30.355 E/mm-camera(  710): <MCT   ><ERROR> 2722: mct_stream_process_bus_msg: Check the runing function blackjoe 
06-02 19:50:30.356 E/mm-camera(  710): <MCT   ><ERROR> 2755: mct_stream_process_bus_msg: isp_sof_bus_msg is 0xe8801960
06-02 19:50:30.356 E/mm-camera(  710): <MCT   ><ERROR> 2757: mct_stream_process_bus_msg: frameid is 93 hal_version is 3
06-02 19:50:30.356 E/mm-camera(  710): <MCT   ><ERROR> 2759: mct_stream_process_bus_msg: kstate_ptr is 0xe5a85a84, isp_kstate_ptr is 0xe9788000
06-02 19:50:30.356 E/mm-camera(  710): <MCT   ><ERROR> 2765: mct_stream_process_bus_msg: frame_id is 93
06-02 19:50:30.303 E/        (    0): frame_src is 1 frame_id is 93 blackjoe
06-02 19:50:30.337 E/        (    0): frame_src is 1 frame_id is 94 blackjoe
06-02 19:50:30.359 D/logd    (    0): logdr: UID=0 GID=0 PID=17255 n tail=0 logMask=99 pid=0 start=0ns timeout=0ns
06-02 19:50:30.358 E/QCamera (  710): <MCI><ERROR> mm_stream_data_notify: 337: E, my_handle = 0xc800, fd = 68, state = 6 blackjoe
06-02 19:50:30.359 E/QCamera (  710): <MCI><ERROR> mm_stream_read_msm_frame: 1723: E, my_handle = 0xc800, fd = 68, state = 6 blackjoe
06-02 19:50:30.359 I/QCamera (  710): <MCI><INFO> mm_stream_read_msm_frame: 1770: VIDIOC_DQBUF buf_index 2, frame_idx 92, stream type 7, rc 0,queued: 17, buf_type = 0 flags = 8192 FD = 68 my_num 0 buf fd 86
06-02 19:50:30.359 E/QCamera (  710): <MCI><ERROR> mm_stream_read_msm_frame: 1790: X rc = 0
06-02 19:50:30.359 I/QCamera (  710): <MCI><INFO> mm_stream_handle_rcvd_buf: 220: E, my_handle = 0xc800, fd = 68, state = 6
06-02 19:50:30.359 I/QCamera (  710): <MCI><INFO> mm_stream_handle_rcvd_buf: 244: has cb and it is active by blackjoe
06-02 19:50:30.360 I/QCamera (  710): <MCI><INFO> mm_stream_dispatch_app_data: 415: E, my_handle = 0xc800, fd = 68, state = 6
06-02 19:50:30.360 I/QCamera (  710): <MCI><INFO> mm_stream_dispatch_app_data: 436: frame_sync.is_active = 0, is_cb_active = 1
06-02 19:50:30.360 I/QCamera (  710): <MCI><INFO> mm_stream_dispatch_app_data: 457: Enter callback by blackjoe
06-02 19:50:30.361 E/mm-camera(  710): <STATS_AIS ><ERROR> 1316: dsps_process_response_gyro: Query request denied, error code = 5, QId_valid = 1, QueryId = 0x5d0a, AckNak_valid = 1, AckNak = 3
06-02 19:50:30.365 E/QCamera (  710): <MCI><ERROR> mm_stream_data_notify: 337: E, my_handle = 0xc901, fd = 78, state = 6 blackjoe
06-02 19:50:30.365 E/QCamera (  710): <MCI><ERROR> mm_stream_read_msm_frame: 1723: E, my_handle = 0xc901, fd = 78, state = 6 blackjoe
06-02 19:50:30.365 I/QCamera (  710): <MCI><INFO> mm_stream_read_msm_frame: 1770: VIDIOC_DQBUF buf_index 6, frame_idx 92, stream type 8, rc 0,queued: 5, buf_type = 0 flags = 8192 FD = 78 my_num 0 buf fd 140
06-02 19:50:30.365 E/QCamera (  710): <MCI><ERROR> mm_stream_read_msm_frame: 1790: X rc = 0
06-02 19:50:30.365 I/QCamera (  710): <MCI><INFO> mm_stream_handle_rcvd_buf: 220: E, my_handle = 0xc901, fd = 78, state = 6
06-02 19:50:30.366 I/QCamera (  710): <MCI><INFO> mm_stream_handle_rcvd_buf: 244: has cb and it is active by blackjoe
06-02 19:50:30.366 I/QCamera (  710): <MCI><INFO> mm_stream_dispatch_app_data: 415: E, my_handle = 0xc901, fd = 78, state = 6
06-02 19:50:30.366 I/QCamera (  710): <MCI><INFO> mm_stream_dispatch_app_data: 436: frame_sync.is_active = 0, is_cb_active = 1
06-02 19:50:30.366 I/QCamera (  710): <MCI><INFO> mm_stream_dispatch_app_data: 457: Enter callback by blackjoe
06-02 19:50:30.376 E/mm-camera(  710): <MCT   ><ERROR> 4828: mct_pipeline_process_serv_msg: pipeline blackjoe data->sessionid 3 pipeline->session 3 msgid 3
06-02 19:50:30.376 E/mm-camera(  710): <MCT   ><ERROR> 4299: mct_pipeline_process_set: command is 0x8000014 blackjoe CAM_PRIV_PARM 0x8000014
06-02 19:50:30.388 E/mm-camera(  710): <SENSOR><ERROR> 4883: sensor_get_frame_duration: resolution is invalid, it seems stream has stopped.
06-02 19:50:30.388 E/mm-camera(  710): <SENSOR><ERROR> 884: sensor_fc_report_meta: Failed to get frame duration
06-02 19:50:30.388 E/mm-camera(  710): <SENSOR><ERROR> 4805: sensor_get_exposure_time: resolution is invalid, it seems stream has stopped.
06-02 19:50:30.388 E/mm-camera(  710): <SENSOR><ERROR> 904: sensor_fc_report_meta: Failed to get exposure time
06-02 19:50:30.390 E/mm-camera(  710): <MCT   ><ERROR> 2722: mct_stream_process_bus_msg: Check the runing function blackjoe 
06-02 19:50:30.390 E/mm-camera(  710): <MCT   ><ERROR> 2755: mct_stream_process_bus_msg: isp_sof_bus_msg is 0xe8801960
06-02 19:50:30.390 E/mm-camera(  710): <MCT   ><ERROR> 2757: mct_stream_process_bus_msg: frameid is 94 hal_version is 3
06-02 19:50:30.390 E/mm-camera(  710): <MCT   ><ERROR> 2759: mct_stream_process_bus_msg: kstate_ptr is 0xe5a85a84, isp_kstate_ptr is 0xe9788000
06-02 19:50:30.390 E/mm-camera(  710): <MCT   ><ERROR> 2765: mct_stream_process_bus_msg: frame_id is 94
06-02 19:50:30.391 E/QCamera (  710): <MCI><ERROR> mm_stream_data_notify: 337: E, my_handle = 0xc800, fd = 68, state = 6 blackjoe
06-02 19:50:30.391 E/QCamera (  710): <MCI><ERROR> mm_stream_read_msm_frame: 1723: E, my_handle = 0xc800, fd = 68, state = 6 blackjoe
06-02 19:50:30.391 I/QCamera (  710): <MCI><INFO> mm_stream_read_msm_frame: 1770: VIDIOC_DQBUF buf_index 3, frame_idx 93, stream type 7, rc 0,queued: 17, buf_type = 0 flags = 8192 FD = 68 my_num 0 buf fd 88
06-02 19:50:30.391 E/QCamera (  710): <MCI><ERROR> mm_stream_read_msm_frame: 1790: X rc = 0
06-02 19:50:30.392 I/QCamera (  710): <MCI><INFO> mm_stream_handle_rcvd_buf: 220: E, my_handle = 0xc800, fd = 68, state = 6
06-02 19:50:30.392 I/QCamera (  710): <MCI><INFO> mm_stream_handle_rcvd_buf: 244: has cb and it is active by blackjoe
06-02 19:50:30.395 E/mm-camera(  710): <STATS_AIS ><ERROR> 1316: dsps_process_response_gyro: Query request denied, error code = 5, QId_valid = 1, QueryId = 0x5e0a, AckNak_valid = 1, AckNak = 3
06-02 19:50:30.416 I/QCamera (  710): <MCI><INFO> mm_stream_dispatch_app_data: 415: E, my_handle = 0xc800, fd = 68, state = 6
06-02 19:50:30.416 I/QCamera (  710): <MCI><INFO> mm_stream_dispatch_app_data: 436: frame_sync.is_active = 0, is_cb_active = 1
06-02 19:50:30.371 E/        (    0): frame_src is 1 frame_id is 95 blackjoe
06-02 19:50:30.416 I/QCamera (  710): <MCI><INFO> mm_stream_dispatch_app_data: 457: Enter callback by blackjoe
06-02 19:50:30.417 E/QCamera (  710): <MCI><ERROR> mm_stream_data_notify: 337: E, my_handle = 0xc901, fd = 78, state = 6 blackjoe
06-02 19:50:30.417 E/QCamera (  710): <MCI><ERROR> mm_stream_read_msm_frame: 1723: E, my_handle = 0xc901, fd = 78, state = 6 blackjoe
06-02 19:50:30.418 I/QCamera (  710): <MCI><INFO> mm_stream_read_msm_frame: 1770: VIDIOC_DQBUF buf_index 11, frame_idx 93, stream type 8, rc 0,queued: 5, buf_type = 0 flags = 8192 FD = 78 my_num 0 buf fd 126
06-02 19:50:30.418 E/QCamera (  710): <MCI><ERROR> mm_stream_read_msm_frame: 1790: X rc = 0
06-02 19:50:30.418 I/QCamera (  710): <MCI><INFO> mm_stream_handle_rcvd_buf: 220: E, my_handle = 0xc901, fd = 78, state = 6
06-02 19:50:30.418 I/QCamera (  710): <MCI><INFO> mm_stream_handle_rcvd_buf: 244: has cb and it is active by blackjoe
06-02 19:50:30.421 I/QCamera (  710): <MCI><INFO> mm_stream_dispatch_app_data: 415: E, my_handle = 0xc901, fd = 78, state = 6
06-02 19:50:30.421 I/QCamera (  710): <MCI><INFO> mm_stream_dispatch_app_data: 436: frame_sync.is_active = 0, is_cb_active = 1
06-02 19:50:30.421 I/QCamera (  710): <MCI><INFO> mm_stream_dispatch_app_data: 457: Enter callback by blackjoe
06-02 19:50:30.422 E/QCamera (  710): <MCI><ERROR> mm_stream_data_notify: 337: E, my_handle = 0xc901, fd = 78, state = 6 blackjoe
06-02 19:50:30.422 E/QCamera (  710): <MCI><ERROR> mm_stream_read_msm_frame: 1723: E, my_handle = 0xc901, fd = 78, state = 6 blackjoe
06-02 19:50:30.422 E/mm-camera(  710): <SENSOR><ERROR> 4883: sensor_get_frame_duration: resolution is invalid, it seems stream has stopped.
06-02 19:50:30.422 E/mm-camera(  710): <SENSOR><ERROR> 884: sensor_fc_report_meta: Failed to get frame duration
06-02 19:50:30.422 I/QCamera (  710): <MCI><INFO> mm_stream_read_msm_frame: 1770: VIDIOC_DQBUF buf_index 7, frame_idx 94, stream type 8, rc 0,queued: 4, buf_type = 0 flags = 8192 FD = 78 my_num 0 buf fd 76
06-02 19:50:30.422 E/mm-camera(  710): <SENSOR><ERROR> 4805: sensor_get_exposure_time: resolution is invalid, it seems stream has stopped.
06-02 19:50:30.422 E/QCamera (  710): <MCI><ERROR> mm_stream_read_msm_frame: 1790: X rc = 0
06-02 19:50:30.423 E/mm-camera(  710): <SENSOR><ERROR> 904: sensor_fc_report_meta: Failed to get exposure time
06-02 19:50:30.423 I/QCamera (  710): <MCI><INFO> mm_stream_handle_rcvd_buf: 220: E, my_handle = 0xc901, fd = 78, state = 6
06-02 19:50:30.423 I/QCamera (  710): <MCI><INFO> mm_stream_handle_rcvd_buf: 244: has cb and it is active by blackjoe
06-02 19:50:30.423 E/mm-camera(  710): <MCT   ><ERROR> 2722: mct_stream_process_bus_msg: Check the runing function blackjoe 
06-02 19:50:30.423 E/mm-camera(  710): <MCT   ><ERROR> 2755: mct_stream_process_bus_msg: isp_sof_bus_msg is 0xe8801960
06-02 19:50:30.423 I/QCamera (  710): <MCI><INFO> mm_stream_dispatch_app_data: 415: E, my_handle = 0xc901, fd = 78, state = 6
06-02 19:50:30.424 E/mm-camera(  710): <MCT   ><ERROR> 2757: mct_stream_process_bus_msg: frameid is 95 hal_version is 3
06-02 19:50:30.424 E/mm-camera(  710): <MCT   ><ERROR> 2759: mct_stream_process_bus_msg: kstate_ptr is 0xe5a85a84, isp_kstate_ptr is 0xe9788000
06-02 19:50:30.424 I/QCamera (  710): <MCI><INFO> mm_stream_dispatch_app_data: 436: frame_sync.is_active = 0, is_cb_active = 1
06-02 19:50:30.424 E/mm-camera(  710): <MCT   ><ERROR> 2765: mct_stream_process_bus_msg: frame_id is 95
06-02 19:50:30.424 I/QCamera (  710): <MCI><INFO> mm_stream_dispatch_app_data: 457: Enter callback by blackjoe
06-02 19:50:30.424 E/QCamera (  710): <MCI><ERROR> mm_stream_data_notify: 337: E, my_handle = 0xc800, fd = 68, state = 6 blackjoe
06-02 19:50:30.425 E/QCamera (  710): <MCI><ERROR> mm_stream_read_msm_frame: 1723: E, my_handle = 0xc800, fd = 68, state = 6 blackjoe
06-02 19:50:30.425 I/QCamera (  710): <MCI><INFO> mm_stream_read_msm_frame: 1770: VIDIOC_DQBUF buf_index 4, frame_idx 94, stream type 7, rc 0,queued: 17, buf_type = 0 flags = 8192 FD = 68 my_num 0 buf fd 90
06-02 19:50:30.425 E/QCamera (  710): <MCI><ERROR> mm_stream_read_msm_frame: 1790: X rc = 0
06-02 19:50:30.425 I/QCamera (  710): <MCI><INFO> mm_stream_handle_rcvd_buf: 220: E, my_handle = 0xc800, fd = 68, state = 6
06-02 19:50:30.425 I/QCamera (  710): <MCI><INFO> mm_stream_handle_rcvd_buf: 244: has cb and it is active by blackjoe
06-02 19:50:30.426 I/QCamera (  710): <MCI><INFO> mm_stream_dispatch_app_data: 415: E, my_handle = 0xc800, fd = 68, state = 6
06-02 19:50:30.426 I/QCamera (  710): <MCI><INFO> mm_stream_dispatch_app_data: 436: frame_sync.is_active = 0, is_cb_active = 1
06-02 19:50:30.426 I/QCamera (  710): <MCI><INFO> mm_stream_dispatch_app_data: 457: Enter callback by blackjoe
06-02 19:50:30.428 E/mm-camera(  710): <STATS_AIS ><ERROR> 1316: dsps_process_response_gyro: Query request denied, error code = 5, QId_valid = 1, QueryId = 0x5f0a, AckNak_valid = 1, AckNak = 3
06-02 19:50:30.448 E/mm-camera(  710): <MCT   ><ERROR> 4828: mct_pipeline_process_serv_msg: pipeline blackjoe data->sessionid 3 pipeline->session 3 msgid 3
06-02 19:50:30.450 E/mm-camera(  710): <MCT   ><ERROR> 4299: mct_pipeline_process_set: command is 0x8000014 blackjoe CAM_PRIV_PARM 0x8000014
06-02 19:50:30.455 E/mm-camera(  710): <MCT   ><ERROR> 4828: mct_pipeline_process_serv_msg: pipeline blackjoe data->sessionid 3 pipeline->session 3 msgid 3
06-02 19:50:30.455 E/mm-camera(  710): <MCT   ><ERROR> 4299: mct_pipeline_process_set: command is 0x8000014 blackjoe CAM_PRIV_PARM 0x8000014
06-02 19:50:30.495 E/QCamera (  710): <MCI><ERROR> mm_stream_data_notify: 337: E, my_handle = 0xc901, fd = 78, state = 6 blackjoe
06-02 19:50:30.495 E/QCamera (  710): <MCI><ERROR> mm_stream_read_msm_frame: 1723: E, my_handle = 0xc901, fd = 78, state = 6 blackjoe
06-02 19:50:30.495 E/mm-camera(  710): <SENSOR><ERROR> 4883: sensor_get_frame_duration: resolution is invalid, it seems stream has stopped.
06-02 19:50:30.444 E/        (    0): frame_src is 1 frame_id is 96 blackjoe
06-02 19:50:30.495 E/mm-camera(  710): <SENSOR><ERROR> 884: sensor_fc_report_meta: Failed to get frame duration
06-02 19:50:30.495 E/mm-camera(  710): <SENSOR><ERROR> 4805: sensor_get_exposure_time: resolution is invalid, it seems stream has stopped.
06-02 19:50:30.495 I/QCamera (  710): <MCI><INFO> mm_stream_read_msm_frame: 1770: VIDIOC_DQBUF buf_index 8, frame_idx 95, stream type 8, rc 0,queued: 5, buf_type = 0 flags = 8192 FD = 78 my_num 0 buf fd 127
06-02 19:50:30.495 E/mm-camera(  710): <SENSOR><ERROR> 904: sensor_fc_report_meta: Failed to get exposure time
06-02 19:50:30.495 E/QCamera (  710): <MCI><ERROR> mm_stream_read_msm_frame: 1790: X rc = 0
06-02 19:50:30.496 I/QCamera (  710): <MCI><INFO> mm_stream_handle_rcvd_buf: 220: E, my_handle = 0xc901, fd = 78, state = 6
06-02 19:50:30.496 I/QCamera (  710): <MCI><INFO> mm_stream_handle_rcvd_buf: 244: has cb and it is active by blackjoe
06-02 19:50:30.496 E/mm-camera(  710): <MCT   ><ERROR> 2722: mct_stream_process_bus_msg: Check the runing function blackjoe 
06-02 19:50:30.496 E/mm-camera(  710): <MCT   ><ERROR> 2755: mct_stream_process_bus_msg: isp_sof_bus_msg is 0xe8801960
06-02 19:50:30.497 I/QCamera (  710): <MCI><INFO> mm_stream_dispatch_app_data: 415: E, my_handle = 0xc901, fd = 78, state = 6
06-02 19:50:30.497 E/mm-camera(  710): <MCT   ><ERROR> 2757: mct_stream_process_bus_msg: frameid is 96 hal_version is 3
06-02 19:50:30.497 I/QCamera (  710): <MCI><INFO> mm_stream_dispatch_app_data: 436: frame_sync.is_active = 0, is_cb_active = 1
06-02 19:50:30.497 E/mm-camera(  710): <MCT   ><ERROR> 2759: mct_stream_process_bus_msg: kstate_ptr is 0xe5a85a84, isp_kstate_ptr is 0xe9788000
06-02 19:50:30.497 I/QCamera (  710): <MCI><INFO> mm_stream_dispatch_app_data: 457: Enter callback by blackjoe
06-02 19:50:30.497 E/mm-camera(  710): <MCT   ><ERROR> 2765: mct_stream_process_bus_msg: frame_id is 96
06-02 19:50:30.497 E/QCamera (  710): <MCI><ERROR> mm_stream_data_notify: 337: E, my_handle = 0xc800, fd = 68, state = 6 blackjoe
06-02 19:50:30.497 E/QCamera (  710): <MCI><ERROR> mm_stream_read_msm_frame: 1723: E, my_handle = 0xc800, fd = 68, state = 6 blackjoe
06-02 19:50:30.498 I/QCamera (  710): <MCI><INFO> mm_stream_read_msm_frame: 1770: VIDIOC_DQBUF buf_index 5, frame_idx 95, stream type 7, rc 0,queued: 17, buf_type = 0 flags = 8192 FD = 68 my_num 0 buf fd 92
06-02 19:50:30.498 E/QCamera (  710): <MCI><ERROR> mm_stream_read_msm_frame: 1790: X rc = 0
06-02 19:50:30.498 I/QCamera (  710): <MCI><INFO> mm_stream_handle_rcvd_buf: 220: E, my_handle = 0xc800, fd = 68, state = 6
06-02 19:50:30.498 I/QCamera (  710): <MCI><INFO> mm_stream_handle_rcvd_buf: 244: has cb and it is active by blackjoe
06-02 19:50:30.499 I/QCamera (  710): <MCI><INFO> mm_stream_dispatch_app_data: 415: E, my_handle = 0xc800, fd = 68, state = 6
06-02 19:50:30.499 I/QCamera (  710): <MCI><INFO> mm_stream_dispatch_app_data: 436: frame_sync.is_active = 0, is_cb_active = 1
06-02 19:50:30.499 I/QCamera (  710): <MCI><INFO> mm_stream_dispatch_app_data: 457: Enter callback by blackjoe
06-02 19:50:30.501 E/mm-camera(  710): <STATS_AIS ><ERROR> 1316: dsps_process_response_gyro: Query request denied, error code = 5, QId_valid = 1, QueryId = 0x600a, AckNak_valid = 1, AckNak = 3
06-02 19:50:30.530 E/QCamera (  710): <MCI><ERROR> mm_stream_data_notify: 337: E, my_handle = 0xc901, fd = 78, state = 6 blackjoe
06-02 19:50:30.530 E/QCamera (  710): <MCI><ERROR> mm_stream_read_msm_frame: 1723: E, my_handle = 0xc901, fd = 78, state = 6 blackjoe
06-02 19:50:30.531 I/QCamera (  710): <MCI><INFO> mm_stream_read_msm_frame: 1770: VIDIOC_DQBUF buf_index 9, frame_idx 96, stream type 8, rc 0,queued: 4, buf_type = 0 flags = 8192 FD = 78 my_num 0 buf fd 130
06-02 19:50:30.531 E/QCamera (  710): <MCI><ERROR> mm_stream_read_msm_frame: 1790: X rc = 0
06-02 19:50:30.531 I/QCamera (  710): <MCI><INFO> mm_stream_handle_rcvd_buf: 220: E, my_handle = 0xc901, fd = 78, state = 6
06-02 19:50:30.531 I/QCamera (  710): <MCI><INFO> mm_stream_handle_rcvd_buf: 244: has cb and it is active by blackjoe
06-02 19:50:30.531 I/QCamera (  710): <MCI><INFO> mm_stream_dispatch_app_data: 415: E, my_handle = 0xc901, fd = 78, state = 6
06-02 19:50:30.531 I/QCamera (  710): <MCI><INFO> mm_stream_dispatch_app_data: 436: frame_sync.is_active = 0, is_cb_active = 1
06-02 19:50:30.532 I/QCamera (  710): <MCI><INFO> mm_stream_dispatch_app_data: 457: Enter callback by blackjoe
06-02 19:50:30.479 E/        (    0): frame_src is 1 frame_id is 97 blackjoe
06-02 19:50:30.537 E/mm-camera(  710): <SENSOR><ERROR> 4883: sensor_get_frame_duration: resolution is invalid, it seems stream has stopped.
06-02 19:50:30.537 E/mm-camera(  710): <SENSOR><ERROR> 884: sensor_fc_report_meta: Failed to get frame duration
06-02 19:50:30.537 E/mm-camera(  710): <SENSOR><ERROR> 4805: sensor_get_exposure_time: resolution is invalid, it seems stream has stopped.
06-02 19:50:30.537 E/mm-camera(  710): <SENSOR><ERROR> 904: sensor_fc_report_meta: Failed to get exposure time
06-02 19:50:30.538 E/mm-camera(  710): <MCT   ><ERROR> 2722: mct_stream_process_bus_msg: Check the runing function blackjoe 
06-02 19:50:30.538 E/mm-camera(  710): <MCT   ><ERROR> 2755: mct_stream_process_bus_msg: isp_sof_bus_msg is 0xe8801960
06-02 19:50:30.539 E/mm-camera(  710): <MCT   ><ERROR> 2757: mct_stream_process_bus_msg: frameid is 97 hal_version is 3
06-02 19:50:30.539 E/mm-camera(  710): <MCT   ><ERROR> 2759: mct_stream_process_bus_msg: kstate_ptr is 0xe5a85a84, isp_kstate_ptr is 0xe9788000
06-02 19:50:30.539 E/mm-camera(  710): <MCT   ><ERROR> 2765: mct_stream_process_bus_msg: frame_id is 97
06-02 19:50:30.540 E/QCamera (  710): <MCI><ERROR> mm_stream_data_notify: 337: E, my_handle = 0xc800, fd = 68, state = 6 blackjoe
06-02 19:50:30.540 E/QCamera (  710): <MCI><ERROR> mm_stream_read_msm_frame: 1723: E, my_handle = 0xc800, fd = 68, state = 6 blackjoe
06-02 19:50:30.540 E/mm-camera(  710): <MCT   ><ERROR> 4828: mct_pipeline_process_serv_msg: pipeline blackjoe data->sessionid 3 pipeline->session 3 msgid 3
06-02 19:50:30.540 E/mm-camera(  710): <MCT   ><ERROR> 4299: mct_pipeline_process_set: command is 0x8000014 blackjoe CAM_PRIV_PARM 0x8000014
06-02 19:50:30.540 I/QCamera (  710): <MCI><INFO> mm_stream_read_msm_frame: 1770: VIDIOC_DQBUF buf_index 6, frame_idx 96, stream type 7, rc 0,queued: 17, buf_type = 0 flags = 8192 FD = 68 my_num 0 buf fd 94
06-02 19:50:30.540 E/QCamera (  710): <MCI><ERROR> mm_stream_read_msm_frame: 1790: X rc = 0
06-02 19:50:30.541 I/QCamera (  710): <MCI><INFO> mm_stream_handle_rcvd_buf: 220: E, my_handle = 0xc800, fd = 68, state = 6
06-02 19:50:30.541 I/QCamera (  710): <MCI><INFO> mm_stream_handle_rcvd_buf: 244: has cb and it is active by blackjoe
06-02 19:50:30.541 I/QCamera (  710): <MCI><INFO> mm_stream_dispatch_app_data: 415: E, my_handle = 0xc800, fd = 68, state = 6
06-02 19:50:30.542 I/QCamera (  710): <MCI><INFO> mm_stream_dispatch_app_data: 436: frame_sync.is_active = 0, is_cb_active = 1
06-02 19:50:30.542 I/QCamera (  710): <MCI><INFO> mm_stream_dispatch_app_data: 457: Enter callback by blackjoe
06-02 19:50:30.543 E/mm-camera(  710): <STATS_AIS ><ERROR> 1316: dsps_process_response_gyro: Query request denied, error code = 5, QId_valid = 1, QueryId = 0x610a, AckNak_valid = 1, AckNak = 3
06-02 19:50:30.513 E/        (    0): frame_src is 1 frame_id is 98 blackjoe
06-02 19:50:30.563 E/QCamera (  710): <MCI><ERROR> mm_stream_data_notify: 337: E, my_handle = 0xc901, fd = 78, state = 6 blackjoe
06-02 19:50:30.563 E/QCamera (  710): <MCI><ERROR> mm_stream_read_msm_frame: 1723: E, my_handle = 0xc901, fd = 78, state = 6 blackjoe
06-02 19:50:30.564 I/QCamera (  710): <MCI><INFO> mm_stream_read_msm_frame: 1770: VIDIOC_DQBUF buf_index 10, frame_idx 97, stream type 8, rc 0,queued: 4, buf_type = 0 flags = 8192 FD = 78 my_num 0 buf fd 134
06-02 19:50:30.564 E/QCamera (  710): <MCI><ERROR> mm_stream_read_msm_frame: 1790: X rc = 0
06-02 19:50:30.564 I/QCamera (  710): <MCI><INFO> mm_stream_handle_rcvd_buf: 220: E, my_handle = 0xc901, fd = 78, state = 6
06-02 19:50:30.564 I/QCamera (  710): <MCI><INFO> mm_stream_handle_rcvd_buf: 244: has cb and it is active by blackjoe
06-02 19:50:30.565 I/QCamera (  710): <MCI><INFO> mm_stream_dispatch_app_data: 415: E, my_handle = 0xc901, fd = 78, state = 6
06-02 19:50:30.565 I/QCamera (  710): <MCI><INFO> mm_stream_dispatch_app_data: 436: frame_sync.is_active = 0, is_cb_active = 1
06-02 19:50:30.565 I/QCamera (  710): <MCI><INFO> mm_stream_dispatch_app_data: 457: Enter callback by blackjoe
06-02 19:50:30.567 E/mm-camera(  710): <SENSOR><ERROR> 4883: sensor_get_frame_duration: resolution is invalid, it seems stream has stopped.
06-02 19:50:30.567 E/mm-camera(  710): <SENSOR><ERROR> 884: sensor_fc_report_meta: Failed to get frame duration
06-02 19:50:30.567 E/mm-camera(  710): <SENSOR><ERROR> 4805: sensor_get_exposure_time: resolution is invalid, it seems stream has stopped.
06-02 19:50:30.567 E/mm-camera(  710): <SENSOR><ERROR> 904: sensor_fc_report_meta: Failed to get exposure time
06-02 19:50:30.568 E/mm-camera(  710): <MCT   ><ERROR> 2722: mct_stream_process_bus_msg: Check the runing function blackjoe 
06-02 19:50:30.568 E/mm-camera(  710): <MCT   ><ERROR> 2755: mct_stream_process_bus_msg: isp_sof_bus_msg is 0xe8801960
06-02 19:50:30.568 E/mm-camera(  710): <MCT   ><ERROR> 2757: mct_stream_process_bus_msg: frameid is 98 hal_version is 3
06-02 19:50:30.569 E/mm-camera(  710): <MCT   ><ERROR> 2759: mct_stream_process_bus_msg: kstate_ptr is 0xe5a85a84, isp_kstate_ptr is 0xe9788000
06-02 19:50:30.569 E/mm-camera(  710): <MCT   ><ERROR> 2765: mct_stream_process_bus_msg: frame_id is 98
06-02 19:50:30.569 E/QCamera (  710): <MCI><ERROR> mm_stream_data_notify: 337: E, my_handle = 0xc800, fd = 68, state = 6 blackjoe
06-02 19:50:30.569 E/QCamera (  710): <MCI><ERROR> mm_stream_read_msm_frame: 1723: E, my_handle = 0xc800, fd = 68, state = 6 blackjoe
06-02 19:50:30.570 E/mm-camera(  710): <MCT   ><ERROR> 4828: mct_pipeline_process_serv_msg: pipeline blackjoe data->sessionid 3 pipeline->session 3 msgid 3
06-02 19:50:30.570 I/QCamera (  710): <MCI><INFO> mm_stream_read_msm_frame: 1770: VIDIOC_DQBUF buf_index 7, frame_idx 97, stream type 7, rc 0,queued: 17, buf_type = 0 flags = 8192 FD = 68 my_num 0 buf fd 96
06-02 19:50:30.570 E/mm-camera(  710): <MCT   ><ERROR> 4299: mct_pipeline_process_set: command is 0x8000014 blackjoe CAM_PRIV_PARM 0x8000014
06-02 19:50:30.570 E/QCamera (  710): <MCI><ERROR> mm_stream_read_msm_frame: 1790: X rc = 0
06-02 19:50:30.571 I/QCamera (  710): <MCI><INFO> mm_stream_handle_rcvd_buf: 220: E, my_handle = 0xc800, fd = 68, state = 6
06-02 19:50:30.572 I/QCamera (  710): <MCI><INFO> mm_stream_handle_rcvd_buf: 244: has cb and it is active by blackjoe
06-02 19:50:30.572 I/QCamera (  710): <MCI><INFO> mm_stream_dispatch_app_data: 415: E, my_handle = 0xc800, fd = 68, state = 6
06-02 19:50:30.572 I/QCamera (  710): <MCI><INFO> mm_stream_dispatch_app_data: 436: frame_sync.is_active = 0, is_cb_active = 1
06-02 19:50:30.572 I/QCamera (  710): <MCI><INFO> mm_stream_dispatch_app_data: 457: Enter callback by blackjoe
06-02 19:50:30.574 E/mm-camera(  710): <STATS_AIS ><ERROR> 1316: dsps_process_response_gyro: Query request denied, error code = 5, QId_valid = 1, QueryId = 0x620a, AckNak_valid = 1, AckNak = 3
06-02 19:50:30.601 E/mm-camera(  710): <MCT   ><ERROR> 4828: mct_pipeline_process_serv_msg: pipeline blackjoe data->sessionid 3 pipeline->session 3 msgid 3
06-02 19:50:30.602 E/mm-camera(  710): <MCT   ><ERROR> 4299: mct_pipeline_process_set: command is 0x8000014 blackjoe CAM_PRIV_PARM 0x8000014
06-02 19:50:30.636 E/QCamera (  710): <MCI><ERROR> mm_stream_data_notify: 337: E, my_handle = 0xc901, fd = 78, state = 6 blackjoe
06-02 19:50:30.636 E/QCamera (  710): <MCI><ERROR> mm_stream_read_msm_frame: 1723: E, my_handle = 0xc901, fd = 78, state = 6 blackjoe
06-02 19:50:30.636 E/mm-camera(  710): <SENSOR><ERROR> 4883: sensor_get_frame_duration: resolution is invalid, it seems stream has stopped.
06-02 19:50:30.636 E/mm-camera(  710): <SENSOR><ERROR> 884: sensor_fc_report_meta: Failed to get frame duration
06-02 19:50:30.637 E/mm-camera(  710): <SENSOR><ERROR> 4805: sensor_get_exposure_time: resolution is invalid, it seems stream has stopped.
06-02 19:50:30.637 I/QCamera (  710): <MCI><INFO> mm_stream_read_msm_frame: 1770: VIDIOC_DQBUF buf_index 6, frame_idx 98, stream type 8, rc 0,queued: 5, buf_type = 0 flags = 8192 FD = 78 my_num 0 buf fd 137
06-02 19:50:30.637 E/mm-camera(  710): <SENSOR><ERROR> 904: sensor_fc_report_meta: Failed to get exposure time
06-02 19:50:30.637 E/QCamera (  710): <MCI><ERROR> mm_stream_read_msm_frame: 1790: X rc = 0
06-02 19:50:30.637 I/QCamera (  710): <MCI><INFO> mm_stream_handle_rcvd_buf: 220: E, my_handle = 0xc901, fd = 78, state = 6
06-02 19:50:30.637 I/QCamera (  710): <MCI><INFO> mm_stream_handle_rcvd_buf: 244: has cb and it is active by blackjoe
06-02 19:50:30.638 E/mm-camera(  710): <MCT   ><ERROR> 2722: mct_stream_process_bus_msg: Check the runing function blackjoe 
06-02 19:50:30.638 E/mm-camera(  710): <MCT   ><ERROR> 2755: mct_stream_process_bus_msg: isp_sof_bus_msg is 0xe8801960
06-02 19:50:30.638 E/mm-camera(  710): <MCT   ><ERROR> 2757: mct_stream_process_bus_msg: frameid is 99 hal_version is 3
06-02 19:50:30.586 E/        (    0): frame_src is 1 frame_id is 99 blackjoe
